[2023-11-18T17:17:48.202-0700][0.010s] CardTable entry size: 512
[2023-11-18T17:17:48.202-0700][0.010s] Using G1
[2023-11-18T17:17:48.317-0700][0.125s] Version: 19.0.2+7-44 (release)
[2023-11-18T17:17:48.317-0700][0.125s] CPUs: 8 total, 8 available
[2023-11-18T17:17:48.317-0700][0.125s] Memory: 8192M
[2023-11-18T17:17:48.317-0700][0.125s] Large Page Support: Disabled
[2023-11-18T17:17:48.317-0700][0.125s] NUMA Support: Disabled
[2023-11-18T17:17:48.317-0700][0.125s] Compressed Oops: Enabled (Zero based)
[2023-11-18T17:17:48.317-0700][0.125s] Heap Region Size: 1M
[2023-11-18T17:17:48.317-0700][0.125s] Heap Min Capacity: 512M
[2023-11-18T17:17:48.317-0700][0.125s] Heap Initial Capacity: 512M
[2023-11-18T17:17:48.317-0700][0.125s] Heap Max Capacity: 512M
[2023-11-18T17:17:48.317-0700][0.125s] Pre-touch: Enabled
[2023-11-18T17:17:48.317-0700][0.125s] Parallel Workers: 8
[2023-11-18T17:17:48.317-0700][0.125s] Concurrent Workers: 2
[2023-11-18T17:17:48.317-0700][0.125s] Concurrent Refinement Workers: 8
[2023-11-18T17:17:48.317-0700][0.125s] Periodic GC: Disabled
[2023-11-18T17:17:48.318-0700][0.126s] CDS archive(s) mapped at: [0x0000000800000000-0x0000000800c44000-0x0000000800c44000), size 12861440, SharedBaseAddress: 0x0000000800000000, ArchiveRelocationMode: 0.
[2023-11-18T17:17:48.318-0700][0.126s] Compressed class space mapped at: 0x0000000801000000-0x0000000841000000, reserved size: 1073741824
[2023-11-18T17:17:48.318-0700][0.126s] Narrow klass base: 0x0000000800000000, Narrow klass shift: 0, Narrow klass range: 0x100000000
[2023-11-18T17:17:49.083-0700][0.891s] GC(0) Pause Young (Normal) (G1 Evacuation Pause)
[2023-11-18T17:17:49.084-0700][0.892s] GC(0) Using 8 workers of 8 for evacuation
[2023-11-18T17:17:49.093-0700][0.901s] GC(0)   Pre Evacuate Collection Set: 0.1ms
[2023-11-18T17:17:49.093-0700][0.901s] GC(0)   Merge Heap Roots: 0.1ms
[2023-11-18T17:17:49.093-0700][0.901s] GC(0)   Evacuate Collection Set: 8.0ms
[2023-11-18T17:17:49.093-0700][0.901s] GC(0)   Post Evacuate Collection Set: 0.7ms
[2023-11-18T17:17:49.093-0700][0.901s] GC(0)   Other: 0.5ms
[2023-11-18T17:17:49.093-0700][0.901s] GC(0) Eden regions: 29->0(53)
[2023-11-18T17:17:49.093-0700][0.901s] GC(0) Survivor regions: 0->4(4)
[2023-11-18T17:17:49.093-0700][0.901s] GC(0) Old regions: 0->5
[2023-11-18T17:17:49.093-0700][0.901s] GC(0) Archive regions: 2->2
[2023-11-18T17:17:49.093-0700][0.901s] GC(0) Humongous regions: 4->4
[2023-11-18T17:17:49.093-0700][0.901s] GC(0) Metaspace: 9342K(9664K)->9342K(9664K) NonClass: 8286K(8448K)->8286K(8448K) Class: 1056K(1216K)->1056K(1216K)
[2023-11-18T17:17:49.093-0700][0.901s] GC(0) Pause Young (Normal) (G1 Evacuation Pause) 33M->13M(512M) 9.785ms
[2023-11-18T17:17:49.093-0700][0.901s] GC(0) User=0.03s Sys=0.01s Real=0.01s
[2023-11-18T17:17:49.942-0700][1.750s] GC(1) Pause Young (Normal) (G1 Evacuation Pause)
[2023-11-18T17:17:49.942-0700][1.750s] GC(1) Using 8 workers of 8 for evacuation
[2023-11-18T17:17:49.957-0700][1.765s] GC(1)   Pre Evacuate Collection Set: 0.1ms
[2023-11-18T17:17:49.957-0700][1.765s] GC(1)   Merge Heap Roots: 0.1ms
[2023-11-18T17:17:49.957-0700][1.765s] GC(1)   Evacuate Collection Set: 7.3ms
[2023-11-18T17:17:49.957-0700][1.765s] GC(1)   Post Evacuate Collection Set: 6.9ms
[2023-11-18T17:17:49.957-0700][1.765s] GC(1)   Other: 0.1ms
[2023-11-18T17:17:49.957-0700][1.765s] GC(1) Eden regions: 53->0(62)
[2023-11-18T17:17:49.957-0700][1.765s] GC(1) Survivor regions: 4->8(8)
[2023-11-18T17:17:49.957-0700][1.765s] GC(1) Old regions: 5->11
[2023-11-18T17:17:49.957-0700][1.765s] GC(1) Archive regions: 2->2
[2023-11-18T17:17:49.957-0700][1.765s] GC(1) Humongous regions: 4->4
[2023-11-18T17:17:49.957-0700][1.765s] GC(1) Metaspace: 18632K(19008K)->18632K(19008K) NonClass: 16537K(16704K)->16537K(16704K) Class: 2094K(2304K)->2094K(2304K)
[2023-11-18T17:17:49.957-0700][1.765s] GC(1) Pause Young (Normal) (G1 Evacuation Pause) 66M->23M(512M) 14.829ms
[2023-11-18T17:17:49.957-0700][1.765s] GC(1) User=0.03s Sys=0.00s Real=0.01s
[2023-11-18T17:17:50.377-0700][2.185s] GC(2) Pause Young (Concurrent Start) (Metadata GC Threshold)
[2023-11-18T17:17:50.378-0700][2.185s] GC(2) Using 8 workers of 8 for evacuation
[2023-11-18T17:17:50.384-0700][2.192s] GC(2)   Pre Evacuate Collection Set: 0.2ms
[2023-11-18T17:17:50.384-0700][2.192s] GC(2)   Merge Heap Roots: 0.2ms
[2023-11-18T17:17:50.384-0700][2.192s] GC(2)   Evacuate Collection Set: 5.0ms
[2023-11-18T17:17:50.384-0700][2.192s] GC(2)   Post Evacuate Collection Set: 1.1ms
[2023-11-18T17:17:50.384-0700][2.192s] GC(2)   Other: 0.1ms
[2023-11-18T17:17:50.384-0700][2.192s] GC(2) Eden regions: 31->0(88)
[2023-11-18T17:17:50.384-0700][2.192s] GC(2) Survivor regions: 8->1(9)
[2023-11-18T17:17:50.384-0700][2.192s] GC(2) Old regions: 11->20
[2023-11-18T17:17:50.384-0700][2.192s] GC(2) Archive regions: 2->2
[2023-11-18T17:17:50.384-0700][2.192s] GC(2) Humongous regions: 4->4
[2023-11-18T17:17:50.384-0700][2.192s] GC(2) Metaspace: 21238K(21504K)->21238K(21504K) NonClass: 18923K(19072K)->18923K(19072K) Class: 2315K(2432K)->2315K(2432K)
[2023-11-18T17:17:50.384-0700][2.192s] GC(2) Pause Young (Concurrent Start) (Metadata GC Threshold) 54M->25M(512M) 6.804ms
[2023-11-18T17:17:50.384-0700][2.192s] GC(2) User=0.02s Sys=0.01s Real=0.01s
[2023-11-18T17:17:50.384-0700][2.192s] GC(3) Concurrent Mark Cycle
[2023-11-18T17:17:50.384-0700][2.192s] GC(3) Concurrent Clear Claimed Marks
[2023-11-18T17:17:50.384-0700][2.192s] GC(3) Concurrent Clear Claimed Marks 0.017ms
[2023-11-18T17:17:50.384-0700][2.192s] GC(3) Concurrent Scan Root Regions
[2023-11-18T17:17:50.388-0700][2.196s] GC(3) Concurrent Scan Root Regions 3.355ms
[2023-11-18T17:17:50.388-0700][2.196s] GC(3) Concurrent Mark
[2023-11-18T17:17:50.388-0700][2.196s] GC(3) Concurrent Mark From Roots
[2023-11-18T17:17:50.388-0700][2.196s] GC(3) Using 2 workers of 2 for marking
[2023-11-18T17:17:50.401-0700][2.208s] GC(3) Concurrent Mark From Roots 12.759ms
[2023-11-18T17:17:50.401-0700][2.208s] GC(3) Concurrent Preclean
[2023-11-18T17:17:50.401-0700][2.208s] GC(3) Concurrent Preclean 0.018ms
[2023-11-18T17:17:50.401-0700][2.209s] GC(3) Pause Remark
[2023-11-18T17:17:50.403-0700][2.211s] GC(3) Pause Remark 26M->26M(512M) 2.273ms
[2023-11-18T17:17:50.403-0700][2.211s] GC(3) User=0.01s Sys=0.00s Real=0.00s
[2023-11-18T17:17:50.403-0700][2.211s] GC(3) Concurrent Mark 15.571ms
[2023-11-18T17:17:50.403-0700][2.211s] GC(3) Concurrent Rebuild Remembered Sets
[2023-11-18T17:17:50.412-0700][2.220s] GC(3) Concurrent Rebuild Remembered Sets 8.880ms
[2023-11-18T17:17:50.412-0700][2.220s] GC(3) Pause Cleanup
[2023-11-18T17:17:50.413-0700][2.220s] GC(3) Pause Cleanup 27M->27M(512M) 0.196ms
[2023-11-18T17:17:50.413-0700][2.220s] GC(3) User=0.00s Sys=0.00s Real=0.00s
[2023-11-18T17:17:50.413-0700][2.221s] GC(3) Concurrent Cleanup for Next Mark
[2023-11-18T17:17:50.414-0700][2.222s] GC(3) Concurrent Cleanup for Next Mark 0.744ms
[2023-11-18T17:17:50.414-0700][2.222s] GC(3) Concurrent Mark Cycle 29.447ms
[2023-11-18T17:17:51.185-0700][2.992s] GC(4) Pause Young (Prepare Mixed) (G1 Evacuation Pause)
[2023-11-18T17:17:51.185-0700][2.993s] GC(4) Using 8 workers of 8 for evacuation
[2023-11-18T17:17:51.189-0700][2.997s] GC(4)   Pre Evacuate Collection Set: 0.1ms
[2023-11-18T17:17:51.189-0700][2.997s] GC(4)   Merge Heap Roots: 0.1ms
[2023-11-18T17:17:51.189-0700][2.997s] GC(4)   Evacuate Collection Set: 3.3ms
[2023-11-18T17:17:51.189-0700][2.997s] GC(4)   Post Evacuate Collection Set: 0.5ms
[2023-11-18T17:17:51.189-0700][2.997s] GC(4)   Other: 0.1ms
[2023-11-18T17:17:51.189-0700][2.997s] GC(4) Eden regions: 94->0(19)
[2023-11-18T17:17:51.189-0700][2.997s] GC(4) Survivor regions: 1->6(12)
[2023-11-18T17:17:51.189-0700][2.997s] GC(4) Old regions: 20->20
[2023-11-18T17:17:51.189-0700][2.997s] GC(4) Archive regions: 2->2
[2023-11-18T17:17:51.189-0700][2.997s] GC(4) Humongous regions: 4->4
[2023-11-18T17:17:51.189-0700][2.997s] GC(4) Metaspace: 31960K(32384K)->31960K(32384K) NonClass: 28426K(28672K)->28426K(28672K) Class: 3533K(3712K)->3533K(3712K)
[2023-11-18T17:17:51.189-0700][2.997s] GC(4) Pause Young (Prepare Mixed) (G1 Evacuation Pause) 118M->29M(512M) 4.240ms
[2023-11-18T17:17:51.189-0700][2.997s] GC(4) User=0.02s Sys=0.01s Real=0.00s
[2023-11-18T17:17:51.208-0700][3.016s] GC(5) Pause Young (Mixed) (G1 Evacuation Pause)
[2023-11-18T17:17:51.208-0700][3.016s] GC(5) Using 8 workers of 8 for evacuation
[2023-11-18T17:17:51.212-0700][3.019s] GC(5)   Pre Evacuate Collection Set: 0.1ms
[2023-11-18T17:17:51.212-0700][3.019s] GC(5)   Merge Heap Roots: 0.1ms
[2023-11-18T17:17:51.212-0700][3.019s] GC(5)   Evacuate Collection Set: 3.0ms
[2023-11-18T17:17:51.212-0700][3.019s] GC(5)   Post Evacuate Collection Set: 0.3ms
[2023-11-18T17:17:51.212-0700][3.019s] GC(5)   Other: 0.1ms
[2023-11-18T17:17:51.212-0700][3.020s] GC(5) Eden regions: 19->0(306)
[2023-11-18T17:17:51.212-0700][3.020s] GC(5) Survivor regions: 6->1(4)
[2023-11-18T17:17:51.212-0700][3.020s] GC(5) Old regions: 20->24
[2023-11-18T17:17:51.212-0700][3.020s] GC(5) Archive regions: 2->2
[2023-11-18T17:17:51.212-0700][3.020s] GC(5) Humongous regions: 4->4
[2023-11-18T17:17:51.212-0700][3.020s] GC(5) Metaspace: 32029K(32448K)->32029K(32448K) NonClass: 28493K(28736K)->28493K(28736K) Class: 3535K(3712K)->3535K(3712K)
[2023-11-18T17:17:51.212-0700][3.020s] GC(5) Pause Young (Mixed) (G1 Evacuation Pause) 48M->29M(512M) 3.939ms
[2023-11-18T17:17:51.212-0700][3.020s] GC(5) User=0.01s Sys=0.00s Real=0.01s
[2023-11-18T17:17:51.564-0700][3.371s] GC(6) Pause Young (Normal) (G1 Evacuation Pause)
[2023-11-18T17:17:51.564-0700][3.371s] GC(6) Using 8 workers of 8 for evacuation
[2023-11-18T17:17:51.566-0700][3.374s] GC(6)   Pre Evacuate Collection Set: 0.2ms
[2023-11-18T17:17:51.566-0700][3.374s] GC(6)   Merge Heap Roots: 0.1ms
[2023-11-18T17:17:51.566-0700][3.374s] GC(6)   Evacuate Collection Set: 1.9ms
[2023-11-18T17:17:51.566-0700][3.374s] GC(6)   Post Evacuate Collection Set: 0.5ms
[2023-11-18T17:17:51.566-0700][3.374s] GC(6)   Other: 0.1ms
[2023-11-18T17:17:51.566-0700][3.374s] GC(6) Eden regions: 306->0(302)
[2023-11-18T17:17:51.566-0700][3.374s] GC(6) Survivor regions: 1->5(39)
[2023-11-18T17:17:51.566-0700][3.374s] GC(6) Old regions: 24->24
[2023-11-18T17:17:51.566-0700][3.374s] GC(6) Archive regions: 2->2
[2023-11-18T17:17:51.566-0700][3.374s] GC(6) Humongous regions: 5->4
[2023-11-18T17:17:51.566-0700][3.374s] GC(6) Metaspace: 34748K(35136K)->34748K(35136K) NonClass: 30854K(31040K)->30854K(31040K) Class: 3893K(4096K)->3893K(4096K)
[2023-11-18T17:17:51.566-0700][3.374s] GC(6) Pause Young (Normal) (G1 Evacuation Pause) 336M->32M(512M) 2.911ms
[2023-11-18T17:17:51.566-0700][3.374s] GC(6) User=0.01s Sys=0.00s Real=0.00s
[2023-11-18T17:17:51.691-0700][3.499s] GC(7) Pause Young (Concurrent Start) (Metadata GC Threshold)
[2023-11-18T17:17:51.691-0700][3.499s] GC(7) Using 8 workers of 8 for evacuation
[2023-11-18T17:17:51.694-0700][3.502s] GC(7)   Pre Evacuate Collection Set: 0.2ms
[2023-11-18T17:17:51.694-0700][3.502s] GC(7)   Merge Heap Roots: 0.1ms
[2023-11-18T17:17:51.694-0700][3.502s] GC(7)   Evacuate Collection Set: 2.0ms
[2023-11-18T17:17:51.694-0700][3.502s] GC(7)   Post Evacuate Collection Set: 0.6ms
[2023-11-18T17:17:51.694-0700][3.502s] GC(7)   Other: 0.1ms
[2023-11-18T17:17:51.694-0700][3.502s] GC(7) Eden regions: 131->0(302)
[2023-11-18T17:17:51.694-0700][3.502s] GC(7) Survivor regions: 5->5(39)
[2023-11-18T17:17:51.694-0700][3.502s] GC(7) Old regions: 24->24
[2023-11-18T17:17:51.694-0700][3.502s] GC(7) Archive regions: 2->2
[2023-11-18T17:17:51.694-0700][3.502s] GC(7) Humongous regions: 4->4
[2023-11-18T17:17:51.694-0700][3.502s] GC(7) Metaspace: 36071K(36480K)->36071K(36480K) NonClass: 32018K(32192K)->32018K(32192K) Class: 4052K(4288K)->4052K(4288K)
[2023-11-18T17:17:51.694-0700][3.502s] GC(7) Pause Young (Concurrent Start) (Metadata GC Threshold) 163M->33M(512M) 3.304ms
[2023-11-18T17:17:51.694-0700][3.502s] GC(8) Concurrent Mark Cycle
[2023-11-18T17:17:51.694-0700][3.502s] GC(7) User=0.01s Sys=0.00s Real=0.00s
[2023-11-18T17:17:51.694-0700][3.502s] GC(8) Concurrent Clear Claimed Marks
[2023-11-18T17:17:51.694-0700][3.502s] GC(8) Concurrent Clear Claimed Marks 0.050ms
[2023-11-18T17:17:51.694-0700][3.502s] GC(8) Concurrent Scan Root Regions
[2023-11-18T17:17:51.695-0700][3.503s] GC(8) Concurrent Scan Root Regions 1.346ms
[2023-11-18T17:17:51.696-0700][3.503s] GC(8) Concurrent Mark
[2023-11-18T17:17:51.696-0700][3.503s] GC(8) Concurrent Mark From Roots
[2023-11-18T17:17:51.696-0700][3.503s] GC(8) Using 2 workers of 2 for marking
[2023-11-18T17:17:51.710-0700][3.518s] GC(8) Concurrent Mark From Roots 14.255ms
[2023-11-18T17:17:51.710-0700][3.518s] GC(8) Concurrent Preclean
[2023-11-18T17:17:51.710-0700][3.518s] GC(8) Concurrent Preclean 0.078ms
[2023-11-18T17:17:51.710-0700][3.518s] GC(8) Pause Remark
[2023-11-18T17:17:51.712-0700][3.520s] GC(8) Pause Remark 38M->38M(512M) 2.059ms
[2023-11-18T17:17:51.712-0700][3.520s] GC(8) User=0.00s Sys=0.00s Real=0.00s
[2023-11-18T17:17:51.713-0700][3.521s] GC(8) Concurrent Mark 17.313ms
[2023-11-18T17:17:51.713-0700][3.521s] GC(8) Concurrent Rebuild Remembered Sets
[2023-11-18T17:17:51.726-0700][3.534s] GC(8) Concurrent Rebuild Remembered Sets 13.184ms
[2023-11-18T17:17:51.726-0700][3.534s] GC(8) Pause Cleanup
[2023-11-18T17:17:51.726-0700][3.534s] GC(8) Pause Cleanup 43M->43M(512M) 0.073ms
[2023-11-18T17:17:51.726-0700][3.534s] GC(8) User=0.00s Sys=0.00s Real=0.00s
[2023-11-18T17:17:51.728-0700][3.536s] GC(8) Concurrent Cleanup for Next Mark
[2023-11-18T17:17:51.730-0700][3.538s] GC(8) Concurrent Cleanup for Next Mark 1.620ms
[2023-11-18T17:17:51.730-0700][3.538s] GC(8) Concurrent Mark Cycle 35.876ms
[2023-11-18T17:17:52.594-0700][4.402s] GC(9) Pause Young (Prepare Mixed) (G1 Evacuation Pause)
[2023-11-18T17:17:52.594-0700][4.402s] GC(9) Using 8 workers of 8 for evacuation
[2023-11-18T17:17:52.603-0700][4.411s] GC(9)   Pre Evacuate Collection Set: 0.1ms
[2023-11-18T17:17:52.603-0700][4.411s] GC(9)   Merge Heap Roots: 0.1ms
[2023-11-18T17:17:52.603-0700][4.411s] GC(9)   Evacuate Collection Set: 8.3ms
[2023-11-18T17:17:52.603-0700][4.411s] GC(9)   Post Evacuate Collection Set: 0.8ms
[2023-11-18T17:17:52.603-0700][4.411s] GC(9)   Other: 0.1ms
[2023-11-18T17:17:52.603-0700][4.411s] GC(9) Eden regions: 302->0(1)
[2023-11-18T17:17:52.604-0700][4.411s] GC(9) Survivor regions: 5->24(39)
[2023-11-18T17:17:52.604-0700][4.411s] GC(9) Old regions: 24->24
[2023-11-18T17:17:52.604-0700][4.411s] GC(9) Archive regions: 2->2
[2023-11-18T17:17:52.604-0700][4.411s] GC(9) Humongous regions: 4->4
[2023-11-18T17:17:52.604-0700][4.411s] GC(9) Metaspace: 44972K(45440K)->44972K(45440K) NonClass: 39842K(40128K)->39842K(40128K) Class: 5129K(5312K)->5129K(5312K)
[2023-11-18T17:17:52.604-0700][4.411s] GC(9) Pause Young (Prepare Mixed) (G1 Evacuation Pause) 335M->52M(512M) 9.546ms
[2023-11-18T17:17:52.604-0700][4.411s] GC(9) User=0.04s Sys=0.00s Real=0.01s
[2023-11-18T17:17:52.607-0700][4.414s] GC(10) Pause Young (Mixed) (G1 Evacuation Pause)
[2023-11-18T17:17:52.607-0700][4.414s] GC(10) Using 8 workers of 8 for evacuation
[2023-11-18T17:17:52.629-0700][4.437s] GC(10)   Pre Evacuate Collection Set: 0.1ms
[2023-11-18T17:17:52.629-0700][4.437s] GC(10)   Merge Heap Roots: 0.1ms
[2023-11-18T17:17:52.629-0700][4.437s] GC(10)   Evacuate Collection Set: 22.3ms
[2023-11-18T17:17:52.629-0700][4.437s] GC(10)   Post Evacuate Collection Set: 0.4ms
[2023-11-18T17:17:52.629-0700][4.437s] GC(10)   Other: 0.0ms
[2023-11-18T17:17:52.630-0700][4.437s] GC(10) Eden regions: 1->0(306)
[2023-11-18T17:17:52.630-0700][4.437s] GC(10) Survivor regions: 24->1(4)
[2023-11-18T17:17:52.630-0700][4.437s] GC(10) Old regions: 24->47
[2023-11-18T17:17:52.630-0700][4.437s] GC(10) Archive regions: 2->2
[2023-11-18T17:17:52.630-0700][4.437s] GC(10) Humongous regions: 4->4
[2023-11-18T17:17:52.630-0700][4.437s] GC(10) Metaspace: 44972K(45440K)->44972K(45440K) NonClass: 39843K(40128K)->39843K(40128K) Class: 5129K(5312K)->5129K(5312K)
[2023-11-18T17:17:52.630-0700][4.437s] GC(10) Pause Young (Mixed) (G1 Evacuation Pause) 53M->52M(512M) 22.987ms
[2023-11-18T17:17:52.630-0700][4.437s] GC(10) User=0.03s Sys=0.05s Real=0.03s
