[2023-11-18T17:31:54.109-0700][0.009s] CardTable entry size: 512
[2023-11-18T17:31:54.109-0700][0.009s] Using G1
[2023-11-18T17:31:54.203-0700][0.103s] Version: 19.0.2+7-44 (release)
[2023-11-18T17:31:54.203-0700][0.103s] CPUs: 8 total, 8 available
[2023-11-18T17:31:54.203-0700][0.103s] Memory: 8192M
[2023-11-18T17:31:54.203-0700][0.103s] Large Page Support: Disabled
[2023-11-18T17:31:54.203-0700][0.103s] NUMA Support: Disabled
[2023-11-18T17:31:54.203-0700][0.103s] Compressed Oops: Enabled (Zero based)
[2023-11-18T17:31:54.203-0700][0.103s] Heap Region Size: 1M
[2023-11-18T17:31:54.203-0700][0.103s] Heap Min Capacity: 512M
[2023-11-18T17:31:54.203-0700][0.103s] Heap Initial Capacity: 512M
[2023-11-18T17:31:54.203-0700][0.103s] Heap Max Capacity: 512M
[2023-11-18T17:31:54.203-0700][0.103s] Pre-touch: Enabled
[2023-11-18T17:31:54.203-0700][0.103s] Parallel Workers: 8
[2023-11-18T17:31:54.203-0700][0.103s] Concurrent Workers: 2
[2023-11-18T17:31:54.203-0700][0.103s] Concurrent Refinement Workers: 8
[2023-11-18T17:31:54.203-0700][0.103s] Periodic GC: Disabled
[2023-11-18T17:31:54.203-0700][0.103s] CDS archive(s) mapped at: [0x0000000800000000-0x0000000800c44000-0x0000000800c44000), size 12861440, SharedBaseAddress: 0x0000000800000000, ArchiveRelocationMode: 0.
[2023-11-18T17:31:54.203-0700][0.103s] Compressed class space mapped at: 0x0000000801000000-0x0000000841000000, reserved size: 1073741824
[2023-11-18T17:31:54.203-0700][0.103s] Narrow klass base: 0x0000000800000000, Narrow klass shift: 0, Narrow klass range: 0x100000000
[2023-11-18T17:31:55.103-0700][1.003s] GC(0) Pause Young (Normal) (G1 Evacuation Pause)
[2023-11-18T17:31:55.103-0700][1.003s] GC(0) Using 8 workers of 8 for evacuation
[2023-11-18T17:31:55.111-0700][1.011s] GC(0)   Pre Evacuate Collection Set: 0.1ms
[2023-11-18T17:31:55.111-0700][1.011s] GC(0)   Merge Heap Roots: 0.1ms
[2023-11-18T17:31:55.111-0700][1.011s] GC(0)   Evacuate Collection Set: 7.4ms
[2023-11-18T17:31:55.111-0700][1.011s] GC(0)   Post Evacuate Collection Set: 0.5ms
[2023-11-18T17:31:55.111-0700][1.011s] GC(0)   Other: 0.5ms
[2023-11-18T17:31:55.111-0700][1.011s] GC(0) Eden regions: 29->0(53)
[2023-11-18T17:31:55.112-0700][1.011s] GC(0) Survivor regions: 0->4(4)
[2023-11-18T17:31:55.112-0700][1.011s] GC(0) Old regions: 0->5
[2023-11-18T17:31:55.112-0700][1.011s] GC(0) Archive regions: 2->2
[2023-11-18T17:31:55.112-0700][1.011s] GC(0) Humongous regions: 4->4
[2023-11-18T17:31:55.112-0700][1.011s] GC(0) Metaspace: 9383K(9664K)->9383K(9664K) NonClass: 8326K(8448K)->8326K(8448K) Class: 1056K(1216K)->1056K(1216K)
[2023-11-18T17:31:55.112-0700][1.011s] GC(0) Pause Young (Normal) (G1 Evacuation Pause) 33M->13M(512M) 8.809ms
[2023-11-18T17:31:55.112-0700][1.011s] GC(0) User=0.03s Sys=0.00s Real=0.01s
[2023-11-18T17:31:55.957-0700][1.857s] GC(1) Pause Young (Normal) (G1 Evacuation Pause)
[2023-11-18T17:31:55.957-0700][1.857s] GC(1) Using 8 workers of 8 for evacuation
[2023-11-18T17:31:55.965-0700][1.865s] GC(1)   Pre Evacuate Collection Set: 0.1ms
[2023-11-18T17:31:55.965-0700][1.865s] GC(1)   Merge Heap Roots: 0.7ms
[2023-11-18T17:31:55.965-0700][1.865s] GC(1)   Evacuate Collection Set: 6.2ms
[2023-11-18T17:31:55.965-0700][1.865s] GC(1)   Post Evacuate Collection Set: 0.8ms
[2023-11-18T17:31:55.965-0700][1.865s] GC(1)   Other: 0.1ms
[2023-11-18T17:31:55.965-0700][1.865s] GC(1) Eden regions: 53->0(62)
[2023-11-18T17:31:55.965-0700][1.865s] GC(1) Survivor regions: 4->8(8)
[2023-11-18T17:31:55.965-0700][1.865s] GC(1) Old regions: 5->11
[2023-11-18T17:31:55.965-0700][1.865s] GC(1) Archive regions: 2->2
[2023-11-18T17:31:55.965-0700][1.865s] GC(1) Humongous regions: 4->4
[2023-11-18T17:31:55.965-0700][1.865s] GC(1) Metaspace: 18630K(19072K)->18630K(19072K) NonClass: 16540K(16768K)->16540K(16768K) Class: 2090K(2304K)->2090K(2304K)
[2023-11-18T17:31:55.965-0700][1.865s] GC(1) Pause Young (Normal) (G1 Evacuation Pause) 66M->23M(512M) 8.267ms
[2023-11-18T17:31:55.965-0700][1.865s] GC(1) User=0.03s Sys=0.00s Real=0.01s
[2023-11-18T17:31:56.311-0700][2.211s] GC(2) Pause Young (Concurrent Start) (Metadata GC Threshold)
[2023-11-18T17:31:56.311-0700][2.211s] GC(2) Using 8 workers of 8 for evacuation
[2023-11-18T17:31:56.316-0700][2.216s] GC(2)   Pre Evacuate Collection Set: 0.1ms
[2023-11-18T17:31:56.316-0700][2.216s] GC(2)   Merge Heap Roots: 0.1ms
[2023-11-18T17:31:56.316-0700][2.216s] GC(2)   Evacuate Collection Set: 3.8ms
[2023-11-18T17:31:56.316-0700][2.216s] GC(2)   Post Evacuate Collection Set: 0.7ms
[2023-11-18T17:31:56.316-0700][2.216s] GC(2)   Other: 0.1ms
[2023-11-18T17:31:56.316-0700][2.216s] GC(2) Eden regions: 26->0(79)
[2023-11-18T17:31:56.316-0700][2.216s] GC(2) Survivor regions: 8->1(9)
[2023-11-18T17:31:56.316-0700][2.216s] GC(2) Old regions: 11->20
[2023-11-18T17:31:56.316-0700][2.216s] GC(2) Archive regions: 2->2
[2023-11-18T17:31:56.316-0700][2.216s] GC(2) Humongous regions: 4->4
[2023-11-18T17:31:56.316-0700][2.216s] GC(2) Metaspace: 21203K(21504K)->21203K(21504K) NonClass: 18893K(19072K)->18893K(19072K) Class: 2310K(2432K)->2310K(2432K)
[2023-11-18T17:31:56.316-0700][2.216s] GC(2) Pause Young (Concurrent Start) (Metadata GC Threshold) 49M->25M(512M) 5.116ms
[2023-11-18T17:31:56.316-0700][2.216s] GC(3) Concurrent Mark Cycle
[2023-11-18T17:31:56.316-0700][2.216s] GC(2) User=0.02s Sys=0.01s Real=0.00s
[2023-11-18T17:31:56.316-0700][2.216s] GC(3) Concurrent Clear Claimed Marks
[2023-11-18T17:31:56.316-0700][2.216s] GC(3) Concurrent Clear Claimed Marks 0.083ms
[2023-11-18T17:31:56.316-0700][2.216s] GC(3) Concurrent Scan Root Regions
[2023-11-18T17:31:56.318-0700][2.218s] GC(3) Concurrent Scan Root Regions 1.848ms
[2023-11-18T17:31:56.318-0700][2.218s] GC(3) Concurrent Mark
[2023-11-18T17:31:56.318-0700][2.218s] GC(3) Concurrent Mark From Roots
[2023-11-18T17:31:56.318-0700][2.218s] GC(3) Using 2 workers of 2 for marking
[2023-11-18T17:31:56.333-0700][2.233s] GC(3) Concurrent Mark From Roots 14.846ms
[2023-11-18T17:31:56.333-0700][2.233s] GC(3) Concurrent Preclean
[2023-11-18T17:31:56.333-0700][2.233s] GC(3) Concurrent Preclean 0.146ms
[2023-11-18T17:31:56.334-0700][2.234s] GC(3) Pause Remark
[2023-11-18T17:31:56.336-0700][2.236s] GC(3) Pause Remark 27M->27M(512M) 2.079ms
[2023-11-18T17:31:56.336-0700][2.236s] GC(3) User=0.01s Sys=0.00s Real=0.00s
[2023-11-18T17:31:56.336-0700][2.236s] GC(3) Concurrent Mark 17.698ms
[2023-11-18T17:31:56.336-0700][2.236s] GC(3) Concurrent Rebuild Remembered Sets
[2023-11-18T17:31:56.345-0700][2.244s] GC(3) Concurrent Rebuild Remembered Sets 8.457ms
[2023-11-18T17:31:56.345-0700][2.244s] GC(3) Pause Cleanup
[2023-11-18T17:31:56.345-0700][2.245s] GC(3) Pause Cleanup 28M->28M(512M) 0.115ms
[2023-11-18T17:31:56.345-0700][2.245s] GC(3) User=0.00s Sys=0.00s Real=0.00s
[2023-11-18T17:31:56.345-0700][2.245s] GC(3) Concurrent Cleanup for Next Mark
[2023-11-18T17:31:56.346-0700][2.245s] GC(3) Concurrent Cleanup for Next Mark 0.721ms
[2023-11-18T17:31:56.346-0700][2.245s] GC(3) Concurrent Mark Cycle 29.317ms
[2023-11-18T17:31:57.252-0700][3.151s] GC(4) Pause Young (Prepare Mixed) (G1 Evacuation Pause)
[2023-11-18T17:31:57.252-0700][3.151s] GC(4) Using 8 workers of 8 for evacuation
[2023-11-18T17:31:57.256-0700][3.156s] GC(4)   Pre Evacuate Collection Set: 0.1ms
[2023-11-18T17:31:57.256-0700][3.156s] GC(4)   Merge Heap Roots: 0.1ms
[2023-11-18T17:31:57.256-0700][3.156s] GC(4)   Evacuate Collection Set: 3.7ms
[2023-11-18T17:31:57.256-0700][3.156s] GC(4)   Post Evacuate Collection Set: 0.6ms
[2023-11-18T17:31:57.256-0700][3.156s] GC(4)   Other: 0.1ms
[2023-11-18T17:31:57.256-0700][3.156s] GC(4) Eden regions: 83->0(19)
[2023-11-18T17:31:57.256-0700][3.156s] GC(4) Survivor regions: 1->6(11)
[2023-11-18T17:31:57.256-0700][3.156s] GC(4) Old regions: 20->20
[2023-11-18T17:31:57.256-0700][3.156s] GC(4) Archive regions: 2->2
[2023-11-18T17:31:57.256-0700][3.156s] GC(4) Humongous regions: 4->4
[2023-11-18T17:31:57.256-0700][3.156s] GC(4) Metaspace: 31620K(31936K)->31620K(31936K) NonClass: 28116K(28288K)->28116K(28288K) Class: 3503K(3648K)->3503K(3648K)
[2023-11-18T17:31:57.256-0700][3.156s] GC(4) Pause Young (Prepare Mixed) (G1 Evacuation Pause) 108M->30M(512M) 4.841ms
[2023-11-18T17:31:57.257-0700][3.156s] GC(4) User=0.02s Sys=0.00s Real=0.00s
[2023-11-18T17:31:57.285-0700][3.185s] GC(5) Pause Young (Mixed) (G1 Evacuation Pause)
[2023-11-18T17:31:57.285-0700][3.185s] GC(5) Using 8 workers of 8 for evacuation
[2023-11-18T17:31:57.290-0700][3.190s] GC(5)   Pre Evacuate Collection Set: 0.1ms
[2023-11-18T17:31:57.290-0700][3.190s] GC(5)   Merge Heap Roots: 0.1ms
[2023-11-18T17:31:57.290-0700][3.190s] GC(5)   Evacuate Collection Set: 4.6ms
[2023-11-18T17:31:57.290-0700][3.190s] GC(5)   Post Evacuate Collection Set: 0.5ms
[2023-11-18T17:31:57.290-0700][3.190s] GC(5)   Other: 0.1ms
[2023-11-18T17:31:57.291-0700][3.190s] GC(5) Eden regions: 19->0(306)
[2023-11-18T17:31:57.291-0700][3.190s] GC(5) Survivor regions: 6->1(4)
[2023-11-18T17:31:57.291-0700][3.190s] GC(5) Old regions: 20->25
[2023-11-18T17:31:57.291-0700][3.190s] GC(5) Archive regions: 2->2
[2023-11-18T17:31:57.291-0700][3.190s] GC(5) Humongous regions: 4->4
[2023-11-18T17:31:57.291-0700][3.190s] GC(5) Metaspace: 31978K(32320K)->31978K(32320K) NonClass: 28443K(28608K)->28443K(28608K) Class: 3534K(3712K)->3534K(3712K)
[2023-11-18T17:31:57.291-0700][3.190s] GC(5) Pause Young (Mixed) (G1 Evacuation Pause) 49M->30M(512M) 5.643ms
[2023-11-18T17:31:57.291-0700][3.190s] GC(5) User=0.02s Sys=0.00s Real=0.01s
[2023-11-18T17:31:57.584-0700][3.484s] GC(6) Pause Young (Normal) (G1 Evacuation Pause)
[2023-11-18T17:31:57.584-0700][3.484s] GC(6) Using 8 workers of 8 for evacuation
[2023-11-18T17:31:57.588-0700][3.488s] GC(6)   Pre Evacuate Collection Set: 0.2ms
[2023-11-18T17:31:57.588-0700][3.488s] GC(6)   Merge Heap Roots: 0.1ms
[2023-11-18T17:31:57.588-0700][3.488s] GC(6)   Evacuate Collection Set: 3.4ms
[2023-11-18T17:31:57.588-0700][3.488s] GC(6)   Post Evacuate Collection Set: 0.5ms
[2023-11-18T17:31:57.588-0700][3.488s] GC(6)   Other: 0.1ms
[2023-11-18T17:31:57.588-0700][3.488s] GC(6) Eden regions: 306->0(302)
[2023-11-18T17:31:57.588-0700][3.488s] GC(6) Survivor regions: 1->5(39)
[2023-11-18T17:31:57.588-0700][3.488s] GC(6) Old regions: 25->25
[2023-11-18T17:31:57.588-0700][3.488s] GC(6) Archive regions: 2->2
[2023-11-18T17:31:57.588-0700][3.488s] GC(6) Humongous regions: 5->4
[2023-11-18T17:31:57.588-0700][3.488s] GC(6) Metaspace: 34686K(35072K)->34686K(35072K) NonClass: 30791K(30976K)->30791K(30976K) Class: 3894K(4096K)->3894K(4096K)
[2023-11-18T17:31:57.588-0700][3.488s] GC(6) Pause Young (Normal) (G1 Evacuation Pause) 337M->33M(512M) 4.508ms
[2023-11-18T17:31:57.588-0700][3.488s] GC(6) User=0.01s Sys=0.00s Real=0.00s
[2023-11-18T17:31:57.750-0700][3.650s] GC(7) Pause Young (Concurrent Start) (Metadata GC Threshold)
[2023-11-18T17:31:57.750-0700][3.650s] GC(7) Using 8 workers of 8 for evacuation
[2023-11-18T17:31:57.753-0700][3.653s] GC(7)   Pre Evacuate Collection Set: 0.2ms
[2023-11-18T17:31:57.753-0700][3.653s] GC(7)   Merge Heap Roots: 0.1ms
[2023-11-18T17:31:57.753-0700][3.653s] GC(7)   Evacuate Collection Set: 2.3ms
[2023-11-18T17:31:57.753-0700][3.653s] GC(7)   Post Evacuate Collection Set: 0.5ms
[2023-11-18T17:31:57.753-0700][3.653s] GC(7)   Other: 0.1ms
[2023-11-18T17:31:57.753-0700][3.653s] GC(7) Eden regions: 153->0(301)
[2023-11-18T17:31:57.753-0700][3.653s] GC(7) Survivor regions: 5->6(39)
[2023-11-18T17:31:57.753-0700][3.653s] GC(7) Old regions: 25->25
[2023-11-18T17:31:57.753-0700][3.653s] GC(7) Archive regions: 2->2
[2023-11-18T17:31:57.753-0700][3.653s] GC(7) Humongous regions: 4->4
[2023-11-18T17:31:57.753-0700][3.653s] GC(7) Metaspace: 36284K(36608K)->36284K(36608K) NonClass: 32221K(32384K)->32221K(32384K) Class: 4063K(4224K)->4063K(4224K)
[2023-11-18T17:31:57.753-0700][3.653s] GC(7) Pause Young (Concurrent Start) (Metadata GC Threshold) 186M->35M(512M) 3.338ms
[2023-11-18T17:31:57.753-0700][3.653s] GC(8) Concurrent Mark Cycle
[2023-11-18T17:31:57.753-0700][3.653s] GC(7) User=0.01s Sys=0.00s Real=0.00s
[2023-11-18T17:31:57.753-0700][3.653s] GC(8) Concurrent Clear Claimed Marks
[2023-11-18T17:31:57.753-0700][3.653s] GC(8) Concurrent Clear Claimed Marks 0.045ms
[2023-11-18T17:31:57.753-0700][3.653s] GC(8) Concurrent Scan Root Regions
[2023-11-18T17:31:57.755-0700][3.655s] GC(8) Concurrent Scan Root Regions 1.939ms
[2023-11-18T17:31:57.755-0700][3.655s] GC(8) Concurrent Mark
[2023-11-18T17:31:57.755-0700][3.655s] GC(8) Concurrent Mark From Roots
[2023-11-18T17:31:57.755-0700][3.655s] GC(8) Using 2 workers of 2 for marking
[2023-11-18T17:31:57.769-0700][3.668s] GC(8) Concurrent Mark From Roots 13.303ms
[2023-11-18T17:31:57.769-0700][3.668s] GC(8) Concurrent Preclean
[2023-11-18T17:31:57.769-0700][3.669s] GC(8) Concurrent Preclean 0.149ms
[2023-11-18T17:31:57.769-0700][3.669s] GC(8) Pause Remark
[2023-11-18T17:31:57.771-0700][3.671s] GC(8) Pause Remark 39M->39M(512M) 2.145ms
[2023-11-18T17:31:57.771-0700][3.671s] GC(8) User=0.01s Sys=0.00s Real=0.01s
[2023-11-18T17:31:57.771-0700][3.671s] GC(8) Concurrent Mark 15.982ms
[2023-11-18T17:31:57.771-0700][3.671s] GC(8) Concurrent Rebuild Remembered Sets
[2023-11-18T17:31:57.780-0700][3.679s] GC(8) Concurrent Rebuild Remembered Sets 8.305ms
[2023-11-18T17:31:57.780-0700][3.680s] GC(8) Pause Cleanup
[2023-11-18T17:31:57.780-0700][3.680s] GC(8) Pause Cleanup 42M->42M(512M) 0.105ms
[2023-11-18T17:31:57.780-0700][3.680s] GC(8) User=0.00s Sys=0.00s Real=0.00s
[2023-11-18T17:31:57.780-0700][3.680s] GC(8) Concurrent Cleanup for Next Mark
[2023-11-18T17:31:57.781-0700][3.681s] GC(8) Concurrent Cleanup for Next Mark 1.175ms
[2023-11-18T17:31:57.781-0700][3.681s] GC(8) Concurrent Mark Cycle 28.189ms
[2023-11-18T17:31:58.686-0700][4.585s] GC(9) Pause Young (Prepare Mixed) (G1 Evacuation Pause)
[2023-11-18T17:31:58.686-0700][4.585s] GC(9) Using 8 workers of 8 for evacuation
[2023-11-18T17:31:58.698-0700][4.597s] GC(9)   Pre Evacuate Collection Set: 0.2ms
[2023-11-18T17:31:58.698-0700][4.597s] GC(9)   Merge Heap Roots: 0.1ms
[2023-11-18T17:31:58.698-0700][4.597s] GC(9)   Evacuate Collection Set: 10.5ms
[2023-11-18T17:31:58.698-0700][4.597s] GC(9)   Post Evacuate Collection Set: 0.9ms
[2023-11-18T17:31:58.698-0700][4.597s] GC(9)   Other: 0.1ms
[2023-11-18T17:31:58.698-0700][4.597s] GC(9) Eden regions: 301->0(1)
[2023-11-18T17:31:58.698-0700][4.597s] GC(9) Survivor regions: 6->24(39)
[2023-11-18T17:31:58.698-0700][4.597s] GC(9) Old regions: 25->25
[2023-11-18T17:31:58.698-0700][4.597s] GC(9) Archive regions: 2->2
[2023-11-18T17:31:58.698-0700][4.597s] GC(9) Humongous regions: 4->4
[2023-11-18T17:31:58.698-0700][4.597s] GC(9) Metaspace: 44927K(45440K)->44927K(45440K) NonClass: 39809K(40064K)->39809K(40064K) Class: 5118K(5376K)->5118K(5376K)
[2023-11-18T17:31:58.698-0700][4.597s] GC(9) Pause Young (Prepare Mixed) (G1 Evacuation Pause) 336M->52M(512M) 12.089ms
[2023-11-18T17:31:58.698-0700][4.597s] GC(9) User=0.05s Sys=0.01s Real=0.01s
[2023-11-18T17:31:58.699-0700][4.599s] GC(10) Pause Young (Mixed) (G1 Evacuation Pause)
[2023-11-18T17:31:58.699-0700][4.599s] GC(10) Using 8 workers of 8 for evacuation
[2023-11-18T17:31:58.723-0700][4.623s] GC(10)   Pre Evacuate Collection Set: 0.1ms
[2023-11-18T17:31:58.723-0700][4.623s] GC(10)   Merge Heap Roots: 0.1ms
[2023-11-18T17:31:58.723-0700][4.623s] GC(10)   Evacuate Collection Set: 23.2ms
[2023-11-18T17:31:58.723-0700][4.623s] GC(10)   Post Evacuate Collection Set: 0.5ms
[2023-11-18T17:31:58.723-0700][4.623s] GC(10)   Other: 0.0ms
[2023-11-18T17:31:58.723-0700][4.623s] GC(10) Eden regions: 1->0(306)
[2023-11-18T17:31:58.723-0700][4.623s] GC(10) Survivor regions: 24->1(4)
[2023-11-18T17:31:58.723-0700][4.623s] GC(10) Old regions: 25->48
[2023-11-18T17:31:58.723-0700][4.623s] GC(10) Archive regions: 2->2
[2023-11-18T17:31:58.723-0700][4.623s] GC(10) Humongous regions: 4->4
[2023-11-18T17:31:58.723-0700][4.623s] GC(10) Metaspace: 44932K(45440K)->44932K(45440K) NonClass: 39814K(40064K)->39814K(40064K) Class: 5118K(5376K)->5118K(5376K)
[2023-11-18T17:31:58.723-0700][4.623s] GC(10) Pause Young (Mixed) (G1 Evacuation Pause) 53M->53M(512M) 24.053ms
[2023-11-18T17:31:58.723-0700][4.623s] GC(10) User=0.04s Sys=0.06s Real=0.03s
