[2023-04-22T18:22:28.659-0700][0.004s] CardTable entry size: 512
[2023-04-22T18:22:28.660-0700][0.004s] Using G1
[2023-04-22T18:22:28.811-0700][0.155s] Version: 19.0.2+7-44 (release)
[2023-04-22T18:22:28.811-0700][0.155s] CPUs: 8 total, 8 available
[2023-04-22T18:22:28.811-0700][0.155s] Memory: 8192M
[2023-04-22T18:22:28.811-0700][0.155s] Large Page Support: Disabled
[2023-04-22T18:22:28.811-0700][0.155s] NUMA Support: Disabled
[2023-04-22T18:22:28.811-0700][0.155s] Compressed Oops: Enabled (Zero based)
[2023-04-22T18:22:28.811-0700][0.155s] Heap Region Size: 1M
[2023-04-22T18:22:28.811-0700][0.155s] Heap Min Capacity: 512M
[2023-04-22T18:22:28.811-0700][0.155s] Heap Initial Capacity: 512M
[2023-04-22T18:22:28.811-0700][0.155s] Heap Max Capacity: 512M
[2023-04-22T18:22:28.811-0700][0.155s] Pre-touch: Enabled
[2023-04-22T18:22:28.811-0700][0.155s] Parallel Workers: 8
[2023-04-22T18:22:28.811-0700][0.155s] Concurrent Workers: 2
[2023-04-22T18:22:28.811-0700][0.155s] Concurrent Refinement Workers: 8
[2023-04-22T18:22:28.811-0700][0.155s] Periodic GC: Disabled
[2023-04-22T18:22:28.812-0700][0.156s] CDS archive(s) mapped at: [0x0000000800000000-0x0000000800c44000-0x0000000800c44000), size 12861440, SharedBaseAddress: 0x0000000800000000, ArchiveRelocationMode: 0.
[2023-04-22T18:22:28.812-0700][0.156s] Compressed class space mapped at: 0x0000000801000000-0x0000000841000000, reserved size: 1073741824
[2023-04-22T18:22:28.812-0700][0.156s] Narrow klass base: 0x0000000800000000, Narrow klass shift: 0, Narrow klass range: 0x100000000
[2023-04-22T18:22:29.179-0700][0.523s] GC(0) Pause Young (Normal) (G1 Evacuation Pause)
[2023-04-22T18:22:29.179-0700][0.524s] GC(0) Using 8 workers of 8 for evacuation
[2023-04-22T18:22:29.183-0700][0.527s] GC(0)   Pre Evacuate Collection Set: 0.1ms
[2023-04-22T18:22:29.183-0700][0.527s] GC(0)   Merge Heap Roots: 0.2ms
[2023-04-22T18:22:29.183-0700][0.527s] GC(0)   Evacuate Collection Set: 2.7ms
[2023-04-22T18:22:29.183-0700][0.527s] GC(0)   Post Evacuate Collection Set: 0.1ms
[2023-04-22T18:22:29.183-0700][0.527s] GC(0)   Other: 0.2ms
[2023-04-22T18:22:29.183-0700][0.527s] GC(0) Eden regions: 29->0(56)
[2023-04-22T18:22:29.183-0700][0.527s] GC(0) Survivor regions: 0->4(4)
[2023-04-22T18:22:29.183-0700][0.527s] GC(0) Old regions: 0->5
[2023-04-22T18:22:29.183-0700][0.527s] GC(0) Archive regions: 2->2
[2023-04-22T18:22:29.183-0700][0.527s] GC(0) Humongous regions: 4->4
[2023-04-22T18:22:29.183-0700][0.527s] GC(0) Metaspace: 9409K(9664K)->9409K(9664K) NonClass: 8352K(8448K)->8352K(8448K) Class: 1057K(1216K)->1057K(1216K)
[2023-04-22T18:22:29.183-0700][0.527s] GC(0) Pause Young (Normal) (G1 Evacuation Pause) 33M->13M(512M) 3.658ms
[2023-04-22T18:22:29.183-0700][0.527s] GC(0) User=0.02s Sys=0.01s Real=0.01s
[2023-04-22T18:22:29.604-0700][0.948s] GC(1) Pause Young (Normal) (G1 Evacuation Pause)
[2023-04-22T18:22:29.604-0700][0.948s] GC(1) Using 8 workers of 8 for evacuation
[2023-04-22T18:22:29.608-0700][0.952s] GC(1)   Pre Evacuate Collection Set: 0.1ms
[2023-04-22T18:22:29.608-0700][0.952s] GC(1)   Merge Heap Roots: 0.0ms
[2023-04-22T18:22:29.608-0700][0.952s] GC(1)   Evacuate Collection Set: 3.3ms
[2023-04-22T18:22:29.608-0700][0.952s] GC(1)   Post Evacuate Collection Set: 0.4ms
[2023-04-22T18:22:29.608-0700][0.952s] GC(1)   Other: 0.0ms
[2023-04-22T18:22:29.608-0700][0.952s] GC(1) Eden regions: 56->0(65)
[2023-04-22T18:22:29.608-0700][0.952s] GC(1) Survivor regions: 4->8(8)
[2023-04-22T18:22:29.608-0700][0.952s] GC(1) Old regions: 5->11
[2023-04-22T18:22:29.608-0700][0.952s] GC(1) Archive regions: 2->2
[2023-04-22T18:22:29.608-0700][0.952s] GC(1) Humongous regions: 4->4
[2023-04-22T18:22:29.608-0700][0.952s] GC(1) Metaspace: 18726K(19136K)->18726K(19136K) NonClass: 16628K(16832K)->16628K(16832K) Class: 2097K(2304K)->2097K(2304K)
[2023-04-22T18:22:29.608-0700][0.952s] GC(1) Pause Young (Normal) (G1 Evacuation Pause) 69M->23M(512M) 4.012ms
[2023-04-22T18:22:29.608-0700][0.952s] GC(1) User=0.02s Sys=0.00s Real=0.00s
[2023-04-22T18:22:29.875-0700][1.220s] GC(2) Pause Young (Concurrent Start) (Metadata GC Threshold)
[2023-04-22T18:22:29.876-0700][1.220s] GC(2) Using 8 workers of 8 for evacuation
[2023-04-22T18:22:29.878-0700][1.223s] GC(2)   Pre Evacuate Collection Set: 0.1ms
[2023-04-22T18:22:29.878-0700][1.223s] GC(2)   Merge Heap Roots: 0.0ms
[2023-04-22T18:22:29.878-0700][1.223s] GC(2)   Evacuate Collection Set: 2.5ms
[2023-04-22T18:22:29.878-0700][1.223s] GC(2)   Post Evacuate Collection Set: 0.2ms
[2023-04-22T18:22:29.878-0700][1.223s] GC(2)   Other: 0.0ms
[2023-04-22T18:22:29.878-0700][1.223s] GC(2) Eden regions: 33->0(91)
[2023-04-22T18:22:29.878-0700][1.223s] GC(2) Survivor regions: 8->1(10)
[2023-04-22T18:22:29.878-0700][1.223s] GC(2) Old regions: 11->20
[2023-04-22T18:22:29.878-0700][1.223s] GC(2) Archive regions: 2->2
[2023-04-22T18:22:29.878-0700][1.223s] GC(2) Humongous regions: 4->4
[2023-04-22T18:22:29.878-0700][1.223s] GC(2) Metaspace: 21253K(21504K)->21253K(21504K) NonClass: 18946K(19072K)->18946K(19072K) Class: 2307K(2432K)->2307K(2432K)
[2023-04-22T18:22:29.878-0700][1.223s] GC(2) Pause Young (Concurrent Start) (Metadata GC Threshold) 56M->25M(512M) 2.976ms
[2023-04-22T18:22:29.878-0700][1.223s] GC(3) Concurrent Mark Cycle
[2023-04-22T18:22:29.878-0700][1.223s] GC(2) User=0.02s Sys=0.00s Real=0.00s
[2023-04-22T18:22:29.878-0700][1.223s] GC(3) Concurrent Clear Claimed Marks
[2023-04-22T18:22:29.878-0700][1.223s] GC(3) Concurrent Clear Claimed Marks 0.017ms
[2023-04-22T18:22:29.878-0700][1.223s] GC(3) Concurrent Scan Root Regions
[2023-04-22T18:22:29.880-0700][1.224s] GC(3) Concurrent Scan Root Regions 1.025ms
[2023-04-22T18:22:29.880-0700][1.224s] GC(3) Concurrent Mark
[2023-04-22T18:22:29.880-0700][1.224s] GC(3) Concurrent Mark From Roots
[2023-04-22T18:22:29.880-0700][1.224s] GC(3) Using 2 workers of 2 for marking
[2023-04-22T18:22:29.883-0700][1.228s] GC(3) Concurrent Mark From Roots 3.955ms
[2023-04-22T18:22:29.884-0700][1.228s] GC(3) Concurrent Preclean
[2023-04-22T18:22:29.884-0700][1.228s] GC(3) Concurrent Preclean 0.022ms
[2023-04-22T18:22:29.884-0700][1.228s] GC(3) Pause Remark
[2023-04-22T18:22:29.885-0700][1.229s] GC(3) Pause Remark 26M->26M(512M) 0.972ms
[2023-04-22T18:22:29.885-0700][1.229s] GC(3) User=0.00s Sys=0.00s Real=0.00s
[2023-04-22T18:22:29.885-0700][1.229s] GC(3) Concurrent Mark 5.177ms
[2023-04-22T18:22:29.885-0700][1.229s] GC(3) Concurrent Rebuild Remembered Sets
[2023-04-22T18:22:29.888-0700][1.232s] GC(3) Concurrent Rebuild Remembered Sets 3.404ms
[2023-04-22T18:22:29.888-0700][1.232s] GC(3) Pause Cleanup
[2023-04-22T18:22:29.888-0700][1.232s] GC(3) Pause Cleanup 27M->27M(512M) 0.057ms
[2023-04-22T18:22:29.888-0700][1.232s] GC(3) User=0.00s Sys=0.00s Real=0.00s
[2023-04-22T18:22:29.888-0700][1.232s] GC(3) Concurrent Cleanup for Next Mark
[2023-04-22T18:22:29.889-0700][1.233s] GC(3) Concurrent Cleanup for Next Mark 0.792ms
[2023-04-22T18:22:29.889-0700][1.233s] GC(3) Concurrent Mark Cycle 10.643ms
[2023-04-22T18:22:30.239-0700][1.583s] GC(4) Pause Young (Prepare Mixed) (G1 Evacuation Pause)
[2023-04-22T18:22:30.239-0700][1.583s] GC(4) Using 8 workers of 8 for evacuation
[2023-04-22T18:22:30.242-0700][1.586s] GC(4)   Pre Evacuate Collection Set: 0.1ms
[2023-04-22T18:22:30.242-0700][1.586s] GC(4)   Merge Heap Roots: 0.0ms
[2023-04-22T18:22:30.242-0700][1.586s] GC(4)   Evacuate Collection Set: 2.2ms
[2023-04-22T18:22:30.242-0700][1.586s] GC(4)   Post Evacuate Collection Set: 0.3ms
[2023-04-22T18:22:30.242-0700][1.586s] GC(4)   Other: 0.0ms
[2023-04-22T18:22:30.242-0700][1.586s] GC(4) Eden regions: 96->0(19)
[2023-04-22T18:22:30.242-0700][1.586s] GC(4) Survivor regions: 1->6(13)
[2023-04-22T18:22:30.242-0700][1.586s] GC(4) Old regions: 20->20
[2023-04-22T18:22:30.242-0700][1.586s] GC(4) Archive regions: 2->2
[2023-04-22T18:22:30.242-0700][1.586s] GC(4) Humongous regions: 4->4
[2023-04-22T18:22:30.242-0700][1.586s] GC(4) Metaspace: 32037K(32384K)->32037K(32384K) NonClass: 28504K(28672K)->28504K(28672K) Class: 3532K(3712K)->3532K(3712K)
[2023-04-22T18:22:30.242-0700][1.586s] GC(4) Pause Young (Prepare Mixed) (G1 Evacuation Pause) 121M->29M(512M) 2.725ms
[2023-04-22T18:22:30.242-0700][1.586s] GC(4) User=0.02s Sys=0.00s Real=0.01s
[2023-04-22T18:22:30.248-0700][1.592s] GC(5) Pause Young (Mixed) (G1 Evacuation Pause)
[2023-04-22T18:22:30.248-0700][1.593s] GC(5) Using 8 workers of 8 for evacuation
[2023-04-22T18:22:30.251-0700][1.595s] GC(5)   Pre Evacuate Collection Set: 0.1ms
[2023-04-22T18:22:30.251-0700][1.595s] GC(5)   Merge Heap Roots: 0.0ms
[2023-04-22T18:22:30.251-0700][1.595s] GC(5)   Evacuate Collection Set: 1.9ms
[2023-04-22T18:22:30.251-0700][1.595s] GC(5)   Post Evacuate Collection Set: 0.2ms
[2023-04-22T18:22:30.251-0700][1.595s] GC(5)   Other: 0.1ms
[2023-04-22T18:22:30.251-0700][1.595s] GC(5) Eden regions: 19->0(305)
[2023-04-22T18:22:30.251-0700][1.595s] GC(5) Survivor regions: 6->2(4)
[2023-04-22T18:22:30.251-0700][1.595s] GC(5) Old regions: 20->24
[2023-04-22T18:22:30.251-0700][1.595s] GC(5) Archive regions: 2->2
[2023-04-22T18:22:30.251-0700][1.595s] GC(5) Humongous regions: 4->4
[2023-04-22T18:22:30.251-0700][1.595s] GC(5) Metaspace: 32077K(32448K)->32077K(32448K) NonClass: 28543K(28736K)->28543K(28736K) Class: 3534K(3712K)->3534K(3712K)
[2023-04-22T18:22:30.251-0700][1.595s] GC(5) Pause Young (Mixed) (G1 Evacuation Pause) 48M->29M(512M) 2.395ms
[2023-04-22T18:22:30.251-0700][1.595s] GC(5) User=0.01s Sys=0.01s Real=0.01s
[2023-04-22T18:22:30.459-0700][1.803s] GC(6) Pause Young (Normal) (G1 Evacuation Pause)
[2023-04-22T18:22:30.459-0700][1.804s] GC(6) Using 8 workers of 8 for evacuation
[2023-04-22T18:22:30.463-0700][1.807s] GC(6)   Pre Evacuate Collection Set: 0.3ms
[2023-04-22T18:22:30.463-0700][1.807s] GC(6)   Merge Heap Roots: 0.1ms
[2023-04-22T18:22:30.463-0700][1.807s] GC(6)   Evacuate Collection Set: 2.6ms
[2023-04-22T18:22:30.463-0700][1.807s] GC(6)   Post Evacuate Collection Set: 0.3ms
[2023-04-22T18:22:30.463-0700][1.807s] GC(6)   Other: 0.1ms
[2023-04-22T18:22:30.463-0700][1.807s] GC(6) Eden regions: 305->0(302)
[2023-04-22T18:22:30.463-0700][1.807s] GC(6) Survivor regions: 2->5(39)
[2023-04-22T18:22:30.463-0700][1.807s] GC(6) Old regions: 24->24
[2023-04-22T18:22:30.463-0700][1.807s] GC(6) Archive regions: 2->2
[2023-04-22T18:22:30.463-0700][1.807s] GC(6) Humongous regions: 5->4
[2023-04-22T18:22:30.463-0700][1.807s] GC(6) Metaspace: 34851K(35264K)->34851K(35264K) NonClass: 30957K(31168K)->30957K(31168K) Class: 3893K(4096K)->3893K(4096K)
[2023-04-22T18:22:30.463-0700][1.807s] GC(6) Pause Young (Normal) (G1 Evacuation Pause) 335M->32M(512M) 3.459ms
[2023-04-22T18:22:30.463-0700][1.807s] GC(6) User=0.01s Sys=0.00s Real=0.01s
[2023-04-22T18:22:30.519-0700][1.863s] GC(7) Pause Young (Concurrent Start) (Metadata GC Threshold)
[2023-04-22T18:22:30.519-0700][1.863s] GC(7) Using 8 workers of 8 for evacuation
[2023-04-22T18:22:30.521-0700][1.865s] GC(7)   Pre Evacuate Collection Set: 0.1ms
[2023-04-22T18:22:30.521-0700][1.865s] GC(7)   Merge Heap Roots: 0.0ms
[2023-04-22T18:22:30.521-0700][1.865s] GC(7)   Evacuate Collection Set: 1.1ms
[2023-04-22T18:22:30.521-0700][1.865s] GC(7)   Post Evacuate Collection Set: 0.2ms
[2023-04-22T18:22:30.521-0700][1.865s] GC(7)   Other: 0.0ms
[2023-04-22T18:22:30.521-0700][1.865s] GC(7) Eden regions: 129->0(302)
[2023-04-22T18:22:30.521-0700][1.865s] GC(7) Survivor regions: 5->5(39)
[2023-04-22T18:22:30.521-0700][1.865s] GC(7) Old regions: 24->24
[2023-04-22T18:22:30.521-0700][1.865s] GC(7) Archive regions: 2->2
[2023-04-22T18:22:30.521-0700][1.865s] GC(7) Humongous regions: 4->4
[2023-04-22T18:22:30.521-0700][1.865s] GC(7) Metaspace: 36088K(36480K)->36088K(36480K) NonClass: 32036K(32256K)->32036K(32256K) Class: 4051K(4224K)->4051K(4224K)
[2023-04-22T18:22:30.521-0700][1.865s] GC(7) Pause Young (Concurrent Start) (Metadata GC Threshold) 161M->33M(512M) 1.591ms
[2023-04-22T18:22:30.521-0700][1.865s] GC(7) User=0.01s Sys=0.00s Real=0.01s
[2023-04-22T18:22:30.521-0700][1.865s] GC(8) Concurrent Mark Cycle
[2023-04-22T18:22:30.521-0700][1.865s] GC(8) Concurrent Clear Claimed Marks
[2023-04-22T18:22:30.521-0700][1.865s] GC(8) Concurrent Clear Claimed Marks 0.011ms
[2023-04-22T18:22:30.521-0700][1.865s] GC(8) Concurrent Scan Root Regions
[2023-04-22T18:22:30.522-0700][1.866s] GC(8) Concurrent Scan Root Regions 0.830ms
[2023-04-22T18:22:30.522-0700][1.866s] GC(8) Concurrent Mark
[2023-04-22T18:22:30.522-0700][1.866s] GC(8) Concurrent Mark From Roots
[2023-04-22T18:22:30.522-0700][1.866s] GC(8) Using 2 workers of 2 for marking
[2023-04-22T18:22:30.530-0700][1.874s] GC(8) Concurrent Mark From Roots 8.052ms
[2023-04-22T18:22:30.530-0700][1.874s] GC(8) Concurrent Preclean
[2023-04-22T18:22:30.530-0700][1.874s] GC(8) Concurrent Preclean 0.019ms
[2023-04-22T18:22:30.530-0700][1.874s] GC(8) Pause Remark
[2023-04-22T18:22:30.531-0700][1.875s] GC(8) Pause Remark 37M->37M(512M) 1.177ms
[2023-04-22T18:22:30.531-0700][1.875s] GC(8) User=0.01s Sys=0.00s Real=0.00s
[2023-04-22T18:22:30.531-0700][1.875s] GC(8) Concurrent Mark 9.411ms
[2023-04-22T18:22:30.531-0700][1.875s] GC(8) Concurrent Rebuild Remembered Sets
[2023-04-22T18:22:30.538-0700][1.882s] GC(8) Concurrent Rebuild Remembered Sets 6.681ms
[2023-04-22T18:22:30.538-0700][1.882s] GC(8) Pause Cleanup
[2023-04-22T18:22:30.538-0700][1.882s] GC(8) Pause Cleanup 38M->38M(512M) 0.042ms
[2023-04-22T18:22:30.538-0700][1.882s] GC(8) User=0.00s Sys=0.00s Real=0.00s
[2023-04-22T18:22:30.538-0700][1.882s] GC(8) Concurrent Cleanup for Next Mark
[2023-04-22T18:22:30.539-0700][1.883s] GC(8) Concurrent Cleanup for Next Mark 1.029ms
[2023-04-22T18:22:30.539-0700][1.883s] GC(8) Concurrent Mark Cycle 18.221ms
[2023-04-22T18:22:31.112-0700][2.456s] GC(9) Pause Young (Prepare Mixed) (G1 Evacuation Pause)
[2023-04-22T18:22:31.112-0700][2.456s] GC(9) Using 8 workers of 8 for evacuation
[2023-04-22T18:22:31.118-0700][2.462s] GC(9)   Pre Evacuate Collection Set: 0.1ms
[2023-04-22T18:22:31.118-0700][2.462s] GC(9)   Merge Heap Roots: 0.1ms
[2023-04-22T18:22:31.118-0700][2.462s] GC(9)   Evacuate Collection Set: 5.6ms
[2023-04-22T18:22:31.118-0700][2.462s] GC(9)   Post Evacuate Collection Set: 0.6ms
[2023-04-22T18:22:31.118-0700][2.462s] GC(9)   Other: 0.0ms
[2023-04-22T18:22:31.118-0700][2.462s] GC(9) Eden regions: 302->0(2)
[2023-04-22T18:22:31.118-0700][2.462s] GC(9) Survivor regions: 5->24(39)
[2023-04-22T18:22:31.118-0700][2.462s] GC(9) Old regions: 24->24
[2023-04-22T18:22:31.118-0700][2.462s] GC(9) Archive regions: 2->2
[2023-04-22T18:22:31.118-0700][2.462s] GC(9) Humongous regions: 4->4
[2023-04-22T18:22:31.118-0700][2.462s] GC(9) Metaspace: 45133K(45632K)->45133K(45632K) NonClass: 39994K(40256K)->39994K(40256K) Class: 5139K(5376K)->5139K(5376K)
[2023-04-22T18:22:31.118-0700][2.462s] GC(9) Pause Young (Prepare Mixed) (G1 Evacuation Pause) 335M->52M(512M) 6.624ms
[2023-04-22T18:22:31.118-0700][2.462s] GC(9) User=0.04s Sys=0.00s Real=0.00s
[2023-04-22T18:22:31.119-0700][2.464s] GC(10) Pause Young (Mixed) (G1 Evacuation Pause)
[2023-04-22T18:22:31.120-0700][2.464s] GC(10) Using 8 workers of 8 for evacuation
[2023-04-22T18:22:31.129-0700][2.473s] GC(10)   Pre Evacuate Collection Set: 0.1ms
[2023-04-22T18:22:31.129-0700][2.473s] GC(10)   Merge Heap Roots: 0.1ms
[2023-04-22T18:22:31.129-0700][2.473s] GC(10)   Evacuate Collection Set: 8.6ms
[2023-04-22T18:22:31.129-0700][2.473s] GC(10)   Post Evacuate Collection Set: 0.3ms
[2023-04-22T18:22:31.129-0700][2.473s] GC(10)   Other: 0.0ms
[2023-04-22T18:22:31.129-0700][2.473s] GC(10) Eden regions: 2->0(305)
[2023-04-22T18:22:31.129-0700][2.473s] GC(10) Survivor regions: 24->2(4)
[2023-04-22T18:22:31.129-0700][2.473s] GC(10) Old regions: 24->47
[2023-04-22T18:22:31.129-0700][2.473s] GC(10) Archive regions: 2->2
[2023-04-22T18:22:31.129-0700][2.473s] GC(10) Humongous regions: 4->4
[2023-04-22T18:22:31.129-0700][2.473s] GC(10) Metaspace: 45136K(45632K)->45136K(45632K) NonClass: 39997K(40256K)->39997K(40256K) Class: 5139K(5376K)->5139K(5376K)
[2023-04-22T18:22:31.129-0700][2.473s] GC(10) Pause Young (Mixed) (G1 Evacuation Pause) 54M->53M(512M) 9.336ms
[2023-04-22T18:22:31.129-0700][2.473s] GC(10) User=0.04s Sys=0.03s Real=0.01s
[2023-04-22T21:40:38.318-0700][11889.901s] GC(11) Pause Young (Normal) (G1 Evacuation Pause)
[2023-04-22T21:40:38.322-0700][11889.905s] GC(11) Using 8 workers of 8 for evacuation
[2023-04-22T21:40:38.444-0700][11890.027s] GC(11)   Pre Evacuate Collection Set: 4.0ms
[2023-04-22T21:40:38.444-0700][11890.027s] GC(11)   Merge Heap Roots: 3.0ms
[2023-04-22T21:40:38.444-0700][11890.027s] GC(11)   Evacuate Collection Set: 108.8ms
[2023-04-22T21:40:38.444-0700][11890.027s] GC(11)   Post Evacuate Collection Set: 4.6ms
[2023-04-22T21:40:38.444-0700][11890.027s] GC(11)   Other: 2.4ms
[2023-04-22T21:40:38.444-0700][11890.027s] GC(11) Eden regions: 305->0(297)
[2023-04-22T21:40:38.444-0700][11890.027s] GC(11) Survivor regions: 2->10(39)
[2023-04-22T21:40:38.444-0700][11890.027s] GC(11) Old regions: 47->47
[2023-04-22T21:40:38.444-0700][11890.027s] GC(11) Archive regions: 2->2
[2023-04-22T21:40:38.444-0700][11890.027s] GC(11) Humongous regions: 7->7
[2023-04-22T21:40:38.444-0700][11890.027s] GC(11) Metaspace: 49735K(50304K)->49735K(50304K) NonClass: 44162K(44480K)->44162K(44480K) Class: 5572K(5824K)->5572K(5824K)
[2023-04-22T21:40:38.444-0700][11890.027s] GC(11) Pause Young (Normal) (G1 Evacuation Pause) 361M->64M(512M) 127.273ms
[2023-04-22T21:40:38.444-0700][11890.027s] GC(11) User=0.01s Sys=0.12s Real=0.13s
[2023-04-23T00:52:51.842-0700][22577.856s] GC(12) Pause Young (Normal) (G1 Evacuation Pause)
[2023-04-23T00:52:51.847-0700][22577.860s] GC(12) Using 8 workers of 8 for evacuation
[2023-04-23T00:52:52.150-0700][22578.164s] GC(12) MMU target violated: 251.0ms (250.0ms/251.0ms)
[2023-04-23T00:52:52.150-0700][22578.164s] GC(12)   Pre Evacuate Collection Set: 2.4ms
[2023-04-23T00:52:52.150-0700][22578.164s] GC(12)   Merge Heap Roots: 1.7ms
[2023-04-23T00:52:52.150-0700][22578.164s] GC(12)   Evacuate Collection Set: 275.6ms
[2023-04-23T00:52:52.150-0700][22578.164s] GC(12)   Post Evacuate Collection Set: 22.1ms
[2023-04-23T00:52:52.154-0700][22578.167s] GC(12)   Other: 2.6ms
[2023-04-23T00:52:52.154-0700][22578.168s] GC(12) Eden regions: 297->0(177)
[2023-04-23T00:52:52.154-0700][22578.168s] GC(12) Survivor regions: 10->18(39)
[2023-04-23T00:52:52.154-0700][22578.168s] GC(12) Old regions: 47->47
[2023-04-23T00:52:52.154-0700][22578.168s] GC(12) Archive regions: 2->2
[2023-04-23T00:52:52.154-0700][22578.168s] GC(12) Humongous regions: 7->7
[2023-04-23T00:52:52.154-0700][22578.168s] GC(12) Metaspace: 50958K(51456K)->50958K(51456K) NonClass: 45365K(45632K)->45365K(45632K) Class: 5593K(5824K)->5593K(5824K)
[2023-04-23T00:52:52.154-0700][22578.168s] GC(12) Pause Young (Normal) (G1 Evacuation Pause) 361M->72M(512M) 312.181ms
[2023-04-23T00:52:52.154-0700][22578.168s] GC(12) User=0.02s Sys=0.13s Real=0.31s
[2023-04-23T09:48:04.211-0700][31657.420s] GC(13) Pause Young (Normal) (G1 Evacuation Pause)
[2023-04-23T09:48:04.218-0700][31657.427s] GC(13) Using 8 workers of 8 for evacuation
[2023-04-23T09:48:04.317-0700][31657.527s] GC(13)   Pre Evacuate Collection Set: 4.9ms
[2023-04-23T09:48:04.317-0700][31657.527s] GC(13)   Merge Heap Roots: 1.6ms
[2023-04-23T09:48:04.317-0700][31657.527s] GC(13)   Evacuate Collection Set: 90.5ms
[2023-04-23T09:48:04.317-0700][31657.527s] GC(13)   Post Evacuate Collection Set: 1.5ms
[2023-04-23T09:48:04.317-0700][31657.527s] GC(13)   Other: 2.2ms
[2023-04-23T09:48:04.317-0700][31657.527s] GC(13) Eden regions: 177->0(296)
[2023-04-23T09:48:04.317-0700][31657.527s] GC(13) Survivor regions: 18->11(25)
[2023-04-23T09:48:04.317-0700][31657.527s] GC(13) Old regions: 47->54
[2023-04-23T09:48:04.317-0700][31657.527s] GC(13) Archive regions: 2->2
[2023-04-23T09:48:04.317-0700][31657.527s] GC(13) Humongous regions: 7->7
[2023-04-23T09:48:04.317-0700][31657.527s] GC(13) Metaspace: 51012K(51520K)->51012K(51520K) NonClass: 45419K(45696K)->45419K(45696K) Class: 5593K(5824K)->5593K(5824K)
[2023-04-23T09:48:04.318-0700][31657.527s] GC(13) Pause Young (Normal) (G1 Evacuation Pause) 249M->72M(512M) 107.689ms
[2023-04-23T09:48:04.318-0700][31657.527s] GC(13) User=0.02s Sys=0.12s Real=0.10s
[2023-04-23T14:16:12.953-0700][47498.502s] GC(14) Pause Young (Normal) (G1 Evacuation Pause)
[2023-04-23T14:16:12.958-0700][47498.507s] GC(14) Using 8 workers of 8 for evacuation
[2023-04-23T14:16:13.058-0700][47498.607s] GC(14)   Pre Evacuate Collection Set: 3.9ms
[2023-04-23T14:16:13.058-0700][47498.607s] GC(14)   Merge Heap Roots: 2.2ms
[2023-04-23T14:16:13.058-0700][47498.607s] GC(14)   Evacuate Collection Set: 88.4ms
[2023-04-23T14:16:13.058-0700][47498.607s] GC(14)   Post Evacuate Collection Set: 2.5ms
[2023-04-23T14:16:13.058-0700][47498.607s] GC(14)   Other: 3.9ms
[2023-04-23T14:16:13.058-0700][47498.607s] GC(14) Eden regions: 296->0(295)
[2023-04-23T14:16:13.058-0700][47498.607s] GC(14) Survivor regions: 11->12(39)
[2023-04-23T14:16:13.058-0700][47498.607s] GC(14) Old regions: 54->54
[2023-04-23T14:16:13.058-0700][47498.607s] GC(14) Archive regions: 2->2
[2023-04-23T14:16:13.058-0700][47498.607s] GC(14) Humongous regions: 7->7
[2023-04-23T14:16:13.058-0700][47498.607s] GC(14) Metaspace: 51037K(51520K)->51037K(51520K) NonClass: 45444K(45696K)->45444K(45696K) Class: 5593K(5824K)->5593K(5824K)
[2023-04-23T14:16:13.059-0700][47498.608s] GC(14) Pause Young (Normal) (G1 Evacuation Pause) 368M->73M(512M) 106.470ms
[2023-04-23T14:16:13.059-0700][47498.608s] GC(14) User=0.01s Sys=0.06s Real=0.10s
[2023-04-23T18:50:45.926-0700][63652.222s] GC(15) Pause Young (Normal) (G1 Evacuation Pause)
[2023-04-23T18:50:45.930-0700][63652.226s] GC(15) Using 8 workers of 8 for evacuation
[2023-04-23T18:50:46.123-0700][63652.419s] GC(15)   Pre Evacuate Collection Set: 3.6ms
[2023-04-23T18:50:46.123-0700][63652.419s] GC(15)   Merge Heap Roots: 2.2ms
[2023-04-23T18:50:46.123-0700][63652.419s] GC(15)   Evacuate Collection Set: 163.5ms
[2023-04-23T18:50:46.123-0700][63652.420s] GC(15)   Post Evacuate Collection Set: 22.6ms
[2023-04-23T18:50:46.128-0700][63652.425s] GC(15)   Other: 2.1ms
[2023-04-23T18:50:46.131-0700][63652.427s] GC(15) Eden regions: 295->0(295)
[2023-04-23T18:50:46.131-0700][63652.427s] GC(15) Survivor regions: 12->12(39)
[2023-04-23T18:50:46.131-0700][63652.427s] GC(15) Old regions: 54->54
[2023-04-23T18:50:46.131-0700][63652.427s] GC(15) Archive regions: 2->2
[2023-04-23T18:50:46.131-0700][63652.427s] GC(15) Humongous regions: 7->7
[2023-04-23T18:50:46.134-0700][63652.430s] GC(15) Metaspace: 51038K(51520K)->51038K(51520K) NonClass: 45445K(45696K)->45445K(45696K) Class: 5593K(5824K)->5593K(5824K)
[2023-04-23T18:50:46.139-0700][63652.435s] GC(15) Pause Young (Normal) (G1 Evacuation Pause) 368M->73M(512M) 211.184ms
[2023-04-23T18:50:46.139-0700][63652.435s] GC(15) User=0.02s Sys=0.06s Real=0.21s
