[2023-11-18T17:33:31.133-0700][0.006s] CardTable entry size: 512
[2023-11-18T17:33:31.133-0700][0.006s] Using G1
[2023-11-18T17:33:31.203-0700][0.076s] Version: 19.0.2+7-44 (release)
[2023-11-18T17:33:31.203-0700][0.076s] CPUs: 8 total, 8 available
[2023-11-18T17:33:31.203-0700][0.076s] Memory: 8192M
[2023-11-18T17:33:31.203-0700][0.076s] Large Page Support: Disabled
[2023-11-18T17:33:31.203-0700][0.076s] NUMA Support: Disabled
[2023-11-18T17:33:31.203-0700][0.076s] Compressed Oops: Enabled (Zero based)
[2023-11-18T17:33:31.203-0700][0.076s] Heap Region Size: 1M
[2023-11-18T17:33:31.203-0700][0.076s] Heap Min Capacity: 512M
[2023-11-18T17:33:31.203-0700][0.076s] Heap Initial Capacity: 512M
[2023-11-18T17:33:31.203-0700][0.076s] Heap Max Capacity: 512M
[2023-11-18T17:33:31.203-0700][0.076s] Pre-touch: Enabled
[2023-11-18T17:33:31.203-0700][0.076s] Parallel Workers: 8
[2023-11-18T17:33:31.203-0700][0.076s] Concurrent Workers: 2
[2023-11-18T17:33:31.203-0700][0.076s] Concurrent Refinement Workers: 8
[2023-11-18T17:33:31.203-0700][0.076s] Periodic GC: Disabled
[2023-11-18T17:33:31.203-0700][0.076s] CDS archive(s) mapped at: [0x0000000800000000-0x0000000800c44000-0x0000000800c44000), size 12861440, SharedBaseAddress: 0x0000000800000000, ArchiveRelocationMode: 0.
[2023-11-18T17:33:31.203-0700][0.076s] Compressed class space mapped at: 0x0000000801000000-0x0000000841000000, reserved size: 1073741824
[2023-11-18T17:33:31.203-0700][0.076s] Narrow klass base: 0x0000000800000000, Narrow klass shift: 0, Narrow klass range: 0x100000000
[2023-11-18T17:33:32.202-0700][1.075s] GC(0) Pause Young (Normal) (G1 Evacuation Pause)
[2023-11-18T17:33:32.202-0700][1.076s] GC(0) Using 8 workers of 8 for evacuation
[2023-11-18T17:33:32.213-0700][1.086s] GC(0)   Pre Evacuate Collection Set: 0.1ms
[2023-11-18T17:33:32.213-0700][1.086s] GC(0)   Merge Heap Roots: 0.1ms
[2023-11-18T17:33:32.213-0700][1.086s] GC(0)   Evacuate Collection Set: 6.7ms
[2023-11-18T17:33:32.213-0700][1.086s] GC(0)   Post Evacuate Collection Set: 3.8ms
[2023-11-18T17:33:32.213-0700][1.086s] GC(0)   Other: 0.7ms
[2023-11-18T17:33:32.213-0700][1.086s] GC(0) Eden regions: 29->0(53)
[2023-11-18T17:33:32.213-0700][1.086s] GC(0) Survivor regions: 0->4(4)
[2023-11-18T17:33:32.213-0700][1.086s] GC(0) Old regions: 0->5
[2023-11-18T17:33:32.213-0700][1.087s] GC(0) Archive regions: 2->2
[2023-11-18T17:33:32.213-0700][1.087s] GC(0) Humongous regions: 4->4
[2023-11-18T17:33:32.213-0700][1.087s] GC(0) Metaspace: 9360K(9664K)->9360K(9664K) NonClass: 8303K(8448K)->8303K(8448K) Class: 1057K(1216K)->1057K(1216K)
[2023-11-18T17:33:32.213-0700][1.087s] GC(0) Pause Young (Normal) (G1 Evacuation Pause) 33M->13M(512M) 11.785ms
[2023-11-18T17:33:32.213-0700][1.087s] GC(0) User=0.04s Sys=0.00s Real=0.01s
[2023-11-18T17:33:33.080-0700][1.953s] GC(1) Pause Young (Normal) (G1 Evacuation Pause)
[2023-11-18T17:33:33.080-0700][1.953s] GC(1) Using 8 workers of 8 for evacuation
[2023-11-18T17:33:33.088-0700][1.961s] GC(1)   Pre Evacuate Collection Set: 0.1ms
[2023-11-18T17:33:33.088-0700][1.961s] GC(1)   Merge Heap Roots: 0.1ms
[2023-11-18T17:33:33.088-0700][1.961s] GC(1)   Evacuate Collection Set: 6.4ms
[2023-11-18T17:33:33.088-0700][1.961s] GC(1)   Post Evacuate Collection Set: 1.0ms
[2023-11-18T17:33:33.088-0700][1.961s] GC(1)   Other: 0.1ms
[2023-11-18T17:33:33.088-0700][1.961s] GC(1) Eden regions: 53->0(63)
[2023-11-18T17:33:33.088-0700][1.961s] GC(1) Survivor regions: 4->8(8)
[2023-11-18T17:33:33.088-0700][1.961s] GC(1) Old regions: 5->11
[2023-11-18T17:33:33.088-0700][1.961s] GC(1) Archive regions: 2->2
[2023-11-18T17:33:33.088-0700][1.961s] GC(1) Humongous regions: 4->4
[2023-11-18T17:33:33.088-0700][1.961s] GC(1) Metaspace: 18554K(18944K)->18554K(18944K) NonClass: 16463K(16640K)->16463K(16640K) Class: 2091K(2304K)->2091K(2304K)
[2023-11-18T17:33:33.088-0700][1.961s] GC(1) Pause Young (Normal) (G1 Evacuation Pause) 66M->23M(512M) 7.883ms
[2023-11-18T17:33:33.088-0700][1.961s] GC(1) User=0.03s Sys=0.00s Real=0.00s
[2023-11-18T17:33:33.509-0700][2.382s] GC(2) Pause Young (Concurrent Start) (Metadata GC Threshold)
[2023-11-18T17:33:33.509-0700][2.382s] GC(2) Using 8 workers of 8 for evacuation
[2023-11-18T17:33:33.512-0700][2.386s] GC(2)   Pre Evacuate Collection Set: 0.1ms
[2023-11-18T17:33:33.513-0700][2.386s] GC(2)   Merge Heap Roots: 0.1ms
[2023-11-18T17:33:33.513-0700][2.386s] GC(2)   Evacuate Collection Set: 3.0ms
[2023-11-18T17:33:33.513-0700][2.386s] GC(2)   Post Evacuate Collection Set: 0.5ms
[2023-11-18T17:33:33.513-0700][2.386s] GC(2)   Other: 0.1ms
[2023-11-18T17:33:33.513-0700][2.386s] GC(2) Eden regions: 26->0(78)
[2023-11-18T17:33:33.513-0700][2.386s] GC(2) Survivor regions: 8->1(9)
[2023-11-18T17:33:33.513-0700][2.386s] GC(2) Old regions: 11->20
[2023-11-18T17:33:33.513-0700][2.386s] GC(2) Archive regions: 2->2
[2023-11-18T17:33:33.513-0700][2.386s] GC(2) Humongous regions: 4->4
[2023-11-18T17:33:33.513-0700][2.386s] GC(2) Metaspace: 21155K(21504K)->21155K(21504K) NonClass: 18843K(19072K)->18843K(19072K) Class: 2312K(2432K)->2312K(2432K)
[2023-11-18T17:33:33.513-0700][2.386s] GC(2) Pause Young (Concurrent Start) (Metadata GC Threshold) 49M->25M(512M) 4.030ms
[2023-11-18T17:33:33.513-0700][2.386s] GC(3) Concurrent Mark Cycle
[2023-11-18T17:33:33.513-0700][2.386s] GC(2) User=0.01s Sys=0.00s Real=0.01s
[2023-11-18T17:33:33.513-0700][2.386s] GC(3) Concurrent Clear Claimed Marks
[2023-11-18T17:33:33.513-0700][2.386s] GC(3) Concurrent Clear Claimed Marks 0.047ms
[2023-11-18T17:33:33.513-0700][2.386s] GC(3) Concurrent Scan Root Regions
[2023-11-18T17:33:33.514-0700][2.388s] GC(3) Concurrent Scan Root Regions 1.683ms
[2023-11-18T17:33:33.515-0700][2.388s] GC(3) Concurrent Mark
[2023-11-18T17:33:33.515-0700][2.388s] GC(3) Concurrent Mark From Roots
[2023-11-18T17:33:33.515-0700][2.388s] GC(3) Using 2 workers of 2 for marking
[2023-11-18T17:33:33.527-0700][2.400s] GC(3) Concurrent Mark From Roots 12.171ms
[2023-11-18T17:33:33.527-0700][2.400s] GC(3) Concurrent Preclean
[2023-11-18T17:33:33.527-0700][2.400s] GC(3) Concurrent Preclean 0.020ms
[2023-11-18T17:33:33.527-0700][2.400s] GC(3) Pause Remark
[2023-11-18T17:33:33.529-0700][2.403s] GC(3) Pause Remark 27M->27M(512M) 2.113ms
[2023-11-18T17:33:33.530-0700][2.403s] GC(3) User=0.00s Sys=0.00s Real=0.01s
[2023-11-18T17:33:33.531-0700][2.404s] GC(3) Concurrent Mark 16.365ms
[2023-11-18T17:33:33.531-0700][2.404s] GC(3) Concurrent Rebuild Remembered Sets
[2023-11-18T17:33:33.538-0700][2.412s] GC(3) Concurrent Rebuild Remembered Sets 7.518ms
[2023-11-18T17:33:33.539-0700][2.412s] GC(3) Pause Cleanup
[2023-11-18T17:33:33.539-0700][2.412s] GC(3) Pause Cleanup 27M->27M(512M) 0.127ms
[2023-11-18T17:33:33.539-0700][2.412s] GC(3) User=0.00s Sys=0.00s Real=0.00s
[2023-11-18T17:33:33.539-0700][2.412s] GC(3) Concurrent Cleanup for Next Mark
[2023-11-18T17:33:33.540-0700][2.413s] GC(3) Concurrent Cleanup for Next Mark 0.749ms
[2023-11-18T17:33:33.540-0700][2.413s] GC(3) Concurrent Mark Cycle 27.019ms
[2023-11-18T17:33:35.177-0700][4.050s] GC(4) Pause Young (Prepare Mixed) (G1 Evacuation Pause)
[2023-11-18T17:33:35.177-0700][4.050s] GC(4) Using 8 workers of 8 for evacuation
[2023-11-18T17:33:35.181-0700][4.054s] GC(4)   Pre Evacuate Collection Set: 0.1ms
[2023-11-18T17:33:35.181-0700][4.054s] GC(4)   Merge Heap Roots: 0.1ms
[2023-11-18T17:33:35.181-0700][4.054s] GC(4)   Evacuate Collection Set: 2.9ms
[2023-11-18T17:33:35.181-0700][4.054s] GC(4)   Post Evacuate Collection Set: 0.6ms
[2023-11-18T17:33:35.181-0700][4.054s] GC(4)   Other: 0.1ms
[2023-11-18T17:33:35.181-0700][4.054s] GC(4) Eden regions: 82->0(19)
[2023-11-18T17:33:35.181-0700][4.054s] GC(4) Survivor regions: 1->6(11)
[2023-11-18T17:33:35.181-0700][4.054s] GC(4) Old regions: 20->20
[2023-11-18T17:33:35.181-0700][4.054s] GC(4) Archive regions: 2->2
[2023-11-18T17:33:35.181-0700][4.054s] GC(4) Humongous regions: 4->4
[2023-11-18T17:33:35.181-0700][4.054s] GC(4) Metaspace: 31595K(31936K)->31595K(31936K) NonClass: 28093K(28288K)->28093K(28288K) Class: 3502K(3648K)->3502K(3648K)
[2023-11-18T17:33:35.181-0700][4.054s] GC(4) Pause Young (Prepare Mixed) (G1 Evacuation Pause) 107M->29M(512M) 4.061ms
[2023-11-18T17:33:35.181-0700][4.054s] GC(4) User=0.03s Sys=0.00s Real=0.01s
[2023-11-18T17:33:35.204-0700][4.077s] GC(5) Pause Young (Mixed) (G1 Evacuation Pause)
[2023-11-18T17:33:35.204-0700][4.077s] GC(5) Using 8 workers of 8 for evacuation
[2023-11-18T17:33:35.208-0700][4.081s] GC(5)   Pre Evacuate Collection Set: 0.1ms
[2023-11-18T17:33:35.208-0700][4.081s] GC(5)   Merge Heap Roots: 0.1ms
[2023-11-18T17:33:35.208-0700][4.081s] GC(5)   Evacuate Collection Set: 3.3ms
[2023-11-18T17:33:35.208-0700][4.081s] GC(5)   Post Evacuate Collection Set: 0.3ms
[2023-11-18T17:33:35.208-0700][4.081s] GC(5)   Other: 0.1ms
[2023-11-18T17:33:35.208-0700][4.081s] GC(5) Eden regions: 19->0(306)
[2023-11-18T17:33:35.208-0700][4.081s] GC(5) Survivor regions: 6->1(4)
[2023-11-18T17:33:35.208-0700][4.081s] GC(5) Old regions: 20->24
[2023-11-18T17:33:35.208-0700][4.081s] GC(5) Archive regions: 2->2
[2023-11-18T17:33:35.208-0700][4.081s] GC(5) Humongous regions: 4->4
[2023-11-18T17:33:35.208-0700][4.081s] GC(5) Metaspace: 31924K(32320K)->31924K(32320K) NonClass: 28393K(28608K)->28393K(28608K) Class: 3531K(3712K)->3531K(3712K)
[2023-11-18T17:33:35.208-0700][4.081s] GC(5) Pause Young (Mixed) (G1 Evacuation Pause) 48M->29M(512M) 4.141ms
[2023-11-18T17:33:35.208-0700][4.081s] GC(5) User=0.02s Sys=0.00s Real=0.00s
[2023-11-18T17:33:35.481-0700][4.354s] GC(6) Pause Young (Normal) (G1 Evacuation Pause)
[2023-11-18T17:33:35.481-0700][4.354s] GC(6) Using 8 workers of 8 for evacuation
[2023-11-18T17:33:35.484-0700][4.357s] GC(6)   Pre Evacuate Collection Set: 0.1ms
[2023-11-18T17:33:35.484-0700][4.357s] GC(6)   Merge Heap Roots: 0.1ms
[2023-11-18T17:33:35.484-0700][4.357s] GC(6)   Evacuate Collection Set: 2.6ms
[2023-11-18T17:33:35.484-0700][4.357s] GC(6)   Post Evacuate Collection Set: 0.6ms
[2023-11-18T17:33:35.484-0700][4.357s] GC(6)   Other: 0.1ms
[2023-11-18T17:33:35.484-0700][4.357s] GC(6) Eden regions: 306->0(302)
[2023-11-18T17:33:35.484-0700][4.357s] GC(6) Survivor regions: 1->5(39)
[2023-11-18T17:33:35.484-0700][4.357s] GC(6) Old regions: 24->24
[2023-11-18T17:33:35.484-0700][4.357s] GC(6) Archive regions: 2->2
[2023-11-18T17:33:35.484-0700][4.357s] GC(6) Humongous regions: 5->4
[2023-11-18T17:33:35.484-0700][4.357s] GC(6) Metaspace: 34654K(35072K)->34654K(35072K) NonClass: 30765K(30976K)->30765K(30976K) Class: 3889K(4096K)->3889K(4096K)
[2023-11-18T17:33:35.484-0700][4.357s] GC(6) Pause Young (Normal) (G1 Evacuation Pause) 336M->33M(512M) 3.713ms
[2023-11-18T17:33:35.484-0700][4.357s] GC(6) User=0.01s Sys=0.01s Real=0.00s
[2023-11-18T17:33:35.611-0700][4.485s] GC(7) Pause Young (Concurrent Start) (Metadata GC Threshold)
[2023-11-18T17:33:35.612-0700][4.485s] GC(7) Using 8 workers of 8 for evacuation
[2023-11-18T17:33:35.615-0700][4.488s] GC(7)   Pre Evacuate Collection Set: 0.1ms
[2023-11-18T17:33:35.615-0700][4.488s] GC(7)   Merge Heap Roots: 0.1ms
[2023-11-18T17:33:35.615-0700][4.488s] GC(7)   Evacuate Collection Set: 2.3ms
[2023-11-18T17:33:35.615-0700][4.488s] GC(7)   Post Evacuate Collection Set: 0.5ms
[2023-11-18T17:33:35.615-0700][4.488s] GC(7)   Other: 0.0ms
[2023-11-18T17:33:35.615-0700][4.488s] GC(7) Eden regions: 145->0(301)
[2023-11-18T17:33:35.615-0700][4.488s] GC(7) Survivor regions: 5->6(39)
[2023-11-18T17:33:35.615-0700][4.488s] GC(7) Old regions: 24->24
[2023-11-18T17:33:35.615-0700][4.488s] GC(7) Archive regions: 2->2
[2023-11-18T17:33:35.615-0700][4.488s] GC(7) Humongous regions: 4->4
[2023-11-18T17:33:35.615-0700][4.488s] GC(7) Metaspace: 36108K(36480K)->36108K(36480K) NonClass: 32051K(32256K)->32051K(32256K) Class: 4057K(4224K)->4057K(4224K)
[2023-11-18T17:33:35.615-0700][4.488s] GC(7) Pause Young (Concurrent Start) (Metadata GC Threshold) 178M->34M(512M) 3.166ms
[2023-11-18T17:33:35.615-0700][4.488s] GC(7) User=0.02s Sys=0.00s Real=0.00s
[2023-11-18T17:33:35.615-0700][4.488s] GC(8) Concurrent Mark Cycle
[2023-11-18T17:33:35.615-0700][4.488s] GC(8) Concurrent Clear Claimed Marks
[2023-11-18T17:33:35.615-0700][4.488s] GC(8) Concurrent Clear Claimed Marks 0.017ms
[2023-11-18T17:33:35.615-0700][4.488s] GC(8) Concurrent Scan Root Regions
[2023-11-18T17:33:35.616-0700][4.489s] GC(8) Concurrent Scan Root Regions 1.465ms
[2023-11-18T17:33:35.616-0700][4.489s] GC(8) Concurrent Mark
[2023-11-18T17:33:35.616-0700][4.489s] GC(8) Concurrent Mark From Roots
[2023-11-18T17:33:35.616-0700][4.489s] GC(8) Using 2 workers of 2 for marking
[2023-11-18T17:33:35.634-0700][4.507s] GC(8) Concurrent Mark From Roots 17.778ms
[2023-11-18T17:33:35.634-0700][4.507s] GC(8) Concurrent Preclean
[2023-11-18T17:33:35.634-0700][4.507s] GC(8) Concurrent Preclean 0.085ms
[2023-11-18T17:33:35.634-0700][4.507s] GC(8) Pause Remark
[2023-11-18T17:33:35.636-0700][4.509s] GC(8) Pause Remark 41M->41M(512M) 2.035ms
[2023-11-18T17:33:35.636-0700][4.509s] GC(8) User=0.01s Sys=0.00s Real=0.00s
[2023-11-18T17:33:35.637-0700][4.510s] GC(8) Concurrent Mark 20.391ms
[2023-11-18T17:33:35.637-0700][4.510s] GC(8) Concurrent Rebuild Remembered Sets
[2023-11-18T17:33:35.646-0700][4.519s] GC(8) Concurrent Rebuild Remembered Sets 9.122ms
[2023-11-18T17:33:35.646-0700][4.519s] GC(8) Pause Cleanup
[2023-11-18T17:33:35.646-0700][4.519s] GC(8) Pause Cleanup 44M->44M(512M) 0.084ms
[2023-11-18T17:33:35.646-0700][4.519s] GC(8) User=0.00s Sys=0.00s Real=0.00s
[2023-11-18T17:33:35.646-0700][4.519s] GC(8) Concurrent Cleanup for Next Mark
[2023-11-18T17:33:35.647-0700][4.520s] GC(8) Concurrent Cleanup for Next Mark 0.506ms
[2023-11-18T17:33:35.647-0700][4.520s] GC(8) Concurrent Mark Cycle 32.014ms
[2023-11-18T17:33:36.490-0700][5.363s] GC(9) Pause Young (Prepare Mixed) (G1 Evacuation Pause)
[2023-11-18T17:33:36.490-0700][5.363s] GC(9) Using 8 workers of 8 for evacuation
[2023-11-18T17:33:36.497-0700][5.370s] GC(9)   Pre Evacuate Collection Set: 0.1ms
[2023-11-18T17:33:36.497-0700][5.370s] GC(9)   Merge Heap Roots: 0.1ms
[2023-11-18T17:33:36.497-0700][5.370s] GC(9)   Evacuate Collection Set: 6.1ms
[2023-11-18T17:33:36.497-0700][5.370s] GC(9)   Post Evacuate Collection Set: 0.8ms
[2023-11-18T17:33:36.497-0700][5.370s] GC(9)   Other: 0.1ms
[2023-11-18T17:33:36.497-0700][5.370s] GC(9) Eden regions: 301->0(1)
[2023-11-18T17:33:36.497-0700][5.370s] GC(9) Survivor regions: 6->24(39)
[2023-11-18T17:33:36.497-0700][5.370s] GC(9) Old regions: 24->24
[2023-11-18T17:33:36.497-0700][5.370s] GC(9) Archive regions: 2->2
[2023-11-18T17:33:36.497-0700][5.370s] GC(9) Humongous regions: 4->4
[2023-11-18T17:33:36.497-0700][5.370s] GC(9) Metaspace: 44851K(45376K)->44851K(45376K) NonClass: 39743K(40064K)->39743K(40064K) Class: 5107K(5312K)->5107K(5312K)
[2023-11-18T17:33:36.497-0700][5.370s] GC(9) Pause Young (Prepare Mixed) (G1 Evacuation Pause) 335M->52M(512M) 7.435ms
[2023-11-18T17:33:36.497-0700][5.370s] GC(9) User=0.04s Sys=0.00s Real=0.00s
[2023-11-18T17:33:36.499-0700][5.372s] GC(10) Pause Young (Mixed) (G1 Evacuation Pause)
[2023-11-18T17:33:36.499-0700][5.372s] GC(10) Using 8 workers of 8 for evacuation
[2023-11-18T17:33:36.508-0700][5.381s] GC(10)   Pre Evacuate Collection Set: 0.1ms
[2023-11-18T17:33:36.508-0700][5.381s] GC(10)   Merge Heap Roots: 0.1ms
[2023-11-18T17:33:36.508-0700][5.381s] GC(10)   Evacuate Collection Set: 8.2ms
[2023-11-18T17:33:36.508-0700][5.381s] GC(10)   Post Evacuate Collection Set: 0.4ms
[2023-11-18T17:33:36.508-0700][5.381s] GC(10)   Other: 0.1ms
[2023-11-18T17:33:36.508-0700][5.381s] GC(10) Eden regions: 1->0(305)
[2023-11-18T17:33:36.508-0700][5.381s] GC(10) Survivor regions: 24->2(4)
[2023-11-18T17:33:36.508-0700][5.381s] GC(10) Old regions: 24->47
[2023-11-18T17:33:36.508-0700][5.381s] GC(10) Archive regions: 2->2
[2023-11-18T17:33:36.508-0700][5.381s] GC(10) Humongous regions: 4->4
[2023-11-18T17:33:36.508-0700][5.381s] GC(10) Metaspace: 44854K(45376K)->44854K(45376K) NonClass: 39747K(40064K)->39747K(40064K) Class: 5107K(5312K)->5107K(5312K)
[2023-11-18T17:33:36.508-0700][5.381s] GC(10) Pause Young (Mixed) (G1 Evacuation Pause) 53M->53M(512M) 9.086ms
[2023-11-18T17:33:36.508-0700][5.381s] GC(10) User=0.06s Sys=0.00s Real=0.01s
