Java HotSpot(TM) 64-Bit Server VM (25.221-b11) for bsd-amd64 JRE (1.8.0_221-b11), built on Jul  4 2019 04:36:22 by "java_re" with gcc 4.2.1 (Based on Apple Inc. build 5658) (LLVM build 2336.11.00)
Memory: 4k page, physical 16777216k(3019532k free)

/proc/meminfo:

CommandLine flags: -XX:+AlwaysPreTouch -XX:GCLogFileSize=20971520 -XX:InitialHeapSize=536870912 -XX:MaxGCPauseMillis=250 -XX:MaxHeapSize=536870912 -XX:NumberOfGCLogFiles=9 -XX:OnOutOfMemoryError=/Users/hemant/GithubWorkspace/SWMSpring20/CODE/solr_server/solr-8.5.0/bin/oom_solr.sh 8983 /Users/hemant/GithubWorkspace/SWMSpring20/CODE/solr_server/solr-8.5.0/server/logs -XX:+ParallelRefProcEnabled -XX:+PerfDisableSharedMem -XX:+PrintGC -XX:+PrintGCApplicationStoppedTime -XX:+PrintGCDateStamps -XX:+PrintGCDetails -XX:+PrintGCTimeStamps -XX:+PrintHeapAtGC -XX:+PrintTenuringDistribution -XX:ThreadStackSize=256 -XX:+UseCompressedClassPointers -XX:+UseCompressedOops -XX:+UseG1GC -XX:+UseGCLogFileRotation -XX:-UseLargePages 
2020-04-29T23:21:47.886+0700: 0.328: Total time for which application threads were stopped: 0.0000704 seconds, Stopping threads took: 0.0000072 seconds
2020-04-29T23:21:47.897+0700: 0.339: Total time for which application threads were stopped: 0.0000657 seconds, Stopping threads took: 0.0000066 seconds
2020-04-29T23:21:47.966+0700: 0.408: Total time for which application threads were stopped: 0.0000884 seconds, Stopping threads took: 0.0000077 seconds
2020-04-29T23:21:48.061+0700: 0.503: Total time for which application threads were stopped: 0.0001566 seconds, Stopping threads took: 0.0000105 seconds
2020-04-29T23:21:48.195+0700: 0.637: Total time for which application threads were stopped: 0.0001822 seconds, Stopping threads took: 0.0000097 seconds
{Heap before GC invocations=0 (full 0):
 garbage-first heap   total 524288K, used 30720K [0x00000007a0000000, 0x00000007a0101000, 0x00000007c0000000)
  region size 1024K, 30 young (30720K), 0 survivors (0K)
 Metaspace       used 11780K, capacity 12050K, committed 12288K, reserved 1060864K
  class space    used 1410K, capacity 1510K, committed 1536K, reserved 1048576K
2020-04-29T23:21:48.246+0700: 0.688: [GC pause (G1 Evacuation Pause) (young)
Desired survivor size 2097152 bytes, new threshold 15 (max 15)
, 0.0048210 secs]
   [Parallel Time: 2.6 ms, GC Workers: 8]
      [GC Worker Start (ms): Min: 688.0, Avg: 688.1, Max: 688.1, Diff: 0.1]
      [Ext Root Scanning (ms): Min: 0.0, Avg: 0.3, Max: 1.3, Diff: 1.3, Sum: 2.8]
      [Update RS (ms): Min: 0.0, Avg: 0.0, Max: 0.0, Diff: 0.0, Sum: 0.0]
         [Processed Buffers: Min: 0, Avg: 0.0, Max: 0, Diff: 0, Sum: 0]
      [Scan RS (ms): Min: 0.0, Avg: 0.0, Max: 0.0, Diff: 0.0, Sum: 0.0]
      [Code Root Scanning (ms): Min: 0.0, Avg: 0.2, Max: 0.7, Diff: 0.7, Sum: 1.3]
      [Object Copy (ms): Min: 0.7, Avg: 1.5, Max: 2.1, Diff: 1.5, Sum: 11.8]
      [Termination (ms): Min: 0.0, Avg: 0.4, Max: 0.5, Diff: 0.5, Sum: 3.6]
         [Termination Attempts: Min: 1, Avg: 21.8, Max: 36, Diff: 35, Sum: 174]
      [GC Worker Other (ms): Min: 0.0, Avg: 0.0, Max: 0.3, Diff: 0.3, Sum: 0.3]
      [GC Worker Total (ms): Min: 2.4, Avg: 2.5, Max: 2.6, Diff: 0.2, Sum: 19.9]
      [GC Worker End (ms): Min: 690.5, Avg: 690.6, Max: 690.6, Diff: 0.1]
   [Code Root Fixup: 0.0 ms]
   [Code Root Purge: 0.0 ms]
   [Clear CT: 0.1 ms]
   [Other: 2.1 ms]
      [Choose CSet: 0.0 ms]
      [Ref Proc: 1.9 ms]
      [Ref Enq: 0.1 ms]
      [Redirty Cards: 0.1 ms]
      [Humongous Register: 0.0 ms]
      [Humongous Reclaim: 0.0 ms]
      [Free CSet: 0.0 ms]
   [Eden: 30.0M(30.0M)->0.0B(49.0M) Survivors: 0.0B->4096.0K Heap: 30.0M(512.0M)->5561.5K(512.0M)]
Heap after GC invocations=1 (full 0):
 garbage-first heap   total 524288K, used 5561K [0x00000007a0000000, 0x00000007a0101000, 0x00000007c0000000)
  region size 1024K, 4 young (4096K), 4 survivors (4096K)
 Metaspace       used 11780K, capacity 12050K, committed 12288K, reserved 1060864K
  class space    used 1410K, capacity 1510K, committed 1536K, reserved 1048576K
}
 [Times: user=0.03 sys=0.00, real=0.01 secs] 
2020-04-29T23:21:48.251+0700: 0.693: Total time for which application threads were stopped: 0.0050001 seconds, Stopping threads took: 0.0000088 seconds
2020-04-29T23:21:48.280+0700: 0.722: Total time for which application threads were stopped: 0.0001930 seconds, Stopping threads took: 0.0000249 seconds
2020-04-29T23:21:48.403+0700: 0.845: Total time for which application threads were stopped: 0.0001799 seconds, Stopping threads took: 0.0000089 seconds
2020-04-29T23:21:48.524+0700: 0.966: Total time for which application threads were stopped: 0.0002721 seconds, Stopping threads took: 0.0000086 seconds
2020-04-29T23:21:48.528+0700: 0.971: Total time for which application threads were stopped: 0.0001238 seconds, Stopping threads took: 0.0000074 seconds
2020-04-29T23:21:48.566+0700: 1.008: Total time for which application threads were stopped: 0.0001528 seconds, Stopping threads took: 0.0000095 seconds
2020-04-29T23:21:48.577+0700: 1.019: Total time for which application threads were stopped: 0.0002053 seconds, Stopping threads took: 0.0000255 seconds
{Heap before GC invocations=1 (full 0):
 garbage-first heap   total 524288K, used 55737K [0x00000007a0000000, 0x00000007a0101000, 0x00000007c0000000)
  region size 1024K, 51 young (52224K), 4 survivors (4096K)
 Metaspace       used 18299K, capacity 18592K, committed 18816K, reserved 1064960K
  class space    used 2217K, capacity 2315K, committed 2432K, reserved 1048576K
2020-04-29T23:21:48.663+0700: 1.105: [GC pause (G1 Evacuation Pause) (young)
Desired survivor size 3670016 bytes, new threshold 15 (max 15)
- age   1:    2760424 bytes,    2760424 total
, 0.0106809 secs]
   [Parallel Time: 7.6 ms, GC Workers: 8]
      [GC Worker Start (ms): Min: 1105.4, Avg: 1105.5, Max: 1105.5, Diff: 0.1]
      [Ext Root Scanning (ms): Min: 0.3, Avg: 0.5, Max: 1.2, Diff: 0.9, Sum: 4.3]
      [Update RS (ms): Min: 0.8, Avg: 0.8, Max: 0.9, Diff: 0.1, Sum: 6.8]
         [Processed Buffers: Min: 1, Avg: 1.1, Max: 2, Diff: 1, Sum: 9]
      [Scan RS (ms): Min: 0.0, Avg: 0.0, Max: 0.1, Diff: 0.1, Sum: 0.3]
      [Code Root Scanning (ms): Min: 0.0, Avg: 0.2, Max: 1.0, Diff: 1.0, Sum: 1.4]
      [Object Copy (ms): Min: 4.6, Avg: 5.3, Max: 5.5, Diff: 0.9, Sum: 42.1]
      [Termination (ms): Min: 0.0, Avg: 0.5, Max: 0.7, Diff: 0.7, Sum: 4.2]
         [Termination Attempts: Min: 1, Avg: 47.8, Max: 71, Diff: 70, Sum: 382]
      [GC Worker Other (ms): Min: 0.0, Avg: 0.0, Max: 0.0, Diff: 0.0, Sum: 0.1]
      [GC Worker Total (ms): Min: 7.3, Avg: 7.4, Max: 7.5, Diff: 0.1, Sum: 59.1]
      [GC Worker End (ms): Min: 1112.8, Avg: 1112.9, Max: 1113.0, Diff: 0.2]
   [Code Root Fixup: 0.1 ms]
   [Code Root Purge: 0.0 ms]
   [Clear CT: 0.1 ms]
   [Other: 2.9 ms]
      [Choose CSet: 0.0 ms]
      [Ref Proc: 2.5 ms]
      [Ref Enq: 0.1 ms]
      [Redirty Cards: 0.1 ms]
      [Humongous Register: 0.0 ms]
      [Humongous Reclaim: 0.0 ms]
      [Free CSet: 0.1 ms]
   [Eden: 47.0M(47.0M)->0.0B(253.0M) Survivors: 4096.0K->7168.0K Heap: 54.4M(512.0M)->19.6M(512.0M)]
Heap after GC invocations=2 (full 0):
 garbage-first heap   total 524288K, used 20046K [0x00000007a0000000, 0x00000007a0101000, 0x00000007c0000000)
  region size 1024K, 7 young (7168K), 7 survivors (7168K)
 Metaspace       used 18299K, capacity 18592K, committed 18816K, reserved 1064960K
  class space    used 2217K, capacity 2315K, committed 2432K, reserved 1048576K
}
 [Times: user=0.07 sys=0.00, real=0.01 secs] 
2020-04-29T23:21:48.674+0700: 1.116: Total time for which application threads were stopped: 0.0109045 seconds, Stopping threads took: 0.0000292 seconds
2020-04-29T23:21:48.789+0700: 1.231: Total time for which application threads were stopped: 0.0002496 seconds, Stopping threads took: 0.0000103 seconds
{Heap before GC invocations=2 (full 0):
 garbage-first heap   total 524288K, used 58958K [0x00000007a0000000, 0x00000007a0101000, 0x00000007c0000000)
  region size 1024K, 45 young (46080K), 7 survivors (7168K)
 Metaspace       used 20227K, capacity 20666K, committed 20992K, reserved 1067008K
  class space    used 2425K, capacity 2530K, committed 2560K, reserved 1048576K
2020-04-29T23:21:48.893+0700: 1.335: [GC pause (G1 Evacuation Pause) (young)
Desired survivor size 2097152 bytes, new threshold 1 (max 15)
- age   1:    5369048 bytes,    5369048 total
- age   2:     813616 bytes,    6182664 total
, 0.0093493 secs]
   [Parallel Time: 6.6 ms, GC Workers: 8]
      [GC Worker Start (ms): Min: 1335.5, Avg: 1335.6, Max: 1335.6, Diff: 0.1]
      [Ext Root Scanning (ms): Min: 0.1, Avg: 0.5, Max: 1.2, Diff: 1.1, Sum: 3.6]
      [Update RS (ms): Min: 0.0, Avg: 0.2, Max: 0.6, Diff: 0.6, Sum: 1.3]
         [Processed Buffers: Min: 0, Avg: 2.0, Max: 5, Diff: 5, Sum: 16]
      [Scan RS (ms): Min: 0.9, Avg: 1.2, Max: 1.5, Diff: 0.6, Sum: 9.6]
      [Code Root Scanning (ms): Min: 0.0, Avg: 0.2, Max: 0.4, Diff: 0.4, Sum: 1.8]
      [Object Copy (ms): Min: 4.2, Avg: 4.4, Max: 4.6, Diff: 0.4, Sum: 34.8]
      [Termination (ms): Min: 0.0, Avg: 0.0, Max: 0.0, Diff: 0.0, Sum: 0.0]
         [Termination Attempts: Min: 1, Avg: 10.9, Max: 15, Diff: 14, Sum: 87]
      [GC Worker Other (ms): Min: 0.0, Avg: 0.0, Max: 0.0, Diff: 0.0, Sum: 0.1]
      [GC Worker Total (ms): Min: 6.4, Avg: 6.4, Max: 6.5, Diff: 0.1, Sum: 51.3]
      [GC Worker End (ms): Min: 1342.0, Avg: 1342.0, Max: 1342.0, Diff: 0.0]
   [Code Root Fixup: 0.0 ms]
   [Code Root Purge: 0.0 ms]
   [Clear CT: 0.1 ms]
   [Other: 2.6 ms]
      [Choose CSet: 0.0 ms]
      [Ref Proc: 2.3 ms]
      [Ref Enq: 0.1 ms]
      [Redirty Cards: 0.1 ms]
      [Humongous Register: 0.0 ms]
      [Humongous Reclaim: 0.0 ms]
      [Free CSet: 0.1 ms]
   [Eden: 38.0M(18.0M)->0.0B(303.0M) Survivors: 7168.0K->4096.0K Heap: 57.6M(512.0M)->28.5M(512.0M)]
Heap after GC invocations=3 (full 0):
 garbage-first heap   total 524288K, used 29184K [0x00000007a0000000, 0x00000007a0101000, 0x00000007c0000000)
  region size 1024K, 4 young (4096K), 4 survivors (4096K)
 Metaspace       used 20227K, capacity 20666K, committed 20992K, reserved 1067008K
  class space    used 2425K, capacity 2530K, committed 2560K, reserved 1048576K
}
 [Times: user=0.06 sys=0.01, real=0.01 secs] 
2020-04-29T23:21:48.903+0700: 1.345: Total time for which application threads were stopped: 0.0095767 seconds, Stopping threads took: 0.0000298 seconds
2020-04-29T23:21:48.919+0700: 1.361: Total time for which application threads were stopped: 0.0008936 seconds, Stopping threads took: 0.0000405 seconds
2020-04-29T23:21:48.921+0700: 1.363: Total time for which application threads were stopped: 0.0002129 seconds, Stopping threads took: 0.0000126 seconds
{Heap before GC invocations=3 (full 0):
 garbage-first heap   total 524288K, used 30208K [0x00000007a0000000, 0x00000007a0101000, 0x00000007c0000000)
  region size 1024K, 6 young (6144K), 4 survivors (4096K)
 Metaspace       used 20639K, capacity 21054K, committed 21296K, reserved 1069056K
  class space    used 2480K, capacity 2596K, committed 2688K, reserved 1048576K
2020-04-29T23:21:48.924+0700: 1.367: [GC pause (Metadata GC Threshold) (young) (initial-mark)
Desired survivor size 20447232 bytes, new threshold 15 (max 15)
- age   1:    1344280 bytes,    1344280 total
, 0.0120667 secs]
   [Parallel Time: 3.2 ms, GC Workers: 8]
      [GC Worker Start (ms): Min: 1366.7, Avg: 1367.0, Max: 1367.3, Diff: 0.6]
      [Ext Root Scanning (ms): Min: 0.2, Avg: 0.7, Max: 2.5, Diff: 2.3, Sum: 5.5]
      [Update RS (ms): Min: 0.0, Avg: 0.8, Max: 2.3, Diff: 2.3, Sum: 6.4]
         [Processed Buffers: Min: 0, Avg: 1.9, Max: 6, Diff: 6, Sum: 15]
      [Scan RS (ms): Min: 0.0, Avg: 0.3, Max: 1.4, Diff: 1.4, Sum: 2.3]
      [Code Root Scanning (ms): Min: 0.0, Avg: 0.0, Max: 0.2, Diff: 0.2, Sum: 0.3]
      [Object Copy (ms): Min: 0.0, Avg: 0.5, Max: 1.1, Diff: 1.1, Sum: 4.0]
      [Termination (ms): Min: 0.0, Avg: 0.5, Max: 0.6, Diff: 0.6, Sum: 3.6]
         [Termination Attempts: Min: 1, Avg: 7.8, Max: 18, Diff: 17, Sum: 62]
      [GC Worker Other (ms): Min: 0.0, Avg: 0.0, Max: 0.0, Diff: 0.0, Sum: 0.1]
      [GC Worker Total (ms): Min: 2.5, Avg: 2.8, Max: 3.1, Diff: 0.6, Sum: 22.2]
      [GC Worker End (ms): Min: 1369.8, Avg: 1369.8, Max: 1369.8, Diff: 0.0]
   [Code Root Fixup: 0.0 ms]
   [Code Root Purge: 0.0 ms]
   [Clear CT: 0.1 ms]
   [Other: 8.7 ms]
      [Choose CSet: 0.0 ms]
      [Ref Proc: 8.3 ms]
      [Ref Enq: 0.1 ms]
      [Redirty Cards: 0.1 ms]
      [Humongous Register: 0.0 ms]
      [Humongous Reclaim: 0.0 ms]
      [Free CSet: 0.0 ms]
   [Eden: 2048.0K(303.0M)->0.0B(304.0M) Survivors: 4096.0K->3072.0K Heap: 30.5M(512.0M)->27.4M(512.0M)]
Heap after GC invocations=4 (full 0):
 garbage-first heap   total 524288K, used 28101K [0x00000007a0000000, 0x00000007a0101000, 0x00000007c0000000)
  region size 1024K, 3 young (3072K), 3 survivors (3072K)
 Metaspace       used 20639K, capacity 21054K, committed 21296K, reserved 1069056K
  class space    used 2480K, capacity 2596K, committed 2688K, reserved 1048576K
}
 [Times: user=0.04 sys=0.00, real=0.01 secs] 
2020-04-29T23:21:48.937+0700: 1.379: [GC concurrent-root-region-scan-start]
2020-04-29T23:21:48.937+0700: 1.379: Total time for which application threads were stopped: 0.0124377 seconds, Stopping threads took: 0.0000122 seconds
2020-04-29T23:21:48.938+0700: 1.381: [GC concurrent-root-region-scan-end, 0.0017461 secs]
2020-04-29T23:21:48.938+0700: 1.381: [GC concurrent-mark-start]
2020-04-29T23:21:48.948+0700: 1.390: Total time for which application threads were stopped: 0.0002278 seconds, Stopping threads took: 0.0000145 seconds
2020-04-29T23:21:48.956+0700: 1.398: Total time for which application threads were stopped: 0.0001966 seconds, Stopping threads took: 0.0000105 seconds
2020-04-29T23:21:48.957+0700: 1.399: [GC concurrent-mark-end, 0.0184374 secs]
2020-04-29T23:21:48.957+0700: 1.399: [GC remark 2020-04-29T23:21:48.957+0700: 1.399: [Finalize Marking, 0.0007167 secs] 2020-04-29T23:21:48.958+0700: 1.400: [GC ref-proc, 0.0058482 secs] 2020-04-29T23:21:48.964+0700: 1.406: [Unloading, 0.0033335 secs], 0.0102395 secs]
 [Times: user=0.05 sys=0.01, real=0.01 secs] 
2020-04-29T23:21:48.967+0700: 1.409: Total time for which application threads were stopped: 0.0104198 seconds, Stopping threads took: 0.0000447 seconds
2020-04-29T23:21:48.967+0700: 1.410: [GC cleanup 28M->20M(512M), 0.0005021 secs]
 [Times: user=0.00 sys=0.00, real=0.00 secs] 
2020-04-29T23:21:48.968+0700: 1.410: Total time for which application threads were stopped: 0.0006137 seconds, Stopping threads took: 0.0000260 seconds
2020-04-29T23:21:48.968+0700: 1.410: [GC concurrent-cleanup-start]
2020-04-29T23:21:48.968+0700: 1.410: [GC concurrent-cleanup-end, 0.0000122 secs]
2020-04-29T23:21:49.269+0700: 1.711: Total time for which application threads were stopped: 0.0003172 seconds, Stopping threads took: 0.0000123 seconds
2020-04-29T23:21:49.274+0700: 1.716: Total time for which application threads were stopped: 0.0002067 seconds, Stopping threads took: 0.0000096 seconds
2020-04-29T23:21:49.275+0700: 1.717: Total time for which application threads were stopped: 0.0002003 seconds, Stopping threads took: 0.0000141 seconds
2020-04-29T23:21:49.417+0700: 1.859: Total time for which application threads were stopped: 0.0003130 seconds, Stopping threads took: 0.0000121 seconds
2020-04-29T23:21:49.458+0700: 1.900: Total time for which application threads were stopped: 0.0004442 seconds, Stopping threads took: 0.0000153 seconds
2020-04-29T23:21:49.519+0700: 1.961: Total time for which application threads were stopped: 0.0003990 seconds, Stopping threads took: 0.0000149 seconds
2020-04-29T23:21:49.556+0700: 1.998: Total time for which application threads were stopped: 0.0003275 seconds, Stopping threads took: 0.0000129 seconds
2020-04-29T23:21:50.002+0700: 2.444: Total time for which application threads were stopped: 0.0003630 seconds, Stopping threads took: 0.0002057 seconds
2020-04-29T23:21:50.196+0700: 2.638: Total time for which application threads were stopped: 0.0002198 seconds, Stopping threads took: 0.0000330 seconds
{Heap before GC invocations=5 (full 0):
 garbage-first heap   total 524288K, used 331717K [0x00000007a0000000, 0x00000007a0101000, 0x00000007c0000000)
  region size 1024K, 307 young (314368K), 3 survivors (3072K)
 Metaspace       used 33900K, capacity 34906K, committed 35016K, reserved 1079296K
  class space    used 4048K, capacity 4297K, committed 4300K, reserved 1048576K
2020-04-29T23:21:50.239+0700: 2.681: [GC pause (G1 Evacuation Pause) (young) (initial-mark)
Desired survivor size 20447232 bytes, new threshold 15 (max 15)
- age   1:      83432 bytes,      83432 total
- age   2:    1303592 bytes,    1387024 total
, 0.0082839 secs]
   [Parallel Time: 4.7 ms, GC Workers: 8]
      [GC Worker Start (ms): Min: 2681.3, Avg: 2681.4, Max: 2681.4, Diff: 0.1]
      [Ext Root Scanning (ms): Min: 0.8, Avg: 0.9, Max: 0.9, Diff: 0.1, Sum: 7.2]
      [Update RS (ms): Min: 0.0, Avg: 0.2, Max: 0.5, Diff: 0.5, Sum: 1.7]
         [Processed Buffers: Min: 1, Avg: 2.6, Max: 9, Diff: 8, Sum: 21]
      [Scan RS (ms): Min: 0.0, Avg: 0.0, Max: 0.0, Diff: 0.0, Sum: 0.2]
      [Code Root Scanning (ms): Min: 0.0, Avg: 0.1, Max: 0.7, Diff: 0.7, Sum: 1.2]
      [Object Copy (ms): Min: 2.7, Avg: 3.2, Max: 3.4, Diff: 0.6, Sum: 25.8]
      [Termination (ms): Min: 0.0, Avg: 0.0, Max: 0.0, Diff: 0.0, Sum: 0.0]
         [Termination Attempts: Min: 1, Avg: 1.0, Max: 1, Diff: 0, Sum: 8]
      [GC Worker Other (ms): Min: 0.0, Avg: 0.0, Max: 0.0, Diff: 0.0, Sum: 0.2]
      [GC Worker Total (ms): Min: 4.5, Avg: 4.5, Max: 4.6, Diff: 0.1, Sum: 36.3]
      [GC Worker End (ms): Min: 2685.9, Avg: 2685.9, Max: 2685.9, Diff: 0.0]
   [Code Root Fixup: 0.0 ms]
   [Code Root Purge: 0.1 ms]
   [Clear CT: 0.3 ms]
   [Other: 3.2 ms]
      [Choose CSet: 0.0 ms]
      [Ref Proc: 2.7 ms]
      [Ref Enq: 0.2 ms]
      [Redirty Cards: 0.1 ms]
      [Humongous Register: 0.0 ms]
      [Humongous Reclaim: 0.0 ms]
      [Free CSet: 0.1 ms]
   [Eden: 304.0M(304.0M)->0.0B(287.0M) Survivors: 3072.0K->20.0M Heap: 323.9M(512.0M)->36.2M(512.0M)]
Heap after GC invocations=6 (full 0):
 garbage-first heap   total 524288K, used 37090K [0x00000007a0000000, 0x00000007a0101000, 0x00000007c0000000)
  region size 1024K, 20 young (20480K), 20 survivors (20480K)
 Metaspace       used 33900K, capacity 34906K, committed 35016K, reserved 1079296K
  class space    used 4048K, capacity 4297K, committed 4300K, reserved 1048576K
}
 [Times: user=0.05 sys=0.00, real=0.01 secs] 
2020-04-29T23:21:50.248+0700: 2.690: [GC concurrent-root-region-scan-start]
2020-04-29T23:21:50.248+0700: 2.690: Total time for which application threads were stopped: 0.0086251 seconds, Stopping threads took: 0.0000417 seconds
2020-04-29T23:21:50.253+0700: 2.696: [GC concurrent-root-region-scan-end, 0.0059381 secs]
2020-04-29T23:21:50.253+0700: 2.696: [GC concurrent-mark-start]
2020-04-29T23:21:50.269+0700: 2.711: [GC concurrent-mark-end, 0.0151228 secs]
2020-04-29T23:21:50.269+0700: 2.711: [GC remark 2020-04-29T23:21:50.269+0700: 2.711: [Finalize Marking, 0.0001005 secs] 2020-04-29T23:21:50.269+0700: 2.711: [GC ref-proc, 0.0014617 secs] 2020-04-29T23:21:50.270+0700: 2.712: [Unloading, 0.0028013 secs], 0.0046629 secs]
 [Times: user=0.03 sys=0.00, real=0.01 secs] 
2020-04-29T23:21:50.273+0700: 2.716: Total time for which application threads were stopped: 0.0048138 seconds, Stopping threads took: 0.0000259 seconds
2020-04-29T23:21:50.274+0700: 2.716: [GC cleanup 55M->55M(512M), 0.0008304 secs]
 [Times: user=0.00 sys=0.01, real=0.00 secs] 
2020-04-29T23:21:50.275+0700: 2.717: Total time for which application threads were stopped: 0.0009947 seconds, Stopping threads took: 0.0000361 seconds
{Heap before GC invocations=7 (full 0):
 garbage-first heap   total 524288K, used 331875K [0x00000007a0000000, 0x00000007a0101000, 0x00000007c0000000)
  region size 1024K, 307 young (314368K), 20 survivors (20480K)
 Metaspace       used 35519K, capacity 36518K, committed 36552K, reserved 1081344K
  class space    used 4304K, capacity 4539K, committed 4556K, reserved 1048576K
2020-04-29T23:21:50.474+0700: 2.916: [GC pause (G1 Evacuation Pause) (young)
Desired survivor size 20447232 bytes, new threshold 15 (max 15)
- age   1:    8062744 bytes,    8062744 total
- age   2:      57464 bytes,    8120208 total
- age   3:    1262792 bytes,    9383000 total
, 0.0061106 secs]
   [Parallel Time: 4.1 ms, GC Workers: 8]
      [GC Worker Start (ms): Min: 2916.5, Avg: 2916.6, Max: 2916.6, Diff: 0.0]
      [Ext Root Scanning (ms): Min: 0.2, Avg: 0.4, Max: 1.5, Diff: 1.3, Sum: 2.9]
      [Update RS (ms): Min: 0.0, Avg: 0.2, Max: 0.4, Diff: 0.4, Sum: 1.4]
         [Processed Buffers: Min: 0, Avg: 1.6, Max: 4, Diff: 4, Sum: 13]
      [Scan RS (ms): Min: 0.0, Avg: 0.0, Max: 0.1, Diff: 0.1, Sum: 0.2]
      [Code Root Scanning (ms): Min: 0.0, Avg: 0.2, Max: 1.0, Diff: 1.0, Sum: 1.5]
      [Object Copy (ms): Min: 2.5, Avg: 3.3, Max: 3.6, Diff: 1.1, Sum: 26.1]
      [Termination (ms): Min: 0.0, Avg: 0.0, Max: 0.0, Diff: 0.0, Sum: 0.0]
         [Termination Attempts: Min: 1, Avg: 1.0, Max: 1, Diff: 0, Sum: 8]
      [GC Worker Other (ms): Min: 0.0, Avg: 0.0, Max: 0.0, Diff: 0.0, Sum: 0.2]
      [GC Worker Total (ms): Min: 4.0, Avg: 4.0, Max: 4.1, Diff: 0.1, Sum: 32.3]
      [GC Worker End (ms): Min: 2920.6, Avg: 2920.6, Max: 2920.6, Diff: 0.0]
   [Code Root Fixup: 0.0 ms]
   [Code Root Purge: 0.0 ms]
   [Clear CT: 0.1 ms]
   [Other: 1.8 ms]
      [Choose CSet: 0.0 ms]
      [Ref Proc: 1.3 ms]
      [Ref Enq: 0.2 ms]
      [Redirty Cards: 0.2 ms]
      [Humongous Register: 0.0 ms]
      [Humongous Reclaim: 0.0 ms]
      [Free CSet: 0.1 ms]
   [Eden: 287.0M(287.0M)->0.0B(289.0M) Survivors: 20.0M->18.0M Heap: 324.1M(512.0M)->35.0M(512.0M)]
Heap after GC invocations=8 (full 0):
 garbage-first heap   total 524288K, used 35840K [0x00000007a0000000, 0x00000007a0101000, 0x00000007c0000000)
  region size 1024K, 18 young (18432K), 18 survivors (18432K)
 Metaspace       used 35519K, capacity 36518K, committed 36552K, reserved 1081344K
  class space    used 4304K, capacity 4539K, committed 4556K, reserved 1048576K
}
 [Times: user=0.03 sys=0.00, real=0.01 secs] 
2020-04-29T23:21:50.481+0700: 2.923: Total time for which application threads were stopped: 0.0063738 seconds, Stopping threads took: 0.0000555 seconds
2020-04-29T23:21:50.583+0700: 3.025: Total time for which application threads were stopped: 0.0005046 seconds, Stopping threads took: 0.0000164 seconds
2020-04-29T23:21:50.647+0700: 3.089: Total time for which application threads were stopped: 0.0005026 seconds, Stopping threads took: 0.0000146 seconds
2020-04-29T23:21:50.796+0700: 3.238: Total time for which application threads were stopped: 0.0004573 seconds, Stopping threads took: 0.0000143 seconds
{Heap before GC invocations=8 (full 0):
 garbage-first heap   total 524288K, used 331776K [0x00000007a0000000, 0x00000007a0101000, 0x00000007c0000000)
  region size 1024K, 307 young (314368K), 18 survivors (18432K)
 Metaspace       used 39914K, capacity 41178K, committed 41288K, reserved 1085440K
  class space    used 4868K, capacity 5157K, committed 5196K, reserved 1048576K
2020-04-29T23:21:50.956+0700: 3.398: [GC pause (G1 Evacuation Pause) (young)
Desired survivor size 20447232 bytes, new threshold 15 (max 15)
- age   1:    2471272 bytes,    2471272 total
- age   2:    7688816 bytes,   10160088 total
- age   3:      57464 bytes,   10217552 total
- age   4:    1260496 bytes,   11478048 total
, 0.0092410 secs]
   [Parallel Time: 5.9 ms, GC Workers: 8]
      [GC Worker Start (ms): Min: 3397.9, Avg: 3397.9, Max: 3398.0, Diff: 0.1]
      [Ext Root Scanning (ms): Min: 0.2, Avg: 0.8, Max: 1.8, Diff: 1.6, Sum: 6.1]
      [Update RS (ms): Min: 0.0, Avg: 0.2, Max: 0.4, Diff: 0.4, Sum: 1.5]
         [Processed Buffers: Min: 0, Avg: 2.0, Max: 6, Diff: 6, Sum: 16]
      [Scan RS (ms): Min: 0.0, Avg: 0.0, Max: 0.1, Diff: 0.1, Sum: 0.2]
      [Code Root Scanning (ms): Min: 0.0, Avg: 0.4, Max: 1.1, Diff: 1.1, Sum: 3.6]
      [Object Copy (ms): Min: 4.0, Avg: 4.3, Max: 5.0, Diff: 1.0, Sum: 34.7]
      [Termination (ms): Min: 0.0, Avg: 0.0, Max: 0.0, Diff: 0.0, Sum: 0.1]
         [Termination Attempts: Min: 1, Avg: 27.5, Max: 42, Diff: 41, Sum: 220]
      [GC Worker Other (ms): Min: 0.0, Avg: 0.0, Max: 0.0, Diff: 0.0, Sum: 0.3]
      [GC Worker Total (ms): Min: 5.7, Avg: 5.8, Max: 5.8, Diff: 0.1, Sum: 46.4]
      [GC Worker End (ms): Min: 3403.7, Avg: 3403.7, Max: 3403.7, Diff: 0.0]
   [Code Root Fixup: 0.0 ms]
   [Code Root Purge: 0.0 ms]
   [Clear CT: 0.2 ms]
   [Other: 3.1 ms]
      [Choose CSet: 0.0 ms]
      [Ref Proc: 2.5 ms]
      [Ref Enq: 0.2 ms]
      [Redirty Cards: 0.2 ms]
      [Humongous Register: 0.0 ms]
      [Humongous Reclaim: 0.0 ms]
      [Free CSet: 0.1 ms]
   [Eden: 289.0M(289.0M)->0.0B(287.0M) Survivors: 18.0M->20.0M Heap: 324.0M(512.0M)->36.6M(512.0M)]
Heap after GC invocations=9 (full 0):
 garbage-first heap   total 524288K, used 37430K [0x00000007a0000000, 0x00000007a0101000, 0x00000007c0000000)
  region size 1024K, 20 young (20480K), 20 survivors (20480K)
 Metaspace       used 39914K, capacity 41178K, committed 41288K, reserved 1085440K
  class space    used 4868K, capacity 5157K, committed 5196K, reserved 1048576K
}
 [Times: user=0.05 sys=0.00, real=0.01 secs] 
2020-04-29T23:21:50.965+0700: 3.407: Total time for which application threads were stopped: 0.0095318 seconds, Stopping threads took: 0.0000665 seconds
2020-04-29T23:21:51.086+0700: 3.528: Total time for which application threads were stopped: 0.0007137 seconds, Stopping threads took: 0.0001202 seconds
2020-04-29T23:21:51.417+0700: 3.859: Total time for which application threads were stopped: 0.0001929 seconds, Stopping threads took: 0.0000165 seconds
2020-04-29T23:21:51.458+0700: 3.900: Total time for which application threads were stopped: 0.0006193 seconds, Stopping threads took: 0.0000342 seconds
2020-04-29T23:21:51.469+0700: 3.911: Total time for which application threads were stopped: 0.0006318 seconds, Stopping threads took: 0.0001605 seconds
2020-04-29T23:21:51.511+0700: 3.953: Total time for which application threads were stopped: 0.0005785 seconds, Stopping threads took: 0.0000303 seconds
2020-04-29T23:21:51.513+0700: 3.955: Total time for which application threads were stopped: 0.0004437 seconds, Stopping threads took: 0.0000279 seconds
2020-04-29T23:21:51.573+0700: 4.015: Total time for which application threads were stopped: 0.0007287 seconds, Stopping threads took: 0.0000179 seconds
2020-04-29T23:21:51.586+0700: 4.029: Total time for which application threads were stopped: 0.0005344 seconds, Stopping threads took: 0.0000155 seconds
2020-04-29T23:21:51.603+0700: 4.045: Total time for which application threads were stopped: 0.0005857 seconds, Stopping threads took: 0.0000142 seconds
2020-04-29T23:21:51.651+0700: 4.093: Total time for which application threads were stopped: 0.0005347 seconds, Stopping threads took: 0.0000264 seconds
{Heap before GC invocations=9 (full 0):
 garbage-first heap   total 524288K, used 331318K [0x00000007a0000000, 0x00000007a0101000, 0x00000007c0000000)
  region size 1024K, 307 young (314368K), 20 survivors (20480K)
 Metaspace       used 46383K, capacity 48206K, committed 48456K, reserved 1091584K
  class space    used 5775K, capacity 6163K, committed 6220K, reserved 1048576K
2020-04-29T23:21:51.747+0700: 4.189: [GC pause (G1 Evacuation Pause) (young)
Desired survivor size 20447232 bytes, new threshold 15 (max 15)
- age   1:    3158544 bytes,    3158544 total
- age   2:    1723736 bytes,    4882280 total
- age   3:    5922952 bytes,   10805232 total
- age   4:      57368 bytes,   10862600 total
- age   5:    1258672 bytes,   12121272 total
, 0.0165468 secs]
   [Parallel Time: 12.1 ms, GC Workers: 8]
      [GC Worker Start (ms): Min: 4188.9, Avg: 4188.9, Max: 4188.9, Diff: 0.1]
      [Ext Root Scanning (ms): Min: 0.3, Avg: 0.8, Max: 3.1, Diff: 2.9, Sum: 6.1]
      [Update RS (ms): Min: 0.0, Avg: 0.3, Max: 0.5, Diff: 0.5, Sum: 2.1]
         [Processed Buffers: Min: 0, Avg: 3.1, Max: 12, Diff: 12, Sum: 25]
      [Scan RS (ms): Min: 0.0, Avg: 0.0, Max: 0.1, Diff: 0.0, Sum: 0.2]
      [Code Root Scanning (ms): Min: 0.0, Avg: 0.4, Max: 1.1, Diff: 1.1, Sum: 3.2]
      [Object Copy (ms): Min: 8.4, Avg: 10.1, Max: 11.2, Diff: 2.9, Sum: 81.0]
      [Termination (ms): Min: 0.0, Avg: 0.3, Max: 0.4, Diff: 0.4, Sum: 2.7]
         [Termination Attempts: Min: 1, Avg: 1.0, Max: 1, Diff: 0, Sum: 8]
      [GC Worker Other (ms): Min: 0.0, Avg: 0.0, Max: 0.0, Diff: 0.0, Sum: 0.1]
      [GC Worker Total (ms): Min: 11.9, Avg: 11.9, Max: 12.0, Diff: 0.1, Sum: 95.3]
      [GC Worker End (ms): Min: 4200.8, Avg: 4200.8, Max: 4200.9, Diff: 0.2]
   [Code Root Fixup: 0.0 ms]
   [Code Root Purge: 0.0 ms]
   [Clear CT: 0.1 ms]
   [Other: 4.3 ms]
      [Choose CSet: 0.0 ms]
      [Ref Proc: 3.8 ms]
      [Ref Enq: 0.1 ms]
      [Redirty Cards: 0.1 ms]
      [Humongous Register: 0.0 ms]
      [Humongous Reclaim: 0.0 ms]
      [Free CSet: 0.2 ms]
   [Eden: 287.0M(287.0M)->0.0B(269.0M) Survivors: 20.0M->38.0M Heap: 323.6M(512.0M)->54.5M(512.0M)]
Heap after GC invocations=10 (full 0):
 garbage-first heap   total 524288K, used 55808K [0x00000007a0000000, 0x00000007a0101000, 0x00000007c0000000)
  region size 1024K, 38 young (38912K), 38 survivors (38912K)
 Metaspace       used 46383K, capacity 48206K, committed 48456K, reserved 1091584K
  class space    used 5775K, capacity 6163K, committed 6220K, reserved 1048576K
}
 [Times: user=0.11 sys=0.00, real=0.02 secs] 
2020-04-29T23:21:51.763+0700: 4.206: Total time for which application threads were stopped: 0.0169247 seconds, Stopping threads took: 0.0000206 seconds
2020-04-29T23:21:51.847+0700: 4.289: Total time for which application threads were stopped: 0.0004590 seconds, Stopping threads took: 0.0000357 seconds
2020-04-29T23:21:51.924+0700: 4.366: Total time for which application threads were stopped: 0.0001871 seconds, Stopping threads took: 0.0000542 seconds
2020-04-29T23:21:52.005+0700: 4.447: Total time for which application threads were stopped: 0.0001363 seconds, Stopping threads took: 0.0000168 seconds
2020-04-29T23:21:52.006+0700: 4.448: Total time for which application threads were stopped: 0.0000818 seconds, Stopping threads took: 0.0000332 seconds
2020-04-29T23:21:52.006+0700: 4.448: Total time for which application threads were stopped: 0.0000679 seconds, Stopping threads took: 0.0000235 seconds
2020-04-29T23:21:52.006+0700: 4.448: Total time for which application threads were stopped: 0.0000792 seconds, Stopping threads took: 0.0000256 seconds
2020-04-29T23:21:52.006+0700: 4.448: Total time for which application threads were stopped: 0.0000539 seconds, Stopping threads took: 0.0000100 seconds
2020-04-29T23:21:52.006+0700: 4.448: Total time for which application threads were stopped: 0.0000716 seconds, Stopping threads took: 0.0000333 seconds
2020-04-29T23:21:52.006+0700: 4.448: Total time for which application threads were stopped: 0.0000464 seconds, Stopping threads took: 0.0000137 seconds
2020-04-29T23:21:52.006+0700: 4.448: Total time for which application threads were stopped: 0.0000763 seconds, Stopping threads took: 0.0000231 seconds
2020-04-29T23:21:52.006+0700: 4.448: Total time for which application threads were stopped: 0.0000715 seconds, Stopping threads took: 0.0000193 seconds
2020-04-29T23:21:52.006+0700: 4.449: Total time for which application threads were stopped: 0.0000642 seconds, Stopping threads took: 0.0000164 seconds
2020-04-29T23:21:52.007+0700: 4.449: Total time for which application threads were stopped: 0.0000571 seconds, Stopping threads took: 0.0000213 seconds
2020-04-29T23:21:52.007+0700: 4.449: Total time for which application threads were stopped: 0.0000573 seconds, Stopping threads took: 0.0000230 seconds
2020-04-29T23:21:52.007+0700: 4.449: Total time for which application threads were stopped: 0.0000683 seconds, Stopping threads took: 0.0000355 seconds
2020-04-29T23:21:52.007+0700: 4.449: Total time for which application threads were stopped: 0.0000713 seconds, Stopping threads took: 0.0000255 seconds
2020-04-29T23:21:52.007+0700: 4.449: Total time for which application threads were stopped: 0.0000721 seconds, Stopping threads took: 0.0000390 seconds
2020-04-29T23:21:52.007+0700: 4.449: Total time for which application threads were stopped: 0.0000670 seconds, Stopping threads took: 0.0000330 seconds
2020-04-29T23:21:52.007+0700: 4.449: Total time for which application threads were stopped: 0.0000654 seconds, Stopping threads took: 0.0000252 seconds
2020-04-29T23:21:52.007+0700: 4.449: Total time for which application threads were stopped: 0.0000797 seconds, Stopping threads took: 0.0000353 seconds
2020-04-29T23:21:52.007+0700: 4.449: Total time for which application threads were stopped: 0.0000620 seconds, Stopping threads took: 0.0000290 seconds
2020-04-29T23:21:52.007+0700: 4.449: Total time for which application threads were stopped: 0.0000726 seconds, Stopping threads took: 0.0000302 seconds
2020-04-29T23:21:52.007+0700: 4.450: Total time for which application threads were stopped: 0.0000702 seconds, Stopping threads took: 0.0000242 seconds
2020-04-29T23:21:52.008+0700: 4.450: Total time for which application threads were stopped: 0.0001293 seconds, Stopping threads took: 0.0000218 seconds
2020-04-29T23:21:52.008+0700: 4.450: Total time for which application threads were stopped: 0.0000782 seconds, Stopping threads took: 0.0000303 seconds
2020-04-29T23:21:52.440+0700: 4.882: Total time for which application threads were stopped: 0.0001775 seconds, Stopping threads took: 0.0000348 seconds
2020-04-29T23:21:52.442+0700: 4.884: Total time for which application threads were stopped: 0.0002952 seconds, Stopping threads took: 0.0002196 seconds
2020-04-29T23:21:52.442+0700: 4.884: Total time for which application threads were stopped: 0.0001088 seconds, Stopping threads took: 0.0000402 seconds
2020-04-29T23:21:52.443+0700: 4.885: Total time for which application threads were stopped: 0.0000918 seconds, Stopping threads took: 0.0000276 seconds
2020-04-29T23:21:52.443+0700: 4.885: Total time for which application threads were stopped: 0.0000984 seconds, Stopping threads took: 0.0000220 seconds
2020-04-29T23:21:52.444+0700: 4.886: Total time for which application threads were stopped: 0.0000736 seconds, Stopping threads took: 0.0000129 seconds
2020-04-29T23:21:52.444+0700: 4.886: Total time for which application threads were stopped: 0.0000620 seconds, Stopping threads took: 0.0000085 seconds
2020-04-29T23:21:52.444+0700: 4.886: Total time for which application threads were stopped: 0.0001335 seconds, Stopping threads took: 0.0000830 seconds
2020-04-29T23:21:52.444+0700: 4.886: Total time for which application threads were stopped: 0.0000888 seconds, Stopping threads took: 0.0000376 seconds
2020-04-29T23:21:52.445+0700: 4.887: Total time for which application threads were stopped: 0.0000696 seconds, Stopping threads took: 0.0000366 seconds
2020-04-29T23:21:52.445+0700: 4.887: Total time for which application threads were stopped: 0.0000599 seconds, Stopping threads took: 0.0000286 seconds
2020-04-29T23:21:52.445+0700: 4.887: Total time for which application threads were stopped: 0.0000774 seconds, Stopping threads took: 0.0000387 seconds
2020-04-29T23:21:52.445+0700: 4.887: Total time for which application threads were stopped: 0.0001175 seconds, Stopping threads took: 0.0000449 seconds
2020-04-29T23:21:52.446+0700: 4.888: Total time for which application threads were stopped: 0.0001084 seconds, Stopping threads took: 0.0000274 seconds
2020-04-29T23:21:52.446+0700: 4.888: Total time for which application threads were stopped: 0.0000656 seconds, Stopping threads took: 0.0000084 seconds
2020-04-29T23:21:53.449+0700: 5.891: Total time for which application threads were stopped: 0.0002690 seconds, Stopping threads took: 0.0000396 seconds
2020-04-29T23:22:03.479+0700: 15.920: Total time for which application threads were stopped: 0.0001033 seconds, Stopping threads took: 0.0000385 seconds
2020-04-29T23:22:19.528+0700: 31.970: Total time for which application threads were stopped: 0.0001161 seconds, Stopping threads took: 0.0000192 seconds
2020-04-29T23:22:20.528+0700: 32.970: Total time for which application threads were stopped: 0.0000993 seconds, Stopping threads took: 0.0000212 seconds
2020-04-29T23:22:30.431+0700: 42.872: Total time for which application threads were stopped: 0.0000961 seconds, Stopping threads took: 0.0000312 seconds
2020-04-29T23:22:30.431+0700: 42.872: Total time for which application threads were stopped: 0.0000523 seconds, Stopping threads took: 0.0000082 seconds
2020-04-29T23:22:30.507+0700: 42.948: Total time for which application threads were stopped: 0.0005221 seconds, Stopping threads took: 0.0000142 seconds
2020-04-29T23:22:30.519+0700: 42.960: Total time for which application threads were stopped: 0.0000629 seconds, Stopping threads took: 0.0000128 seconds
2020-04-29T23:22:30.519+0700: 42.960: Total time for which application threads were stopped: 0.0000623 seconds, Stopping threads took: 0.0000246 seconds
2020-04-29T23:22:30.522+0700: 42.963: Total time for which application threads were stopped: 0.0000740 seconds, Stopping threads took: 0.0000227 seconds
2020-04-29T23:22:30.529+0700: 42.970: Total time for which application threads were stopped: 0.0000888 seconds, Stopping threads took: 0.0000203 seconds
2020-04-29T23:22:30.539+0700: 42.980: Total time for which application threads were stopped: 0.0000627 seconds, Stopping threads took: 0.0000127 seconds
2020-04-29T23:22:30.539+0700: 42.980: Total time for which application threads were stopped: 0.0000481 seconds, Stopping threads took: 0.0000090 seconds
2020-04-29T23:22:31.544+0700: 43.985: Total time for which application threads were stopped: 0.0001964 seconds, Stopping threads took: 0.0000396 seconds
2020-04-29T23:22:40.576+0700: 53.017: Total time for which application threads were stopped: 0.0001433 seconds, Stopping threads took: 0.0000443 seconds
2020-04-29T23:22:48.600+0700: 61.041: Total time for which application threads were stopped: 0.0002807 seconds, Stopping threads took: 0.0000419 seconds
2020-04-29T23:22:49.858+0700: 62.299: Total time for which application threads were stopped: 0.0007804 seconds, Stopping threads took: 0.0000231 seconds
2020-04-29T23:22:49.884+0700: 62.325: Total time for which application threads were stopped: 0.0008109 seconds, Stopping threads took: 0.0000254 seconds
2020-04-29T23:22:49.903+0700: 62.344: Total time for which application threads were stopped: 0.0000873 seconds, Stopping threads took: 0.0000190 seconds
2020-04-29T23:22:50.907+0700: 63.348: Total time for which application threads were stopped: 0.0002008 seconds, Stopping threads took: 0.0000408 seconds
2020-04-29T23:23:30.853+0700: 103.292: Total time for which application threads were stopped: 0.0001013 seconds, Stopping threads took: 0.0000206 seconds
2020-04-29T23:23:30.854+0700: 103.293: Total time for which application threads were stopped: 0.0001021 seconds, Stopping threads took: 0.0000156 seconds
2020-04-29T23:23:30.854+0700: 103.294: Total time for which application threads were stopped: 0.0000876 seconds, Stopping threads took: 0.0000307 seconds
2020-04-29T23:23:30.854+0700: 103.294: Total time for which application threads were stopped: 0.0000895 seconds, Stopping threads took: 0.0000375 seconds
2020-04-29T23:23:30.854+0700: 103.294: Total time for which application threads were stopped: 0.0001053 seconds, Stopping threads took: 0.0000618 seconds
2020-04-29T23:23:30.854+0700: 103.294: Total time for which application threads were stopped: 0.0000894 seconds, Stopping threads took: 0.0000213 seconds
2020-04-29T23:23:30.855+0700: 103.295: Total time for which application threads were stopped: 0.0001086 seconds, Stopping threads took: 0.0000470 seconds
2020-04-29T23:23:30.855+0700: 103.295: Total time for which application threads were stopped: 0.0001101 seconds, Stopping threads took: 0.0000297 seconds
2020-04-29T23:23:30.856+0700: 103.295: Total time for which application threads were stopped: 0.0001166 seconds, Stopping threads took: 0.0000538 seconds
2020-04-29T23:23:50.916+0700: 123.355: Total time for which application threads were stopped: 0.0001472 seconds, Stopping threads took: 0.0000283 seconds
2020-04-29T23:23:51.916+0700: 124.356: Total time for which application threads were stopped: 0.0001210 seconds, Stopping threads took: 0.0000293 seconds
2020-04-29T23:24:49.099+0700: 181.528: Total time for which application threads were stopped: 0.0002001 seconds, Stopping threads took: 0.0001109 seconds
2020-04-29T23:24:50.102+0700: 182.531: Total time for which application threads were stopped: 0.0003475 seconds, Stopping threads took: 0.0000631 seconds
2020-04-29T23:25:50.281+0700: 242.705: Total time for which application threads were stopped: 0.0002320 seconds, Stopping threads took: 0.0000398 seconds
2020-04-29T23:26:50.475+0700: 302.898: Total time for which application threads were stopped: 0.0001720 seconds, Stopping threads took: 0.0000494 seconds
2020-04-29T23:27:50.665+0700: 363.087: Total time for which application threads were stopped: 0.0005109 seconds, Stopping threads took: 0.0001839 seconds
2020-04-29T23:28:50.835+0700: 423.256: Total time for which application threads were stopped: 0.0002451 seconds, Stopping threads took: 0.0000479 seconds
2020-04-29T23:30:50.192+0700: 542.611: Total time for which application threads were stopped: 0.0001409 seconds, Stopping threads took: 0.0000338 seconds
2020-04-29T23:32:50.546+0700: 662.962: Total time for which application threads were stopped: 0.0001085 seconds, Stopping threads took: 0.0000371 seconds
2020-04-29T23:35:51.114+0700: 843.527: Total time for which application threads were stopped: 0.0001236 seconds, Stopping threads took: 0.0000392 seconds
2020-04-29T23:36:50.298+0700: 902.709: Total time for which application threads were stopped: 0.0001166 seconds, Stopping threads took: 0.0000285 seconds
2020-04-29T23:37:50.490+0700: 962.900: Total time for which application threads were stopped: 0.0001628 seconds, Stopping threads took: 0.0000281 seconds
2020-04-29T23:38:50.700+0700: 1023.109: Total time for which application threads were stopped: 0.0001362 seconds, Stopping threads took: 0.0000253 seconds
2020-04-29T23:39:50.161+0700: 1082.569: Total time for which application threads were stopped: 0.0001142 seconds, Stopping threads took: 0.0000176 seconds
2020-04-29T23:39:51.172+0700: 1083.580: Total time for which application threads were stopped: 0.0001043 seconds, Stopping threads took: 0.0000242 seconds
2020-04-29T23:42:50.777+0700: 1263.181: Total time for which application threads were stopped: 0.0001882 seconds, Stopping threads took: 0.0000393 seconds
2020-04-29T23:42:59.400+0700: 1271.805: Total time for which application threads were stopped: 0.0000806 seconds, Stopping threads took: 0.0000158 seconds
2020-04-29T23:42:59.400+0700: 1271.805: Total time for which application threads were stopped: 0.0000410 seconds, Stopping threads took: 0.0000069 seconds
2020-04-29T23:42:59.428+0700: 1271.833: Total time for which application threads were stopped: 0.0005234 seconds, Stopping threads took: 0.0000142 seconds
2020-04-29T23:42:59.430+0700: 1271.835: Total time for which application threads were stopped: 0.0004166 seconds, Stopping threads took: 0.0000093 seconds
2020-04-29T23:42:59.437+0700: 1271.841: Total time for which application threads were stopped: 0.0004680 seconds, Stopping threads took: 0.0000266 seconds
2020-04-29T23:42:59.490+0700: 1271.895: Total time for which application threads were stopped: 0.0002122 seconds, Stopping threads took: 0.0000193 seconds
2020-04-29T23:42:59.491+0700: 1271.895: Total time for which application threads were stopped: 0.0000603 seconds, Stopping threads took: 0.0000121 seconds
2020-04-29T23:42:59.500+0700: 1271.904: Total time for which application threads were stopped: 0.0000746 seconds, Stopping threads took: 0.0000142 seconds
2020-04-29T23:42:59.509+0700: 1271.913: Total time for which application threads were stopped: 0.0000944 seconds, Stopping threads took: 0.0000180 seconds
2020-04-29T23:42:59.509+0700: 1271.913: Total time for which application threads were stopped: 0.0001205 seconds, Stopping threads took: 0.0000129 seconds
2020-04-29T23:42:59.509+0700: 1271.914: Total time for which application threads were stopped: 0.0000902 seconds, Stopping threads took: 0.0000091 seconds
2020-04-29T23:42:59.544+0700: 1271.948: Total time for which application threads were stopped: 0.0001061 seconds, Stopping threads took: 0.0000307 seconds
2020-04-29T23:42:59.544+0700: 1271.948: Total time for which application threads were stopped: 0.0000923 seconds, Stopping threads took: 0.0000228 seconds
2020-04-29T23:42:59.544+0700: 1271.949: Total time for which application threads were stopped: 0.0000600 seconds, Stopping threads took: 0.0000076 seconds
2020-04-29T23:42:59.544+0700: 1271.949: Total time for which application threads were stopped: 0.0000531 seconds, Stopping threads took: 0.0000055 seconds
2020-04-29T23:42:59.548+0700: 1271.953: Total time for which application threads were stopped: 0.0000752 seconds, Stopping threads took: 0.0000120 seconds
2020-04-29T23:42:59.549+0700: 1271.953: Total time for which application threads were stopped: 0.0001516 seconds, Stopping threads took: 0.0000883 seconds
2020-04-29T23:42:59.549+0700: 1271.953: Total time for which application threads were stopped: 0.0000634 seconds, Stopping threads took: 0.0000093 seconds
2020-04-29T23:42:59.559+0700: 1271.963: Total time for which application threads were stopped: 0.0001460 seconds, Stopping threads took: 0.0000261 seconds
2020-04-29T23:42:59.559+0700: 1271.963: Total time for which application threads were stopped: 0.0001041 seconds, Stopping threads took: 0.0000201 seconds
2020-04-29T23:43:00.561+0700: 1272.966: Total time for which application threads were stopped: 0.0001098 seconds, Stopping threads took: 0.0000227 seconds
2020-04-29T23:43:12.866+0700: 1285.270: Total time for which application threads were stopped: 0.0000907 seconds, Stopping threads took: 0.0000254 seconds
2020-04-29T23:43:12.882+0700: 1285.286: Total time for which application threads were stopped: 0.0001190 seconds, Stopping threads took: 0.0000359 seconds
2020-04-29T23:43:12.884+0700: 1285.288: Total time for which application threads were stopped: 0.0000771 seconds, Stopping threads took: 0.0000119 seconds
2020-04-29T23:43:12.884+0700: 1285.288: Total time for which application threads were stopped: 0.0000714 seconds, Stopping threads took: 0.0000090 seconds
2020-04-29T23:43:12.884+0700: 1285.289: Total time for which application threads were stopped: 0.0001226 seconds, Stopping threads took: 0.0000662 seconds
2020-04-29T23:43:12.884+0700: 1285.289: Total time for which application threads were stopped: 0.0000918 seconds, Stopping threads took: 0.0000164 seconds
2020-04-29T23:43:12.897+0700: 1285.301: Total time for which application threads were stopped: 0.0000937 seconds, Stopping threads took: 0.0000290 seconds
2020-04-29T23:43:12.903+0700: 1285.308: Total time for which application threads were stopped: 0.0000816 seconds, Stopping threads took: 0.0000248 seconds
2020-04-29T23:43:12.904+0700: 1285.308: Total time for which application threads were stopped: 0.0000586 seconds, Stopping threads took: 0.0000181 seconds
2020-04-29T23:43:12.904+0700: 1285.308: Total time for which application threads were stopped: 0.0000643 seconds, Stopping threads took: 0.0000255 seconds
2020-04-29T23:43:12.904+0700: 1285.308: Total time for which application threads were stopped: 0.0000667 seconds, Stopping threads took: 0.0000351 seconds
2020-04-29T23:43:14.194+0700: 1286.599: Total time for which application threads were stopped: 0.0001318 seconds, Stopping threads took: 0.0000330 seconds
2020-04-29T23:43:14.195+0700: 1286.600: Total time for which application threads were stopped: 0.0000928 seconds, Stopping threads took: 0.0000290 seconds
2020-04-29T23:43:14.196+0700: 1286.600: Total time for which application threads were stopped: 0.0000683 seconds, Stopping threads took: 0.0000111 seconds
2020-04-29T23:43:14.196+0700: 1286.600: Total time for which application threads were stopped: 0.0000864 seconds, Stopping threads took: 0.0000240 seconds
2020-04-29T23:43:14.201+0700: 1286.606: Total time for which application threads were stopped: 0.0002327 seconds, Stopping threads took: 0.0000446 seconds
2020-04-29T23:43:14.211+0700: 1286.615: Total time for which application threads were stopped: 0.0001274 seconds, Stopping threads took: 0.0000373 seconds
2020-04-29T23:43:14.211+0700: 1286.616: Total time for which application threads were stopped: 0.0000897 seconds, Stopping threads took: 0.0000373 seconds
2020-04-29T23:43:14.212+0700: 1286.616: Total time for which application threads were stopped: 0.0001127 seconds, Stopping threads took: 0.0000426 seconds
2020-04-29T23:43:14.212+0700: 1286.616: Total time for which application threads were stopped: 0.0001026 seconds, Stopping threads took: 0.0000377 seconds
2020-04-29T23:43:15.659+0700: 1288.063: Total time for which application threads were stopped: 0.0000873 seconds, Stopping threads took: 0.0000169 seconds
2020-04-29T23:43:15.659+0700: 1288.063: Total time for which application threads were stopped: 0.0000620 seconds, Stopping threads took: 0.0000100 seconds
2020-04-29T23:43:15.659+0700: 1288.064: Total time for which application threads were stopped: 0.0000631 seconds, Stopping threads took: 0.0000175 seconds
2020-04-29T23:43:15.659+0700: 1288.064: Total time for which application threads were stopped: 0.0000667 seconds, Stopping threads took: 0.0000284 seconds
2020-04-29T23:43:15.663+0700: 1288.067: Total time for which application threads were stopped: 0.0000720 seconds, Stopping threads took: 0.0000141 seconds
2020-04-29T23:43:15.672+0700: 1288.076: Total time for which application threads were stopped: 0.0000770 seconds, Stopping threads took: 0.0000228 seconds
2020-04-29T23:43:15.673+0700: 1288.077: Total time for which application threads were stopped: 0.0000716 seconds, Stopping threads took: 0.0000139 seconds
2020-04-29T23:43:15.673+0700: 1288.077: Total time for which application threads were stopped: 0.0000803 seconds, Stopping threads took: 0.0000297 seconds
2020-04-29T23:43:15.673+0700: 1288.077: Total time for which application threads were stopped: 0.0000696 seconds, Stopping threads took: 0.0000195 seconds
2020-04-29T23:43:16.676+0700: 1289.081: Total time for which application threads were stopped: 0.0001274 seconds, Stopping threads took: 0.0000449 seconds
2020-04-29T23:43:16.856+0700: 1289.261: Total time for which application threads were stopped: 0.0000906 seconds, Stopping threads took: 0.0000172 seconds
2020-04-29T23:43:16.857+0700: 1289.261: Total time for which application threads were stopped: 0.0000660 seconds, Stopping threads took: 0.0000112 seconds
2020-04-29T23:43:16.857+0700: 1289.261: Total time for which application threads were stopped: 0.0000616 seconds, Stopping threads took: 0.0000209 seconds
2020-04-29T23:43:16.857+0700: 1289.261: Total time for which application threads were stopped: 0.0000633 seconds, Stopping threads took: 0.0000211 seconds
2020-04-29T23:43:16.861+0700: 1289.265: Total time for which application threads were stopped: 0.0000915 seconds, Stopping threads took: 0.0000258 seconds
2020-04-29T23:43:16.868+0700: 1289.273: Total time for which application threads were stopped: 0.0000944 seconds, Stopping threads took: 0.0000243 seconds
2020-04-29T23:43:16.869+0700: 1289.273: Total time for which application threads were stopped: 0.0000648 seconds, Stopping threads took: 0.0000216 seconds
2020-04-29T23:43:16.869+0700: 1289.273: Total time for which application threads were stopped: 0.0000653 seconds, Stopping threads took: 0.0000218 seconds
2020-04-29T23:43:16.869+0700: 1289.273: Total time for which application threads were stopped: 0.0000650 seconds, Stopping threads took: 0.0000260 seconds
2020-04-29T23:43:20.309+0700: 1292.713: Total time for which application threads were stopped: 0.0000829 seconds, Stopping threads took: 0.0000150 seconds
2020-04-29T23:43:20.309+0700: 1292.713: Total time for which application threads were stopped: 0.0000612 seconds, Stopping threads took: 0.0000189 seconds
2020-04-29T23:43:20.309+0700: 1292.713: Total time for which application threads were stopped: 0.0000469 seconds, Stopping threads took: 0.0000085 seconds
2020-04-29T23:43:20.309+0700: 1292.713: Total time for which application threads were stopped: 0.0000370 seconds, Stopping threads took: 0.0000060 seconds
2020-04-29T23:43:20.312+0700: 1292.716: Total time for which application threads were stopped: 0.0000784 seconds, Stopping threads took: 0.0000228 seconds
2020-04-29T23:43:20.320+0700: 1292.724: Total time for which application threads were stopped: 0.0000705 seconds, Stopping threads took: 0.0000121 seconds
2020-04-29T23:43:20.320+0700: 1292.724: Total time for which application threads were stopped: 0.0000492 seconds, Stopping threads took: 0.0000084 seconds
2020-04-29T23:43:20.320+0700: 1292.724: Total time for which application threads were stopped: 0.0000365 seconds, Stopping threads took: 0.0000057 seconds
2020-04-29T23:43:20.320+0700: 1292.724: Total time for which application threads were stopped: 0.0000333 seconds, Stopping threads took: 0.0000051 seconds
2020-04-29T23:43:23.724+0700: 1296.128: Total time for which application threads were stopped: 0.0000953 seconds, Stopping threads took: 0.0000175 seconds
2020-04-29T23:43:23.725+0700: 1296.129: Total time for which application threads were stopped: 0.0000746 seconds, Stopping threads took: 0.0000220 seconds
2020-04-29T23:43:23.725+0700: 1296.129: Total time for which application threads were stopped: 0.0001613 seconds, Stopping threads took: 0.0000260 seconds
{Heap before GC invocations=10 (full 0):
 garbage-first heap   total 524288K, used 333440K [0x00000007a0000000, 0x00000007a0101000, 0x00000007c0000000)
  region size 1024K, 307 young (314368K), 38 survivors (38912K)
 Metaspace       used 49548K, capacity 51632K, committed 51912K, reserved 1095680K
  class space    used 6115K, capacity 6543K, committed 6604K, reserved 1048576K
2020-04-29T23:43:23.727+0700: 1296.131: [GC pause (G1 Evacuation Pause) (young)
Desired survivor size 20447232 bytes, new threshold 4 (max 15)
- age   1:   14929800 bytes,   14929800 total
- age   2:    3063496 bytes,   17993296 total
- age   3:    1720840 bytes,   19714136 total
- age   4:    5911784 bytes,   25625920 total
- age   5:      57368 bytes,   25683288 total
- age   6:    1258160 bytes,   26941448 total
, 0.0174868 secs]
   [Parallel Time: 13.9 ms, GC Workers: 8]
      [GC Worker Start (ms): Min: 1296131.3, Avg: 1296131.3, Max: 1296131.4, Diff: 0.1]
      [Ext Root Scanning (ms): Min: 0.3, Avg: 1.2, Max: 3.5, Diff: 3.1, Sum: 9.4]
      [Update RS (ms): Min: 0.0, Avg: 0.3, Max: 0.5, Diff: 0.5, Sum: 2.3]
         [Processed Buffers: Min: 0, Avg: 2.8, Max: 12, Diff: 12, Sum: 22]
      [Scan RS (ms): Min: 0.0, Avg: 0.0, Max: 0.1, Diff: 0.0, Sum: 0.2]
      [Code Root Scanning (ms): Min: 0.0, Avg: 0.6, Max: 1.1, Diff: 1.1, Sum: 4.5]
      [Object Copy (ms): Min: 10.2, Avg: 11.7, Max: 12.6, Diff: 2.4, Sum: 93.8]
      [Termination (ms): Min: 0.0, Avg: 0.0, Max: 0.0, Diff: 0.0, Sum: 0.0]
         [Termination Attempts: Min: 1, Avg: 1.0, Max: 1, Diff: 0, Sum: 8]
      [GC Worker Other (ms): Min: 0.0, Avg: 0.0, Max: 0.0, Diff: 0.0, Sum: 0.2]
      [GC Worker Total (ms): Min: 13.7, Avg: 13.8, Max: 13.9, Diff: 0.1, Sum: 110.4]
      [GC Worker End (ms): Min: 1296145.1, Avg: 1296145.1, Max: 1296145.2, Diff: 0.0]
   [Code Root Fixup: 0.1 ms]
   [Code Root Purge: 0.0 ms]
   [Clear CT: 0.1 ms]
   [Other: 3.4 ms]
      [Choose CSet: 0.0 ms]
      [Ref Proc: 2.8 ms]
      [Ref Enq: 0.1 ms]
      [Redirty Cards: 0.1 ms]
      [Humongous Register: 0.0 ms]
      [Humongous Reclaim: 0.0 ms]
      [Free CSet: 0.3 ms]
   [Eden: 269.0M(269.0M)->0.0B(273.0M) Survivors: 38.0M->34.0M Heap: 325.6M(512.0M)->59.6M(512.0M)]
Heap after GC invocations=11 (full 0):
 garbage-first heap   total 524288K, used 61072K [0x00000007a0000000, 0x00000007a0101000, 0x00000007c0000000)
  region size 1024K, 34 young (34816K), 34 survivors (34816K)
 Metaspace       used 49548K, capacity 51632K, committed 51912K, reserved 1095680K
  class space    used 6115K, capacity 6543K, committed 6604K, reserved 1048576K
}
 [Times: user=0.11 sys=0.00, real=0.02 secs] 
2020-04-29T23:43:23.745+0700: 1296.149: Total time for which application threads were stopped: 0.0180550 seconds, Stopping threads took: 0.0000134 seconds
2020-04-29T23:43:23.747+0700: 1296.151: Total time for which application threads were stopped: 0.0001478 seconds, Stopping threads took: 0.0000491 seconds
2020-04-29T23:43:23.755+0700: 1296.159: Total time for which application threads were stopped: 0.0000826 seconds, Stopping threads took: 0.0000122 seconds
2020-04-29T23:43:23.755+0700: 1296.159: Total time for which application threads were stopped: 0.0000672 seconds, Stopping threads took: 0.0000087 seconds
2020-04-29T23:43:23.755+0700: 1296.159: Total time for which application threads were stopped: 0.0000732 seconds, Stopping threads took: 0.0000189 seconds
2020-04-29T23:43:23.755+0700: 1296.159: Total time for which application threads were stopped: 0.0001411 seconds, Stopping threads took: 0.0000649 seconds
2020-04-29T23:43:24.757+0700: 1297.161: Total time for which application threads were stopped: 0.0001595 seconds, Stopping threads took: 0.0000204 seconds
2020-04-29T23:43:26.110+0700: 1298.514: Total time for which application threads were stopped: 0.0001002 seconds, Stopping threads took: 0.0000182 seconds
2020-04-29T23:43:26.111+0700: 1298.515: Total time for which application threads were stopped: 0.0000729 seconds, Stopping threads took: 0.0000122 seconds
2020-04-29T23:43:26.111+0700: 1298.515: Total time for which application threads were stopped: 0.0000501 seconds, Stopping threads took: 0.0000081 seconds
2020-04-29T23:43:26.111+0700: 1298.515: Total time for which application threads were stopped: 0.0000463 seconds, Stopping threads took: 0.0000076 seconds
2020-04-29T23:43:26.114+0700: 1298.518: Total time for which application threads were stopped: 0.0000704 seconds, Stopping threads took: 0.0000151 seconds
2020-04-29T23:43:26.123+0700: 1298.527: Total time for which application threads were stopped: 0.0001141 seconds, Stopping threads took: 0.0000433 seconds
2020-04-29T23:43:26.123+0700: 1298.527: Total time for which application threads were stopped: 0.0000632 seconds, Stopping threads took: 0.0000225 seconds
2020-04-29T23:43:26.123+0700: 1298.527: Total time for which application threads were stopped: 0.0000743 seconds, Stopping threads took: 0.0000408 seconds
2020-04-29T23:43:26.124+0700: 1298.528: Total time for which application threads were stopped: 0.0000860 seconds, Stopping threads took: 0.0000210 seconds
2020-04-29T23:43:27.764+0700: 1300.168: Total time for which application threads were stopped: 0.0001044 seconds, Stopping threads took: 0.0000305 seconds
2020-04-29T23:43:27.764+0700: 1300.168: Total time for which application threads were stopped: 0.0000597 seconds, Stopping threads took: 0.0000116 seconds
2020-04-29T23:43:27.764+0700: 1300.168: Total time for which application threads were stopped: 0.0000659 seconds, Stopping threads took: 0.0000192 seconds
2020-04-29T23:43:27.765+0700: 1300.169: Total time for which application threads were stopped: 0.0000743 seconds, Stopping threads took: 0.0000305 seconds
2020-04-29T23:43:27.768+0700: 1300.172: Total time for which application threads were stopped: 0.0000737 seconds, Stopping threads took: 0.0000133 seconds
2020-04-29T23:43:27.781+0700: 1300.185: Total time for which application threads were stopped: 0.0001221 seconds, Stopping threads took: 0.0000367 seconds
2020-04-29T23:43:27.782+0700: 1300.186: Total time for which application threads were stopped: 0.0001218 seconds, Stopping threads took: 0.0000607 seconds
2020-04-29T23:43:27.782+0700: 1300.186: Total time for which application threads were stopped: 0.0000716 seconds, Stopping threads took: 0.0000249 seconds
2020-04-29T23:43:27.782+0700: 1300.186: Total time for which application threads were stopped: 0.0000645 seconds, Stopping threads took: 0.0000222 seconds
2020-04-29T23:43:27.782+0700: 1300.186: Total time for which application threads were stopped: 0.0000947 seconds, Stopping threads took: 0.0000295 seconds
2020-04-29T23:43:27.785+0700: 1300.189: Total time for which application threads were stopped: 0.0001002 seconds, Stopping threads took: 0.0000241 seconds
2020-04-29T23:43:27.819+0700: 1300.223: Total time for which application threads were stopped: 0.0001130 seconds, Stopping threads took: 0.0000183 seconds
2020-04-29T23:43:27.819+0700: 1300.223: Total time for which application threads were stopped: 0.0000695 seconds, Stopping threads took: 0.0000123 seconds
2020-04-29T23:43:27.819+0700: 1300.223: Total time for which application threads were stopped: 0.0000583 seconds, Stopping threads took: 0.0000086 seconds
2020-04-29T23:43:27.819+0700: 1300.223: Total time for which application threads were stopped: 0.0000722 seconds, Stopping threads took: 0.0000121 seconds
2020-04-29T23:43:27.820+0700: 1300.223: Total time for which application threads were stopped: 0.0001033 seconds, Stopping threads took: 0.0000104 seconds
2020-04-29T23:43:27.820+0700: 1300.224: Total time for which application threads were stopped: 0.0000583 seconds, Stopping threads took: 0.0000099 seconds
2020-04-29T23:43:27.820+0700: 1300.224: Total time for which application threads were stopped: 0.0000496 seconds, Stopping threads took: 0.0000080 seconds
2020-04-29T23:43:27.820+0700: 1300.224: Total time for which application threads were stopped: 0.0000570 seconds, Stopping threads took: 0.0000089 seconds
2020-04-29T23:43:27.820+0700: 1300.224: Total time for which application threads were stopped: 0.0000620 seconds, Stopping threads took: 0.0000084 seconds
2020-04-29T23:43:27.820+0700: 1300.224: Total time for which application threads were stopped: 0.0001123 seconds, Stopping threads took: 0.0000628 seconds
2020-04-29T23:43:27.820+0700: 1300.224: Total time for which application threads were stopped: 0.0000534 seconds, Stopping threads took: 0.0000087 seconds
2020-04-29T23:43:27.820+0700: 1300.224: Total time for which application threads were stopped: 0.0000894 seconds, Stopping threads took: 0.0000083 seconds
2020-04-29T23:43:27.820+0700: 1300.224: Total time for which application threads were stopped: 0.0001634 seconds, Stopping threads took: 0.0000088 seconds
2020-04-29T23:43:27.824+0700: 1300.228: Total time for which application threads were stopped: 0.0005642 seconds, Stopping threads took: 0.0000248 seconds
2020-04-29T23:43:28.827+0700: 1301.231: Total time for which application threads were stopped: 0.0001744 seconds, Stopping threads took: 0.0000323 seconds
2020-04-29T23:43:29.075+0700: 1301.479: Total time for which application threads were stopped: 0.0001050 seconds, Stopping threads took: 0.0000350 seconds
2020-04-29T23:43:29.076+0700: 1301.479: Total time for which application threads were stopped: 0.0000661 seconds, Stopping threads took: 0.0000219 seconds
2020-04-29T23:43:29.076+0700: 1301.480: Total time for which application threads were stopped: 0.0000613 seconds, Stopping threads took: 0.0000098 seconds
2020-04-29T23:43:29.076+0700: 1301.480: Total time for which application threads were stopped: 0.0000468 seconds, Stopping threads took: 0.0000071 seconds
2020-04-29T23:43:29.076+0700: 1301.480: Total time for which application threads were stopped: 0.0000405 seconds, Stopping threads took: 0.0000062 seconds
2020-04-29T23:43:29.079+0700: 1301.483: Total time for which application threads were stopped: 0.0001015 seconds, Stopping threads took: 0.0000238 seconds
2020-04-29T23:43:29.079+0700: 1301.483: Total time for which application threads were stopped: 0.0000615 seconds, Stopping threads took: 0.0000171 seconds
2020-04-29T23:43:29.079+0700: 1301.483: Total time for which application threads were stopped: 0.0000361 seconds, Stopping threads took: 0.0000067 seconds
2020-04-29T23:43:29.079+0700: 1301.483: Total time for which application threads were stopped: 0.0000478 seconds, Stopping threads took: 0.0000154 seconds
2020-04-29T23:43:29.079+0700: 1301.483: Total time for which application threads were stopped: 0.0000503 seconds, Stopping threads took: 0.0000152 seconds
2020-04-29T23:43:29.079+0700: 1301.483: Total time for which application threads were stopped: 0.0000479 seconds, Stopping threads took: 0.0000151 seconds
2020-04-29T23:43:29.080+0700: 1301.484: Total time for which application threads were stopped: 0.0000492 seconds, Stopping threads took: 0.0000156 seconds
2020-04-29T23:43:29.080+0700: 1301.484: Total time for which application threads were stopped: 0.0000446 seconds, Stopping threads took: 0.0000150 seconds
2020-04-29T23:43:29.080+0700: 1301.484: Total time for which application threads were stopped: 0.0000499 seconds, Stopping threads took: 0.0000159 seconds
2020-04-29T23:43:29.080+0700: 1301.484: Total time for which application threads were stopped: 0.0000620 seconds, Stopping threads took: 0.0000207 seconds
2020-04-29T23:43:29.080+0700: 1301.484: Total time for which application threads were stopped: 0.0000479 seconds, Stopping threads took: 0.0000163 seconds
2020-04-29T23:43:29.080+0700: 1301.484: Total time for which application threads were stopped: 0.0000504 seconds, Stopping threads took: 0.0000165 seconds
2020-04-29T23:43:29.081+0700: 1301.484: Total time for which application threads were stopped: 0.0000457 seconds, Stopping threads took: 0.0000156 seconds
2020-04-29T23:43:29.081+0700: 1301.485: Total time for which application threads were stopped: 0.0000479 seconds, Stopping threads took: 0.0000161 seconds
2020-04-29T23:43:29.081+0700: 1301.485: Total time for which application threads were stopped: 0.0000448 seconds, Stopping threads took: 0.0000150 seconds
2020-04-29T23:43:29.082+0700: 1301.486: Total time for which application threads were stopped: 0.0000676 seconds, Stopping threads took: 0.0000108 seconds
2020-04-29T23:43:29.082+0700: 1301.486: Total time for which application threads were stopped: 0.0000593 seconds, Stopping threads took: 0.0000178 seconds
2020-04-29T23:43:29.084+0700: 1301.488: Total time for which application threads were stopped: 0.0000821 seconds, Stopping threads took: 0.0000141 seconds
2020-04-29T23:43:29.084+0700: 1301.488: Total time for which application threads were stopped: 0.0000494 seconds, Stopping threads took: 0.0000088 seconds
2020-04-29T23:43:29.084+0700: 1301.488: Total time for which application threads were stopped: 0.0000408 seconds, Stopping threads took: 0.0000070 seconds
2020-04-29T23:43:29.087+0700: 1301.491: Total time for which application threads were stopped: 0.0001371 seconds, Stopping threads took: 0.0000514 seconds
2020-04-29T23:43:29.088+0700: 1301.492: Total time for which application threads were stopped: 0.0000911 seconds, Stopping threads took: 0.0000181 seconds
2020-04-29T23:43:29.094+0700: 1301.498: Total time for which application threads were stopped: 0.0000901 seconds, Stopping threads took: 0.0000346 seconds
2020-04-29T23:43:29.094+0700: 1301.498: Total time for which application threads were stopped: 0.0000653 seconds, Stopping threads took: 0.0000204 seconds
2020-04-29T23:43:29.094+0700: 1301.498: Total time for which application threads were stopped: 0.0000564 seconds, Stopping threads took: 0.0000162 seconds
2020-04-29T23:43:29.094+0700: 1301.498: Total time for which application threads were stopped: 0.0000563 seconds, Stopping threads took: 0.0000193 seconds
2020-04-29T23:43:29.098+0700: 1301.502: Total time for which application threads were stopped: 0.0001297 seconds, Stopping threads took: 0.0000322 seconds
2020-04-29T23:43:29.098+0700: 1301.502: Total time for which application threads were stopped: 0.0000742 seconds, Stopping threads took: 0.0000103 seconds
2020-04-29T23:43:29.098+0700: 1301.502: Total time for which application threads were stopped: 0.0001097 seconds, Stopping threads took: 0.0000079 seconds
2020-04-29T23:43:29.098+0700: 1301.502: Total time for which application threads were stopped: 0.0000674 seconds, Stopping threads took: 0.0000094 seconds
2020-04-29T23:43:29.098+0700: 1301.502: Total time for which application threads were stopped: 0.0000655 seconds, Stopping threads took: 0.0000078 seconds
2020-04-29T23:43:29.098+0700: 1301.502: Total time for which application threads were stopped: 0.0000874 seconds, Stopping threads took: 0.0000210 seconds
2020-04-29T23:43:29.099+0700: 1301.502: Total time for which application threads were stopped: 0.0000864 seconds, Stopping threads took: 0.0000213 seconds
2020-04-29T23:43:29.099+0700: 1301.503: Total time for which application threads were stopped: 0.0000804 seconds, Stopping threads took: 0.0000198 seconds
2020-04-29T23:43:29.099+0700: 1301.503: Total time for which application threads were stopped: 0.0000659 seconds, Stopping threads took: 0.0000089 seconds
2020-04-29T23:43:29.099+0700: 1301.503: Total time for which application threads were stopped: 0.0001464 seconds, Stopping threads took: 0.0000092 seconds
2020-04-29T23:43:29.100+0700: 1301.504: Total time for which application threads were stopped: 0.0000870 seconds, Stopping threads took: 0.0000130 seconds
2020-04-29T23:43:29.100+0700: 1301.504: Total time for which application threads were stopped: 0.0001012 seconds, Stopping threads took: 0.0000126 seconds
2020-04-29T23:43:29.101+0700: 1301.504: Total time for which application threads were stopped: 0.0000783 seconds, Stopping threads took: 0.0000230 seconds
2020-04-29T23:43:29.101+0700: 1301.505: Total time for which application threads were stopped: 0.0001298 seconds, Stopping threads took: 0.0000417 seconds
2020-04-29T23:43:29.101+0700: 1301.505: Total time for which application threads were stopped: 0.0000805 seconds, Stopping threads took: 0.0000173 seconds
2020-04-29T23:43:29.102+0700: 1301.505: Total time for which application threads were stopped: 0.0000689 seconds, Stopping threads took: 0.0000073 seconds
2020-04-29T23:43:29.102+0700: 1301.506: Total time for which application threads were stopped: 0.0000767 seconds, Stopping threads took: 0.0000326 seconds
2020-04-29T23:43:29.102+0700: 1301.506: Total time for which application threads were stopped: 0.0001870 seconds, Stopping threads took: 0.0000451 seconds
2020-04-29T23:43:29.103+0700: 1301.507: Total time for which application threads were stopped: 0.0000902 seconds, Stopping threads took: 0.0000276 seconds
2020-04-29T23:43:30.107+0700: 1302.511: Total time for which application threads were stopped: 0.0000977 seconds, Stopping threads took: 0.0000189 seconds
2020-04-29T23:43:30.938+0700: 1303.342: Total time for which application threads were stopped: 0.0000970 seconds, Stopping threads took: 0.0000198 seconds
2020-04-29T23:43:30.939+0700: 1303.343: Total time for which application threads were stopped: 0.0000794 seconds, Stopping threads took: 0.0000148 seconds
2020-04-29T23:43:30.939+0700: 1303.343: Total time for which application threads were stopped: 0.0000813 seconds, Stopping threads took: 0.0000145 seconds
2020-04-29T23:43:30.939+0700: 1303.343: Total time for which application threads were stopped: 0.0000727 seconds, Stopping threads took: 0.0000168 seconds
2020-04-29T23:43:30.943+0700: 1303.347: Total time for which application threads were stopped: 0.0000890 seconds, Stopping threads took: 0.0000131 seconds
2020-04-29T23:43:30.949+0700: 1303.353: Total time for which application threads were stopped: 0.0000939 seconds, Stopping threads took: 0.0000373 seconds
2020-04-29T23:43:30.949+0700: 1303.353: Total time for which application threads were stopped: 0.0000647 seconds, Stopping threads took: 0.0000266 seconds
2020-04-29T23:43:30.950+0700: 1303.353: Total time for which application threads were stopped: 0.0000563 seconds, Stopping threads took: 0.0000258 seconds
2020-04-29T23:43:30.950+0700: 1303.353: Total time for which application threads were stopped: 0.0000543 seconds, Stopping threads took: 0.0000245 seconds
2020-04-29T23:43:30.950+0700: 1303.354: Total time for which application threads were stopped: 0.0000616 seconds, Stopping threads took: 0.0000251 seconds
2020-04-29T23:43:31.954+0700: 1304.358: Total time for which application threads were stopped: 0.0000811 seconds, Stopping threads took: 0.0000175 seconds
2020-04-29T23:43:32.407+0700: 1304.811: Total time for which application threads were stopped: 0.0000873 seconds, Stopping threads took: 0.0000169 seconds
2020-04-29T23:43:32.407+0700: 1304.811: Total time for which application threads were stopped: 0.0000897 seconds, Stopping threads took: 0.0000268 seconds
2020-04-29T23:43:32.407+0700: 1304.811: Total time for which application threads were stopped: 0.0000875 seconds, Stopping threads took: 0.0000281 seconds
2020-04-29T23:43:32.408+0700: 1304.811: Total time for which application threads were stopped: 0.0000958 seconds, Stopping threads took: 0.0000251 seconds
2020-04-29T23:43:32.411+0700: 1304.814: Total time for which application threads were stopped: 0.0000896 seconds, Stopping threads took: 0.0000299 seconds
2020-04-29T23:43:32.417+0700: 1304.821: Total time for which application threads were stopped: 0.0000889 seconds, Stopping threads took: 0.0000263 seconds
2020-04-29T23:43:32.417+0700: 1304.821: Total time for which application threads were stopped: 0.0000675 seconds, Stopping threads took: 0.0000202 seconds
2020-04-29T23:43:32.417+0700: 1304.821: Total time for which application threads were stopped: 0.0000685 seconds, Stopping threads took: 0.0000291 seconds
2020-04-29T23:43:32.417+0700: 1304.821: Total time for which application threads were stopped: 0.0000637 seconds, Stopping threads took: 0.0000209 seconds
2020-04-29T23:43:32.417+0700: 1304.821: Total time for which application threads were stopped: 0.0000620 seconds, Stopping threads took: 0.0000221 seconds
2020-04-29T23:43:33.420+0700: 1305.824: Total time for which application threads were stopped: 0.0001013 seconds, Stopping threads took: 0.0000185 seconds
2020-04-29T23:43:33.591+0700: 1305.995: Total time for which application threads were stopped: 0.0001186 seconds, Stopping threads took: 0.0000276 seconds
2020-04-29T23:43:33.591+0700: 1305.995: Total time for which application threads were stopped: 0.0000872 seconds, Stopping threads took: 0.0000135 seconds
2020-04-29T23:43:33.591+0700: 1305.995: Total time for which application threads were stopped: 0.0000717 seconds, Stopping threads took: 0.0000106 seconds
2020-04-29T23:43:33.592+0700: 1305.995: Total time for which application threads were stopped: 0.0000874 seconds, Stopping threads took: 0.0000252 seconds
2020-04-29T23:43:33.595+0700: 1305.998: Total time for which application threads were stopped: 0.0000854 seconds, Stopping threads took: 0.0000163 seconds
2020-04-29T23:43:33.602+0700: 1306.006: Total time for which application threads were stopped: 0.0000738 seconds, Stopping threads took: 0.0000216 seconds
2020-04-29T23:43:33.602+0700: 1306.006: Total time for which application threads were stopped: 0.0000458 seconds, Stopping threads took: 0.0000079 seconds
2020-04-29T23:43:33.602+0700: 1306.006: Total time for which application threads were stopped: 0.0001045 seconds, Stopping threads took: 0.0000144 seconds
2020-04-29T23:43:33.602+0700: 1306.006: Total time for which application threads were stopped: 0.0000443 seconds, Stopping threads took: 0.0000083 seconds
2020-04-29T23:43:33.602+0700: 1306.006: Total time for which application threads were stopped: 0.0000500 seconds, Stopping threads took: 0.0000086 seconds
2020-04-29T23:43:34.606+0700: 1307.010: Total time for which application threads were stopped: 0.0000886 seconds, Stopping threads took: 0.0000225 seconds
2020-04-29T23:43:39.760+0700: 1312.164: Total time for which application threads were stopped: 0.0000910 seconds, Stopping threads took: 0.0000197 seconds
2020-04-29T23:43:39.761+0700: 1312.164: Total time for which application threads were stopped: 0.0001033 seconds, Stopping threads took: 0.0000570 seconds
2020-04-29T23:43:39.761+0700: 1312.165: Total time for which application threads were stopped: 0.0001185 seconds, Stopping threads took: 0.0000170 seconds
2020-04-29T23:43:39.764+0700: 1312.167: Total time for which application threads were stopped: 0.0001428 seconds, Stopping threads took: 0.0000895 seconds
2020-04-29T23:43:39.772+0700: 1312.175: Total time for which application threads were stopped: 0.0001724 seconds, Stopping threads took: 0.0000616 seconds
2020-04-29T23:43:39.772+0700: 1312.175: Total time for which application threads were stopped: 0.0000821 seconds, Stopping threads took: 0.0000201 seconds
2020-04-29T23:43:39.773+0700: 1312.177: Total time for which application threads were stopped: 0.0003285 seconds, Stopping threads took: 0.0001662 seconds
2020-04-29T23:43:39.774+0700: 1312.178: Total time for which application threads were stopped: 0.0001998 seconds, Stopping threads took: 0.0001244 seconds
2020-04-29T23:43:39.774+0700: 1312.178: Total time for which application threads were stopped: 0.0001231 seconds, Stopping threads took: 0.0000522 seconds
2020-04-29T23:43:42.241+0700: 1314.644: Total time for which application threads were stopped: 0.0001484 seconds, Stopping threads took: 0.0000206 seconds
2020-04-29T23:43:42.245+0700: 1314.648: Total time for which application threads were stopped: 0.0000873 seconds, Stopping threads took: 0.0000158 seconds
2020-04-29T23:43:42.251+0700: 1314.655: Total time for which application threads were stopped: 0.0001062 seconds, Stopping threads took: 0.0000471 seconds
2020-04-29T23:43:42.251+0700: 1314.655: Total time for which application threads were stopped: 0.0000909 seconds, Stopping threads took: 0.0000232 seconds
2020-04-29T23:43:42.252+0700: 1314.655: Total time for which application threads were stopped: 0.0000573 seconds, Stopping threads took: 0.0000089 seconds
2020-04-29T23:43:42.252+0700: 1314.655: Total time for which application threads were stopped: 0.0000619 seconds, Stopping threads took: 0.0000130 seconds
2020-04-29T23:43:42.252+0700: 1314.655: Total time for which application threads were stopped: 0.0000740 seconds, Stopping threads took: 0.0000232 seconds
2020-04-29T23:43:43.255+0700: 1315.659: Total time for which application threads were stopped: 0.0001011 seconds, Stopping threads took: 0.0000226 seconds
2020-04-29T23:43:45.690+0700: 1318.094: Total time for which application threads were stopped: 0.0000985 seconds, Stopping threads took: 0.0000161 seconds
2020-04-29T23:43:45.694+0700: 1318.098: Total time for which application threads were stopped: 0.0001242 seconds, Stopping threads took: 0.0000550 seconds
2020-04-29T23:43:45.705+0700: 1318.109: Total time for which application threads were stopped: 0.0001161 seconds, Stopping threads took: 0.0000412 seconds
2020-04-29T23:43:45.705+0700: 1318.109: Total time for which application threads were stopped: 0.0000798 seconds, Stopping threads took: 0.0000255 seconds
2020-04-29T23:43:45.705+0700: 1318.109: Total time for which application threads were stopped: 0.0000810 seconds, Stopping threads took: 0.0000370 seconds
2020-04-29T23:43:45.706+0700: 1318.109: Total time for which application threads were stopped: 0.0000785 seconds, Stopping threads took: 0.0000326 seconds
2020-04-29T23:43:45.706+0700: 1318.109: Total time for which application threads were stopped: 0.0000850 seconds, Stopping threads took: 0.0000287 seconds
2020-04-29T23:43:46.528+0700: 1318.932: Total time for which application threads were stopped: 0.0000976 seconds, Stopping threads took: 0.0000190 seconds
2020-04-29T23:43:46.531+0700: 1318.935: Total time for which application threads were stopped: 0.0000954 seconds, Stopping threads took: 0.0000316 seconds
2020-04-29T23:43:46.543+0700: 1318.946: Total time for which application threads were stopped: 0.0003764 seconds, Stopping threads took: 0.0003123 seconds
2020-04-29T23:43:46.543+0700: 1318.946: Total time for which application threads were stopped: 0.0001038 seconds, Stopping threads took: 0.0000501 seconds
2020-04-29T23:43:46.543+0700: 1318.946: Total time for which application threads were stopped: 0.0000798 seconds, Stopping threads took: 0.0000328 seconds
2020-04-29T23:43:46.543+0700: 1318.947: Total time for which application threads were stopped: 0.0000704 seconds, Stopping threads took: 0.0000349 seconds
2020-04-29T23:43:46.543+0700: 1318.947: Total time for which application threads were stopped: 0.0000802 seconds, Stopping threads took: 0.0000400 seconds
2020-04-29T23:43:47.543+0700: 1319.947: Total time for which application threads were stopped: 0.0001007 seconds, Stopping threads took: 0.0000195 seconds
2020-04-29T23:43:48.597+0700: 1321.000: Total time for which application threads were stopped: 0.0000923 seconds, Stopping threads took: 0.0000166 seconds
2020-04-29T23:43:48.600+0700: 1321.004: Total time for which application threads were stopped: 0.0000654 seconds, Stopping threads took: 0.0000130 seconds
2020-04-29T23:43:48.607+0700: 1321.010: Total time for which application threads were stopped: 0.0001200 seconds, Stopping threads took: 0.0000371 seconds
2020-04-29T23:43:48.607+0700: 1321.010: Total time for which application threads were stopped: 0.0001108 seconds, Stopping threads took: 0.0000566 seconds
2020-04-29T23:43:48.608+0700: 1321.011: Total time for which application threads were stopped: 0.0000918 seconds, Stopping threads took: 0.0000305 seconds
2020-04-29T23:43:48.609+0700: 1321.012: Total time for which application threads were stopped: 0.0005019 seconds, Stopping threads took: 0.0004489 seconds
2020-04-29T23:43:48.609+0700: 1321.013: Total time for which application threads were stopped: 0.0000652 seconds, Stopping threads took: 0.0000253 seconds
2020-04-29T23:43:48.610+0700: 1321.013: Total time for which application threads were stopped: 0.0004361 seconds, Stopping threads took: 0.0003990 seconds
2020-04-29T23:43:48.610+0700: 1321.013: Total time for which application threads were stopped: 0.0000633 seconds, Stopping threads took: 0.0000230 seconds
2020-04-29T23:43:48.610+0700: 1321.013: Total time for which application threads were stopped: 0.0001631 seconds, Stopping threads took: 0.0001243 seconds
2020-04-29T23:43:49.614+0700: 1322.017: Total time for which application threads were stopped: 0.0001396 seconds, Stopping threads took: 0.0000243 seconds
2020-04-29T23:43:49.953+0700: 1322.356: Total time for which application threads were stopped: 0.0001011 seconds, Stopping threads took: 0.0000184 seconds
2020-04-29T23:43:49.957+0700: 1322.360: Total time for which application threads were stopped: 0.0000764 seconds, Stopping threads took: 0.0000149 seconds
2020-04-29T23:43:49.957+0700: 1322.360: Total time for which application threads were stopped: 0.0000580 seconds, Stopping threads took: 0.0000087 seconds
2020-04-29T23:43:49.957+0700: 1322.361: Total time for which application threads were stopped: 0.0001489 seconds, Stopping threads took: 0.0000072 seconds
2020-04-29T23:43:49.957+0700: 1322.361: Total time for which application threads were stopped: 0.0000439 seconds, Stopping threads took: 0.0000072 seconds
2020-04-29T23:43:49.957+0700: 1322.361: Total time for which application threads were stopped: 0.0000471 seconds, Stopping threads took: 0.0000071 seconds
2020-04-29T23:43:49.957+0700: 1322.361: Total time for which application threads were stopped: 0.0000725 seconds, Stopping threads took: 0.0000309 seconds
2020-04-29T23:43:49.958+0700: 1322.361: Total time for which application threads were stopped: 0.0000601 seconds, Stopping threads took: 0.0000223 seconds
2020-04-29T23:43:49.958+0700: 1322.361: Total time for which application threads were stopped: 0.0000514 seconds, Stopping threads took: 0.0000176 seconds
2020-04-29T23:43:49.958+0700: 1322.361: Total time for which application threads were stopped: 0.0000599 seconds, Stopping threads took: 0.0000192 seconds
2020-04-29T23:43:49.958+0700: 1322.362: Total time for which application threads were stopped: 0.0001193 seconds, Stopping threads took: 0.0000069 seconds
2020-04-29T23:43:49.959+0700: 1322.363: Total time for which application threads were stopped: 0.0000541 seconds, Stopping threads took: 0.0000094 seconds
2020-04-29T23:43:49.963+0700: 1322.367: Total time for which application threads were stopped: 0.0000743 seconds, Stopping threads took: 0.0000190 seconds
2020-04-29T23:43:49.967+0700: 1322.371: Total time for which application threads were stopped: 0.0000964 seconds, Stopping threads took: 0.0000330 seconds
2020-04-29T23:43:49.967+0700: 1322.371: Total time for which application threads were stopped: 0.0000719 seconds, Stopping threads took: 0.0000264 seconds
2020-04-29T23:43:49.968+0700: 1322.371: Total time for which application threads were stopped: 0.0000628 seconds, Stopping threads took: 0.0000267 seconds
2020-04-29T23:43:49.968+0700: 1322.371: Total time for which application threads were stopped: 0.0000722 seconds, Stopping threads took: 0.0000250 seconds
2020-04-29T23:43:49.968+0700: 1322.371: Total time for which application threads were stopped: 0.0000588 seconds, Stopping threads took: 0.0000216 seconds
2020-04-29T23:43:49.970+0700: 1322.373: Total time for which application threads were stopped: 0.0001033 seconds, Stopping threads took: 0.0000182 seconds
2020-04-29T23:43:49.970+0700: 1322.373: Total time for which application threads were stopped: 0.0001008 seconds, Stopping threads took: 0.0000127 seconds
2020-04-29T23:43:49.970+0700: 1322.373: Total time for which application threads were stopped: 0.0000763 seconds, Stopping threads took: 0.0000097 seconds
2020-04-29T23:43:49.970+0700: 1322.374: Total time for which application threads were stopped: 0.0000838 seconds, Stopping threads took: 0.0000085 seconds
2020-04-29T23:43:49.970+0700: 1322.374: Total time for which application threads were stopped: 0.0001639 seconds, Stopping threads took: 0.0001077 seconds
2020-04-29T23:43:49.970+0700: 1322.374: Total time for which application threads were stopped: 0.0000669 seconds, Stopping threads took: 0.0000167 seconds
2020-04-29T23:43:49.971+0700: 1322.374: Total time for which application threads were stopped: 0.0000756 seconds, Stopping threads took: 0.0000305 seconds
2020-04-29T23:43:49.971+0700: 1322.374: Total time for which application threads were stopped: 0.0000837 seconds, Stopping threads took: 0.0000235 seconds
2020-04-29T23:43:49.971+0700: 1322.374: Total time for which application threads were stopped: 0.0000634 seconds, Stopping threads took: 0.0000180 seconds
2020-04-29T23:43:49.971+0700: 1322.374: Total time for which application threads were stopped: 0.0000584 seconds, Stopping threads took: 0.0000173 seconds
2020-04-29T23:43:49.971+0700: 1322.375: Total time for which application threads were stopped: 0.0001214 seconds, Stopping threads took: 0.0000167 seconds
2020-04-29T23:43:49.971+0700: 1322.375: Total time for which application threads were stopped: 0.0000659 seconds, Stopping threads took: 0.0000167 seconds
2020-04-29T23:43:49.972+0700: 1322.375: Total time for which application threads were stopped: 0.0000590 seconds, Stopping threads took: 0.0000119 seconds
2020-04-29T23:43:49.972+0700: 1322.375: Total time for which application threads were stopped: 0.0000808 seconds, Stopping threads took: 0.0000209 seconds
2020-04-29T23:43:49.972+0700: 1322.376: Total time for which application threads were stopped: 0.0000582 seconds, Stopping threads took: 0.0000077 seconds
2020-04-29T23:43:49.973+0700: 1322.376: Total time for which application threads were stopped: 0.0000626 seconds, Stopping threads took: 0.0000173 seconds
2020-04-29T23:43:49.973+0700: 1322.376: Total time for which application threads were stopped: 0.0000569 seconds, Stopping threads took: 0.0000159 seconds
2020-04-29T23:43:49.973+0700: 1322.377: Total time for which application threads were stopped: 0.0000485 seconds, Stopping threads took: 0.0000068 seconds
2020-04-29T23:43:49.973+0700: 1322.377: Total time for which application threads were stopped: 0.0000641 seconds, Stopping threads took: 0.0000158 seconds
2020-04-29T23:43:49.974+0700: 1322.377: Total time for which application threads were stopped: 0.0000473 seconds, Stopping threads took: 0.0000156 seconds
2020-04-29T23:43:50.978+0700: 1323.382: Total time for which application threads were stopped: 0.0001233 seconds, Stopping threads took: 0.0000264 seconds
2020-04-29T23:43:52.169+0700: 1324.572: Total time for which application threads were stopped: 0.0000832 seconds, Stopping threads took: 0.0000147 seconds
2020-04-29T23:43:52.174+0700: 1324.577: Total time for which application threads were stopped: 0.0001405 seconds, Stopping threads took: 0.0000218 seconds
2020-04-29T23:43:52.174+0700: 1324.578: Total time for which application threads were stopped: 0.0001222 seconds, Stopping threads took: 0.0000089 seconds
2020-04-29T23:43:52.174+0700: 1324.578: Total time for which application threads were stopped: 0.0000607 seconds, Stopping threads took: 0.0000186 seconds
2020-04-29T23:43:52.174+0700: 1324.578: Total time for which application threads were stopped: 0.0001200 seconds, Stopping threads took: 0.0000173 seconds
2020-04-29T23:43:52.175+0700: 1324.578: Total time for which application threads were stopped: 0.0000535 seconds, Stopping threads took: 0.0000174 seconds
2020-04-29T23:43:53.179+0700: 1325.582: Total time for which application threads were stopped: 0.0001166 seconds, Stopping threads took: 0.0000189 seconds
2020-04-29T23:43:53.732+0700: 1326.136: Total time for which application threads were stopped: 0.0001754 seconds, Stopping threads took: 0.0000184 seconds
2020-04-29T23:43:53.738+0700: 1326.142: Total time for which application threads were stopped: 0.0001021 seconds, Stopping threads took: 0.0000358 seconds
2020-04-29T23:43:53.738+0700: 1326.142: Total time for which application threads were stopped: 0.0000601 seconds, Stopping threads took: 0.0000117 seconds
2020-04-29T23:43:53.739+0700: 1326.142: Total time for which application threads were stopped: 0.0000708 seconds, Stopping threads took: 0.0000234 seconds
2020-04-29T23:43:53.739+0700: 1326.142: Total time for which application threads were stopped: 0.0000665 seconds, Stopping threads took: 0.0000232 seconds
2020-04-29T23:43:53.739+0700: 1326.142: Total time for which application threads were stopped: 0.0000674 seconds, Stopping threads took: 0.0000262 seconds
2020-04-29T23:43:55.286+0700: 1327.690: Total time for which application threads were stopped: 0.0000872 seconds, Stopping threads took: 0.0000172 seconds
2020-04-29T23:43:55.293+0700: 1327.696: Total time for which application threads were stopped: 0.0000900 seconds, Stopping threads took: 0.0000264 seconds
2020-04-29T23:43:55.293+0700: 1327.696: Total time for which application threads were stopped: 0.0000556 seconds, Stopping threads took: 0.0000097 seconds
2020-04-29T23:43:55.293+0700: 1327.697: Total time for which application threads were stopped: 0.0000703 seconds, Stopping threads took: 0.0000236 seconds
2020-04-29T23:43:55.293+0700: 1327.697: Total time for which application threads were stopped: 0.0000574 seconds, Stopping threads took: 0.0000226 seconds
2020-04-29T23:43:55.293+0700: 1327.697: Total time for which application threads were stopped: 0.0000565 seconds, Stopping threads took: 0.0000189 seconds
2020-04-29T23:43:59.494+0700: 1331.897: Total time for which application threads were stopped: 0.0002199 seconds, Stopping threads took: 0.0000679 seconds
2020-04-29T23:43:59.501+0700: 1331.904: Total time for which application threads were stopped: 0.0001344 seconds, Stopping threads took: 0.0000786 seconds
2020-04-29T23:43:59.501+0700: 1331.904: Total time for which application threads were stopped: 0.0000568 seconds, Stopping threads took: 0.0000174 seconds
2020-04-29T23:43:59.501+0700: 1331.904: Total time for which application threads were stopped: 0.0000561 seconds, Stopping threads took: 0.0000175 seconds
2020-04-29T23:43:59.501+0700: 1331.904: Total time for which application threads were stopped: 0.0000547 seconds, Stopping threads took: 0.0000189 seconds
2020-04-29T23:43:59.501+0700: 1331.904: Total time for which application threads were stopped: 0.0000624 seconds, Stopping threads took: 0.0000259 seconds
2020-04-29T23:44:00.506+0700: 1332.909: Total time for which application threads were stopped: 0.0003079 seconds, Stopping threads took: 0.0000636 seconds
2020-04-29T23:44:01.110+0700: 1333.513: Total time for which application threads were stopped: 0.0000914 seconds, Stopping threads took: 0.0000174 seconds
2020-04-29T23:44:01.117+0700: 1333.520: Total time for which application threads were stopped: 0.0000902 seconds, Stopping threads took: 0.0000319 seconds
2020-04-29T23:44:01.117+0700: 1333.520: Total time for which application threads were stopped: 0.0000646 seconds, Stopping threads took: 0.0000212 seconds
2020-04-29T23:44:01.117+0700: 1333.520: Total time for which application threads were stopped: 0.0000638 seconds, Stopping threads took: 0.0000279 seconds
2020-04-29T23:44:01.117+0700: 1333.521: Total time for which application threads were stopped: 0.0000731 seconds, Stopping threads took: 0.0000182 seconds
2020-04-29T23:44:01.118+0700: 1333.521: Total time for which application threads were stopped: 0.0000550 seconds, Stopping threads took: 0.0000086 seconds
2020-04-29T23:44:02.122+0700: 1334.526: Total time for which application threads were stopped: 0.0001011 seconds, Stopping threads took: 0.0000230 seconds
2020-04-29T23:44:02.687+0700: 1335.090: Total time for which application threads were stopped: 0.0000851 seconds, Stopping threads took: 0.0000152 seconds
2020-04-29T23:44:02.694+0700: 1335.097: Total time for which application threads were stopped: 0.0000800 seconds, Stopping threads took: 0.0000287 seconds
2020-04-29T23:44:02.694+0700: 1335.097: Total time for which application threads were stopped: 0.0000554 seconds, Stopping threads took: 0.0000164 seconds
2020-04-29T23:44:02.694+0700: 1335.097: Total time for which application threads were stopped: 0.0000446 seconds, Stopping threads took: 0.0000143 seconds
2020-04-29T23:44:02.694+0700: 1335.097: Total time for which application threads were stopped: 0.0000434 seconds, Stopping threads took: 0.0000160 seconds
2020-04-29T23:44:02.694+0700: 1335.097: Total time for which application threads were stopped: 0.0000551 seconds, Stopping threads took: 0.0000144 seconds
2020-04-29T23:44:03.470+0700: 1335.873: Total time for which application threads were stopped: 0.0001372 seconds, Stopping threads took: 0.0000200 seconds
2020-04-29T23:44:03.477+0700: 1335.880: Total time for which application threads were stopped: 0.0000830 seconds, Stopping threads took: 0.0000145 seconds
2020-04-29T23:44:03.477+0700: 1335.880: Total time for which application threads were stopped: 0.0000875 seconds, Stopping threads took: 0.0000298 seconds
2020-04-29T23:44:03.477+0700: 1335.880: Total time for which application threads were stopped: 0.0000596 seconds, Stopping threads took: 0.0000192 seconds
2020-04-29T23:44:03.477+0700: 1335.881: Total time for which application threads were stopped: 0.0000481 seconds, Stopping threads took: 0.0000150 seconds
2020-04-29T23:44:03.477+0700: 1335.881: Total time for which application threads were stopped: 0.0000707 seconds, Stopping threads took: 0.0000149 seconds
2020-04-29T23:44:05.068+0700: 1337.471: Total time for which application threads were stopped: 0.0000854 seconds, Stopping threads took: 0.0000178 seconds
2020-04-29T23:44:05.075+0700: 1337.478: Total time for which application threads were stopped: 0.0000927 seconds, Stopping threads took: 0.0000240 seconds
2020-04-29T23:44:05.075+0700: 1337.478: Total time for which application threads were stopped: 0.0000580 seconds, Stopping threads took: 0.0000177 seconds
2020-04-29T23:44:05.076+0700: 1337.479: Total time for which application threads were stopped: 0.0001157 seconds, Stopping threads took: 0.0000339 seconds
2020-04-29T23:44:05.077+0700: 1337.480: Total time for which application threads were stopped: 0.0001214 seconds, Stopping threads took: 0.0000665 seconds
2020-04-29T23:44:05.077+0700: 1337.480: Total time for which application threads were stopped: 0.0000816 seconds, Stopping threads took: 0.0000325 seconds
2020-04-29T23:44:05.077+0700: 1337.480: Total time for which application threads were stopped: 0.0001644 seconds, Stopping threads took: 0.0000290 seconds
2020-04-29T23:44:05.077+0700: 1337.480: Total time for which application threads were stopped: 0.0001117 seconds, Stopping threads took: 0.0000713 seconds
2020-04-29T23:44:05.077+0700: 1337.480: Total time for which application threads were stopped: 0.0000777 seconds, Stopping threads took: 0.0000410 seconds
2020-04-29T23:44:06.081+0700: 1338.484: Total time for which application threads were stopped: 0.0001970 seconds, Stopping threads took: 0.0000277 seconds
2020-04-29T23:44:08.448+0700: 1340.852: Total time for which application threads were stopped: 0.0000889 seconds, Stopping threads took: 0.0000182 seconds
2020-04-29T23:44:08.449+0700: 1340.852: Total time for which application threads were stopped: 0.0000623 seconds, Stopping threads took: 0.0000110 seconds
2020-04-29T23:44:08.449+0700: 1340.852: Total time for which application threads were stopped: 0.0000505 seconds, Stopping threads took: 0.0000091 seconds
2020-04-29T23:44:08.449+0700: 1340.852: Total time for which application threads were stopped: 0.0000410 seconds, Stopping threads took: 0.0000073 seconds
2020-04-29T23:44:08.449+0700: 1340.852: Total time for which application threads were stopped: 0.0000650 seconds, Stopping threads took: 0.0000121 seconds
2020-04-29T23:44:08.449+0700: 1340.853: Total time for which application threads were stopped: 0.0000765 seconds, Stopping threads took: 0.0000144 seconds
2020-04-29T23:44:08.450+0700: 1340.853: Total time for which application threads were stopped: 0.0000690 seconds, Stopping threads took: 0.0000112 seconds
2020-04-29T23:44:08.450+0700: 1340.853: Total time for which application threads were stopped: 0.0001381 seconds, Stopping threads took: 0.0000263 seconds
2020-04-29T23:44:08.450+0700: 1340.853: Total time for which application threads were stopped: 0.0001170 seconds, Stopping threads took: 0.0000177 seconds
2020-04-29T23:44:08.451+0700: 1340.854: Total time for which application threads were stopped: 0.0001647 seconds, Stopping threads took: 0.0000995 seconds
2020-04-29T23:44:08.451+0700: 1340.854: Total time for which application threads were stopped: 0.0000739 seconds, Stopping threads took: 0.0000126 seconds
2020-04-29T23:44:08.451+0700: 1340.854: Total time for which application threads were stopped: 0.0000692 seconds, Stopping threads took: 0.0000117 seconds
2020-04-29T23:44:08.451+0700: 1340.854: Total time for which application threads were stopped: 0.0001018 seconds, Stopping threads took: 0.0000111 seconds
2020-04-29T23:44:08.451+0700: 1340.854: Total time for which application threads were stopped: 0.0000493 seconds, Stopping threads took: 0.0000085 seconds
2020-04-29T23:44:08.451+0700: 1340.854: Total time for which application threads were stopped: 0.0000446 seconds, Stopping threads took: 0.0000079 seconds
2020-04-29T23:44:08.454+0700: 1340.857: Total time for which application threads were stopped: 0.0000688 seconds, Stopping threads took: 0.0000155 seconds
2020-04-29T23:44:08.455+0700: 1340.858: Total time for which application threads were stopped: 0.0000826 seconds, Stopping threads took: 0.0000314 seconds
2020-04-29T23:44:08.456+0700: 1340.859: Total time for which application threads were stopped: 0.0000611 seconds, Stopping threads took: 0.0000118 seconds
2020-04-29T23:44:08.461+0700: 1340.864: Total time for which application threads were stopped: 0.0000940 seconds, Stopping threads took: 0.0000313 seconds
2020-04-29T23:44:08.461+0700: 1340.864: Total time for which application threads were stopped: 0.0000911 seconds, Stopping threads took: 0.0000222 seconds
2020-04-29T23:44:08.461+0700: 1340.864: Total time for which application threads were stopped: 0.0000669 seconds, Stopping threads took: 0.0000267 seconds
2020-04-29T23:44:08.461+0700: 1340.864: Total time for which application threads were stopped: 0.0000809 seconds, Stopping threads took: 0.0000220 seconds
2020-04-29T23:44:08.461+0700: 1340.864: Total time for which application threads were stopped: 0.0000802 seconds, Stopping threads took: 0.0000298 seconds
2020-04-29T23:44:08.463+0700: 1340.866: Total time for which application threads were stopped: 0.0001355 seconds, Stopping threads took: 0.0000396 seconds
2020-04-29T23:44:08.464+0700: 1340.867: Total time for which application threads were stopped: 0.0002050 seconds, Stopping threads took: 0.0000151 seconds
2020-04-29T23:44:09.467+0700: 1341.870: Total time for which application threads were stopped: 0.0002651 seconds, Stopping threads took: 0.0000423 seconds
2020-04-29T23:44:09.757+0700: 1342.160: Total time for which application threads were stopped: 0.0001263 seconds, Stopping threads took: 0.0000273 seconds
2020-04-29T23:44:09.762+0700: 1342.165: Total time for which application threads were stopped: 0.0000771 seconds, Stopping threads took: 0.0000225 seconds
2020-04-29T23:44:09.762+0700: 1342.166: Total time for which application threads were stopped: 0.0000811 seconds, Stopping threads took: 0.0000356 seconds
2020-04-29T23:44:09.763+0700: 1342.166: Total time for which application threads were stopped: 0.0000885 seconds, Stopping threads took: 0.0000433 seconds
2020-04-29T23:44:09.763+0700: 1342.166: Total time for which application threads were stopped: 0.0000987 seconds, Stopping threads took: 0.0000495 seconds
2020-04-29T23:44:09.763+0700: 1342.166: Total time for which application threads were stopped: 0.0001847 seconds, Stopping threads took: 0.0000165 seconds
2020-04-29T23:44:10.767+0700: 1343.170: Total time for which application threads were stopped: 0.0001409 seconds, Stopping threads took: 0.0000492 seconds
2020-04-29T23:44:12.401+0700: 1344.804: Total time for which application threads were stopped: 0.0001212 seconds, Stopping threads took: 0.0000375 seconds
2020-04-29T23:44:12.407+0700: 1344.810: Total time for which application threads were stopped: 0.0000711 seconds, Stopping threads took: 0.0000141 seconds
2020-04-29T23:44:12.407+0700: 1344.810: Total time for which application threads were stopped: 0.0000746 seconds, Stopping threads took: 0.0000251 seconds
2020-04-29T23:44:12.407+0700: 1344.810: Total time for which application threads were stopped: 0.0000686 seconds, Stopping threads took: 0.0000301 seconds
2020-04-29T23:44:12.407+0700: 1344.810: Total time for which application threads were stopped: 0.0000937 seconds, Stopping threads took: 0.0000496 seconds
2020-04-29T23:44:13.413+0700: 1345.816: Total time for which application threads were stopped: 0.0003301 seconds, Stopping threads took: 0.0000974 seconds
2020-04-29T23:44:16.487+0700: 1348.890: Total time for which application threads were stopped: 0.0000972 seconds, Stopping threads took: 0.0000184 seconds
2020-04-29T23:44:16.495+0700: 1348.898: Total time for which application threads were stopped: 0.0001379 seconds, Stopping threads took: 0.0000297 seconds
2020-04-29T23:44:16.495+0700: 1348.898: Total time for which application threads were stopped: 0.0001102 seconds, Stopping threads took: 0.0000467 seconds
2020-04-29T23:44:16.495+0700: 1348.898: Total time for which application threads were stopped: 0.0000843 seconds, Stopping threads took: 0.0000329 seconds
2020-04-29T23:44:16.495+0700: 1348.898: Total time for which application threads were stopped: 0.0000870 seconds, Stopping threads took: 0.0000366 seconds
2020-04-29T23:44:17.497+0700: 1349.900: Total time for which application threads were stopped: 0.0002314 seconds, Stopping threads took: 0.0000372 seconds
2020-04-29T23:44:50.599+0700: 1383.002: Total time for which application threads were stopped: 0.0001583 seconds, Stopping threads took: 0.0000528 seconds
2020-04-29T23:45:03.712+0700: 1396.114: Total time for which application threads were stopped: 0.0001164 seconds, Stopping threads took: 0.0000200 seconds
2020-04-29T23:45:03.712+0700: 1396.114: Total time for which application threads were stopped: 0.0000504 seconds, Stopping threads took: 0.0000101 seconds
2020-04-29T23:45:03.712+0700: 1396.114: Total time for which application threads were stopped: 0.0000412 seconds, Stopping threads took: 0.0000143 seconds
2020-04-29T23:45:03.713+0700: 1396.115: Total time for which application threads were stopped: 0.0000432 seconds, Stopping threads took: 0.0000160 seconds
2020-04-29T23:45:04.049+0700: 1396.451: Total time for which application threads were stopped: 0.0001221 seconds, Stopping threads took: 0.0000358 seconds
2020-04-29T23:45:04.049+0700: 1396.451: Total time for which application threads were stopped: 0.0000740 seconds, Stopping threads took: 0.0000122 seconds
2020-04-29T23:45:04.051+0700: 1396.453: Total time for which application threads were stopped: 0.0000997 seconds, Stopping threads took: 0.0000350 seconds
2020-04-29T23:45:04.057+0700: 1396.459: Total time for which application threads were stopped: 0.0000813 seconds, Stopping threads took: 0.0000151 seconds
2020-04-29T23:45:04.057+0700: 1396.460: Total time for which application threads were stopped: 0.0005801 seconds, Stopping threads took: 0.0000772 seconds
2020-04-29T23:45:04.058+0700: 1396.460: Total time for which application threads were stopped: 0.0000910 seconds, Stopping threads took: 0.0000257 seconds
2020-04-29T23:45:04.058+0700: 1396.460: Total time for which application threads were stopped: 0.0000824 seconds, Stopping threads took: 0.0000333 seconds
2020-04-29T23:45:04.058+0700: 1396.460: Total time for which application threads were stopped: 0.0000842 seconds, Stopping threads took: 0.0000326 seconds
2020-04-29T23:45:04.058+0700: 1396.460: Total time for which application threads were stopped: 0.0000977 seconds, Stopping threads took: 0.0000465 seconds
2020-04-29T23:45:04.059+0700: 1396.461: Total time for which application threads were stopped: 0.0000887 seconds, Stopping threads took: 0.0000307 seconds
2020-04-29T23:45:04.065+0700: 1396.468: Total time for which application threads were stopped: 0.0001089 seconds, Stopping threads took: 0.0000347 seconds
2020-04-29T23:45:04.066+0700: 1396.468: Total time for which application threads were stopped: 0.0001391 seconds, Stopping threads took: 0.0000459 seconds
2020-04-29T23:45:04.066+0700: 1396.468: Total time for which application threads were stopped: 0.0000973 seconds, Stopping threads took: 0.0000298 seconds
2020-04-29T23:45:04.066+0700: 1396.468: Total time for which application threads were stopped: 0.0001116 seconds, Stopping threads took: 0.0000487 seconds
2020-04-29T23:45:04.066+0700: 1396.468: Total time for which application threads were stopped: 0.0001810 seconds, Stopping threads took: 0.0000356 seconds
2020-04-29T23:45:04.434+0700: 1396.836: Total time for which application threads were stopped: 0.0001222 seconds, Stopping threads took: 0.0000226 seconds
2020-04-29T23:45:04.434+0700: 1396.836: Total time for which application threads were stopped: 0.0000679 seconds, Stopping threads took: 0.0000125 seconds
2020-04-29T23:45:04.435+0700: 1396.837: Total time for which application threads were stopped: 0.0000765 seconds, Stopping threads took: 0.0000142 seconds
2020-04-29T23:45:29.373+0700: 1421.775: Total time for which application threads were stopped: 0.0001129 seconds, Stopping threads took: 0.0000361 seconds
2020-04-29T23:45:30.377+0700: 1422.779: Total time for which application threads were stopped: 0.0000868 seconds, Stopping threads took: 0.0000251 seconds
2020-04-29T23:45:50.431+0700: 1442.832: Total time for which application threads were stopped: 0.0001115 seconds, Stopping threads took: 0.0000415 seconds
2020-04-29T23:46:05.936+0700: 1458.337: Total time for which application threads were stopped: 0.0003256 seconds, Stopping threads took: 0.0002382 seconds
2020-04-29T23:46:05.937+0700: 1458.338: Total time for which application threads were stopped: 0.0005955 seconds, Stopping threads took: 0.0005149 seconds
2020-04-29T23:46:05.940+0700: 1458.340: Total time for which application threads were stopped: 0.0001877 seconds, Stopping threads took: 0.0000453 seconds
2020-04-29T23:46:05.940+0700: 1458.341: Total time for which application threads were stopped: 0.0001365 seconds, Stopping threads took: 0.0000385 seconds
2020-04-29T23:46:05.941+0700: 1458.342: Total time for which application threads were stopped: 0.0001161 seconds, Stopping threads took: 0.0000479 seconds
2020-04-29T23:46:05.941+0700: 1458.342: Total time for which application threads were stopped: 0.0001308 seconds, Stopping threads took: 0.0000630 seconds
2020-04-29T23:46:05.941+0700: 1458.342: Total time for which application threads were stopped: 0.0000698 seconds, Stopping threads took: 0.0000295 seconds
2020-04-29T23:46:05.942+0700: 1458.342: Total time for which application threads were stopped: 0.0000889 seconds, Stopping threads took: 0.0000133 seconds
2020-04-29T23:46:05.942+0700: 1458.343: Total time for which application threads were stopped: 0.0001149 seconds, Stopping threads took: 0.0000334 seconds
2020-04-29T23:46:05.942+0700: 1458.343: Total time for which application threads were stopped: 0.0001193 seconds, Stopping threads took: 0.0000318 seconds
2020-04-29T23:46:05.943+0700: 1458.343: Total time for which application threads were stopped: 0.0001008 seconds, Stopping threads took: 0.0000252 seconds
2020-04-29T23:46:05.943+0700: 1458.344: Total time for which application threads were stopped: 0.0001308 seconds, Stopping threads took: 0.0000575 seconds
2020-04-29T23:46:05.943+0700: 1458.344: Total time for which application threads were stopped: 0.0001280 seconds, Stopping threads took: 0.0000508 seconds
2020-04-29T23:46:05.946+0700: 1458.347: Total time for which application threads were stopped: 0.0002697 seconds, Stopping threads took: 0.0001867 seconds
2020-04-29T23:46:05.947+0700: 1458.348: Total time for which application threads were stopped: 0.0001906 seconds, Stopping threads took: 0.0000311 seconds
2020-04-29T23:46:05.948+0700: 1458.349: Total time for which application threads were stopped: 0.0003478 seconds, Stopping threads took: 0.0001065 seconds
2020-04-29T23:46:06.953+0700: 1459.354: Total time for which application threads were stopped: 0.0000983 seconds, Stopping threads took: 0.0000231 seconds
2020-04-29T23:46:24.836+0700: 1477.236: Total time for which application threads were stopped: 0.0002677 seconds, Stopping threads took: 0.0001533 seconds
2020-04-29T23:46:24.839+0700: 1477.240: Total time for which application threads were stopped: 0.0003357 seconds, Stopping threads took: 0.0002607 seconds
2020-04-29T23:46:28.856+0700: 1481.256: Total time for which application threads were stopped: 0.0001182 seconds, Stopping threads took: 0.0000245 seconds
2020-04-29T23:46:29.894+0700: 1482.294: Total time for which application threads were stopped: 0.0001038 seconds, Stopping threads took: 0.0000225 seconds
2020-04-29T23:46:29.896+0700: 1482.296: Total time for which application threads were stopped: 0.0001014 seconds, Stopping threads took: 0.0000293 seconds
2020-04-29T23:46:29.896+0700: 1482.296: Total time for which application threads were stopped: 0.0000748 seconds, Stopping threads took: 0.0000115 seconds
2020-04-29T23:46:29.896+0700: 1482.297: Total time for which application threads were stopped: 0.0000538 seconds, Stopping threads took: 0.0000092 seconds
2020-04-29T23:46:29.897+0700: 1482.297: Total time for which application threads were stopped: 0.0000806 seconds, Stopping threads took: 0.0000125 seconds
2020-04-29T23:46:30.897+0700: 1483.298: Total time for which application threads were stopped: 0.0000933 seconds, Stopping threads took: 0.0000205 seconds
2020-04-29T23:46:50.959+0700: 1503.359: Total time for which application threads were stopped: 0.0000927 seconds, Stopping threads took: 0.0000250 seconds
2020-04-29T23:47:39.126+0700: 1551.525: Total time for which application threads were stopped: 0.0001301 seconds, Stopping threads took: 0.0000249 seconds
2020-04-29T23:47:41.134+0700: 1553.533: Total time for which application threads were stopped: 0.0000874 seconds, Stopping threads took: 0.0000203 seconds
2020-04-29T23:47:51.166+0700: 1563.565: Total time for which application threads were stopped: 0.0000926 seconds, Stopping threads took: 0.0000212 seconds
2020-04-29T23:48:09.235+0700: 1581.634: Total time for which application threads were stopped: 0.0000953 seconds, Stopping threads took: 0.0000192 seconds
2020-04-29T23:48:20.229+0700: 1592.627: Total time for which application threads were stopped: 0.0001222 seconds, Stopping threads took: 0.0000256 seconds
2020-04-29T23:48:20.229+0700: 1592.628: Total time for which application threads were stopped: 0.0000776 seconds, Stopping threads took: 0.0000069 seconds
2020-04-29T23:48:20.233+0700: 1592.631: Total time for which application threads were stopped: 0.0000967 seconds, Stopping threads took: 0.0000218 seconds
2020-04-29T23:48:20.240+0700: 1592.638: Total time for which application threads were stopped: 0.0000686 seconds, Stopping threads took: 0.0000133 seconds
2020-04-29T23:48:20.240+0700: 1592.638: Total time for which application threads were stopped: 0.0000461 seconds, Stopping threads took: 0.0000092 seconds
2020-04-29T23:48:20.247+0700: 1592.645: Total time for which application threads were stopped: 0.0000912 seconds, Stopping threads took: 0.0000161 seconds
2020-04-29T23:48:20.247+0700: 1592.645: Total time for which application threads were stopped: 0.0000921 seconds, Stopping threads took: 0.0000118 seconds
2020-04-29T23:48:31.107+0700: 1603.505: Total time for which application threads were stopped: 0.0001094 seconds, Stopping threads took: 0.0000296 seconds
2020-04-29T23:48:31.107+0700: 1603.505: Total time for which application threads were stopped: 0.0000536 seconds, Stopping threads took: 0.0000082 seconds
2020-04-29T23:48:31.109+0700: 1603.507: Total time for which application threads were stopped: 0.0000928 seconds, Stopping threads took: 0.0000367 seconds
2020-04-29T23:48:31.110+0700: 1603.508: Total time for which application threads were stopped: 0.0001046 seconds, Stopping threads took: 0.0000278 seconds
2020-04-29T23:48:31.112+0700: 1603.510: Total time for which application threads were stopped: 0.0000721 seconds, Stopping threads took: 0.0000223 seconds
2020-04-29T23:48:31.114+0700: 1603.512: Total time for which application threads were stopped: 0.0001004 seconds, Stopping threads took: 0.0000304 seconds
2020-04-29T23:48:31.115+0700: 1603.513: Total time for which application threads were stopped: 0.0000811 seconds, Stopping threads took: 0.0000227 seconds
2020-04-29T23:48:31.127+0700: 1603.525: Total time for which application threads were stopped: 0.0000953 seconds, Stopping threads took: 0.0000137 seconds
2020-04-29T23:48:31.132+0700: 1603.530: Total time for which application threads were stopped: 0.0000627 seconds, Stopping threads took: 0.0000125 seconds
2020-04-29T23:48:31.136+0700: 1603.534: Total time for which application threads were stopped: 0.0000664 seconds, Stopping threads took: 0.0000126 seconds
2020-04-29T23:48:31.138+0700: 1603.536: Total time for which application threads were stopped: 0.0001889 seconds, Stopping threads took: 0.0000552 seconds
2020-04-29T23:48:31.138+0700: 1603.536: Total time for which application threads were stopped: 0.0000666 seconds, Stopping threads took: 0.0000071 seconds
2020-04-29T23:48:31.150+0700: 1603.548: Total time for which application threads were stopped: 0.0000863 seconds, Stopping threads took: 0.0000289 seconds
2020-04-29T23:50:00.231+0700: 1692.627: Total time for which application threads were stopped: 0.0001302 seconds, Stopping threads took: 0.0000232 seconds
2020-04-29T23:50:00.250+0700: 1692.646: Total time for which application threads were stopped: 0.0002749 seconds, Stopping threads took: 0.0000251 seconds
2020-04-29T23:50:00.252+0700: 1692.648: Total time for which application threads were stopped: 0.0000878 seconds, Stopping threads took: 0.0000170 seconds
2020-04-29T23:50:26.383+0700: 1718.779: Total time for which application threads were stopped: 0.0000826 seconds, Stopping threads took: 0.0000175 seconds
2020-04-29T23:50:26.383+0700: 1718.779: Total time for which application threads were stopped: 0.0000706 seconds, Stopping threads took: 0.0000187 seconds
2020-04-29T23:50:26.388+0700: 1718.783: Total time for which application threads were stopped: 0.0000898 seconds, Stopping threads took: 0.0000219 seconds
2020-04-29T23:50:26.388+0700: 1718.784: Total time for which application threads were stopped: 0.0001156 seconds, Stopping threads took: 0.0000403 seconds
2020-04-29T23:50:26.392+0700: 1718.788: Total time for which application threads were stopped: 0.0001305 seconds, Stopping threads took: 0.0000234 seconds
2020-04-29T23:50:26.393+0700: 1718.789: Total time for which application threads were stopped: 0.0000833 seconds, Stopping threads took: 0.0000380 seconds
2020-04-29T23:50:27.397+0700: 1719.793: Total time for which application threads were stopped: 0.0001374 seconds, Stopping threads took: 0.0000687 seconds
2020-04-29T23:50:31.154+0700: 1723.550: Total time for which application threads were stopped: 0.0001096 seconds, Stopping threads took: 0.0000428 seconds
2020-04-29T23:50:31.155+0700: 1723.550: Total time for which application threads were stopped: 0.0000874 seconds, Stopping threads took: 0.0000273 seconds
2020-04-29T23:50:31.156+0700: 1723.552: Total time for which application threads were stopped: 0.0000798 seconds, Stopping threads took: 0.0000286 seconds
2020-04-29T23:50:32.160+0700: 1724.556: Total time for which application threads were stopped: 0.0001360 seconds, Stopping threads took: 0.0000246 seconds
2020-04-29T23:51:38.044+0700: 1790.438: Total time for which application threads were stopped: 0.0001683 seconds, Stopping threads took: 0.0000387 seconds
2020-04-29T23:51:38.044+0700: 1790.438: Total time for which application threads were stopped: 0.0000986 seconds, Stopping threads took: 0.0000289 seconds
2020-04-29T23:51:38.337+0700: 1790.731: Total time for which application threads were stopped: 0.0001224 seconds, Stopping threads took: 0.0000305 seconds
2020-04-29T23:51:38.337+0700: 1790.731: Total time for which application threads were stopped: 0.0000960 seconds, Stopping threads took: 0.0000126 seconds
2020-04-29T23:51:38.340+0700: 1790.734: Total time for which application threads were stopped: 0.0019448 seconds, Stopping threads took: 0.0018391 seconds
2020-04-29T23:51:38.340+0700: 1790.734: Total time for which application threads were stopped: 0.0001361 seconds, Stopping threads took: 0.0000812 seconds
2020-04-29T23:51:38.340+0700: 1790.735: Total time for which application threads were stopped: 0.0001817 seconds, Stopping threads took: 0.0000525 seconds
2020-04-29T23:51:38.341+0700: 1790.736: Total time for which application threads were stopped: 0.0001424 seconds, Stopping threads took: 0.0000626 seconds
2020-04-29T23:51:38.341+0700: 1790.736: Total time for which application threads were stopped: 0.0001252 seconds, Stopping threads took: 0.0000362 seconds
2020-04-29T23:51:38.347+0700: 1790.741: Total time for which application threads were stopped: 0.0001877 seconds, Stopping threads took: 0.0000223 seconds
2020-04-29T23:51:38.654+0700: 1791.048: Total time for which application threads were stopped: 0.0001343 seconds, Stopping threads took: 0.0000336 seconds
2020-04-29T23:51:38.654+0700: 1791.049: Total time for which application threads were stopped: 0.0000966 seconds, Stopping threads took: 0.0000105 seconds
2020-04-29T23:51:38.655+0700: 1791.050: Total time for which application threads were stopped: 0.0000898 seconds, Stopping threads took: 0.0000137 seconds
2020-04-29T23:51:40.240+0700: 1792.634: Total time for which application threads were stopped: 0.0002080 seconds, Stopping threads took: 0.0000506 seconds
2020-04-29T23:51:40.240+0700: 1792.634: Total time for which application threads were stopped: 0.0000888 seconds, Stopping threads took: 0.0000113 seconds
2020-04-29T23:51:40.252+0700: 1792.646: Total time for which application threads were stopped: 0.0001293 seconds, Stopping threads took: 0.0000564 seconds
2020-04-29T23:51:40.261+0700: 1792.655: Total time for which application threads were stopped: 0.0001507 seconds, Stopping threads took: 0.0000796 seconds
2020-04-29T23:51:40.261+0700: 1792.656: Total time for which application threads were stopped: 0.0000786 seconds, Stopping threads took: 0.0000222 seconds
2020-04-29T23:51:40.261+0700: 1792.656: Total time for which application threads were stopped: 0.0000743 seconds, Stopping threads took: 0.0000179 seconds
2020-04-29T23:52:38.379+0700: 1850.772: Total time for which application threads were stopped: 0.0001151 seconds, Stopping threads took: 0.0000325 seconds
2020-04-29T23:52:38.379+0700: 1850.773: Total time for which application threads were stopped: 0.0000907 seconds, Stopping threads took: 0.0000387 seconds
2020-04-29T23:52:38.380+0700: 1850.773: Total time for which application threads were stopped: 0.0002287 seconds, Stopping threads took: 0.0000380 seconds
2020-04-29T23:52:38.380+0700: 1850.773: Total time for which application threads were stopped: 0.0001124 seconds, Stopping threads took: 0.0000306 seconds
2020-04-29T23:52:38.386+0700: 1850.779: Total time for which application threads were stopped: 0.0001973 seconds, Stopping threads took: 0.0000455 seconds
2020-04-29T23:52:38.391+0700: 1850.784: Total time for which application threads were stopped: 0.0001806 seconds, Stopping threads took: 0.0001132 seconds
2020-04-29T23:52:39.395+0700: 1851.788: Total time for which application threads were stopped: 0.0001122 seconds, Stopping threads took: 0.0000258 seconds
2020-04-29T23:52:59.225+0700: 1871.618: Total time for which application threads were stopped: 0.0000870 seconds, Stopping threads took: 0.0000189 seconds
2020-04-29T23:52:59.225+0700: 1871.618: Total time for which application threads were stopped: 0.0000457 seconds, Stopping threads took: 0.0000072 seconds
2020-04-29T23:52:59.232+0700: 1871.624: Total time for which application threads were stopped: 0.0001786 seconds, Stopping threads took: 0.0000608 seconds
2020-04-29T23:52:59.232+0700: 1871.625: Total time for which application threads were stopped: 0.0001612 seconds, Stopping threads took: 0.0000256 seconds
2020-04-29T23:52:59.238+0700: 1871.631: Total time for which application threads were stopped: 0.0001042 seconds, Stopping threads took: 0.0000386 seconds
2020-04-29T23:52:59.247+0700: 1871.640: Total time for which application threads were stopped: 0.0001591 seconds, Stopping threads took: 0.0000458 seconds
2020-04-29T23:52:59.247+0700: 1871.640: Total time for which application threads were stopped: 0.0000964 seconds, Stopping threads took: 0.0000317 seconds
2020-04-29T23:52:59.248+0700: 1871.640: Total time for which application threads were stopped: 0.0001424 seconds, Stopping threads took: 0.0000365 seconds
2020-04-29T23:52:59.248+0700: 1871.641: Total time for which application threads were stopped: 0.0002318 seconds, Stopping threads took: 0.0001292 seconds
2020-04-29T23:52:59.254+0700: 1871.646: Total time for which application threads were stopped: 0.0000735 seconds, Stopping threads took: 0.0000172 seconds
2020-04-29T23:53:01.939+0700: 1874.332: Total time for which application threads were stopped: 0.0001300 seconds, Stopping threads took: 0.0000602 seconds
2020-04-29T23:53:01.951+0700: 1874.344: Total time for which application threads were stopped: 0.0000794 seconds, Stopping threads took: 0.0000139 seconds
2020-04-29T23:53:01.959+0700: 1874.352: Total time for which application threads were stopped: 0.0000790 seconds, Stopping threads took: 0.0000203 seconds
2020-04-29T23:53:01.959+0700: 1874.352: Total time for which application threads were stopped: 0.0000674 seconds, Stopping threads took: 0.0000207 seconds
2020-04-29T23:53:01.959+0700: 1874.352: Total time for which application threads were stopped: 0.0000452 seconds, Stopping threads took: 0.0000067 seconds
2020-04-29T23:53:01.959+0700: 1874.352: Total time for which application threads were stopped: 0.0000530 seconds, Stopping threads took: 0.0000200 seconds
2020-04-29T23:53:03.570+0700: 1875.963: Total time for which application threads were stopped: 0.0001043 seconds, Stopping threads took: 0.0000171 seconds
2020-04-29T23:53:03.578+0700: 1875.970: Total time for which application threads were stopped: 0.0000971 seconds, Stopping threads took: 0.0000338 seconds
2020-04-29T23:53:03.578+0700: 1875.970: Total time for which application threads were stopped: 0.0000925 seconds, Stopping threads took: 0.0000418 seconds
2020-04-29T23:53:03.578+0700: 1875.971: Total time for which application threads were stopped: 0.0000603 seconds, Stopping threads took: 0.0000150 seconds
2020-04-29T23:53:03.578+0700: 1875.971: Total time for which application threads were stopped: 0.0000803 seconds, Stopping threads took: 0.0000226 seconds
2020-04-29T23:53:04.581+0700: 1876.974: Total time for which application threads were stopped: 0.0001315 seconds, Stopping threads took: 0.0000420 seconds
2020-04-29T23:53:05.793+0700: 1878.186: Total time for which application threads were stopped: 0.0000989 seconds, Stopping threads took: 0.0000182 seconds
2020-04-29T23:53:05.802+0700: 1878.194: Total time for which application threads were stopped: 0.0001056 seconds, Stopping threads took: 0.0000442 seconds
2020-04-29T23:53:05.802+0700: 1878.195: Total time for which application threads were stopped: 0.0005883 seconds, Stopping threads took: 0.0000096 seconds
2020-04-29T23:53:05.802+0700: 1878.195: Total time for which application threads were stopped: 0.0000539 seconds, Stopping threads took: 0.0000084 seconds
2020-04-29T23:53:05.803+0700: 1878.195: Total time for which application threads were stopped: 0.0000804 seconds, Stopping threads took: 0.0000346 seconds
2020-04-29T23:53:07.733+0700: 1880.126: Total time for which application threads were stopped: 0.0000948 seconds, Stopping threads took: 0.0000174 seconds
2020-04-29T23:53:07.740+0700: 1880.133: Total time for which application threads were stopped: 0.0001031 seconds, Stopping threads took: 0.0000138 seconds
2020-04-29T23:53:07.740+0700: 1880.133: Total time for which application threads were stopped: 0.0000807 seconds, Stopping threads took: 0.0000197 seconds
2020-04-29T23:53:07.741+0700: 1880.133: Total time for which application threads were stopped: 0.0000623 seconds, Stopping threads took: 0.0000188 seconds
2020-04-29T23:53:07.741+0700: 1880.134: Total time for which application threads were stopped: 0.0000574 seconds, Stopping threads took: 0.0000203 seconds
2020-04-29T23:53:07.741+0700: 1880.134: Total time for which application threads were stopped: 0.0000641 seconds, Stopping threads took: 0.0000229 seconds
2020-04-29T23:53:07.741+0700: 1880.134: Total time for which application threads were stopped: 0.0000592 seconds, Stopping threads took: 0.0000196 seconds
2020-04-29T23:53:08.745+0700: 1881.138: Total time for which application threads were stopped: 0.0001293 seconds, Stopping threads took: 0.0000201 seconds
2020-04-29T23:53:10.767+0700: 1883.160: Total time for which application threads were stopped: 0.0001241 seconds, Stopping threads took: 0.0000155 seconds
2020-04-29T23:53:10.767+0700: 1883.160: Total time for which application threads were stopped: 0.0000868 seconds, Stopping threads took: 0.0000090 seconds
2020-04-29T23:53:10.768+0700: 1883.160: Total time for which application threads were stopped: 0.0000702 seconds, Stopping threads took: 0.0000100 seconds
2020-04-29T23:53:10.768+0700: 1883.160: Total time for which application threads were stopped: 0.0000702 seconds, Stopping threads took: 0.0000117 seconds
2020-04-29T23:53:10.768+0700: 1883.161: Total time for which application threads were stopped: 0.0000651 seconds, Stopping threads took: 0.0000096 seconds
2020-04-29T23:53:10.768+0700: 1883.161: Total time for which application threads were stopped: 0.0000600 seconds, Stopping threads took: 0.0000070 seconds
2020-04-29T23:53:10.768+0700: 1883.161: Total time for which application threads were stopped: 0.0001147 seconds, Stopping threads took: 0.0000071 seconds
2020-04-29T23:53:10.769+0700: 1883.161: Total time for which application threads were stopped: 0.0000664 seconds, Stopping threads took: 0.0000073 seconds
2020-04-29T23:53:10.769+0700: 1883.161: Total time for which application threads were stopped: 0.0000723 seconds, Stopping threads took: 0.0000244 seconds
2020-04-29T23:53:10.769+0700: 1883.162: Total time for which application threads were stopped: 0.0000685 seconds, Stopping threads took: 0.0000054 seconds
2020-04-29T23:53:10.769+0700: 1883.162: Total time for which application threads were stopped: 0.0000677 seconds, Stopping threads took: 0.0000052 seconds
2020-04-29T23:53:10.769+0700: 1883.162: Total time for which application threads were stopped: 0.0000651 seconds, Stopping threads took: 0.0000240 seconds
2020-04-29T23:53:10.769+0700: 1883.162: Total time for which application threads were stopped: 0.0000440 seconds, Stopping threads took: 0.0000073 seconds
2020-04-29T23:53:10.769+0700: 1883.162: Total time for which application threads were stopped: 0.0000383 seconds, Stopping threads took: 0.0000056 seconds
2020-04-29T23:53:10.771+0700: 1883.164: Total time for which application threads were stopped: 0.0000806 seconds, Stopping threads took: 0.0000299 seconds
2020-04-29T23:53:10.772+0700: 1883.164: Total time for which application threads were stopped: 0.0000668 seconds, Stopping threads took: 0.0000088 seconds
2020-04-29T23:53:10.773+0700: 1883.165: Total time for which application threads were stopped: 0.0001097 seconds, Stopping threads took: 0.0000274 seconds
2020-04-29T23:53:10.775+0700: 1883.167: Total time for which application threads were stopped: 0.0000836 seconds, Stopping threads took: 0.0000180 seconds
2020-04-29T23:53:10.779+0700: 1883.172: Total time for which application threads were stopped: 0.0000733 seconds, Stopping threads took: 0.0000137 seconds
2020-04-29T23:53:10.779+0700: 1883.172: Total time for which application threads were stopped: 0.0000634 seconds, Stopping threads took: 0.0000185 seconds
2020-04-29T23:53:10.779+0700: 1883.172: Total time for which application threads were stopped: 0.0000686 seconds, Stopping threads took: 0.0000236 seconds
2020-04-29T23:53:10.779+0700: 1883.172: Total time for which application threads were stopped: 0.0000579 seconds, Stopping threads took: 0.0000226 seconds
2020-04-29T23:53:10.782+0700: 1883.175: Total time for which application threads were stopped: 0.0000780 seconds, Stopping threads took: 0.0000221 seconds
2020-04-29T23:53:10.783+0700: 1883.175: Total time for which application threads were stopped: 0.0000653 seconds, Stopping threads took: 0.0000223 seconds
2020-04-29T23:53:10.783+0700: 1883.175: Total time for which application threads were stopped: 0.0000386 seconds, Stopping threads took: 0.0000063 seconds
2020-04-29T23:53:10.785+0700: 1883.178: Total time for which application threads were stopped: 0.0000931 seconds, Stopping threads took: 0.0000221 seconds
2020-04-29T23:53:10.786+0700: 1883.178: Total time for which application threads were stopped: 0.0001398 seconds, Stopping threads took: 0.0000080 seconds
2020-04-29T23:53:10.786+0700: 1883.179: Total time for which application threads were stopped: 0.0001103 seconds, Stopping threads took: 0.0000100 seconds
2020-04-29T23:53:10.786+0700: 1883.179: Total time for which application threads were stopped: 0.0000782 seconds, Stopping threads took: 0.0000122 seconds
2020-04-29T23:53:10.787+0700: 1883.179: Total time for which application threads were stopped: 0.0000736 seconds, Stopping threads took: 0.0000185 seconds
2020-04-29T23:53:11.791+0700: 1884.184: Total time for which application threads were stopped: 0.0001301 seconds, Stopping threads took: 0.0000195 seconds
2020-04-29T23:53:13.028+0700: 1885.421: Total time for which application threads were stopped: 0.0000908 seconds, Stopping threads took: 0.0000166 seconds
2020-04-29T23:53:13.034+0700: 1885.426: Total time for which application threads were stopped: 0.0001182 seconds, Stopping threads took: 0.0000368 seconds
2020-04-29T23:53:13.034+0700: 1885.426: Total time for which application threads were stopped: 0.0000663 seconds, Stopping threads took: 0.0000230 seconds
2020-04-29T23:53:13.034+0700: 1885.427: Total time for which application threads were stopped: 0.0000598 seconds, Stopping threads took: 0.0000212 seconds
2020-04-29T23:53:13.034+0700: 1885.427: Total time for which application threads were stopped: 0.0000591 seconds, Stopping threads took: 0.0000205 seconds
2020-04-29T23:53:14.378+0700: 1886.770: Total time for which application threads were stopped: 0.0000939 seconds, Stopping threads took: 0.0000190 seconds
2020-04-29T23:53:14.384+0700: 1886.777: Total time for which application threads were stopped: 0.0000928 seconds, Stopping threads took: 0.0000161 seconds
2020-04-29T23:53:14.384+0700: 1886.777: Total time for which application threads were stopped: 0.0001258 seconds, Stopping threads took: 0.0000681 seconds
2020-04-29T23:53:14.384+0700: 1886.777: Total time for which application threads were stopped: 0.0000543 seconds, Stopping threads took: 0.0000094 seconds
2020-04-29T23:53:14.385+0700: 1886.777: Total time for which application threads were stopped: 0.0000753 seconds, Stopping threads took: 0.0000330 seconds
2020-04-29T23:53:15.388+0700: 1887.781: Total time for which application threads were stopped: 0.0001149 seconds, Stopping threads took: 0.0000237 seconds
2020-04-29T23:53:15.777+0700: 1888.170: Total time for which application threads were stopped: 0.0002169 seconds, Stopping threads took: 0.0000249 seconds
2020-04-29T23:53:15.786+0700: 1888.179: Total time for which application threads were stopped: 0.0001221 seconds, Stopping threads took: 0.0000421 seconds
2020-04-29T23:53:15.787+0700: 1888.179: Total time for which application threads were stopped: 0.0000762 seconds, Stopping threads took: 0.0000204 seconds
2020-04-29T23:53:15.787+0700: 1888.179: Total time for which application threads were stopped: 0.0000602 seconds, Stopping threads took: 0.0000115 seconds
2020-04-29T23:53:15.787+0700: 1888.179: Total time for which application threads were stopped: 0.0000913 seconds, Stopping threads took: 0.0000353 seconds
2020-04-29T23:53:15.787+0700: 1888.179: Total time for which application threads were stopped: 0.0000841 seconds, Stopping threads took: 0.0000342 seconds
2020-04-29T23:53:19.577+0700: 1891.970: Total time for which application threads were stopped: 0.0000878 seconds, Stopping threads took: 0.0000163 seconds
2020-04-29T23:53:19.584+0700: 1891.976: Total time for which application threads were stopped: 0.0000827 seconds, Stopping threads took: 0.0000242 seconds
2020-04-29T23:53:19.584+0700: 1891.976: Total time for which application threads were stopped: 0.0000838 seconds, Stopping threads took: 0.0000373 seconds
2020-04-29T23:53:19.584+0700: 1891.976: Total time for which application threads were stopped: 0.0000889 seconds, Stopping threads took: 0.0000493 seconds
2020-04-29T23:53:19.584+0700: 1891.976: Total time for which application threads were stopped: 0.0000681 seconds, Stopping threads took: 0.0000239 seconds
2020-04-29T23:53:19.584+0700: 1891.977: Total time for which application threads were stopped: 0.0000881 seconds, Stopping threads took: 0.0000316 seconds
2020-04-29T23:53:20.329+0700: 1892.722: Total time for which application threads were stopped: 0.0002275 seconds, Stopping threads took: 0.0000406 seconds
2020-04-29T23:53:20.333+0700: 1892.725: Total time for which application threads were stopped: 0.0002199 seconds, Stopping threads took: 0.0000816 seconds
2020-04-29T23:53:20.628+0700: 1893.020: Total time for which application threads were stopped: 0.0001723 seconds, Stopping threads took: 0.0000423 seconds
2020-04-29T23:53:20.628+0700: 1893.020: Total time for which application threads were stopped: 0.0000817 seconds, Stopping threads took: 0.0000159 seconds
2020-04-29T23:53:20.629+0700: 1893.021: Total time for which application threads were stopped: 0.0000797 seconds, Stopping threads took: 0.0000132 seconds
2020-04-29T23:53:23.576+0700: 1895.968: Total time for which application threads were stopped: 0.0001037 seconds, Stopping threads took: 0.0000317 seconds
2020-04-29T23:53:23.583+0700: 1895.975: Total time for which application threads were stopped: 0.0001457 seconds, Stopping threads took: 0.0000697 seconds
2020-04-29T23:53:23.583+0700: 1895.976: Total time for which application threads were stopped: 0.0001460 seconds, Stopping threads took: 0.0000275 seconds
2020-04-29T23:53:23.583+0700: 1895.976: Total time for which application threads were stopped: 0.0001018 seconds, Stopping threads took: 0.0000445 seconds
2020-04-29T23:53:23.584+0700: 1895.976: Total time for which application threads were stopped: 0.0001105 seconds, Stopping threads took: 0.0000358 seconds
2020-04-29T23:53:23.584+0700: 1895.976: Total time for which application threads were stopped: 0.0000750 seconds, Stopping threads took: 0.0000193 seconds
2020-04-29T23:53:24.738+0700: 1897.130: Total time for which application threads were stopped: 0.0000920 seconds, Stopping threads took: 0.0000174 seconds
2020-04-29T23:53:24.752+0700: 1897.145: Total time for which application threads were stopped: 0.0001533 seconds, Stopping threads took: 0.0000186 seconds
2020-04-29T23:53:24.752+0700: 1897.145: Total time for which application threads were stopped: 0.0000836 seconds, Stopping threads took: 0.0000355 seconds
2020-04-29T23:53:24.753+0700: 1897.145: Total time for which application threads were stopped: 0.0000750 seconds, Stopping threads took: 0.0000068 seconds
2020-04-29T23:53:24.753+0700: 1897.145: Total time for which application threads were stopped: 0.0000686 seconds, Stopping threads took: 0.0000092 seconds
2020-04-29T23:53:24.753+0700: 1897.145: Total time for which application threads were stopped: 0.0000779 seconds, Stopping threads took: 0.0000326 seconds
2020-04-29T23:53:25.757+0700: 1898.149: Total time for which application threads were stopped: 0.0001170 seconds, Stopping threads took: 0.0000320 seconds
2020-04-29T23:53:25.972+0700: 1898.364: Total time for which application threads were stopped: 0.0001305 seconds, Stopping threads took: 0.0000200 seconds
2020-04-29T23:53:25.981+0700: 1898.373: Total time for which application threads were stopped: 0.0000917 seconds, Stopping threads took: 0.0000142 seconds
2020-04-29T23:53:25.981+0700: 1898.373: Total time for which application threads were stopped: 0.0000675 seconds, Stopping threads took: 0.0000195 seconds
2020-04-29T23:53:25.981+0700: 1898.373: Total time for which application threads were stopped: 0.0000466 seconds, Stopping threads took: 0.0000070 seconds
2020-04-29T23:53:25.981+0700: 1898.374: Total time for which application threads were stopped: 0.0000668 seconds, Stopping threads took: 0.0000173 seconds
2020-04-29T23:53:25.981+0700: 1898.374: Total time for which application threads were stopped: 0.0000953 seconds, Stopping threads took: 0.0000220 seconds
2020-04-29T23:53:26.724+0700: 1899.117: Total time for which application threads were stopped: 0.0001018 seconds, Stopping threads took: 0.0000179 seconds
2020-04-29T23:53:26.733+0700: 1899.125: Total time for which application threads were stopped: 0.0001043 seconds, Stopping threads took: 0.0000153 seconds
2020-04-29T23:53:26.733+0700: 1899.126: Total time for which application threads were stopped: 0.0001662 seconds, Stopping threads took: 0.0000467 seconds
2020-04-29T23:53:26.734+0700: 1899.126: Total time for which application threads were stopped: 0.0000813 seconds, Stopping threads took: 0.0000232 seconds
2020-04-29T23:53:26.734+0700: 1899.126: Total time for which application threads were stopped: 0.0000958 seconds, Stopping threads took: 0.0000341 seconds
2020-04-29T23:53:26.734+0700: 1899.127: Total time for which application threads were stopped: 0.0000607 seconds, Stopping threads took: 0.0000165 seconds
2020-04-29T23:53:26.734+0700: 1899.127: Total time for which application threads were stopped: 0.0001023 seconds, Stopping threads took: 0.0000209 seconds
2020-04-29T23:53:26.735+0700: 1899.127: Total time for which application threads were stopped: 0.0000918 seconds, Stopping threads took: 0.0000317 seconds
{Heap before GC invocations=11 (full 0):
 garbage-first heap   total 524288K, used 340624K [0x00000007a0000000, 0x00000007a0101000, 0x00000007c0000000)
  region size 1024K, 307 young (314368K), 34 survivors (34816K)
 Metaspace       used 51121K, capacity 53306K, committed 53576K, reserved 1095680K
  class space    used 6182K, capacity 6634K, committed 6732K, reserved 1048576K
2020-04-29T23:53:26.801+0700: 1899.193: [GC pause (G1 Evacuation Pause) (young)
Desired survivor size 20447232 bytes, new threshold 2 (max 15)
- age   1:    7250112 bytes,    7250112 total
- age   2:   14096248 bytes,   21346360 total
- age   3:    3057352 bytes,   24403712 total
- age   4:    1720440 bytes,   26124152 total
, 0.0648856 secs]
   [Parallel Time: 56.9 ms, GC Workers: 8]
      [GC Worker Start (ms): Min: 1899193.7, Avg: 1899194.3, Max: 1899195.5, Diff: 1.7]
      [Ext Root Scanning (ms): Min: 0.1, Avg: 1.9, Max: 9.6, Diff: 9.5, Sum: 15.4]
      [Update RS (ms): Min: 0.0, Avg: 3.1, Max: 4.6, Diff: 4.6, Sum: 24.4]
         [Processed Buffers: Min: 0, Avg: 5.4, Max: 24, Diff: 24, Sum: 43]
      [Scan RS (ms): Min: 0.0, Avg: 1.8, Max: 3.3, Diff: 3.3, Sum: 14.6]
      [Code Root Scanning (ms): Min: 0.0, Avg: 0.8, Max: 2.0, Diff: 2.0, Sum: 6.3]
      [Object Copy (ms): Min: 46.4, Avg: 48.2, Max: 48.9, Diff: 2.6, Sum: 385.5]
      [Termination (ms): Min: 0.1, Avg: 0.4, Max: 0.7, Diff: 0.6, Sum: 3.0]
         [Termination Attempts: Min: 1, Avg: 2.1, Max: 3, Diff: 2, Sum: 17]
      [GC Worker Other (ms): Min: 0.0, Avg: 0.0, Max: 0.1, Diff: 0.0, Sum: 0.4]
      [GC Worker Total (ms): Min: 55.0, Avg: 56.2, Max: 56.7, Diff: 1.7, Sum: 449.6]
      [GC Worker End (ms): Min: 1899250.4, Avg: 1899250.5, Max: 1899250.5, Diff: 0.1]
   [Code Root Fixup: 0.2 ms]
   [Code Root Purge: 0.0 ms]
   [Clear CT: 0.3 ms]
   [Other: 7.5 ms]
      [Choose CSet: 0.0 ms]
      [Ref Proc: 6.0 ms]
      [Ref Enq: 0.1 ms]
      [Redirty Cards: 0.1 ms]
      [Humongous Register: 0.4 ms]
      [Humongous Reclaim: 0.0 ms]
      [Free CSet: 0.5 ms]
   [Eden: 273.0M(273.0M)->0.0B(291.0M) Survivors: 34.0M->16.0M Heap: 332.6M(512.0M)->60.1M(512.0M)]
Heap after GC invocations=12 (full 0):
 garbage-first heap   total 524288K, used 61568K [0x00000007a0000000, 0x00000007a0101000, 0x00000007c0000000)
  region size 1024K, 16 young (16384K), 16 survivors (16384K)
 Metaspace       used 51121K, capacity 53306K, committed 53576K, reserved 1095680K
  class space    used 6182K, capacity 6634K, committed 6732K, reserved 1048576K
}
 [Times: user=0.16 sys=0.17, real=0.06 secs] 
2020-04-29T23:53:26.866+0700: 1899.258: Total time for which application threads were stopped: 0.0652544 seconds, Stopping threads took: 0.0000421 seconds
2020-04-29T23:53:27.868+0700: 1900.261: Total time for which application threads were stopped: 0.0001043 seconds, Stopping threads took: 0.0000225 seconds
2020-04-29T23:53:28.388+0700: 1900.780: Total time for which application threads were stopped: 0.0001065 seconds, Stopping threads took: 0.0000286 seconds
2020-04-29T23:53:28.388+0700: 1900.780: Total time for which application threads were stopped: 0.0000653 seconds, Stopping threads took: 0.0000200 seconds
2020-04-29T23:53:28.388+0700: 1900.780: Total time for which application threads were stopped: 0.0000504 seconds, Stopping threads took: 0.0000088 seconds
2020-04-29T23:53:28.388+0700: 1900.781: Total time for which application threads were stopped: 0.0000575 seconds, Stopping threads took: 0.0000190 seconds
2020-04-29T23:53:28.389+0700: 1900.781: Total time for which application threads were stopped: 0.0001602 seconds, Stopping threads took: 0.0000088 seconds
2020-04-29T23:53:28.390+0700: 1900.782: Total time for which application threads were stopped: 0.0000723 seconds, Stopping threads took: 0.0000133 seconds
2020-04-29T23:53:28.390+0700: 1900.783: Total time for which application threads were stopped: 0.0000533 seconds, Stopping threads took: 0.0000086 seconds
2020-04-29T23:53:28.397+0700: 1900.789: Total time for which application threads were stopped: 0.0001026 seconds, Stopping threads took: 0.0000309 seconds
2020-04-29T23:53:28.397+0700: 1900.790: Total time for which application threads were stopped: 0.0001399 seconds, Stopping threads took: 0.0000613 seconds
2020-04-29T23:53:28.398+0700: 1900.790: Total time for which application threads were stopped: 0.0000877 seconds, Stopping threads took: 0.0000255 seconds
2020-04-29T23:53:28.398+0700: 1900.790: Total time for which application threads were stopped: 0.0000827 seconds, Stopping threads took: 0.0000222 seconds
2020-04-29T23:53:28.398+0700: 1900.790: Total time for which application threads were stopped: 0.0000799 seconds, Stopping threads took: 0.0000184 seconds
2020-04-29T23:53:28.401+0700: 1900.793: Total time for which application threads were stopped: 0.0001231 seconds, Stopping threads took: 0.0000306 seconds
2020-04-29T23:53:28.401+0700: 1900.794: Total time for which application threads were stopped: 0.0001185 seconds, Stopping threads took: 0.0000260 seconds
2020-04-29T23:53:28.402+0700: 1900.794: Total time for which application threads were stopped: 0.0000741 seconds, Stopping threads took: 0.0000151 seconds
2020-04-29T23:53:28.402+0700: 1900.795: Total time for which application threads were stopped: 0.0000601 seconds, Stopping threads took: 0.0000090 seconds
2020-04-29T23:53:28.402+0700: 1900.795: Total time for which application threads were stopped: 0.0000436 seconds, Stopping threads took: 0.0000065 seconds
2020-04-29T23:53:28.404+0700: 1900.796: Total time for which application threads were stopped: 0.0000958 seconds, Stopping threads took: 0.0000227 seconds
2020-04-29T23:53:28.404+0700: 1900.797: Total time for which application threads were stopped: 0.0000819 seconds, Stopping threads took: 0.0000182 seconds
2020-04-29T23:53:28.405+0700: 1900.797: Total time for which application threads were stopped: 0.0000702 seconds, Stopping threads took: 0.0000179 seconds
2020-04-29T23:53:28.405+0700: 1900.797: Total time for which application threads were stopped: 0.0000758 seconds, Stopping threads took: 0.0000078 seconds
2020-04-29T23:53:29.410+0700: 1901.802: Total time for which application threads were stopped: 0.0001535 seconds, Stopping threads took: 0.0000342 seconds
2020-04-29T23:53:30.468+0700: 1902.861: Total time for which application threads were stopped: 0.0000898 seconds, Stopping threads took: 0.0000173 seconds
2020-04-29T23:53:30.473+0700: 1902.865: Total time for which application threads were stopped: 0.0000905 seconds, Stopping threads took: 0.0000284 seconds
2020-04-29T23:53:30.473+0700: 1902.866: Total time for which application threads were stopped: 0.0000869 seconds, Stopping threads took: 0.0000397 seconds
2020-04-29T23:53:30.474+0700: 1902.866: Total time for which application threads were stopped: 0.0000692 seconds, Stopping threads took: 0.0000283 seconds
2020-04-29T23:53:30.474+0700: 1902.866: Total time for which application threads were stopped: 0.0000621 seconds, Stopping threads took: 0.0000178 seconds
2020-04-29T23:53:30.474+0700: 1902.866: Total time for which application threads were stopped: 0.0000553 seconds, Stopping threads took: 0.0000177 seconds
2020-04-29T23:53:31.475+0700: 1903.867: Total time for which application threads were stopped: 0.0001072 seconds, Stopping threads took: 0.0000369 seconds
2020-04-29T23:53:41.086+0700: 1913.478: Total time for which application threads were stopped: 0.0000798 seconds, Stopping threads took: 0.0000169 seconds
2020-04-29T23:53:41.086+0700: 1913.478: Total time for which application threads were stopped: 0.0000495 seconds, Stopping threads took: 0.0000090 seconds
2020-04-29T23:53:41.088+0700: 1913.480: Total time for which application threads were stopped: 0.0000619 seconds, Stopping threads took: 0.0000111 seconds
2020-04-29T23:53:41.088+0700: 1913.480: Total time for which application threads were stopped: 0.0000543 seconds, Stopping threads took: 0.0000083 seconds
2020-04-29T23:53:41.088+0700: 1913.480: Total time for which application threads were stopped: 0.0000689 seconds, Stopping threads took: 0.0000173 seconds
2020-04-29T23:53:41.089+0700: 1913.481: Total time for which application threads were stopped: 0.0000628 seconds, Stopping threads took: 0.0000181 seconds
2020-04-29T23:53:41.089+0700: 1913.481: Total time for which application threads were stopped: 0.0000528 seconds, Stopping threads took: 0.0000150 seconds
2020-04-29T23:53:41.089+0700: 1913.481: Total time for which application threads were stopped: 0.0000514 seconds, Stopping threads took: 0.0000146 seconds
2020-04-29T23:53:41.092+0700: 1913.484: Total time for which application threads were stopped: 0.0001493 seconds, Stopping threads took: 0.0000127 seconds
2020-04-29T23:53:41.092+0700: 1913.484: Total time for which application threads were stopped: 0.0000735 seconds, Stopping threads took: 0.0000280 seconds
2020-04-29T23:53:41.093+0700: 1913.485: Total time for which application threads were stopped: 0.0000639 seconds, Stopping threads took: 0.0000125 seconds
2020-04-29T23:53:41.094+0700: 1913.486: Total time for which application threads were stopped: 0.0000519 seconds, Stopping threads took: 0.0000094 seconds
2020-04-29T23:53:41.096+0700: 1913.488: Total time for which application threads were stopped: 0.0000844 seconds, Stopping threads took: 0.0000288 seconds
2020-04-29T23:53:41.097+0700: 1913.489: Total time for which application threads were stopped: 0.0000657 seconds, Stopping threads took: 0.0000175 seconds
2020-04-29T23:53:41.108+0700: 1913.500: Total time for which application threads were stopped: 0.0000882 seconds, Stopping threads took: 0.0000174 seconds
2020-04-29T23:53:41.108+0700: 1913.500: Total time for which application threads were stopped: 0.0000504 seconds, Stopping threads took: 0.0000082 seconds
2020-04-29T23:53:41.109+0700: 1913.501: Total time for which application threads were stopped: 0.0000763 seconds, Stopping threads took: 0.0000138 seconds
2020-04-29T23:53:41.110+0700: 1913.502: Total time for which application threads were stopped: 0.0000748 seconds, Stopping threads took: 0.0000125 seconds
2020-04-29T23:53:41.110+0700: 1913.502: Total time for which application threads were stopped: 0.0000532 seconds, Stopping threads took: 0.0000084 seconds
2020-04-29T23:53:41.110+0700: 1913.502: Total time for which application threads were stopped: 0.0001553 seconds, Stopping threads took: 0.0000241 seconds
2020-04-29T23:53:42.114+0700: 1914.506: Total time for which application threads were stopped: 0.0001556 seconds, Stopping threads took: 0.0000475 seconds
2020-04-29T23:53:50.798+0700: 1923.189: Total time for which application threads were stopped: 0.0000934 seconds, Stopping threads took: 0.0000204 seconds
2020-04-29T23:53:50.800+0700: 1923.192: Total time for which application threads were stopped: 0.0000829 seconds, Stopping threads took: 0.0000129 seconds
2020-04-29T23:53:50.800+0700: 1923.192: Total time for which application threads were stopped: 0.0000850 seconds, Stopping threads took: 0.0000397 seconds
2020-04-29T23:53:50.804+0700: 1923.196: Total time for which application threads were stopped: 0.0000932 seconds, Stopping threads took: 0.0000331 seconds
2020-04-29T23:53:50.804+0700: 1923.196: Total time for which application threads were stopped: 0.0000471 seconds, Stopping threads took: 0.0000066 seconds
2020-04-29T23:53:50.806+0700: 1923.198: Total time for which application threads were stopped: 0.0000685 seconds, Stopping threads took: 0.0000133 seconds
2020-04-29T23:53:50.809+0700: 1923.201: Total time for which application threads were stopped: 0.0001281 seconds, Stopping threads took: 0.0000385 seconds
2020-04-29T23:53:50.809+0700: 1923.201: Total time for which application threads were stopped: 0.0000656 seconds, Stopping threads took: 0.0000086 seconds
2020-04-29T23:53:50.811+0700: 1923.203: Total time for which application threads were stopped: 0.0000856 seconds, Stopping threads took: 0.0000285 seconds
2020-04-29T23:54:35.408+0700: 1967.799: Total time for which application threads were stopped: 0.0000877 seconds, Stopping threads took: 0.0000163 seconds
2020-04-29T23:54:35.409+0700: 1967.800: Total time for which application threads were stopped: 0.0001700 seconds, Stopping threads took: 0.0000163 seconds
2020-04-29T23:54:35.416+0700: 1967.807: Total time for which application threads were stopped: 0.0001076 seconds, Stopping threads took: 0.0000373 seconds
2020-04-29T23:54:35.416+0700: 1967.807: Total time for which application threads were stopped: 0.0001082 seconds, Stopping threads took: 0.0000457 seconds
2020-04-29T23:54:35.416+0700: 1967.807: Total time for which application threads were stopped: 0.0000928 seconds, Stopping threads took: 0.0000337 seconds
2020-04-29T23:54:35.416+0700: 1967.807: Total time for which application threads were stopped: 0.0000941 seconds, Stopping threads took: 0.0000402 seconds
2020-04-29T23:54:35.417+0700: 1967.808: Total time for which application threads were stopped: 0.0000812 seconds, Stopping threads took: 0.0000311 seconds
2020-04-29T23:54:36.421+0700: 1968.812: Total time for which application threads were stopped: 0.0001249 seconds, Stopping threads took: 0.0000224 seconds
2020-04-29T23:54:38.535+0700: 1970.926: Total time for which application threads were stopped: 0.0001111 seconds, Stopping threads took: 0.0000178 seconds
2020-04-29T23:54:38.544+0700: 1970.935: Total time for which application threads were stopped: 0.0001756 seconds, Stopping threads took: 0.0000255 seconds
2020-04-29T23:54:38.544+0700: 1970.935: Total time for which application threads were stopped: 0.0001973 seconds, Stopping threads took: 0.0000651 seconds
2020-04-29T23:54:38.544+0700: 1970.935: Total time for which application threads were stopped: 0.0000721 seconds, Stopping threads took: 0.0000116 seconds
2020-04-29T23:54:38.544+0700: 1970.935: Total time for which application threads were stopped: 0.0001051 seconds, Stopping threads took: 0.0000234 seconds
2020-04-29T23:54:38.545+0700: 1970.936: Total time for which application threads were stopped: 0.0001594 seconds, Stopping threads took: 0.0000863 seconds
2020-04-29T23:54:40.094+0700: 1972.485: Total time for which application threads were stopped: 0.0001379 seconds, Stopping threads took: 0.0000249 seconds
2020-04-29T23:54:40.102+0700: 1972.493: Total time for which application threads were stopped: 0.0001159 seconds, Stopping threads took: 0.0000456 seconds
2020-04-29T23:54:40.102+0700: 1972.493: Total time for which application threads were stopped: 0.0000770 seconds, Stopping threads took: 0.0000228 seconds
2020-04-29T23:54:40.102+0700: 1972.493: Total time for which application threads were stopped: 0.0000710 seconds, Stopping threads took: 0.0000285 seconds
2020-04-29T23:54:40.102+0700: 1972.493: Total time for which application threads were stopped: 0.0000780 seconds, Stopping threads took: 0.0000228 seconds
2020-04-29T23:54:40.103+0700: 1972.494: Total time for which application threads were stopped: 0.0000598 seconds, Stopping threads took: 0.0000172 seconds
2020-04-29T23:54:41.106+0700: 1973.497: Total time for which application threads were stopped: 0.0000934 seconds, Stopping threads took: 0.0000238 seconds
2020-04-29T23:54:46.503+0700: 1978.893: Total time for which application threads were stopped: 0.0000918 seconds, Stopping threads took: 0.0000260 seconds
2020-04-29T23:54:46.503+0700: 1978.894: Total time for which application threads were stopped: 0.0001005 seconds, Stopping threads took: 0.0000570 seconds
2020-04-29T23:54:47.507+0700: 1979.898: Total time for which application threads were stopped: 0.0001619 seconds, Stopping threads took: 0.0000278 seconds
2020-04-29T23:54:50.519+0700: 1982.910: Total time for which application threads were stopped: 0.0000897 seconds, Stopping threads took: 0.0000189 seconds
2020-04-29T23:55:00.256+0700: 1992.647: Total time for which application threads were stopped: 0.0001501 seconds, Stopping threads took: 0.0000550 seconds
2020-04-29T23:55:00.257+0700: 1992.647: Total time for which application threads were stopped: 0.0000756 seconds, Stopping threads took: 0.0000213 seconds
2020-04-29T23:55:00.270+0700: 1992.660: Total time for which application threads were stopped: 0.0001233 seconds, Stopping threads took: 0.0000143 seconds
2020-04-29T23:55:00.279+0700: 1992.669: Total time for which application threads were stopped: 0.0000843 seconds, Stopping threads took: 0.0000191 seconds
2020-04-29T23:55:13.792+0700: 2006.183: Total time for which application threads were stopped: 0.0001248 seconds, Stopping threads took: 0.0000288 seconds
2020-04-29T23:55:13.793+0700: 2006.183: Total time for which application threads were stopped: 0.0000796 seconds, Stopping threads took: 0.0000126 seconds
2020-04-29T23:55:13.795+0700: 2006.186: Total time for which application threads were stopped: 0.0001185 seconds, Stopping threads took: 0.0000345 seconds
2020-04-29T23:55:13.798+0700: 2006.189: Total time for which application threads were stopped: 0.0007731 seconds, Stopping threads took: 0.0005905 seconds
2020-04-29T23:55:13.807+0700: 2006.198: Total time for which application threads were stopped: 0.0001291 seconds, Stopping threads took: 0.0000242 seconds
2020-04-29T23:55:13.808+0700: 2006.198: Total time for which application threads were stopped: 0.0001482 seconds, Stopping threads took: 0.0000160 seconds
2020-04-29T23:55:13.815+0700: 2006.205: Total time for which application threads were stopped: 0.0001272 seconds, Stopping threads took: 0.0000225 seconds
2020-04-29T23:55:13.815+0700: 2006.205: Total time for which application threads were stopped: 0.0000920 seconds, Stopping threads took: 0.0000156 seconds
2020-04-29T23:55:14.819+0700: 2007.209: Total time for which application threads were stopped: 0.0001877 seconds, Stopping threads took: 0.0000957 seconds
2020-04-29T23:55:19.133+0700: 2011.523: Total time for which application threads were stopped: 0.0002353 seconds, Stopping threads took: 0.0000524 seconds
2020-04-29T23:55:19.133+0700: 2011.523: Total time for which application threads were stopped: 0.0000931 seconds, Stopping threads took: 0.0000368 seconds
2020-04-29T23:55:19.140+0700: 2011.531: Total time for which application threads were stopped: 0.0001932 seconds, Stopping threads took: 0.0000235 seconds
2020-04-29T23:55:19.141+0700: 2011.531: Total time for which application threads were stopped: 0.0001478 seconds, Stopping threads took: 0.0000266 seconds
2020-04-29T23:55:19.141+0700: 2011.531: Total time for which application threads were stopped: 0.0000673 seconds, Stopping threads took: 0.0000219 seconds
2020-04-29T23:55:19.141+0700: 2011.531: Total time for which application threads were stopped: 0.0001334 seconds, Stopping threads took: 0.0000254 seconds
2020-04-29T23:55:19.141+0700: 2011.531: Total time for which application threads were stopped: 0.0000665 seconds, Stopping threads took: 0.0000179 seconds
2020-04-29T23:55:20.141+0700: 2012.531: Total time for which application threads were stopped: 0.0001410 seconds, Stopping threads took: 0.0000200 seconds
2020-04-29T23:55:21.490+0700: 2013.880: Total time for which application threads were stopped: 0.0000879 seconds, Stopping threads took: 0.0000156 seconds
2020-04-29T23:55:21.490+0700: 2013.880: Total time for which application threads were stopped: 0.0000548 seconds, Stopping threads took: 0.0000085 seconds
2020-04-29T23:55:21.496+0700: 2013.886: Total time for which application threads were stopped: 0.0001168 seconds, Stopping threads took: 0.0000284 seconds
2020-04-29T23:55:21.497+0700: 2013.887: Total time for which application threads were stopped: 0.0000793 seconds, Stopping threads took: 0.0000340 seconds
2020-04-29T23:55:21.497+0700: 2013.887: Total time for which application threads were stopped: 0.0000932 seconds, Stopping threads took: 0.0000349 seconds
2020-04-29T23:55:21.497+0700: 2013.887: Total time for which application threads were stopped: 0.0000634 seconds, Stopping threads took: 0.0000208 seconds
2020-04-29T23:55:21.497+0700: 2013.887: Total time for which application threads were stopped: 0.0001152 seconds, Stopping threads took: 0.0000692 seconds
2020-04-29T23:55:22.501+0700: 2014.891: Total time for which application threads were stopped: 0.0001410 seconds, Stopping threads took: 0.0000505 seconds
2020-04-29T23:55:23.738+0700: 2016.128: Total time for which application threads were stopped: 0.0000969 seconds, Stopping threads took: 0.0000167 seconds
2020-04-29T23:55:23.746+0700: 2016.136: Total time for which application threads were stopped: 0.0001784 seconds, Stopping threads took: 0.0001006 seconds
2020-04-29T23:55:23.746+0700: 2016.136: Total time for which application threads were stopped: 0.0001112 seconds, Stopping threads took: 0.0000429 seconds
2020-04-29T23:55:23.746+0700: 2016.136: Total time for which application threads were stopped: 0.0000809 seconds, Stopping threads took: 0.0000371 seconds
2020-04-29T23:55:23.746+0700: 2016.136: Total time for which application threads were stopped: 0.0000962 seconds, Stopping threads took: 0.0000609 seconds
2020-04-29T23:55:23.746+0700: 2016.136: Total time for which application threads were stopped: 0.0001148 seconds, Stopping threads took: 0.0000679 seconds
2020-04-29T23:55:24.032+0700: 2016.422: Total time for which application threads were stopped: 0.0002199 seconds, Stopping threads took: 0.0000385 seconds
2020-04-29T23:55:24.032+0700: 2016.422: Total time for which application threads were stopped: 0.0000736 seconds, Stopping threads took: 0.0000278 seconds
2020-04-29T23:55:24.032+0700: 2016.422: Total time for which application threads were stopped: 0.0000734 seconds, Stopping threads took: 0.0000383 seconds
2020-04-29T23:55:24.032+0700: 2016.422: Total time for which application threads were stopped: 0.0000615 seconds, Stopping threads took: 0.0000211 seconds
2020-04-29T23:55:24.032+0700: 2016.422: Total time for which application threads were stopped: 0.0000819 seconds, Stopping threads took: 0.0000480 seconds
2020-04-29T23:55:24.032+0700: 2016.422: Total time for which application threads were stopped: 0.0000458 seconds, Stopping threads took: 0.0000158 seconds
2020-04-29T23:55:24.032+0700: 2016.422: Total time for which application threads were stopped: 0.0000503 seconds, Stopping threads took: 0.0000214 seconds
2020-04-29T23:55:24.285+0700: 2016.675: Total time for which application threads were stopped: 0.0001266 seconds, Stopping threads took: 0.0000380 seconds
2020-04-29T23:55:24.285+0700: 2016.675: Total time for which application threads were stopped: 0.0001176 seconds, Stopping threads took: 0.0000362 seconds
2020-04-29T23:55:24.287+0700: 2016.677: Total time for which application threads were stopped: 0.0001254 seconds, Stopping threads took: 0.0000446 seconds
2020-04-29T23:55:24.287+0700: 2016.677: Total time for which application threads were stopped: 0.0001116 seconds, Stopping threads took: 0.0000206 seconds
2020-04-29T23:55:24.288+0700: 2016.678: Total time for which application threads were stopped: 0.0001220 seconds, Stopping threads took: 0.0000239 seconds
2020-04-29T23:55:24.288+0700: 2016.678: Total time for which application threads were stopped: 0.0001081 seconds, Stopping threads took: 0.0000297 seconds
2020-04-29T23:55:24.289+0700: 2016.679: Total time for which application threads were stopped: 0.0001865 seconds, Stopping threads took: 0.0000666 seconds
2020-04-29T23:55:24.290+0700: 2016.680: Total time for which application threads were stopped: 0.0001614 seconds, Stopping threads took: 0.0000360 seconds
2020-04-29T23:55:24.292+0700: 2016.682: Total time for which application threads were stopped: 0.0001760 seconds, Stopping threads took: 0.0000632 seconds
2020-04-29T23:55:24.292+0700: 2016.682: Total time for which application threads were stopped: 0.0001432 seconds, Stopping threads took: 0.0000565 seconds
2020-04-29T23:55:24.293+0700: 2016.683: Total time for which application threads were stopped: 0.0001261 seconds, Stopping threads took: 0.0000315 seconds
2020-04-29T23:55:24.293+0700: 2016.683: Total time for which application threads were stopped: 0.0001234 seconds, Stopping threads took: 0.0000425 seconds
2020-04-29T23:55:24.293+0700: 2016.683: Total time for which application threads were stopped: 0.0001117 seconds, Stopping threads took: 0.0000312 seconds
2020-04-29T23:55:24.294+0700: 2016.684: Total time for which application threads were stopped: 0.0001392 seconds, Stopping threads took: 0.0000576 seconds
2020-04-29T23:55:24.295+0700: 2016.685: Total time for which application threads were stopped: 0.0001290 seconds, Stopping threads took: 0.0000140 seconds
2020-04-29T23:55:24.295+0700: 2016.685: Total time for which application threads were stopped: 0.0000848 seconds, Stopping threads took: 0.0000133 seconds
2020-04-29T23:55:24.295+0700: 2016.685: Total time for which application threads were stopped: 0.0002620 seconds, Stopping threads took: 0.0000683 seconds
2020-04-29T23:55:24.570+0700: 2016.960: Total time for which application threads were stopped: 0.0001259 seconds, Stopping threads took: 0.0000246 seconds
2020-04-29T23:55:24.571+0700: 2016.961: Total time for which application threads were stopped: 0.0000783 seconds, Stopping threads took: 0.0000143 seconds
2020-04-29T23:55:24.572+0700: 2016.962: Total time for which application threads were stopped: 0.0001615 seconds, Stopping threads took: 0.0000328 seconds
2020-04-29T23:55:25.412+0700: 2017.802: Total time for which application threads were stopped: 0.0001109 seconds, Stopping threads took: 0.0000200 seconds
2020-04-29T23:55:25.420+0700: 2017.810: Total time for which application threads were stopped: 0.0001582 seconds, Stopping threads took: 0.0000519 seconds
2020-04-29T23:55:25.420+0700: 2017.810: Total time for which application threads were stopped: 0.0001340 seconds, Stopping threads took: 0.0000458 seconds
2020-04-29T23:55:25.421+0700: 2017.811: Total time for which application threads were stopped: 0.0000711 seconds, Stopping threads took: 0.0000208 seconds
2020-04-29T23:55:25.421+0700: 2017.811: Total time for which application threads were stopped: 0.0000921 seconds, Stopping threads took: 0.0000301 seconds
2020-04-29T23:55:25.421+0700: 2017.811: Total time for which application threads were stopped: 0.0000917 seconds, Stopping threads took: 0.0000361 seconds
2020-04-29T23:55:25.421+0700: 2017.811: Total time for which application threads were stopped: 0.0000910 seconds, Stopping threads took: 0.0000400 seconds
2020-04-29T23:55:25.421+0700: 2017.811: Total time for which application threads were stopped: 0.0000863 seconds, Stopping threads took: 0.0000362 seconds
2020-04-29T23:55:25.422+0700: 2017.812: Total time for which application threads were stopped: 0.0001167 seconds, Stopping threads took: 0.0000704 seconds
2020-04-29T23:55:26.426+0700: 2018.815: Total time for which application threads were stopped: 0.0001621 seconds, Stopping threads took: 0.0000288 seconds
2020-04-29T23:55:26.498+0700: 2018.888: Total time for which application threads were stopped: 0.0000976 seconds, Stopping threads took: 0.0000162 seconds
2020-04-29T23:55:26.498+0700: 2018.888: Total time for which application threads were stopped: 0.0000458 seconds, Stopping threads took: 0.0000066 seconds
2020-04-29T23:55:26.498+0700: 2018.888: Total time for which application threads were stopped: 0.0000482 seconds, Stopping threads took: 0.0000079 seconds
2020-04-29T23:55:26.498+0700: 2018.888: Total time for which application threads were stopped: 0.0000383 seconds, Stopping threads took: 0.0000054 seconds
2020-04-29T23:55:26.498+0700: 2018.888: Total time for which application threads were stopped: 0.0000335 seconds, Stopping threads took: 0.0000054 seconds
2020-04-29T23:55:26.498+0700: 2018.888: Total time for which application threads were stopped: 0.0000332 seconds, Stopping threads took: 0.0000050 seconds
2020-04-29T23:55:26.498+0700: 2018.888: Total time for which application threads were stopped: 0.0000328 seconds, Stopping threads took: 0.0000049 seconds
2020-04-29T23:55:26.499+0700: 2018.889: Total time for which application threads were stopped: 0.0000446 seconds, Stopping threads took: 0.0000069 seconds
2020-04-29T23:55:26.499+0700: 2018.889: Total time for which application threads were stopped: 0.0000558 seconds, Stopping threads took: 0.0000159 seconds
2020-04-29T23:55:26.499+0700: 2018.889: Total time for which application threads were stopped: 0.0000476 seconds, Stopping threads took: 0.0000148 seconds
2020-04-29T23:55:26.499+0700: 2018.889: Total time for which application threads were stopped: 0.0000356 seconds, Stopping threads took: 0.0000059 seconds
2020-04-29T23:55:26.499+0700: 2018.889: Total time for which application threads were stopped: 0.0000350 seconds, Stopping threads took: 0.0000056 seconds
2020-04-29T23:55:26.499+0700: 2018.889: Total time for which application threads were stopped: 0.0000341 seconds, Stopping threads took: 0.0000051 seconds
2020-04-29T23:55:26.499+0700: 2018.889: Total time for which application threads were stopped: 0.0000691 seconds, Stopping threads took: 0.0000372 seconds
2020-04-29T23:55:26.502+0700: 2018.892: Total time for which application threads were stopped: 0.0000711 seconds, Stopping threads took: 0.0000141 seconds
2020-04-29T23:55:26.504+0700: 2018.894: Total time for which application threads were stopped: 0.0000633 seconds, Stopping threads took: 0.0000120 seconds
2020-04-29T23:55:26.507+0700: 2018.897: Total time for which application threads were stopped: 0.0001394 seconds, Stopping threads took: 0.0000618 seconds
2020-04-29T23:55:26.507+0700: 2018.897: Total time for which application threads were stopped: 0.0000945 seconds, Stopping threads took: 0.0000438 seconds
2020-04-29T23:55:26.508+0700: 2018.898: Total time for which application threads were stopped: 0.0000890 seconds, Stopping threads took: 0.0000215 seconds
2020-04-29T23:55:26.508+0700: 2018.898: Total time for which application threads were stopped: 0.0000804 seconds, Stopping threads took: 0.0000219 seconds
2020-04-29T23:55:26.508+0700: 2018.898: Total time for which application threads were stopped: 0.0000567 seconds, Stopping threads took: 0.0000184 seconds
2020-04-29T23:55:26.509+0700: 2018.899: Total time for which application threads were stopped: 0.0000650 seconds, Stopping threads took: 0.0000108 seconds
2020-04-29T23:55:26.510+0700: 2018.900: Total time for which application threads were stopped: 0.0000442 seconds, Stopping threads took: 0.0000070 seconds
2020-04-29T23:55:26.510+0700: 2018.900: Total time for which application threads were stopped: 0.0001712 seconds, Stopping threads took: 0.0000078 seconds
2020-04-29T23:55:27.513+0700: 2019.903: Total time for which application threads were stopped: 0.0001031 seconds, Stopping threads took: 0.0000214 seconds
2020-04-29T23:55:27.973+0700: 2020.363: Total time for which application threads were stopped: 0.0001072 seconds, Stopping threads took: 0.0000195 seconds
2020-04-29T23:55:27.978+0700: 2020.368: Total time for which application threads were stopped: 0.0001020 seconds, Stopping threads took: 0.0000336 seconds
2020-04-29T23:55:27.978+0700: 2020.368: Total time for which application threads were stopped: 0.0000585 seconds, Stopping threads took: 0.0000081 seconds
2020-04-29T23:55:27.979+0700: 2020.368: Total time for which application threads were stopped: 0.0001639 seconds, Stopping threads took: 0.0000161 seconds
2020-04-29T23:55:27.979+0700: 2020.369: Total time for which application threads were stopped: 0.0000924 seconds, Stopping threads took: 0.0000257 seconds
2020-04-29T23:55:27.979+0700: 2020.369: Total time for which application threads were stopped: 0.0000715 seconds, Stopping threads took: 0.0000245 seconds
2020-04-29T23:55:28.981+0700: 2021.371: Total time for which application threads were stopped: 0.0001120 seconds, Stopping threads took: 0.0000225 seconds
2020-04-29T23:55:45.590+0700: 2037.979: Total time for which application threads were stopped: 0.0000995 seconds, Stopping threads took: 0.0000184 seconds
2020-04-29T23:55:45.595+0700: 2037.985: Total time for which application threads were stopped: 0.0000745 seconds, Stopping threads took: 0.0000128 seconds
2020-04-29T23:55:45.595+0700: 2037.985: Total time for which application threads were stopped: 0.0000584 seconds, Stopping threads took: 0.0000095 seconds
2020-04-29T23:55:45.596+0700: 2037.985: Total time for which application threads were stopped: 0.0000856 seconds, Stopping threads took: 0.0000369 seconds
2020-04-29T23:55:45.596+0700: 2037.985: Total time for which application threads were stopped: 0.0000599 seconds, Stopping threads took: 0.0000222 seconds
2020-04-29T23:55:45.596+0700: 2037.985: Total time for which application threads were stopped: 0.0000604 seconds, Stopping threads took: 0.0000087 seconds
2020-04-29T23:55:46.887+0700: 2039.277: Total time for which application threads were stopped: 0.0001303 seconds, Stopping threads took: 0.0000192 seconds
2020-04-29T23:55:46.894+0700: 2039.283: Total time for which application threads were stopped: 0.0001239 seconds, Stopping threads took: 0.0000450 seconds
2020-04-29T23:55:46.894+0700: 2039.284: Total time for which application threads were stopped: 0.0000707 seconds, Stopping threads took: 0.0000111 seconds
2020-04-29T23:55:46.894+0700: 2039.284: Total time for which application threads were stopped: 0.0000973 seconds, Stopping threads took: 0.0000363 seconds
2020-04-29T23:55:46.894+0700: 2039.284: Total time for which application threads were stopped: 0.0000978 seconds, Stopping threads took: 0.0000236 seconds
2020-04-29T23:55:46.894+0700: 2039.284: Total time for which application threads were stopped: 0.0001008 seconds, Stopping threads took: 0.0000378 seconds
2020-04-29T23:55:47.898+0700: 2040.288: Total time for which application threads were stopped: 0.0000975 seconds, Stopping threads took: 0.0000219 seconds
2020-04-29T23:55:49.477+0700: 2041.866: Total time for which application threads were stopped: 0.0000986 seconds, Stopping threads took: 0.0000167 seconds
2020-04-29T23:55:49.483+0700: 2041.873: Total time for which application threads were stopped: 0.0001009 seconds, Stopping threads took: 0.0000343 seconds
2020-04-29T23:55:49.483+0700: 2041.873: Total time for which application threads were stopped: 0.0000850 seconds, Stopping threads took: 0.0000316 seconds
2020-04-29T23:55:49.484+0700: 2041.873: Total time for which application threads were stopped: 0.0001140 seconds, Stopping threads took: 0.0000646 seconds
2020-04-29T23:55:49.484+0700: 2041.873: Total time for which application threads were stopped: 0.0000649 seconds, Stopping threads took: 0.0000264 seconds
2020-04-29T23:55:49.484+0700: 2041.874: Total time for which application threads were stopped: 0.0003073 seconds, Stopping threads took: 0.0000659 seconds
2020-04-29T23:55:50.488+0700: 2042.878: Total time for which application threads were stopped: 0.0001955 seconds, Stopping threads took: 0.0000356 seconds
2020-04-29T23:55:51.559+0700: 2043.948: Total time for which application threads were stopped: 0.0001379 seconds, Stopping threads took: 0.0000262 seconds
2020-04-29T23:55:51.568+0700: 2043.958: Total time for which application threads were stopped: 0.0001827 seconds, Stopping threads took: 0.0000956 seconds
2020-04-29T23:55:51.568+0700: 2043.958: Total time for which application threads were stopped: 0.0001057 seconds, Stopping threads took: 0.0000456 seconds
2020-04-29T23:55:51.569+0700: 2043.958: Total time for which application threads were stopped: 0.0001314 seconds, Stopping threads took: 0.0000680 seconds
2020-04-29T23:55:51.569+0700: 2043.958: Total time for which application threads were stopped: 0.0001453 seconds, Stopping threads took: 0.0000708 seconds
2020-04-29T23:55:51.569+0700: 2043.959: Total time for which application threads were stopped: 0.0001106 seconds, Stopping threads took: 0.0000294 seconds
2020-04-29T23:55:52.355+0700: 2044.744: Total time for which application threads were stopped: 0.0001236 seconds, Stopping threads took: 0.0000243 seconds
2020-04-29T23:55:52.362+0700: 2044.751: Total time for which application threads were stopped: 0.0000785 seconds, Stopping threads took: 0.0000135 seconds
2020-04-29T23:55:52.362+0700: 2044.751: Total time for which application threads were stopped: 0.0000718 seconds, Stopping threads took: 0.0000233 seconds
2020-04-29T23:55:52.362+0700: 2044.751: Total time for which application threads were stopped: 0.0000588 seconds, Stopping threads took: 0.0000174 seconds
2020-04-29T23:55:52.362+0700: 2044.752: Total time for which application threads were stopped: 0.0000446 seconds, Stopping threads took: 0.0000078 seconds
2020-04-29T23:55:52.362+0700: 2044.752: Total time for which application threads were stopped: 0.0000844 seconds, Stopping threads took: 0.0000353 seconds
2020-04-29T23:55:54.318+0700: 2046.707: Total time for which application threads were stopped: 0.0001074 seconds, Stopping threads took: 0.0000188 seconds
2020-04-29T23:55:54.326+0700: 2046.716: Total time for which application threads were stopped: 0.0001592 seconds, Stopping threads took: 0.0000367 seconds
2020-04-29T23:55:54.326+0700: 2046.716: Total time for which application threads were stopped: 0.0001050 seconds, Stopping threads took: 0.0000243 seconds
2020-04-29T23:55:54.327+0700: 2046.716: Total time for which application threads were stopped: 0.0001107 seconds, Stopping threads took: 0.0000273 seconds
2020-04-29T23:55:54.327+0700: 2046.716: Total time for which application threads were stopped: 0.0000873 seconds, Stopping threads took: 0.0000099 seconds
2020-04-29T23:55:55.509+0700: 2047.898: Total time for which application threads were stopped: 0.0001235 seconds, Stopping threads took: 0.0000192 seconds
2020-04-29T23:55:55.518+0700: 2047.907: Total time for which application threads were stopped: 0.0001105 seconds, Stopping threads took: 0.0000156 seconds
2020-04-29T23:55:55.518+0700: 2047.907: Total time for which application threads were stopped: 0.0001954 seconds, Stopping threads took: 0.0000989 seconds
2020-04-29T23:55:55.519+0700: 2047.908: Total time for which application threads were stopped: 0.0001266 seconds, Stopping threads took: 0.0000573 seconds
2020-04-29T23:55:55.519+0700: 2047.908: Total time for which application threads were stopped: 0.0001030 seconds, Stopping threads took: 0.0000402 seconds
2020-04-29T23:55:55.519+0700: 2047.908: Total time for which application threads were stopped: 0.0000995 seconds, Stopping threads took: 0.0000427 seconds
2020-04-29T23:55:55.519+0700: 2047.908: Total time for which application threads were stopped: 0.0000757 seconds, Stopping threads took: 0.0000276 seconds
2020-04-29T23:55:55.533+0700: 2047.923: Total time for which application threads were stopped: 0.0001103 seconds, Stopping threads took: 0.0000189 seconds
2020-04-29T23:55:55.583+0700: 2047.972: Total time for which application threads were stopped: 0.0001320 seconds, Stopping threads took: 0.0000214 seconds
2020-04-29T23:55:56.584+0700: 2048.974: Total time for which application threads were stopped: 0.0001559 seconds, Stopping threads took: 0.0000286 seconds
2020-04-29T23:55:57.565+0700: 2049.955: Total time for which application threads were stopped: 0.0001091 seconds, Stopping threads took: 0.0000256 seconds
2020-04-29T23:55:57.565+0700: 2049.955: Total time for which application threads were stopped: 0.0000648 seconds, Stopping threads took: 0.0000071 seconds
2020-04-29T23:55:57.566+0700: 2049.955: Total time for which application threads were stopped: 0.0000505 seconds, Stopping threads took: 0.0000134 seconds
2020-04-29T23:55:57.566+0700: 2049.955: Total time for which application threads were stopped: 0.0000444 seconds, Stopping threads took: 0.0000073 seconds
2020-04-29T23:55:57.566+0700: 2049.955: Total time for which application threads were stopped: 0.0000633 seconds, Stopping threads took: 0.0000182 seconds
2020-04-29T23:55:57.566+0700: 2049.955: Total time for which application threads were stopped: 0.0000389 seconds, Stopping threads took: 0.0000062 seconds
2020-04-29T23:55:57.566+0700: 2049.955: Total time for which application threads were stopped: 0.0001341 seconds, Stopping threads took: 0.0000059 seconds
2020-04-29T23:55:57.568+0700: 2049.958: Total time for which application threads were stopped: 0.0000773 seconds, Stopping threads took: 0.0000136 seconds
2020-04-29T23:55:57.569+0700: 2049.958: Total time for which application threads were stopped: 0.0000728 seconds, Stopping threads took: 0.0000205 seconds
2020-04-29T23:55:57.574+0700: 2049.963: Total time for which application threads were stopped: 0.0000759 seconds, Stopping threads took: 0.0000120 seconds
2020-04-29T23:55:57.574+0700: 2049.963: Total time for which application threads were stopped: 0.0000665 seconds, Stopping threads took: 0.0000195 seconds
2020-04-29T23:55:57.574+0700: 2049.964: Total time for which application threads were stopped: 0.0000415 seconds, Stopping threads took: 0.0000059 seconds
2020-04-29T23:55:57.574+0700: 2049.964: Total time for which application threads were stopped: 0.0000596 seconds, Stopping threads took: 0.0000148 seconds
2020-04-29T23:55:57.577+0700: 2049.966: Total time for which application threads were stopped: 0.0000896 seconds, Stopping threads took: 0.0000135 seconds
2020-04-29T23:55:57.577+0700: 2049.966: Total time for which application threads were stopped: 0.0000599 seconds, Stopping threads took: 0.0000060 seconds
2020-04-29T23:55:57.577+0700: 2049.966: Total time for which application threads were stopped: 0.0000619 seconds, Stopping threads took: 0.0000077 seconds
2020-04-29T23:55:57.577+0700: 2049.966: Total time for which application threads were stopped: 0.0000674 seconds, Stopping threads took: 0.0000080 seconds
2020-04-29T23:55:57.577+0700: 2049.967: Total time for which application threads were stopped: 0.0000552 seconds, Stopping threads took: 0.0000058 seconds
2020-04-29T23:55:57.578+0700: 2049.967: Total time for which application threads were stopped: 0.0000594 seconds, Stopping threads took: 0.0000066 seconds
2020-04-29T23:55:57.578+0700: 2049.967: Total time for which application threads were stopped: 0.0000603 seconds, Stopping threads took: 0.0000069 seconds
2020-04-29T23:55:57.578+0700: 2049.967: Total time for which application threads were stopped: 0.0000532 seconds, Stopping threads took: 0.0000058 seconds
2020-04-29T23:55:58.580+0700: 2050.969: Total time for which application threads were stopped: 0.0001486 seconds, Stopping threads took: 0.0000225 seconds
2020-04-29T23:55:59.041+0700: 2051.430: Total time for which application threads were stopped: 0.0001139 seconds, Stopping threads took: 0.0000186 seconds
2020-04-29T23:55:59.047+0700: 2051.436: Total time for which application threads were stopped: 0.0000973 seconds, Stopping threads took: 0.0000243 seconds
2020-04-29T23:55:59.047+0700: 2051.436: Total time for which application threads were stopped: 0.0000938 seconds, Stopping threads took: 0.0000305 seconds
2020-04-29T23:55:59.047+0700: 2051.437: Total time for which application threads were stopped: 0.0000901 seconds, Stopping threads took: 0.0000310 seconds
2020-04-29T23:55:59.047+0700: 2051.437: Total time for which application threads were stopped: 0.0000829 seconds, Stopping threads took: 0.0000267 seconds
2020-04-29T23:56:00.050+0700: 2052.439: Total time for which application threads were stopped: 0.0001187 seconds, Stopping threads took: 0.0000273 seconds
2020-04-29T23:56:00.325+0700: 2052.714: Total time for which application threads were stopped: 0.0001115 seconds, Stopping threads took: 0.0000174 seconds
2020-04-29T23:56:00.331+0700: 2052.720: Total time for which application threads were stopped: 0.0001085 seconds, Stopping threads took: 0.0000289 seconds
2020-04-29T23:56:00.331+0700: 2052.720: Total time for which application threads were stopped: 0.0000782 seconds, Stopping threads took: 0.0000215 seconds
2020-04-29T23:56:00.331+0700: 2052.720: Total time for which application threads were stopped: 0.0000696 seconds, Stopping threads took: 0.0000126 seconds
2020-04-29T23:56:00.331+0700: 2052.720: Total time for which application threads were stopped: 0.0000575 seconds, Stopping threads took: 0.0000131 seconds
2020-04-29T23:56:01.335+0700: 2053.725: Total time for which application threads were stopped: 0.0001080 seconds, Stopping threads took: 0.0000273 seconds
2020-04-29T23:56:02.616+0700: 2055.005: Total time for which application threads were stopped: 0.0001405 seconds, Stopping threads took: 0.0000212 seconds
2020-04-29T23:56:02.623+0700: 2055.012: Total time for which application threads were stopped: 0.0000900 seconds, Stopping threads took: 0.0000253 seconds
2020-04-29T23:56:02.623+0700: 2055.012: Total time for which application threads were stopped: 0.0001288 seconds, Stopping threads took: 0.0000398 seconds
2020-04-29T23:56:02.623+0700: 2055.013: Total time for which application threads were stopped: 0.0000695 seconds, Stopping threads took: 0.0000169 seconds
2020-04-29T23:56:02.623+0700: 2055.013: Total time for which application threads were stopped: 0.0000670 seconds, Stopping threads took: 0.0000220 seconds
2020-04-29T23:56:05.627+0700: 2058.016: Total time for which application threads were stopped: 0.0001296 seconds, Stopping threads took: 0.0000194 seconds
2020-04-29T23:56:05.632+0700: 2058.021: Total time for which application threads were stopped: 0.0001871 seconds, Stopping threads took: 0.0000131 seconds
2020-04-29T23:56:05.634+0700: 2058.023: Total time for which application threads were stopped: 0.0000950 seconds, Stopping threads took: 0.0000249 seconds
2020-04-29T23:56:05.634+0700: 2058.023: Total time for which application threads were stopped: 0.0000684 seconds, Stopping threads took: 0.0000101 seconds
2020-04-29T23:56:05.634+0700: 2058.023: Total time for which application threads were stopped: 0.0000846 seconds, Stopping threads took: 0.0000275 seconds
2020-04-29T23:56:05.634+0700: 2058.023: Total time for which application threads were stopped: 0.0000673 seconds, Stopping threads took: 0.0000182 seconds
2020-04-29T23:56:07.223+0700: 2059.612: Total time for which application threads were stopped: 0.0001268 seconds, Stopping threads took: 0.0000180 seconds
2020-04-29T23:56:07.230+0700: 2059.619: Total time for which application threads were stopped: 0.0000866 seconds, Stopping threads took: 0.0000149 seconds
2020-04-29T23:56:07.230+0700: 2059.619: Total time for which application threads were stopped: 0.0001086 seconds, Stopping threads took: 0.0000233 seconds
2020-04-29T23:56:07.230+0700: 2059.619: Total time for which application threads were stopped: 0.0000648 seconds, Stopping threads took: 0.0000138 seconds
2020-04-29T23:56:07.230+0700: 2059.620: Total time for which application threads were stopped: 0.0000684 seconds, Stopping threads took: 0.0000235 seconds
2020-04-29T23:56:08.255+0700: 2060.644: Total time for which application threads were stopped: 0.0001571 seconds, Stopping threads took: 0.0000571 seconds
2020-04-29T23:56:08.263+0700: 2060.652: Total time for which application threads were stopped: 0.0001452 seconds, Stopping threads took: 0.0000590 seconds
2020-04-29T23:56:08.263+0700: 2060.653: Total time for which application threads were stopped: 0.0000916 seconds, Stopping threads took: 0.0000247 seconds
2020-04-29T23:56:08.264+0700: 2060.653: Total time for which application threads were stopped: 0.0000788 seconds, Stopping threads took: 0.0000215 seconds
2020-04-29T23:56:08.264+0700: 2060.653: Total time for which application threads were stopped: 0.0001021 seconds, Stopping threads took: 0.0000482 seconds
2020-04-29T23:56:08.264+0700: 2060.653: Total time for which application threads were stopped: 0.0000785 seconds, Stopping threads took: 0.0000211 seconds
2020-04-29T23:56:09.790+0700: 2062.179: Total time for which application threads were stopped: 0.0001343 seconds, Stopping threads took: 0.0000384 seconds
2020-04-29T23:56:09.798+0700: 2062.187: Total time for which application threads were stopped: 0.0001065 seconds, Stopping threads took: 0.0000276 seconds
2020-04-29T23:56:09.798+0700: 2062.188: Total time for which application threads were stopped: 0.0000903 seconds, Stopping threads took: 0.0000255 seconds
2020-04-29T23:56:09.799+0700: 2062.188: Total time for which application threads were stopped: 0.0000759 seconds, Stopping threads took: 0.0000123 seconds
2020-04-29T23:56:09.799+0700: 2062.188: Total time for which application threads were stopped: 0.0001177 seconds, Stopping threads took: 0.0000579 seconds
2020-04-29T23:56:09.799+0700: 2062.188: Total time for which application threads were stopped: 0.0000758 seconds, Stopping threads took: 0.0000203 seconds
2020-04-29T23:56:14.223+0700: 2066.612: Total time for which application threads were stopped: 0.0001064 seconds, Stopping threads took: 0.0000210 seconds
2020-04-29T23:56:14.228+0700: 2066.617: Total time for which application threads were stopped: 0.0001216 seconds, Stopping threads took: 0.0000301 seconds
2020-04-29T23:56:14.228+0700: 2066.617: Total time for which application threads were stopped: 0.0000904 seconds, Stopping threads took: 0.0000189 seconds
2020-04-29T23:56:14.229+0700: 2066.618: Total time for which application threads were stopped: 0.0001565 seconds, Stopping threads took: 0.0000434 seconds
2020-04-29T23:56:14.230+0700: 2066.619: Total time for which application threads were stopped: 0.0001372 seconds, Stopping threads took: 0.0000502 seconds
2020-04-29T23:56:14.230+0700: 2066.619: Total time for which application threads were stopped: 0.0001166 seconds, Stopping threads took: 0.0000467 seconds
2020-04-29T23:56:14.230+0700: 2066.619: Total time for which application threads were stopped: 0.0001146 seconds, Stopping threads took: 0.0000622 seconds
2020-04-29T23:56:14.230+0700: 2066.619: Total time for which application threads were stopped: 0.0000568 seconds, Stopping threads took: 0.0000157 seconds
2020-04-29T23:56:14.231+0700: 2066.620: Total time for which application threads were stopped: 0.0000750 seconds, Stopping threads took: 0.0000253 seconds
2020-04-29T23:56:15.234+0700: 2067.623: Total time for which application threads were stopped: 0.0001538 seconds, Stopping threads took: 0.0000237 seconds
2020-04-29T23:56:15.306+0700: 2067.695: Total time for which application threads were stopped: 0.0001011 seconds, Stopping threads took: 0.0000175 seconds
2020-04-29T23:56:15.308+0700: 2067.698: Total time for which application threads were stopped: 0.0000938 seconds, Stopping threads took: 0.0000151 seconds
2020-04-29T23:56:15.309+0700: 2067.698: Total time for which application threads were stopped: 0.0000589 seconds, Stopping threads took: 0.0000086 seconds
2020-04-29T23:56:15.309+0700: 2067.698: Total time for which application threads were stopped: 0.0000635 seconds, Stopping threads took: 0.0000101 seconds
2020-04-29T23:56:15.309+0700: 2067.698: Total time for which application threads were stopped: 0.0000481 seconds, Stopping threads took: 0.0000074 seconds
2020-04-29T23:56:15.309+0700: 2067.698: Total time for which application threads were stopped: 0.0000443 seconds, Stopping threads took: 0.0000067 seconds
2020-04-29T23:56:15.309+0700: 2067.698: Total time for which application threads were stopped: 0.0000619 seconds, Stopping threads took: 0.0000105 seconds
2020-04-29T23:56:15.309+0700: 2067.698: Total time for which application threads were stopped: 0.0000479 seconds, Stopping threads took: 0.0000076 seconds
2020-04-29T23:56:15.309+0700: 2067.698: Total time for which application threads were stopped: 0.0000851 seconds, Stopping threads took: 0.0000096 seconds
2020-04-29T23:56:15.310+0700: 2067.699: Total time for which application threads were stopped: 0.0000503 seconds, Stopping threads took: 0.0000098 seconds
2020-04-29T23:56:15.310+0700: 2067.699: Total time for which application threads were stopped: 0.0000605 seconds, Stopping threads took: 0.0000165 seconds
2020-04-29T23:56:15.310+0700: 2067.699: Total time for which application threads were stopped: 0.0000445 seconds, Stopping threads took: 0.0000072 seconds
2020-04-29T23:56:15.310+0700: 2067.699: Total time for which application threads were stopped: 0.0000445 seconds, Stopping threads took: 0.0000072 seconds
2020-04-29T23:56:15.310+0700: 2067.699: Total time for which application threads were stopped: 0.0000444 seconds, Stopping threads took: 0.0000076 seconds
2020-04-29T23:56:15.310+0700: 2067.699: Total time for which application threads were stopped: 0.0000450 seconds, Stopping threads took: 0.0000075 seconds
2020-04-29T23:56:15.312+0700: 2067.701: Total time for which application threads were stopped: 0.0000818 seconds, Stopping threads took: 0.0000157 seconds
2020-04-29T23:56:15.313+0700: 2067.702: Total time for which application threads were stopped: 0.0000740 seconds, Stopping threads took: 0.0000129 seconds
2020-04-29T23:56:15.315+0700: 2067.704: Total time for which application threads were stopped: 0.0000743 seconds, Stopping threads took: 0.0000134 seconds
2020-04-29T23:56:15.318+0700: 2067.707: Total time for which application threads were stopped: 0.0001550 seconds, Stopping threads took: 0.0000295 seconds
2020-04-29T23:56:15.318+0700: 2067.707: Total time for which application threads were stopped: 0.0000844 seconds, Stopping threads took: 0.0000248 seconds
2020-04-29T23:56:15.318+0700: 2067.707: Total time for which application threads were stopped: 0.0000663 seconds, Stopping threads took: 0.0000219 seconds
2020-04-29T23:56:15.318+0700: 2067.707: Total time for which application threads were stopped: 0.0000772 seconds, Stopping threads took: 0.0000245 seconds
2020-04-29T23:56:15.318+0700: 2067.707: Total time for which application threads were stopped: 0.0000930 seconds, Stopping threads took: 0.0000464 seconds
2020-04-29T23:56:15.320+0700: 2067.709: Total time for which application threads were stopped: 0.0001101 seconds, Stopping threads took: 0.0000239 seconds
2020-04-29T23:56:15.320+0700: 2067.709: Total time for which application threads were stopped: 0.0000824 seconds, Stopping threads took: 0.0000111 seconds
2020-04-29T23:56:15.320+0700: 2067.709: Total time for which application threads were stopped: 0.0000849 seconds, Stopping threads took: 0.0000179 seconds
2020-04-29T23:56:15.321+0700: 2067.710: Total time for which application threads were stopped: 0.0000674 seconds, Stopping threads took: 0.0000080 seconds
2020-04-29T23:56:15.321+0700: 2067.710: Total time for which application threads were stopped: 0.0000819 seconds, Stopping threads took: 0.0000205 seconds
2020-04-29T23:56:15.321+0700: 2067.710: Total time for which application threads were stopped: 0.0000656 seconds, Stopping threads took: 0.0000147 seconds
2020-04-29T23:56:15.321+0700: 2067.710: Total time for which application threads were stopped: 0.0000667 seconds, Stopping threads took: 0.0000145 seconds
2020-04-29T23:56:15.321+0700: 2067.710: Total time for which application threads were stopped: 0.0000606 seconds, Stopping threads took: 0.0000139 seconds
2020-04-29T23:56:15.321+0700: 2067.710: Total time for which application threads were stopped: 0.0000501 seconds, Stopping threads took: 0.0000157 seconds
2020-04-29T23:56:16.324+0700: 2068.713: Total time for which application threads were stopped: 0.0000966 seconds, Stopping threads took: 0.0000204 seconds
2020-04-29T23:56:17.167+0700: 2069.556: Total time for which application threads were stopped: 0.0001321 seconds, Stopping threads took: 0.0000189 seconds
2020-04-29T23:56:17.173+0700: 2069.562: Total time for which application threads were stopped: 0.0001229 seconds, Stopping threads took: 0.0000389 seconds
2020-04-29T23:56:17.173+0700: 2069.562: Total time for which application threads were stopped: 0.0000854 seconds, Stopping threads took: 0.0000193 seconds
2020-04-29T23:56:17.173+0700: 2069.562: Total time for which application threads were stopped: 0.0000841 seconds, Stopping threads took: 0.0000335 seconds
2020-04-29T23:56:17.173+0700: 2069.562: Total time for which application threads were stopped: 0.0000682 seconds, Stopping threads took: 0.0000101 seconds
2020-04-29T23:56:17.173+0700: 2069.562: Total time for which application threads were stopped: 0.0001063 seconds, Stopping threads took: 0.0000460 seconds
2020-04-29T23:56:18.177+0700: 2070.566: Total time for which application threads were stopped: 0.0001203 seconds, Stopping threads took: 0.0000214 seconds
2020-04-29T23:56:23.268+0700: 2075.657: Total time for which application threads were stopped: 0.0001116 seconds, Stopping threads took: 0.0000188 seconds
2020-04-29T23:56:23.274+0700: 2075.663: Total time for which application threads were stopped: 0.0001819 seconds, Stopping threads took: 0.0000148 seconds
2020-04-29T23:56:23.274+0700: 2075.663: Total time for which application threads were stopped: 0.0000737 seconds, Stopping threads took: 0.0000123 seconds
2020-04-29T23:56:23.274+0700: 2075.663: Total time for which application threads were stopped: 0.0000752 seconds, Stopping threads took: 0.0000227 seconds
2020-04-29T23:56:23.274+0700: 2075.663: Total time for which application threads were stopped: 0.0001973 seconds, Stopping threads took: 0.0000375 seconds
2020-04-29T23:56:23.274+0700: 2075.663: Total time for which application threads were stopped: 0.0001120 seconds, Stopping threads took: 0.0000293 seconds
2020-04-29T23:56:26.494+0700: 2078.883: Total time for which application threads were stopped: 0.0002635 seconds, Stopping threads took: 0.0000448 seconds
2020-04-29T23:56:26.500+0700: 2078.888: Total time for which application threads were stopped: 0.0001104 seconds, Stopping threads took: 0.0000372 seconds
2020-04-29T23:56:26.500+0700: 2078.889: Total time for which application threads were stopped: 0.0001818 seconds, Stopping threads took: 0.0000200 seconds
2020-04-29T23:56:26.500+0700: 2078.889: Total time for which application threads were stopped: 0.0000821 seconds, Stopping threads took: 0.0000274 seconds
2020-04-29T23:56:26.500+0700: 2078.889: Total time for which application threads were stopped: 0.0001353 seconds, Stopping threads took: 0.0000796 seconds
2020-04-29T23:56:26.500+0700: 2078.889: Total time for which application threads were stopped: 0.0001255 seconds, Stopping threads took: 0.0000635 seconds
2020-04-29T23:56:26.511+0700: 2078.900: Total time for which application threads were stopped: 0.0000855 seconds, Stopping threads took: 0.0000227 seconds
2020-04-29T23:56:27.647+0700: 2080.035: Total time for which application threads were stopped: 0.0001038 seconds, Stopping threads took: 0.0000164 seconds
2020-04-29T23:56:27.647+0700: 2080.036: Total time for which application threads were stopped: 0.0000793 seconds, Stopping threads took: 0.0000204 seconds
2020-04-29T23:56:27.652+0700: 2080.041: Total time for which application threads were stopped: 0.0000981 seconds, Stopping threads took: 0.0000310 seconds
2020-04-29T23:56:27.652+0700: 2080.041: Total time for which application threads were stopped: 0.0000897 seconds, Stopping threads took: 0.0000287 seconds
2020-04-29T23:56:27.652+0700: 2080.041: Total time for which application threads were stopped: 0.0000831 seconds, Stopping threads took: 0.0000349 seconds
2020-04-29T23:56:27.652+0700: 2080.041: Total time for which application threads were stopped: 0.0000933 seconds, Stopping threads took: 0.0000384 seconds
2020-04-29T23:56:32.187+0700: 2084.576: Total time for which application threads were stopped: 0.0001304 seconds, Stopping threads took: 0.0000313 seconds
2020-04-29T23:56:32.193+0700: 2084.581: Total time for which application threads were stopped: 0.0000849 seconds, Stopping threads took: 0.0000143 seconds
2020-04-29T23:56:32.193+0700: 2084.582: Total time for which application threads were stopped: 0.0000863 seconds, Stopping threads took: 0.0000231 seconds
2020-04-29T23:56:32.193+0700: 2084.582: Total time for which application threads were stopped: 0.0000761 seconds, Stopping threads took: 0.0000223 seconds
2020-04-29T23:56:32.193+0700: 2084.582: Total time for which application threads were stopped: 0.0000555 seconds, Stopping threads took: 0.0000140 seconds
2020-04-29T23:56:34.754+0700: 2087.143: Total time for which application threads were stopped: 0.0001227 seconds, Stopping threads took: 0.0000205 seconds
2020-04-29T23:56:34.762+0700: 2087.150: Total time for which application threads were stopped: 0.0001083 seconds, Stopping threads took: 0.0000311 seconds
2020-04-29T23:56:34.762+0700: 2087.150: Total time for which application threads were stopped: 0.0000961 seconds, Stopping threads took: 0.0000402 seconds
2020-04-29T23:56:34.762+0700: 2087.150: Total time for which application threads were stopped: 0.0000670 seconds, Stopping threads took: 0.0000229 seconds
2020-04-29T23:56:34.762+0700: 2087.151: Total time for which application threads were stopped: 0.0000727 seconds, Stopping threads took: 0.0000287 seconds
2020-04-29T23:56:35.851+0700: 2088.240: Total time for which application threads were stopped: 0.0001354 seconds, Stopping threads took: 0.0000224 seconds
2020-04-29T23:56:35.858+0700: 2088.247: Total time for which application threads were stopped: 0.0000896 seconds, Stopping threads took: 0.0000245 seconds
2020-04-29T23:56:35.858+0700: 2088.247: Total time for which application threads were stopped: 0.0000843 seconds, Stopping threads took: 0.0000208 seconds
2020-04-29T23:56:35.859+0700: 2088.247: Total time for which application threads were stopped: 0.0001580 seconds, Stopping threads took: 0.0000259 seconds
2020-04-29T23:56:35.859+0700: 2088.247: Total time for which application threads were stopped: 0.0000736 seconds, Stopping threads took: 0.0000230 seconds
2020-04-29T23:56:37.313+0700: 2089.702: Total time for which application threads were stopped: 0.0001151 seconds, Stopping threads took: 0.0000198 seconds
2020-04-29T23:56:37.320+0700: 2089.708: Total time for which application threads were stopped: 0.0001489 seconds, Stopping threads took: 0.0000482 seconds
2020-04-29T23:56:37.320+0700: 2089.709: Total time for which application threads were stopped: 0.0001247 seconds, Stopping threads took: 0.0000589 seconds
2020-04-29T23:56:37.321+0700: 2089.710: Total time for which application threads were stopped: 0.0001039 seconds, Stopping threads took: 0.0000294 seconds
2020-04-29T23:56:37.321+0700: 2089.710: Total time for which application threads were stopped: 0.0001277 seconds, Stopping threads took: 0.0000338 seconds
2020-04-29T23:56:37.322+0700: 2089.711: Total time for which application threads were stopped: 0.0001182 seconds, Stopping threads took: 0.0000486 seconds
2020-04-29T23:56:37.322+0700: 2089.711: Total time for which application threads were stopped: 0.0000748 seconds, Stopping threads took: 0.0000194 seconds
2020-04-29T23:56:37.322+0700: 2089.711: Total time for which application threads were stopped: 0.0001402 seconds, Stopping threads took: 0.0000760 seconds
2020-04-29T23:56:37.322+0700: 2089.711: Total time for which application threads were stopped: 0.0001253 seconds, Stopping threads took: 0.0000397 seconds
2020-04-29T23:56:37.333+0700: 2089.722: Total time for which application threads were stopped: 0.0001149 seconds, Stopping threads took: 0.0000202 seconds
2020-04-29T23:56:37.340+0700: 2089.729: Total time for which application threads were stopped: 0.0001189 seconds, Stopping threads took: 0.0000355 seconds
2020-04-29T23:56:37.340+0700: 2089.729: Total time for which application threads were stopped: 0.0000862 seconds, Stopping threads took: 0.0000301 seconds
2020-04-29T23:56:37.344+0700: 2089.733: Total time for which application threads were stopped: 0.0001024 seconds, Stopping threads took: 0.0000407 seconds
2020-04-29T23:56:37.344+0700: 2089.733: Total time for which application threads were stopped: 0.0000727 seconds, Stopping threads took: 0.0000278 seconds
2020-04-29T23:56:37.348+0700: 2089.737: Total time for which application threads were stopped: 0.0000913 seconds, Stopping threads took: 0.0000301 seconds
2020-04-29T23:56:37.348+0700: 2089.737: Total time for which application threads were stopped: 0.0000709 seconds, Stopping threads took: 0.0000223 seconds
2020-04-29T23:56:37.349+0700: 2089.738: Total time for which application threads were stopped: 0.0001346 seconds, Stopping threads took: 0.0000673 seconds
2020-04-29T23:56:37.349+0700: 2089.738: Total time for which application threads were stopped: 0.0000987 seconds, Stopping threads took: 0.0000488 seconds
2020-04-29T23:56:37.349+0700: 2089.738: Total time for which application threads were stopped: 0.0000826 seconds, Stopping threads took: 0.0000329 seconds
2020-04-29T23:56:37.350+0700: 2089.738: Total time for which application threads were stopped: 0.0001038 seconds, Stopping threads took: 0.0000574 seconds
2020-04-29T23:56:37.365+0700: 2089.754: Total time for which application threads were stopped: 0.0000960 seconds, Stopping threads took: 0.0000160 seconds
2020-04-29T23:56:38.367+0700: 2090.756: Total time for which application threads were stopped: 0.0002066 seconds, Stopping threads took: 0.0000394 seconds
2020-04-29T23:56:40.263+0700: 2092.651: Total time for which application threads were stopped: 0.0002084 seconds, Stopping threads took: 0.0000632 seconds
2020-04-29T23:56:40.279+0700: 2092.668: Total time for which application threads were stopped: 0.0002173 seconds, Stopping threads took: 0.0000386 seconds
2020-04-29T23:56:40.285+0700: 2092.674: Total time for which application threads were stopped: 0.0001162 seconds, Stopping threads took: 0.0000367 seconds
2020-04-29T23:56:50.381+0700: 2102.770: Total time for which application threads were stopped: 0.0001595 seconds, Stopping threads took: 0.0000221 seconds
2020-04-29T23:56:50.381+0700: 2102.770: Total time for which application threads were stopped: 0.0000791 seconds, Stopping threads took: 0.0000117 seconds
2020-04-29T23:56:50.382+0700: 2102.770: Total time for which application threads were stopped: 0.0000624 seconds, Stopping threads took: 0.0000093 seconds
2020-04-29T23:56:50.382+0700: 2102.770: Total time for which application threads were stopped: 0.0000667 seconds, Stopping threads took: 0.0000090 seconds
2020-04-29T23:56:50.382+0700: 2102.770: Total time for which application threads were stopped: 0.0000666 seconds, Stopping threads took: 0.0000120 seconds
2020-04-29T23:56:50.382+0700: 2102.770: Total time for which application threads were stopped: 0.0000959 seconds, Stopping threads took: 0.0000370 seconds
2020-04-29T23:56:50.382+0700: 2102.770: Total time for which application threads were stopped: 0.0000520 seconds, Stopping threads took: 0.0000086 seconds
2020-04-29T23:56:50.382+0700: 2102.770: Total time for which application threads were stopped: 0.0000497 seconds, Stopping threads took: 0.0000076 seconds
2020-04-29T23:56:50.382+0700: 2102.770: Total time for which application threads were stopped: 0.0000466 seconds, Stopping threads took: 0.0000066 seconds
2020-04-29T23:56:50.382+0700: 2102.771: Total time for which application threads were stopped: 0.0000460 seconds, Stopping threads took: 0.0000067 seconds
2020-04-29T23:56:50.382+0700: 2102.771: Total time for which application threads were stopped: 0.0000904 seconds, Stopping threads took: 0.0000067 seconds
2020-04-29T23:56:50.382+0700: 2102.771: Total time for which application threads were stopped: 0.0000592 seconds, Stopping threads took: 0.0000077 seconds
2020-04-29T23:56:50.382+0700: 2102.771: Total time for which application threads were stopped: 0.0000495 seconds, Stopping threads took: 0.0000073 seconds
2020-04-29T23:57:27.349+0700: 2139.737: Total time for which application threads were stopped: 0.0002190 seconds, Stopping threads took: 0.0000358 seconds
2020-04-29T23:57:27.349+0700: 2139.737: Total time for which application threads were stopped: 0.0001133 seconds, Stopping threads took: 0.0000205 seconds
2020-04-29T23:57:27.350+0700: 2139.737: Total time for which application threads were stopped: 0.0001664 seconds, Stopping threads took: 0.0000709 seconds
2020-04-29T23:57:27.352+0700: 2139.740: Total time for which application threads were stopped: 0.0001416 seconds, Stopping threads took: 0.0000235 seconds
2020-04-29T23:57:27.352+0700: 2139.740: Total time for which application threads were stopped: 0.0001012 seconds, Stopping threads took: 0.0000172 seconds
2020-04-29T23:57:27.353+0700: 2139.740: Total time for which application threads were stopped: 0.0001203 seconds, Stopping threads took: 0.0000368 seconds
2020-04-29T23:57:44.131+0700: 2156.518: Total time for which application threads were stopped: 0.0001410 seconds, Stopping threads took: 0.0000478 seconds
2020-04-29T23:57:44.131+0700: 2156.518: Total time for which application threads were stopped: 0.0001053 seconds, Stopping threads took: 0.0000343 seconds
2020-04-29T23:57:44.132+0700: 2156.519: Total time for which application threads were stopped: 0.0001164 seconds, Stopping threads took: 0.0000597 seconds
2020-04-29T23:57:44.132+0700: 2156.519: Total time for which application threads were stopped: 0.0000657 seconds, Stopping threads took: 0.0000163 seconds
2020-04-29T23:57:44.132+0700: 2156.519: Total time for which application threads were stopped: 0.0001500 seconds, Stopping threads took: 0.0000796 seconds
2020-04-29T23:57:44.378+0700: 2156.766: Total time for which application threads were stopped: 0.0001308 seconds, Stopping threads took: 0.0000198 seconds
2020-04-29T23:57:44.379+0700: 2156.766: Total time for which application threads were stopped: 0.0001148 seconds, Stopping threads took: 0.0000162 seconds
2020-04-29T23:57:44.380+0700: 2156.767: Total time for which application threads were stopped: 0.0001408 seconds, Stopping threads took: 0.0000356 seconds
2020-04-29T23:57:44.380+0700: 2156.768: Total time for which application threads were stopped: 0.0001219 seconds, Stopping threads took: 0.0000544 seconds
2020-04-29T23:57:44.381+0700: 2156.768: Total time for which application threads were stopped: 0.0001038 seconds, Stopping threads took: 0.0000296 seconds
2020-04-29T23:57:44.381+0700: 2156.768: Total time for which application threads were stopped: 0.0000889 seconds, Stopping threads took: 0.0000115 seconds
2020-04-29T23:57:44.381+0700: 2156.768: Total time for which application threads were stopped: 0.0003442 seconds, Stopping threads took: 0.0000456 seconds
2020-04-29T23:57:44.382+0700: 2156.769: Total time for which application threads were stopped: 0.0001341 seconds, Stopping threads took: 0.0000499 seconds
2020-04-29T23:57:44.383+0700: 2156.770: Total time for which application threads were stopped: 0.0001658 seconds, Stopping threads took: 0.0000528 seconds
2020-04-29T23:57:44.384+0700: 2156.771: Total time for which application threads were stopped: 0.0001784 seconds, Stopping threads took: 0.0000508 seconds
2020-04-29T23:57:44.384+0700: 2156.771: Total time for which application threads were stopped: 0.0001296 seconds, Stopping threads took: 0.0000375 seconds
2020-04-29T23:57:44.384+0700: 2156.771: Total time for which application threads were stopped: 0.0001400 seconds, Stopping threads took: 0.0000292 seconds
2020-04-29T23:57:44.384+0700: 2156.771: Total time for which application threads were stopped: 0.0001009 seconds, Stopping threads took: 0.0000275 seconds
2020-04-29T23:57:44.384+0700: 2156.772: Total time for which application threads were stopped: 0.0001295 seconds, Stopping threads took: 0.0000220 seconds
2020-04-29T23:57:44.386+0700: 2156.773: Total time for which application threads were stopped: 0.0001385 seconds, Stopping threads took: 0.0000169 seconds
2020-04-29T23:57:44.386+0700: 2156.773: Total time for which application threads were stopped: 0.0001404 seconds, Stopping threads took: 0.0000405 seconds
2020-04-29T23:57:44.388+0700: 2156.775: Total time for which application threads were stopped: 0.0003222 seconds, Stopping threads took: 0.0000454 seconds
2020-04-29T23:57:44.645+0700: 2157.033: Total time for which application threads were stopped: 0.0001837 seconds, Stopping threads took: 0.0000244 seconds
2020-04-29T23:57:44.646+0700: 2157.033: Total time for which application threads were stopped: 0.0000771 seconds, Stopping threads took: 0.0000096 seconds
2020-04-29T23:57:44.646+0700: 2157.034: Total time for which application threads were stopped: 0.0000764 seconds, Stopping threads took: 0.0000121 seconds
2020-04-29T23:57:46.360+0700: 2158.747: Total time for which application threads were stopped: 0.0001238 seconds, Stopping threads took: 0.0000225 seconds
2020-04-29T23:57:46.360+0700: 2158.747: Total time for which application threads were stopped: 0.0000896 seconds, Stopping threads took: 0.0000146 seconds
2020-04-29T23:57:46.362+0700: 2158.749: Total time for which application threads were stopped: 0.0001094 seconds, Stopping threads took: 0.0000147 seconds
2020-04-29T23:57:46.363+0700: 2158.750: Total time for which application threads were stopped: 0.0000933 seconds, Stopping threads took: 0.0000138 seconds
2020-04-29T23:57:46.363+0700: 2158.751: Total time for which application threads were stopped: 0.0000984 seconds, Stopping threads took: 0.0000284 seconds
2020-04-29T23:57:46.366+0700: 2158.754: Total time for which application threads were stopped: 0.0001177 seconds, Stopping threads took: 0.0000160 seconds
2020-04-29T23:57:46.366+0700: 2158.754: Total time for which application threads were stopped: 0.0000758 seconds, Stopping threads took: 0.0000129 seconds
2020-04-29T23:57:46.370+0700: 2158.757: Total time for which application threads were stopped: 0.0000905 seconds, Stopping threads took: 0.0000163 seconds
2020-04-29T23:57:46.370+0700: 2158.757: Total time for which application threads were stopped: 0.0000735 seconds, Stopping threads took: 0.0000129 seconds
2020-04-29T23:57:47.374+0700: 2159.761: Total time for which application threads were stopped: 0.0002059 seconds, Stopping threads took: 0.0000378 seconds
2020-04-29T23:57:47.652+0700: 2160.039: Total time for which application threads were stopped: 0.0001870 seconds, Stopping threads took: 0.0000476 seconds
2020-04-29T23:57:47.652+0700: 2160.039: Total time for which application threads were stopped: 0.0001068 seconds, Stopping threads took: 0.0000175 seconds
2020-04-29T23:57:47.654+0700: 2160.042: Total time for which application threads were stopped: 0.0001106 seconds, Stopping threads took: 0.0000161 seconds
2020-04-29T23:57:47.656+0700: 2160.043: Total time for which application threads were stopped: 0.0000964 seconds, Stopping threads took: 0.0000142 seconds
2020-04-29T23:57:47.656+0700: 2160.043: Total time for which application threads were stopped: 0.0000744 seconds, Stopping threads took: 0.0000105 seconds
2020-04-29T23:57:47.658+0700: 2160.045: Total time for which application threads were stopped: 0.0001234 seconds, Stopping threads took: 0.0000331 seconds
2020-04-29T23:57:47.660+0700: 2160.047: Total time for which application threads were stopped: 0.0001302 seconds, Stopping threads took: 0.0000400 seconds
2020-04-29T23:57:47.660+0700: 2160.047: Total time for which application threads were stopped: 0.0001415 seconds, Stopping threads took: 0.0000688 seconds
2020-04-29T23:57:47.662+0700: 2160.049: Total time for which application threads were stopped: 0.0001185 seconds, Stopping threads took: 0.0000286 seconds
2020-04-29T23:57:48.665+0700: 2161.052: Total time for which application threads were stopped: 0.0002330 seconds, Stopping threads took: 0.0000407 seconds
2020-04-29T23:57:49.669+0700: 2162.056: Total time for which application threads were stopped: 0.0002222 seconds, Stopping threads took: 0.0000360 seconds
2020-04-29T23:57:50.673+0700: 2163.060: Total time for which application threads were stopped: 0.0002125 seconds, Stopping threads took: 0.0000390 seconds
2020-04-29T23:57:59.429+0700: 2171.816: Total time for which application threads were stopped: 0.0003267 seconds, Stopping threads took: 0.0001537 seconds
2020-04-29T23:57:59.430+0700: 2171.817: Total time for which application threads were stopped: 0.0001709 seconds, Stopping threads took: 0.0000287 seconds
2020-04-29T23:58:17.344+0700: 2189.729: Total time for which application threads were stopped: 0.0001588 seconds, Stopping threads took: 0.0000276 seconds
2020-04-29T23:59:10.288+0700: 2242.661: Total time for which application threads were stopped: 0.0002990 seconds, Stopping threads took: 0.0001119 seconds
2020-04-29T23:59:10.307+0700: 2242.680: Total time for which application threads were stopped: 0.0001762 seconds, Stopping threads took: 0.0000562 seconds
2020-04-29T23:59:10.312+0700: 2242.685: Total time for which application threads were stopped: 0.0003129 seconds, Stopping threads took: 0.0000292 seconds
2020-04-29T23:59:53.335+0700: 2285.707: Total time for which application threads were stopped: 0.0003258 seconds, Stopping threads took: 0.0001282 seconds
2020-04-29T23:59:53.335+0700: 2285.707: Total time for which application threads were stopped: 0.0002043 seconds, Stopping threads took: 0.0000685 seconds
2020-04-29T23:59:53.336+0700: 2285.708: Total time for which application threads were stopped: 0.0002016 seconds, Stopping threads took: 0.0000746 seconds
2020-04-29T23:59:53.336+0700: 2285.708: Total time for which application threads were stopped: 0.0002016 seconds, Stopping threads took: 0.0000543 seconds
2020-04-29T23:59:53.337+0700: 2285.709: Total time for which application threads were stopped: 0.0004666 seconds, Stopping threads took: 0.0000455 seconds
2020-04-30T00:01:50.680+0700: 2403.050: Total time for which application threads were stopped: 0.0002270 seconds, Stopping threads took: 0.0000442 seconds
2020-04-30T00:02:50.869+0700: 2463.238: Total time for which application threads were stopped: 0.0002225 seconds, Stopping threads took: 0.0000434 seconds
2020-04-30T00:04:13.561+0700: 2545.928: Total time for which application threads were stopped: 0.0001255 seconds, Stopping threads took: 0.0000264 seconds
2020-04-30T00:04:13.562+0700: 2545.928: Total time for which application threads were stopped: 0.0000687 seconds, Stopping threads took: 0.0000117 seconds
2020-04-30T00:04:13.565+0700: 2545.932: Total time for which application threads were stopped: 0.0001124 seconds, Stopping threads took: 0.0000333 seconds
2020-04-30T00:04:13.566+0700: 2545.932: Total time for which application threads were stopped: 0.0001261 seconds, Stopping threads took: 0.0000655 seconds
2020-04-30T00:04:13.566+0700: 2545.933: Total time for which application threads were stopped: 0.0000956 seconds, Stopping threads took: 0.0000231 seconds
2020-04-30T00:04:13.569+0700: 2545.935: Total time for which application threads were stopped: 0.0000930 seconds, Stopping threads took: 0.0000139 seconds
2020-04-30T00:04:13.569+0700: 2545.936: Total time for which application threads were stopped: 0.0000658 seconds, Stopping threads took: 0.0000097 seconds
2020-04-30T00:04:13.572+0700: 2545.939: Total time for which application threads were stopped: 0.0000835 seconds, Stopping threads took: 0.0000151 seconds
2020-04-30T00:04:13.574+0700: 2545.941: Total time for which application threads were stopped: 0.0000799 seconds, Stopping threads took: 0.0000144 seconds
2020-04-30T00:04:13.578+0700: 2545.944: Total time for which application threads were stopped: 0.0001154 seconds, Stopping threads took: 0.0000364 seconds
2020-04-30T00:04:13.578+0700: 2545.944: Total time for which application threads were stopped: 0.0000894 seconds, Stopping threads took: 0.0000285 seconds
2020-04-30T00:04:13.578+0700: 2545.945: Total time for which application threads were stopped: 0.0001214 seconds, Stopping threads took: 0.0000553 seconds
2020-04-30T00:04:13.578+0700: 2545.945: Total time for which application threads were stopped: 0.0000751 seconds, Stopping threads took: 0.0000225 seconds
2020-04-30T00:04:13.579+0700: 2545.945: Total time for which application threads were stopped: 0.0000931 seconds, Stopping threads took: 0.0000300 seconds
2020-04-30T00:04:13.579+0700: 2545.946: Total time for which application threads were stopped: 0.0000716 seconds, Stopping threads took: 0.0000088 seconds
2020-04-30T00:04:13.579+0700: 2545.946: Total time for which application threads were stopped: 0.0000728 seconds, Stopping threads took: 0.0000073 seconds
2020-04-30T00:04:13.580+0700: 2545.946: Total time for which application threads were stopped: 0.0001474 seconds, Stopping threads took: 0.0000063 seconds
2020-04-30T00:04:13.592+0700: 2545.959: Total time for which application threads were stopped: 0.0001205 seconds, Stopping threads took: 0.0000340 seconds
2020-04-30T00:04:14.321+0700: 2546.687: Total time for which application threads were stopped: 0.0001444 seconds, Stopping threads took: 0.0000201 seconds
2020-04-30T00:04:14.328+0700: 2546.694: Total time for which application threads were stopped: 0.0001325 seconds, Stopping threads took: 0.0000372 seconds
2020-04-30T00:04:14.328+0700: 2546.694: Total time for which application threads were stopped: 0.0001244 seconds, Stopping threads took: 0.0000445 seconds
2020-04-30T00:04:14.328+0700: 2546.695: Total time for which application threads were stopped: 0.0002081 seconds, Stopping threads took: 0.0000107 seconds
2020-04-30T00:04:14.328+0700: 2546.695: Total time for which application threads were stopped: 0.0000812 seconds, Stopping threads took: 0.0000208 seconds
2020-04-30T00:04:14.328+0700: 2546.695: Total time for which application threads were stopped: 0.0000868 seconds, Stopping threads took: 0.0000227 seconds
2020-04-30T00:04:15.558+0700: 2547.924: Total time for which application threads were stopped: 0.0001278 seconds, Stopping threads took: 0.0000203 seconds
2020-04-30T00:04:15.563+0700: 2547.930: Total time for which application threads were stopped: 0.0001105 seconds, Stopping threads took: 0.0000263 seconds
2020-04-30T00:04:15.563+0700: 2547.930: Total time for which application threads were stopped: 0.0001008 seconds, Stopping threads took: 0.0000262 seconds
2020-04-30T00:04:15.563+0700: 2547.930: Total time for which application threads were stopped: 0.0000902 seconds, Stopping threads took: 0.0000243 seconds
2020-04-30T00:04:15.563+0700: 2547.930: Total time for which application threads were stopped: 0.0000689 seconds, Stopping threads took: 0.0000172 seconds
2020-04-30T00:04:15.564+0700: 2547.930: Total time for which application threads were stopped: 0.0000980 seconds, Stopping threads took: 0.0000402 seconds
2020-04-30T00:04:15.564+0700: 2547.931: Total time for which application threads were stopped: 0.0001004 seconds, Stopping threads took: 0.0000267 seconds
2020-04-30T00:04:18.845+0700: 2551.212: Total time for which application threads were stopped: 0.0001069 seconds, Stopping threads took: 0.0000172 seconds
2020-04-30T00:04:18.850+0700: 2551.216: Total time for which application threads were stopped: 0.0000897 seconds, Stopping threads took: 0.0000217 seconds
2020-04-30T00:04:18.850+0700: 2551.217: Total time for which application threads were stopped: 0.0000779 seconds, Stopping threads took: 0.0000194 seconds
2020-04-30T00:04:18.850+0700: 2551.217: Total time for which application threads were stopped: 0.0000859 seconds, Stopping threads took: 0.0000347 seconds
2020-04-30T00:04:18.850+0700: 2551.217: Total time for which application threads were stopped: 0.0000897 seconds, Stopping threads took: 0.0000387 seconds
2020-04-30T00:04:18.850+0700: 2551.217: Total time for which application threads were stopped: 0.0000752 seconds, Stopping threads took: 0.0000276 seconds
2020-04-30T00:04:18.850+0700: 2551.217: Total time for which application threads were stopped: 0.0000730 seconds, Stopping threads took: 0.0000339 seconds
2020-04-30T00:04:20.909+0700: 2553.276: Total time for which application threads were stopped: 0.0001246 seconds, Stopping threads took: 0.0000200 seconds
2020-04-30T00:04:20.916+0700: 2553.283: Total time for which application threads were stopped: 0.0001330 seconds, Stopping threads took: 0.0000483 seconds
2020-04-30T00:04:20.916+0700: 2553.283: Total time for which application threads were stopped: 0.0001100 seconds, Stopping threads took: 0.0000339 seconds
2020-04-30T00:04:20.916+0700: 2553.283: Total time for which application threads were stopped: 0.0000980 seconds, Stopping threads took: 0.0000265 seconds
2020-04-30T00:04:20.916+0700: 2553.283: Total time for which application threads were stopped: 0.0000854 seconds, Stopping threads took: 0.0000256 seconds
2020-04-30T00:04:20.917+0700: 2553.283: Total time for which application threads were stopped: 0.0000968 seconds, Stopping threads took: 0.0000295 seconds
2020-04-30T00:04:21.874+0700: 2554.240: Total time for which application threads were stopped: 0.0001384 seconds, Stopping threads took: 0.0000224 seconds
2020-04-30T00:04:21.882+0700: 2554.249: Total time for which application threads were stopped: 0.0001451 seconds, Stopping threads took: 0.0000560 seconds
2020-04-30T00:04:21.882+0700: 2554.249: Total time for which application threads were stopped: 0.0000965 seconds, Stopping threads took: 0.0000306 seconds
2020-04-30T00:04:21.882+0700: 2554.249: Total time for which application threads were stopped: 0.0000963 seconds, Stopping threads took: 0.0000289 seconds
2020-04-30T00:04:21.883+0700: 2554.249: Total time for which application threads were stopped: 0.0000817 seconds, Stopping threads took: 0.0000252 seconds
2020-04-30T00:04:21.883+0700: 2554.249: Total time for which application threads were stopped: 0.0000907 seconds, Stopping threads took: 0.0000243 seconds
2020-04-30T00:04:24.761+0700: 2557.128: Total time for which application threads were stopped: 0.0001270 seconds, Stopping threads took: 0.0000184 seconds
2020-04-30T00:04:24.768+0700: 2557.134: Total time for which application threads were stopped: 0.0001111 seconds, Stopping threads took: 0.0000278 seconds
2020-04-30T00:04:24.768+0700: 2557.134: Total time for which application threads were stopped: 0.0001178 seconds, Stopping threads took: 0.0000452 seconds
2020-04-30T00:04:24.768+0700: 2557.135: Total time for which application threads were stopped: 0.0000899 seconds, Stopping threads took: 0.0000241 seconds
2020-04-30T00:04:24.768+0700: 2557.135: Total time for which application threads were stopped: 0.0000933 seconds, Stopping threads took: 0.0000309 seconds
2020-04-30T00:04:24.768+0700: 2557.135: Total time for which application threads were stopped: 0.0000797 seconds, Stopping threads took: 0.0000248 seconds
2020-04-30T00:04:25.758+0700: 2558.124: Total time for which application threads were stopped: 0.0001512 seconds, Stopping threads took: 0.0000239 seconds
2020-04-30T00:04:25.766+0700: 2558.133: Total time for which application threads were stopped: 0.0001282 seconds, Stopping threads took: 0.0000339 seconds
2020-04-30T00:04:25.767+0700: 2558.133: Total time for which application threads were stopped: 0.0001170 seconds, Stopping threads took: 0.0000273 seconds
2020-04-30T00:04:25.767+0700: 2558.133: Total time for which application threads were stopped: 0.0000985 seconds, Stopping threads took: 0.0000224 seconds
2020-04-30T00:04:25.767+0700: 2558.133: Total time for which application threads were stopped: 0.0000885 seconds, Stopping threads took: 0.0000288 seconds
2020-04-30T00:04:25.767+0700: 2558.134: Total time for which application threads were stopped: 0.0001014 seconds, Stopping threads took: 0.0000379 seconds
2020-04-30T00:04:28.457+0700: 2560.824: Total time for which application threads were stopped: 0.0001287 seconds, Stopping threads took: 0.0000299 seconds
2020-04-30T00:04:28.464+0700: 2560.831: Total time for which application threads were stopped: 0.0001399 seconds, Stopping threads took: 0.0000313 seconds
2020-04-30T00:04:28.464+0700: 2560.831: Total time for which application threads were stopped: 0.0000856 seconds, Stopping threads took: 0.0000106 seconds
2020-04-30T00:04:28.465+0700: 2560.832: Total time for which application threads were stopped: 0.0001117 seconds, Stopping threads took: 0.0000299 seconds
2020-04-30T00:04:28.466+0700: 2560.832: Total time for which application threads were stopped: 0.0001314 seconds, Stopping threads took: 0.0000356 seconds
2020-04-30T00:04:28.466+0700: 2560.833: Total time for which application threads were stopped: 0.0001014 seconds, Stopping threads took: 0.0000288 seconds
2020-04-30T00:04:28.466+0700: 2560.833: Total time for which application threads were stopped: 0.0001191 seconds, Stopping threads took: 0.0000432 seconds
2020-04-30T00:04:28.467+0700: 2560.833: Total time for which application threads were stopped: 0.0000794 seconds, Stopping threads took: 0.0000120 seconds
2020-04-30T00:04:28.467+0700: 2560.833: Total time for which application threads were stopped: 0.0001317 seconds, Stopping threads took: 0.0000432 seconds
2020-04-30T00:04:28.467+0700: 2560.833: Total time for which application threads were stopped: 0.0001136 seconds, Stopping threads took: 0.0000544 seconds
{Heap before GC invocations=12 (full 0):
 garbage-first heap   total 524288K, used 359552K [0x00000007a0000000, 0x00000007a0101000, 0x00000007c0000000)
  region size 1024K, 307 young (314368K), 16 survivors (16384K)
 Metaspace       used 51765K, capacity 53986K, committed 54088K, reserved 1097728K
  class space    used 6182K, capacity 6634K, committed 6732K, reserved 1048576K
2020-04-30T00:04:28.513+0700: 2560.879: [GC pause (G1 Evacuation Pause) (young)
Desired survivor size 20447232 bytes, new threshold 15 (max 15)
- age   1:    3921408 bytes,    3921408 total
- age   2:    5325688 bytes,    9247096 total
, 0.0133305 secs]
   [Parallel Time: 8.9 ms, GC Workers: 8]
      [GC Worker Start (ms): Min: 2560879.6, Avg: 2560879.8, Max: 2560881.5, Diff: 1.9]
      [Ext Root Scanning (ms): Min: 0.0, Avg: 0.4, Max: 1.1, Diff: 1.1, Sum: 3.4]
      [Update RS (ms): Min: 0.0, Avg: 1.1, Max: 1.4, Diff: 1.4, Sum: 8.4]
         [Processed Buffers: Min: 0, Avg: 5.6, Max: 12, Diff: 12, Sum: 45]
      [Scan RS (ms): Min: 0.1, Avg: 0.2, Max: 0.3, Diff: 0.2, Sum: 1.6]
      [Code Root Scanning (ms): Min: 0.0, Avg: 0.5, Max: 1.4, Diff: 1.4, Sum: 4.4]
      [Object Copy (ms): Min: 5.6, Avg: 6.3, Max: 6.8, Diff: 1.3, Sum: 50.3]
      [Termination (ms): Min: 0.0, Avg: 0.0, Max: 0.0, Diff: 0.0, Sum: 0.2]
         [Termination Attempts: Min: 1, Avg: 1.2, Max: 2, Diff: 1, Sum: 10]
      [GC Worker Other (ms): Min: 0.0, Avg: 0.0, Max: 0.0, Diff: 0.0, Sum: 0.1]
      [GC Worker Total (ms): Min: 6.9, Avg: 8.5, Max: 8.8, Diff: 1.9, Sum: 68.3]
      [GC Worker End (ms): Min: 2560888.4, Avg: 2560888.4, Max: 2560888.4, Diff: 0.0]
   [Code Root Fixup: 0.1 ms]
   [Code Root Purge: 0.0 ms]
   [Clear CT: 0.3 ms]
   [Other: 4.0 ms]
      [Choose CSet: 0.0 ms]
      [Ref Proc: 3.3 ms]
      [Ref Enq: 0.3 ms]
      [Redirty Cards: 0.2 ms]
      [Humongous Register: 0.0 ms]
      [Humongous Reclaim: 0.0 ms]
      [Free CSet: 0.1 ms]
   [Eden: 291.0M(291.0M)->0.0B(290.0M) Survivors: 16.0M->17.0M Heap: 351.1M(512.0M)->61.6M(512.0M)]
Heap after GC invocations=13 (full 0):
 garbage-first heap   total 524288K, used 63104K [0x00000007a0000000, 0x00000007a0101000, 0x00000007c0000000)
  region size 1024K, 17 young (17408K), 17 survivors (17408K)
 Metaspace       used 51765K, capacity 53986K, committed 54088K, reserved 1097728K
  class space    used 6182K, capacity 6634K, committed 6732K, reserved 1048576K
}
 [Times: user=0.04 sys=0.02, real=0.01 secs] 
2020-04-30T00:04:28.527+0700: 2560.893: Total time for which application threads were stopped: 0.0136912 seconds, Stopping threads took: 0.0000780 seconds
2020-04-30T00:04:28.527+0700: 2560.893: Total time for which application threads were stopped: 0.0002008 seconds, Stopping threads took: 0.0000261 seconds
2020-04-30T00:04:41.177+0700: 2573.543: Total time for which application threads were stopped: 0.0001184 seconds, Stopping threads took: 0.0000209 seconds
2020-04-30T00:04:41.180+0700: 2573.546: Total time for which application threads were stopped: 0.0001168 seconds, Stopping threads took: 0.0000312 seconds
2020-04-30T00:04:41.180+0700: 2573.546: Total time for which application threads were stopped: 0.0000691 seconds, Stopping threads took: 0.0000102 seconds
2020-04-30T00:04:41.180+0700: 2573.546: Total time for which application threads were stopped: 0.0000834 seconds, Stopping threads took: 0.0000296 seconds
2020-04-30T00:04:41.180+0700: 2573.547: Total time for which application threads were stopped: 0.0000787 seconds, Stopping threads took: 0.0000192 seconds
2020-04-30T00:04:41.181+0700: 2573.547: Total time for which application threads were stopped: 0.0002248 seconds, Stopping threads took: 0.0000250 seconds
2020-04-30T00:04:41.183+0700: 2573.549: Total time for which application threads were stopped: 0.0000771 seconds, Stopping threads took: 0.0000137 seconds
2020-04-30T00:04:41.185+0700: 2573.551: Total time for which application threads were stopped: 0.0001162 seconds, Stopping threads took: 0.0000185 seconds
2020-04-30T00:04:41.189+0700: 2573.555: Total time for which application threads were stopped: 0.0001139 seconds, Stopping threads took: 0.0000344 seconds
2020-04-30T00:04:41.189+0700: 2573.555: Total time for which application threads were stopped: 0.0000881 seconds, Stopping threads took: 0.0000255 seconds
2020-04-30T00:04:41.189+0700: 2573.556: Total time for which application threads were stopped: 0.0000736 seconds, Stopping threads took: 0.0000254 seconds
2020-04-30T00:04:41.190+0700: 2573.556: Total time for which application threads were stopped: 0.0000789 seconds, Stopping threads took: 0.0000253 seconds
2020-04-30T00:04:41.190+0700: 2573.556: Total time for which application threads were stopped: 0.0000724 seconds, Stopping threads took: 0.0000197 seconds
2020-04-30T00:04:41.191+0700: 2573.557: Total time for which application threads were stopped: 0.0001100 seconds, Stopping threads took: 0.0000218 seconds
2020-04-30T00:04:41.191+0700: 2573.557: Total time for which application threads were stopped: 0.0000842 seconds, Stopping threads took: 0.0000201 seconds
2020-04-30T00:04:41.191+0700: 2573.558: Total time for which application threads were stopped: 0.0000695 seconds, Stopping threads took: 0.0000063 seconds
2020-04-30T00:04:41.192+0700: 2573.558: Total time for which application threads were stopped: 0.0000715 seconds, Stopping threads took: 0.0000079 seconds
2020-04-30T00:04:41.192+0700: 2573.558: Total time for which application threads were stopped: 0.0000622 seconds, Stopping threads took: 0.0000061 seconds
2020-04-30T00:04:41.192+0700: 2573.558: Total time for which application threads were stopped: 0.0000599 seconds, Stopping threads took: 0.0000066 seconds
2020-04-30T00:04:41.192+0700: 2573.558: Total time for which application threads were stopped: 0.0000724 seconds, Stopping threads took: 0.0000064 seconds
2020-04-30T00:04:41.192+0700: 2573.558: Total time for which application threads were stopped: 0.0000583 seconds, Stopping threads took: 0.0000101 seconds
2020-04-30T00:04:44.512+0700: 2576.878: Total time for which application threads were stopped: 0.0001552 seconds, Stopping threads took: 0.0000301 seconds
2020-04-30T00:04:44.518+0700: 2576.884: Total time for which application threads were stopped: 0.0001127 seconds, Stopping threads took: 0.0000274 seconds
2020-04-30T00:04:44.518+0700: 2576.884: Total time for which application threads were stopped: 0.0000837 seconds, Stopping threads took: 0.0000210 seconds
2020-04-30T00:04:44.518+0700: 2576.884: Total time for which application threads were stopped: 0.0001001 seconds, Stopping threads took: 0.0000365 seconds
2020-04-30T00:04:44.518+0700: 2576.884: Total time for which application threads were stopped: 0.0000979 seconds, Stopping threads took: 0.0000334 seconds
2020-04-30T00:04:44.518+0700: 2576.885: Total time for which application threads were stopped: 0.0001053 seconds, Stopping threads took: 0.0000221 seconds
2020-04-30T00:04:50.452+0700: 2582.818: Total time for which application threads were stopped: 0.0001206 seconds, Stopping threads took: 0.0000290 seconds
2020-04-30T00:04:50.457+0700: 2582.823: Total time for which application threads were stopped: 0.0001288 seconds, Stopping threads took: 0.0000448 seconds
2020-04-30T00:04:50.458+0700: 2582.824: Total time for which application threads were stopped: 0.0000796 seconds, Stopping threads took: 0.0000189 seconds
2020-04-30T00:04:50.458+0700: 2582.824: Total time for which application threads were stopped: 0.0000747 seconds, Stopping threads took: 0.0000198 seconds
2020-04-30T00:04:50.458+0700: 2582.824: Total time for which application threads were stopped: 0.0000970 seconds, Stopping threads took: 0.0000392 seconds
2020-04-30T00:04:50.458+0700: 2582.824: Total time for which application threads were stopped: 0.0000786 seconds, Stopping threads took: 0.0000094 seconds
2020-04-30T00:04:51.461+0700: 2583.827: Total time for which application threads were stopped: 0.0001249 seconds, Stopping threads took: 0.0000385 seconds
2020-04-30T00:04:52.057+0700: 2584.423: Total time for which application threads were stopped: 0.0001276 seconds, Stopping threads took: 0.0000208 seconds
2020-04-30T00:04:52.063+0700: 2584.429: Total time for which application threads were stopped: 0.0001324 seconds, Stopping threads took: 0.0000501 seconds
2020-04-30T00:04:52.064+0700: 2584.430: Total time for which application threads were stopped: 0.0001132 seconds, Stopping threads took: 0.0000269 seconds
2020-04-30T00:04:52.064+0700: 2584.430: Total time for which application threads were stopped: 0.0000803 seconds, Stopping threads took: 0.0000173 seconds
2020-04-30T00:04:52.064+0700: 2584.430: Total time for which application threads were stopped: 0.0000760 seconds, Stopping threads took: 0.0000289 seconds
2020-04-30T00:04:52.064+0700: 2584.430: Total time for which application threads were stopped: 0.0000950 seconds, Stopping threads took: 0.0000373 seconds
2020-04-30T00:04:53.069+0700: 2585.435: Total time for which application threads were stopped: 0.0001435 seconds, Stopping threads took: 0.0000370 seconds
2020-04-30T00:04:53.717+0700: 2586.083: Total time for which application threads were stopped: 0.0001744 seconds, Stopping threads took: 0.0000242 seconds
2020-04-30T00:04:53.722+0700: 2586.088: Total time for which application threads were stopped: 0.0002119 seconds, Stopping threads took: 0.0000171 seconds
2020-04-30T00:04:53.724+0700: 2586.090: Total time for which application threads were stopped: 0.0001152 seconds, Stopping threads took: 0.0000273 seconds
2020-04-30T00:04:53.724+0700: 2586.090: Total time for which application threads were stopped: 0.0000970 seconds, Stopping threads took: 0.0000232 seconds
2020-04-30T00:04:53.724+0700: 2586.090: Total time for which application threads were stopped: 0.0000768 seconds, Stopping threads took: 0.0000196 seconds
2020-04-30T00:04:53.724+0700: 2586.090: Total time for which application threads were stopped: 0.0000888 seconds, Stopping threads took: 0.0000351 seconds
2020-04-30T00:04:53.724+0700: 2586.090: Total time for which application threads were stopped: 0.0000800 seconds, Stopping threads took: 0.0000213 seconds
2020-04-30T00:04:55.196+0700: 2587.562: Total time for which application threads were stopped: 0.0001353 seconds, Stopping threads took: 0.0000314 seconds
2020-04-30T00:04:55.202+0700: 2587.568: Total time for which application threads were stopped: 0.0001229 seconds, Stopping threads took: 0.0000371 seconds
2020-04-30T00:04:55.202+0700: 2587.568: Total time for which application threads were stopped: 0.0000963 seconds, Stopping threads took: 0.0000254 seconds
2020-04-30T00:04:55.202+0700: 2587.568: Total time for which application threads were stopped: 0.0000755 seconds, Stopping threads took: 0.0000130 seconds
2020-04-30T00:04:55.202+0700: 2587.568: Total time for which application threads were stopped: 0.0001307 seconds, Stopping threads took: 0.0000508 seconds
2020-04-30T00:04:55.202+0700: 2587.568: Total time for which application threads were stopped: 0.0000871 seconds, Stopping threads took: 0.0000286 seconds
2020-04-30T00:04:56.977+0700: 2589.343: Total time for which application threads were stopped: 0.0001327 seconds, Stopping threads took: 0.0000196 seconds
2020-04-30T00:04:56.983+0700: 2589.349: Total time for which application threads were stopped: 0.0001170 seconds, Stopping threads took: 0.0000279 seconds
2020-04-30T00:04:56.983+0700: 2589.349: Total time for which application threads were stopped: 0.0000689 seconds, Stopping threads took: 0.0000083 seconds
2020-04-30T00:04:56.983+0700: 2589.349: Total time for which application threads were stopped: 0.0000568 seconds, Stopping threads took: 0.0000073 seconds
2020-04-30T00:04:56.983+0700: 2589.349: Total time for which application threads were stopped: 0.0000718 seconds, Stopping threads took: 0.0000161 seconds
2020-04-30T00:04:56.984+0700: 2589.350: Total time for which application threads were stopped: 0.0001729 seconds, Stopping threads took: 0.0000202 seconds
2020-04-30T00:04:57.728+0700: 2590.094: Total time for which application threads were stopped: 0.0001970 seconds, Stopping threads took: 0.0000227 seconds
2020-04-30T00:04:57.738+0700: 2590.103: Total time for which application threads were stopped: 0.0001510 seconds, Stopping threads took: 0.0000421 seconds
2020-04-30T00:04:57.738+0700: 2590.104: Total time for which application threads were stopped: 0.0002143 seconds, Stopping threads took: 0.0001124 seconds
2020-04-30T00:04:57.739+0700: 2590.105: Total time for which application threads were stopped: 0.0002547 seconds, Stopping threads took: 0.0000180 seconds
2020-04-30T00:04:57.740+0700: 2590.106: Total time for which application threads were stopped: 0.0001873 seconds, Stopping threads took: 0.0000770 seconds
2020-04-30T00:05:01.100+0700: 2593.466: Total time for which application threads were stopped: 0.0001325 seconds, Stopping threads took: 0.0000197 seconds
2020-04-30T00:05:01.106+0700: 2593.472: Total time for which application threads were stopped: 0.0001866 seconds, Stopping threads took: 0.0000641 seconds
2020-04-30T00:05:01.106+0700: 2593.472: Total time for which application threads were stopped: 0.0000835 seconds, Stopping threads took: 0.0000099 seconds
2020-04-30T00:05:01.107+0700: 2593.473: Total time for which application threads were stopped: 0.0001199 seconds, Stopping threads took: 0.0000236 seconds
2020-04-30T00:05:01.108+0700: 2593.474: Total time for which application threads were stopped: 0.0001194 seconds, Stopping threads took: 0.0000452 seconds
2020-04-30T00:05:01.108+0700: 2593.474: Total time for which application threads were stopped: 0.0000993 seconds, Stopping threads took: 0.0000354 seconds
2020-04-30T00:05:01.108+0700: 2593.474: Total time for which application threads were stopped: 0.0001225 seconds, Stopping threads took: 0.0000650 seconds
2020-04-30T00:05:01.108+0700: 2593.474: Total time for which application threads were stopped: 0.0000873 seconds, Stopping threads took: 0.0000340 seconds
2020-04-30T00:05:02.109+0700: 2594.475: Total time for which application threads were stopped: 0.0001599 seconds, Stopping threads took: 0.0000198 seconds
2020-04-30T00:05:02.531+0700: 2594.897: Total time for which application threads were stopped: 0.0001388 seconds, Stopping threads took: 0.0000312 seconds
2020-04-30T00:05:02.532+0700: 2594.897: Total time for which application threads were stopped: 0.0001026 seconds, Stopping threads took: 0.0000268 seconds
2020-04-30T00:05:02.532+0700: 2594.897: Total time for which application threads were stopped: 0.0000922 seconds, Stopping threads took: 0.0000288 seconds
2020-04-30T00:05:02.532+0700: 2594.898: Total time for which application threads were stopped: 0.0001222 seconds, Stopping threads took: 0.0000558 seconds
2020-04-30T00:05:02.532+0700: 2594.898: Total time for which application threads were stopped: 0.0000669 seconds, Stopping threads took: 0.0000113 seconds
2020-04-30T00:05:02.532+0700: 2594.898: Total time for which application threads were stopped: 0.0000808 seconds, Stopping threads took: 0.0000257 seconds
2020-04-30T00:05:02.532+0700: 2594.898: Total time for which application threads were stopped: 0.0000613 seconds, Stopping threads took: 0.0000094 seconds
2020-04-30T00:05:02.533+0700: 2594.898: Total time for which application threads were stopped: 0.0000725 seconds, Stopping threads took: 0.0000115 seconds
2020-04-30T00:05:02.533+0700: 2594.899: Total time for which application threads were stopped: 0.0000570 seconds, Stopping threads took: 0.0000088 seconds
2020-04-30T00:05:02.533+0700: 2594.899: Total time for which application threads were stopped: 0.0000582 seconds, Stopping threads took: 0.0000083 seconds
2020-04-30T00:05:02.533+0700: 2594.899: Total time for which application threads were stopped: 0.0000726 seconds, Stopping threads took: 0.0000122 seconds
2020-04-30T00:05:02.533+0700: 2594.899: Total time for which application threads were stopped: 0.0000659 seconds, Stopping threads took: 0.0000176 seconds
2020-04-30T00:05:02.533+0700: 2594.899: Total time for which application threads were stopped: 0.0000720 seconds, Stopping threads took: 0.0000133 seconds
2020-04-30T00:05:02.533+0700: 2594.899: Total time for which application threads were stopped: 0.0000666 seconds, Stopping threads took: 0.0000166 seconds
2020-04-30T00:05:02.534+0700: 2594.900: Total time for which application threads were stopped: 0.0000742 seconds, Stopping threads took: 0.0000116 seconds
2020-04-30T00:05:02.536+0700: 2594.901: Total time for which application threads were stopped: 0.0000737 seconds, Stopping threads took: 0.0000110 seconds
2020-04-30T00:05:02.537+0700: 2594.903: Total time for which application threads were stopped: 0.0000679 seconds, Stopping threads took: 0.0000090 seconds
2020-04-30T00:05:02.538+0700: 2594.903: Total time for which application threads were stopped: 0.0000625 seconds, Stopping threads took: 0.0000084 seconds
2020-04-30T00:05:02.542+0700: 2594.908: Total time for which application threads were stopped: 0.0002291 seconds, Stopping threads took: 0.0000275 seconds
2020-04-30T00:05:02.542+0700: 2594.908: Total time for which application threads were stopped: 0.0000835 seconds, Stopping threads took: 0.0000195 seconds
2020-04-30T00:05:02.542+0700: 2594.908: Total time for which application threads were stopped: 0.0000758 seconds, Stopping threads took: 0.0000193 seconds
2020-04-30T00:05:02.542+0700: 2594.908: Total time for which application threads were stopped: 0.0002362 seconds, Stopping threads took: 0.0000398 seconds
2020-04-30T00:05:02.544+0700: 2594.909: Total time for which application threads were stopped: 0.0001018 seconds, Stopping threads took: 0.0000107 seconds
2020-04-30T00:05:02.544+0700: 2594.910: Total time for which application threads were stopped: 0.0000775 seconds, Stopping threads took: 0.0000075 seconds
2020-04-30T00:05:02.544+0700: 2594.910: Total time for which application threads were stopped: 0.0000722 seconds, Stopping threads took: 0.0000082 seconds
2020-04-30T00:05:02.544+0700: 2594.910: Total time for which application threads were stopped: 0.0001192 seconds, Stopping threads took: 0.0000544 seconds
2020-04-30T00:05:02.545+0700: 2594.910: Total time for which application threads were stopped: 0.0000855 seconds, Stopping threads took: 0.0000175 seconds
2020-04-30T00:05:02.545+0700: 2594.910: Total time for which application threads were stopped: 0.0000791 seconds, Stopping threads took: 0.0000172 seconds
2020-04-30T00:05:02.545+0700: 2594.911: Total time for which application threads were stopped: 0.0000767 seconds, Stopping threads took: 0.0000167 seconds
2020-04-30T00:05:02.545+0700: 2594.911: Total time for which application threads were stopped: 0.0000958 seconds, Stopping threads took: 0.0000217 seconds
2020-04-30T00:05:02.545+0700: 2594.911: Total time for which application threads were stopped: 0.0000553 seconds, Stopping threads took: 0.0000087 seconds
2020-04-30T00:05:03.548+0700: 2595.914: Total time for which application threads were stopped: 0.0001009 seconds, Stopping threads took: 0.0000204 seconds
2020-04-30T00:05:09.766+0700: 2602.132: Total time for which application threads were stopped: 0.0002970 seconds, Stopping threads took: 0.0000236 seconds
2020-04-30T00:05:09.772+0700: 2602.137: Total time for which application threads were stopped: 0.0001176 seconds, Stopping threads took: 0.0000381 seconds
2020-04-30T00:05:09.772+0700: 2602.137: Total time for which application threads were stopped: 0.0002258 seconds, Stopping threads took: 0.0000304 seconds
2020-04-30T00:05:09.772+0700: 2602.138: Total time for which application threads were stopped: 0.0000980 seconds, Stopping threads took: 0.0000305 seconds
2020-04-30T00:05:09.772+0700: 2602.138: Total time for which application threads were stopped: 0.0001231 seconds, Stopping threads took: 0.0000438 seconds
2020-04-30T00:05:11.556+0700: 2603.922: Total time for which application threads were stopped: 0.0001594 seconds, Stopping threads took: 0.0000366 seconds
2020-04-30T00:05:11.563+0700: 2603.928: Total time for which application threads were stopped: 0.0001160 seconds, Stopping threads took: 0.0000284 seconds
2020-04-30T00:05:11.563+0700: 2603.929: Total time for which application threads were stopped: 0.0000719 seconds, Stopping threads took: 0.0000084 seconds
2020-04-30T00:05:11.563+0700: 2603.929: Total time for which application threads were stopped: 0.0000939 seconds, Stopping threads took: 0.0000261 seconds
2020-04-30T00:05:11.563+0700: 2603.929: Total time for which application threads were stopped: 0.0000834 seconds, Stopping threads took: 0.0000294 seconds
2020-04-30T00:05:12.568+0700: 2604.934: Total time for which application threads were stopped: 0.0001338 seconds, Stopping threads took: 0.0000297 seconds
2020-04-30T00:05:18.279+0700: 2610.645: Total time for which application threads were stopped: 0.0001740 seconds, Stopping threads took: 0.0000189 seconds
2020-04-30T00:05:18.285+0700: 2610.651: Total time for which application threads were stopped: 0.0001449 seconds, Stopping threads took: 0.0000420 seconds
2020-04-30T00:05:18.285+0700: 2610.651: Total time for which application threads were stopped: 0.0000835 seconds, Stopping threads took: 0.0000189 seconds
2020-04-30T00:05:18.286+0700: 2610.651: Total time for which application threads were stopped: 0.0000691 seconds, Stopping threads took: 0.0000169 seconds
2020-04-30T00:05:18.286+0700: 2610.651: Total time for which application threads were stopped: 0.0000535 seconds, Stopping threads took: 0.0000067 seconds
2020-04-30T00:05:21.186+0700: 2613.551: Total time for which application threads were stopped: 0.0001321 seconds, Stopping threads took: 0.0000212 seconds
2020-04-30T00:05:21.204+0700: 2613.570: Total time for which application threads were stopped: 0.0001760 seconds, Stopping threads took: 0.0000161 seconds
2020-04-30T00:05:21.205+0700: 2613.570: Total time for which application threads were stopped: 0.0001179 seconds, Stopping threads took: 0.0000452 seconds
2020-04-30T00:05:21.205+0700: 2613.570: Total time for which application threads were stopped: 0.0000634 seconds, Stopping threads took: 0.0000148 seconds
2020-04-30T00:05:21.205+0700: 2613.570: Total time for which application threads were stopped: 0.0000756 seconds, Stopping threads took: 0.0000311 seconds
2020-04-30T00:05:30.796+0700: 2623.161: Total time for which application threads were stopped: 0.0001256 seconds, Stopping threads took: 0.0000201 seconds
2020-04-30T00:05:30.803+0700: 2623.168: Total time for which application threads were stopped: 0.0001108 seconds, Stopping threads took: 0.0000301 seconds
2020-04-30T00:05:30.803+0700: 2623.168: Total time for which application threads were stopped: 0.0000851 seconds, Stopping threads took: 0.0000209 seconds
2020-04-30T00:05:30.803+0700: 2623.169: Total time for which application threads were stopped: 0.0005842 seconds, Stopping threads took: 0.0000269 seconds
2020-04-30T00:05:30.804+0700: 2623.169: Total time for which application threads were stopped: 0.0001779 seconds, Stopping threads took: 0.0000531 seconds
2020-04-30T00:05:32.149+0700: 2624.514: Total time for which application threads were stopped: 0.0001192 seconds, Stopping threads took: 0.0000166 seconds
2020-04-30T00:05:32.156+0700: 2624.521: Total time for which application threads were stopped: 0.0000979 seconds, Stopping threads took: 0.0000137 seconds
2020-04-30T00:05:32.156+0700: 2624.521: Total time for which application threads were stopped: 0.0000978 seconds, Stopping threads took: 0.0000184 seconds
2020-04-30T00:05:32.156+0700: 2624.521: Total time for which application threads were stopped: 0.0000472 seconds, Stopping threads took: 0.0000067 seconds
2020-04-30T00:05:32.156+0700: 2624.521: Total time for which application threads were stopped: 0.0000795 seconds, Stopping threads took: 0.0000288 seconds
2020-04-30T00:05:33.219+0700: 2625.584: Total time for which application threads were stopped: 0.0001262 seconds, Stopping threads took: 0.0000179 seconds
2020-04-30T00:05:33.225+0700: 2625.590: Total time for which application threads were stopped: 0.0001164 seconds, Stopping threads took: 0.0000432 seconds
2020-04-30T00:05:33.225+0700: 2625.591: Total time for which application threads were stopped: 0.0001073 seconds, Stopping threads took: 0.0000224 seconds
2020-04-30T00:05:33.226+0700: 2625.591: Total time for which application threads were stopped: 0.0000854 seconds, Stopping threads took: 0.0000197 seconds
2020-04-30T00:05:33.226+0700: 2625.591: Total time for which application threads were stopped: 0.0001401 seconds, Stopping threads took: 0.0000913 seconds
2020-04-30T00:05:36.964+0700: 2629.329: Total time for which application threads were stopped: 0.0001318 seconds, Stopping threads took: 0.0000201 seconds
2020-04-30T00:05:36.970+0700: 2629.335: Total time for which application threads were stopped: 0.0001353 seconds, Stopping threads took: 0.0000351 seconds
2020-04-30T00:05:36.970+0700: 2629.335: Total time for which application threads were stopped: 0.0001319 seconds, Stopping threads took: 0.0000396 seconds
2020-04-30T00:05:36.971+0700: 2629.336: Total time for which application threads were stopped: 0.0001675 seconds, Stopping threads took: 0.0000452 seconds
2020-04-30T00:05:36.971+0700: 2629.337: Total time for which application threads were stopped: 0.0001302 seconds, Stopping threads took: 0.0000476 seconds
2020-04-30T00:05:36.972+0700: 2629.337: Total time for which application threads were stopped: 0.0001093 seconds, Stopping threads took: 0.0000309 seconds
2020-04-30T00:05:36.972+0700: 2629.337: Total time for which application threads were stopped: 0.0000928 seconds, Stopping threads took: 0.0000326 seconds
2020-04-30T00:05:36.972+0700: 2629.337: Total time for which application threads were stopped: 0.0000953 seconds, Stopping threads took: 0.0000324 seconds
2020-04-30T00:05:36.973+0700: 2629.338: Total time for which application threads were stopped: 0.0001011 seconds, Stopping threads took: 0.0000268 seconds
2020-04-30T00:05:36.973+0700: 2629.338: Total time for which application threads were stopped: 0.0001585 seconds, Stopping threads took: 0.0000549 seconds
2020-04-30T00:05:36.985+0700: 2629.350: Total time for which application threads were stopped: 0.0001221 seconds, Stopping threads took: 0.0000326 seconds
2020-04-30T00:05:36.986+0700: 2629.351: Total time for which application threads were stopped: 0.0001028 seconds, Stopping threads took: 0.0000352 seconds
2020-04-30T00:05:36.986+0700: 2629.352: Total time for which application threads were stopped: 0.0000717 seconds, Stopping threads took: 0.0000094 seconds
2020-04-30T00:05:37.019+0700: 2629.384: Total time for which application threads were stopped: 0.0001536 seconds, Stopping threads took: 0.0000374 seconds
2020-04-30T00:05:37.979+0700: 2630.344: Total time for which application threads were stopped: 0.0003047 seconds, Stopping threads took: 0.0000197 seconds
2020-04-30T00:05:37.981+0700: 2630.346: Total time for which application threads were stopped: 0.0001018 seconds, Stopping threads took: 0.0000169 seconds
2020-04-30T00:05:37.981+0700: 2630.346: Total time for which application threads were stopped: 0.0001330 seconds, Stopping threads took: 0.0000735 seconds
2020-04-30T00:05:37.981+0700: 2630.346: Total time for which application threads were stopped: 0.0000764 seconds, Stopping threads took: 0.0000213 seconds
2020-04-30T00:05:37.981+0700: 2630.347: Total time for which application threads were stopped: 0.0000616 seconds, Stopping threads took: 0.0000103 seconds
2020-04-30T00:05:37.982+0700: 2630.347: Total time for which application threads were stopped: 0.0000639 seconds, Stopping threads took: 0.0000096 seconds
2020-04-30T00:05:37.982+0700: 2630.347: Total time for which application threads were stopped: 0.0000964 seconds, Stopping threads took: 0.0000487 seconds
2020-04-30T00:05:37.982+0700: 2630.347: Total time for which application threads were stopped: 0.0000503 seconds, Stopping threads took: 0.0000067 seconds
2020-04-30T00:05:37.982+0700: 2630.347: Total time for which application threads were stopped: 0.0000571 seconds, Stopping threads took: 0.0000070 seconds
2020-04-30T00:05:37.982+0700: 2630.347: Total time for which application threads were stopped: 0.0000500 seconds, Stopping threads took: 0.0000068 seconds
2020-04-30T00:05:37.982+0700: 2630.347: Total time for which application threads were stopped: 0.0000491 seconds, Stopping threads took: 0.0000065 seconds
2020-04-30T00:05:37.982+0700: 2630.347: Total time for which application threads were stopped: 0.0000674 seconds, Stopping threads took: 0.0000115 seconds
2020-04-30T00:05:37.982+0700: 2630.347: Total time for which application threads were stopped: 0.0000493 seconds, Stopping threads took: 0.0000065 seconds
2020-04-30T00:05:37.982+0700: 2630.347: Total time for which application threads were stopped: 0.0000493 seconds, Stopping threads took: 0.0000065 seconds
2020-04-30T00:05:37.983+0700: 2630.348: Total time for which application threads were stopped: 0.0000473 seconds, Stopping threads took: 0.0000064 seconds
2020-04-30T00:05:37.985+0700: 2630.350: Total time for which application threads were stopped: 0.0000609 seconds, Stopping threads took: 0.0000094 seconds
2020-04-30T00:05:37.989+0700: 2630.354: Total time for which application threads were stopped: 0.0001038 seconds, Stopping threads took: 0.0000290 seconds
2020-04-30T00:05:37.989+0700: 2630.354: Total time for which application threads were stopped: 0.0000873 seconds, Stopping threads took: 0.0000170 seconds
2020-04-30T00:05:37.989+0700: 2630.354: Total time for which application threads were stopped: 0.0000650 seconds, Stopping threads took: 0.0000163 seconds
2020-04-30T00:05:37.990+0700: 2630.355: Total time for which application threads were stopped: 0.0000586 seconds, Stopping threads took: 0.0000147 seconds
2020-04-30T00:05:37.990+0700: 2630.355: Total time for which application threads were stopped: 0.0000715 seconds, Stopping threads took: 0.0000159 seconds
2020-04-30T00:05:37.991+0700: 2630.356: Total time for which application threads were stopped: 0.0000836 seconds, Stopping threads took: 0.0000086 seconds
2020-04-30T00:05:37.991+0700: 2630.356: Total time for which application threads were stopped: 0.0000860 seconds, Stopping threads took: 0.0000169 seconds
2020-04-30T00:05:37.991+0700: 2630.356: Total time for which application threads were stopped: 0.0001580 seconds, Stopping threads took: 0.0000157 seconds
2020-04-30T00:05:39.287+0700: 2631.652: Total time for which application threads were stopped: 0.0001268 seconds, Stopping threads took: 0.0000176 seconds
2020-04-30T00:05:39.291+0700: 2631.656: Total time for which application threads were stopped: 0.0001189 seconds, Stopping threads took: 0.0000298 seconds
2020-04-30T00:05:39.291+0700: 2631.656: Total time for which application threads were stopped: 0.0000674 seconds, Stopping threads took: 0.0000080 seconds
2020-04-30T00:05:39.292+0700: 2631.657: Total time for which application threads were stopped: 0.0001696 seconds, Stopping threads took: 0.0000109 seconds
2020-04-30T00:05:39.292+0700: 2631.657: Total time for which application threads were stopped: 0.0000796 seconds, Stopping threads took: 0.0000220 seconds
2020-04-30T00:05:39.292+0700: 2631.657: Total time for which application threads were stopped: 0.0000776 seconds, Stopping threads took: 0.0000206 seconds
2020-04-30T00:05:40.023+0700: 2632.388: Total time for which application threads were stopped: 0.0001246 seconds, Stopping threads took: 0.0000214 seconds
2020-04-30T00:05:40.029+0700: 2632.394: Total time for which application threads were stopped: 0.0001111 seconds, Stopping threads took: 0.0000264 seconds
2020-04-30T00:05:40.029+0700: 2632.394: Total time for which application threads were stopped: 0.0000784 seconds, Stopping threads took: 0.0000181 seconds
2020-04-30T00:05:40.029+0700: 2632.394: Total time for which application threads were stopped: 0.0000864 seconds, Stopping threads took: 0.0000354 seconds
2020-04-30T00:05:40.029+0700: 2632.394: Total time for which application threads were stopped: 0.0000703 seconds, Stopping threads took: 0.0000218 seconds
2020-04-30T00:05:40.029+0700: 2632.394: Total time for which application threads were stopped: 0.0000611 seconds, Stopping threads took: 0.0000115 seconds
2020-04-30T00:05:41.019+0700: 2633.383: Total time for which application threads were stopped: 0.0001448 seconds, Stopping threads took: 0.0000388 seconds
2020-04-30T00:05:41.024+0700: 2633.389: Total time for which application threads were stopped: 0.0000900 seconds, Stopping threads took: 0.0000144 seconds
2020-04-30T00:05:41.024+0700: 2633.389: Total time for which application threads were stopped: 0.0000739 seconds, Stopping threads took: 0.0000095 seconds
2020-04-30T00:05:41.024+0700: 2633.389: Total time for which application threads were stopped: 0.0000818 seconds, Stopping threads took: 0.0000223 seconds
2020-04-30T00:05:41.024+0700: 2633.389: Total time for which application threads were stopped: 0.0000617 seconds, Stopping threads took: 0.0000100 seconds
2020-04-30T00:05:41.024+0700: 2633.389: Total time for which application threads were stopped: 0.0000921 seconds, Stopping threads took: 0.0000321 seconds
2020-04-30T00:05:41.744+0700: 2634.109: Total time for which application threads were stopped: 0.0001367 seconds, Stopping threads took: 0.0000301 seconds
2020-04-30T00:05:41.750+0700: 2634.115: Total time for which application threads were stopped: 0.0001031 seconds, Stopping threads took: 0.0000233 seconds
2020-04-30T00:05:41.750+0700: 2634.115: Total time for which application threads were stopped: 0.0000964 seconds, Stopping threads took: 0.0000268 seconds
2020-04-30T00:05:41.750+0700: 2634.115: Total time for which application threads were stopped: 0.0000848 seconds, Stopping threads took: 0.0000255 seconds
2020-04-30T00:05:41.750+0700: 2634.115: Total time for which application threads were stopped: 0.0000789 seconds, Stopping threads took: 0.0000237 seconds
2020-04-30T00:05:41.750+0700: 2634.115: Total time for which application threads were stopped: 0.0000972 seconds, Stopping threads took: 0.0000379 seconds
2020-04-30T00:05:42.751+0700: 2635.116: Total time for which application threads were stopped: 0.0001226 seconds, Stopping threads took: 0.0000373 seconds
2020-04-30T00:05:43.153+0700: 2635.518: Total time for which application threads were stopped: 0.0001312 seconds, Stopping threads took: 0.0000316 seconds
2020-04-30T00:05:43.158+0700: 2635.523: Total time for which application threads were stopped: 0.0000952 seconds, Stopping threads took: 0.0000233 seconds
2020-04-30T00:05:43.159+0700: 2635.524: Total time for which application threads were stopped: 0.0000826 seconds, Stopping threads took: 0.0000186 seconds
2020-04-30T00:05:43.159+0700: 2635.524: Total time for which application threads were stopped: 0.0000633 seconds, Stopping threads took: 0.0000165 seconds
2020-04-30T00:05:43.159+0700: 2635.524: Total time for which application threads were stopped: 0.0000617 seconds, Stopping threads took: 0.0000150 seconds
2020-04-30T00:05:43.159+0700: 2635.524: Total time for which application threads were stopped: 0.0001011 seconds, Stopping threads took: 0.0000404 seconds
2020-04-30T00:05:44.305+0700: 2636.670: Total time for which application threads were stopped: 0.0001459 seconds, Stopping threads took: 0.0000184 seconds
2020-04-30T00:05:44.311+0700: 2636.676: Total time for which application threads were stopped: 0.0001042 seconds, Stopping threads took: 0.0000258 seconds
2020-04-30T00:05:44.312+0700: 2636.676: Total time for which application threads were stopped: 0.0001181 seconds, Stopping threads took: 0.0000270 seconds
2020-04-30T00:05:44.312+0700: 2636.677: Total time for which application threads were stopped: 0.0001093 seconds, Stopping threads took: 0.0000202 seconds
2020-04-30T00:05:44.312+0700: 2636.677: Total time for which application threads were stopped: 0.0000764 seconds, Stopping threads took: 0.0000222 seconds
2020-04-30T00:05:44.312+0700: 2636.677: Total time for which application threads were stopped: 0.0000960 seconds, Stopping threads took: 0.0000328 seconds
2020-04-30T00:05:46.089+0700: 2638.454: Total time for which application threads were stopped: 0.0001258 seconds, Stopping threads took: 0.0000178 seconds
2020-04-30T00:05:46.096+0700: 2638.461: Total time for which application threads were stopped: 0.0000993 seconds, Stopping threads took: 0.0000228 seconds
2020-04-30T00:05:46.096+0700: 2638.461: Total time for which application threads were stopped: 0.0000847 seconds, Stopping threads took: 0.0000186 seconds
2020-04-30T00:05:46.096+0700: 2638.461: Total time for which application threads were stopped: 0.0000746 seconds, Stopping threads took: 0.0000178 seconds
2020-04-30T00:05:46.096+0700: 2638.461: Total time for which application threads were stopped: 0.0000991 seconds, Stopping threads took: 0.0000318 seconds
2020-04-30T00:05:46.096+0700: 2638.461: Total time for which application threads were stopped: 0.0001527 seconds, Stopping threads took: 0.0000938 seconds
2020-04-30T00:05:48.025+0700: 2640.390: Total time for which application threads were stopped: 0.0001438 seconds, Stopping threads took: 0.0000325 seconds
2020-04-30T00:05:48.032+0700: 2640.397: Total time for which application threads were stopped: 0.0001992 seconds, Stopping threads took: 0.0000493 seconds
2020-04-30T00:05:48.033+0700: 2640.398: Total time for which application threads were stopped: 0.0002211 seconds, Stopping threads took: 0.0000823 seconds
2020-04-30T00:05:48.035+0700: 2640.399: Total time for which application threads were stopped: 0.0001936 seconds, Stopping threads took: 0.0000482 seconds
2020-04-30T00:05:48.036+0700: 2640.401: Total time for which application threads were stopped: 0.0001979 seconds, Stopping threads took: 0.0000687 seconds
2020-04-30T00:05:48.036+0700: 2640.401: Total time for which application threads were stopped: 0.0001418 seconds, Stopping threads took: 0.0000534 seconds
2020-04-30T00:05:48.036+0700: 2640.401: Total time for which application threads were stopped: 0.0001246 seconds, Stopping threads took: 0.0000434 seconds
2020-04-30T00:05:48.036+0700: 2640.401: Total time for which application threads were stopped: 0.0000970 seconds, Stopping threads took: 0.0000250 seconds
2020-04-30T00:05:48.036+0700: 2640.401: Total time for which application threads were stopped: 0.0001391 seconds, Stopping threads took: 0.0000548 seconds
2020-04-30T00:05:49.038+0700: 2641.403: Total time for which application threads were stopped: 0.0001715 seconds, Stopping threads took: 0.0000422 seconds
2020-04-30T00:05:49.535+0700: 2641.900: Total time for which application threads were stopped: 0.0001336 seconds, Stopping threads took: 0.0000213 seconds
2020-04-30T00:05:49.536+0700: 2641.900: Total time for which application threads were stopped: 0.0000793 seconds, Stopping threads took: 0.0000131 seconds
2020-04-30T00:05:49.536+0700: 2641.901: Total time for which application threads were stopped: 0.0002287 seconds, Stopping threads took: 0.0000208 seconds
2020-04-30T00:05:49.538+0700: 2641.902: Total time for which application threads were stopped: 0.0000928 seconds, Stopping threads took: 0.0000145 seconds
2020-04-30T00:05:49.541+0700: 2641.906: Total time for which application threads were stopped: 0.0000871 seconds, Stopping threads took: 0.0000145 seconds
2020-04-30T00:05:49.545+0700: 2641.909: Total time for which application threads were stopped: 0.0001131 seconds, Stopping threads took: 0.0000260 seconds
2020-04-30T00:05:49.545+0700: 2641.909: Total time for which application threads were stopped: 0.0000827 seconds, Stopping threads took: 0.0000196 seconds
2020-04-30T00:05:49.545+0700: 2641.910: Total time for which application threads were stopped: 0.0000632 seconds, Stopping threads took: 0.0000154 seconds
2020-04-30T00:05:49.545+0700: 2641.910: Total time for which application threads were stopped: 0.0000750 seconds, Stopping threads took: 0.0000147 seconds
2020-04-30T00:05:49.545+0700: 2641.910: Total time for which application threads were stopped: 0.0000896 seconds, Stopping threads took: 0.0000342 seconds
2020-04-30T00:05:49.546+0700: 2641.911: Total time for which application threads were stopped: 0.0000921 seconds, Stopping threads took: 0.0000097 seconds
2020-04-30T00:05:49.546+0700: 2641.911: Total time for which application threads were stopped: 0.0000723 seconds, Stopping threads took: 0.0000069 seconds
2020-04-30T00:05:49.547+0700: 2641.911: Total time for which application threads were stopped: 0.0000662 seconds, Stopping threads took: 0.0000070 seconds
2020-04-30T00:05:49.547+0700: 2641.912: Total time for which application threads were stopped: 0.0000859 seconds, Stopping threads took: 0.0000105 seconds
2020-04-30T00:05:49.547+0700: 2641.912: Total time for which application threads were stopped: 0.0000835 seconds, Stopping threads took: 0.0000161 seconds
2020-04-30T00:05:49.547+0700: 2641.912: Total time for which application threads were stopped: 0.0000765 seconds, Stopping threads took: 0.0000153 seconds
2020-04-30T00:05:49.547+0700: 2641.912: Total time for which application threads were stopped: 0.0000752 seconds, Stopping threads took: 0.0000155 seconds
2020-04-30T00:05:49.548+0700: 2641.912: Total time for which application threads were stopped: 0.0000571 seconds, Stopping threads took: 0.0000152 seconds
2020-04-30T00:05:50.298+0700: 2642.663: Total time for which application threads were stopped: 0.0001606 seconds, Stopping threads took: 0.0000248 seconds
2020-04-30T00:05:50.303+0700: 2642.668: Total time for which application threads were stopped: 0.0001214 seconds, Stopping threads took: 0.0000383 seconds
2020-04-30T00:05:50.303+0700: 2642.668: Total time for which application threads were stopped: 0.0000875 seconds, Stopping threads took: 0.0000224 seconds
2020-04-30T00:05:50.303+0700: 2642.668: Total time for which application threads were stopped: 0.0000804 seconds, Stopping threads took: 0.0000232 seconds
2020-04-30T00:05:50.303+0700: 2642.668: Total time for which application threads were stopped: 0.0001009 seconds, Stopping threads took: 0.0000367 seconds
2020-04-30T00:05:50.303+0700: 2642.668: Total time for which application threads were stopped: 0.0000965 seconds, Stopping threads took: 0.0000296 seconds
2020-04-30T00:05:51.307+0700: 2643.672: Total time for which application threads were stopped: 0.0001153 seconds, Stopping threads took: 0.0000239 seconds
2020-04-30T00:05:51.835+0700: 2644.200: Total time for which application threads were stopped: 0.0001276 seconds, Stopping threads took: 0.0000201 seconds
2020-04-30T00:05:51.844+0700: 2644.209: Total time for which application threads were stopped: 0.0001528 seconds, Stopping threads took: 0.0000362 seconds
2020-04-30T00:05:51.844+0700: 2644.209: Total time for which application threads were stopped: 0.0001174 seconds, Stopping threads took: 0.0000461 seconds
2020-04-30T00:05:51.845+0700: 2644.209: Total time for which application threads were stopped: 0.0001465 seconds, Stopping threads took: 0.0000255 seconds
2020-04-30T00:05:51.845+0700: 2644.209: Total time for which application threads were stopped: 0.0001309 seconds, Stopping threads took: 0.0000460 seconds
2020-04-30T00:05:51.845+0700: 2644.210: Total time for which application threads were stopped: 0.0000975 seconds, Stopping threads took: 0.0000200 seconds
2020-04-30T00:05:58.248+0700: 2650.613: Total time for which application threads were stopped: 0.0001561 seconds, Stopping threads took: 0.0000233 seconds
2020-04-30T00:05:58.253+0700: 2650.617: Total time for which application threads were stopped: 0.0002126 seconds, Stopping threads took: 0.0000148 seconds
2020-04-30T00:05:58.254+0700: 2650.618: Total time for which application threads were stopped: 0.0000860 seconds, Stopping threads took: 0.0000136 seconds
2020-04-30T00:05:58.254+0700: 2650.619: Total time for which application threads were stopped: 0.0000848 seconds, Stopping threads took: 0.0000246 seconds
2020-04-30T00:05:58.254+0700: 2650.619: Total time for which application threads were stopped: 0.0000809 seconds, Stopping threads took: 0.0000257 seconds
2020-04-30T00:05:58.254+0700: 2650.619: Total time for which application threads were stopped: 0.0000742 seconds, Stopping threads took: 0.0000213 seconds
2020-04-30T00:05:58.254+0700: 2650.619: Total time for which application threads were stopped: 0.0000887 seconds, Stopping threads took: 0.0000308 seconds
2020-04-30T00:05:59.590+0700: 2651.955: Total time for which application threads were stopped: 0.0002345 seconds, Stopping threads took: 0.0000536 seconds
2020-04-30T00:05:59.597+0700: 2651.962: Total time for which application threads were stopped: 0.0001208 seconds, Stopping threads took: 0.0000315 seconds
2020-04-30T00:05:59.597+0700: 2651.962: Total time for which application threads were stopped: 0.0000955 seconds, Stopping threads took: 0.0000212 seconds
2020-04-30T00:05:59.597+0700: 2651.962: Total time for which application threads were stopped: 0.0000731 seconds, Stopping threads took: 0.0000182 seconds
2020-04-30T00:05:59.597+0700: 2651.962: Total time for which application threads were stopped: 0.0000694 seconds, Stopping threads took: 0.0000189 seconds
2020-04-30T00:05:59.598+0700: 2651.962: Total time for which application threads were stopped: 0.0000982 seconds, Stopping threads took: 0.0000254 seconds
2020-04-30T00:06:00.944+0700: 2653.309: Total time for which application threads were stopped: 0.0001199 seconds, Stopping threads took: 0.0000190 seconds
2020-04-30T00:06:00.950+0700: 2653.315: Total time for which application threads were stopped: 0.0001090 seconds, Stopping threads took: 0.0000291 seconds
2020-04-30T00:06:00.951+0700: 2653.315: Total time for which application threads were stopped: 0.0000927 seconds, Stopping threads took: 0.0000197 seconds
2020-04-30T00:06:00.951+0700: 2653.315: Total time for which application threads were stopped: 0.0000730 seconds, Stopping threads took: 0.0000210 seconds
2020-04-30T00:06:00.951+0700: 2653.315: Total time for which application threads were stopped: 0.0000713 seconds, Stopping threads took: 0.0000229 seconds
2020-04-30T00:06:00.951+0700: 2653.315: Total time for which application threads were stopped: 0.0000770 seconds, Stopping threads took: 0.0000208 seconds
2020-04-30T00:06:02.278+0700: 2654.642: Total time for which application threads were stopped: 0.0004975 seconds, Stopping threads took: 0.0001041 seconds
2020-04-30T00:06:02.286+0700: 2654.650: Total time for which application threads were stopped: 0.0002723 seconds, Stopping threads took: 0.0000521 seconds
2020-04-30T00:06:02.286+0700: 2654.651: Total time for which application threads were stopped: 0.0000848 seconds, Stopping threads took: 0.0000214 seconds
2020-04-30T00:06:02.286+0700: 2654.651: Total time for which application threads were stopped: 0.0000996 seconds, Stopping threads took: 0.0000319 seconds
2020-04-30T00:06:02.286+0700: 2654.651: Total time for which application threads were stopped: 0.0002014 seconds, Stopping threads took: 0.0000234 seconds
2020-04-30T00:06:02.287+0700: 2654.651: Total time for which application threads were stopped: 0.0001097 seconds, Stopping threads took: 0.0000301 seconds
2020-04-30T00:06:03.288+0700: 2655.652: Total time for which application threads were stopped: 0.0001043 seconds, Stopping threads took: 0.0000205 seconds
2020-04-30T00:06:04.739+0700: 2657.104: Total time for which application threads were stopped: 0.0001385 seconds, Stopping threads took: 0.0000218 seconds
2020-04-30T00:06:04.746+0700: 2657.111: Total time for which application threads were stopped: 0.0001210 seconds, Stopping threads took: 0.0000205 seconds
2020-04-30T00:06:04.746+0700: 2657.111: Total time for which application threads were stopped: 0.0001260 seconds, Stopping threads took: 0.0000521 seconds
2020-04-30T00:06:04.747+0700: 2657.111: Total time for which application threads were stopped: 0.0000940 seconds, Stopping threads took: 0.0000278 seconds
2020-04-30T00:06:04.747+0700: 2657.111: Total time for which application threads were stopped: 0.0000868 seconds, Stopping threads took: 0.0000273 seconds
2020-04-30T00:06:04.747+0700: 2657.111: Total time for which application threads were stopped: 0.0000887 seconds, Stopping threads took: 0.0000236 seconds
2020-04-30T00:06:05.749+0700: 2658.114: Total time for which application threads were stopped: 0.0001059 seconds, Stopping threads took: 0.0000224 seconds
2020-04-30T00:06:06.149+0700: 2658.514: Total time for which application threads were stopped: 0.0001864 seconds, Stopping threads took: 0.0000172 seconds
2020-04-30T00:06:06.155+0700: 2658.519: Total time for which application threads were stopped: 0.0001293 seconds, Stopping threads took: 0.0000259 seconds
2020-04-30T00:06:06.155+0700: 2658.519: Total time for which application threads were stopped: 0.0001050 seconds, Stopping threads took: 0.0000301 seconds
2020-04-30T00:06:06.156+0700: 2658.520: Total time for which application threads were stopped: 0.0001339 seconds, Stopping threads took: 0.0000338 seconds
2020-04-30T00:06:06.157+0700: 2658.521: Total time for which application threads were stopped: 0.0001409 seconds, Stopping threads took: 0.0000387 seconds
2020-04-30T00:06:06.157+0700: 2658.521: Total time for which application threads were stopped: 0.0001059 seconds, Stopping threads took: 0.0000385 seconds
2020-04-30T00:06:06.157+0700: 2658.521: Total time for which application threads were stopped: 0.0000766 seconds, Stopping threads took: 0.0000280 seconds
2020-04-30T00:06:06.157+0700: 2658.521: Total time for which application threads were stopped: 0.0000800 seconds, Stopping threads took: 0.0000241 seconds
2020-04-30T00:06:06.157+0700: 2658.522: Total time for which application threads were stopped: 0.0001088 seconds, Stopping threads took: 0.0000427 seconds
2020-04-30T00:06:07.162+0700: 2659.527: Total time for which application threads were stopped: 0.0002090 seconds, Stopping threads took: 0.0000424 seconds
2020-04-30T00:06:08.014+0700: 2660.379: Total time for which application threads were stopped: 0.0001231 seconds, Stopping threads took: 0.0000198 seconds
2020-04-30T00:06:08.015+0700: 2660.380: Total time for which application threads were stopped: 0.0002204 seconds, Stopping threads took: 0.0000138 seconds
2020-04-30T00:06:08.015+0700: 2660.380: Total time for which application threads were stopped: 0.0000670 seconds, Stopping threads took: 0.0000100 seconds
2020-04-30T00:06:08.015+0700: 2660.380: Total time for which application threads were stopped: 0.0000549 seconds, Stopping threads took: 0.0000072 seconds
2020-04-30T00:06:08.016+0700: 2660.380: Total time for which application threads were stopped: 0.0000626 seconds, Stopping threads took: 0.0000089 seconds
2020-04-30T00:06:08.016+0700: 2660.380: Total time for which application threads were stopped: 0.0000537 seconds, Stopping threads took: 0.0000071 seconds
2020-04-30T00:06:08.016+0700: 2660.380: Total time for which application threads were stopped: 0.0000517 seconds, Stopping threads took: 0.0000069 seconds
2020-04-30T00:06:08.016+0700: 2660.380: Total time for which application threads were stopped: 0.0000520 seconds, Stopping threads took: 0.0000067 seconds
2020-04-30T00:06:08.016+0700: 2660.380: Total time for which application threads were stopped: 0.0000816 seconds, Stopping threads took: 0.0000067 seconds
2020-04-30T00:06:08.016+0700: 2660.380: Total time for which application threads were stopped: 0.0000555 seconds, Stopping threads took: 0.0000075 seconds
2020-04-30T00:06:08.016+0700: 2660.381: Total time for which application threads were stopped: 0.0000507 seconds, Stopping threads took: 0.0000065 seconds
2020-04-30T00:06:08.016+0700: 2660.381: Total time for which application threads were stopped: 0.0000513 seconds, Stopping threads took: 0.0000069 seconds
2020-04-30T00:06:08.016+0700: 2660.381: Total time for which application threads were stopped: 0.0000501 seconds, Stopping threads took: 0.0000066 seconds
2020-04-30T00:06:08.016+0700: 2660.381: Total time for which application threads were stopped: 0.0000519 seconds, Stopping threads took: 0.0000068 seconds
2020-04-30T00:06:08.017+0700: 2660.381: Total time for which application threads were stopped: 0.0000508 seconds, Stopping threads took: 0.0000070 seconds
2020-04-30T00:06:08.019+0700: 2660.383: Total time for which application threads were stopped: 0.0000847 seconds, Stopping threads took: 0.0000132 seconds
2020-04-30T00:06:08.019+0700: 2660.383: Total time for which application threads were stopped: 0.0000789 seconds, Stopping threads took: 0.0000114 seconds
2020-04-30T00:06:08.021+0700: 2660.385: Total time for which application threads were stopped: 0.0001352 seconds, Stopping threads took: 0.0000229 seconds
2020-04-30T00:06:08.022+0700: 2660.386: Total time for which application threads were stopped: 0.0000924 seconds, Stopping threads took: 0.0000151 seconds
2020-04-30T00:06:08.026+0700: 2660.391: Total time for which application threads were stopped: 0.0001301 seconds, Stopping threads took: 0.0000459 seconds
2020-04-30T00:06:08.027+0700: 2660.391: Total time for which application threads were stopped: 0.0002042 seconds, Stopping threads took: 0.0000350 seconds
2020-04-30T00:06:08.027+0700: 2660.391: Total time for which application threads were stopped: 0.0000857 seconds, Stopping threads took: 0.0000288 seconds
2020-04-30T00:06:08.027+0700: 2660.391: Total time for which application threads were stopped: 0.0000957 seconds, Stopping threads took: 0.0000267 seconds
2020-04-30T00:06:08.027+0700: 2660.392: Total time for which application threads were stopped: 0.0002236 seconds, Stopping threads took: 0.0000264 seconds
2020-04-30T00:06:08.029+0700: 2660.393: Total time for which application threads were stopped: 0.0001128 seconds, Stopping threads took: 0.0000131 seconds
2020-04-30T00:06:08.029+0700: 2660.393: Total time for which application threads were stopped: 0.0000815 seconds, Stopping threads took: 0.0000077 seconds
2020-04-30T00:06:08.029+0700: 2660.393: Total time for which application threads were stopped: 0.0000710 seconds, Stopping threads took: 0.0000072 seconds
2020-04-30T00:06:08.029+0700: 2660.394: Total time for which application threads were stopped: 0.0001029 seconds, Stopping threads took: 0.0000232 seconds
2020-04-30T00:06:08.030+0700: 2660.394: Total time for which application threads were stopped: 0.0000916 seconds, Stopping threads took: 0.0000173 seconds
2020-04-30T00:06:08.030+0700: 2660.394: Total time for which application threads were stopped: 0.0000954 seconds, Stopping threads took: 0.0000200 seconds
2020-04-30T00:06:08.030+0700: 2660.394: Total time for which application threads were stopped: 0.0000800 seconds, Stopping threads took: 0.0000167 seconds
2020-04-30T00:06:08.030+0700: 2660.395: Total time for which application threads were stopped: 0.0000709 seconds, Stopping threads took: 0.0000074 seconds
2020-04-30T00:06:08.030+0700: 2660.395: Total time for which application threads were stopped: 0.0000486 seconds, Stopping threads took: 0.0000070 seconds
2020-04-30T00:06:09.910+0700: 2662.274: Total time for which application threads were stopped: 0.0001395 seconds, Stopping threads took: 0.0000181 seconds
2020-04-30T00:06:09.915+0700: 2662.280: Total time for which application threads were stopped: 0.0001236 seconds, Stopping threads took: 0.0000286 seconds
2020-04-30T00:06:09.916+0700: 2662.280: Total time for which application threads were stopped: 0.0000950 seconds, Stopping threads took: 0.0000251 seconds
2020-04-30T00:06:09.916+0700: 2662.280: Total time for which application threads were stopped: 0.0000918 seconds, Stopping threads took: 0.0000250 seconds
2020-04-30T00:06:09.916+0700: 2662.280: Total time for which application threads were stopped: 0.0000946 seconds, Stopping threads took: 0.0000250 seconds
2020-04-30T00:06:10.920+0700: 2663.284: Total time for which application threads were stopped: 0.0001389 seconds, Stopping threads took: 0.0000227 seconds
2020-04-30T00:06:17.473+0700: 2669.837: Total time for which application threads were stopped: 0.0001450 seconds, Stopping threads took: 0.0000318 seconds
2020-04-30T00:06:17.473+0700: 2669.837: Total time for which application threads were stopped: 0.0000887 seconds, Stopping threads took: 0.0000121 seconds
2020-04-30T00:06:17.473+0700: 2669.838: Total time for which application threads were stopped: 0.0000975 seconds, Stopping threads took: 0.0000261 seconds
2020-04-30T00:06:17.480+0700: 2669.844: Total time for which application threads were stopped: 0.0001207 seconds, Stopping threads took: 0.0000322 seconds
2020-04-30T00:06:17.480+0700: 2669.844: Total time for which application threads were stopped: 0.0001004 seconds, Stopping threads took: 0.0000278 seconds
2020-04-30T00:06:17.480+0700: 2669.844: Total time for which application threads were stopped: 0.0001014 seconds, Stopping threads took: 0.0000398 seconds
2020-04-30T00:06:17.480+0700: 2669.844: Total time for which application threads were stopped: 0.0000884 seconds, Stopping threads took: 0.0000268 seconds
2020-04-30T00:06:20.428+0700: 2672.792: Total time for which application threads were stopped: 0.0001093 seconds, Stopping threads took: 0.0000169 seconds
2020-04-30T00:06:20.432+0700: 2672.796: Total time for which application threads were stopped: 0.0001285 seconds, Stopping threads took: 0.0000545 seconds
2020-04-30T00:06:20.433+0700: 2672.797: Total time for which application threads were stopped: 0.0001379 seconds, Stopping threads took: 0.0000395 seconds
2020-04-30T00:06:20.433+0700: 2672.797: Total time for which application threads were stopped: 0.0001356 seconds, Stopping threads took: 0.0000447 seconds
2020-04-30T00:06:20.433+0700: 2672.797: Total time for which application threads were stopped: 0.0000626 seconds, Stopping threads took: 0.0000084 seconds
2020-04-30T00:06:21.907+0700: 2674.271: Total time for which application threads were stopped: 0.0001210 seconds, Stopping threads took: 0.0000191 seconds
2020-04-30T00:06:21.912+0700: 2674.276: Total time for which application threads were stopped: 0.0001000 seconds, Stopping threads took: 0.0000264 seconds
2020-04-30T00:06:21.912+0700: 2674.276: Total time for which application threads were stopped: 0.0000829 seconds, Stopping threads took: 0.0000240 seconds
2020-04-30T00:06:21.912+0700: 2674.276: Total time for which application threads were stopped: 0.0000709 seconds, Stopping threads took: 0.0000201 seconds
2020-04-30T00:06:21.912+0700: 2674.276: Total time for which application threads were stopped: 0.0000987 seconds, Stopping threads took: 0.0000428 seconds
2020-04-30T00:06:22.917+0700: 2675.281: Total time for which application threads were stopped: 0.0002010 seconds, Stopping threads took: 0.0000486 seconds
2020-04-30T00:07:03.373+0700: 2715.737: Total time for which application threads were stopped: 0.0001991 seconds, Stopping threads took: 0.0000503 seconds
2020-04-30T00:07:03.382+0700: 2715.745: Total time for which application threads were stopped: 0.0001142 seconds, Stopping threads took: 0.0000159 seconds
2020-04-30T00:07:03.382+0700: 2715.745: Total time for which application threads were stopped: 0.0001126 seconds, Stopping threads took: 0.0000364 seconds
2020-04-30T00:07:03.382+0700: 2715.745: Total time for which application threads were stopped: 0.0000766 seconds, Stopping threads took: 0.0000184 seconds
2020-04-30T00:07:03.382+0700: 2715.746: Total time for which application threads were stopped: 0.0001147 seconds, Stopping threads took: 0.0000403 seconds
2020-04-30T00:07:06.029+0700: 2718.393: Total time for which application threads were stopped: 0.0001219 seconds, Stopping threads took: 0.0000198 seconds
2020-04-30T00:07:06.035+0700: 2718.398: Total time for which application threads were stopped: 0.0001490 seconds, Stopping threads took: 0.0000379 seconds
2020-04-30T00:07:06.035+0700: 2718.399: Total time for which application threads were stopped: 0.0001289 seconds, Stopping threads took: 0.0000216 seconds
2020-04-30T00:07:06.035+0700: 2718.399: Total time for which application threads were stopped: 0.0000720 seconds, Stopping threads took: 0.0000087 seconds
2020-04-30T00:07:06.036+0700: 2718.399: Total time for which application threads were stopped: 0.0000998 seconds, Stopping threads took: 0.0000276 seconds
2020-04-30T00:07:06.036+0700: 2718.399: Total time for which application threads were stopped: 0.0000951 seconds, Stopping threads took: 0.0000091 seconds
2020-04-30T00:07:06.717+0700: 2719.080: Total time for which application threads were stopped: 0.0001535 seconds, Stopping threads took: 0.0000191 seconds
2020-04-30T00:07:06.725+0700: 2719.088: Total time for which application threads were stopped: 0.0001229 seconds, Stopping threads took: 0.0000341 seconds
2020-04-30T00:07:06.725+0700: 2719.089: Total time for which application threads were stopped: 0.0000801 seconds, Stopping threads took: 0.0000123 seconds
2020-04-30T00:07:06.725+0700: 2719.089: Total time for which application threads were stopped: 0.0001070 seconds, Stopping threads took: 0.0000421 seconds
2020-04-30T00:07:06.726+0700: 2719.089: Total time for which application threads were stopped: 0.0000770 seconds, Stopping threads took: 0.0000122 seconds
2020-04-30T00:07:06.726+0700: 2719.089: Total time for which application threads were stopped: 0.0001204 seconds, Stopping threads took: 0.0000446 seconds
2020-04-30T00:07:07.442+0700: 2719.805: Total time for which application threads were stopped: 0.0001305 seconds, Stopping threads took: 0.0000191 seconds
2020-04-30T00:07:07.448+0700: 2719.812: Total time for which application threads were stopped: 0.0001479 seconds, Stopping threads took: 0.0000370 seconds
2020-04-30T00:07:07.449+0700: 2719.812: Total time for which application threads were stopped: 0.0001314 seconds, Stopping threads took: 0.0000556 seconds
2020-04-30T00:07:07.450+0700: 2719.813: Total time for which application threads were stopped: 0.0001649 seconds, Stopping threads took: 0.0000560 seconds
2020-04-30T00:07:07.450+0700: 2719.814: Total time for which application threads were stopped: 0.0001762 seconds, Stopping threads took: 0.0000642 seconds
2020-04-30T00:07:07.451+0700: 2719.814: Total time for which application threads were stopped: 0.0001384 seconds, Stopping threads took: 0.0000411 seconds
2020-04-30T00:07:07.451+0700: 2719.815: Total time for which application threads were stopped: 0.0001499 seconds, Stopping threads took: 0.0000713 seconds
2020-04-30T00:07:07.451+0700: 2719.815: Total time for which application threads were stopped: 0.0001116 seconds, Stopping threads took: 0.0000407 seconds
2020-04-30T00:07:07.452+0700: 2719.815: Total time for which application threads were stopped: 0.0001037 seconds, Stopping threads took: 0.0000399 seconds
2020-04-30T00:07:07.464+0700: 2719.827: Total time for which application threads were stopped: 0.0001224 seconds, Stopping threads took: 0.0000336 seconds
2020-04-30T00:07:07.465+0700: 2719.828: Total time for which application threads were stopped: 0.0001326 seconds, Stopping threads took: 0.0000465 seconds
2020-04-30T00:07:07.465+0700: 2719.828: Total time for which application threads were stopped: 0.0000851 seconds, Stopping threads took: 0.0000131 seconds
2020-04-30T00:07:07.501+0700: 2719.865: Total time for which application threads were stopped: 0.0001440 seconds, Stopping threads took: 0.0000394 seconds
2020-04-30T00:07:08.503+0700: 2720.866: Total time for which application threads were stopped: 0.0002532 seconds, Stopping threads took: 0.0000621 seconds
2020-04-30T00:07:08.946+0700: 2721.309: Total time for which application threads were stopped: 0.0001316 seconds, Stopping threads took: 0.0000197 seconds
2020-04-30T00:07:08.946+0700: 2721.309: Total time for which application threads were stopped: 0.0000629 seconds, Stopping threads took: 0.0000078 seconds
2020-04-30T00:07:08.946+0700: 2721.309: Total time for which application threads were stopped: 0.0000723 seconds, Stopping threads took: 0.0000081 seconds
2020-04-30T00:07:08.946+0700: 2721.309: Total time for which application threads were stopped: 0.0000544 seconds, Stopping threads took: 0.0000075 seconds
2020-04-30T00:07:08.946+0700: 2721.309: Total time for which application threads were stopped: 0.0000525 seconds, Stopping threads took: 0.0000075 seconds
2020-04-30T00:07:08.946+0700: 2721.309: Total time for which application threads were stopped: 0.0000650 seconds, Stopping threads took: 0.0000090 seconds
2020-04-30T00:07:08.946+0700: 2721.309: Total time for which application threads were stopped: 0.0000530 seconds, Stopping threads took: 0.0000075 seconds
2020-04-30T00:07:08.946+0700: 2721.310: Total time for which application threads were stopped: 0.0000560 seconds, Stopping threads took: 0.0000077 seconds
2020-04-30T00:07:08.947+0700: 2721.310: Total time for which application threads were stopped: 0.0000518 seconds, Stopping threads took: 0.0000070 seconds
2020-04-30T00:07:08.947+0700: 2721.310: Total time for which application threads were stopped: 0.0000515 seconds, Stopping threads took: 0.0000073 seconds
2020-04-30T00:07:08.947+0700: 2721.310: Total time for which application threads were stopped: 0.0000511 seconds, Stopping threads took: 0.0000068 seconds
2020-04-30T00:07:08.947+0700: 2721.310: Total time for which application threads were stopped: 0.0000507 seconds, Stopping threads took: 0.0000068 seconds
2020-04-30T00:07:08.947+0700: 2721.310: Total time for which application threads were stopped: 0.0000552 seconds, Stopping threads took: 0.0000073 seconds
2020-04-30T00:07:08.947+0700: 2721.310: Total time for which application threads were stopped: 0.0000629 seconds, Stopping threads took: 0.0000091 seconds
2020-04-30T00:07:08.948+0700: 2721.311: Total time for which application threads were stopped: 0.0000753 seconds, Stopping threads took: 0.0000101 seconds
2020-04-30T00:07:08.949+0700: 2721.312: Total time for which application threads were stopped: 0.0000821 seconds, Stopping threads took: 0.0000176 seconds
2020-04-30T00:07:08.950+0700: 2721.313: Total time for which application threads were stopped: 0.0000731 seconds, Stopping threads took: 0.0000106 seconds
2020-04-30T00:07:08.950+0700: 2721.313: Total time for which application threads were stopped: 0.0002117 seconds, Stopping threads took: 0.0000093 seconds
2020-04-30T00:07:08.955+0700: 2721.319: Total time for which application threads were stopped: 0.0001064 seconds, Stopping threads took: 0.0000249 seconds
2020-04-30T00:07:08.956+0700: 2721.319: Total time for which application threads were stopped: 0.0001479 seconds, Stopping threads took: 0.0000528 seconds
2020-04-30T00:07:08.956+0700: 2721.319: Total time for which application threads were stopped: 0.0000608 seconds, Stopping threads took: 0.0000078 seconds
2020-04-30T00:07:08.956+0700: 2721.319: Total time for which application threads were stopped: 0.0000904 seconds, Stopping threads took: 0.0000227 seconds
2020-04-30T00:07:08.957+0700: 2721.320: Total time for which application threads were stopped: 0.0000874 seconds, Stopping threads took: 0.0000097 seconds
2020-04-30T00:07:08.957+0700: 2721.320: Total time for which application threads were stopped: 0.0000678 seconds, Stopping threads took: 0.0000081 seconds
2020-04-30T00:07:08.957+0700: 2721.320: Total time for which application threads were stopped: 0.0000546 seconds, Stopping threads took: 0.0000071 seconds
2020-04-30T00:07:08.957+0700: 2721.321: Total time for which application threads were stopped: 0.0000736 seconds, Stopping threads took: 0.0000064 seconds
2020-04-30T00:07:08.958+0700: 2721.321: Total time for which application threads were stopped: 0.0000718 seconds, Stopping threads took: 0.0000066 seconds
2020-04-30T00:07:08.958+0700: 2721.321: Total time for which application threads were stopped: 0.0000744 seconds, Stopping threads took: 0.0000073 seconds
2020-04-30T00:07:08.958+0700: 2721.321: Total time for which application threads were stopped: 0.0000902 seconds, Stopping threads took: 0.0000107 seconds
2020-04-30T00:07:08.958+0700: 2721.321: Total time for which application threads were stopped: 0.0000670 seconds, Stopping threads took: 0.0000069 seconds
2020-04-30T00:07:08.958+0700: 2721.322: Total time for which application threads were stopped: 0.0000640 seconds, Stopping threads took: 0.0000065 seconds
2020-04-30T00:07:08.958+0700: 2721.322: Total time for which application threads were stopped: 0.0000469 seconds, Stopping threads took: 0.0000063 seconds
2020-04-30T00:07:09.681+0700: 2722.045: Total time for which application threads were stopped: 0.0001436 seconds, Stopping threads took: 0.0000214 seconds
2020-04-30T00:07:09.687+0700: 2722.050: Total time for which application threads were stopped: 0.0001333 seconds, Stopping threads took: 0.0000378 seconds
2020-04-30T00:07:09.687+0700: 2722.050: Total time for which application threads were stopped: 0.0000962 seconds, Stopping threads took: 0.0000230 seconds
2020-04-30T00:07:09.687+0700: 2722.050: Total time for which application threads were stopped: 0.0000901 seconds, Stopping threads took: 0.0000227 seconds
2020-04-30T00:07:09.687+0700: 2722.051: Total time for which application threads were stopped: 0.0000876 seconds, Stopping threads took: 0.0000285 seconds
2020-04-30T00:07:10.781+0700: 2723.144: Total time for which application threads were stopped: 0.0001383 seconds, Stopping threads took: 0.0000196 seconds
2020-04-30T00:07:10.786+0700: 2723.149: Total time for which application threads were stopped: 0.0000885 seconds, Stopping threads took: 0.0000140 seconds
2020-04-30T00:07:10.786+0700: 2723.149: Total time for which application threads were stopped: 0.0000873 seconds, Stopping threads took: 0.0000202 seconds
2020-04-30T00:07:10.786+0700: 2723.149: Total time for which application threads were stopped: 0.0000797 seconds, Stopping threads took: 0.0000082 seconds
2020-04-30T00:07:10.786+0700: 2723.149: Total time for which application threads were stopped: 0.0001579 seconds, Stopping threads took: 0.0000530 seconds
2020-04-30T00:07:10.786+0700: 2723.150: Total time for which application threads were stopped: 0.0001602 seconds, Stopping threads took: 0.0000504 seconds
2020-04-30T00:07:17.693+0700: 2730.056: Total time for which application threads were stopped: 0.0001125 seconds, Stopping threads took: 0.0000178 seconds
2020-04-30T00:07:17.698+0700: 2730.061: Total time for which application threads were stopped: 0.0001207 seconds, Stopping threads took: 0.0000318 seconds
2020-04-30T00:07:17.698+0700: 2730.061: Total time for which application threads were stopped: 0.0000728 seconds, Stopping threads took: 0.0000086 seconds
2020-04-30T00:07:17.698+0700: 2730.061: Total time for which application threads were stopped: 0.0000581 seconds, Stopping threads took: 0.0000131 seconds
2020-04-30T00:07:17.698+0700: 2730.061: Total time for which application threads were stopped: 0.0001276 seconds, Stopping threads took: 0.0000643 seconds
2020-04-30T00:07:17.698+0700: 2730.061: Total time for which application threads were stopped: 0.0000722 seconds, Stopping threads took: 0.0000208 seconds
2020-04-30T00:07:19.640+0700: 2732.003: Total time for which application threads were stopped: 0.0002069 seconds, Stopping threads took: 0.0000360 seconds
2020-04-30T00:07:19.646+0700: 2732.009: Total time for which application threads were stopped: 0.0001083 seconds, Stopping threads took: 0.0000257 seconds
2020-04-30T00:07:19.646+0700: 2732.009: Total time for which application threads were stopped: 0.0000848 seconds, Stopping threads took: 0.0000238 seconds
2020-04-30T00:07:19.646+0700: 2732.009: Total time for which application threads were stopped: 0.0001207 seconds, Stopping threads took: 0.0000305 seconds
2020-04-30T00:07:19.646+0700: 2732.009: Total time for which application threads were stopped: 0.0001077 seconds, Stopping threads took: 0.0000402 seconds
2020-04-30T00:07:19.646+0700: 2732.009: Total time for which application threads were stopped: 0.0000992 seconds, Stopping threads took: 0.0000228 seconds
2020-04-30T00:07:20.605+0700: 2732.968: Total time for which application threads were stopped: 0.0002046 seconds, Stopping threads took: 0.0000210 seconds
{Heap before GC invocations=13 (full 0):
 garbage-first heap   total 524288K, used 360064K [0x00000007a0000000, 0x00000007a0101000, 0x00000007c0000000)
  region size 1024K, 307 young (314368K), 17 survivors (17408K)
 Metaspace       used 52137K, capacity 54374K, committed 54600K, reserved 1097728K
  class space    used 6182K, capacity 6634K, committed 6732K, reserved 1048576K
2020-04-30T00:07:20.608+0700: 2732.971: [GC pause (G1 Evacuation Pause) (young)
Desired survivor size 20447232 bytes, new threshold 15 (max 15)
- age   1:    4399064 bytes,    4399064 total
- age   2:     640816 bytes,    5039880 total
- age   3:    5273120 bytes,   10313000 total
, 0.0076651 secs]
   [Parallel Time: 5.0 ms, GC Workers: 8]
      [GC Worker Start (ms): Min: 2732970.8, Avg: 2732970.9, Max: 2732970.9, Diff: 0.1]
      [Ext Root Scanning (ms): Min: 0.3, Avg: 0.5, Max: 1.3, Diff: 1.0, Sum: 4.3]
      [Update RS (ms): Min: 0.0, Avg: 0.3, Max: 0.5, Diff: 0.5, Sum: 2.6]
         [Processed Buffers: Min: 0, Avg: 2.8, Max: 11, Diff: 11, Sum: 22]
      [Scan RS (ms): Min: 0.0, Avg: 0.0, Max: 0.1, Diff: 0.0, Sum: 0.3]
      [Code Root Scanning (ms): Min: 0.0, Avg: 0.5, Max: 0.9, Diff: 0.9, Sum: 3.9]
      [Object Copy (ms): Min: 3.0, Avg: 3.4, Max: 3.9, Diff: 0.9, Sum: 27.2]
      [Termination (ms): Min: 0.0, Avg: 0.0, Max: 0.0, Diff: 0.0, Sum: 0.0]
         [Termination Attempts: Min: 1, Avg: 1.1, Max: 2, Diff: 1, Sum: 9]
      [GC Worker Other (ms): Min: 0.0, Avg: 0.0, Max: 0.1, Diff: 0.1, Sum: 0.3]
      [GC Worker Total (ms): Min: 4.8, Avg: 4.8, Max: 4.9, Diff: 0.1, Sum: 38.6]
      [GC Worker End (ms): Min: 2732975.7, Avg: 2732975.7, Max: 2732975.7, Diff: 0.1]
   [Code Root Fixup: 0.0 ms]
   [Code Root Purge: 0.0 ms]
   [Clear CT: 0.1 ms]
   [Other: 2.5 ms]
      [Choose CSet: 0.0 ms]
      [Ref Proc: 2.0 ms]
      [Ref Enq: 0.1 ms]
      [Redirty Cards: 0.1 ms]
      [Humongous Register: 0.0 ms]
      [Humongous Reclaim: 0.0 ms]
      [Free CSet: 0.2 ms]
   [Eden: 290.0M(290.0M)->0.0B(291.0M) Survivors: 17.0M->16.0M Heap: 351.6M(512.0M)->60.6M(512.0M)]
Heap after GC invocations=14 (full 0):
 garbage-first heap   total 524288K, used 62080K [0x00000007a0000000, 0x00000007a0101000, 0x00000007c0000000)
  region size 1024K, 16 young (16384K), 16 survivors (16384K)
 Metaspace       used 52137K, capacity 54374K, committed 54600K, reserved 1097728K
  class space    used 6182K, capacity 6634K, committed 6732K, reserved 1048576K
}
 [Times: user=0.04 sys=0.00, real=0.01 secs] 
2020-04-30T00:07:20.616+0700: 2732.979: Total time for which application threads were stopped: 0.0079625 seconds, Stopping threads took: 0.0000168 seconds
2020-04-30T00:07:20.620+0700: 2732.983: Total time for which application threads were stopped: 0.0001002 seconds, Stopping threads took: 0.0000160 seconds
2020-04-30T00:07:20.621+0700: 2732.984: Total time for which application threads were stopped: 0.0001022 seconds, Stopping threads took: 0.0000268 seconds
2020-04-30T00:07:20.621+0700: 2732.984: Total time for which application threads were stopped: 0.0001009 seconds, Stopping threads took: 0.0000392 seconds
2020-04-30T00:07:20.621+0700: 2732.984: Total time for which application threads were stopped: 0.0001033 seconds, Stopping threads took: 0.0000343 seconds
2020-04-30T00:07:20.621+0700: 2732.984: Total time for which application threads were stopped: 0.0000847 seconds, Stopping threads took: 0.0000120 seconds
2020-04-30T00:07:22.248+0700: 2734.611: Total time for which application threads were stopped: 0.0001311 seconds, Stopping threads took: 0.0000211 seconds
2020-04-30T00:07:22.254+0700: 2734.617: Total time for which application threads were stopped: 0.0001293 seconds, Stopping threads took: 0.0000320 seconds
2020-04-30T00:07:22.254+0700: 2734.617: Total time for which application threads were stopped: 0.0001075 seconds, Stopping threads took: 0.0000248 seconds
2020-04-30T00:07:22.254+0700: 2734.617: Total time for which application threads were stopped: 0.0000892 seconds, Stopping threads took: 0.0000243 seconds
2020-04-30T00:07:22.255+0700: 2734.617: Total time for which application threads were stopped: 0.0001076 seconds, Stopping threads took: 0.0000222 seconds
2020-04-30T00:07:22.255+0700: 2734.618: Total time for which application threads were stopped: 0.0000995 seconds, Stopping threads took: 0.0000355 seconds
2020-04-30T00:07:23.260+0700: 2735.623: Total time for which application threads were stopped: 0.0001974 seconds, Stopping threads took: 0.0000722 seconds
2020-04-30T00:07:23.267+0700: 2735.630: Total time for which application threads were stopped: 0.0001093 seconds, Stopping threads took: 0.0000285 seconds
2020-04-30T00:07:23.267+0700: 2735.630: Total time for which application threads were stopped: 0.0001189 seconds, Stopping threads took: 0.0000183 seconds
2020-04-30T00:07:23.268+0700: 2735.631: Total time for which application threads were stopped: 0.0001180 seconds, Stopping threads took: 0.0000441 seconds
2020-04-30T00:07:23.268+0700: 2735.631: Total time for which application threads were stopped: 0.0000794 seconds, Stopping threads took: 0.0000237 seconds
2020-04-30T00:07:23.268+0700: 2735.631: Total time for which application threads were stopped: 0.0000640 seconds, Stopping threads took: 0.0000095 seconds
2020-04-30T00:07:24.328+0700: 2736.691: Total time for which application threads were stopped: 0.0001318 seconds, Stopping threads took: 0.0000188 seconds
2020-04-30T00:07:24.334+0700: 2736.697: Total time for which application threads were stopped: 0.0001421 seconds, Stopping threads took: 0.0000271 seconds
2020-04-30T00:07:24.335+0700: 2736.697: Total time for which application threads were stopped: 0.0000854 seconds, Stopping threads took: 0.0000104 seconds
2020-04-30T00:07:24.336+0700: 2736.698: Total time for which application threads were stopped: 0.0001194 seconds, Stopping threads took: 0.0000264 seconds
2020-04-30T00:07:24.336+0700: 2736.699: Total time for which application threads were stopped: 0.0001143 seconds, Stopping threads took: 0.0000338 seconds
2020-04-30T00:07:24.336+0700: 2736.699: Total time for which application threads were stopped: 0.0001208 seconds, Stopping threads took: 0.0000411 seconds
2020-04-30T00:07:24.337+0700: 2736.700: Total time for which application threads were stopped: 0.0002570 seconds, Stopping threads took: 0.0000325 seconds
2020-04-30T00:07:24.337+0700: 2736.700: Total time for which application threads were stopped: 0.0001096 seconds, Stopping threads took: 0.0000400 seconds
2020-04-30T00:07:24.337+0700: 2736.700: Total time for which application threads were stopped: 0.0001219 seconds, Stopping threads took: 0.0000471 seconds
2020-04-30T00:07:25.304+0700: 2737.667: Total time for which application threads were stopped: 0.0001771 seconds, Stopping threads took: 0.0000192 seconds
2020-04-30T00:07:25.304+0700: 2737.667: Total time for which application threads were stopped: 0.0000688 seconds, Stopping threads took: 0.0000094 seconds
2020-04-30T00:07:25.304+0700: 2737.667: Total time for which application threads were stopped: 0.0000656 seconds, Stopping threads took: 0.0000102 seconds
2020-04-30T00:07:25.304+0700: 2737.667: Total time for which application threads were stopped: 0.0000569 seconds, Stopping threads took: 0.0000079 seconds
2020-04-30T00:07:25.304+0700: 2737.667: Total time for which application threads were stopped: 0.0000523 seconds, Stopping threads took: 0.0000071 seconds
2020-04-30T00:07:25.304+0700: 2737.667: Total time for which application threads were stopped: 0.0000518 seconds, Stopping threads took: 0.0000070 seconds
2020-04-30T00:07:25.305+0700: 2737.667: Total time for which application threads were stopped: 0.0000509 seconds, Stopping threads took: 0.0000068 seconds
2020-04-30T00:07:25.305+0700: 2737.668: Total time for which application threads were stopped: 0.0000703 seconds, Stopping threads took: 0.0000216 seconds
2020-04-30T00:07:25.305+0700: 2737.668: Total time for which application threads were stopped: 0.0000782 seconds, Stopping threads took: 0.0000238 seconds
2020-04-30T00:07:25.305+0700: 2737.668: Total time for which application threads were stopped: 0.0000881 seconds, Stopping threads took: 0.0000351 seconds
2020-04-30T00:07:25.305+0700: 2737.668: Total time for which application threads were stopped: 0.0000528 seconds, Stopping threads took: 0.0000069 seconds
2020-04-30T00:07:25.305+0700: 2737.668: Total time for which application threads were stopped: 0.0000495 seconds, Stopping threads took: 0.0000067 seconds
2020-04-30T00:07:25.305+0700: 2737.668: Total time for which application threads were stopped: 0.0000553 seconds, Stopping threads took: 0.0000067 seconds
2020-04-30T00:07:25.305+0700: 2737.668: Total time for which application threads were stopped: 0.0000540 seconds, Stopping threads took: 0.0000076 seconds
2020-04-30T00:07:25.307+0700: 2737.670: Total time for which application threads were stopped: 0.0000732 seconds, Stopping threads took: 0.0000110 seconds
2020-04-30T00:07:25.307+0700: 2737.670: Total time for which application threads were stopped: 0.0000598 seconds, Stopping threads took: 0.0000074 seconds
2020-04-30T00:07:25.309+0700: 2737.672: Total time for which application threads were stopped: 0.0000596 seconds, Stopping threads took: 0.0000082 seconds
2020-04-30T00:07:25.313+0700: 2737.676: Total time for which application threads were stopped: 0.0001253 seconds, Stopping threads took: 0.0000447 seconds
2020-04-30T00:07:25.313+0700: 2737.676: Total time for which application threads were stopped: 0.0000987 seconds, Stopping threads took: 0.0000291 seconds
2020-04-30T00:07:25.313+0700: 2737.676: Total time for which application threads were stopped: 0.0000848 seconds, Stopping threads took: 0.0000284 seconds
2020-04-30T00:07:25.313+0700: 2737.676: Total time for which application threads were stopped: 0.0000800 seconds, Stopping threads took: 0.0000249 seconds
2020-04-30T00:07:25.313+0700: 2737.676: Total time for which application threads were stopped: 0.0000660 seconds, Stopping threads took: 0.0000080 seconds
2020-04-30T00:07:25.315+0700: 2737.678: Total time for which application threads were stopped: 0.0003040 seconds, Stopping threads took: 0.0000178 seconds
2020-04-30T00:07:26.317+0700: 2738.680: Total time for which application threads were stopped: 0.0001290 seconds, Stopping threads took: 0.0000281 seconds
2020-04-30T00:07:27.959+0700: 2740.322: Total time for which application threads were stopped: 0.0001168 seconds, Stopping threads took: 0.0000172 seconds
2020-04-30T00:07:27.963+0700: 2740.325: Total time for which application threads were stopped: 0.0001670 seconds, Stopping threads took: 0.0000555 seconds
2020-04-30T00:07:27.963+0700: 2740.326: Total time for which application threads were stopped: 0.0001612 seconds, Stopping threads took: 0.0000824 seconds
2020-04-30T00:07:27.963+0700: 2740.326: Total time for which application threads were stopped: 0.0000778 seconds, Stopping threads took: 0.0000254 seconds
2020-04-30T00:07:27.963+0700: 2740.326: Total time for which application threads were stopped: 0.0001051 seconds, Stopping threads took: 0.0000360 seconds
2020-04-30T00:07:27.964+0700: 2740.326: Total time for which application threads were stopped: 0.0001770 seconds, Stopping threads took: 0.0000517 seconds
2020-04-30T00:07:28.825+0700: 2741.188: Total time for which application threads were stopped: 0.0001270 seconds, Stopping threads took: 0.0000228 seconds
2020-04-30T00:07:28.825+0700: 2741.188: Total time for which application threads were stopped: 0.0000828 seconds, Stopping threads took: 0.0000092 seconds
2020-04-30T00:07:28.826+0700: 2741.188: Total time for which application threads were stopped: 0.0000722 seconds, Stopping threads took: 0.0000083 seconds
2020-04-30T00:07:29.102+0700: 2741.465: Total time for which application threads were stopped: 0.0001473 seconds, Stopping threads took: 0.0000235 seconds
2020-04-30T00:07:29.102+0700: 2741.465: Total time for which application threads were stopped: 0.0000991 seconds, Stopping threads took: 0.0000136 seconds
2020-04-30T00:07:29.103+0700: 2741.466: Total time for which application threads were stopped: 0.0001755 seconds, Stopping threads took: 0.0000461 seconds
2020-04-30T00:07:29.103+0700: 2741.466: Total time for which application threads were stopped: 0.0001179 seconds, Stopping threads took: 0.0000131 seconds
2020-04-30T00:07:29.104+0700: 2741.466: Total time for which application threads were stopped: 0.0001100 seconds, Stopping threads took: 0.0000204 seconds
2020-04-30T00:07:29.104+0700: 2741.467: Total time for which application threads were stopped: 0.0001105 seconds, Stopping threads took: 0.0000165 seconds
2020-04-30T00:07:29.107+0700: 2741.470: Total time for which application threads were stopped: 0.0002292 seconds, Stopping threads took: 0.0001477 seconds
2020-04-30T00:07:29.107+0700: 2741.470: Total time for which application threads were stopped: 0.0001107 seconds, Stopping threads took: 0.0000337 seconds
2020-04-30T00:07:29.108+0700: 2741.471: Total time for which application threads were stopped: 0.0001901 seconds, Stopping threads took: 0.0000836 seconds
2020-04-30T00:07:29.110+0700: 2741.473: Total time for which application threads were stopped: 0.0004680 seconds, Stopping threads took: 0.0003226 seconds
2020-04-30T00:07:29.110+0700: 2741.473: Total time for which application threads were stopped: 0.0001839 seconds, Stopping threads took: 0.0000570 seconds
2020-04-30T00:07:29.111+0700: 2741.473: Total time for which application threads were stopped: 0.0002031 seconds, Stopping threads took: 0.0000927 seconds
2020-04-30T00:07:29.111+0700: 2741.474: Total time for which application threads were stopped: 0.0001299 seconds, Stopping threads took: 0.0000294 seconds
2020-04-30T00:07:29.111+0700: 2741.474: Total time for which application threads were stopped: 0.0001509 seconds, Stopping threads took: 0.0000491 seconds
2020-04-30T00:07:29.112+0700: 2741.475: Total time for which application threads were stopped: 0.0001368 seconds, Stopping threads took: 0.0000302 seconds
2020-04-30T00:07:29.112+0700: 2741.475: Total time for which application threads were stopped: 0.0001237 seconds, Stopping threads took: 0.0000286 seconds
2020-04-30T00:07:29.113+0700: 2741.475: Total time for which application threads were stopped: 0.0001775 seconds, Stopping threads took: 0.0000651 seconds
2020-04-30T00:07:29.113+0700: 2741.476: Total time for which application threads were stopped: 0.0002451 seconds, Stopping threads took: 0.0001317 seconds
2020-04-30T00:07:29.113+0700: 2741.476: Total time for which application threads were stopped: 0.0001928 seconds, Stopping threads took: 0.0001023 seconds
2020-04-30T00:07:29.114+0700: 2741.477: Total time for which application threads were stopped: 0.0003817 seconds, Stopping threads took: 0.0000496 seconds
2020-04-30T00:07:29.447+0700: 2741.810: Total time for which application threads were stopped: 0.0001671 seconds, Stopping threads took: 0.0000307 seconds
2020-04-30T00:07:29.447+0700: 2741.810: Total time for which application threads were stopped: 0.0001129 seconds, Stopping threads took: 0.0000171 seconds
2020-04-30T00:07:29.448+0700: 2741.811: Total time for which application threads were stopped: 0.0001855 seconds, Stopping threads took: 0.0000150 seconds
2020-04-30T00:07:31.604+0700: 2743.967: Total time for which application threads were stopped: 0.0001081 seconds, Stopping threads took: 0.0000170 seconds
2020-04-30T00:07:31.609+0700: 2743.971: Total time for which application threads were stopped: 0.0001132 seconds, Stopping threads took: 0.0000388 seconds
2020-04-30T00:07:31.609+0700: 2743.972: Total time for which application threads were stopped: 0.0000879 seconds, Stopping threads took: 0.0000166 seconds
2020-04-30T00:07:31.609+0700: 2743.972: Total time for which application threads were stopped: 0.0000787 seconds, Stopping threads took: 0.0000315 seconds
2020-04-30T00:07:31.609+0700: 2743.972: Total time for which application threads were stopped: 0.0000850 seconds, Stopping threads took: 0.0000175 seconds
2020-04-30T00:07:31.609+0700: 2743.972: Total time for which application threads were stopped: 0.0000903 seconds, Stopping threads took: 0.0000250 seconds
2020-04-30T00:07:34.949+0700: 2747.312: Total time for which application threads were stopped: 0.0001134 seconds, Stopping threads took: 0.0000178 seconds
2020-04-30T00:07:34.954+0700: 2747.316: Total time for which application threads were stopped: 0.0000937 seconds, Stopping threads took: 0.0000207 seconds
2020-04-30T00:07:34.954+0700: 2747.316: Total time for which application threads were stopped: 0.0000671 seconds, Stopping threads took: 0.0000091 seconds
2020-04-30T00:07:34.954+0700: 2747.317: Total time for which application threads were stopped: 0.0000869 seconds, Stopping threads took: 0.0000307 seconds
2020-04-30T00:07:34.954+0700: 2747.317: Total time for which application threads were stopped: 0.0000592 seconds, Stopping threads took: 0.0000156 seconds
2020-04-30T00:07:34.954+0700: 2747.317: Total time for which application threads were stopped: 0.0000652 seconds, Stopping threads took: 0.0000086 seconds
2020-04-30T00:07:36.326+0700: 2748.689: Total time for which application threads were stopped: 0.0001265 seconds, Stopping threads took: 0.0000179 seconds
2020-04-30T00:07:36.331+0700: 2748.694: Total time for which application threads were stopped: 0.0002319 seconds, Stopping threads took: 0.0000151 seconds
2020-04-30T00:07:36.332+0700: 2748.695: Total time for which application threads were stopped: 0.0000934 seconds, Stopping threads took: 0.0000233 seconds
2020-04-30T00:07:36.332+0700: 2748.695: Total time for which application threads were stopped: 0.0000879 seconds, Stopping threads took: 0.0000207 seconds
2020-04-30T00:07:36.332+0700: 2748.695: Total time for which application threads were stopped: 0.0000751 seconds, Stopping threads took: 0.0000174 seconds
2020-04-30T00:07:36.332+0700: 2748.695: Total time for which application threads were stopped: 0.0000665 seconds, Stopping threads took: 0.0000156 seconds
2020-04-30T00:07:36.333+0700: 2748.695: Total time for which application threads were stopped: 0.0000836 seconds, Stopping threads took: 0.0000321 seconds
2020-04-30T00:07:39.472+0700: 2751.835: Total time for which application threads were stopped: 0.0001432 seconds, Stopping threads took: 0.0000320 seconds
2020-04-30T00:07:39.479+0700: 2751.842: Total time for which application threads were stopped: 0.0002265 seconds, Stopping threads took: 0.0000181 seconds
2020-04-30T00:07:39.479+0700: 2751.842: Total time for which application threads were stopped: 0.0001063 seconds, Stopping threads took: 0.0000268 seconds
2020-04-30T00:07:39.480+0700: 2751.842: Total time for which application threads were stopped: 0.0002126 seconds, Stopping threads took: 0.0000265 seconds
2020-04-30T00:07:39.480+0700: 2751.843: Total time for which application threads were stopped: 0.0002482 seconds, Stopping threads took: 0.0000447 seconds
2020-04-30T00:07:39.480+0700: 2751.843: Total time for which application threads were stopped: 0.0001235 seconds, Stopping threads took: 0.0000364 seconds
2020-04-30T00:07:40.642+0700: 2753.004: Total time for which application threads were stopped: 0.0003554 seconds, Stopping threads took: 0.0000189 seconds
2020-04-30T00:07:40.647+0700: 2753.010: Total time for which application threads were stopped: 0.0000994 seconds, Stopping threads took: 0.0000237 seconds
2020-04-30T00:07:40.647+0700: 2753.010: Total time for which application threads were stopped: 0.0001904 seconds, Stopping threads took: 0.0000212 seconds
2020-04-30T00:07:40.648+0700: 2753.010: Total time for which application threads were stopped: 0.0000765 seconds, Stopping threads took: 0.0000213 seconds
2020-04-30T00:07:40.648+0700: 2753.010: Total time for which application threads were stopped: 0.0000906 seconds, Stopping threads took: 0.0000281 seconds
2020-04-30T00:07:42.237+0700: 2754.600: Total time for which application threads were stopped: 0.0001246 seconds, Stopping threads took: 0.0000198 seconds
2020-04-30T00:07:42.243+0700: 2754.606: Total time for which application threads were stopped: 0.0001240 seconds, Stopping threads took: 0.0000297 seconds
2020-04-30T00:07:42.243+0700: 2754.606: Total time for which application threads were stopped: 0.0001044 seconds, Stopping threads took: 0.0000325 seconds
2020-04-30T00:07:42.244+0700: 2754.606: Total time for which application threads were stopped: 0.0000666 seconds, Stopping threads took: 0.0000101 seconds
2020-04-30T00:07:42.244+0700: 2754.606: Total time for which application threads were stopped: 0.0001110 seconds, Stopping threads took: 0.0000481 seconds
2020-04-30T00:07:43.646+0700: 2756.008: Total time for which application threads were stopped: 0.0001323 seconds, Stopping threads took: 0.0000205 seconds
2020-04-30T00:07:43.651+0700: 2756.014: Total time for which application threads were stopped: 0.0001282 seconds, Stopping threads took: 0.0000288 seconds
2020-04-30T00:07:43.651+0700: 2756.014: Total time for which application threads were stopped: 0.0001889 seconds, Stopping threads took: 0.0000780 seconds
2020-04-30T00:07:43.653+0700: 2756.015: Total time for which application threads were stopped: 0.0001411 seconds, Stopping threads took: 0.0000290 seconds
2020-04-30T00:07:43.653+0700: 2756.016: Total time for which application threads were stopped: 0.0001208 seconds, Stopping threads took: 0.0000437 seconds
2020-04-30T00:07:43.653+0700: 2756.016: Total time for which application threads were stopped: 0.0000935 seconds, Stopping threads took: 0.0000262 seconds
2020-04-30T00:07:43.654+0700: 2756.016: Total time for which application threads were stopped: 0.0000912 seconds, Stopping threads took: 0.0000321 seconds
2020-04-30T00:07:43.654+0700: 2756.016: Total time for which application threads were stopped: 0.0001065 seconds, Stopping threads took: 0.0000525 seconds
2020-04-30T00:07:44.656+0700: 2757.018: Total time for which application threads were stopped: 0.0001657 seconds, Stopping threads took: 0.0000273 seconds
2020-04-30T00:07:46.949+0700: 2759.312: Total time for which application threads were stopped: 0.0001717 seconds, Stopping threads took: 0.0000341 seconds
2020-04-30T00:07:46.950+0700: 2759.312: Total time for which application threads were stopped: 0.0000899 seconds, Stopping threads took: 0.0000115 seconds
2020-04-30T00:07:46.950+0700: 2759.312: Total time for which application threads were stopped: 0.0000576 seconds, Stopping threads took: 0.0000091 seconds
2020-04-30T00:07:46.950+0700: 2759.312: Total time for which application threads were stopped: 0.0000547 seconds, Stopping threads took: 0.0000084 seconds
2020-04-30T00:07:46.950+0700: 2759.312: Total time for which application threads were stopped: 0.0000516 seconds, Stopping threads took: 0.0000082 seconds
2020-04-30T00:07:46.950+0700: 2759.313: Total time for which application threads were stopped: 0.0000793 seconds, Stopping threads took: 0.0000098 seconds
2020-04-30T00:07:46.950+0700: 2759.313: Total time for which application threads were stopped: 0.0000569 seconds, Stopping threads took: 0.0000082 seconds
2020-04-30T00:07:46.950+0700: 2759.313: Total time for which application threads were stopped: 0.0000480 seconds, Stopping threads took: 0.0000064 seconds
2020-04-30T00:07:46.950+0700: 2759.313: Total time for which application threads were stopped: 0.0000451 seconds, Stopping threads took: 0.0000058 seconds
2020-04-30T00:07:46.951+0700: 2759.313: Total time for which application threads were stopped: 0.0000667 seconds, Stopping threads took: 0.0000158 seconds
2020-04-30T00:07:46.951+0700: 2759.313: Total time for which application threads were stopped: 0.0000606 seconds, Stopping threads took: 0.0000179 seconds
2020-04-30T00:07:46.951+0700: 2759.313: Total time for which application threads were stopped: 0.0000443 seconds, Stopping threads took: 0.0000066 seconds
2020-04-30T00:07:46.951+0700: 2759.313: Total time for which application threads were stopped: 0.0000461 seconds, Stopping threads took: 0.0000060 seconds
2020-04-30T00:07:46.951+0700: 2759.313: Total time for which application threads were stopped: 0.0000538 seconds, Stopping threads took: 0.0000156 seconds
2020-04-30T00:07:46.953+0700: 2759.316: Total time for which application threads were stopped: 0.0000784 seconds, Stopping threads took: 0.0000130 seconds
2020-04-30T00:07:46.953+0700: 2759.316: Total time for which application threads were stopped: 0.0000579 seconds, Stopping threads took: 0.0000074 seconds
2020-04-30T00:07:46.954+0700: 2759.316: Total time for which application threads were stopped: 0.0000598 seconds, Stopping threads took: 0.0000086 seconds
2020-04-30T00:07:46.958+0700: 2759.320: Total time for which application threads were stopped: 0.0001256 seconds, Stopping threads took: 0.0000309 seconds
2020-04-30T00:07:46.958+0700: 2759.320: Total time for which application threads were stopped: 0.0000803 seconds, Stopping threads took: 0.0000179 seconds
2020-04-30T00:07:46.958+0700: 2759.321: Total time for which application threads were stopped: 0.0000517 seconds, Stopping threads took: 0.0000088 seconds
2020-04-30T00:07:46.958+0700: 2759.321: Total time for which application threads were stopped: 0.0000872 seconds, Stopping threads took: 0.0000360 seconds
2020-04-30T00:07:46.960+0700: 2759.322: Total time for which application threads were stopped: 0.0000912 seconds, Stopping threads took: 0.0000122 seconds
2020-04-30T00:07:46.960+0700: 2759.322: Total time for which application threads were stopped: 0.0001191 seconds, Stopping threads took: 0.0000248 seconds
2020-04-30T00:07:46.960+0700: 2759.322: Total time for which application threads were stopped: 0.0000826 seconds, Stopping threads took: 0.0000089 seconds
2020-04-30T00:07:46.960+0700: 2759.323: Total time for which application threads were stopped: 0.0000826 seconds, Stopping threads took: 0.0000086 seconds
2020-04-30T00:07:46.960+0700: 2759.323: Total time for which application threads were stopped: 0.0000729 seconds, Stopping threads took: 0.0000072 seconds
2020-04-30T00:07:46.961+0700: 2759.323: Total time for which application threads were stopped: 0.0000857 seconds, Stopping threads took: 0.0000165 seconds
2020-04-30T00:07:46.961+0700: 2759.323: Total time for which application threads were stopped: 0.0000812 seconds, Stopping threads took: 0.0000098 seconds
2020-04-30T00:07:46.961+0700: 2759.323: Total time for which application threads were stopped: 0.0000604 seconds, Stopping threads took: 0.0000085 seconds
2020-04-30T00:07:47.965+0700: 2760.327: Total time for which application threads were stopped: 0.0002040 seconds, Stopping threads took: 0.0000403 seconds
2020-04-30T00:07:50.283+0700: 2762.646: Total time for which application threads were stopped: 0.0001314 seconds, Stopping threads took: 0.0000194 seconds
2020-04-30T00:07:50.288+0700: 2762.650: Total time for which application threads were stopped: 0.0001351 seconds, Stopping threads took: 0.0000348 seconds
2020-04-30T00:07:50.288+0700: 2762.651: Total time for which application threads were stopped: 0.0000968 seconds, Stopping threads took: 0.0000229 seconds
2020-04-30T00:07:50.288+0700: 2762.651: Total time for which application threads were stopped: 0.0001060 seconds, Stopping threads took: 0.0000365 seconds
2020-04-30T00:07:50.289+0700: 2762.651: Total time for which application threads were stopped: 0.0001021 seconds, Stopping threads took: 0.0000313 seconds
2020-04-30T00:07:51.557+0700: 2763.919: Total time for which application threads were stopped: 0.0001340 seconds, Stopping threads took: 0.0000222 seconds
2020-04-30T00:07:51.562+0700: 2763.924: Total time for which application threads were stopped: 0.0001016 seconds, Stopping threads took: 0.0000165 seconds
2020-04-30T00:07:51.562+0700: 2763.924: Total time for which application threads were stopped: 0.0001236 seconds, Stopping threads took: 0.0000441 seconds
2020-04-30T00:07:51.562+0700: 2763.925: Total time for which application threads were stopped: 0.0000852 seconds, Stopping threads took: 0.0000224 seconds
2020-04-30T00:07:51.562+0700: 2763.925: Total time for which application threads were stopped: 0.0000840 seconds, Stopping threads took: 0.0000116 seconds
2020-04-30T00:07:54.555+0700: 2766.917: Total time for which application threads were stopped: 0.0001329 seconds, Stopping threads took: 0.0000306 seconds
2020-04-30T00:07:54.559+0700: 2766.922: Total time for which application threads were stopped: 0.0001028 seconds, Stopping threads took: 0.0000265 seconds
2020-04-30T00:07:54.560+0700: 2766.922: Total time for which application threads were stopped: 0.0000910 seconds, Stopping threads took: 0.0000244 seconds
2020-04-30T00:07:54.560+0700: 2766.922: Total time for which application threads were stopped: 0.0000784 seconds, Stopping threads took: 0.0000208 seconds
2020-04-30T00:07:54.560+0700: 2766.922: Total time for which application threads were stopped: 0.0001804 seconds, Stopping threads took: 0.0000197 seconds
2020-04-30T00:07:55.678+0700: 2768.040: Total time for which application threads were stopped: 0.0001488 seconds, Stopping threads took: 0.0000208 seconds
2020-04-30T00:07:55.684+0700: 2768.046: Total time for which application threads were stopped: 0.0001413 seconds, Stopping threads took: 0.0000358 seconds
2020-04-30T00:07:55.684+0700: 2768.046: Total time for which application threads were stopped: 0.0000987 seconds, Stopping threads took: 0.0000295 seconds
2020-04-30T00:07:55.684+0700: 2768.046: Total time for which application threads were stopped: 0.0000833 seconds, Stopping threads took: 0.0000223 seconds
2020-04-30T00:07:57.519+0700: 2769.881: Total time for which application threads were stopped: 0.0001319 seconds, Stopping threads took: 0.0000207 seconds
2020-04-30T00:07:57.525+0700: 2769.887: Total time for which application threads were stopped: 0.0001191 seconds, Stopping threads took: 0.0000280 seconds
2020-04-30T00:07:57.525+0700: 2769.887: Total time for which application threads were stopped: 0.0000926 seconds, Stopping threads took: 0.0000254 seconds
2020-04-30T00:07:57.525+0700: 2769.887: Total time for which application threads were stopped: 0.0001124 seconds, Stopping threads took: 0.0000387 seconds
2020-04-30T00:07:59.030+0700: 2771.392: Total time for which application threads were stopped: 0.0001257 seconds, Stopping threads took: 0.0000174 seconds
2020-04-30T00:07:59.036+0700: 2771.398: Total time for which application threads were stopped: 0.0001162 seconds, Stopping threads took: 0.0000306 seconds
2020-04-30T00:07:59.036+0700: 2771.398: Total time for which application threads were stopped: 0.0000945 seconds, Stopping threads took: 0.0000209 seconds
2020-04-30T00:07:59.036+0700: 2771.398: Total time for which application threads were stopped: 0.0000984 seconds, Stopping threads took: 0.0000321 seconds
2020-04-30T00:08:01.009+0700: 2773.371: Total time for which application threads were stopped: 0.0001373 seconds, Stopping threads took: 0.0000195 seconds
2020-04-30T00:08:01.016+0700: 2773.378: Total time for which application threads were stopped: 0.0001449 seconds, Stopping threads took: 0.0000300 seconds
2020-04-30T00:08:01.016+0700: 2773.378: Total time for which application threads were stopped: 0.0000812 seconds, Stopping threads took: 0.0000103 seconds
2020-04-30T00:08:01.016+0700: 2773.378: Total time for which application threads were stopped: 0.0001218 seconds, Stopping threads took: 0.0000205 seconds
2020-04-30T00:08:01.968+0700: 2774.330: Total time for which application threads were stopped: 0.0001707 seconds, Stopping threads took: 0.0000269 seconds
2020-04-30T00:08:01.975+0700: 2774.337: Total time for which application threads were stopped: 0.0001647 seconds, Stopping threads took: 0.0000303 seconds
2020-04-30T00:08:01.975+0700: 2774.337: Total time for which application threads were stopped: 0.0001268 seconds, Stopping threads took: 0.0000437 seconds
2020-04-30T00:08:01.977+0700: 2774.339: Total time for which application threads were stopped: 0.0001554 seconds, Stopping threads took: 0.0000313 seconds
2020-04-30T00:08:01.977+0700: 2774.340: Total time for which application threads were stopped: 0.0001591 seconds, Stopping threads took: 0.0000693 seconds
2020-04-30T00:08:01.978+0700: 2774.340: Total time for which application threads were stopped: 0.0001755 seconds, Stopping threads took: 0.0000522 seconds
2020-04-30T00:08:01.978+0700: 2774.340: Total time for which application threads were stopped: 0.0001466 seconds, Stopping threads took: 0.0000433 seconds
2020-04-30T00:08:02.982+0700: 2775.344: Total time for which application threads were stopped: 0.0001383 seconds, Stopping threads took: 0.0000305 seconds
2020-04-30T00:08:03.602+0700: 2775.964: Total time for which application threads were stopped: 0.0001104 seconds, Stopping threads took: 0.0000170 seconds
2020-04-30T00:08:03.602+0700: 2775.964: Total time for which application threads were stopped: 0.0000621 seconds, Stopping threads took: 0.0000097 seconds
2020-04-30T00:08:03.602+0700: 2775.964: Total time for which application threads were stopped: 0.0000538 seconds, Stopping threads took: 0.0000073 seconds
2020-04-30T00:08:03.602+0700: 2775.964: Total time for which application threads were stopped: 0.0000684 seconds, Stopping threads took: 0.0000073 seconds
2020-04-30T00:08:03.602+0700: 2775.964: Total time for which application threads were stopped: 0.0000635 seconds, Stopping threads took: 0.0000082 seconds
2020-04-30T00:08:03.602+0700: 2775.964: Total time for which application threads were stopped: 0.0000455 seconds, Stopping threads took: 0.0000057 seconds
2020-04-30T00:08:03.602+0700: 2775.965: Total time for which application threads were stopped: 0.0000565 seconds, Stopping threads took: 0.0000091 seconds
2020-04-30T00:08:03.603+0700: 2775.965: Total time for which application threads were stopped: 0.0000472 seconds, Stopping threads took: 0.0000062 seconds
2020-04-30T00:08:03.603+0700: 2775.965: Total time for which application threads were stopped: 0.0001484 seconds, Stopping threads took: 0.0000056 seconds
2020-04-30T00:08:03.604+0700: 2775.966: Total time for which application threads were stopped: 0.0000704 seconds, Stopping threads took: 0.0000106 seconds
2020-04-30T00:08:03.604+0700: 2775.967: Total time for which application threads were stopped: 0.0000598 seconds, Stopping threads took: 0.0000084 seconds
2020-04-30T00:08:03.606+0700: 2775.968: Total time for which application threads were stopped: 0.0000919 seconds, Stopping threads took: 0.0000271 seconds
2020-04-30T00:08:03.609+0700: 2775.971: Total time for which application threads were stopped: 0.0001070 seconds, Stopping threads took: 0.0000294 seconds
2020-04-30T00:08:03.609+0700: 2775.971: Total time for which application threads were stopped: 0.0000783 seconds, Stopping threads took: 0.0000186 seconds
2020-04-30T00:08:03.609+0700: 2775.972: Total time for which application threads were stopped: 0.0000910 seconds, Stopping threads took: 0.0000379 seconds
2020-04-30T00:08:03.611+0700: 2775.973: Total time for which application threads were stopped: 0.0001173 seconds, Stopping threads took: 0.0000206 seconds
2020-04-30T00:08:03.611+0700: 2775.973: Total time for which application threads were stopped: 0.0000836 seconds, Stopping threads took: 0.0000081 seconds
2020-04-30T00:08:03.611+0700: 2775.974: Total time for which application threads were stopped: 0.0000864 seconds, Stopping threads took: 0.0000209 seconds
2020-04-30T00:08:03.612+0700: 2775.974: Total time for which application threads were stopped: 0.0000798 seconds, Stopping threads took: 0.0000098 seconds
2020-04-30T00:08:03.612+0700: 2775.974: Total time for which application threads were stopped: 0.0000867 seconds, Stopping threads took: 0.0000163 seconds
2020-04-30T00:08:03.612+0700: 2775.974: Total time for which application threads were stopped: 0.0000644 seconds, Stopping threads took: 0.0000070 seconds
2020-04-30T00:08:03.612+0700: 2775.974: Total time for which application threads were stopped: 0.0000745 seconds, Stopping threads took: 0.0000160 seconds
2020-04-30T00:08:03.612+0700: 2775.975: Total time for which application threads were stopped: 0.0000839 seconds, Stopping threads took: 0.0000165 seconds
2020-04-30T00:08:03.613+0700: 2775.975: Total time for which application threads were stopped: 0.0000632 seconds, Stopping threads took: 0.0000161 seconds
2020-04-30T00:08:04.616+0700: 2776.978: Total time for which application threads were stopped: 0.0001495 seconds, Stopping threads took: 0.0000541 seconds
2020-04-30T00:08:06.669+0700: 2779.031: Total time for which application threads were stopped: 0.0001274 seconds, Stopping threads took: 0.0000265 seconds
2020-04-30T00:08:06.673+0700: 2779.035: Total time for which application threads were stopped: 0.0001095 seconds, Stopping threads took: 0.0000261 seconds
2020-04-30T00:08:06.674+0700: 2779.036: Total time for which application threads were stopped: 0.0000687 seconds, Stopping threads took: 0.0000095 seconds
2020-04-30T00:08:06.674+0700: 2779.036: Total time for which application threads were stopped: 0.0000709 seconds, Stopping threads took: 0.0000194 seconds
2020-04-30T00:08:08.395+0700: 2780.757: Total time for which application threads were stopped: 0.0001255 seconds, Stopping threads took: 0.0000190 seconds
2020-04-30T00:08:08.399+0700: 2780.761: Total time for which application threads were stopped: 0.0000867 seconds, Stopping threads took: 0.0000134 seconds
2020-04-30T00:08:08.399+0700: 2780.761: Total time for which application threads were stopped: 0.0000902 seconds, Stopping threads took: 0.0000275 seconds
2020-04-30T00:08:08.399+0700: 2780.761: Total time for which application threads were stopped: 0.0000797 seconds, Stopping threads took: 0.0000213 seconds
2020-04-30T00:08:09.130+0700: 2781.492: Total time for which application threads were stopped: 0.0001467 seconds, Stopping threads took: 0.0000250 seconds
2020-04-30T00:08:09.136+0700: 2781.498: Total time for which application threads were stopped: 0.0001088 seconds, Stopping threads took: 0.0000253 seconds
2020-04-30T00:08:09.136+0700: 2781.498: Total time for which application threads were stopped: 0.0001031 seconds, Stopping threads took: 0.0000311 seconds
2020-04-30T00:08:09.136+0700: 2781.498: Total time for which application threads were stopped: 0.0000673 seconds, Stopping threads took: 0.0000155 seconds
2020-04-30T00:08:10.344+0700: 2782.706: Total time for which application threads were stopped: 0.0001489 seconds, Stopping threads took: 0.0000202 seconds
2020-04-30T00:08:10.350+0700: 2782.712: Total time for which application threads were stopped: 0.0001288 seconds, Stopping threads took: 0.0000371 seconds
2020-04-30T00:08:10.350+0700: 2782.712: Total time for which application threads were stopped: 0.0000796 seconds, Stopping threads took: 0.0000125 seconds
2020-04-30T00:08:10.350+0700: 2782.712: Total time for which application threads were stopped: 0.0000938 seconds, Stopping threads took: 0.0000267 seconds
2020-04-30T00:08:11.840+0700: 2784.202: Total time for which application threads were stopped: 0.0001307 seconds, Stopping threads took: 0.0000205 seconds
2020-04-30T00:08:11.847+0700: 2784.209: Total time for which application threads were stopped: 0.0001376 seconds, Stopping threads took: 0.0000353 seconds
2020-04-30T00:08:11.847+0700: 2784.209: Total time for which application threads were stopped: 0.0000816 seconds, Stopping threads took: 0.0000206 seconds
2020-04-30T00:08:11.847+0700: 2784.209: Total time for which application threads were stopped: 0.0001107 seconds, Stopping threads took: 0.0000484 seconds
2020-04-30T00:08:11.847+0700: 2784.209: Total time for which application threads were stopped: 0.0001012 seconds, Stopping threads took: 0.0000342 seconds
2020-04-30T00:08:12.873+0700: 2785.234: Total time for which application threads were stopped: 0.0001781 seconds, Stopping threads took: 0.0000268 seconds
2020-04-30T00:08:12.881+0700: 2785.243: Total time for which application threads were stopped: 0.0001164 seconds, Stopping threads took: 0.0000289 seconds
2020-04-30T00:08:12.881+0700: 2785.243: Total time for which application threads were stopped: 0.0001008 seconds, Stopping threads took: 0.0000186 seconds
2020-04-30T00:08:12.881+0700: 2785.243: Total time for which application threads were stopped: 0.0001119 seconds, Stopping threads took: 0.0000398 seconds
2020-04-30T00:08:12.882+0700: 2785.244: Total time for which application threads were stopped: 0.0000872 seconds, Stopping threads took: 0.0000236 seconds
2020-04-30T00:08:13.886+0700: 2786.248: Total time for which application threads were stopped: 0.0001841 seconds, Stopping threads took: 0.0000451 seconds
2020-04-30T00:08:14.196+0700: 2786.558: Total time for which application threads were stopped: 0.0001205 seconds, Stopping threads took: 0.0000182 seconds
2020-04-30T00:08:14.202+0700: 2786.564: Total time for which application threads were stopped: 0.0001020 seconds, Stopping threads took: 0.0000244 seconds
2020-04-30T00:08:14.202+0700: 2786.564: Total time for which application threads were stopped: 0.0000778 seconds, Stopping threads took: 0.0000204 seconds
2020-04-30T00:08:14.202+0700: 2786.564: Total time for which application threads were stopped: 0.0000914 seconds, Stopping threads took: 0.0000296 seconds
2020-04-30T00:08:14.202+0700: 2786.564: Total time for which application threads were stopped: 0.0000640 seconds, Stopping threads took: 0.0000156 seconds
2020-04-30T00:08:15.203+0700: 2787.565: Total time for which application threads were stopped: 0.0001134 seconds, Stopping threads took: 0.0000206 seconds
2020-04-30T00:08:15.639+0700: 2788.000: Total time for which application threads were stopped: 0.0001924 seconds, Stopping threads took: 0.0000737 seconds
2020-04-30T00:08:15.645+0700: 2788.006: Total time for which application threads were stopped: 0.0001357 seconds, Stopping threads took: 0.0000300 seconds
2020-04-30T00:08:15.645+0700: 2788.007: Total time for which application threads were stopped: 0.0000901 seconds, Stopping threads took: 0.0000218 seconds
2020-04-30T00:08:15.646+0700: 2788.008: Total time for which application threads were stopped: 0.0001303 seconds, Stopping threads took: 0.0000328 seconds
2020-04-30T00:08:15.646+0700: 2788.008: Total time for which application threads were stopped: 0.0001222 seconds, Stopping threads took: 0.0000441 seconds
2020-04-30T00:08:15.646+0700: 2788.008: Total time for which application threads were stopped: 0.0001049 seconds, Stopping threads took: 0.0000361 seconds
2020-04-30T00:08:15.647+0700: 2788.008: Total time for which application threads were stopped: 0.0000894 seconds, Stopping threads took: 0.0000213 seconds
2020-04-30T00:08:15.647+0700: 2788.009: Total time for which application threads were stopped: 0.0001029 seconds, Stopping threads took: 0.0000473 seconds
2020-04-30T00:08:16.651+0700: 2789.013: Total time for which application threads were stopped: 0.0001282 seconds, Stopping threads took: 0.0000280 seconds
2020-04-30T00:08:21.433+0700: 2793.795: Total time for which application threads were stopped: 0.0001261 seconds, Stopping threads took: 0.0000189 seconds
2020-04-30T00:08:21.434+0700: 2793.795: Total time for which application threads were stopped: 0.0000683 seconds, Stopping threads took: 0.0000095 seconds
2020-04-30T00:08:21.434+0700: 2793.795: Total time for which application threads were stopped: 0.0000515 seconds, Stopping threads took: 0.0000065 seconds
2020-04-30T00:08:21.434+0700: 2793.796: Total time for which application threads were stopped: 0.0000542 seconds, Stopping threads took: 0.0000065 seconds
2020-04-30T00:08:21.434+0700: 2793.796: Total time for which application threads were stopped: 0.0000452 seconds, Stopping threads took: 0.0000058 seconds
2020-04-30T00:08:21.434+0700: 2793.796: Total time for which application threads were stopped: 0.0000459 seconds, Stopping threads took: 0.0000057 seconds
2020-04-30T00:08:21.434+0700: 2793.796: Total time for which application threads were stopped: 0.0000439 seconds, Stopping threads took: 0.0000058 seconds
2020-04-30T00:08:21.434+0700: 2793.796: Total time for which application threads were stopped: 0.0000479 seconds, Stopping threads took: 0.0000062 seconds
2020-04-30T00:08:21.434+0700: 2793.796: Total time for which application threads were stopped: 0.0000465 seconds, Stopping threads took: 0.0000062 seconds
2020-04-30T00:08:21.434+0700: 2793.796: Total time for which application threads were stopped: 0.0000443 seconds, Stopping threads took: 0.0000059 seconds
2020-04-30T00:08:21.434+0700: 2793.796: Total time for which application threads were stopped: 0.0000441 seconds, Stopping threads took: 0.0000056 seconds
2020-04-30T00:08:21.434+0700: 2793.796: Total time for which application threads were stopped: 0.0000436 seconds, Stopping threads took: 0.0000053 seconds
2020-04-30T00:08:21.435+0700: 2793.796: Total time for which application threads were stopped: 0.0000461 seconds, Stopping threads took: 0.0000055 seconds
2020-04-30T00:08:21.435+0700: 2793.796: Total time for which application threads were stopped: 0.0000591 seconds, Stopping threads took: 0.0000059 seconds
2020-04-30T00:08:21.436+0700: 2793.798: Total time for which application threads were stopped: 0.0000935 seconds, Stopping threads took: 0.0000119 seconds
2020-04-30T00:08:21.436+0700: 2793.798: Total time for which application threads were stopped: 0.0000653 seconds, Stopping threads took: 0.0000095 seconds
2020-04-30T00:08:21.436+0700: 2793.798: Total time for which application threads were stopped: 0.0000668 seconds, Stopping threads took: 0.0000073 seconds
2020-04-30T00:08:21.442+0700: 2793.804: Total time for which application threads were stopped: 0.0001958 seconds, Stopping threads took: 0.0001087 seconds
2020-04-30T00:08:21.442+0700: 2793.804: Total time for which application threads were stopped: 0.0001094 seconds, Stopping threads took: 0.0000212 seconds
2020-04-30T00:08:21.443+0700: 2793.804: Total time for which application threads were stopped: 0.0000771 seconds, Stopping threads took: 0.0000245 seconds
2020-04-30T00:08:21.443+0700: 2793.805: Total time for which application threads were stopped: 0.0001111 seconds, Stopping threads took: 0.0000465 seconds
2020-04-30T00:08:21.444+0700: 2793.806: Total time for which application threads were stopped: 0.0001539 seconds, Stopping threads took: 0.0000236 seconds
2020-04-30T00:08:21.444+0700: 2793.806: Total time for which application threads were stopped: 0.0001000 seconds, Stopping threads took: 0.0000092 seconds
2020-04-30T00:08:21.444+0700: 2793.806: Total time for which application threads were stopped: 0.0000878 seconds, Stopping threads took: 0.0000088 seconds
2020-04-30T00:08:21.445+0700: 2793.806: Total time for which application threads were stopped: 0.0000681 seconds, Stopping threads took: 0.0000067 seconds
2020-04-30T00:08:21.445+0700: 2793.806: Total time for which application threads were stopped: 0.0000743 seconds, Stopping threads took: 0.0000163 seconds
2020-04-30T00:08:21.445+0700: 2793.807: Total time for which application threads were stopped: 0.0000805 seconds, Stopping threads took: 0.0000080 seconds
2020-04-30T00:08:21.445+0700: 2793.807: Total time for which application threads were stopped: 0.0000673 seconds, Stopping threads took: 0.0000064 seconds
2020-04-30T00:08:21.445+0700: 2793.807: Total time for which application threads were stopped: 0.0000694 seconds, Stopping threads took: 0.0000070 seconds
2020-04-30T00:08:21.445+0700: 2793.807: Total time for which application threads were stopped: 0.0000646 seconds, Stopping threads took: 0.0000058 seconds
2020-04-30T00:08:21.446+0700: 2793.807: Total time for which application threads were stopped: 0.0000435 seconds, Stopping threads took: 0.0000058 seconds
2020-04-30T00:08:22.164+0700: 2794.526: Total time for which application threads were stopped: 0.0001289 seconds, Stopping threads took: 0.0000197 seconds
2020-04-30T00:08:22.169+0700: 2794.531: Total time for which application threads were stopped: 0.0001009 seconds, Stopping threads took: 0.0000160 seconds
2020-04-30T00:08:22.169+0700: 2794.531: Total time for which application threads were stopped: 0.0001134 seconds, Stopping threads took: 0.0000373 seconds
2020-04-30T00:08:22.170+0700: 2794.531: Total time for which application threads were stopped: 0.0001082 seconds, Stopping threads took: 0.0000377 seconds
2020-04-30T00:08:22.170+0700: 2794.532: Total time for which application threads were stopped: 0.0001013 seconds, Stopping threads took: 0.0000297 seconds
2020-04-30T00:08:23.174+0700: 2795.536: Total time for which application threads were stopped: 0.0001282 seconds, Stopping threads took: 0.0000264 seconds
2020-04-30T00:08:24.420+0700: 2796.781: Total time for which application threads were stopped: 0.0001237 seconds, Stopping threads took: 0.0000181 seconds
2020-04-30T00:08:24.425+0700: 2796.787: Total time for which application threads were stopped: 0.0001247 seconds, Stopping threads took: 0.0000389 seconds
2020-04-30T00:08:24.425+0700: 2796.787: Total time for which application threads were stopped: 0.0000846 seconds, Stopping threads took: 0.0000194 seconds
2020-04-30T00:08:24.425+0700: 2796.787: Total time for which application threads were stopped: 0.0000856 seconds, Stopping threads took: 0.0000250 seconds
2020-04-30T00:08:24.426+0700: 2796.787: Total time for which application threads were stopped: 0.0000880 seconds, Stopping threads took: 0.0000250 seconds
2020-04-30T00:09:04.861+0700: 2837.222: Total time for which application threads were stopped: 0.0002093 seconds, Stopping threads took: 0.0000692 seconds
2020-04-30T00:09:04.867+0700: 2837.228: Total time for which application threads were stopped: 0.0001112 seconds, Stopping threads took: 0.0000184 seconds
2020-04-30T00:09:04.867+0700: 2837.228: Total time for which application threads were stopped: 0.0000803 seconds, Stopping threads took: 0.0000098 seconds
2020-04-30T00:09:04.867+0700: 2837.228: Total time for which application threads were stopped: 0.0000789 seconds, Stopping threads took: 0.0000082 seconds
2020-04-30T00:09:04.867+0700: 2837.228: Total time for which application threads were stopped: 0.0001394 seconds, Stopping threads took: 0.0000453 seconds
2020-04-30T00:09:06.979+0700: 2839.340: Total time for which application threads were stopped: 0.0001417 seconds, Stopping threads took: 0.0000204 seconds
2020-04-30T00:09:06.985+0700: 2839.345: Total time for which application threads were stopped: 0.0001147 seconds, Stopping threads took: 0.0000263 seconds
2020-04-30T00:09:06.985+0700: 2839.346: Total time for which application threads were stopped: 0.0000904 seconds, Stopping threads took: 0.0000128 seconds
2020-04-30T00:09:06.985+0700: 2839.346: Total time for which application threads were stopped: 0.0001127 seconds, Stopping threads took: 0.0000397 seconds
2020-04-30T00:09:06.985+0700: 2839.346: Total time for which application threads were stopped: 0.0000958 seconds, Stopping threads took: 0.0000257 seconds
2020-04-30T00:09:09.194+0700: 2841.555: Total time for which application threads were stopped: 0.0001365 seconds, Stopping threads took: 0.0000197 seconds
2020-04-30T00:09:09.200+0700: 2841.561: Total time for which application threads were stopped: 0.0001381 seconds, Stopping threads took: 0.0000428 seconds
2020-04-30T00:09:09.201+0700: 2841.561: Total time for which application threads were stopped: 0.0001072 seconds, Stopping threads took: 0.0000119 seconds
2020-04-30T00:09:09.201+0700: 2841.561: Total time for which application threads were stopped: 0.0000734 seconds, Stopping threads took: 0.0000115 seconds
2020-04-30T00:09:09.201+0700: 2841.562: Total time for which application threads were stopped: 0.0000857 seconds, Stopping threads took: 0.0000223 seconds
2020-04-30T00:09:10.301+0700: 2842.662: Total time for which application threads were stopped: 0.0001364 seconds, Stopping threads took: 0.0000208 seconds
2020-04-30T00:09:10.308+0700: 2842.668: Total time for which application threads were stopped: 0.0001170 seconds, Stopping threads took: 0.0000263 seconds
2020-04-30T00:09:10.308+0700: 2842.669: Total time for which application threads were stopped: 0.0001026 seconds, Stopping threads took: 0.0000264 seconds
2020-04-30T00:09:10.308+0700: 2842.669: Total time for which application threads were stopped: 0.0001170 seconds, Stopping threads took: 0.0000568 seconds
2020-04-30T00:09:10.308+0700: 2842.669: Total time for which application threads were stopped: 0.0001223 seconds, Stopping threads took: 0.0000517 seconds
2020-04-30T00:09:17.992+0700: 2850.353: Total time for which application threads were stopped: 0.0001160 seconds, Stopping threads took: 0.0000178 seconds
2020-04-30T00:09:17.997+0700: 2850.357: Total time for which application threads were stopped: 0.0002234 seconds, Stopping threads took: 0.0000283 seconds
2020-04-30T00:09:17.998+0700: 2850.358: Total time for which application threads were stopped: 0.0001035 seconds, Stopping threads took: 0.0000227 seconds
2020-04-30T00:09:17.998+0700: 2850.358: Total time for which application threads were stopped: 0.0001100 seconds, Stopping threads took: 0.0000483 seconds
2020-04-30T00:09:17.998+0700: 2850.359: Total time for which application threads were stopped: 0.0000836 seconds, Stopping threads took: 0.0000267 seconds
2020-04-30T00:09:17.998+0700: 2850.359: Total time for which application threads were stopped: 0.0000662 seconds, Stopping threads took: 0.0000203 seconds
2020-04-30T00:09:19.397+0700: 2851.758: Total time for which application threads were stopped: 0.0001392 seconds, Stopping threads took: 0.0000210 seconds
2020-04-30T00:09:19.404+0700: 2851.764: Total time for which application threads were stopped: 0.0001487 seconds, Stopping threads took: 0.0000274 seconds
2020-04-30T00:09:19.404+0700: 2851.765: Total time for which application threads were stopped: 0.0001477 seconds, Stopping threads took: 0.0000340 seconds
2020-04-30T00:09:19.404+0700: 2851.765: Total time for which application threads were stopped: 0.0002408 seconds, Stopping threads took: 0.0000476 seconds
2020-04-30T00:09:19.405+0700: 2851.765: Total time for which application threads were stopped: 0.0001051 seconds, Stopping threads took: 0.0000353 seconds
2020-04-30T00:09:19.405+0700: 2851.766: Total time for which application threads were stopped: 0.0000864 seconds, Stopping threads took: 0.0000278 seconds
2020-04-30T00:09:19.405+0700: 2851.766: Total time for which application threads were stopped: 0.0000912 seconds, Stopping threads took: 0.0000360 seconds
2020-04-30T00:09:19.405+0700: 2851.766: Total time for which application threads were stopped: 0.0001009 seconds, Stopping threads took: 0.0000305 seconds
2020-04-30T00:09:19.406+0700: 2851.766: Total time for which application threads were stopped: 0.0001170 seconds, Stopping threads took: 0.0000285 seconds
2020-04-30T00:09:19.419+0700: 2851.780: Total time for which application threads were stopped: 0.0000826 seconds, Stopping threads took: 0.0000156 seconds
2020-04-30T00:09:19.452+0700: 2851.813: Total time for which application threads were stopped: 0.0001958 seconds, Stopping threads took: 0.0000176 seconds
2020-04-30T00:09:20.820+0700: 2853.181: Total time for which application threads were stopped: 0.0001477 seconds, Stopping threads took: 0.0000228 seconds
2020-04-30T00:09:20.820+0700: 2853.181: Total time for which application threads were stopped: 0.0000800 seconds, Stopping threads took: 0.0000120 seconds
2020-04-30T00:09:20.820+0700: 2853.181: Total time for which application threads were stopped: 0.0000593 seconds, Stopping threads took: 0.0000073 seconds
2020-04-30T00:09:20.821+0700: 2853.181: Total time for which application threads were stopped: 0.0000605 seconds, Stopping threads took: 0.0000074 seconds
2020-04-30T00:09:20.821+0700: 2853.181: Total time for which application threads were stopped: 0.0000733 seconds, Stopping threads took: 0.0000115 seconds
2020-04-30T00:09:20.821+0700: 2853.181: Total time for which application threads were stopped: 0.0000565 seconds, Stopping threads took: 0.0000075 seconds
2020-04-30T00:09:20.821+0700: 2853.181: Total time for which application threads were stopped: 0.0000668 seconds, Stopping threads took: 0.0000097 seconds
2020-04-30T00:09:20.821+0700: 2853.182: Total time for which application threads were stopped: 0.0000714 seconds, Stopping threads took: 0.0000105 seconds
2020-04-30T00:09:20.821+0700: 2853.182: Total time for which application threads were stopped: 0.0000655 seconds, Stopping threads took: 0.0000102 seconds
2020-04-30T00:09:20.821+0700: 2853.182: Total time for which application threads were stopped: 0.0000546 seconds, Stopping threads took: 0.0000071 seconds
2020-04-30T00:09:20.821+0700: 2853.182: Total time for which application threads were stopped: 0.0000521 seconds, Stopping threads took: 0.0000068 seconds
2020-04-30T00:09:20.822+0700: 2853.182: Total time for which application threads were stopped: 0.0000668 seconds, Stopping threads took: 0.0000107 seconds
2020-04-30T00:09:20.822+0700: 2853.182: Total time for which application threads were stopped: 0.0000968 seconds, Stopping threads took: 0.0000073 seconds
2020-04-30T00:09:20.822+0700: 2853.182: Total time for which application threads were stopped: 0.0000936 seconds, Stopping threads took: 0.0000112 seconds
2020-04-30T00:09:20.823+0700: 2853.184: Total time for which application threads were stopped: 0.0001300 seconds, Stopping threads took: 0.0000191 seconds
2020-04-30T00:09:20.825+0700: 2853.185: Total time for which application threads were stopped: 0.0000888 seconds, Stopping threads took: 0.0000127 seconds
2020-04-30T00:09:20.825+0700: 2853.185: Total time for which application threads were stopped: 0.0000972 seconds, Stopping threads took: 0.0000112 seconds
2020-04-30T00:09:20.826+0700: 2853.186: Total time for which application threads were stopped: 0.0000823 seconds, Stopping threads took: 0.0000111 seconds
2020-04-30T00:09:20.834+0700: 2853.194: Total time for which application threads were stopped: 0.0001253 seconds, Stopping threads took: 0.0000271 seconds
2020-04-30T00:09:20.834+0700: 2853.194: Total time for which application threads were stopped: 0.0000821 seconds, Stopping threads took: 0.0000186 seconds
2020-04-30T00:09:20.834+0700: 2853.194: Total time for which application threads were stopped: 0.0001298 seconds, Stopping threads took: 0.0000474 seconds
2020-04-30T00:09:20.834+0700: 2853.195: Total time for which application threads were stopped: 0.0000822 seconds, Stopping threads took: 0.0000199 seconds
2020-04-30T00:09:20.835+0700: 2853.196: Total time for which application threads were stopped: 0.0002308 seconds, Stopping threads took: 0.0000151 seconds
2020-04-30T00:09:21.910+0700: 2854.270: Total time for which application threads were stopped: 0.0001300 seconds, Stopping threads took: 0.0000182 seconds
2020-04-30T00:09:21.914+0700: 2854.275: Total time for which application threads were stopped: 0.0001224 seconds, Stopping threads took: 0.0000331 seconds
2020-04-30T00:09:21.914+0700: 2854.275: Total time for which application threads were stopped: 0.0000954 seconds, Stopping threads took: 0.0000241 seconds
2020-04-30T00:09:21.915+0700: 2854.275: Total time for which application threads were stopped: 0.0001119 seconds, Stopping threads took: 0.0000385 seconds
2020-04-30T00:09:21.915+0700: 2854.275: Total time for which application threads were stopped: 0.0001036 seconds, Stopping threads took: 0.0000323 seconds
2020-04-30T00:09:23.187+0700: 2855.547: Total time for which application threads were stopped: 0.0002495 seconds, Stopping threads took: 0.0000278 seconds
2020-04-30T00:09:23.193+0700: 2855.554: Total time for which application threads were stopped: 0.0002877 seconds, Stopping threads took: 0.0000453 seconds
2020-04-30T00:09:23.194+0700: 2855.554: Total time for which application threads were stopped: 0.0001833 seconds, Stopping threads took: 0.0000211 seconds
2020-04-30T00:09:23.194+0700: 2855.554: Total time for which application threads were stopped: 0.0001918 seconds, Stopping threads took: 0.0000226 seconds
2020-04-30T00:09:23.194+0700: 2855.554: Total time for which application threads were stopped: 0.0000933 seconds, Stopping threads took: 0.0000217 seconds
2020-04-30T00:09:25.222+0700: 2857.583: Total time for which application threads were stopped: 0.0001360 seconds, Stopping threads took: 0.0000213 seconds
2020-04-30T00:09:25.228+0700: 2857.588: Total time for which application threads were stopped: 0.0001441 seconds, Stopping threads took: 0.0000544 seconds
2020-04-30T00:09:25.228+0700: 2857.589: Total time for which application threads were stopped: 0.0001155 seconds, Stopping threads took: 0.0000405 seconds
2020-04-30T00:09:25.228+0700: 2857.589: Total time for which application threads were stopped: 0.0001015 seconds, Stopping threads took: 0.0000294 seconds
2020-04-30T00:09:25.228+0700: 2857.589: Total time for which application threads were stopped: 0.0000843 seconds, Stopping threads took: 0.0000109 seconds
2020-04-30T00:09:27.275+0700: 2859.635: Total time for which application threads were stopped: 0.0001145 seconds, Stopping threads took: 0.0000181 seconds
2020-04-30T00:09:27.281+0700: 2859.641: Total time for which application threads were stopped: 0.0001566 seconds, Stopping threads took: 0.0000437 seconds
2020-04-30T00:09:27.281+0700: 2859.641: Total time for which application threads were stopped: 0.0001049 seconds, Stopping threads took: 0.0000255 seconds
2020-04-30T00:09:27.281+0700: 2859.642: Total time for which application threads were stopped: 0.0001238 seconds, Stopping threads took: 0.0000282 seconds
2020-04-30T00:09:27.281+0700: 2859.642: Total time for which application threads were stopped: 0.0001031 seconds, Stopping threads took: 0.0000343 seconds
2020-04-30T00:09:28.022+0700: 2860.382: Total time for which application threads were stopped: 0.0001459 seconds, Stopping threads took: 0.0000179 seconds
2020-04-30T00:09:28.027+0700: 2860.388: Total time for which application threads were stopped: 0.0001318 seconds, Stopping threads took: 0.0000452 seconds
2020-04-30T00:09:28.028+0700: 2860.388: Total time for which application threads were stopped: 0.0000831 seconds, Stopping threads took: 0.0000123 seconds
2020-04-30T00:09:28.028+0700: 2860.388: Total time for which application threads were stopped: 0.0001000 seconds, Stopping threads took: 0.0000280 seconds
2020-04-30T00:09:28.028+0700: 2860.388: Total time for which application threads were stopped: 0.0000831 seconds, Stopping threads took: 0.0000182 seconds
2020-04-30T00:09:29.033+0700: 2861.393: Total time for which application threads were stopped: 0.0001395 seconds, Stopping threads took: 0.0000228 seconds
2020-04-30T00:09:29.671+0700: 2862.031: Total time for which application threads were stopped: 0.0001304 seconds, Stopping threads took: 0.0000221 seconds
2020-04-30T00:09:29.671+0700: 2862.032: Total time for which application threads were stopped: 0.0002072 seconds, Stopping threads took: 0.0000256 seconds
2020-04-30T00:09:29.771+0700: 2862.131: Total time for which application threads were stopped: 0.0001850 seconds, Stopping threads took: 0.0000671 seconds
2020-04-30T00:09:29.771+0700: 2862.131: Total time for which application threads were stopped: 0.0001024 seconds, Stopping threads took: 0.0000208 seconds
2020-04-30T00:09:29.779+0700: 2862.139: Total time for which application threads were stopped: 0.0001712 seconds, Stopping threads took: 0.0000622 seconds
2020-04-30T00:09:29.779+0700: 2862.139: Total time for which application threads were stopped: 0.0001319 seconds, Stopping threads took: 0.0000361 seconds
2020-04-30T00:09:29.779+0700: 2862.140: Total time for which application threads were stopped: 0.0001189 seconds, Stopping threads took: 0.0000138 seconds
2020-04-30T00:09:29.780+0700: 2862.140: Total time for which application threads were stopped: 0.0001126 seconds, Stopping threads took: 0.0000113 seconds
2020-04-30T00:09:30.908+0700: 2863.268: Total time for which application threads were stopped: 0.0001463 seconds, Stopping threads took: 0.0000314 seconds
2020-04-30T00:09:30.915+0700: 2863.275: Total time for which application threads were stopped: 0.0001184 seconds, Stopping threads took: 0.0000162 seconds
2020-04-30T00:09:30.915+0700: 2863.275: Total time for which application threads were stopped: 0.0000945 seconds, Stopping threads took: 0.0000191 seconds
2020-04-30T00:09:30.915+0700: 2863.276: Total time for which application threads were stopped: 0.0001052 seconds, Stopping threads took: 0.0000320 seconds
2020-04-30T00:09:30.915+0700: 2863.276: Total time for which application threads were stopped: 0.0000890 seconds, Stopping threads took: 0.0000274 seconds
2020-04-30T00:09:31.919+0700: 2864.279: Total time for which application threads were stopped: 0.0001683 seconds, Stopping threads took: 0.0000562 seconds
2020-04-30T00:09:33.073+0700: 2865.433: Total time for which application threads were stopped: 0.0001405 seconds, Stopping threads took: 0.0000195 seconds
2020-04-30T00:09:33.078+0700: 2865.439: Total time for which application threads were stopped: 0.0001509 seconds, Stopping threads took: 0.0000374 seconds
2020-04-30T00:09:33.079+0700: 2865.439: Total time for which application threads were stopped: 0.0000996 seconds, Stopping threads took: 0.0000250 seconds
2020-04-30T00:09:33.080+0700: 2865.440: Total time for which application threads were stopped: 0.0001327 seconds, Stopping threads took: 0.0000259 seconds
2020-04-30T00:09:33.080+0700: 2865.441: Total time for which application threads were stopped: 0.0001311 seconds, Stopping threads took: 0.0000393 seconds
2020-04-30T00:09:33.081+0700: 2865.441: Total time for which application threads were stopped: 0.0001424 seconds, Stopping threads took: 0.0000484 seconds
2020-04-30T00:09:33.081+0700: 2865.441: Total time for which application threads were stopped: 0.0001565 seconds, Stopping threads took: 0.0000818 seconds
2020-04-30T00:09:33.081+0700: 2865.441: Total time for which application threads were stopped: 0.0001689 seconds, Stopping threads took: 0.0000837 seconds
{Heap before GC invocations=14 (full 0):
 garbage-first heap   total 524288K, used 360064K [0x00000007a0000000, 0x00000007a0101000, 0x00000007c0000000)
  region size 1024K, 307 young (314368K), 16 survivors (16384K)
 Metaspace       used 52383K, capacity 54634K, committed 54856K, reserved 1097728K
  class space    used 6182K, capacity 6634K, committed 6732K, reserved 1048576K
2020-04-30T00:09:33.105+0700: 2865.466: [GC pause (G1 Evacuation Pause) (young)
Desired survivor size 20447232 bytes, new threshold 15 (max 15)
- age   1:    2467968 bytes,    2467968 total
- age   2:    1198592 bytes,    3666560 total
- age   3:     639480 bytes,    4306040 total
- age   4:    5272416 bytes,    9578456 total
, 0.0072473 secs]
   [Parallel Time: 4.5 ms, GC Workers: 8]
      [GC Worker Start (ms): Min: 2865465.8, Avg: 2865465.9, Max: 2865466.4, Diff: 0.6]
      [Ext Root Scanning (ms): Min: 0.0, Avg: 0.4, Max: 1.1, Diff: 1.1, Sum: 3.2]
      [Update RS (ms): Min: 0.0, Avg: 0.3, Max: 0.6, Diff: 0.6, Sum: 2.5]
         [Processed Buffers: Min: 0, Avg: 2.8, Max: 9, Diff: 9, Sum: 22]
      [Scan RS (ms): Min: 0.0, Avg: 0.0, Max: 0.1, Diff: 0.1, Sum: 0.2]
      [Code Root Scanning (ms): Min: 0.0, Avg: 0.5, Max: 0.9, Diff: 0.9, Sum: 3.8]
      [Object Copy (ms): Min: 2.5, Avg: 2.8, Max: 3.4, Diff: 0.9, Sum: 22.8]
      [Termination (ms): Min: 0.0, Avg: 0.3, Max: 0.3, Diff: 0.3, Sum: 2.3]
         [Termination Attempts: Min: 1, Avg: 1.0, Max: 1, Diff: 0, Sum: 8]
      [GC Worker Other (ms): Min: 0.0, Avg: 0.0, Max: 0.0, Diff: 0.0, Sum: 0.1]
      [GC Worker Total (ms): Min: 3.9, Avg: 4.4, Max: 4.5, Diff: 0.6, Sum: 35.0]
      [GC Worker End (ms): Min: 2865470.1, Avg: 2865470.2, Max: 2865470.3, Diff: 0.1]
   [Code Root Fixup: 0.0 ms]
   [Code Root Purge: 0.0 ms]
   [Clear CT: 0.1 ms]
   [Other: 2.5 ms]
      [Choose CSet: 0.0 ms]
      [Ref Proc: 2.0 ms]
      [Ref Enq: 0.2 ms]
      [Redirty Cards: 0.1 ms]
      [Humongous Register: 0.0 ms]
      [Humongous Reclaim: 0.0 ms]
      [Free CSet: 0.1 ms]
   [Eden: 291.0M(291.0M)->0.0B(290.0M) Survivors: 16.0M->17.0M Heap: 351.6M(512.0M)->61.1M(512.0M)]
Heap after GC invocations=15 (full 0):
 garbage-first heap   total 524288K, used 62592K [0x00000007a0000000, 0x00000007a0101000, 0x00000007c0000000)
  region size 1024K, 17 young (17408K), 17 survivors (17408K)
 Metaspace       used 52383K, capacity 54634K, committed 54856K, reserved 1097728K
  class space    used 6182K, capacity 6634K, committed 6732K, reserved 1048576K
}
 [Times: user=0.04 sys=0.00, real=0.01 secs] 
2020-04-30T00:09:33.113+0700: 2865.473: Total time for which application threads were stopped: 0.0074855 seconds, Stopping threads took: 0.0000161 seconds
2020-04-30T00:09:33.806+0700: 2866.166: Total time for which application threads were stopped: 0.0001689 seconds, Stopping threads took: 0.0000371 seconds
2020-04-30T00:09:33.807+0700: 2866.167: Total time for which application threads were stopped: 0.0001135 seconds, Stopping threads took: 0.0000249 seconds
2020-04-30T00:09:33.807+0700: 2866.167: Total time for which application threads were stopped: 0.0000812 seconds, Stopping threads took: 0.0000202 seconds
2020-04-30T00:09:33.807+0700: 2866.167: Total time for which application threads were stopped: 0.0000779 seconds, Stopping threads took: 0.0000221 seconds
2020-04-30T00:09:33.807+0700: 2866.167: Total time for which application threads were stopped: 0.0000877 seconds, Stopping threads took: 0.0000250 seconds
2020-04-30T00:09:33.807+0700: 2866.168: Total time for which application threads were stopped: 0.0002305 seconds, Stopping threads took: 0.0000255 seconds
2020-04-30T00:09:33.810+0700: 2866.171: Total time for which application threads were stopped: 0.0001129 seconds, Stopping threads took: 0.0000172 seconds
2020-04-30T00:09:33.815+0700: 2866.175: Total time for which application threads were stopped: 0.0001263 seconds, Stopping threads took: 0.0000275 seconds
2020-04-30T00:09:33.815+0700: 2866.176: Total time for which application threads were stopped: 0.0001242 seconds, Stopping threads took: 0.0000279 seconds
2020-04-30T00:09:33.816+0700: 2866.176: Total time for which application threads were stopped: 0.0001661 seconds, Stopping threads took: 0.0000491 seconds
2020-04-30T00:09:33.816+0700: 2866.176: Total time for which application threads were stopped: 0.0001511 seconds, Stopping threads took: 0.0000368 seconds
2020-04-30T00:09:33.818+0700: 2866.178: Total time for which application threads were stopped: 0.0001261 seconds, Stopping threads took: 0.0000177 seconds
2020-04-30T00:09:33.818+0700: 2866.179: Total time for which application threads were stopped: 0.0001205 seconds, Stopping threads took: 0.0000159 seconds
2020-04-30T00:09:33.820+0700: 2866.180: Total time for which application threads were stopped: 0.0000980 seconds, Stopping threads took: 0.0000130 seconds
2020-04-30T00:09:33.823+0700: 2866.183: Total time for which application threads were stopped: 0.0001119 seconds, Stopping threads took: 0.0000156 seconds
2020-04-30T00:09:33.823+0700: 2866.183: Total time for which application threads were stopped: 0.0000912 seconds, Stopping threads took: 0.0000137 seconds
2020-04-30T00:09:33.823+0700: 2866.184: Total time for which application threads were stopped: 0.0001292 seconds, Stopping threads took: 0.0000135 seconds
2020-04-30T00:09:33.824+0700: 2866.184: Total time for which application threads were stopped: 0.0001272 seconds, Stopping threads took: 0.0000127 seconds
2020-04-30T00:09:33.824+0700: 2866.184: Total time for which application threads were stopped: 0.0001015 seconds, Stopping threads took: 0.0000093 seconds
2020-04-30T00:09:34.826+0700: 2867.186: Total time for which application threads were stopped: 0.0001107 seconds, Stopping threads took: 0.0000291 seconds
2020-04-30T00:09:36.278+0700: 2868.638: Total time for which application threads were stopped: 0.0001315 seconds, Stopping threads took: 0.0000193 seconds
2020-04-30T00:09:36.283+0700: 2868.643: Total time for which application threads were stopped: 0.0001117 seconds, Stopping threads took: 0.0000264 seconds
2020-04-30T00:09:36.283+0700: 2868.643: Total time for which application threads were stopped: 0.0000949 seconds, Stopping threads took: 0.0000197 seconds
2020-04-30T00:09:36.283+0700: 2868.643: Total time for which application threads were stopped: 0.0000755 seconds, Stopping threads took: 0.0000168 seconds
2020-04-30T00:09:36.283+0700: 2868.644: Total time for which application threads were stopped: 0.0002072 seconds, Stopping threads took: 0.0000262 seconds
2020-04-30T00:09:37.023+0700: 2869.384: Total time for which application threads were stopped: 0.0001593 seconds, Stopping threads took: 0.0000241 seconds
2020-04-30T00:09:37.030+0700: 2869.390: Total time for which application threads were stopped: 0.0001277 seconds, Stopping threads took: 0.0000385 seconds
2020-04-30T00:09:37.030+0700: 2869.390: Total time for which application threads were stopped: 0.0001042 seconds, Stopping threads took: 0.0000271 seconds
2020-04-30T00:09:37.030+0700: 2869.391: Total time for which application threads were stopped: 0.0001028 seconds, Stopping threads took: 0.0000393 seconds
2020-04-30T00:09:37.031+0700: 2869.391: Total time for which application threads were stopped: 0.0001385 seconds, Stopping threads took: 0.0000323 seconds
2020-04-30T00:09:39.102+0700: 2871.463: Total time for which application threads were stopped: 0.0001762 seconds, Stopping threads took: 0.0000211 seconds
2020-04-30T00:09:39.108+0700: 2871.468: Total time for which application threads were stopped: 0.0001052 seconds, Stopping threads took: 0.0000163 seconds
2020-04-30T00:09:39.108+0700: 2871.468: Total time for which application threads were stopped: 0.0000880 seconds, Stopping threads took: 0.0000118 seconds
2020-04-30T00:09:39.108+0700: 2871.468: Total time for which application threads were stopped: 0.0001044 seconds, Stopping threads took: 0.0000346 seconds
2020-04-30T00:09:39.108+0700: 2871.469: Total time for which application threads were stopped: 0.0001123 seconds, Stopping threads took: 0.0000404 seconds
2020-04-30T00:09:40.950+0700: 2873.310: Total time for which application threads were stopped: 0.0001249 seconds, Stopping threads took: 0.0000201 seconds
2020-04-30T00:09:40.956+0700: 2873.316: Total time for which application threads were stopped: 0.0001079 seconds, Stopping threads took: 0.0000277 seconds
2020-04-30T00:09:40.956+0700: 2873.316: Total time for which application threads were stopped: 0.0001073 seconds, Stopping threads took: 0.0000323 seconds
2020-04-30T00:09:40.956+0700: 2873.316: Total time for which application threads were stopped: 0.0000719 seconds, Stopping threads took: 0.0000198 seconds
2020-04-30T00:09:42.183+0700: 2874.543: Total time for which application threads were stopped: 0.0001710 seconds, Stopping threads took: 0.0000308 seconds
2020-04-30T00:09:42.189+0700: 2874.549: Total time for which application threads were stopped: 0.0001338 seconds, Stopping threads took: 0.0000412 seconds
2020-04-30T00:09:42.189+0700: 2874.549: Total time for which application threads were stopped: 0.0001406 seconds, Stopping threads took: 0.0000466 seconds
2020-04-30T00:09:42.190+0700: 2874.550: Total time for which application threads were stopped: 0.0001892 seconds, Stopping threads took: 0.0001003 seconds
2020-04-30T00:09:43.190+0700: 2875.550: Total time for which application threads were stopped: 0.0001323 seconds, Stopping threads took: 0.0000252 seconds
2020-04-30T00:09:43.965+0700: 2876.325: Total time for which application threads were stopped: 0.0001470 seconds, Stopping threads took: 0.0000208 seconds
2020-04-30T00:09:43.972+0700: 2876.332: Total time for which application threads were stopped: 0.0001211 seconds, Stopping threads took: 0.0000281 seconds
2020-04-30T00:09:43.972+0700: 2876.332: Total time for which application threads were stopped: 0.0001195 seconds, Stopping threads took: 0.0000492 seconds
2020-04-30T00:09:43.972+0700: 2876.332: Total time for which application threads were stopped: 0.0000929 seconds, Stopping threads took: 0.0000390 seconds
2020-04-30T00:09:45.167+0700: 2877.527: Total time for which application threads were stopped: 0.0001409 seconds, Stopping threads took: 0.0000197 seconds
2020-04-30T00:09:45.174+0700: 2877.534: Total time for which application threads were stopped: 0.0001324 seconds, Stopping threads took: 0.0000412 seconds
2020-04-30T00:09:45.174+0700: 2877.534: Total time for which application threads were stopped: 0.0000962 seconds, Stopping threads took: 0.0000215 seconds
2020-04-30T00:09:45.175+0700: 2877.535: Total time for which application threads were stopped: 0.0001052 seconds, Stopping threads took: 0.0000421 seconds
2020-04-30T00:09:46.234+0700: 2878.594: Total time for which application threads were stopped: 0.0001256 seconds, Stopping threads took: 0.0000176 seconds
2020-04-30T00:09:46.239+0700: 2878.599: Total time for which application threads were stopped: 0.0001570 seconds, Stopping threads took: 0.0000273 seconds
2020-04-30T00:09:46.239+0700: 2878.599: Total time for which application threads were stopped: 0.0001235 seconds, Stopping threads took: 0.0000478 seconds
2020-04-30T00:09:46.240+0700: 2878.600: Total time for which application threads were stopped: 0.0001128 seconds, Stopping threads took: 0.0000132 seconds
2020-04-30T00:09:46.240+0700: 2878.600: Total time for which application threads were stopped: 0.0001242 seconds, Stopping threads took: 0.0000342 seconds
2020-04-30T00:09:46.241+0700: 2878.601: Total time for which application threads were stopped: 0.0000971 seconds, Stopping threads took: 0.0000301 seconds
2020-04-30T00:09:46.241+0700: 2878.601: Total time for which application threads were stopped: 0.0001118 seconds, Stopping threads took: 0.0000286 seconds
2020-04-30T00:09:46.241+0700: 2878.601: Total time for which application threads were stopped: 0.0000834 seconds, Stopping threads took: 0.0000293 seconds
2020-04-30T00:09:46.251+0700: 2878.612: Total time for which application threads were stopped: 0.0000982 seconds, Stopping threads took: 0.0000296 seconds
2020-04-30T00:09:46.252+0700: 2878.612: Total time for which application threads were stopped: 0.0000910 seconds, Stopping threads took: 0.0000258 seconds
2020-04-30T00:09:46.253+0700: 2878.613: Total time for which application threads were stopped: 0.0000756 seconds, Stopping threads took: 0.0000215 seconds
2020-04-30T00:09:46.283+0700: 2878.643: Total time for which application threads were stopped: 0.0001340 seconds, Stopping threads took: 0.0000194 seconds
2020-04-30T00:09:47.216+0700: 2879.576: Total time for which application threads were stopped: 0.0001660 seconds, Stopping threads took: 0.0000281 seconds
2020-04-30T00:09:47.216+0700: 2879.576: Total time for which application threads were stopped: 0.0000979 seconds, Stopping threads took: 0.0000276 seconds
2020-04-30T00:09:47.216+0700: 2879.576: Total time for which application threads were stopped: 0.0000620 seconds, Stopping threads took: 0.0000095 seconds
2020-04-30T00:09:47.216+0700: 2879.576: Total time for which application threads were stopped: 0.0000576 seconds, Stopping threads took: 0.0000084 seconds
2020-04-30T00:09:47.216+0700: 2879.576: Total time for which application threads were stopped: 0.0000617 seconds, Stopping threads took: 0.0000095 seconds
2020-04-30T00:09:47.216+0700: 2879.576: Total time for which application threads were stopped: 0.0000613 seconds, Stopping threads took: 0.0000060 seconds
2020-04-30T00:09:47.216+0700: 2879.576: Total time for which application threads were stopped: 0.0000557 seconds, Stopping threads took: 0.0000069 seconds
2020-04-30T00:09:47.217+0700: 2879.577: Total time for which application threads were stopped: 0.0000801 seconds, Stopping threads took: 0.0000100 seconds
2020-04-30T00:09:47.217+0700: 2879.577: Total time for which application threads were stopped: 0.0000774 seconds, Stopping threads took: 0.0000097 seconds
2020-04-30T00:09:47.217+0700: 2879.577: Total time for which application threads were stopped: 0.0000570 seconds, Stopping threads took: 0.0000078 seconds
2020-04-30T00:09:47.217+0700: 2879.577: Total time for which application threads were stopped: 0.0000735 seconds, Stopping threads took: 0.0000265 seconds
2020-04-30T00:09:47.217+0700: 2879.577: Total time for which application threads were stopped: 0.0000546 seconds, Stopping threads took: 0.0000078 seconds
2020-04-30T00:09:47.217+0700: 2879.577: Total time for which application threads were stopped: 0.0000775 seconds, Stopping threads took: 0.0000094 seconds
2020-04-30T00:09:47.217+0700: 2879.577: Total time for which application threads were stopped: 0.0000782 seconds, Stopping threads took: 0.0000095 seconds
2020-04-30T00:09:47.218+0700: 2879.578: Total time for which application threads were stopped: 0.0001204 seconds, Stopping threads took: 0.0000178 seconds
2020-04-30T00:09:47.220+0700: 2879.580: Total time for which application threads were stopped: 0.0001303 seconds, Stopping threads took: 0.0000200 seconds
2020-04-30T00:09:47.222+0700: 2879.582: Total time for which application threads were stopped: 0.0001792 seconds, Stopping threads took: 0.0000156 seconds
2020-04-30T00:09:47.223+0700: 2879.583: Total time for which application threads were stopped: 0.0001192 seconds, Stopping threads took: 0.0000186 seconds
2020-04-30T00:09:47.229+0700: 2879.589: Total time for which application threads were stopped: 0.0001397 seconds, Stopping threads took: 0.0000319 seconds
2020-04-30T00:09:47.229+0700: 2879.589: Total time for which application threads were stopped: 0.0001148 seconds, Stopping threads took: 0.0000244 seconds
2020-04-30T00:09:47.230+0700: 2879.590: Total time for which application threads were stopped: 0.0000934 seconds, Stopping threads took: 0.0000207 seconds
2020-04-30T00:09:47.231+0700: 2879.591: Total time for which application threads were stopped: 0.0001295 seconds, Stopping threads took: 0.0000174 seconds
2020-04-30T00:09:47.231+0700: 2879.591: Total time for which application threads were stopped: 0.0001321 seconds, Stopping threads took: 0.0000108 seconds
2020-04-30T00:09:47.231+0700: 2879.591: Total time for which application threads were stopped: 0.0000947 seconds, Stopping threads took: 0.0000096 seconds
2020-04-30T00:09:47.232+0700: 2879.592: Total time for which application threads were stopped: 0.0001075 seconds, Stopping threads took: 0.0000091 seconds
2020-04-30T00:09:47.232+0700: 2879.592: Total time for which application threads were stopped: 0.0000896 seconds, Stopping threads took: 0.0000081 seconds
2020-04-30T00:09:47.232+0700: 2879.592: Total time for which application threads were stopped: 0.0001039 seconds, Stopping threads took: 0.0000094 seconds
2020-04-30T00:09:47.232+0700: 2879.592: Total time for which application threads were stopped: 0.0000814 seconds, Stopping threads took: 0.0000079 seconds
2020-04-30T00:09:47.233+0700: 2879.593: Total time for which application threads were stopped: 0.0000751 seconds, Stopping threads took: 0.0000078 seconds
2020-04-30T00:09:47.233+0700: 2879.593: Total time for which application threads were stopped: 0.0000706 seconds, Stopping threads took: 0.0000067 seconds
2020-04-30T00:09:47.233+0700: 2879.593: Total time for which application threads were stopped: 0.0000550 seconds, Stopping threads took: 0.0000071 seconds
2020-04-30T00:09:49.111+0700: 2881.471: Total time for which application threads were stopped: 0.0001614 seconds, Stopping threads took: 0.0000277 seconds
2020-04-30T00:09:49.125+0700: 2881.485: Total time for which application threads were stopped: 0.0001169 seconds, Stopping threads took: 0.0000280 seconds
2020-04-30T00:09:49.125+0700: 2881.485: Total time for which application threads were stopped: 0.0000977 seconds, Stopping threads took: 0.0000209 seconds
2020-04-30T00:09:49.125+0700: 2881.485: Total time for which application threads were stopped: 0.0000745 seconds, Stopping threads took: 0.0000161 seconds
2020-04-30T00:09:52.309+0700: 2884.669: Total time for which application threads were stopped: 0.0001450 seconds, Stopping threads took: 0.0000312 seconds
2020-04-30T00:09:52.314+0700: 2884.674: Total time for which application threads were stopped: 0.0001058 seconds, Stopping threads took: 0.0000152 seconds
2020-04-30T00:09:52.314+0700: 2884.674: Total time for which application threads were stopped: 0.0001173 seconds, Stopping threads took: 0.0000347 seconds
2020-04-30T00:09:52.314+0700: 2884.674: Total time for which application threads were stopped: 0.0000832 seconds, Stopping threads took: 0.0000118 seconds
2020-04-30T00:09:53.317+0700: 2885.677: Total time for which application threads were stopped: 0.0001392 seconds, Stopping threads took: 0.0000228 seconds
2020-04-30T00:09:53.773+0700: 2886.133: Total time for which application threads were stopped: 0.0001417 seconds, Stopping threads took: 0.0000213 seconds
2020-04-30T00:09:53.779+0700: 2886.139: Total time for which application threads were stopped: 0.0001161 seconds, Stopping threads took: 0.0000274 seconds
2020-04-30T00:09:53.779+0700: 2886.139: Total time for which application threads were stopped: 0.0000891 seconds, Stopping threads took: 0.0000123 seconds
2020-04-30T00:09:53.779+0700: 2886.139: Total time for which application threads were stopped: 0.0001110 seconds, Stopping threads took: 0.0000434 seconds
2020-04-30T00:09:53.779+0700: 2886.139: Total time for which application threads were stopped: 0.0000909 seconds, Stopping threads took: 0.0000135 seconds
2020-04-30T00:09:56.008+0700: 2888.368: Total time for which application threads were stopped: 0.0001376 seconds, Stopping threads took: 0.0000217 seconds
2020-04-30T00:09:56.015+0700: 2888.375: Total time for which application threads were stopped: 0.0001471 seconds, Stopping threads took: 0.0000337 seconds
2020-04-30T00:09:56.015+0700: 2888.375: Total time for which application threads were stopped: 0.0001044 seconds, Stopping threads took: 0.0000134 seconds
2020-04-30T00:09:56.015+0700: 2888.375: Total time for which application threads were stopped: 0.0001125 seconds, Stopping threads took: 0.0000204 seconds
2020-04-30T00:09:56.016+0700: 2888.376: Total time for which application threads were stopped: 0.0003135 seconds, Stopping threads took: 0.0000803 seconds
2020-04-30T00:09:56.741+0700: 2889.101: Total time for which application threads were stopped: 0.0001460 seconds, Stopping threads took: 0.0000212 seconds
2020-04-30T00:09:56.747+0700: 2889.107: Total time for which application threads were stopped: 0.0001180 seconds, Stopping threads took: 0.0000281 seconds
2020-04-30T00:09:56.747+0700: 2889.107: Total time for which application threads were stopped: 0.0000929 seconds, Stopping threads took: 0.0000118 seconds
2020-04-30T00:09:56.747+0700: 2889.107: Total time for which application threads were stopped: 0.0000873 seconds, Stopping threads took: 0.0000237 seconds
2020-04-30T00:09:56.747+0700: 2889.107: Total time for which application threads were stopped: 0.0001131 seconds, Stopping threads took: 0.0000374 seconds
2020-04-30T00:10:05.963+0700: 2898.323: Total time for which application threads were stopped: 0.0001597 seconds, Stopping threads took: 0.0000231 seconds
2020-04-30T00:10:05.969+0700: 2898.329: Total time for which application threads were stopped: 0.0001217 seconds, Stopping threads took: 0.0000357 seconds
2020-04-30T00:10:05.969+0700: 2898.329: Total time for which application threads were stopped: 0.0000752 seconds, Stopping threads took: 0.0000165 seconds
2020-04-30T00:10:05.969+0700: 2898.329: Total time for which application threads were stopped: 0.0000583 seconds, Stopping threads took: 0.0000124 seconds
2020-04-30T00:10:05.970+0700: 2898.329: Total time for which application threads were stopped: 0.0000686 seconds, Stopping threads took: 0.0000167 seconds
2020-04-30T00:10:06.973+0700: 2899.333: Total time for which application threads were stopped: 0.0001343 seconds, Stopping threads took: 0.0000236 seconds
2020-04-30T00:10:11.787+0700: 2904.146: Total time for which application threads were stopped: 0.0001340 seconds, Stopping threads took: 0.0000196 seconds
2020-04-30T00:10:11.793+0700: 2904.153: Total time for which application threads were stopped: 0.0001150 seconds, Stopping threads took: 0.0000264 seconds
2020-04-30T00:10:11.793+0700: 2904.153: Total time for which application threads were stopped: 0.0001024 seconds, Stopping threads took: 0.0000247 seconds
2020-04-30T00:10:11.794+0700: 2904.153: Total time for which application threads were stopped: 0.0001295 seconds, Stopping threads took: 0.0000527 seconds
2020-04-30T00:10:11.794+0700: 2904.153: Total time for which application threads were stopped: 0.0000985 seconds, Stopping threads took: 0.0000227 seconds
2020-04-30T00:10:13.956+0700: 2906.316: Total time for which application threads were stopped: 0.0001377 seconds, Stopping threads took: 0.0000206 seconds
2020-04-30T00:10:13.963+0700: 2906.322: Total time for which application threads were stopped: 0.0001741 seconds, Stopping threads took: 0.0000362 seconds
2020-04-30T00:10:13.963+0700: 2906.322: Total time for which application threads were stopped: 0.0001002 seconds, Stopping threads took: 0.0000297 seconds
2020-04-30T00:10:13.964+0700: 2906.324: Total time for which application threads were stopped: 0.0002296 seconds, Stopping threads took: 0.0000447 seconds
2020-04-30T00:10:13.965+0700: 2906.324: Total time for which application threads were stopped: 0.0001115 seconds, Stopping threads took: 0.0000325 seconds
2020-04-30T00:10:13.965+0700: 2906.325: Total time for which application threads were stopped: 0.0000950 seconds, Stopping threads took: 0.0000293 seconds
2020-04-30T00:10:13.965+0700: 2906.325: Total time for which application threads were stopped: 0.0001065 seconds, Stopping threads took: 0.0000466 seconds
2020-04-30T00:10:13.965+0700: 2906.325: Total time for which application threads were stopped: 0.0000932 seconds, Stopping threads took: 0.0000329 seconds
2020-04-30T00:10:14.967+0700: 2907.327: Total time for which application threads were stopped: 0.0001627 seconds, Stopping threads took: 0.0000433 seconds
2020-04-30T00:10:15.403+0700: 2907.763: Total time for which application threads were stopped: 0.0001467 seconds, Stopping threads took: 0.0000261 seconds
2020-04-30T00:10:15.411+0700: 2907.770: Total time for which application threads were stopped: 0.0001410 seconds, Stopping threads took: 0.0000183 seconds
2020-04-30T00:10:15.412+0700: 2907.771: Total time for which application threads were stopped: 0.0001984 seconds, Stopping threads took: 0.0000789 seconds
2020-04-30T00:10:15.413+0700: 2907.772: Total time for which application threads were stopped: 0.0004954 seconds, Stopping threads took: 0.0003402 seconds
2020-04-30T00:10:15.414+0700: 2907.774: Total time for which application threads were stopped: 0.0003155 seconds, Stopping threads took: 0.0001853 seconds
2020-04-30T00:10:15.415+0700: 2907.774: Total time for which application threads were stopped: 0.0002208 seconds, Stopping threads took: 0.0000201 seconds
2020-04-30T00:10:15.416+0700: 2907.775: Total time for which application threads were stopped: 0.0001822 seconds, Stopping threads took: 0.0000211 seconds
2020-04-30T00:10:15.416+0700: 2907.775: Total time for which application threads were stopped: 0.0001188 seconds, Stopping threads took: 0.0000166 seconds
2020-04-30T00:10:15.416+0700: 2907.776: Total time for which application threads were stopped: 0.0000995 seconds, Stopping threads took: 0.0000144 seconds
2020-04-30T00:10:15.416+0700: 2907.776: Total time for which application threads were stopped: 0.0000807 seconds, Stopping threads took: 0.0000168 seconds
2020-04-30T00:10:15.416+0700: 2907.776: Total time for which application threads were stopped: 0.0000895 seconds, Stopping threads took: 0.0000098 seconds
2020-04-30T00:10:15.417+0700: 2907.776: Total time for which application threads were stopped: 0.0000995 seconds, Stopping threads took: 0.0000091 seconds
2020-04-30T00:10:15.417+0700: 2907.776: Total time for which application threads were stopped: 0.0000799 seconds, Stopping threads took: 0.0000095 seconds
2020-04-30T00:10:15.417+0700: 2907.776: Total time for which application threads were stopped: 0.0001125 seconds, Stopping threads took: 0.0000151 seconds
2020-04-30T00:10:15.418+0700: 2907.777: Total time for which application threads were stopped: 0.0001923 seconds, Stopping threads took: 0.0000492 seconds
2020-04-30T00:10:15.418+0700: 2907.777: Total time for which application threads were stopped: 0.0002216 seconds, Stopping threads took: 0.0000828 seconds
2020-04-30T00:10:15.418+0700: 2907.777: Total time for which application threads were stopped: 0.0000777 seconds, Stopping threads took: 0.0000099 seconds
2020-04-30T00:10:15.418+0700: 2907.778: Total time for which application threads were stopped: 0.0000481 seconds, Stopping threads took: 0.0000065 seconds
2020-04-30T00:10:15.418+0700: 2907.778: Total time for which application threads were stopped: 0.0000546 seconds, Stopping threads took: 0.0000056 seconds
2020-04-30T00:10:15.418+0700: 2907.778: Total time for which application threads were stopped: 0.0001288 seconds, Stopping threads took: 0.0000523 seconds
2020-04-30T00:10:15.418+0700: 2907.778: Total time for which application threads were stopped: 0.0000652 seconds, Stopping threads took: 0.0000087 seconds
2020-04-30T00:10:15.418+0700: 2907.778: Total time for which application threads were stopped: 0.0000466 seconds, Stopping threads took: 0.0000064 seconds
2020-04-30T00:10:15.419+0700: 2907.778: Total time for which application threads were stopped: 0.0000861 seconds, Stopping threads took: 0.0000461 seconds
2020-04-30T00:10:15.419+0700: 2907.778: Total time for which application threads were stopped: 0.0000479 seconds, Stopping threads took: 0.0000062 seconds
2020-04-30T00:10:15.419+0700: 2907.778: Total time for which application threads were stopped: 0.0000471 seconds, Stopping threads took: 0.0000058 seconds
2020-04-30T00:10:15.419+0700: 2907.778: Total time for which application threads were stopped: 0.0000490 seconds, Stopping threads took: 0.0000062 seconds
2020-04-30T00:10:15.419+0700: 2907.778: Total time for which application threads were stopped: 0.0000471 seconds, Stopping threads took: 0.0000057 seconds
2020-04-30T00:10:15.419+0700: 2907.779: Total time for which application threads were stopped: 0.0001025 seconds, Stopping threads took: 0.0000309 seconds
2020-04-30T00:10:15.419+0700: 2907.779: Total time for which application threads were stopped: 0.0000904 seconds, Stopping threads took: 0.0000292 seconds
2020-04-30T00:10:15.706+0700: 2908.065: Total time for which application threads were stopped: 0.0001287 seconds, Stopping threads took: 0.0000273 seconds
2020-04-30T00:10:15.706+0700: 2908.065: Total time for which application threads were stopped: 0.0000923 seconds, Stopping threads took: 0.0000181 seconds
2020-04-30T00:10:15.707+0700: 2908.066: Total time for which application threads were stopped: 0.0000743 seconds, Stopping threads took: 0.0000105 seconds
2020-04-30T00:10:15.707+0700: 2908.066: Total time for which application threads were stopped: 0.0000958 seconds, Stopping threads took: 0.0000176 seconds
2020-04-30T00:10:15.708+0700: 2908.068: Total time for which application threads were stopped: 0.0000899 seconds, Stopping threads took: 0.0000156 seconds
2020-04-30T00:10:15.709+0700: 2908.069: Total time for which application threads were stopped: 0.0000839 seconds, Stopping threads took: 0.0000135 seconds
2020-04-30T00:10:15.713+0700: 2908.073: Total time for which application threads were stopped: 0.0001104 seconds, Stopping threads took: 0.0000301 seconds
2020-04-30T00:10:15.714+0700: 2908.073: Total time for which application threads were stopped: 0.0000716 seconds, Stopping threads took: 0.0000182 seconds
2020-04-30T00:10:15.714+0700: 2908.073: Total time for which application threads were stopped: 0.0000542 seconds, Stopping threads took: 0.0000143 seconds
2020-04-30T00:10:15.714+0700: 2908.073: Total time for which application threads were stopped: 0.0000603 seconds, Stopping threads took: 0.0000179 seconds
2020-04-30T00:10:15.715+0700: 2908.074: Total time for which application threads were stopped: 0.0001185 seconds, Stopping threads took: 0.0000280 seconds
2020-04-30T00:10:15.715+0700: 2908.074: Total time for which application threads were stopped: 0.0000934 seconds, Stopping threads took: 0.0000125 seconds
2020-04-30T00:10:15.715+0700: 2908.075: Total time for which application threads were stopped: 0.0000720 seconds, Stopping threads took: 0.0000073 seconds
2020-04-30T00:10:15.715+0700: 2908.075: Total time for which application threads were stopped: 0.0000584 seconds, Stopping threads took: 0.0000067 seconds
2020-04-30T00:10:15.716+0700: 2908.075: Total time for which application threads were stopped: 0.0000824 seconds, Stopping threads took: 0.0000058 seconds
2020-04-30T00:10:15.716+0700: 2908.075: Total time for which application threads were stopped: 0.0000646 seconds, Stopping threads took: 0.0000074 seconds
2020-04-30T00:10:15.716+0700: 2908.075: Total time for which application threads were stopped: 0.0000778 seconds, Stopping threads took: 0.0000171 seconds
2020-04-30T00:10:15.716+0700: 2908.076: Total time for which application threads were stopped: 0.0000559 seconds, Stopping threads took: 0.0000066 seconds
2020-04-30T00:10:15.716+0700: 2908.076: Total time for which application threads were stopped: 0.0000593 seconds, Stopping threads took: 0.0000215 seconds
2020-04-30T00:10:16.721+0700: 2909.081: Total time for which application threads were stopped: 0.0001195 seconds, Stopping threads took: 0.0000262 seconds
2020-04-30T00:10:18.181+0700: 2910.541: Total time for which application threads were stopped: 0.0001470 seconds, Stopping threads took: 0.0000224 seconds
2020-04-30T00:10:18.187+0700: 2910.547: Total time for which application threads were stopped: 0.0001669 seconds, Stopping threads took: 0.0000630 seconds
2020-04-30T00:10:18.188+0700: 2910.547: Total time for which application threads were stopped: 0.0001321 seconds, Stopping threads took: 0.0000397 seconds
2020-04-30T00:10:18.188+0700: 2910.547: Total time for which application threads were stopped: 0.0000980 seconds, Stopping threads took: 0.0000242 seconds
2020-04-30T00:10:18.188+0700: 2910.547: Total time for which application threads were stopped: 0.0000964 seconds, Stopping threads took: 0.0000129 seconds
2020-04-30T00:10:20.246+0700: 2912.605: Total time for which application threads were stopped: 0.0001224 seconds, Stopping threads took: 0.0000188 seconds
2020-04-30T00:10:20.250+0700: 2912.609: Total time for which application threads were stopped: 0.0001425 seconds, Stopping threads took: 0.0000496 seconds
2020-04-30T00:10:20.250+0700: 2912.610: Total time for which application threads were stopped: 0.0000874 seconds, Stopping threads took: 0.0000174 seconds
2020-04-30T00:10:20.250+0700: 2912.610: Total time for which application threads were stopped: 0.0000957 seconds, Stopping threads took: 0.0000363 seconds
2020-04-30T00:10:20.251+0700: 2912.610: Total time for which application threads were stopped: 0.0001104 seconds, Stopping threads took: 0.0000479 seconds
2020-04-30T00:10:21.254+0700: 2913.613: Total time for which application threads were stopped: 0.0001251 seconds, Stopping threads took: 0.0000246 seconds
2020-04-30T00:10:21.867+0700: 2914.227: Total time for which application threads were stopped: 0.0001473 seconds, Stopping threads took: 0.0000208 seconds
2020-04-30T00:10:21.874+0700: 2914.233: Total time for which application threads were stopped: 0.0001156 seconds, Stopping threads took: 0.0000175 seconds
2020-04-30T00:10:21.874+0700: 2914.233: Total time for which application threads were stopped: 0.0001136 seconds, Stopping threads took: 0.0000235 seconds
2020-04-30T00:10:21.874+0700: 2914.233: Total time for which application threads were stopped: 0.0001213 seconds, Stopping threads took: 0.0000477 seconds
2020-04-30T00:10:21.874+0700: 2914.234: Total time for which application threads were stopped: 0.0001029 seconds, Stopping threads took: 0.0000135 seconds
2020-04-30T00:10:22.875+0700: 2915.234: Total time for which application threads were stopped: 0.0001219 seconds, Stopping threads took: 0.0000250 seconds
2020-04-30T00:10:24.278+0700: 2916.637: Total time for which application threads were stopped: 0.0001473 seconds, Stopping threads took: 0.0000239 seconds
2020-04-30T00:10:24.284+0700: 2916.643: Total time for which application threads were stopped: 0.0001114 seconds, Stopping threads took: 0.0000249 seconds
2020-04-30T00:10:24.284+0700: 2916.643: Total time for which application threads were stopped: 0.0000926 seconds, Stopping threads took: 0.0000229 seconds
2020-04-30T00:10:24.284+0700: 2916.644: Total time for which application threads were stopped: 0.0002365 seconds, Stopping threads took: 0.0001488 seconds
2020-04-30T00:10:24.284+0700: 2916.644: Total time for which application threads were stopped: 0.0000830 seconds, Stopping threads took: 0.0000130 seconds
2020-04-30T00:10:25.216+0700: 2917.575: Total time for which application threads were stopped: 0.0001327 seconds, Stopping threads took: 0.0000194 seconds
2020-04-30T00:10:25.222+0700: 2917.581: Total time for which application threads were stopped: 0.0003199 seconds, Stopping threads took: 0.0000181 seconds
2020-04-30T00:10:25.223+0700: 2917.582: Total time for which application threads were stopped: 0.0001053 seconds, Stopping threads took: 0.0000153 seconds
2020-04-30T00:10:25.223+0700: 2917.583: Total time for which application threads were stopped: 0.0001038 seconds, Stopping threads took: 0.0000305 seconds
2020-04-30T00:10:25.223+0700: 2917.583: Total time for which application threads were stopped: 0.0000870 seconds, Stopping threads took: 0.0000350 seconds
2020-04-30T00:10:25.224+0700: 2917.583: Total time for which application threads were stopped: 0.0000841 seconds, Stopping threads took: 0.0000246 seconds
2020-04-30T00:10:26.472+0700: 2918.832: Total time for which application threads were stopped: 0.0001402 seconds, Stopping threads took: 0.0000214 seconds
2020-04-30T00:10:26.479+0700: 2918.838: Total time for which application threads were stopped: 0.0001034 seconds, Stopping threads took: 0.0000148 seconds
2020-04-30T00:10:26.479+0700: 2918.838: Total time for which application threads were stopped: 0.0001168 seconds, Stopping threads took: 0.0000370 seconds
2020-04-30T00:10:26.479+0700: 2918.838: Total time for which application threads were stopped: 0.0000961 seconds, Stopping threads took: 0.0000347 seconds
2020-04-30T00:10:26.479+0700: 2918.838: Total time for which application threads were stopped: 0.0000943 seconds, Stopping threads took: 0.0000311 seconds
2020-04-30T00:10:27.197+0700: 2919.557: Total time for which application threads were stopped: 0.0001216 seconds, Stopping threads took: 0.0000174 seconds
2020-04-30T00:10:27.203+0700: 2919.562: Total time for which application threads were stopped: 0.0001131 seconds, Stopping threads took: 0.0000336 seconds
2020-04-30T00:10:27.203+0700: 2919.562: Total time for which application threads were stopped: 0.0000860 seconds, Stopping threads took: 0.0000231 seconds
2020-04-30T00:10:27.203+0700: 2919.563: Total time for which application threads were stopped: 0.0000933 seconds, Stopping threads took: 0.0000323 seconds
2020-04-30T00:10:27.204+0700: 2919.563: Total time for which application threads were stopped: 0.0000775 seconds, Stopping threads took: 0.0000184 seconds
2020-04-30T00:10:28.208+0700: 2920.567: Total time for which application threads were stopped: 0.0001693 seconds, Stopping threads took: 0.0000493 seconds
2020-04-30T00:10:28.369+0700: 2920.728: Total time for which application threads were stopped: 0.0001843 seconds, Stopping threads took: 0.0000423 seconds
2020-04-30T00:10:28.376+0700: 2920.736: Total time for which application threads were stopped: 0.0001630 seconds, Stopping threads took: 0.0000523 seconds
2020-04-30T00:10:28.377+0700: 2920.736: Total time for which application threads were stopped: 0.0001617 seconds, Stopping threads took: 0.0000238 seconds
2020-04-30T00:10:28.378+0700: 2920.737: Total time for which application threads were stopped: 0.0001321 seconds, Stopping threads took: 0.0000255 seconds
2020-04-30T00:10:28.378+0700: 2920.737: Total time for which application threads were stopped: 0.0001181 seconds, Stopping threads took: 0.0000377 seconds
2020-04-30T00:10:28.378+0700: 2920.737: Total time for which application threads were stopped: 0.0001112 seconds, Stopping threads took: 0.0000390 seconds
2020-04-30T00:10:28.378+0700: 2920.738: Total time for which application threads were stopped: 0.0001090 seconds, Stopping threads took: 0.0000313 seconds
2020-04-30T00:10:28.379+0700: 2920.738: Total time for which application threads were stopped: 0.0001069 seconds, Stopping threads took: 0.0000395 seconds
2020-04-30T00:10:29.381+0700: 2921.740: Total time for which application threads were stopped: 0.0001211 seconds, Stopping threads took: 0.0000194 seconds
2020-04-30T00:10:33.404+0700: 2925.763: Total time for which application threads were stopped: 0.0004051 seconds, Stopping threads took: 0.0001064 seconds
2020-04-30T00:10:33.405+0700: 2925.765: Total time for which application threads were stopped: 0.0002352 seconds, Stopping threads took: 0.0001205 seconds
2020-04-30T00:10:33.409+0700: 2925.768: Total time for which application threads were stopped: 0.0002714 seconds, Stopping threads took: 0.0001600 seconds
2020-04-30T00:10:33.409+0700: 2925.768: Total time for which application threads were stopped: 0.0001750 seconds, Stopping threads took: 0.0000656 seconds
2020-04-30T00:10:33.409+0700: 2925.768: Total time for which application threads were stopped: 0.0000860 seconds, Stopping threads took: 0.0000198 seconds
2020-04-30T00:10:33.409+0700: 2925.768: Total time for which application threads were stopped: 0.0001172 seconds, Stopping threads took: 0.0000307 seconds
2020-04-30T00:10:33.410+0700: 2925.769: Total time for which application threads were stopped: 0.0001536 seconds, Stopping threads took: 0.0000319 seconds
2020-04-30T00:10:33.410+0700: 2925.769: Total time for which application threads were stopped: 0.0000936 seconds, Stopping threads took: 0.0000166 seconds
2020-04-30T00:10:33.410+0700: 2925.769: Total time for which application threads were stopped: 0.0002750 seconds, Stopping threads took: 0.0000230 seconds
2020-04-30T00:10:34.314+0700: 2926.673: Total time for which application threads were stopped: 0.0001627 seconds, Stopping threads took: 0.0000274 seconds
2020-04-30T00:10:34.314+0700: 2926.674: Total time for which application threads were stopped: 0.0000885 seconds, Stopping threads took: 0.0000102 seconds
2020-04-30T00:10:34.315+0700: 2926.674: Total time for which application threads were stopped: 0.0000566 seconds, Stopping threads took: 0.0000075 seconds
2020-04-30T00:10:34.315+0700: 2926.674: Total time for which application threads were stopped: 0.0000634 seconds, Stopping threads took: 0.0000078 seconds
2020-04-30T00:10:34.315+0700: 2926.674: Total time for which application threads were stopped: 0.0000567 seconds, Stopping threads took: 0.0000069 seconds
2020-04-30T00:10:34.315+0700: 2926.674: Total time for which application threads were stopped: 0.0000549 seconds, Stopping threads took: 0.0000068 seconds
2020-04-30T00:10:34.315+0700: 2926.674: Total time for which application threads were stopped: 0.0000546 seconds, Stopping threads took: 0.0000066 seconds
2020-04-30T00:10:34.315+0700: 2926.674: Total time for which application threads were stopped: 0.0000607 seconds, Stopping threads took: 0.0000078 seconds
2020-04-30T00:10:34.315+0700: 2926.674: Total time for which application threads were stopped: 0.0001116 seconds, Stopping threads took: 0.0000138 seconds
2020-04-30T00:10:34.317+0700: 2926.676: Total time for which application threads were stopped: 0.0001010 seconds, Stopping threads took: 0.0000170 seconds
2020-04-30T00:10:34.319+0700: 2926.678: Total time for which application threads were stopped: 0.0001002 seconds, Stopping threads took: 0.0000129 seconds
2020-04-30T00:10:34.325+0700: 2926.684: Total time for which application threads were stopped: 0.0001144 seconds, Stopping threads took: 0.0000274 seconds
2020-04-30T00:10:34.325+0700: 2926.685: Total time for which application threads were stopped: 0.0000959 seconds, Stopping threads took: 0.0000238 seconds
2020-04-30T00:10:34.326+0700: 2926.685: Total time for which application threads were stopped: 0.0001011 seconds, Stopping threads took: 0.0000445 seconds
2020-04-30T00:10:34.326+0700: 2926.685: Total time for which application threads were stopped: 0.0000663 seconds, Stopping threads took: 0.0000092 seconds
2020-04-30T00:10:34.327+0700: 2926.686: Total time for which application threads were stopped: 0.0002245 seconds, Stopping threads took: 0.0000121 seconds
2020-04-30T00:10:36.647+0700: 2929.006: Total time for which application threads were stopped: 0.0001655 seconds, Stopping threads took: 0.0000275 seconds
2020-04-30T00:10:36.653+0700: 2929.012: Total time for which application threads were stopped: 0.0001514 seconds, Stopping threads took: 0.0000550 seconds
2020-04-30T00:10:36.653+0700: 2929.012: Total time for which application threads were stopped: 0.0001026 seconds, Stopping threads took: 0.0000246 seconds
2020-04-30T00:10:36.653+0700: 2929.012: Total time for which application threads were stopped: 0.0001022 seconds, Stopping threads took: 0.0000367 seconds
2020-04-30T00:10:38.406+0700: 2930.765: Total time for which application threads were stopped: 0.0003069 seconds, Stopping threads took: 0.0000211 seconds
2020-04-30T00:10:38.411+0700: 2930.770: Total time for which application threads were stopped: 0.0002042 seconds, Stopping threads took: 0.0000141 seconds
2020-04-30T00:10:38.411+0700: 2930.770: Total time for which application threads were stopped: 0.0002081 seconds, Stopping threads took: 0.0000319 seconds
2020-04-30T00:10:38.411+0700: 2930.770: Total time for which application threads were stopped: 0.0001997 seconds, Stopping threads took: 0.0000332 seconds
2020-04-30T00:10:39.415+0700: 2931.774: Total time for which application threads were stopped: 0.0001250 seconds, Stopping threads took: 0.0000202 seconds
2020-04-30T00:10:39.919+0700: 2932.278: Total time for which application threads were stopped: 0.0002048 seconds, Stopping threads took: 0.0000310 seconds
2020-04-30T00:10:39.926+0700: 2932.285: Total time for which application threads were stopped: 0.0001432 seconds, Stopping threads took: 0.0000460 seconds
2020-04-30T00:10:39.926+0700: 2932.285: Total time for which application threads were stopped: 0.0000990 seconds, Stopping threads took: 0.0000253 seconds
2020-04-30T00:10:39.927+0700: 2932.286: Total time for which application threads were stopped: 0.0001060 seconds, Stopping threads took: 0.0000360 seconds
2020-04-30T00:10:40.931+0700: 2933.290: Total time for which application threads were stopped: 0.0001401 seconds, Stopping threads took: 0.0000278 seconds
2020-04-30T00:11:51.147+0700: 3003.504: Total time for which application threads were stopped: 0.0002198 seconds, Stopping threads took: 0.0000613 seconds
2020-04-30T00:12:51.321+0700: 3063.678: Total time for which application threads were stopped: 0.0001996 seconds, Stopping threads took: 0.0000390 seconds
2020-04-30T00:13:10.345+0700: 3082.701: Total time for which application threads were stopped: 0.0001567 seconds, Stopping threads took: 0.0000404 seconds
2020-04-30T00:13:39.293+0700: 3111.648: Total time for which application threads were stopped: 0.0001966 seconds, Stopping threads took: 0.0000242 seconds
2020-04-30T00:13:39.298+0700: 3111.653: Total time for which application threads were stopped: 0.0002345 seconds, Stopping threads took: 0.0000689 seconds
2020-04-30T00:13:39.303+0700: 3111.658: Total time for which application threads were stopped: 0.0002905 seconds, Stopping threads took: 0.0000176 seconds
2020-04-30T00:13:39.572+0700: 3111.927: Total time for which application threads were stopped: 0.0001109 seconds, Stopping threads took: 0.0000194 seconds
2020-04-30T00:13:51.599+0700: 3123.954: Total time for which application threads were stopped: 0.0001428 seconds, Stopping threads took: 0.0000444 seconds
2020-04-30T00:13:58.763+0700: 3131.118: Total time for which application threads were stopped: 0.0001244 seconds, Stopping threads took: 0.0000198 seconds
2020-04-30T00:13:58.767+0700: 3131.122: Total time for which application threads were stopped: 0.0001683 seconds, Stopping threads took: 0.0000169 seconds
2020-04-30T00:13:58.775+0700: 3131.130: Total time for which application threads were stopped: 0.0001763 seconds, Stopping threads took: 0.0000698 seconds
2020-04-30T00:13:58.776+0700: 3131.131: Total time for which application threads were stopped: 0.0000961 seconds, Stopping threads took: 0.0000270 seconds
2020-04-30T00:13:58.776+0700: 3131.131: Total time for which application threads were stopped: 0.0002022 seconds, Stopping threads took: 0.0001313 seconds
2020-04-30T00:13:58.776+0700: 3131.131: Total time for which application threads were stopped: 0.0001127 seconds, Stopping threads took: 0.0000473 seconds
2020-04-30T00:14:25.372+0700: 3157.726: Total time for which application threads were stopped: 0.0001145 seconds, Stopping threads took: 0.0000176 seconds
2020-04-30T00:14:25.378+0700: 3157.732: Total time for which application threads were stopped: 0.0001622 seconds, Stopping threads took: 0.0000482 seconds
2020-04-30T00:14:25.378+0700: 3157.732: Total time for which application threads were stopped: 0.0000817 seconds, Stopping threads took: 0.0000088 seconds
2020-04-30T00:14:25.378+0700: 3157.733: Total time for which application threads were stopped: 0.0001282 seconds, Stopping threads took: 0.0000380 seconds
2020-04-30T00:14:25.378+0700: 3157.733: Total time for which application threads were stopped: 0.0001619 seconds, Stopping threads took: 0.0000762 seconds
2020-04-30T00:14:47.409+0700: 3179.763: Total time for which application threads were stopped: 0.0001604 seconds, Stopping threads took: 0.0000604 seconds
2020-04-30T00:14:47.410+0700: 3179.764: Total time for which application threads were stopped: 0.0001765 seconds, Stopping threads took: 0.0000351 seconds
2020-04-30T00:14:47.413+0700: 3179.767: Total time for which application threads were stopped: 0.0004233 seconds, Stopping threads took: 0.0002607 seconds
2020-04-30T00:14:48.415+0700: 3180.769: Total time for which application threads were stopped: 0.0001400 seconds, Stopping threads took: 0.0000236 seconds
2020-04-30T00:14:51.424+0700: 3183.778: Total time for which application threads were stopped: 0.0001233 seconds, Stopping threads took: 0.0000240 seconds
2020-04-30T00:15:20.505+0700: 3212.858: Total time for which application threads were stopped: 0.0001255 seconds, Stopping threads took: 0.0000176 seconds
2020-04-30T00:15:20.511+0700: 3212.864: Total time for which application threads were stopped: 0.0000984 seconds, Stopping threads took: 0.0000221 seconds
2020-04-30T00:15:20.511+0700: 3212.864: Total time for which application threads were stopped: 0.0000824 seconds, Stopping threads took: 0.0000185 seconds
2020-04-30T00:15:20.511+0700: 3212.864: Total time for which application threads were stopped: 0.0000976 seconds, Stopping threads took: 0.0000406 seconds
2020-04-30T00:15:20.511+0700: 3212.864: Total time for which application threads were stopped: 0.0000822 seconds, Stopping threads took: 0.0000288 seconds
2020-04-30T00:15:21.513+0700: 3213.866: Total time for which application threads were stopped: 0.0001084 seconds, Stopping threads took: 0.0000224 seconds
2020-04-30T00:15:21.774+0700: 3214.128: Total time for which application threads were stopped: 0.0001257 seconds, Stopping threads took: 0.0000180 seconds
2020-04-30T00:15:21.781+0700: 3214.135: Total time for which application threads were stopped: 0.0001067 seconds, Stopping threads took: 0.0000154 seconds
2020-04-30T00:15:21.782+0700: 3214.135: Total time for which application threads were stopped: 0.0001205 seconds, Stopping threads took: 0.0000117 seconds
2020-04-30T00:15:21.782+0700: 3214.135: Total time for which application threads were stopped: 0.0001118 seconds, Stopping threads took: 0.0000216 seconds
2020-04-30T00:15:21.782+0700: 3214.135: Total time for which application threads were stopped: 0.0001044 seconds, Stopping threads took: 0.0000403 seconds
2020-04-30T00:15:22.511+0700: 3214.865: Total time for which application threads were stopped: 0.0001569 seconds, Stopping threads took: 0.0000259 seconds
2020-04-30T00:15:22.519+0700: 3214.872: Total time for which application threads were stopped: 0.0001588 seconds, Stopping threads took: 0.0000299 seconds
2020-04-30T00:15:22.519+0700: 3214.872: Total time for which application threads were stopped: 0.0001471 seconds, Stopping threads took: 0.0000323 seconds
2020-04-30T00:15:22.520+0700: 3214.873: Total time for which application threads were stopped: 0.0001396 seconds, Stopping threads took: 0.0000266 seconds
2020-04-30T00:15:22.521+0700: 3214.874: Total time for which application threads were stopped: 0.0000850 seconds, Stopping threads took: 0.0000100 seconds
2020-04-30T00:15:22.521+0700: 3214.874: Total time for which application threads were stopped: 0.0000881 seconds, Stopping threads took: 0.0000227 seconds
2020-04-30T00:15:22.521+0700: 3214.875: Total time for which application threads were stopped: 0.0004518 seconds, Stopping threads took: 0.0000192 seconds
2020-04-30T00:15:22.521+0700: 3214.875: Total time for which application threads were stopped: 0.0001147 seconds, Stopping threads took: 0.0000509 seconds
2020-04-30T00:15:23.523+0700: 3215.877: Total time for which application threads were stopped: 0.0001705 seconds, Stopping threads took: 0.0000420 seconds
2020-04-30T00:15:23.881+0700: 3216.234: Total time for which application threads were stopped: 0.0001162 seconds, Stopping threads took: 0.0000174 seconds
2020-04-30T00:15:23.881+0700: 3216.234: Total time for which application threads were stopped: 0.0000531 seconds, Stopping threads took: 0.0000066 seconds
2020-04-30T00:15:23.881+0700: 3216.235: Total time for which application threads were stopped: 0.0000468 seconds, Stopping threads took: 0.0000058 seconds
2020-04-30T00:15:23.881+0700: 3216.235: Total time for which application threads were stopped: 0.0000453 seconds, Stopping threads took: 0.0000059 seconds
2020-04-30T00:15:23.881+0700: 3216.235: Total time for which application threads were stopped: 0.0000463 seconds, Stopping threads took: 0.0000059 seconds
2020-04-30T00:15:23.882+0700: 3216.235: Total time for which application threads were stopped: 0.0000520 seconds, Stopping threads took: 0.0000069 seconds
2020-04-30T00:15:23.882+0700: 3216.235: Total time for which application threads were stopped: 0.0000449 seconds, Stopping threads took: 0.0000058 seconds
2020-04-30T00:15:23.882+0700: 3216.235: Total time for which application threads were stopped: 0.0000546 seconds, Stopping threads took: 0.0000075 seconds
2020-04-30T00:15:23.882+0700: 3216.235: Total time for which application threads were stopped: 0.0000460 seconds, Stopping threads took: 0.0000062 seconds
2020-04-30T00:15:23.882+0700: 3216.235: Total time for which application threads were stopped: 0.0000441 seconds, Stopping threads took: 0.0000056 seconds
2020-04-30T00:15:23.882+0700: 3216.235: Total time for which application threads were stopped: 0.0000437 seconds, Stopping threads took: 0.0000055 seconds
2020-04-30T00:15:23.882+0700: 3216.235: Total time for which application threads were stopped: 0.0000425 seconds, Stopping threads took: 0.0000054 seconds
2020-04-30T00:15:23.882+0700: 3216.235: Total time for which application threads were stopped: 0.0000465 seconds, Stopping threads took: 0.0000057 seconds
2020-04-30T00:15:23.882+0700: 3216.236: Total time for which application threads were stopped: 0.0000435 seconds, Stopping threads took: 0.0000056 seconds
2020-04-30T00:15:23.883+0700: 3216.236: Total time for which application threads were stopped: 0.0000670 seconds, Stopping threads took: 0.0000071 seconds
2020-04-30T00:15:23.883+0700: 3216.237: Total time for which application threads were stopped: 0.0000532 seconds, Stopping threads took: 0.0000076 seconds
2020-04-30T00:15:23.885+0700: 3216.239: Total time for which application threads were stopped: 0.0000612 seconds, Stopping threads took: 0.0000081 seconds
2020-04-30T00:15:23.887+0700: 3216.240: Total time for which application threads were stopped: 0.0000925 seconds, Stopping threads took: 0.0000245 seconds
2020-04-30T00:15:23.890+0700: 3216.244: Total time for which application threads were stopped: 0.0001466 seconds, Stopping threads took: 0.0000568 seconds
2020-04-30T00:15:23.890+0700: 3216.244: Total time for which application threads were stopped: 0.0000682 seconds, Stopping threads took: 0.0000155 seconds
2020-04-30T00:15:23.891+0700: 3216.244: Total time for which application threads were stopped: 0.0000580 seconds, Stopping threads took: 0.0000134 seconds
2020-04-30T00:15:23.891+0700: 3216.244: Total time for which application threads were stopped: 0.0000706 seconds, Stopping threads took: 0.0000275 seconds
2020-04-30T00:15:23.892+0700: 3216.245: Total time for which application threads were stopped: 0.0000593 seconds, Stopping threads took: 0.0000070 seconds
2020-04-30T00:15:23.892+0700: 3216.245: Total time for which application threads were stopped: 0.0000486 seconds, Stopping threads took: 0.0000064 seconds
2020-04-30T00:15:23.892+0700: 3216.246: Total time for which application threads were stopped: 0.0000450 seconds, Stopping threads took: 0.0000055 seconds
2020-04-30T00:15:23.892+0700: 3216.246: Total time for which application threads were stopped: 0.0000481 seconds, Stopping threads took: 0.0000055 seconds
2020-04-30T00:15:23.893+0700: 3216.246: Total time for which application threads were stopped: 0.0000452 seconds, Stopping threads took: 0.0000056 seconds
2020-04-30T00:15:23.893+0700: 3216.246: Total time for which application threads were stopped: 0.0000638 seconds, Stopping threads took: 0.0000058 seconds
2020-04-30T00:15:23.893+0700: 3216.246: Total time for which application threads were stopped: 0.0000597 seconds, Stopping threads took: 0.0000054 seconds
2020-04-30T00:15:23.893+0700: 3216.246: Total time for which application threads were stopped: 0.0000795 seconds, Stopping threads took: 0.0000077 seconds
2020-04-30T00:15:25.204+0700: 3217.557: Total time for which application threads were stopped: 0.0001329 seconds, Stopping threads took: 0.0000189 seconds
2020-04-30T00:15:25.209+0700: 3217.562: Total time for which application threads were stopped: 0.0001225 seconds, Stopping threads took: 0.0000414 seconds
2020-04-30T00:15:25.209+0700: 3217.562: Total time for which application threads were stopped: 0.0001393 seconds, Stopping threads took: 0.0000664 seconds
2020-04-30T00:15:25.209+0700: 3217.562: Total time for which application threads were stopped: 0.0000822 seconds, Stopping threads took: 0.0000090 seconds
2020-04-30T00:15:25.210+0700: 3217.563: Total time for which application threads were stopped: 0.0003679 seconds, Stopping threads took: 0.0000259 seconds
2020-04-30T00:15:27.041+0700: 3219.394: Total time for which application threads were stopped: 0.0001275 seconds, Stopping threads took: 0.0000184 seconds
2020-04-30T00:15:27.046+0700: 3219.399: Total time for which application threads were stopped: 0.0001595 seconds, Stopping threads took: 0.0000416 seconds
2020-04-30T00:15:27.046+0700: 3219.399: Total time for which application threads were stopped: 0.0000817 seconds, Stopping threads took: 0.0000244 seconds
2020-04-30T00:15:27.046+0700: 3219.399: Total time for which application threads were stopped: 0.0000833 seconds, Stopping threads took: 0.0000328 seconds
2020-04-30T00:15:27.047+0700: 3219.400: Total time for which application threads were stopped: 0.0000773 seconds, Stopping threads took: 0.0000080 seconds
2020-04-30T00:15:29.071+0700: 3221.425: Total time for which application threads were stopped: 0.0001282 seconds, Stopping threads took: 0.0000195 seconds
2020-04-30T00:15:29.077+0700: 3221.430: Total time for which application threads were stopped: 0.0002091 seconds, Stopping threads took: 0.0000927 seconds
2020-04-30T00:15:29.077+0700: 3221.430: Total time for which application threads were stopped: 0.0000923 seconds, Stopping threads took: 0.0000194 seconds
2020-04-30T00:15:29.077+0700: 3221.430: Total time for which application threads were stopped: 0.0001439 seconds, Stopping threads took: 0.0000608 seconds
2020-04-30T00:15:29.077+0700: 3221.431: Total time for which application threads were stopped: 0.0000921 seconds, Stopping threads took: 0.0000225 seconds
2020-04-30T00:15:30.045+0700: 3222.398: Total time for which application threads were stopped: 0.0001434 seconds, Stopping threads took: 0.0000199 seconds
2020-04-30T00:15:30.051+0700: 3222.404: Total time for which application threads were stopped: 0.0001004 seconds, Stopping threads took: 0.0000147 seconds
2020-04-30T00:15:30.051+0700: 3222.405: Total time for which application threads were stopped: 0.0001059 seconds, Stopping threads took: 0.0000271 seconds
2020-04-30T00:15:30.052+0700: 3222.405: Total time for which application threads were stopped: 0.0000872 seconds, Stopping threads took: 0.0000098 seconds
2020-04-30T00:15:32.829+0700: 3225.182: Total time for which application threads were stopped: 0.0001259 seconds, Stopping threads took: 0.0000250 seconds
2020-04-30T00:15:32.835+0700: 3225.188: Total time for which application threads were stopped: 0.0001024 seconds, Stopping threads took: 0.0000291 seconds
2020-04-30T00:15:32.835+0700: 3225.188: Total time for which application threads were stopped: 0.0001120 seconds, Stopping threads took: 0.0000478 seconds
2020-04-30T00:15:32.835+0700: 3225.188: Total time for which application threads were stopped: 0.0000892 seconds, Stopping threads took: 0.0000396 seconds
2020-04-30T00:15:34.401+0700: 3226.754: Total time for which application threads were stopped: 0.0001845 seconds, Stopping threads took: 0.0000343 seconds
2020-04-30T00:15:34.408+0700: 3226.761: Total time for which application threads were stopped: 0.0001142 seconds, Stopping threads took: 0.0000255 seconds
2020-04-30T00:15:34.408+0700: 3226.761: Total time for which application threads were stopped: 0.0001011 seconds, Stopping threads took: 0.0000126 seconds
2020-04-30T00:15:34.408+0700: 3226.761: Total time for which application threads were stopped: 0.0000910 seconds, Stopping threads took: 0.0000235 seconds
2020-04-30T00:15:38.084+0700: 3230.437: Total time for which application threads were stopped: 0.0001201 seconds, Stopping threads took: 0.0000173 seconds
2020-04-30T00:15:38.090+0700: 3230.443: Total time for which application threads were stopped: 0.0001327 seconds, Stopping threads took: 0.0000373 seconds
2020-04-30T00:15:38.090+0700: 3230.443: Total time for which application threads were stopped: 0.0001577 seconds, Stopping threads took: 0.0000519 seconds
2020-04-30T00:15:38.091+0700: 3230.444: Total time for which application threads were stopped: 0.0000949 seconds, Stopping threads took: 0.0000419 seconds
2020-04-30T00:15:39.531+0700: 3231.884: Total time for which application threads were stopped: 0.0001384 seconds, Stopping threads took: 0.0000213 seconds
2020-04-30T00:15:39.539+0700: 3231.892: Total time for which application threads were stopped: 0.0001788 seconds, Stopping threads took: 0.0000495 seconds
2020-04-30T00:15:39.539+0700: 3231.892: Total time for which application threads were stopped: 0.0001473 seconds, Stopping threads took: 0.0000393 seconds
2020-04-30T00:15:39.540+0700: 3231.893: Total time for which application threads were stopped: 0.0001124 seconds, Stopping threads took: 0.0000367 seconds
2020-04-30T00:15:39.540+0700: 3231.893: Total time for which application threads were stopped: 0.0001088 seconds, Stopping threads took: 0.0000344 seconds
2020-04-30T00:15:39.540+0700: 3231.893: Total time for which application threads were stopped: 0.0001036 seconds, Stopping threads took: 0.0000352 seconds
2020-04-30T00:15:40.540+0700: 3232.893: Total time for which application threads were stopped: 0.0001251 seconds, Stopping threads took: 0.0000201 seconds
2020-04-30T00:15:41.392+0700: 3233.745: Total time for which application threads were stopped: 0.0001209 seconds, Stopping threads took: 0.0000180 seconds
{Heap before GC invocations=15 (full 0):
 garbage-first heap   total 524288K, used 359552K [0x00000007a0000000, 0x00000007a0101000, 0x00000007c0000000)
  region size 1024K, 307 young (314368K), 17 survivors (17408K)
 Metaspace       used 52541K, capacity 54762K, committed 55112K, reserved 1097728K
  class space    used 6183K, capacity 6634K, committed 6732K, reserved 1048576K
2020-04-30T00:15:44.086+0700: 3236.439: [GC pause (G1 Evacuation Pause) (young)
Desired survivor size 20447232 bytes, new threshold 15 (max 15)
- age   1:    3621856 bytes,    3621856 total
- age   2:      78824 bytes,    3700680 total
- age   3:    1194064 bytes,    4894744 total
- age   4:     621376 bytes,    5516120 total
- age   5:    5272328 bytes,   10788448 total
, 0.0260700 secs]
   [Parallel Time: 23.9 ms, GC Workers: 8]
      [GC Worker Start (ms): Min: 3236439.4, Avg: 3236439.6, Max: 3236439.7, Diff: 0.4]
      [Ext Root Scanning (ms): Min: 1.0, Avg: 2.0, Max: 7.6, Diff: 6.6, Sum: 15.7]
      [Update RS (ms): Min: 0.0, Avg: 2.3, Max: 3.3, Diff: 3.3, Sum: 18.5]
         [Processed Buffers: Min: 0, Avg: 3.0, Max: 15, Diff: 15, Sum: 24]
      [Scan RS (ms): Min: 0.0, Avg: 0.0, Max: 0.1, Diff: 0.1, Sum: 0.2]
      [Code Root Scanning (ms): Min: 0.0, Avg: 0.6, Max: 1.3, Diff: 1.3, Sum: 4.6]
      [Object Copy (ms): Min: 15.4, Avg: 18.2, Max: 18.9, Diff: 3.5, Sum: 145.5]
      [Termination (ms): Min: 0.0, Avg: 0.5, Max: 0.9, Diff: 0.9, Sum: 4.3]
         [Termination Attempts: Min: 1, Avg: 1.9, Max: 2, Diff: 1, Sum: 15]
      [GC Worker Other (ms): Min: 0.0, Avg: 0.0, Max: 0.0, Diff: 0.0, Sum: 0.2]
      [GC Worker Total (ms): Min: 23.5, Avg: 23.6, Max: 23.8, Diff: 0.4, Sum: 189.2]
      [GC Worker End (ms): Min: 3236463.2, Avg: 3236463.2, Max: 3236463.2, Diff: 0.0]
   [Code Root Fixup: 0.1 ms]
   [Code Root Purge: 0.0 ms]
   [Clear CT: 0.2 ms]
   [Other: 1.9 ms]
      [Choose CSet: 0.0 ms]
      [Ref Proc: 0.8 ms]
      [Ref Enq: 0.1 ms]
      [Redirty Cards: 0.1 ms]
      [Humongous Register: 0.3 ms]
      [Humongous Reclaim: 0.0 ms]
      [Free CSet: 0.4 ms]
   [Eden: 290.0M(290.0M)->0.0B(288.0M) Survivors: 17.0M->19.0M Heap: 351.1M(512.0M)->63.1M(512.0M)]
Heap after GC invocations=16 (full 0):
 garbage-first heap   total 524288K, used 64640K [0x00000007a0000000, 0x00000007a0101000, 0x00000007c0000000)
  region size 1024K, 19 young (19456K), 19 survivors (19456K)
 Metaspace       used 52541K, capacity 54762K, committed 55112K, reserved 1097728K
  class space    used 6183K, capacity 6634K, committed 6732K, reserved 1048576K
}
 [Times: user=0.05 sys=0.09, real=0.03 secs] 
2020-04-30T00:15:44.112+0700: 3236.465: Total time for which application threads were stopped: 0.0263708 seconds, Stopping threads took: 0.0000189 seconds
2020-04-30T00:15:44.112+0700: 3236.465: Total time for which application threads were stopped: 0.0002452 seconds, Stopping threads took: 0.0000416 seconds
2020-04-30T00:15:44.114+0700: 3236.466: Total time for which application threads were stopped: 0.0000624 seconds, Stopping threads took: 0.0000067 seconds
2020-04-30T00:15:44.114+0700: 3236.467: Total time for which application threads were stopped: 0.0000447 seconds, Stopping threads took: 0.0000065 seconds
2020-04-30T00:15:44.114+0700: 3236.467: Total time for which application threads were stopped: 0.0000437 seconds, Stopping threads took: 0.0000060 seconds
2020-04-30T00:15:44.114+0700: 3236.467: Total time for which application threads were stopped: 0.0000411 seconds, Stopping threads took: 0.0000051 seconds
2020-04-30T00:15:44.114+0700: 3236.467: Total time for which application threads were stopped: 0.0000401 seconds, Stopping threads took: 0.0000051 seconds
2020-04-30T00:15:44.114+0700: 3236.467: Total time for which application threads were stopped: 0.0000399 seconds, Stopping threads took: 0.0000052 seconds
2020-04-30T00:15:44.114+0700: 3236.467: Total time for which application threads were stopped: 0.0000403 seconds, Stopping threads took: 0.0000050 seconds
2020-04-30T00:15:44.114+0700: 3236.467: Total time for which application threads were stopped: 0.0000420 seconds, Stopping threads took: 0.0000052 seconds
2020-04-30T00:15:44.114+0700: 3236.467: Total time for which application threads were stopped: 0.0001427 seconds, Stopping threads took: 0.0000056 seconds
2020-04-30T00:15:44.116+0700: 3236.469: Total time for which application threads were stopped: 0.0000492 seconds, Stopping threads took: 0.0000063 seconds
2020-04-30T00:15:44.121+0700: 3236.474: Total time for which application threads were stopped: 0.0001314 seconds, Stopping threads took: 0.0000383 seconds
2020-04-30T00:15:44.121+0700: 3236.474: Total time for which application threads were stopped: 0.0000901 seconds, Stopping threads took: 0.0000309 seconds
2020-04-30T00:15:44.121+0700: 3236.474: Total time for which application threads were stopped: 0.0000906 seconds, Stopping threads took: 0.0000264 seconds
2020-04-30T00:15:44.123+0700: 3236.475: Total time for which application threads were stopped: 0.0001062 seconds, Stopping threads took: 0.0000275 seconds
2020-04-30T00:15:44.123+0700: 3236.476: Total time for which application threads were stopped: 0.0000929 seconds, Stopping threads took: 0.0000252 seconds
2020-04-30T00:15:44.123+0700: 3236.476: Total time for which application threads were stopped: 0.0001307 seconds, Stopping threads took: 0.0000263 seconds
2020-04-30T00:15:44.123+0700: 3236.476: Total time for which application threads were stopped: 0.0000849 seconds, Stopping threads took: 0.0000056 seconds
2020-04-30T00:15:44.124+0700: 3236.477: Total time for which application threads were stopped: 0.0000901 seconds, Stopping threads took: 0.0000222 seconds
2020-04-30T00:15:44.124+0700: 3236.477: Total time for which application threads were stopped: 0.0001393 seconds, Stopping threads took: 0.0000375 seconds
2020-04-30T00:15:44.125+0700: 3236.478: Total time for which application threads were stopped: 0.0001714 seconds, Stopping threads took: 0.0000616 seconds
2020-04-30T00:15:44.125+0700: 3236.478: Total time for which application threads were stopped: 0.0000851 seconds, Stopping threads took: 0.0000086 seconds
2020-04-30T00:15:44.125+0700: 3236.478: Total time for which application threads were stopped: 0.0000543 seconds, Stopping threads took: 0.0000067 seconds
2020-04-30T00:15:47.195+0700: 3239.548: Total time for which application threads were stopped: 0.0001324 seconds, Stopping threads took: 0.0000249 seconds
2020-04-30T00:15:47.200+0700: 3239.553: Total time for which application threads were stopped: 0.0001786 seconds, Stopping threads took: 0.0000796 seconds
2020-04-30T00:15:47.200+0700: 3239.553: Total time for which application threads were stopped: 0.0001345 seconds, Stopping threads took: 0.0000361 seconds
2020-04-30T00:15:47.200+0700: 3239.553: Total time for which application threads were stopped: 0.0001630 seconds, Stopping threads took: 0.0001039 seconds
2020-04-30T00:15:56.002+0700: 3248.355: Total time for which application threads were stopped: 0.0001340 seconds, Stopping threads took: 0.0000193 seconds
2020-04-30T00:15:56.007+0700: 3248.360: Total time for which application threads were stopped: 0.0001295 seconds, Stopping threads took: 0.0000421 seconds
2020-04-30T00:15:56.007+0700: 3248.360: Total time for which application threads were stopped: 0.0001093 seconds, Stopping threads took: 0.0000234 seconds
2020-04-30T00:15:56.008+0700: 3248.360: Total time for which application threads were stopped: 0.0000976 seconds, Stopping threads took: 0.0000270 seconds
2020-04-30T00:15:57.008+0700: 3249.360: Total time for which application threads were stopped: 0.0000961 seconds, Stopping threads took: 0.0000192 seconds
2020-04-30T00:16:01.832+0700: 3254.184: Total time for which application threads were stopped: 0.0001404 seconds, Stopping threads took: 0.0000196 seconds
2020-04-30T00:16:01.837+0700: 3254.189: Total time for which application threads were stopped: 0.0002959 seconds, Stopping threads took: 0.0000239 seconds
2020-04-30T00:16:01.838+0700: 3254.191: Total time for which application threads were stopped: 0.0001204 seconds, Stopping threads took: 0.0000352 seconds
2020-04-30T00:16:01.838+0700: 3254.191: Total time for which application threads were stopped: 0.0000892 seconds, Stopping threads took: 0.0000202 seconds
2020-04-30T00:16:01.839+0700: 3254.191: Total time for which application threads were stopped: 0.0000948 seconds, Stopping threads took: 0.0000352 seconds
2020-04-30T00:16:01.839+0700: 3254.191: Total time for which application threads were stopped: 0.0000897 seconds, Stopping threads took: 0.0000097 seconds
2020-04-30T00:16:02.844+0700: 3255.196: Total time for which application threads were stopped: 0.0001333 seconds, Stopping threads took: 0.0000246 seconds
2020-04-30T00:16:03.976+0700: 3256.328: Total time for which application threads were stopped: 0.0001210 seconds, Stopping threads took: 0.0000170 seconds
2020-04-30T00:16:03.982+0700: 3256.334: Total time for which application threads were stopped: 0.0002456 seconds, Stopping threads took: 0.0000449 seconds
2020-04-30T00:16:03.982+0700: 3256.334: Total time for which application threads were stopped: 0.0000807 seconds, Stopping threads took: 0.0000107 seconds
2020-04-30T00:16:03.982+0700: 3256.335: Total time for which application threads were stopped: 0.0002313 seconds, Stopping threads took: 0.0000488 seconds
2020-04-30T00:16:03.983+0700: 3256.335: Total time for which application threads were stopped: 0.0001538 seconds, Stopping threads took: 0.0000901 seconds
2020-04-30T00:16:06.213+0700: 3258.565: Total time for which application threads were stopped: 0.0002890 seconds, Stopping threads took: 0.0000172 seconds
2020-04-30T00:16:06.219+0700: 3258.571: Total time for which application threads were stopped: 0.0002140 seconds, Stopping threads took: 0.0000381 seconds
2020-04-30T00:16:06.220+0700: 3258.572: Total time for which application threads were stopped: 0.0004275 seconds, Stopping threads took: 0.0000264 seconds
2020-04-30T00:16:06.220+0700: 3258.572: Total time for which application threads were stopped: 0.0001155 seconds, Stopping threads took: 0.0000277 seconds
2020-04-30T00:16:06.220+0700: 3258.572: Total time for which application threads were stopped: 0.0000986 seconds, Stopping threads took: 0.0000328 seconds
2020-04-30T00:16:10.612+0700: 3262.965: Total time for which application threads were stopped: 0.0001205 seconds, Stopping threads took: 0.0000185 seconds
2020-04-30T00:16:10.618+0700: 3262.970: Total time for which application threads were stopped: 0.0001015 seconds, Stopping threads took: 0.0000239 seconds
2020-04-30T00:16:10.618+0700: 3262.971: Total time for which application threads were stopped: 0.0000921 seconds, Stopping threads took: 0.0000364 seconds
2020-04-30T00:16:10.618+0700: 3262.971: Total time for which application threads were stopped: 0.0000666 seconds, Stopping threads took: 0.0000164 seconds
2020-04-30T00:16:10.618+0700: 3262.971: Total time for which application threads were stopped: 0.0000979 seconds, Stopping threads took: 0.0000237 seconds
2020-04-30T00:16:11.840+0700: 3264.193: Total time for which application threads were stopped: 0.0001373 seconds, Stopping threads took: 0.0000204 seconds
2020-04-30T00:16:11.847+0700: 3264.200: Total time for which application threads were stopped: 0.0001219 seconds, Stopping threads took: 0.0000291 seconds
2020-04-30T00:16:11.847+0700: 3264.200: Total time for which application threads were stopped: 0.0000744 seconds, Stopping threads took: 0.0000074 seconds
2020-04-30T00:16:11.848+0700: 3264.200: Total time for which application threads were stopped: 0.0000791 seconds, Stopping threads took: 0.0000180 seconds
2020-04-30T00:16:11.848+0700: 3264.200: Total time for which application threads were stopped: 0.0000961 seconds, Stopping threads took: 0.0000346 seconds
2020-04-30T00:16:12.851+0700: 3265.203: Total time for which application threads were stopped: 0.0002037 seconds, Stopping threads took: 0.0000587 seconds
2020-04-30T00:16:13.370+0700: 3265.722: Total time for which application threads were stopped: 0.0001273 seconds, Stopping threads took: 0.0000181 seconds
2020-04-30T00:16:13.375+0700: 3265.728: Total time for which application threads were stopped: 0.0001476 seconds, Stopping threads took: 0.0000294 seconds
2020-04-30T00:16:13.376+0700: 3265.728: Total time for which application threads were stopped: 0.0001532 seconds, Stopping threads took: 0.0000412 seconds
2020-04-30T00:16:13.377+0700: 3265.729: Total time for which application threads were stopped: 0.0001683 seconds, Stopping threads took: 0.0000315 seconds
2020-04-30T00:16:13.378+0700: 3265.730: Total time for which application threads were stopped: 0.0001271 seconds, Stopping threads took: 0.0000400 seconds
2020-04-30T00:16:13.378+0700: 3265.730: Total time for which application threads were stopped: 0.0001198 seconds, Stopping threads took: 0.0000415 seconds
2020-04-30T00:16:13.378+0700: 3265.730: Total time for which application threads were stopped: 0.0001746 seconds, Stopping threads took: 0.0000467 seconds
2020-04-30T00:16:13.378+0700: 3265.730: Total time for which application threads were stopped: 0.0001586 seconds, Stopping threads took: 0.0000444 seconds
2020-04-30T00:16:14.382+0700: 3266.734: Total time for which application threads were stopped: 0.0001170 seconds, Stopping threads took: 0.0000221 seconds
2020-04-30T00:16:14.869+0700: 3267.222: Total time for which application threads were stopped: 0.0003417 seconds, Stopping threads took: 0.0000230 seconds
2020-04-30T00:16:14.870+0700: 3267.222: Total time for which application threads were stopped: 0.0002270 seconds, Stopping threads took: 0.0000293 seconds
2020-04-30T00:16:14.870+0700: 3267.222: Total time for which application threads were stopped: 0.0001715 seconds, Stopping threads took: 0.0000225 seconds
2020-04-30T00:16:14.870+0700: 3267.222: Total time for which application threads were stopped: 0.0000856 seconds, Stopping threads took: 0.0000124 seconds
2020-04-30T00:16:14.870+0700: 3267.223: Total time for which application threads were stopped: 0.0000798 seconds, Stopping threads took: 0.0000119 seconds
2020-04-30T00:16:14.870+0700: 3267.223: Total time for which application threads were stopped: 0.0000562 seconds, Stopping threads took: 0.0000079 seconds
2020-04-30T00:16:14.871+0700: 3267.223: Total time for which application threads were stopped: 0.0000534 seconds, Stopping threads took: 0.0000070 seconds
2020-04-30T00:16:14.871+0700: 3267.223: Total time for which application threads were stopped: 0.0000573 seconds, Stopping threads took: 0.0000079 seconds
2020-04-30T00:16:14.871+0700: 3267.223: Total time for which application threads were stopped: 0.0000535 seconds, Stopping threads took: 0.0000072 seconds
2020-04-30T00:16:14.871+0700: 3267.223: Total time for which application threads were stopped: 0.0000538 seconds, Stopping threads took: 0.0000076 seconds
2020-04-30T00:16:14.871+0700: 3267.223: Total time for which application threads were stopped: 0.0000562 seconds, Stopping threads took: 0.0000076 seconds
2020-04-30T00:16:14.871+0700: 3267.223: Total time for which application threads were stopped: 0.0000528 seconds, Stopping threads took: 0.0000069 seconds
2020-04-30T00:16:14.871+0700: 3267.223: Total time for which application threads were stopped: 0.0000557 seconds, Stopping threads took: 0.0000075 seconds
2020-04-30T00:16:14.871+0700: 3267.224: Total time for which application threads were stopped: 0.0000537 seconds, Stopping threads took: 0.0000069 seconds
2020-04-30T00:16:14.874+0700: 3267.227: Total time for which application threads were stopped: 0.0001670 seconds, Stopping threads took: 0.0000227 seconds
2020-04-30T00:16:14.875+0700: 3267.227: Total time for which application threads were stopped: 0.0000855 seconds, Stopping threads took: 0.0000122 seconds
2020-04-30T00:16:14.876+0700: 3267.228: Total time for which application threads were stopped: 0.0000811 seconds, Stopping threads took: 0.0000110 seconds
2020-04-30T00:16:14.880+0700: 3267.233: Total time for which application threads were stopped: 0.0001227 seconds, Stopping threads took: 0.0000269 seconds
2020-04-30T00:16:14.881+0700: 3267.233: Total time for which application threads were stopped: 0.0000766 seconds, Stopping threads took: 0.0000098 seconds
2020-04-30T00:16:14.881+0700: 3267.233: Total time for which application threads were stopped: 0.0000804 seconds, Stopping threads took: 0.0000215 seconds
2020-04-30T00:16:14.881+0700: 3267.233: Total time for which application threads were stopped: 0.0001186 seconds, Stopping threads took: 0.0000419 seconds
2020-04-30T00:16:14.882+0700: 3267.234: Total time for which application threads were stopped: 0.0000847 seconds, Stopping threads took: 0.0000103 seconds
2020-04-30T00:16:14.882+0700: 3267.234: Total time for which application threads were stopped: 0.0000897 seconds, Stopping threads took: 0.0000078 seconds
2020-04-30T00:16:14.882+0700: 3267.235: Total time for which application threads were stopped: 0.0001686 seconds, Stopping threads took: 0.0000077 seconds
2020-04-30T00:16:18.030+0700: 3270.382: Total time for which application threads were stopped: 0.0001382 seconds, Stopping threads took: 0.0000194 seconds
2020-04-30T00:16:18.035+0700: 3270.388: Total time for which application threads were stopped: 0.0001300 seconds, Stopping threads took: 0.0000262 seconds
2020-04-30T00:16:18.036+0700: 3270.388: Total time for which application threads were stopped: 0.0001062 seconds, Stopping threads took: 0.0000316 seconds
2020-04-30T00:16:18.036+0700: 3270.388: Total time for which application threads were stopped: 0.0000807 seconds, Stopping threads took: 0.0000125 seconds
2020-04-30T00:16:18.036+0700: 3270.388: Total time for which application threads were stopped: 0.0001246 seconds, Stopping threads took: 0.0000507 seconds
2020-04-30T00:16:19.288+0700: 3271.640: Total time for which application threads were stopped: 0.0001421 seconds, Stopping threads took: 0.0000206 seconds
2020-04-30T00:16:19.293+0700: 3271.645: Total time for which application threads were stopped: 0.0001015 seconds, Stopping threads took: 0.0000146 seconds
2020-04-30T00:16:19.293+0700: 3271.645: Total time for which application threads were stopped: 0.0001118 seconds, Stopping threads took: 0.0000352 seconds
2020-04-30T00:16:19.293+0700: 3271.645: Total time for which application threads were stopped: 0.0000909 seconds, Stopping threads took: 0.0000251 seconds
2020-04-30T00:16:19.293+0700: 3271.645: Total time for which application threads were stopped: 0.0001101 seconds, Stopping threads took: 0.0000386 seconds
2020-04-30T00:16:21.845+0700: 3274.197: Total time for which application threads were stopped: 0.0001314 seconds, Stopping threads took: 0.0000202 seconds
2020-04-30T00:16:21.851+0700: 3274.203: Total time for which application threads were stopped: 0.0001219 seconds, Stopping threads took: 0.0000332 seconds
2020-04-30T00:16:21.851+0700: 3274.203: Total time for which application threads were stopped: 0.0001068 seconds, Stopping threads took: 0.0000375 seconds
2020-04-30T00:16:21.851+0700: 3274.203: Total time for which application threads were stopped: 0.0001043 seconds, Stopping threads took: 0.0000447 seconds
2020-04-30T00:16:21.851+0700: 3274.203: Total time for which application threads were stopped: 0.0001010 seconds, Stopping threads took: 0.0000115 seconds
2020-04-30T00:16:22.864+0700: 3275.216: Total time for which application threads were stopped: 0.0001379 seconds, Stopping threads took: 0.0000208 seconds
2020-04-30T00:16:22.870+0700: 3275.222: Total time for which application threads were stopped: 0.0001542 seconds, Stopping threads took: 0.0000611 seconds
2020-04-30T00:16:22.870+0700: 3275.222: Total time for which application threads were stopped: 0.0001013 seconds, Stopping threads took: 0.0000234 seconds
2020-04-30T00:16:22.870+0700: 3275.222: Total time for which application threads were stopped: 0.0000674 seconds, Stopping threads took: 0.0000159 seconds
2020-04-30T00:16:22.870+0700: 3275.222: Total time for which application threads were stopped: 0.0000995 seconds, Stopping threads took: 0.0000332 seconds
2020-04-30T00:16:23.874+0700: 3276.226: Total time for which application threads were stopped: 0.0001020 seconds, Stopping threads took: 0.0000235 seconds
2020-04-30T00:16:24.340+0700: 3276.692: Total time for which application threads were stopped: 0.0001557 seconds, Stopping threads took: 0.0000264 seconds
2020-04-30T00:16:24.346+0700: 3276.699: Total time for which application threads were stopped: 0.0001061 seconds, Stopping threads took: 0.0000153 seconds
2020-04-30T00:16:24.347+0700: 3276.699: Total time for which application threads were stopped: 0.0001085 seconds, Stopping threads took: 0.0000253 seconds
2020-04-30T00:16:24.347+0700: 3276.699: Total time for which application threads were stopped: 0.0001075 seconds, Stopping threads took: 0.0000410 seconds
2020-04-30T00:16:24.347+0700: 3276.699: Total time for which application threads were stopped: 0.0000885 seconds, Stopping threads took: 0.0000121 seconds
2020-04-30T00:16:55.443+0700: 3307.794: Total time for which application threads were stopped: 0.0001343 seconds, Stopping threads took: 0.0000332 seconds
2020-04-30T00:16:55.523+0700: 3307.875: Total time for which application threads were stopped: 0.0001378 seconds, Stopping threads took: 0.0000242 seconds
2020-04-30T00:16:55.528+0700: 3307.880: Total time for which application threads were stopped: 0.0001525 seconds, Stopping threads took: 0.0000547 seconds
2020-04-30T00:16:55.530+0700: 3307.882: Total time for which application threads were stopped: 0.0001474 seconds, Stopping threads took: 0.0000268 seconds
2020-04-30T00:16:55.530+0700: 3307.882: Total time for which application threads were stopped: 0.0001428 seconds, Stopping threads took: 0.0000410 seconds
2020-04-30T00:16:55.531+0700: 3307.882: Total time for which application threads were stopped: 0.0000884 seconds, Stopping threads took: 0.0000252 seconds
2020-04-30T00:16:55.531+0700: 3307.882: Total time for which application threads were stopped: 0.0000759 seconds, Stopping threads took: 0.0000092 seconds
2020-04-30T00:16:55.531+0700: 3307.882: Total time for which application threads were stopped: 0.0002724 seconds, Stopping threads took: 0.0000093 seconds
2020-04-30T00:16:55.808+0700: 3308.160: Total time for which application threads were stopped: 0.0001232 seconds, Stopping threads took: 0.0000195 seconds
2020-04-30T00:16:57.566+0700: 3309.917: Total time for which application threads were stopped: 0.0002046 seconds, Stopping threads took: 0.0000592 seconds
2020-04-30T00:16:57.567+0700: 3309.918: Total time for which application threads were stopped: 0.0004127 seconds, Stopping threads took: 0.0000799 seconds
2020-04-30T00:16:57.568+0700: 3309.919: Total time for which application threads were stopped: 0.0002053 seconds, Stopping threads took: 0.0000589 seconds
2020-04-30T00:16:57.568+0700: 3309.920: Total time for which application threads were stopped: 0.0002019 seconds, Stopping threads took: 0.0000313 seconds
2020-04-30T00:16:57.569+0700: 3309.920: Total time for which application threads were stopped: 0.0001642 seconds, Stopping threads took: 0.0000369 seconds
2020-04-30T00:16:57.569+0700: 3309.920: Total time for which application threads were stopped: 0.0002224 seconds, Stopping threads took: 0.0000516 seconds
2020-04-30T00:16:57.569+0700: 3309.921: Total time for which application threads were stopped: 0.0001402 seconds, Stopping threads took: 0.0000288 seconds
2020-04-30T00:16:57.570+0700: 3309.921: Total time for which application threads were stopped: 0.0002732 seconds, Stopping threads took: 0.0000784 seconds
2020-04-30T00:16:57.570+0700: 3309.921: Total time for which application threads were stopped: 0.0002432 seconds, Stopping threads took: 0.0000373 seconds
2020-04-30T00:16:57.570+0700: 3309.922: Total time for which application threads were stopped: 0.0002313 seconds, Stopping threads took: 0.0000508 seconds
2020-04-30T00:16:57.570+0700: 3309.922: Total time for which application threads were stopped: 0.0002490 seconds, Stopping threads took: 0.0000325 seconds
2020-04-30T00:16:57.571+0700: 3309.923: Total time for which application threads were stopped: 0.0001352 seconds, Stopping threads took: 0.0000249 seconds
2020-04-30T00:16:57.571+0700: 3309.923: Total time for which application threads were stopped: 0.0001084 seconds, Stopping threads took: 0.0000114 seconds
2020-04-30T00:16:57.636+0700: 3309.988: Total time for which application threads were stopped: 0.0001887 seconds, Stopping threads took: 0.0000515 seconds
2020-04-30T00:18:47.150+0700: 3419.499: Total time for which application threads were stopped: 0.0001788 seconds, Stopping threads took: 0.0000215 seconds
2020-04-30T00:18:48.154+0700: 3420.503: Total time for which application threads were stopped: 0.0001676 seconds, Stopping threads took: 0.0000243 seconds
2020-04-30T00:18:51.161+0700: 3423.510: Total time for which application threads were stopped: 0.0001299 seconds, Stopping threads took: 0.0000239 seconds
2020-04-30T00:20:49.482+0700: 3541.828: Total time for which application threads were stopped: 0.0001464 seconds, Stopping threads took: 0.0000445 seconds
2020-04-30T00:22:57.216+0700: 3669.560: Total time for which application threads were stopped: 0.0001551 seconds, Stopping threads took: 0.0000266 seconds
2020-04-30T00:22:57.223+0700: 3669.567: Total time for which application threads were stopped: 0.0001451 seconds, Stopping threads took: 0.0000395 seconds
2020-04-30T00:22:58.227+0700: 3670.572: Total time for which application threads were stopped: 0.0001143 seconds, Stopping threads took: 0.0000198 seconds
2020-04-30T00:23:12.304+0700: 3684.648: Total time for which application threads were stopped: 0.0001303 seconds, Stopping threads took: 0.0000243 seconds
2020-04-30T00:23:12.309+0700: 3684.653: Total time for which application threads were stopped: 0.0001140 seconds, Stopping threads took: 0.0000164 seconds
2020-04-30T00:23:12.317+0700: 3684.660: Total time for which application threads were stopped: 0.0001325 seconds, Stopping threads took: 0.0000375 seconds
2020-04-30T00:23:12.317+0700: 3684.661: Total time for which application threads were stopped: 0.0001714 seconds, Stopping threads took: 0.0000411 seconds
2020-04-30T00:23:12.317+0700: 3684.661: Total time for which application threads were stopped: 0.0001337 seconds, Stopping threads took: 0.0000489 seconds
2020-04-30T00:23:12.317+0700: 3684.661: Total time for which application threads were stopped: 0.0001295 seconds, Stopping threads took: 0.0000464 seconds
2020-04-30T00:23:13.347+0700: 3685.690: Total time for which application threads were stopped: 0.0001564 seconds, Stopping threads took: 0.0000226 seconds
2020-04-30T00:23:13.353+0700: 3685.697: Total time for which application threads were stopped: 0.0001086 seconds, Stopping threads took: 0.0000264 seconds
2020-04-30T00:23:13.353+0700: 3685.697: Total time for which application threads were stopped: 0.0001040 seconds, Stopping threads took: 0.0000339 seconds
2020-04-30T00:23:13.353+0700: 3685.697: Total time for which application threads were stopped: 0.0000959 seconds, Stopping threads took: 0.0000396 seconds
2020-04-30T00:23:13.354+0700: 3685.697: Total time for which application threads were stopped: 0.0000954 seconds, Stopping threads took: 0.0000451 seconds
2020-04-30T00:23:14.823+0700: 3687.166: Total time for which application threads were stopped: 0.0001227 seconds, Stopping threads took: 0.0000185 seconds
2020-04-30T00:23:14.829+0700: 3687.173: Total time for which application threads were stopped: 0.0001810 seconds, Stopping threads took: 0.0000427 seconds
2020-04-30T00:23:14.829+0700: 3687.173: Total time for which application threads were stopped: 0.0001379 seconds, Stopping threads took: 0.0000784 seconds
2020-04-30T00:23:14.830+0700: 3687.173: Total time for which application threads were stopped: 0.0001470 seconds, Stopping threads took: 0.0000692 seconds
2020-04-30T00:23:14.830+0700: 3687.174: Total time for which application threads were stopped: 0.0001534 seconds, Stopping threads took: 0.0000332 seconds
2020-04-30T00:23:14.830+0700: 3687.174: Total time for which application threads were stopped: 0.0001460 seconds, Stopping threads took: 0.0000470 seconds
2020-04-30T00:23:14.831+0700: 3687.174: Total time for which application threads were stopped: 0.0001518 seconds, Stopping threads took: 0.0000625 seconds
2020-04-30T00:23:14.831+0700: 3687.175: Total time for which application threads were stopped: 0.0000995 seconds, Stopping threads took: 0.0000488 seconds
2020-04-30T00:23:14.831+0700: 3687.175: Total time for which application threads were stopped: 0.0001392 seconds, Stopping threads took: 0.0000472 seconds
2020-04-30T00:23:14.844+0700: 3687.188: Total time for which application threads were stopped: 0.0001039 seconds, Stopping threads took: 0.0000179 seconds
2020-04-30T00:23:14.886+0700: 3687.230: Total time for which application threads were stopped: 0.0001585 seconds, Stopping threads took: 0.0000520 seconds
2020-04-30T00:23:50.387+0700: 3722.730: Total time for which application threads were stopped: 0.0004013 seconds, Stopping threads took: 0.0001917 seconds
2020-04-30T00:23:50.388+0700: 3722.731: Total time for which application threads were stopped: 0.0001800 seconds, Stopping threads took: 0.0000594 seconds
2020-04-30T00:23:50.392+0700: 3722.735: Total time for which application threads were stopped: 0.0001809 seconds, Stopping threads took: 0.0000377 seconds
2020-04-30T00:23:50.392+0700: 3722.735: Total time for which application threads were stopped: 0.0001156 seconds, Stopping threads took: 0.0000237 seconds
2020-04-30T00:23:50.392+0700: 3722.735: Total time for which application threads were stopped: 0.0003381 seconds, Stopping threads took: 0.0000515 seconds
2020-04-30T00:23:50.709+0700: 3723.052: Total time for which application threads were stopped: 0.0001387 seconds, Stopping threads took: 0.0000189 seconds
2020-04-30T00:23:50.709+0700: 3723.052: Total time for which application threads were stopped: 0.0000498 seconds, Stopping threads took: 0.0000068 seconds
2020-04-30T00:23:50.709+0700: 3723.053: Total time for which application threads were stopped: 0.0000552 seconds, Stopping threads took: 0.0000091 seconds
2020-04-30T00:23:50.710+0700: 3723.053: Total time for which application threads were stopped: 0.0000419 seconds, Stopping threads took: 0.0000060 seconds
2020-04-30T00:23:50.710+0700: 3723.053: Total time for which application threads were stopped: 0.0000389 seconds, Stopping threads took: 0.0000052 seconds
2020-04-30T00:23:50.710+0700: 3723.053: Total time for which application threads were stopped: 0.0000388 seconds, Stopping threads took: 0.0000052 seconds
2020-04-30T00:23:50.710+0700: 3723.053: Total time for which application threads were stopped: 0.0000385 seconds, Stopping threads took: 0.0000051 seconds
2020-04-30T00:23:50.710+0700: 3723.053: Total time for which application threads were stopped: 0.0000411 seconds, Stopping threads took: 0.0000057 seconds
2020-04-30T00:23:50.710+0700: 3723.053: Total time for which application threads were stopped: 0.0000488 seconds, Stopping threads took: 0.0000074 seconds
2020-04-30T00:23:50.710+0700: 3723.053: Total time for which application threads were stopped: 0.0000411 seconds, Stopping threads took: 0.0000059 seconds
2020-04-30T00:23:50.710+0700: 3723.053: Total time for which application threads were stopped: 0.0000392 seconds, Stopping threads took: 0.0000055 seconds
2020-04-30T00:24:01.811+0700: 3734.154: Total time for which application threads were stopped: 0.0001134 seconds, Stopping threads took: 0.0000180 seconds
2020-04-30T00:24:01.812+0700: 3734.155: Total time for which application threads were stopped: 0.0000984 seconds, Stopping threads took: 0.0000188 seconds
2020-04-30T00:24:01.812+0700: 3734.155: Total time for which application threads were stopped: 0.0000761 seconds, Stopping threads took: 0.0000222 seconds
2020-04-30T00:24:01.812+0700: 3734.155: Total time for which application threads were stopped: 0.0000670 seconds, Stopping threads took: 0.0000167 seconds
2020-04-30T00:24:01.813+0700: 3734.155: Total time for which application threads were stopped: 0.0000520 seconds, Stopping threads took: 0.0000071 seconds
2020-04-30T00:24:02.815+0700: 3735.158: Total time for which application threads were stopped: 0.0001050 seconds, Stopping threads took: 0.0000215 seconds
2020-04-30T00:24:39.566+0700: 3771.908: Total time for which application threads were stopped: 0.0002386 seconds, Stopping threads took: 0.0000349 seconds
2020-04-30T00:25:00.413+0700: 3792.755: Total time for which application threads were stopped: 0.0001868 seconds, Stopping threads took: 0.0000319 seconds
2020-04-30T00:25:00.427+0700: 3792.769: Total time for which application threads were stopped: 0.0001516 seconds, Stopping threads took: 0.0000391 seconds
2020-04-30T00:25:01.429+0700: 3793.771: Total time for which application threads were stopped: 0.0002216 seconds, Stopping threads took: 0.0000642 seconds
2020-04-30T00:25:43.464+0700: 3835.804: Total time for which application threads were stopped: 0.0002214 seconds, Stopping threads took: 0.0000518 seconds
2020-04-30T00:25:44.466+0700: 3836.807: Total time for which application threads were stopped: 0.0001260 seconds, Stopping threads took: 0.0000207 seconds
2020-04-30T00:25:51.489+0700: 3843.830: Total time for which application threads were stopped: 0.0001278 seconds, Stopping threads took: 0.0000356 seconds
2020-04-30T00:25:52.483+0700: 3844.824: Total time for which application threads were stopped: 0.0001146 seconds, Stopping threads took: 0.0000208 seconds
2020-04-30T00:25:52.484+0700: 3844.825: Total time for which application threads were stopped: 0.0001108 seconds, Stopping threads took: 0.0000114 seconds
2020-04-30T00:25:52.484+0700: 3844.825: Total time for which application threads were stopped: 0.0000802 seconds, Stopping threads took: 0.0000103 seconds
2020-04-30T00:25:52.484+0700: 3844.825: Total time for which application threads were stopped: 0.0000618 seconds, Stopping threads took: 0.0000069 seconds
2020-04-30T00:25:52.485+0700: 3844.825: Total time for which application threads were stopped: 0.0000475 seconds, Stopping threads took: 0.0000039 seconds
2020-04-30T00:25:56.502+0700: 3848.843: Total time for which application threads were stopped: 0.0002290 seconds, Stopping threads took: 0.0000405 seconds
2020-04-30T00:25:57.504+0700: 3849.844: Total time for which application threads were stopped: 0.0001310 seconds, Stopping threads took: 0.0000264 seconds
2020-04-30T00:26:06.289+0700: 3858.629: Total time for which application threads were stopped: 0.0001260 seconds, Stopping threads took: 0.0000165 seconds
2020-04-30T00:26:06.291+0700: 3858.631: Total time for which application threads were stopped: 0.0011530 seconds, Stopping threads took: 0.0000089 seconds
2020-04-30T00:26:06.294+0700: 3858.634: Total time for which application threads were stopped: 0.0001354 seconds, Stopping threads took: 0.0000178 seconds
2020-04-30T00:26:06.303+0700: 3858.643: Total time for which application threads were stopped: 0.0001902 seconds, Stopping threads took: 0.0000735 seconds
2020-04-30T00:26:10.355+0700: 3862.695: Total time for which application threads were stopped: 0.0001608 seconds, Stopping threads took: 0.0000303 seconds
2020-04-30T00:26:10.355+0700: 3862.695: Total time for which application threads were stopped: 0.0000861 seconds, Stopping threads took: 0.0000099 seconds
2020-04-30T00:26:10.355+0700: 3862.695: Total time for which application threads were stopped: 0.0000672 seconds, Stopping threads took: 0.0000076 seconds
2020-04-30T00:26:10.355+0700: 3862.695: Total time for which application threads were stopped: 0.0000526 seconds, Stopping threads took: 0.0000045 seconds
2020-04-30T00:26:14.370+0700: 3866.710: Total time for which application threads were stopped: 0.0001498 seconds, Stopping threads took: 0.0000267 seconds
2020-04-30T00:26:19.386+0700: 3871.726: Total time for which application threads were stopped: 0.0001086 seconds, Stopping threads took: 0.0000214 seconds
2020-04-30T00:26:24.190+0700: 3876.530: Total time for which application threads were stopped: 0.0002044 seconds, Stopping threads took: 0.0000197 seconds
2020-04-30T00:26:24.190+0700: 3876.530: Total time for which application threads were stopped: 0.0001232 seconds, Stopping threads took: 0.0000640 seconds
2020-04-30T00:26:24.199+0700: 3876.539: Total time for which application threads were stopped: 0.0000932 seconds, Stopping threads took: 0.0000152 seconds
2020-04-30T00:26:31.471+0700: 3883.811: Total time for which application threads were stopped: 0.0001373 seconds, Stopping threads took: 0.0000266 seconds
2020-04-30T00:26:31.471+0700: 3883.811: Total time for which application threads were stopped: 0.0000915 seconds, Stopping threads took: 0.0000194 seconds
2020-04-30T00:26:31.472+0700: 3883.811: Total time for which application threads were stopped: 0.0000902 seconds, Stopping threads took: 0.0000367 seconds
2020-04-30T00:26:31.472+0700: 3883.812: Total time for which application threads were stopped: 0.0001068 seconds, Stopping threads took: 0.0000233 seconds
2020-04-30T00:26:41.400+0700: 3893.740: Total time for which application threads were stopped: 0.0001156 seconds, Stopping threads took: 0.0000185 seconds
2020-04-30T00:26:42.405+0700: 3894.745: Total time for which application threads were stopped: 0.0001250 seconds, Stopping threads took: 0.0000218 seconds
2020-04-30T00:27:17.070+0700: 3929.409: Total time for which application threads were stopped: 0.0001477 seconds, Stopping threads took: 0.0000205 seconds
2020-04-30T00:27:17.070+0700: 3929.409: Total time for which application threads were stopped: 0.0000816 seconds, Stopping threads took: 0.0000093 seconds
2020-04-30T00:27:17.070+0700: 3929.409: Total time for which application threads were stopped: 0.0001087 seconds, Stopping threads took: 0.0000092 seconds
2020-04-30T00:27:17.071+0700: 3929.409: Total time for which application threads were stopped: 0.0000539 seconds, Stopping threads took: 0.0000049 seconds
2020-04-30T00:27:29.454+0700: 3941.793: Total time for which application threads were stopped: 0.0001136 seconds, Stopping threads took: 0.0000172 seconds
2020-04-30T00:27:30.458+0700: 3942.797: Total time for which application threads were stopped: 0.0001204 seconds, Stopping threads took: 0.0000249 seconds
2020-04-30T00:27:31.460+0700: 3943.798: Total time for which application threads were stopped: 0.0001681 seconds, Stopping threads took: 0.0000236 seconds
2020-04-30T00:27:32.973+0700: 3945.311: Total time for which application threads were stopped: 0.0001453 seconds, Stopping threads took: 0.0000201 seconds
2020-04-30T00:27:32.973+0700: 3945.311: Total time for which application threads were stopped: 0.0000965 seconds, Stopping threads took: 0.0000122 seconds
2020-04-30T00:27:32.973+0700: 3945.312: Total time for which application threads were stopped: 0.0000847 seconds, Stopping threads took: 0.0000128 seconds
2020-04-30T00:27:32.973+0700: 3945.312: Total time for which application threads were stopped: 0.0000842 seconds, Stopping threads took: 0.0000095 seconds
2020-04-30T00:27:36.983+0700: 3949.322: Total time for which application threads were stopped: 0.0001205 seconds, Stopping threads took: 0.0000213 seconds
2020-04-30T00:27:44.005+0700: 3956.343: Total time for which application threads were stopped: 0.0001186 seconds, Stopping threads took: 0.0000316 seconds
2020-04-30T00:27:46.011+0700: 3958.349: Total time for which application threads were stopped: 0.0001389 seconds, Stopping threads took: 0.0000381 seconds
2020-04-30T00:27:46.342+0700: 3958.681: Total time for which application threads were stopped: 0.0002731 seconds, Stopping threads took: 0.0000210 seconds
2020-04-30T00:27:54.930+0700: 3967.268: Total time for which application threads were stopped: 0.0001588 seconds, Stopping threads took: 0.0000227 seconds
2020-04-30T00:27:54.930+0700: 3967.268: Total time for which application threads were stopped: 0.0000824 seconds, Stopping threads took: 0.0000094 seconds
2020-04-30T00:27:54.930+0700: 3967.269: Total time for which application threads were stopped: 0.0000650 seconds, Stopping threads took: 0.0000080 seconds
2020-04-30T00:27:54.930+0700: 3967.269: Total time for which application threads were stopped: 0.0000683 seconds, Stopping threads took: 0.0000076 seconds
2020-04-30T00:28:01.953+0700: 3974.291: Total time for which application threads were stopped: 0.0001169 seconds, Stopping threads took: 0.0000360 seconds
2020-04-30T00:28:08.579+0700: 3980.917: Total time for which application threads were stopped: 0.0001574 seconds, Stopping threads took: 0.0000512 seconds
2020-04-30T00:28:08.579+0700: 3980.917: Total time for which application threads were stopped: 0.0000575 seconds, Stopping threads took: 0.0000038 seconds
2020-04-30T00:28:09.584+0700: 3981.922: Total time for which application threads were stopped: 0.0001383 seconds, Stopping threads took: 0.0000299 seconds
2020-04-30T00:28:10.589+0700: 3982.926: Total time for which application threads were stopped: 0.0001005 seconds, Stopping threads took: 0.0000232 seconds
2020-04-30T00:28:10.912+0700: 3983.250: Total time for which application threads were stopped: 0.0001510 seconds, Stopping threads took: 0.0000248 seconds
2020-04-30T00:28:10.912+0700: 3983.250: Total time for which application threads were stopped: 0.0000972 seconds, Stopping threads took: 0.0000131 seconds
2020-04-30T00:28:10.913+0700: 3983.251: Total time for which application threads were stopped: 0.0000841 seconds, Stopping threads took: 0.0000117 seconds
2020-04-30T00:28:10.913+0700: 3983.251: Total time for which application threads were stopped: 0.0000902 seconds, Stopping threads took: 0.0000225 seconds
2020-04-30T00:28:12.917+0700: 3985.255: Total time for which application threads were stopped: 0.0001796 seconds, Stopping threads took: 0.0000623 seconds
2020-04-30T00:28:16.411+0700: 3988.749: Total time for which application threads were stopped: 0.0001684 seconds, Stopping threads took: 0.0000401 seconds
2020-04-30T00:29:12.814+0700: 4045.142: Total time for which application threads were stopped: 0.0001253 seconds, Stopping threads took: 0.0000210 seconds
2020-04-30T00:29:12.820+0700: 4045.149: Total time for which application threads were stopped: 0.0000829 seconds, Stopping threads took: 0.0000138 seconds
2020-04-30T00:29:12.821+0700: 4045.149: Total time for which application threads were stopped: 0.0000567 seconds, Stopping threads took: 0.0000081 seconds
2020-04-30T00:29:12.821+0700: 4045.149: Total time for which application threads were stopped: 0.0000401 seconds, Stopping threads took: 0.0000042 seconds
2020-04-30T00:30:01.981+0700: 4094.304: Total time for which application threads were stopped: 0.0002087 seconds, Stopping threads took: 0.0000520 seconds
2020-04-30T00:30:05.986+0700: 4098.309: Total time for which application threads were stopped: 0.0001197 seconds, Stopping threads took: 0.0000243 seconds
2020-04-30T00:30:08.984+0700: 4101.308: Total time for which application threads were stopped: 0.0001342 seconds, Stopping threads took: 0.0000222 seconds
2020-04-30T00:30:08.986+0700: 4101.309: Total time for which application threads were stopped: 0.0001120 seconds, Stopping threads took: 0.0000126 seconds
2020-04-30T00:30:08.987+0700: 4101.310: Total time for which application threads were stopped: 0.0001106 seconds, Stopping threads took: 0.0000094 seconds
2020-04-30T00:30:08.987+0700: 4101.310: Total time for which application threads were stopped: 0.0000987 seconds, Stopping threads took: 0.0000087 seconds
2020-04-30T00:30:08.987+0700: 4101.310: Total time for which application threads were stopped: 0.0000598 seconds, Stopping threads took: 0.0000052 seconds
2020-04-30T00:30:09.991+0700: 4102.314: Total time for which application threads were stopped: 0.0001779 seconds, Stopping threads took: 0.0000381 seconds
2020-04-30T00:30:19.736+0700: 4112.059: Total time for which application threads were stopped: 0.0005896 seconds, Stopping threads took: 0.0004533 seconds
2020-04-30T00:30:19.749+0700: 4112.072: Total time for which application threads were stopped: 0.0018044 seconds, Stopping threads took: 0.0014563 seconds
2020-04-30T00:30:20.533+0700: 4112.856: Total time for which application threads were stopped: 0.0002242 seconds, Stopping threads took: 0.0000402 seconds
2020-04-30T00:30:20.534+0700: 4112.857: Total time for which application threads were stopped: 0.0002512 seconds, Stopping threads took: 0.0000893 seconds
2020-04-30T00:30:21.535+0700: 4113.858: Total time for which application threads were stopped: 0.0001599 seconds, Stopping threads took: 0.0000513 seconds
2020-04-30T00:30:22.717+0700: 4115.040: Total time for which application threads were stopped: 0.0001608 seconds, Stopping threads took: 0.0000359 seconds
2020-04-30T00:30:22.717+0700: 4115.040: Total time for which application threads were stopped: 0.0000841 seconds, Stopping threads took: 0.0000099 seconds
2020-04-30T00:30:22.717+0700: 4115.040: Total time for which application threads were stopped: 0.0000678 seconds, Stopping threads took: 0.0000075 seconds
2020-04-30T00:30:22.717+0700: 4115.040: Total time for which application threads were stopped: 0.0000532 seconds, Stopping threads took: 0.0000046 seconds
2020-04-30T00:30:36.273+0700: 4128.596: Total time for which application threads were stopped: 0.0001237 seconds, Stopping threads took: 0.0000350 seconds
2020-04-30T00:30:36.274+0700: 4128.596: Total time for which application threads were stopped: 0.0000927 seconds, Stopping threads took: 0.0000080 seconds
2020-04-30T00:30:36.274+0700: 4128.596: Total time for which application threads were stopped: 0.0001052 seconds, Stopping threads took: 0.0000416 seconds
2020-04-30T00:30:36.274+0700: 4128.597: Total time for which application threads were stopped: 0.0000946 seconds, Stopping threads took: 0.0000266 seconds
2020-04-30T00:30:36.274+0700: 4128.597: Total time for which application threads were stopped: 0.0001297 seconds, Stopping threads took: 0.0000514 seconds
2020-04-30T00:30:36.274+0700: 4128.597: Total time for which application threads were stopped: 0.0001470 seconds, Stopping threads took: 0.0000754 seconds
2020-04-30T00:30:36.275+0700: 4128.597: Total time for which application threads were stopped: 0.0000696 seconds, Stopping threads took: 0.0000072 seconds
2020-04-30T00:30:36.275+0700: 4128.598: Total time for which application threads were stopped: 0.0000724 seconds, Stopping threads took: 0.0000059 seconds
2020-04-30T00:30:36.275+0700: 4128.598: Total time for which application threads were stopped: 0.0000987 seconds, Stopping threads took: 0.0000291 seconds
2020-04-30T00:30:36.275+0700: 4128.598: Total time for which application threads were stopped: 0.0001087 seconds, Stopping threads took: 0.0000326 seconds
2020-04-30T00:30:36.275+0700: 4128.598: Total time for which application threads were stopped: 0.0000798 seconds, Stopping threads took: 0.0000329 seconds
2020-04-30T00:30:36.275+0700: 4128.598: Total time for which application threads were stopped: 0.0000770 seconds, Stopping threads took: 0.0000093 seconds
2020-04-30T00:30:36.276+0700: 4128.598: Total time for which application threads were stopped: 0.0000711 seconds, Stopping threads took: 0.0000072 seconds
2020-04-30T00:30:36.277+0700: 4128.600: Total time for which application threads were stopped: 0.0001808 seconds, Stopping threads took: 0.0000793 seconds
2020-04-30T00:30:36.280+0700: 4128.603: Total time for which application threads were stopped: 0.0001042 seconds, Stopping threads took: 0.0000313 seconds
2020-04-30T00:30:36.281+0700: 4128.604: Total time for which application threads were stopped: 0.0001256 seconds, Stopping threads took: 0.0000267 seconds
2020-04-30T00:30:36.281+0700: 4128.604: Total time for which application threads were stopped: 0.0000659 seconds, Stopping threads took: 0.0000202 seconds
2020-04-30T00:31:08.045+0700: 4160.367: Total time for which application threads were stopped: 0.0001421 seconds, Stopping threads took: 0.0000250 seconds
2020-04-30T00:31:08.118+0700: 4160.440: Total time for which application threads were stopped: 0.0042066 seconds, Stopping threads took: 0.0039597 seconds
2020-04-30T00:31:10.125+0700: 4162.447: Total time for which application threads were stopped: 0.0001567 seconds, Stopping threads took: 0.0000345 seconds
2020-04-30T00:31:10.766+0700: 4163.088: Total time for which application threads were stopped: 0.0001447 seconds, Stopping threads took: 0.0000251 seconds
2020-04-30T00:31:11.771+0700: 4164.093: Total time for which application threads were stopped: 0.0001027 seconds, Stopping threads took: 0.0000208 seconds
2020-04-30T00:31:14.082+0700: 4166.404: Total time for which application threads were stopped: 0.0001263 seconds, Stopping threads took: 0.0000202 seconds
2020-04-30T00:31:14.082+0700: 4166.404: Total time for which application threads were stopped: 0.0000682 seconds, Stopping threads took: 0.0000073 seconds
2020-04-30T00:31:14.082+0700: 4166.404: Total time for which application threads were stopped: 0.0000529 seconds, Stopping threads took: 0.0000062 seconds
2020-04-30T00:31:14.082+0700: 4166.404: Total time for which application threads were stopped: 0.0000401 seconds, Stopping threads took: 0.0000037 seconds
2020-04-30T00:31:16.088+0700: 4168.410: Total time for which application threads were stopped: 0.0001181 seconds, Stopping threads took: 0.0000200 seconds
2020-04-30T00:31:18.097+0700: 4170.419: Total time for which application threads were stopped: 0.0001587 seconds, Stopping threads took: 0.0000386 seconds
2020-04-30T00:31:18.888+0700: 4171.209: Total time for which application threads were stopped: 0.0001511 seconds, Stopping threads took: 0.0000265 seconds
2020-04-30T00:31:19.891+0700: 4172.213: Total time for which application threads were stopped: 0.0001527 seconds, Stopping threads took: 0.0000325 seconds
2020-04-30T00:31:24.906+0700: 4177.228: Total time for which application threads were stopped: 0.0001006 seconds, Stopping threads took: 0.0000205 seconds
2020-04-30T00:31:26.828+0700: 4179.150: Total time for which application threads were stopped: 0.0002044 seconds, Stopping threads took: 0.0000416 seconds
2020-04-30T00:31:26.828+0700: 4179.150: Total time for which application threads were stopped: 0.0000958 seconds, Stopping threads took: 0.0000126 seconds
2020-04-30T00:31:26.828+0700: 4179.150: Total time for which application threads were stopped: 0.0001230 seconds, Stopping threads took: 0.0000142 seconds
2020-04-30T00:31:26.828+0700: 4179.150: Total time for which application threads were stopped: 0.0000722 seconds, Stopping threads took: 0.0000072 seconds
2020-04-30T00:31:32.846+0700: 4185.167: Total time for which application threads were stopped: 0.0001105 seconds, Stopping threads took: 0.0000340 seconds
2020-04-30T00:31:36.855+0700: 4189.177: Total time for which application threads were stopped: 0.0002209 seconds, Stopping threads took: 0.0000515 seconds
2020-04-30T00:32:08.899+0700: 4221.220: Total time for which application threads were stopped: 0.0001047 seconds, Stopping threads took: 0.0000183 seconds
2020-04-30T00:32:08.899+0700: 4221.220: Total time for which application threads were stopped: 0.0000746 seconds, Stopping threads took: 0.0000291 seconds
2020-04-30T00:32:08.906+0700: 4221.227: Total time for which application threads were stopped: 0.0001326 seconds, Stopping threads took: 0.0000258 seconds
2020-04-30T00:33:26.831+0700: 4299.151: Total time for which application threads were stopped: 0.0002456 seconds, Stopping threads took: 0.0000201 seconds
2020-04-30T00:33:26.832+0700: 4299.151: Total time for which application threads were stopped: 0.0001077 seconds, Stopping threads took: 0.0000142 seconds
2020-04-30T00:33:26.832+0700: 4299.152: Total time for which application threads were stopped: 0.0000695 seconds, Stopping threads took: 0.0000080 seconds
2020-04-30T00:33:26.833+0700: 4299.152: Total time for which application threads were stopped: 0.0000618 seconds, Stopping threads took: 0.0000068 seconds
2020-04-30T00:33:26.833+0700: 4299.152: Total time for which application threads were stopped: 0.0000495 seconds, Stopping threads took: 0.0000041 seconds
2020-04-30T00:33:28.472+0700: 4300.791: Total time for which application threads were stopped: 0.0001152 seconds, Stopping threads took: 0.0000210 seconds
2020-04-30T00:33:31.481+0700: 4303.801: Total time for which application threads were stopped: 0.0001003 seconds, Stopping threads took: 0.0000206 seconds
2020-04-30T00:33:40.508+0700: 4312.826: Total time for which application threads were stopped: 0.0001237 seconds, Stopping threads took: 0.0000373 seconds
2020-04-30T00:33:40.648+0700: 4312.967: Total time for which application threads were stopped: 0.0001520 seconds, Stopping threads took: 0.0000356 seconds
2020-04-30T00:33:40.648+0700: 4312.967: Total time for which application threads were stopped: 0.0000959 seconds, Stopping threads took: 0.0000111 seconds
2020-04-30T00:33:40.648+0700: 4312.967: Total time for which application threads were stopped: 0.0000905 seconds, Stopping threads took: 0.0000117 seconds
2020-04-30T00:33:40.648+0700: 4312.967: Total time for which application threads were stopped: 0.0000578 seconds, Stopping threads took: 0.0000050 seconds
2020-04-30T00:33:42.656+0700: 4314.974: Total time for which application threads were stopped: 0.0001229 seconds, Stopping threads took: 0.0000220 seconds
2020-04-30T00:33:46.665+0700: 4318.984: Total time for which application threads were stopped: 0.0001343 seconds, Stopping threads took: 0.0000256 seconds
2020-04-30T00:33:48.673+0700: 4320.992: Total time for which application threads were stopped: 0.0001127 seconds, Stopping threads took: 0.0000359 seconds
2020-04-30T00:33:52.680+0700: 4324.999: Total time for which application threads were stopped: 0.0001869 seconds, Stopping threads took: 0.0000363 seconds
2020-04-30T00:33:57.217+0700: 4329.535: Total time for which application threads were stopped: 0.0001563 seconds, Stopping threads took: 0.0000211 seconds
2020-04-30T00:33:57.217+0700: 4329.535: Total time for which application threads were stopped: 0.0000849 seconds, Stopping threads took: 0.0000102 seconds
2020-04-30T00:33:57.217+0700: 4329.536: Total time for which application threads were stopped: 0.0002036 seconds, Stopping threads took: 0.0000071 seconds
2020-04-30T00:33:57.217+0700: 4329.536: Total time for which application threads were stopped: 0.0001582 seconds, Stopping threads took: 0.0000045 seconds
2020-04-30T00:34:02.563+0700: 4334.881: Total time for which application threads were stopped: 0.0001384 seconds, Stopping threads took: 0.0000190 seconds
2020-04-30T00:34:02.563+0700: 4334.881: Total time for which application threads were stopped: 0.0000558 seconds, Stopping threads took: 0.0000046 seconds
2020-04-30T00:34:04.567+0700: 4336.886: Total time for which application threads were stopped: 0.0001425 seconds, Stopping threads took: 0.0000407 seconds
2020-04-30T00:34:05.568+0700: 4337.887: Total time for which application threads were stopped: 0.0001185 seconds, Stopping threads took: 0.0000192 seconds
2020-04-30T00:34:10.645+0700: 4342.963: Total time for which application threads were stopped: 0.0002026 seconds, Stopping threads took: 0.0000173 seconds
2020-04-30T00:34:51.769+0700: 4384.086: Total time for which application threads were stopped: 0.0001196 seconds, Stopping threads took: 0.0000350 seconds
2020-04-30T00:35:16.859+0700: 4409.176: Total time for which application threads were stopped: 0.0001587 seconds, Stopping threads took: 0.0000206 seconds
2020-04-30T00:35:16.860+0700: 4409.177: Total time for which application threads were stopped: 0.0001152 seconds, Stopping threads took: 0.0000255 seconds
2020-04-30T00:35:16.861+0700: 4409.177: Total time for which application threads were stopped: 0.0000888 seconds, Stopping threads took: 0.0000156 seconds
2020-04-30T00:35:16.861+0700: 4409.178: Total time for which application threads were stopped: 0.0000981 seconds, Stopping threads took: 0.0000084 seconds
2020-04-30T00:35:16.861+0700: 4409.178: Total time for which application threads were stopped: 0.0000563 seconds, Stopping threads took: 0.0000164 seconds
2020-04-30T00:35:19.872+0700: 4412.189: Total time for which application threads were stopped: 0.0001215 seconds, Stopping threads took: 0.0000270 seconds
2020-04-30T00:35:27.897+0700: 4420.214: Total time for which application threads were stopped: 0.0001534 seconds, Stopping threads took: 0.0000335 seconds
2020-04-30T00:35:29.034+0700: 4421.351: Total time for which application threads were stopped: 0.0001478 seconds, Stopping threads took: 0.0000336 seconds
2020-04-30T00:35:30.325+0700: 4422.642: Total time for which application threads were stopped: 0.0002879 seconds, Stopping threads took: 0.0000208 seconds
2020-04-30T00:35:30.325+0700: 4422.642: Total time for which application threads were stopped: 0.0001709 seconds, Stopping threads took: 0.0000092 seconds
2020-04-30T00:35:30.325+0700: 4422.642: Total time for which application threads were stopped: 0.0000579 seconds, Stopping threads took: 0.0000064 seconds
2020-04-30T00:35:30.325+0700: 4422.642: Total time for which application threads were stopped: 0.0000465 seconds, Stopping threads took: 0.0000040 seconds
2020-04-30T00:35:33.193+0700: 4425.510: Total time for which application threads were stopped: 0.0001239 seconds, Stopping threads took: 0.0000196 seconds
2020-04-30T00:35:33.194+0700: 4425.510: Total time for which application threads were stopped: 0.0000804 seconds, Stopping threads took: 0.0000099 seconds
2020-04-30T00:35:34.197+0700: 4426.514: Total time for which application threads were stopped: 0.0001339 seconds, Stopping threads took: 0.0000478 seconds
2020-04-30T00:35:35.200+0700: 4427.516: Total time for which application threads were stopped: 0.0001436 seconds, Stopping threads took: 0.0000467 seconds
2020-04-30T00:35:42.227+0700: 4434.543: Total time for which application threads were stopped: 0.0001360 seconds, Stopping threads took: 0.0000307 seconds
2020-04-30T00:35:44.194+0700: 4436.511: Total time for which application threads were stopped: 0.0000908 seconds, Stopping threads took: 0.0000155 seconds
2020-04-30T00:35:48.071+0700: 4440.387: Total time for which application threads were stopped: 0.0001547 seconds, Stopping threads took: 0.0000349 seconds
2020-04-30T00:35:48.071+0700: 4440.387: Total time for which application threads were stopped: 0.0000860 seconds, Stopping threads took: 0.0000103 seconds
2020-04-30T00:35:48.071+0700: 4440.388: Total time for which application threads were stopped: 0.0000782 seconds, Stopping threads took: 0.0000113 seconds
2020-04-30T00:35:48.071+0700: 4440.388: Total time for which application threads were stopped: 0.0000529 seconds, Stopping threads took: 0.0000048 seconds
2020-04-30T00:35:50.078+0700: 4442.394: Total time for which application threads were stopped: 0.0001153 seconds, Stopping threads took: 0.0000293 seconds
2020-04-30T00:36:01.187+0700: 4453.503: Total time for which application threads were stopped: 0.0002059 seconds, Stopping threads took: 0.0000808 seconds
2020-04-30T00:36:01.187+0700: 4453.503: Total time for which application threads were stopped: 0.0001282 seconds, Stopping threads took: 0.0000633 seconds
2020-04-30T00:36:01.188+0700: 4453.504: Total time for which application threads were stopped: 0.0000855 seconds, Stopping threads took: 0.0000325 seconds
2020-04-30T00:36:01.189+0700: 4453.505: Total time for which application threads were stopped: 0.0000934 seconds, Stopping threads took: 0.0000086 seconds
2020-04-30T00:36:01.189+0700: 4453.505: Total time for which application threads were stopped: 0.0001772 seconds, Stopping threads took: 0.0000702 seconds
2020-04-30T00:36:02.193+0700: 4454.509: Total time for which application threads were stopped: 0.0001249 seconds, Stopping threads took: 0.0000285 seconds
2020-04-30T00:36:04.278+0700: 4456.594: Total time for which application threads were stopped: 0.0001459 seconds, Stopping threads took: 0.0000226 seconds
2020-04-30T00:36:04.278+0700: 4456.594: Total time for which application threads were stopped: 0.0000834 seconds, Stopping threads took: 0.0000097 seconds
2020-04-30T00:36:04.278+0700: 4456.594: Total time for which application threads were stopped: 0.0000694 seconds, Stopping threads took: 0.0000082 seconds
2020-04-30T00:36:04.278+0700: 4456.594: Total time for which application threads were stopped: 0.0000540 seconds, Stopping threads took: 0.0000047 seconds
2020-04-30T00:36:09.292+0700: 4461.608: Total time for which application threads were stopped: 0.0001218 seconds, Stopping threads took: 0.0000427 seconds
2020-04-30T00:36:11.297+0700: 4463.613: Total time for which application threads were stopped: 0.0001033 seconds, Stopping threads took: 0.0000208 seconds
2020-04-30T00:36:16.878+0700: 4469.194: Total time for which application threads were stopped: 0.0001426 seconds, Stopping threads took: 0.0000208 seconds
2020-04-30T00:36:16.878+0700: 4469.194: Total time for which application threads were stopped: 0.0001246 seconds, Stopping threads took: 0.0000154 seconds
2020-04-30T00:36:16.883+0700: 4469.198: Total time for which application threads were stopped: 0.0000918 seconds, Stopping threads took: 0.0000172 seconds
2020-04-30T00:36:16.883+0700: 4469.198: Total time for which application threads were stopped: 0.0000629 seconds, Stopping threads took: 0.0000091 seconds
2020-04-30T00:36:16.883+0700: 4469.198: Total time for which application threads were stopped: 0.0000643 seconds, Stopping threads took: 0.0000104 seconds
2020-04-30T00:36:16.883+0700: 4469.199: Total time for which application threads were stopped: 0.0000503 seconds, Stopping threads took: 0.0000074 seconds
2020-04-30T00:36:16.883+0700: 4469.199: Total time for which application threads were stopped: 0.0001037 seconds, Stopping threads took: 0.0000269 seconds
2020-04-30T00:36:16.883+0700: 4469.199: Total time for which application threads were stopped: 0.0001059 seconds, Stopping threads took: 0.0000234 seconds
2020-04-30T00:36:16.884+0700: 4469.199: Total time for which application threads were stopped: 0.0002075 seconds, Stopping threads took: 0.0000869 seconds
2020-04-30T00:36:16.884+0700: 4469.200: Total time for which application threads were stopped: 0.0004444 seconds, Stopping threads took: 0.0000291 seconds
2020-04-30T00:36:16.886+0700: 4469.202: Total time for which application threads were stopped: 0.0000805 seconds, Stopping threads took: 0.0000145 seconds
2020-04-30T00:36:16.894+0700: 4469.210: Total time for which application threads were stopped: 0.0001800 seconds, Stopping threads took: 0.0000292 seconds
2020-04-30T00:36:16.906+0700: 4469.222: Total time for which application threads were stopped: 0.0001086 seconds, Stopping threads took: 0.0000167 seconds
2020-04-30T00:36:20.127+0700: 4472.442: Total time for which application threads were stopped: 0.0001319 seconds, Stopping threads took: 0.0000192 seconds
2020-04-30T00:36:20.127+0700: 4472.442: Total time for which application threads were stopped: 0.0000697 seconds, Stopping threads took: 0.0000076 seconds
2020-04-30T00:36:20.127+0700: 4472.442: Total time for which application threads were stopped: 0.0000554 seconds, Stopping threads took: 0.0000067 seconds
2020-04-30T00:36:20.127+0700: 4472.442: Total time for which application threads were stopped: 0.0000675 seconds, Stopping threads took: 0.0000083 seconds
2020-04-30T00:36:28.154+0700: 4480.469: Total time for which application threads were stopped: 0.0001617 seconds, Stopping threads took: 0.0000446 seconds
{Heap before GC invocations=16 (full 0):
 garbage-first heap   total 524288K, used 359552K [0x00000007a0000000, 0x00000007a0101000, 0x00000007c0000000)
  region size 1024K, 307 young (314368K), 19 survivors (19456K)
 Metaspace       used 52827K, capacity 55104K, committed 55368K, reserved 1097728K
  class space    used 6187K, capacity 6635K, committed 6732K, reserved 1048576K
2020-04-30T00:36:32.422+0700: 4484.737: [GC pause (G1 Evacuation Pause) (young)
Desired survivor size 20447232 bytes, new threshold 15 (max 15)
- age   1:    3759120 bytes,    3759120 total
- age   2:      86464 bytes,    3845584 total
- age   3:      77656 bytes,    3923240 total
- age   4:    1174112 bytes,    5097352 total
- age   5:     620632 bytes,    5717984 total
- age   6:    5272248 bytes,   10990232 total
, 0.0112949 secs]
   [Parallel Time: 7.8 ms, GC Workers: 8]
      [GC Worker Start (ms): Min: 4484737.0, Avg: 4484737.0, Max: 4484737.1, Diff: 0.1]
      [Ext Root Scanning (ms): Min: 0.4, Avg: 0.7, Max: 2.9, Diff: 2.5, Sum: 5.9]
      [Update RS (ms): Min: 0.0, Avg: 0.4, Max: 0.5, Diff: 0.5, Sum: 3.1]
         [Processed Buffers: Min: 0, Avg: 4.1, Max: 11, Diff: 11, Sum: 33]
      [Scan RS (ms): Min: 0.0, Avg: 0.0, Max: 0.1, Diff: 0.1, Sum: 0.2]
      [Code Root Scanning (ms): Min: 0.0, Avg: 0.6, Max: 1.1, Diff: 1.1, Sum: 4.6]
      [Object Copy (ms): Min: 4.9, Avg: 6.0, Max: 6.8, Diff: 1.9, Sum: 47.9]
      [Termination (ms): Min: 0.0, Avg: 0.0, Max: 0.0, Diff: 0.0, Sum: 0.2]
         [Termination Attempts: Min: 1, Avg: 2.5, Max: 4, Diff: 3, Sum: 20]
      [GC Worker Other (ms): Min: 0.0, Avg: 0.0, Max: 0.0, Diff: 0.0, Sum: 0.1]
      [GC Worker Total (ms): Min: 7.7, Avg: 7.8, Max: 7.8, Diff: 0.1, Sum: 62.1]
      [GC Worker End (ms): Min: 4484744.8, Avg: 4484744.8, Max: 4484744.8, Diff: 0.0]
   [Code Root Fixup: 0.1 ms]
   [Code Root Purge: 0.0 ms]
   [Clear CT: 0.2 ms]
   [Other: 3.2 ms]
      [Choose CSet: 0.0 ms]
      [Ref Proc: 2.4 ms]
      [Ref Enq: 0.2 ms]
      [Redirty Cards: 0.2 ms]
      [Humongous Register: 0.1 ms]
      [Humongous Reclaim: 0.0 ms]
      [Free CSet: 0.2 ms]
   [Eden: 288.0M(288.0M)->0.0B(287.0M) Survivors: 19.0M->20.0M Heap: 351.1M(512.0M)->64.1M(512.0M)]
Heap after GC invocations=17 (full 0):
 garbage-first heap   total 524288K, used 65664K [0x00000007a0000000, 0x00000007a0101000, 0x00000007c0000000)
  region size 1024K, 20 young (20480K), 20 survivors (20480K)
 Metaspace       used 52827K, capacity 55104K, committed 55368K, reserved 1097728K
  class space    used 6187K, capacity 6635K, committed 6732K, reserved 1048576K
}
 [Times: user=0.04 sys=0.02, real=0.01 secs] 
2020-04-30T00:36:32.433+0700: 4484.748: Total time for which application threads were stopped: 0.0116073 seconds, Stopping threads took: 0.0000193 seconds
2020-04-30T00:36:32.434+0700: 4484.749: Total time for which application threads were stopped: 0.0002030 seconds, Stopping threads took: 0.0000213 seconds
2020-04-30T00:36:32.438+0700: 4484.753: Total time for which application threads were stopped: 0.0000868 seconds, Stopping threads took: 0.0000221 seconds
2020-04-30T00:36:36.471+0700: 4488.786: Total time for which application threads were stopped: 0.0001388 seconds, Stopping threads took: 0.0000192 seconds
2020-04-30T00:36:36.471+0700: 4488.786: Total time for which application threads were stopped: 0.0000848 seconds, Stopping threads took: 0.0000102 seconds
2020-04-30T00:36:36.471+0700: 4488.786: Total time for which application threads were stopped: 0.0000643 seconds, Stopping threads took: 0.0000075 seconds
2020-04-30T00:36:36.471+0700: 4488.786: Total time for which application threads were stopped: 0.0000515 seconds, Stopping threads took: 0.0000044 seconds
2020-04-30T00:36:50.130+0700: 4502.444: Total time for which application threads were stopped: 0.0001814 seconds, Stopping threads took: 0.0000318 seconds
2020-04-30T00:37:14.758+0700: 4527.072: Total time for which application threads were stopped: 0.0001891 seconds, Stopping threads took: 0.0000201 seconds
2020-04-30T00:37:14.758+0700: 4527.073: Total time for which application threads were stopped: 0.0000857 seconds, Stopping threads took: 0.0000093 seconds
2020-04-30T00:37:14.758+0700: 4527.073: Total time for which application threads were stopped: 0.0000803 seconds, Stopping threads took: 0.0000102 seconds
2020-04-30T00:37:14.758+0700: 4527.073: Total time for which application threads were stopped: 0.0000740 seconds, Stopping threads took: 0.0000097 seconds
2020-04-30T00:37:24.781+0700: 4537.095: Total time for which application threads were stopped: 0.0001731 seconds, Stopping threads took: 0.0000347 seconds
2020-04-30T00:37:26.789+0700: 4539.103: Total time for which application threads were stopped: 0.0001735 seconds, Stopping threads took: 0.0000659 seconds
2020-04-30T00:37:29.058+0700: 4541.372: Total time for which application threads were stopped: 0.0001056 seconds, Stopping threads took: 0.0000175 seconds
2020-04-30T00:37:31.065+0700: 4543.379: Total time for which application threads were stopped: 0.0002179 seconds, Stopping threads took: 0.0000441 seconds
2020-04-30T00:37:31.647+0700: 4543.961: Total time for which application threads were stopped: 0.0001402 seconds, Stopping threads took: 0.0000216 seconds
2020-04-30T00:37:31.648+0700: 4543.962: Total time for which application threads were stopped: 0.0000782 seconds, Stopping threads took: 0.0000087 seconds
2020-04-30T00:37:31.648+0700: 4543.962: Total time for which application threads were stopped: 0.0000626 seconds, Stopping threads took: 0.0000083 seconds
2020-04-30T00:37:31.648+0700: 4543.962: Total time for which application threads were stopped: 0.0000488 seconds, Stopping threads took: 0.0000044 seconds
2020-04-30T00:37:45.292+0700: 4557.605: Total time for which application threads were stopped: 0.0001158 seconds, Stopping threads took: 0.0000312 seconds
2020-04-30T00:37:47.615+0700: 4559.929: Total time for which application threads were stopped: 0.0001383 seconds, Stopping threads took: 0.0000214 seconds
2020-04-30T00:37:47.615+0700: 4559.929: Total time for which application threads were stopped: 0.0000771 seconds, Stopping threads took: 0.0000083 seconds
2020-04-30T00:37:47.615+0700: 4559.929: Total time for which application threads were stopped: 0.0000650 seconds, Stopping threads took: 0.0000075 seconds
2020-04-30T00:37:47.615+0700: 4559.929: Total time for which application threads were stopped: 0.0000553 seconds, Stopping threads took: 0.0000055 seconds
2020-04-30T00:37:59.653+0700: 4571.967: Total time for which application threads were stopped: 0.0001132 seconds, Stopping threads took: 0.0000352 seconds
2020-04-30T00:38:01.074+0700: 4573.387: Total time for which application threads were stopped: 0.0001147 seconds, Stopping threads took: 0.0000311 seconds
2020-04-30T00:38:01.074+0700: 4573.388: Total time for which application threads were stopped: 0.0001018 seconds, Stopping threads took: 0.0000106 seconds
2020-04-30T00:38:03.185+0700: 4575.498: Total time for which application threads were stopped: 0.0001507 seconds, Stopping threads took: 0.0000231 seconds
2020-04-30T00:38:03.185+0700: 4575.498: Total time for which application threads were stopped: 0.0000856 seconds, Stopping threads took: 0.0000104 seconds
2020-04-30T00:38:03.185+0700: 4575.499: Total time for which application threads were stopped: 0.0000703 seconds, Stopping threads took: 0.0000079 seconds
2020-04-30T00:38:03.185+0700: 4575.499: Total time for which application threads were stopped: 0.0000545 seconds, Stopping threads took: 0.0000051 seconds
2020-04-30T00:38:17.158+0700: 4589.471: Total time for which application threads were stopped: 0.0001096 seconds, Stopping threads took: 0.0000160 seconds
2020-04-30T00:38:18.159+0700: 4590.472: Total time for which application threads were stopped: 0.0001602 seconds, Stopping threads took: 0.0000211 seconds
2020-04-30T00:38:20.168+0700: 4592.481: Total time for which application threads were stopped: 0.0001781 seconds, Stopping threads took: 0.0000226 seconds
2020-04-30T00:38:20.369+0700: 4592.682: Total time for which application threads were stopped: 0.0001502 seconds, Stopping threads took: 0.0000321 seconds
2020-04-30T00:38:21.357+0700: 4593.670: Total time for which application threads were stopped: 0.0001480 seconds, Stopping threads took: 0.0000224 seconds
2020-04-30T00:38:21.358+0700: 4593.671: Total time for which application threads were stopped: 0.0000796 seconds, Stopping threads took: 0.0000089 seconds
2020-04-30T00:38:21.358+0700: 4593.671: Total time for which application threads were stopped: 0.0000643 seconds, Stopping threads took: 0.0000075 seconds
2020-04-30T00:38:21.358+0700: 4593.671: Total time for which application threads were stopped: 0.0000497 seconds, Stopping threads took: 0.0000042 seconds
2020-04-30T00:38:30.392+0700: 4602.705: Total time for which application threads were stopped: 0.0001900 seconds, Stopping threads took: 0.0000652 seconds
2020-04-30T00:38:32.399+0700: 4604.712: Total time for which application threads were stopped: 0.0001499 seconds, Stopping threads took: 0.0000392 seconds
2020-04-30T00:38:34.405+0700: 4606.718: Total time for which application threads were stopped: 0.0001456 seconds, Stopping threads took: 0.0000611 seconds
2020-04-30T00:38:35.030+0700: 4607.343: Total time for which application threads were stopped: 0.0001623 seconds, Stopping threads took: 0.0000348 seconds
2020-04-30T00:38:37.037+0700: 4609.350: Total time for which application threads were stopped: 0.0001736 seconds, Stopping threads took: 0.0000447 seconds
2020-04-30T00:38:37.666+0700: 4609.979: Total time for which application threads were stopped: 0.0001492 seconds, Stopping threads took: 0.0000227 seconds
2020-04-30T00:38:37.666+0700: 4609.979: Total time for which application threads were stopped: 0.0000842 seconds, Stopping threads took: 0.0000099 seconds
2020-04-30T00:38:37.666+0700: 4609.979: Total time for which application threads were stopped: 0.0000666 seconds, Stopping threads took: 0.0000076 seconds
2020-04-30T00:38:37.666+0700: 4609.979: Total time for which application threads were stopped: 0.0001129 seconds, Stopping threads took: 0.0000071 seconds
2020-04-30T00:38:51.241+0700: 4623.553: Total time for which application threads were stopped: 0.0001612 seconds, Stopping threads took: 0.0000407 seconds
2020-04-30T00:38:51.241+0700: 4623.554: Total time for which application threads were stopped: 0.0001168 seconds, Stopping threads took: 0.0000124 seconds
2020-04-30T00:38:52.245+0700: 4624.558: Total time for which application threads were stopped: 0.0001185 seconds, Stopping threads took: 0.0000218 seconds
2020-04-30T00:38:59.009+0700: 4631.321: Total time for which application threads were stopped: 0.0001519 seconds, Stopping threads took: 0.0000221 seconds
2020-04-30T00:38:59.009+0700: 4631.322: Total time for which application threads were stopped: 0.0000831 seconds, Stopping threads took: 0.0000094 seconds
2020-04-30T00:38:59.009+0700: 4631.322: Total time for which application threads were stopped: 0.0000677 seconds, Stopping threads took: 0.0000087 seconds
2020-04-30T00:38:59.009+0700: 4631.322: Total time for which application threads were stopped: 0.0000509 seconds, Stopping threads took: 0.0000045 seconds
2020-04-30T00:39:05.025+0700: 4637.337: Total time for which application threads were stopped: 0.0002290 seconds, Stopping threads took: 0.0001319 seconds
2020-04-30T00:39:11.042+0700: 4643.354: Total time for which application threads were stopped: 0.0001336 seconds, Stopping threads took: 0.0000212 seconds
2020-04-30T00:39:12.420+0700: 4644.732: Total time for which application threads were stopped: 0.0001227 seconds, Stopping threads took: 0.0000249 seconds
2020-04-30T00:39:12.420+0700: 4644.732: Total time for which application threads were stopped: 0.0000627 seconds, Stopping threads took: 0.0000087 seconds
2020-04-30T00:39:12.420+0700: 4644.732: Total time for which application threads were stopped: 0.0000527 seconds, Stopping threads took: 0.0000084 seconds
2020-04-30T00:39:12.420+0700: 4644.732: Total time for which application threads were stopped: 0.0000401 seconds, Stopping threads took: 0.0000058 seconds
2020-04-30T00:39:12.420+0700: 4644.732: Total time for which application threads were stopped: 0.0000377 seconds, Stopping threads took: 0.0000056 seconds
2020-04-30T00:39:12.420+0700: 4644.732: Total time for which application threads were stopped: 0.0000353 seconds, Stopping threads took: 0.0000051 seconds
2020-04-30T00:39:12.420+0700: 4644.732: Total time for which application threads were stopped: 0.0000377 seconds, Stopping threads took: 0.0000055 seconds
2020-04-30T00:39:12.420+0700: 4644.732: Total time for which application threads were stopped: 0.0000359 seconds, Stopping threads took: 0.0000053 seconds
2020-04-30T00:39:12.420+0700: 4644.732: Total time for which application threads were stopped: 0.0000356 seconds, Stopping threads took: 0.0000054 seconds
2020-04-30T00:39:12.420+0700: 4644.732: Total time for which application threads were stopped: 0.0000354 seconds, Stopping threads took: 0.0000051 seconds
2020-04-30T00:39:12.420+0700: 4644.732: Total time for which application threads were stopped: 0.0000357 seconds, Stopping threads took: 0.0000055 seconds
2020-04-30T00:39:12.421+0700: 4644.733: Total time for which application threads were stopped: 0.0000378 seconds, Stopping threads took: 0.0000056 seconds
2020-04-30T00:39:12.421+0700: 4644.733: Total time for which application threads were stopped: 0.0000366 seconds, Stopping threads took: 0.0000054 seconds
2020-04-30T00:39:12.423+0700: 4644.735: Total time for which application threads were stopped: 0.0000977 seconds, Stopping threads took: 0.0000180 seconds
2020-04-30T00:39:12.424+0700: 4644.736: Total time for which application threads were stopped: 0.0000929 seconds, Stopping threads took: 0.0000155 seconds
2020-04-30T00:39:12.444+0700: 4644.756: Total time for which application threads were stopped: 0.0000943 seconds, Stopping threads took: 0.0000159 seconds
2020-04-30T00:39:19.712+0700: 4652.024: Total time for which application threads were stopped: 0.0005317 seconds, Stopping threads took: 0.0000736 seconds
2020-04-30T00:39:19.713+0700: 4652.025: Total time for which application threads were stopped: 0.0002380 seconds, Stopping threads took: 0.0000593 seconds
2020-04-30T00:39:19.713+0700: 4652.025: Total time for which application threads were stopped: 0.0001420 seconds, Stopping threads took: 0.0000119 seconds
2020-04-30T00:39:19.713+0700: 4652.025: Total time for which application threads were stopped: 0.0000606 seconds, Stopping threads took: 0.0000053 seconds
2020-04-30T00:39:23.726+0700: 4656.038: Total time for which application threads were stopped: 0.0001214 seconds, Stopping threads took: 0.0000256 seconds
2020-04-30T00:39:26.736+0700: 4659.048: Total time for which application threads were stopped: 0.0004227 seconds, Stopping threads took: 0.0001338 seconds
2020-04-30T00:39:33.383+0700: 4665.695: Total time for which application threads were stopped: 0.0001142 seconds, Stopping threads took: 0.0000318 seconds
2020-04-30T00:39:33.384+0700: 4665.695: Total time for which application threads were stopped: 0.0001328 seconds, Stopping threads took: 0.0000254 seconds
2020-04-30T00:39:38.455+0700: 4670.766: Total time for which application threads were stopped: 0.0001343 seconds, Stopping threads took: 0.0000201 seconds
2020-04-30T00:39:38.455+0700: 4670.767: Total time for which application threads were stopped: 0.0000827 seconds, Stopping threads took: 0.0000101 seconds
2020-04-30T00:39:38.455+0700: 4670.767: Total time for which application threads were stopped: 0.0000631 seconds, Stopping threads took: 0.0000070 seconds
2020-04-30T00:39:38.455+0700: 4670.767: Total time for which application threads were stopped: 0.0000617 seconds, Stopping threads took: 0.0000071 seconds
2020-04-30T00:39:55.391+0700: 4687.703: Total time for which application threads were stopped: 0.0001457 seconds, Stopping threads took: 0.0000214 seconds
2020-04-30T00:39:55.392+0700: 4687.703: Total time for which application threads were stopped: 0.0000789 seconds, Stopping threads took: 0.0000100 seconds
2020-04-30T00:39:55.392+0700: 4687.703: Total time for which application threads were stopped: 0.0000686 seconds, Stopping threads took: 0.0000078 seconds
2020-04-30T00:39:55.392+0700: 4687.703: Total time for which application threads were stopped: 0.0000537 seconds, Stopping threads took: 0.0000048 seconds
2020-04-30T00:40:08.475+0700: 4700.786: Total time for which application threads were stopped: 0.0001737 seconds, Stopping threads took: 0.0000647 seconds
2020-04-30T00:40:11.325+0700: 4703.636: Total time for which application threads were stopped: 0.0001736 seconds, Stopping threads took: 0.0000320 seconds
2020-04-30T00:40:11.325+0700: 4703.636: Total time for which application threads were stopped: 0.0000995 seconds, Stopping threads took: 0.0000125 seconds
2020-04-30T00:40:11.325+0700: 4703.636: Total time for which application threads were stopped: 0.0000861 seconds, Stopping threads took: 0.0000216 seconds
2020-04-30T00:40:11.326+0700: 4703.636: Total time for which application threads were stopped: 0.0000544 seconds, Stopping threads took: 0.0000048 seconds
2020-04-30T00:40:24.175+0700: 4716.485: Total time for which application threads were stopped: 0.0001518 seconds, Stopping threads took: 0.0000508 seconds
2020-04-30T00:40:24.175+0700: 4716.486: Total time for which application threads were stopped: 0.0000565 seconds, Stopping threads took: 0.0000038 seconds
2020-04-30T00:40:24.184+0700: 4716.494: Total time for which application threads were stopped: 0.0000918 seconds, Stopping threads took: 0.0000282 seconds
2020-04-30T00:40:27.987+0700: 4720.297: Total time for which application threads were stopped: 0.0001409 seconds, Stopping threads took: 0.0000207 seconds
2020-04-30T00:40:27.987+0700: 4720.297: Total time for which application threads were stopped: 0.0000769 seconds, Stopping threads took: 0.0000090 seconds
2020-04-30T00:40:27.987+0700: 4720.298: Total time for which application threads were stopped: 0.0000652 seconds, Stopping threads took: 0.0000073 seconds
2020-04-30T00:40:27.987+0700: 4720.298: Total time for which application threads were stopped: 0.0000516 seconds, Stopping threads took: 0.0000047 seconds
2020-04-30T00:40:41.936+0700: 4734.246: Total time for which application threads were stopped: 0.0002391 seconds, Stopping threads took: 0.0000522 seconds
2020-04-30T00:40:41.937+0700: 4734.247: Total time for which application threads were stopped: 0.0000636 seconds, Stopping threads took: 0.0000095 seconds
2020-04-30T00:40:44.377+0700: 4736.687: Total time for which application threads were stopped: 0.0001598 seconds, Stopping threads took: 0.0000268 seconds
2020-04-30T00:40:44.377+0700: 4736.688: Total time for which application threads were stopped: 0.0000705 seconds, Stopping threads took: 0.0000082 seconds
2020-04-30T00:40:44.378+0700: 4736.688: Total time for which application threads were stopped: 0.0001870 seconds, Stopping threads took: 0.0000067 seconds
2020-04-30T00:40:44.378+0700: 4736.688: Total time for which application threads were stopped: 0.0001366 seconds, Stopping threads took: 0.0000039 seconds
2020-04-30T00:40:45.983+0700: 4738.293: Total time for which application threads were stopped: 0.0001437 seconds, Stopping threads took: 0.0000245 seconds
2020-04-30T00:40:45.983+0700: 4738.293: Total time for which application threads were stopped: 0.0000653 seconds, Stopping threads took: 0.0000054 seconds
2020-04-30T00:40:46.988+0700: 4739.298: Total time for which application threads were stopped: 0.0002654 seconds, Stopping threads took: 0.0000647 seconds
2020-04-30T00:40:49.996+0700: 4742.306: Total time for which application threads were stopped: 0.0001355 seconds, Stopping threads took: 0.0000598 seconds
2020-04-30T00:40:57.477+0700: 4749.787: Total time for which application threads were stopped: 0.0001944 seconds, Stopping threads took: 0.0000431 seconds
2020-04-30T00:40:59.428+0700: 4751.738: Total time for which application threads were stopped: 0.0001576 seconds, Stopping threads took: 0.0000333 seconds
2020-04-30T00:40:59.428+0700: 4751.738: Total time for which application threads were stopped: 0.0001114 seconds, Stopping threads took: 0.0000305 seconds
2020-04-30T00:40:59.428+0700: 4751.738: Total time for which application threads were stopped: 0.0001049 seconds, Stopping threads took: 0.0000238 seconds
2020-04-30T00:40:59.428+0700: 4751.738: Total time for which application threads were stopped: 0.0000925 seconds, Stopping threads took: 0.0000243 seconds
2020-04-30T00:41:00.152+0700: 4752.462: Total time for which application threads were stopped: 0.0001177 seconds, Stopping threads took: 0.0000210 seconds
2020-04-30T00:41:00.156+0700: 4752.466: Total time for which application threads were stopped: 0.0001412 seconds, Stopping threads took: 0.0000383 seconds
2020-04-30T00:41:00.156+0700: 4752.466: Total time for which application threads were stopped: 0.0000847 seconds, Stopping threads took: 0.0000211 seconds
2020-04-30T00:41:00.157+0700: 4752.466: Total time for which application threads were stopped: 0.0000952 seconds, Stopping threads took: 0.0000366 seconds
2020-04-30T00:41:00.157+0700: 4752.466: Total time for which application threads were stopped: 0.0000786 seconds, Stopping threads took: 0.0000198 seconds
2020-04-30T00:41:00.157+0700: 4752.467: Total time for which application threads were stopped: 0.0000887 seconds, Stopping threads took: 0.0000173 seconds
2020-04-30T00:41:00.158+0700: 4752.467: Total time for which application threads were stopped: 0.0001770 seconds, Stopping threads took: 0.0000314 seconds
2020-04-30T00:41:00.158+0700: 4752.468: Total time for which application threads were stopped: 0.0001439 seconds, Stopping threads took: 0.0000697 seconds
2020-04-30T00:41:00.158+0700: 4752.468: Total time for which application threads were stopped: 0.0001220 seconds, Stopping threads took: 0.0000379 seconds
2020-04-30T00:41:00.158+0700: 4752.468: Total time for which application threads were stopped: 0.0001183 seconds, Stopping threads took: 0.0000279 seconds
2020-04-30T00:41:00.158+0700: 4752.468: Total time for which application threads were stopped: 0.0001032 seconds, Stopping threads took: 0.0000339 seconds
2020-04-30T00:41:00.158+0700: 4752.468: Total time for which application threads were stopped: 0.0001438 seconds, Stopping threads took: 0.0000558 seconds
2020-04-30T00:41:00.159+0700: 4752.468: Total time for which application threads were stopped: 0.0001215 seconds, Stopping threads took: 0.0000369 seconds
2020-04-30T00:41:00.159+0700: 4752.469: Total time for which application threads were stopped: 0.0001045 seconds, Stopping threads took: 0.0000256 seconds
2020-04-30T00:41:00.160+0700: 4752.470: Total time for which application threads were stopped: 0.0001867 seconds, Stopping threads took: 0.0000538 seconds
2020-04-30T00:41:00.160+0700: 4752.470: Total time for which application threads were stopped: 0.0001839 seconds, Stopping threads took: 0.0000289 seconds
2020-04-30T00:41:08.175+0700: 4760.484: Total time for which application threads were stopped: 0.0001166 seconds, Stopping threads took: 0.0000340 seconds
2020-04-30T00:41:13.763+0700: 4766.072: Total time for which application threads were stopped: 0.0004622 seconds, Stopping threads took: 0.0000329 seconds
2020-04-30T00:41:45.375+0700: 4797.684: Total time for which application threads were stopped: 0.0001336 seconds, Stopping threads took: 0.0000182 seconds
2020-04-30T00:41:45.375+0700: 4797.684: Total time for which application threads were stopped: 0.0000748 seconds, Stopping threads took: 0.0000078 seconds
2020-04-30T00:41:45.375+0700: 4797.684: Total time for which application threads were stopped: 0.0000602 seconds, Stopping threads took: 0.0000069 seconds
2020-04-30T00:41:45.375+0700: 4797.684: Total time for which application threads were stopped: 0.0000472 seconds, Stopping threads took: 0.0000043 seconds
2020-04-30T00:41:59.715+0700: 4812.023: Total time for which application threads were stopped: 0.0001816 seconds, Stopping threads took: 0.0000440 seconds
2020-04-30T00:41:59.715+0700: 4812.023: Total time for which application threads were stopped: 0.0001488 seconds, Stopping threads took: 0.0000599 seconds
2020-04-30T00:41:59.716+0700: 4812.024: Total time for which application threads were stopped: 0.0001349 seconds, Stopping threads took: 0.0000467 seconds
2020-04-30T00:41:59.716+0700: 4812.024: Total time for which application threads were stopped: 0.0000954 seconds, Stopping threads took: 0.0000300 seconds
2020-04-30T00:41:59.716+0700: 4812.025: Total time for which application threads were stopped: 0.0001043 seconds, Stopping threads took: 0.0000095 seconds
2020-04-30T00:41:59.731+0700: 4812.039: Total time for which application threads were stopped: 0.0000825 seconds, Stopping threads took: 0.0000154 seconds
2020-04-30T00:41:59.775+0700: 4812.084: Total time for which application threads were stopped: 0.0001062 seconds, Stopping threads took: 0.0000180 seconds
2020-04-30T00:42:00.778+0700: 4813.087: Total time for which application threads were stopped: 0.0001283 seconds, Stopping threads took: 0.0000236 seconds
2020-04-30T00:42:01.520+0700: 4813.828: Total time for which application threads were stopped: 0.0001496 seconds, Stopping threads took: 0.0000239 seconds
2020-04-30T00:42:01.520+0700: 4813.828: Total time for which application threads were stopped: 0.0000921 seconds, Stopping threads took: 0.0000095 seconds
2020-04-30T00:42:01.520+0700: 4813.829: Total time for which application threads were stopped: 0.0000686 seconds, Stopping threads took: 0.0000075 seconds
2020-04-30T00:42:01.520+0700: 4813.829: Total time for which application threads were stopped: 0.0000516 seconds, Stopping threads took: 0.0000044 seconds
2020-04-30T00:42:15.577+0700: 4827.886: Total time for which application threads were stopped: 0.0001186 seconds, Stopping threads took: 0.0000345 seconds
2020-04-30T00:42:15.578+0700: 4827.887: Total time for which application threads were stopped: 0.0000774 seconds, Stopping threads took: 0.0000257 seconds
2020-04-30T00:42:15.579+0700: 4827.887: Total time for which application threads were stopped: 0.0000752 seconds, Stopping threads took: 0.0000244 seconds
2020-04-30T00:42:15.579+0700: 4827.887: Total time for which application threads were stopped: 0.0000718 seconds, Stopping threads took: 0.0000240 seconds
2020-04-30T00:42:15.579+0700: 4827.887: Total time for which application threads were stopped: 0.0002101 seconds, Stopping threads took: 0.0000054 seconds
2020-04-30T00:42:15.582+0700: 4827.891: Total time for which application threads were stopped: 0.0000904 seconds, Stopping threads took: 0.0000151 seconds
2020-04-30T00:42:15.588+0700: 4827.896: Total time for which application threads were stopped: 0.0000982 seconds, Stopping threads took: 0.0000169 seconds
2020-04-30T00:42:18.264+0700: 4830.572: Total time for which application threads were stopped: 0.0002885 seconds, Stopping threads took: 0.0000207 seconds
2020-04-30T00:42:18.264+0700: 4830.572: Total time for which application threads were stopped: 0.0001858 seconds, Stopping threads took: 0.0000101 seconds
2020-04-30T00:42:18.264+0700: 4830.573: Total time for which application threads were stopped: 0.0000669 seconds, Stopping threads took: 0.0000075 seconds
2020-04-30T00:42:18.264+0700: 4830.573: Total time for which application threads were stopped: 0.0000509 seconds, Stopping threads took: 0.0000044 seconds
2020-04-30T00:42:18.938+0700: 4831.246: Total time for which application threads were stopped: 0.0001423 seconds, Stopping threads took: 0.0000212 seconds
2020-04-30T00:42:18.938+0700: 4831.246: Total time for which application threads were stopped: 0.0000784 seconds, Stopping threads took: 0.0000094 seconds
2020-04-30T00:42:23.961+0700: 4836.269: Total time for which application threads were stopped: 0.0001248 seconds, Stopping threads took: 0.0000346 seconds
2020-04-30T00:42:35.054+0700: 4847.362: Total time for which application threads were stopped: 0.0002408 seconds, Stopping threads took: 0.0000375 seconds
2020-04-30T00:42:35.055+0700: 4847.362: Total time for which application threads were stopped: 0.0001000 seconds, Stopping threads took: 0.0000121 seconds
2020-04-30T00:42:35.055+0700: 4847.363: Total time for which application threads were stopped: 0.0000705 seconds, Stopping threads took: 0.0000081 seconds
2020-04-30T00:42:35.055+0700: 4847.363: Total time for which application threads were stopped: 0.0000541 seconds, Stopping threads took: 0.0000046 seconds
2020-04-30T00:42:50.387+0700: 4862.694: Total time for which application threads were stopped: 0.0001445 seconds, Stopping threads took: 0.0000216 seconds
2020-04-30T00:42:50.387+0700: 4862.694: Total time for which application threads were stopped: 0.0000848 seconds, Stopping threads took: 0.0000099 seconds
2020-04-30T00:42:50.387+0700: 4862.694: Total time for which application threads were stopped: 0.0000675 seconds, Stopping threads took: 0.0000082 seconds
2020-04-30T00:42:50.387+0700: 4862.694: Total time for which application threads were stopped: 0.0000517 seconds, Stopping threads took: 0.0000046 seconds
2020-04-30T00:42:59.412+0700: 4871.719: Total time for which application threads were stopped: 0.0001870 seconds, Stopping threads took: 0.0000396 seconds
2020-04-30T00:43:00.413+0700: 4872.721: Total time for which application threads were stopped: 0.0001209 seconds, Stopping threads took: 0.0000238 seconds
2020-04-30T00:43:04.426+0700: 4876.733: Total time for which application threads were stopped: 0.0000972 seconds, Stopping threads took: 0.0000183 seconds
2020-04-30T00:43:05.905+0700: 4878.212: Total time for which application threads were stopped: 0.0001690 seconds, Stopping threads took: 0.0000367 seconds
2020-04-30T00:43:05.905+0700: 4878.212: Total time for which application threads were stopped: 0.0001077 seconds, Stopping threads took: 0.0000260 seconds
2020-04-30T00:43:05.905+0700: 4878.212: Total time for which application threads were stopped: 0.0000821 seconds, Stopping threads took: 0.0000112 seconds
2020-04-30T00:43:05.905+0700: 4878.212: Total time for which application threads were stopped: 0.0000693 seconds, Stopping threads took: 0.0000094 seconds
2020-04-30T00:43:07.913+0700: 4880.220: Total time for which application threads were stopped: 0.0002132 seconds, Stopping threads took: 0.0000441 seconds
2020-04-30T00:43:20.245+0700: 4892.552: Total time for which application threads were stopped: 0.0001517 seconds, Stopping threads took: 0.0000204 seconds
2020-04-30T00:43:20.246+0700: 4892.552: Total time for which application threads were stopped: 0.0000783 seconds, Stopping threads took: 0.0000095 seconds
2020-04-30T00:43:20.246+0700: 4892.553: Total time for which application threads were stopped: 0.0001048 seconds, Stopping threads took: 0.0000078 seconds
2020-04-30T00:43:20.252+0700: 4892.558: Total time for which application threads were stopped: 0.0002090 seconds, Stopping threads took: 0.0001092 seconds
2020-04-30T00:43:20.252+0700: 4892.559: Total time for which application threads were stopped: 0.0001176 seconds, Stopping threads took: 0.0000391 seconds
2020-04-30T00:43:20.252+0700: 4892.559: Total time for which application threads were stopped: 0.0001086 seconds, Stopping threads took: 0.0000265 seconds
2020-04-30T00:43:20.254+0700: 4892.561: Total time for which application threads were stopped: 0.0001684 seconds, Stopping threads took: 0.0000340 seconds
2020-04-30T00:43:20.254+0700: 4892.561: Total time for which application threads were stopped: 0.0000874 seconds, Stopping threads took: 0.0000114 seconds
2020-04-30T00:43:20.255+0700: 4892.561: Total time for which application threads were stopped: 0.0000883 seconds, Stopping threads took: 0.0000205 seconds
2020-04-30T00:43:20.255+0700: 4892.562: Total time for which application threads were stopped: 0.0000850 seconds, Stopping threads took: 0.0000117 seconds
2020-04-30T00:43:20.255+0700: 4892.562: Total time for which application threads were stopped: 0.0000807 seconds, Stopping threads took: 0.0000193 seconds
2020-04-30T00:43:20.255+0700: 4892.562: Total time for which application threads were stopped: 0.0000674 seconds, Stopping threads took: 0.0000080 seconds
2020-04-30T00:43:20.255+0700: 4892.562: Total time for which application threads were stopped: 0.0000959 seconds, Stopping threads took: 0.0000308 seconds
2020-04-30T00:43:20.256+0700: 4892.563: Total time for which application threads were stopped: 0.0000844 seconds, Stopping threads took: 0.0000209 seconds
2020-04-30T00:43:20.256+0700: 4892.563: Total time for which application threads were stopped: 0.0000893 seconds, Stopping threads took: 0.0000205 seconds
2020-04-30T00:43:20.283+0700: 4892.590: Total time for which application threads were stopped: 0.0001152 seconds, Stopping threads took: 0.0000297 seconds
2020-04-30T00:43:20.283+0700: 4892.590: Total time for which application threads were stopped: 0.0000599 seconds, Stopping threads took: 0.0000147 seconds
2020-04-30T00:43:20.284+0700: 4892.590: Total time for which application threads were stopped: 0.0000760 seconds, Stopping threads took: 0.0000175 seconds
2020-04-30T00:43:20.284+0700: 4892.591: Total time for which application threads were stopped: 0.0000527 seconds, Stopping threads took: 0.0000139 seconds
2020-04-30T00:43:20.284+0700: 4892.591: Total time for which application threads were stopped: 0.0000477 seconds, Stopping threads took: 0.0000131 seconds
2020-04-30T00:43:20.284+0700: 4892.591: Total time for which application threads were stopped: 0.0000478 seconds, Stopping threads took: 0.0000129 seconds
2020-04-30T00:43:20.284+0700: 4892.591: Total time for which application threads were stopped: 0.0000473 seconds, Stopping threads took: 0.0000130 seconds
2020-04-30T00:43:20.284+0700: 4892.591: Total time for which application threads were stopped: 0.0000473 seconds, Stopping threads took: 0.0000129 seconds
2020-04-30T00:43:20.284+0700: 4892.591: Total time for which application threads were stopped: 0.0000474 seconds, Stopping threads took: 0.0000128 seconds
2020-04-30T00:44:05.740+0700: 4938.046: Total time for which application threads were stopped: 0.0001861 seconds, Stopping threads took: 0.0000525 seconds
2020-04-30T00:44:10.279+0700: 4942.584: Total time for which application threads were stopped: 0.0002713 seconds, Stopping threads took: 0.0000705 seconds
2020-04-30T00:44:10.281+0700: 4942.587: Total time for which application threads were stopped: 0.0002381 seconds, Stopping threads took: 0.0000652 seconds
2020-04-30T00:44:10.288+0700: 4942.594: Total time for which application threads were stopped: 0.0002780 seconds, Stopping threads took: 0.0000955 seconds
2020-04-30T00:44:41.347+0700: 4973.652: Total time for which application threads were stopped: 0.0001474 seconds, Stopping threads took: 0.0000277 seconds
2020-04-30T00:44:41.352+0700: 4973.657: Total time for which application threads were stopped: 0.0001980 seconds, Stopping threads took: 0.0000306 seconds
2020-04-30T00:44:41.621+0700: 4973.926: Total time for which application threads were stopped: 0.0001413 seconds, Stopping threads took: 0.0000199 seconds
2020-04-30T00:46:42.005+0700: 5094.308: Total time for which application threads were stopped: 0.0001503 seconds, Stopping threads took: 0.0000289 seconds
2020-04-30T00:46:42.979+0700: 5095.281: Total time for which application threads were stopped: 0.0001465 seconds, Stopping threads took: 0.0000324 seconds
2020-04-30T00:46:42.979+0700: 5095.282: Total time for which application threads were stopped: 0.0001704 seconds, Stopping threads took: 0.0000806 seconds
2020-04-30T00:46:48.293+0700: 5100.595: Total time for which application threads were stopped: 0.0003195 seconds, Stopping threads took: 0.0000202 seconds
2020-04-30T00:46:48.539+0700: 5100.841: Total time for which application threads were stopped: 0.0001174 seconds, Stopping threads took: 0.0000209 seconds
2020-04-30T00:46:48.543+0700: 5100.846: Total time for which application threads were stopped: 0.0001686 seconds, Stopping threads took: 0.0000196 seconds
2020-04-30T00:46:49.549+0700: 5101.851: Total time for which application threads were stopped: 0.0002782 seconds, Stopping threads took: 0.0000495 seconds
2020-04-30T00:47:05.098+0700: 5117.400: Total time for which application threads were stopped: 0.0013223 seconds, Stopping threads took: 0.0000217 seconds
2020-04-30T00:47:06.099+0700: 5118.401: Total time for which application threads were stopped: 0.0001107 seconds, Stopping threads took: 0.0000209 seconds
2020-04-30T00:47:07.119+0700: 5119.421: Total time for which application threads were stopped: 0.0002247 seconds, Stopping threads took: 0.0000927 seconds
2020-04-30T00:47:07.120+0700: 5119.422: Total time for which application threads were stopped: 0.0002031 seconds, Stopping threads took: 0.0000342 seconds
2020-04-30T00:47:09.319+0700: 5121.621: Total time for which application threads were stopped: 0.0006081 seconds, Stopping threads took: 0.0004249 seconds
2020-04-30T00:47:11.055+0700: 5123.357: Total time for which application threads were stopped: 0.0001253 seconds, Stopping threads took: 0.0000189 seconds
2020-04-30T00:47:11.057+0700: 5123.359: Total time for which application threads were stopped: 0.0002105 seconds, Stopping threads took: 0.0000313 seconds
2020-04-30T00:47:11.057+0700: 5123.359: Total time for which application threads were stopped: 0.0000937 seconds, Stopping threads took: 0.0000134 seconds
2020-04-30T00:47:11.057+0700: 5123.359: Total time for which application threads were stopped: 0.0000571 seconds, Stopping threads took: 0.0000059 seconds
2020-04-30T00:47:16.068+0700: 5128.370: Total time for which application threads were stopped: 0.0001640 seconds, Stopping threads took: 0.0000258 seconds
2020-04-30T00:47:18.076+0700: 5130.378: Total time for which application threads were stopped: 0.0001378 seconds, Stopping threads took: 0.0000518 seconds
2020-04-30T00:47:21.083+0700: 5133.385: Total time for which application threads were stopped: 0.0001447 seconds, Stopping threads took: 0.0000272 seconds
2020-04-30T00:47:23.241+0700: 5135.543: Total time for which application threads were stopped: 0.0001909 seconds, Stopping threads took: 0.0000228 seconds
2020-04-30T00:47:23.241+0700: 5135.543: Total time for which application threads were stopped: 0.0001039 seconds, Stopping threads took: 0.0000124 seconds
2020-04-30T00:47:23.241+0700: 5135.543: Total time for which application threads were stopped: 0.0001463 seconds, Stopping threads took: 0.0000247 seconds
2020-04-30T00:47:23.241+0700: 5135.543: Total time for which application threads were stopped: 0.0000830 seconds, Stopping threads took: 0.0000177 seconds
2020-04-30T00:47:26.251+0700: 5138.552: Total time for which application threads were stopped: 0.0001234 seconds, Stopping threads took: 0.0000378 seconds
2020-04-30T00:47:30.261+0700: 5142.563: Total time for which application threads were stopped: 0.0002362 seconds, Stopping threads took: 0.0000415 seconds
2020-04-30T00:47:36.278+0700: 5148.580: Total time for which application threads were stopped: 0.0001191 seconds, Stopping threads took: 0.0000312 seconds
2020-04-30T00:47:38.845+0700: 5151.147: Total time for which application threads were stopped: 0.0001546 seconds, Stopping threads took: 0.0000223 seconds
2020-04-30T00:47:38.846+0700: 5151.147: Total time for which application threads were stopped: 0.0000947 seconds, Stopping threads took: 0.0000132 seconds
2020-04-30T00:47:38.846+0700: 5151.147: Total time for which application threads were stopped: 0.0000825 seconds, Stopping threads took: 0.0000094 seconds
2020-04-30T00:47:38.846+0700: 5151.147: Total time for which application threads were stopped: 0.0000598 seconds, Stopping threads took: 0.0000051 seconds
2020-04-30T00:47:52.884+0700: 5165.185: Total time for which application threads were stopped: 0.0001519 seconds, Stopping threads took: 0.0000243 seconds
2020-04-30T00:47:54.891+0700: 5167.193: Total time for which application threads were stopped: 0.0001326 seconds, Stopping threads took: 0.0000372 seconds
2020-04-30T00:47:56.492+0700: 5168.793: Total time for which application threads were stopped: 0.0001524 seconds, Stopping threads took: 0.0000208 seconds
2020-04-30T00:47:56.492+0700: 5168.793: Total time for which application threads were stopped: 0.0000981 seconds, Stopping threads took: 0.0000140 seconds
2020-04-30T00:47:56.492+0700: 5168.793: Total time for which application threads were stopped: 0.0000900 seconds, Stopping threads took: 0.0000121 seconds
2020-04-30T00:47:56.492+0700: 5168.794: Total time for which application threads were stopped: 0.0000816 seconds, Stopping threads took: 0.0000110 seconds
2020-04-30T00:47:58.494+0700: 5170.795: Total time for which application threads were stopped: 0.0001769 seconds, Stopping threads took: 0.0000237 seconds
2020-04-30T00:48:05.518+0700: 5177.819: Total time for which application threads were stopped: 0.0001955 seconds, Stopping threads took: 0.0000770 seconds
2020-04-30T00:48:09.291+0700: 5181.592: Total time for which application threads were stopped: 0.0002357 seconds, Stopping threads took: 0.0000335 seconds
2020-04-30T00:48:19.316+0700: 5191.617: Total time for which application threads were stopped: 0.0002665 seconds, Stopping threads took: 0.0000444 seconds
2020-04-30T00:48:29.298+0700: 5201.599: Total time for which application threads were stopped: 0.0001567 seconds, Stopping threads took: 0.0000265 seconds
2020-04-30T00:48:29.299+0700: 5201.599: Total time for which application threads were stopped: 0.0000815 seconds, Stopping threads took: 0.0000089 seconds
2020-04-30T00:48:29.299+0700: 5201.599: Total time for which application threads were stopped: 0.0000658 seconds, Stopping threads took: 0.0000082 seconds
2020-04-30T00:48:29.299+0700: 5201.599: Total time for which application threads were stopped: 0.0000669 seconds, Stopping threads took: 0.0000150 seconds
2020-04-30T00:48:33.308+0700: 5205.608: Total time for which application threads were stopped: 0.0001268 seconds, Stopping threads took: 0.0000400 seconds
2020-04-30T00:48:41.760+0700: 5214.060: Total time for which application threads were stopped: 0.0001615 seconds, Stopping threads took: 0.0000241 seconds
2020-04-30T00:48:41.760+0700: 5214.060: Total time for which application threads were stopped: 0.0000780 seconds, Stopping threads took: 0.0000099 seconds
2020-04-30T00:48:41.760+0700: 5214.060: Total time for which application threads were stopped: 0.0000716 seconds, Stopping threads took: 0.0000078 seconds
2020-04-30T00:48:41.760+0700: 5214.060: Total time for which application threads were stopped: 0.0000752 seconds, Stopping threads took: 0.0000083 seconds
2020-04-30T00:48:49.787+0700: 5222.087: Total time for which application threads were stopped: 0.0002313 seconds, Stopping threads took: 0.0000433 seconds
2020-04-30T00:49:06.675+0700: 5238.975: Total time for which application threads were stopped: 0.0001607 seconds, Stopping threads took: 0.0000218 seconds
2020-04-30T00:49:06.676+0700: 5238.975: Total time for which application threads were stopped: 0.0000970 seconds, Stopping threads took: 0.0000122 seconds
2020-04-30T00:49:06.676+0700: 5238.976: Total time for which application threads were stopped: 0.0000852 seconds, Stopping threads took: 0.0000117 seconds
2020-04-30T00:49:06.676+0700: 5238.976: Total time for which application threads were stopped: 0.0000770 seconds, Stopping threads took: 0.0000110 seconds
2020-04-30T00:49:12.695+0700: 5244.995: Total time for which application threads were stopped: 0.0001397 seconds, Stopping threads took: 0.0000446 seconds
2020-04-30T00:49:15.701+0700: 5248.001: Total time for which application threads were stopped: 0.0001450 seconds, Stopping threads took: 0.0000375 seconds
2020-04-30T00:49:16.973+0700: 5249.272: Total time for which application threads were stopped: 0.0001966 seconds, Stopping threads took: 0.0000295 seconds
2020-04-30T00:49:16.973+0700: 5249.273: Total time for which application threads were stopped: 0.0001198 seconds, Stopping threads took: 0.0000167 seconds
2020-04-30T00:49:16.973+0700: 5249.273: Total time for which application threads were stopped: 0.0000953 seconds, Stopping threads took: 0.0000085 seconds
2020-04-30T00:49:16.974+0700: 5249.273: Total time for which application threads were stopped: 0.0000890 seconds, Stopping threads took: 0.0000089 seconds
2020-04-30T00:49:20.987+0700: 5253.286: Total time for which application threads were stopped: 0.0002157 seconds, Stopping threads took: 0.0000636 seconds
2020-04-30T00:49:30.082+0700: 5262.381: Total time for which application threads were stopped: 0.0001934 seconds, Stopping threads took: 0.0000388 seconds
2020-04-30T00:49:30.082+0700: 5262.382: Total time for which application threads were stopped: 0.0001219 seconds, Stopping threads took: 0.0000257 seconds
2020-04-30T00:49:31.086+0700: 5263.385: Total time for which application threads were stopped: 0.0001839 seconds, Stopping threads took: 0.0000348 seconds
2020-04-30T00:49:40.008+0700: 5272.307: Total time for which application threads were stopped: 0.0001649 seconds, Stopping threads took: 0.0000333 seconds
2020-04-30T00:49:40.009+0700: 5272.308: Total time for which application threads were stopped: 0.0001727 seconds, Stopping threads took: 0.0000540 seconds
2020-04-30T00:49:40.009+0700: 5272.308: Total time for which application threads were stopped: 0.0000887 seconds, Stopping threads took: 0.0000110 seconds
2020-04-30T00:49:40.009+0700: 5272.308: Total time for which application threads were stopped: 0.0000818 seconds, Stopping threads took: 0.0000084 seconds
2020-04-30T00:49:49.332+0700: 5281.631: Total time for which application threads were stopped: 0.0001213 seconds, Stopping threads took: 0.0000201 seconds
2020-04-30T00:49:49.332+0700: 5281.631: Total time for which application threads were stopped: 0.0001860 seconds, Stopping threads took: 0.0000190 seconds
2020-04-30T00:49:49.336+0700: 5281.634: Total time for which application threads were stopped: 0.0000850 seconds, Stopping threads took: 0.0000161 seconds
2020-04-30T00:49:49.336+0700: 5281.635: Total time for which application threads were stopped: 0.0000686 seconds, Stopping threads took: 0.0000083 seconds
2020-04-30T00:49:49.336+0700: 5281.635: Total time for which application threads were stopped: 0.0000430 seconds, Stopping threads took: 0.0000067 seconds
2020-04-30T00:49:49.336+0700: 5281.635: Total time for which application threads were stopped: 0.0000372 seconds, Stopping threads took: 0.0000055 seconds
2020-04-30T00:49:49.336+0700: 5281.635: Total time for which application threads were stopped: 0.0000374 seconds, Stopping threads took: 0.0000052 seconds
2020-04-30T00:49:49.336+0700: 5281.635: Total time for which application threads were stopped: 0.0000373 seconds, Stopping threads took: 0.0000057 seconds
2020-04-30T00:49:49.336+0700: 5281.635: Total time for which application threads were stopped: 0.0000379 seconds, Stopping threads took: 0.0000053 seconds
2020-04-30T00:49:49.336+0700: 5281.635: Total time for which application threads were stopped: 0.0000362 seconds, Stopping threads took: 0.0000053 seconds
2020-04-30T00:49:49.336+0700: 5281.635: Total time for which application threads were stopped: 0.0000370 seconds, Stopping threads took: 0.0000052 seconds
2020-04-30T00:49:49.336+0700: 5281.635: Total time for which application threads were stopped: 0.0000385 seconds, Stopping threads took: 0.0000057 seconds
2020-04-30T00:49:49.337+0700: 5281.635: Total time for which application threads were stopped: 0.0000366 seconds, Stopping threads took: 0.0000053 seconds
2020-04-30T00:49:49.337+0700: 5281.635: Total time for which application threads were stopped: 0.0000362 seconds, Stopping threads took: 0.0000053 seconds
2020-04-30T00:49:49.337+0700: 5281.635: Total time for which application threads were stopped: 0.0000365 seconds, Stopping threads took: 0.0000055 seconds
2020-04-30T00:49:49.337+0700: 5281.636: Total time for which application threads were stopped: 0.0000385 seconds, Stopping threads took: 0.0000054 seconds
2020-04-30T00:49:49.337+0700: 5281.636: Total time for which application threads were stopped: 0.0000388 seconds, Stopping threads took: 0.0000054 seconds
2020-04-30T00:49:49.338+0700: 5281.637: Total time for which application threads were stopped: 0.0000740 seconds, Stopping threads took: 0.0000134 seconds
2020-04-30T00:49:50.341+0700: 5282.640: Total time for which application threads were stopped: 0.0001336 seconds, Stopping threads took: 0.0000250 seconds
2020-04-30T00:49:57.335+0700: 5289.634: Total time for which application threads were stopped: 0.0001477 seconds, Stopping threads took: 0.0000230 seconds
2020-04-30T00:49:57.335+0700: 5289.634: Total time for which application threads were stopped: 0.0000859 seconds, Stopping threads took: 0.0000103 seconds
2020-04-30T00:49:57.336+0700: 5289.634: Total time for which application threads were stopped: 0.0001030 seconds, Stopping threads took: 0.0000335 seconds
2020-04-30T00:49:57.336+0700: 5289.634: Total time for which application threads were stopped: 0.0001078 seconds, Stopping threads took: 0.0000192 seconds
2020-04-30T00:49:58.340+0700: 5290.638: Total time for which application threads were stopped: 0.0002550 seconds, Stopping threads took: 0.0000717 seconds
2020-04-30T00:50:05.368+0700: 5297.666: Total time for which application threads were stopped: 0.0001554 seconds, Stopping threads took: 0.0000588 seconds
2020-04-30T00:50:29.480+0700: 5321.778: Total time for which application threads were stopped: 0.0001490 seconds, Stopping threads took: 0.0000204 seconds
2020-04-30T00:50:29.480+0700: 5321.778: Total time for which application threads were stopped: 0.0000769 seconds, Stopping threads took: 0.0000087 seconds
2020-04-30T00:50:29.480+0700: 5321.778: Total time for which application threads were stopped: 0.0000640 seconds, Stopping threads took: 0.0000073 seconds
2020-04-30T00:50:29.481+0700: 5321.778: Total time for which application threads were stopped: 0.0000518 seconds, Stopping threads took: 0.0000042 seconds
2020-04-30T00:50:39.784+0700: 5332.082: Total time for which application threads were stopped: 0.0001586 seconds, Stopping threads took: 0.0000551 seconds
2020-04-30T00:50:39.784+0700: 5332.082: Total time for which application threads were stopped: 0.0000955 seconds, Stopping threads took: 0.0000209 seconds
2020-04-30T00:50:39.791+0700: 5332.089: Total time for which application threads were stopped: 0.0001184 seconds, Stopping threads took: 0.0000272 seconds
2020-04-30T00:50:44.346+0700: 5336.644: Total time for which application threads were stopped: 0.0001392 seconds, Stopping threads took: 0.0000224 seconds
2020-04-30T00:50:44.346+0700: 5336.644: Total time for which application threads were stopped: 0.0000758 seconds, Stopping threads took: 0.0000087 seconds
2020-04-30T00:50:44.347+0700: 5336.644: Total time for which application threads were stopped: 0.0002116 seconds, Stopping threads took: 0.0000070 seconds
2020-04-30T00:50:44.347+0700: 5336.645: Total time for which application threads were stopped: 0.0001539 seconds, Stopping threads took: 0.0000044 seconds
2020-04-30T00:50:46.476+0700: 5338.774: Total time for which application threads were stopped: 0.0001589 seconds, Stopping threads took: 0.0000314 seconds
2020-04-30T00:50:46.476+0700: 5338.774: Total time for which application threads were stopped: 0.0001415 seconds, Stopping threads took: 0.0000200 seconds
2020-04-30T00:50:57.038+0700: 5349.335: Total time for which application threads were stopped: 0.0001504 seconds, Stopping threads took: 0.0000176 seconds
2020-04-30T00:51:12.845+0700: 5365.142: Total time for which application threads were stopped: 0.0001476 seconds, Stopping threads took: 0.0000217 seconds
2020-04-30T00:51:12.845+0700: 5365.142: Total time for which application threads were stopped: 0.0000934 seconds, Stopping threads took: 0.0000124 seconds
2020-04-30T00:51:12.845+0700: 5365.142: Total time for which application threads were stopped: 0.0001147 seconds, Stopping threads took: 0.0000127 seconds
2020-04-30T00:51:12.845+0700: 5365.142: Total time for which application threads were stopped: 0.0000818 seconds, Stopping threads took: 0.0000100 seconds
2020-04-30T00:51:20.875+0700: 5373.172: Total time for which application threads were stopped: 0.0001138 seconds, Stopping threads took: 0.0000243 seconds
2020-04-30T00:51:24.749+0700: 5377.045: Total time for which application threads were stopped: 0.0001751 seconds, Stopping threads took: 0.0000449 seconds
2020-04-30T00:51:24.749+0700: 5377.046: Total time for which application threads were stopped: 0.0001208 seconds, Stopping threads took: 0.0000329 seconds
2020-04-30T00:51:24.757+0700: 5377.054: Total time for which application threads were stopped: 0.0001019 seconds, Stopping threads took: 0.0000314 seconds
{Heap before GC invocations=17 (full 0):
 garbage-first heap   total 524288K, used 359552K [0x00000007a0000000, 0x00000007a0101000, 0x00000007c0000000)
  region size 1024K, 307 young (314368K), 20 survivors (20480K)
 Metaspace       used 53215K, capacity 55500K, committed 55624K, reserved 1097728K
  class space    used 6209K, capacity 6635K, committed 6732K, reserved 1048576K
2020-04-30T00:51:27.492+0700: 5379.789: [GC pause (G1 Evacuation Pause) (young)
Desired survivor size 20447232 bytes, new threshold 15 (max 15)
- age   1:    5133256 bytes,    5133256 total
- age   2:     848856 bytes,    5982112 total
- age   3:      37000 bytes,    6019112 total
- age   4:      35616 bytes,    6054728 total
- age   5:    1053296 bytes,    7108024 total
- age   6:     547424 bytes,    7655448 total
- age   7:    5262304 bytes,   12917752 total
, 0.0092206 secs]
   [Parallel Time: 6.7 ms, GC Workers: 8]
      [GC Worker Start (ms): Min: 5379789.1, Avg: 5379789.1, Max: 5379789.2, Diff: 0.1]
      [Ext Root Scanning (ms): Min: 0.3, Avg: 0.7, Max: 1.9, Diff: 1.6, Sum: 5.2]
      [Update RS (ms): Min: 0.0, Avg: 0.8, Max: 1.2, Diff: 1.2, Sum: 6.6]
         [Processed Buffers: Min: 0, Avg: 4.9, Max: 9, Diff: 9, Sum: 39]
      [Scan RS (ms): Min: 0.0, Avg: 0.0, Max: 0.1, Diff: 0.1, Sum: 0.2]
      [Code Root Scanning (ms): Min: 0.0, Avg: 0.6, Max: 1.5, Diff: 1.5, Sum: 5.0]
      [Object Copy (ms): Min: 3.9, Avg: 4.4, Max: 5.0, Diff: 1.2, Sum: 35.0]
      [Termination (ms): Min: 0.0, Avg: 0.0, Max: 0.0, Diff: 0.0, Sum: 0.1]
         [Termination Attempts: Min: 1, Avg: 1.1, Max: 2, Diff: 1, Sum: 9]
      [GC Worker Other (ms): Min: 0.0, Avg: 0.0, Max: 0.0, Diff: 0.0, Sum: 0.2]
      [GC Worker Total (ms): Min: 6.5, Avg: 6.6, Max: 6.6, Diff: 0.1, Sum: 52.4]
      [GC Worker End (ms): Min: 5379795.7, Avg: 5379795.7, Max: 5379795.7, Diff: 0.0]
   [Code Root Fixup: 0.1 ms]
   [Code Root Purge: 0.0 ms]
   [Clear CT: 0.1 ms]
   [Other: 2.3 ms]
      [Choose CSet: 0.0 ms]
      [Ref Proc: 1.9 ms]
      [Ref Enq: 0.1 ms]
      [Redirty Cards: 0.1 ms]
      [Humongous Register: 0.0 ms]
      [Humongous Reclaim: 0.0 ms]
      [Free CSet: 0.2 ms]
   [Eden: 287.0M(287.0M)->0.0B(287.0M) Survivors: 20.0M->20.0M Heap: 351.1M(512.0M)->64.6M(512.0M)]
Heap after GC invocations=18 (full 0):
 garbage-first heap   total 524288K, used 66176K [0x00000007a0000000, 0x00000007a0101000, 0x00000007c0000000)
  region size 1024K, 20 young (20480K), 20 survivors (20480K)
 Metaspace       used 53215K, capacity 55500K, committed 55624K, reserved 1097728K
  class space    used 6209K, capacity 6635K, committed 6732K, reserved 1048576K
}
 [Times: user=0.05 sys=0.00, real=0.01 secs] 
2020-04-30T00:51:27.502+0700: 5379.798: Total time for which application threads were stopped: 0.0095291 seconds, Stopping threads took: 0.0000214 seconds
2020-04-30T00:51:28.504+0700: 5380.801: Total time for which application threads were stopped: 0.0001834 seconds, Stopping threads took: 0.0000668 seconds
2020-04-30T00:51:30.073+0700: 5382.369: Total time for which application threads were stopped: 0.0001506 seconds, Stopping threads took: 0.0000230 seconds
2020-04-30T00:51:30.073+0700: 5382.370: Total time for which application threads were stopped: 0.0000975 seconds, Stopping threads took: 0.0000126 seconds
2020-04-30T00:51:30.073+0700: 5382.370: Total time for which application threads were stopped: 0.0000771 seconds, Stopping threads took: 0.0000095 seconds
2020-04-30T00:51:30.073+0700: 5382.370: Total time for which application threads were stopped: 0.0001085 seconds, Stopping threads took: 0.0000118 seconds
2020-04-30T00:51:31.077+0700: 5383.373: Total time for which application threads were stopped: 0.0001265 seconds, Stopping threads took: 0.0000245 seconds
2020-04-30T00:51:42.507+0700: 5394.804: Total time for which application threads were stopped: 0.0001403 seconds, Stopping threads took: 0.0000254 seconds
2020-04-30T00:51:42.508+0700: 5394.804: Total time for which application threads were stopped: 0.0000578 seconds, Stopping threads took: 0.0000060 seconds
2020-04-30T00:51:42.517+0700: 5394.814: Total time for which application threads were stopped: 0.0001247 seconds, Stopping threads took: 0.0000191 seconds
2020-04-30T00:51:46.530+0700: 5398.826: Total time for which application threads were stopped: 0.0001515 seconds, Stopping threads took: 0.0000242 seconds
2020-04-30T00:51:47.101+0700: 5399.398: Total time for which application threads were stopped: 0.0001511 seconds, Stopping threads took: 0.0000245 seconds
2020-04-30T00:51:47.101+0700: 5399.398: Total time for which application threads were stopped: 0.0000820 seconds, Stopping threads took: 0.0000076 seconds
2020-04-30T00:51:47.102+0700: 5399.398: Total time for which application threads were stopped: 0.0000871 seconds, Stopping threads took: 0.0000253 seconds
2020-04-30T00:51:47.102+0700: 5399.398: Total time for which application threads were stopped: 0.0000640 seconds, Stopping threads took: 0.0000080 seconds
2020-04-30T00:51:57.130+0700: 5409.426: Total time for which application threads were stopped: 0.0002560 seconds, Stopping threads took: 0.0000586 seconds
2020-04-30T00:52:00.723+0700: 5413.019: Total time for which application threads were stopped: 0.0001546 seconds, Stopping threads took: 0.0000214 seconds
2020-04-30T00:52:06.566+0700: 5418.862: Total time for which application threads were stopped: 0.0001575 seconds, Stopping threads took: 0.0000218 seconds
2020-04-30T00:52:06.566+0700: 5418.862: Total time for which application threads were stopped: 0.0000746 seconds, Stopping threads took: 0.0000082 seconds
2020-04-30T00:52:06.566+0700: 5418.862: Total time for which application threads were stopped: 0.0000740 seconds, Stopping threads took: 0.0000083 seconds
2020-04-30T00:52:06.566+0700: 5418.862: Total time for which application threads were stopped: 0.0000916 seconds, Stopping threads took: 0.0000118 seconds
2020-04-30T00:52:07.569+0700: 5419.865: Total time for which application threads were stopped: 0.0001315 seconds, Stopping threads took: 0.0000374 seconds
2020-04-30T00:52:08.572+0700: 5420.868: Total time for which application threads were stopped: 0.0002287 seconds, Stopping threads took: 0.0000425 seconds
2020-04-30T00:52:17.085+0700: 5429.381: Total time for which application threads were stopped: 0.0001189 seconds, Stopping threads took: 0.0000346 seconds
2020-04-30T00:52:20.096+0700: 5432.391: Total time for which application threads were stopped: 0.0002366 seconds, Stopping threads took: 0.0000429 seconds
2020-04-30T00:52:23.686+0700: 5435.981: Total time for which application threads were stopped: 0.0001594 seconds, Stopping threads took: 0.0000235 seconds
2020-04-30T00:52:23.686+0700: 5435.981: Total time for which application threads were stopped: 0.0002563 seconds, Stopping threads took: 0.0000105 seconds
2020-04-30T00:52:23.686+0700: 5435.982: Total time for which application threads were stopped: 0.0000791 seconds, Stopping threads took: 0.0000095 seconds
2020-04-30T00:52:23.686+0700: 5435.982: Total time for which application threads were stopped: 0.0000572 seconds, Stopping threads took: 0.0000050 seconds
2020-04-30T00:52:32.226+0700: 5444.521: Total time for which application threads were stopped: 0.0002524 seconds, Stopping threads took: 0.0000216 seconds
2020-04-30T00:52:35.027+0700: 5447.322: Total time for which application threads were stopped: 0.0001882 seconds, Stopping threads took: 0.0000428 seconds
2020-04-30T00:52:35.027+0700: 5447.323: Total time for which application threads were stopped: 0.0001245 seconds, Stopping threads took: 0.0000485 seconds
2020-04-30T00:52:35.028+0700: 5447.324: Total time for which application threads were stopped: 0.0001538 seconds, Stopping threads took: 0.0000634 seconds
2020-04-30T00:52:35.029+0700: 5447.324: Total time for which application threads were stopped: 0.0001216 seconds, Stopping threads took: 0.0000275 seconds
2020-04-30T00:52:36.032+0700: 5448.327: Total time for which application threads were stopped: 0.0001524 seconds, Stopping threads took: 0.0000306 seconds
2020-04-30T00:52:43.218+0700: 5455.514: Total time for which application threads were stopped: 0.0003314 seconds, Stopping threads took: 0.0000233 seconds
2020-04-30T00:52:43.219+0700: 5455.514: Total time for which application threads were stopped: 0.0000683 seconds, Stopping threads took: 0.0000089 seconds
2020-04-30T00:52:43.219+0700: 5455.514: Total time for which application threads were stopped: 0.0000613 seconds, Stopping threads took: 0.0000072 seconds
2020-04-30T00:52:43.219+0700: 5455.514: Total time for which application threads were stopped: 0.0000486 seconds, Stopping threads took: 0.0000043 seconds
2020-04-30T00:52:46.158+0700: 5458.453: Total time for which application threads were stopped: 0.0001503 seconds, Stopping threads took: 0.0000230 seconds
2020-04-30T00:52:51.077+0700: 5463.372: Total time for which application threads were stopped: 0.0001144 seconds, Stopping threads took: 0.0000217 seconds
2020-04-30T00:52:51.077+0700: 5463.372: Total time for which application threads were stopped: 0.0000564 seconds, Stopping threads took: 0.0000088 seconds
2020-04-30T00:52:51.077+0700: 5463.372: Total time for which application threads were stopped: 0.0000465 seconds, Stopping threads took: 0.0000074 seconds
2020-04-30T00:52:51.077+0700: 5463.373: Total time for which application threads were stopped: 0.0002096 seconds, Stopping threads took: 0.0000062 seconds
2020-04-30T00:52:54.184+0700: 5466.478: Total time for which application threads were stopped: 0.0001167 seconds, Stopping threads took: 0.0000363 seconds
2020-04-30T00:52:54.184+0700: 5466.479: Total time for which application threads were stopped: 0.0000830 seconds, Stopping threads took: 0.0000126 seconds
2020-04-30T00:52:54.185+0700: 5466.480: Total time for which application threads were stopped: 0.0000745 seconds, Stopping threads took: 0.0000182 seconds
2020-04-30T00:52:54.187+0700: 5466.482: Total time for which application threads were stopped: 0.0000857 seconds, Stopping threads took: 0.0000156 seconds
2020-04-30T00:52:54.187+0700: 5466.482: Total time for which application threads were stopped: 0.0000541 seconds, Stopping threads took: 0.0000064 seconds
2020-04-30T00:52:54.187+0700: 5466.482: Total time for which application threads were stopped: 0.0000438 seconds, Stopping threads took: 0.0000059 seconds
2020-04-30T00:52:54.188+0700: 5466.482: Total time for which application threads were stopped: 0.0000403 seconds, Stopping threads took: 0.0000057 seconds
2020-04-30T00:52:54.188+0700: 5466.483: Total time for which application threads were stopped: 0.0000479 seconds, Stopping threads took: 0.0000074 seconds
2020-04-30T00:52:54.188+0700: 5466.483: Total time for which application threads were stopped: 0.0000417 seconds, Stopping threads took: 0.0000058 seconds
2020-04-30T00:52:54.188+0700: 5466.483: Total time for which application threads were stopped: 0.0000442 seconds, Stopping threads took: 0.0000059 seconds
2020-04-30T00:52:54.188+0700: 5466.483: Total time for which application threads were stopped: 0.0000404 seconds, Stopping threads took: 0.0000057 seconds
2020-04-30T00:52:54.188+0700: 5466.483: Total time for which application threads were stopped: 0.0000394 seconds, Stopping threads took: 0.0000056 seconds
2020-04-30T00:52:54.188+0700: 5466.483: Total time for which application threads were stopped: 0.0000390 seconds, Stopping threads took: 0.0000056 seconds
2020-04-30T00:52:54.188+0700: 5466.483: Total time for which application threads were stopped: 0.0000425 seconds, Stopping threads took: 0.0000057 seconds
2020-04-30T00:52:54.188+0700: 5466.483: Total time for which application threads were stopped: 0.0000405 seconds, Stopping threads took: 0.0000056 seconds
2020-04-30T00:52:54.190+0700: 5466.485: Total time for which application threads were stopped: 0.0000757 seconds, Stopping threads took: 0.0000136 seconds
2020-04-30T00:52:54.190+0700: 5466.485: Total time for which application threads were stopped: 0.0000596 seconds, Stopping threads took: 0.0000076 seconds
2020-04-30T00:52:54.199+0700: 5466.494: Total time for which application threads were stopped: 0.0002685 seconds, Stopping threads took: 0.0000467 seconds
2020-04-30T00:52:54.210+0700: 5466.505: Total time for which application threads were stopped: 0.0000951 seconds, Stopping threads took: 0.0000186 seconds
2020-04-30T00:52:57.316+0700: 5469.611: Total time for which application threads were stopped: 0.0001499 seconds, Stopping threads took: 0.0000217 seconds
2020-04-30T00:52:57.316+0700: 5469.611: Total time for which application threads were stopped: 0.0001648 seconds, Stopping threads took: 0.0000761 seconds
2020-04-30T00:52:57.317+0700: 5469.611: Total time for which application threads were stopped: 0.0000842 seconds, Stopping threads took: 0.0000200 seconds
2020-04-30T00:52:57.317+0700: 5469.612: Total time for which application threads were stopped: 0.0000788 seconds, Stopping threads took: 0.0000139 seconds
2020-04-30T00:53:10.253+0700: 5482.548: Total time for which application threads were stopped: 0.0001041 seconds, Stopping threads took: 0.0000194 seconds
2020-04-30T00:53:13.263+0700: 5485.558: Total time for which application threads were stopped: 0.0001270 seconds, Stopping threads took: 0.0000362 seconds
2020-04-30T00:53:22.123+0700: 5494.417: Total time for which application threads were stopped: 0.0001827 seconds, Stopping threads took: 0.0000484 seconds
2020-04-30T00:53:22.123+0700: 5494.418: Total time for which application threads were stopped: 0.0001067 seconds, Stopping threads took: 0.0000216 seconds
2020-04-30T00:53:22.123+0700: 5494.418: Total time for which application threads were stopped: 0.0000824 seconds, Stopping threads took: 0.0000118 seconds
2020-04-30T00:53:22.123+0700: 5494.418: Total time for which application threads were stopped: 0.0000582 seconds, Stopping threads took: 0.0000051 seconds
2020-04-30T00:53:27.960+0700: 5500.255: Total time for which application threads were stopped: 0.0001415 seconds, Stopping threads took: 0.0000341 seconds
2020-04-30T00:53:33.726+0700: 5506.020: Total time for which application threads were stopped: 0.0001525 seconds, Stopping threads took: 0.0000230 seconds
2020-04-30T00:53:33.726+0700: 5506.020: Total time for which application threads were stopped: 0.0000728 seconds, Stopping threads took: 0.0000087 seconds
2020-04-30T00:53:33.726+0700: 5506.021: Total time for which application threads were stopped: 0.0000692 seconds, Stopping threads took: 0.0000081 seconds
2020-04-30T00:53:33.726+0700: 5506.021: Total time for which application threads were stopped: 0.0000552 seconds, Stopping threads took: 0.0000049 seconds
2020-04-30T00:53:44.153+0700: 5516.447: Total time for which application threads were stopped: 0.0001804 seconds, Stopping threads took: 0.0000591 seconds
2020-04-30T00:53:44.153+0700: 5516.447: Total time for which application threads were stopped: 0.0000787 seconds, Stopping threads took: 0.0000071 seconds
2020-04-30T00:53:44.160+0700: 5516.454: Total time for which application threads were stopped: 0.0001012 seconds, Stopping threads took: 0.0000269 seconds
2020-04-30T00:53:52.184+0700: 5524.477: Total time for which application threads were stopped: 0.0002065 seconds, Stopping threads took: 0.0000392 seconds
2020-04-30T00:53:52.184+0700: 5524.478: Total time for which application threads were stopped: 0.0001030 seconds, Stopping threads took: 0.0000234 seconds
2020-04-30T00:53:52.184+0700: 5524.478: Total time for which application threads were stopped: 0.0000942 seconds, Stopping threads took: 0.0000218 seconds
2020-04-30T00:53:52.184+0700: 5524.478: Total time for which application threads were stopped: 0.0000806 seconds, Stopping threads took: 0.0000183 seconds
2020-04-30T00:54:01.681+0700: 5533.975: Total time for which application threads were stopped: 0.0001344 seconds, Stopping threads took: 0.0000360 seconds
2020-04-30T00:54:01.681+0700: 5533.975: Total time for which application threads were stopped: 0.0000703 seconds, Stopping threads took: 0.0000238 seconds
2020-04-30T00:54:01.688+0700: 5533.982: Total time for which application threads were stopped: 0.0000727 seconds, Stopping threads took: 0.0000132 seconds
2020-04-30T00:54:07.441+0700: 5539.735: Total time for which application threads were stopped: 0.0001689 seconds, Stopping threads took: 0.0000238 seconds
2020-04-30T00:54:07.442+0700: 5539.735: Total time for which application threads were stopped: 0.0000751 seconds, Stopping threads took: 0.0000084 seconds
2020-04-30T00:54:07.442+0700: 5539.735: Total time for which application threads were stopped: 0.0000829 seconds, Stopping threads took: 0.0000081 seconds
2020-04-30T00:54:07.442+0700: 5539.735: Total time for which application threads were stopped: 0.0000929 seconds, Stopping threads took: 0.0000120 seconds
2020-04-30T00:54:18.061+0700: 5550.354: Total time for which application threads were stopped: 0.0002961 seconds, Stopping threads took: 0.0000194 seconds
2020-04-30T00:54:18.063+0700: 5550.356: Total time for which application threads were stopped: 0.0000833 seconds, Stopping threads took: 0.0000119 seconds
2020-04-30T00:54:29.063+0700: 5561.356: Total time for which application threads were stopped: 0.0001752 seconds, Stopping threads took: 0.0000347 seconds
2020-04-30T00:54:29.064+0700: 5561.357: Total time for which application threads were stopped: 0.0001029 seconds, Stopping threads took: 0.0000131 seconds
2020-04-30T00:54:29.064+0700: 5561.357: Total time for which application threads were stopped: 0.0000924 seconds, Stopping threads took: 0.0000127 seconds
2020-04-30T00:54:29.064+0700: 5561.357: Total time for which application threads were stopped: 0.0000713 seconds, Stopping threads took: 0.0000084 seconds
2020-04-30T00:54:38.809+0700: 5571.102: Total time for which application threads were stopped: 0.0001517 seconds, Stopping threads took: 0.0000207 seconds
2020-04-30T00:54:38.809+0700: 5571.102: Total time for which application threads were stopped: 0.0001059 seconds, Stopping threads took: 0.0000089 seconds
2020-04-30T00:54:38.819+0700: 5571.112: Total time for which application threads were stopped: 0.0000873 seconds, Stopping threads took: 0.0000152 seconds
2020-04-30T00:54:44.600+0700: 5576.893: Total time for which application threads were stopped: 0.0003141 seconds, Stopping threads took: 0.0000246 seconds
2020-04-30T00:54:44.604+0700: 5576.897: Total time for which application threads were stopped: 0.0000951 seconds, Stopping threads took: 0.0000177 seconds
2020-04-30T00:54:44.606+0700: 5576.899: Total time for which application threads were stopped: 0.0001346 seconds, Stopping threads took: 0.0000427 seconds
2020-04-30T00:54:44.606+0700: 5576.899: Total time for which application threads were stopped: 0.0000980 seconds, Stopping threads took: 0.0000278 seconds
2020-04-30T00:54:44.607+0700: 5576.899: Total time for which application threads were stopped: 0.0001029 seconds, Stopping threads took: 0.0000187 seconds
2020-04-30T00:54:44.607+0700: 5576.900: Total time for which application threads were stopped: 0.0001008 seconds, Stopping threads took: 0.0000215 seconds
2020-04-30T00:54:44.607+0700: 5576.900: Total time for which application threads were stopped: 0.0002845 seconds, Stopping threads took: 0.0000245 seconds
2020-04-30T00:54:44.796+0700: 5577.088: Total time for which application threads were stopped: 0.0001322 seconds, Stopping threads took: 0.0000264 seconds
2020-04-30T00:54:44.796+0700: 5577.089: Total time for which application threads were stopped: 0.0000831 seconds, Stopping threads took: 0.0000200 seconds
2020-04-30T00:54:44.796+0700: 5577.089: Total time for which application threads were stopped: 0.0000608 seconds, Stopping threads took: 0.0000070 seconds
2020-04-30T00:54:44.796+0700: 5577.089: Total time for which application threads were stopped: 0.0000559 seconds, Stopping threads took: 0.0000133 seconds
2020-04-30T00:54:44.867+0700: 5577.160: Total time for which application threads were stopped: 0.0001380 seconds, Stopping threads took: 0.0000283 seconds
2020-04-30T00:54:51.894+0700: 5584.186: Total time for which application threads were stopped: 0.0001014 seconds, Stopping threads took: 0.0000200 seconds
2020-04-30T00:54:53.880+0700: 5586.173: Total time for which application threads were stopped: 0.0001468 seconds, Stopping threads took: 0.0000181 seconds
2020-04-30T00:54:58.896+0700: 5591.188: Total time for which application threads were stopped: 0.0001409 seconds, Stopping threads took: 0.0000610 seconds
2020-04-30T00:55:01.037+0700: 5593.329: Total time for which application threads were stopped: 0.0001591 seconds, Stopping threads took: 0.0000219 seconds
2020-04-30T00:55:01.037+0700: 5593.330: Total time for which application threads were stopped: 0.0000884 seconds, Stopping threads took: 0.0000096 seconds
2020-04-30T00:55:01.038+0700: 5593.330: Total time for which application threads were stopped: 0.0002218 seconds, Stopping threads took: 0.0000079 seconds
2020-04-30T00:55:01.038+0700: 5593.330: Total time for which application threads were stopped: 0.0001692 seconds, Stopping threads took: 0.0000048 seconds
2020-04-30T00:55:11.540+0700: 5603.832: Total time for which application threads were stopped: 0.0001418 seconds, Stopping threads took: 0.0000205 seconds
2020-04-30T00:55:11.540+0700: 5603.832: Total time for which application threads were stopped: 0.0000763 seconds, Stopping threads took: 0.0000088 seconds
2020-04-30T00:55:13.348+0700: 5605.640: Total time for which application threads were stopped: 0.0001700 seconds, Stopping threads took: 0.0000523 seconds
2020-04-30T00:55:13.348+0700: 5605.640: Total time for which application threads were stopped: 0.0000923 seconds, Stopping threads took: 0.0000039 seconds
2020-04-30T00:55:13.357+0700: 5605.649: Total time for which application threads were stopped: 0.0001072 seconds, Stopping threads took: 0.0000295 seconds
2020-04-30T00:55:13.357+0700: 5605.649: Total time for which application threads were stopped: 0.0001507 seconds, Stopping threads took: 0.0000508 seconds
2020-04-30T00:55:13.358+0700: 5605.650: Total time for which application threads were stopped: 0.0001302 seconds, Stopping threads took: 0.0000364 seconds
2020-04-30T00:55:14.359+0700: 5606.651: Total time for which application threads were stopped: 0.0002316 seconds, Stopping threads took: 0.0000314 seconds
2020-04-30T00:55:22.813+0700: 5615.105: Total time for which application threads were stopped: 0.0001493 seconds, Stopping threads took: 0.0000221 seconds
2020-04-30T00:55:22.813+0700: 5615.105: Total time for which application threads were stopped: 0.0000861 seconds, Stopping threads took: 0.0000083 seconds
2020-04-30T00:55:22.813+0700: 5615.105: Total time for which application threads were stopped: 0.0000658 seconds, Stopping threads took: 0.0000074 seconds
2020-04-30T00:55:22.813+0700: 5615.105: Total time for which application threads were stopped: 0.0000529 seconds, Stopping threads took: 0.0000044 seconds
2020-04-30T00:55:31.088+0700: 5623.380: Total time for which application threads were stopped: 0.0001517 seconds, Stopping threads took: 0.0000243 seconds
2020-04-30T00:55:31.088+0700: 5623.380: Total time for which application threads were stopped: 0.0000652 seconds, Stopping threads took: 0.0000106 seconds
2020-04-30T00:55:31.089+0700: 5623.380: Total time for which application threads were stopped: 0.0000586 seconds, Stopping threads took: 0.0000090 seconds
2020-04-30T00:55:31.089+0700: 5623.380: Total time for which application threads were stopped: 0.0000468 seconds, Stopping threads took: 0.0000070 seconds
2020-04-30T00:55:31.089+0700: 5623.380: Total time for which application threads were stopped: 0.0000389 seconds, Stopping threads took: 0.0000053 seconds
2020-04-30T00:55:31.089+0700: 5623.381: Total time for which application threads were stopped: 0.0000460 seconds, Stopping threads took: 0.0000073 seconds
2020-04-30T00:55:31.089+0700: 5623.381: Total time for which application threads were stopped: 0.0000427 seconds, Stopping threads took: 0.0000062 seconds
2020-04-30T00:55:31.089+0700: 5623.381: Total time for which application threads were stopped: 0.0000460 seconds, Stopping threads took: 0.0000076 seconds
2020-04-30T00:55:31.089+0700: 5623.381: Total time for which application threads were stopped: 0.0000411 seconds, Stopping threads took: 0.0000064 seconds
2020-04-30T00:55:31.089+0700: 5623.381: Total time for which application threads were stopped: 0.0000680 seconds, Stopping threads took: 0.0000065 seconds
2020-04-30T00:55:31.089+0700: 5623.381: Total time for which application threads were stopped: 0.0000962 seconds, Stopping threads took: 0.0000135 seconds
2020-04-30T00:55:31.089+0700: 5623.381: Total time for which application threads were stopped: 0.0000417 seconds, Stopping threads took: 0.0000064 seconds
2020-04-30T00:55:31.090+0700: 5623.381: Total time for which application threads were stopped: 0.0000711 seconds, Stopping threads took: 0.0000084 seconds
2020-04-30T00:55:31.090+0700: 5623.381: Total time for which application threads were stopped: 0.0000459 seconds, Stopping threads took: 0.0000065 seconds
2020-04-30T00:55:31.090+0700: 5623.381: Total time for which application threads were stopped: 0.0000398 seconds, Stopping threads took: 0.0000058 seconds
2020-04-30T00:55:31.092+0700: 5623.383: Total time for which application threads were stopped: 0.0001060 seconds, Stopping threads took: 0.0000280 seconds
2020-04-30T00:55:31.094+0700: 5623.386: Total time for which application threads were stopped: 0.0001550 seconds, Stopping threads took: 0.0000260 seconds
2020-04-30T00:55:31.096+0700: 5623.388: Total time for which application threads were stopped: 0.0001148 seconds, Stopping threads took: 0.0000198 seconds
2020-04-30T00:55:31.097+0700: 5623.389: Total time for which application threads were stopped: 0.0001808 seconds, Stopping threads took: 0.0000689 seconds
2020-04-30T00:55:31.098+0700: 5623.390: Total time for which application threads were stopped: 0.0001804 seconds, Stopping threads took: 0.0000857 seconds
2020-04-30T00:55:31.112+0700: 5623.404: Total time for which application threads were stopped: 0.0000806 seconds, Stopping threads took: 0.0000157 seconds
2020-04-30T00:55:33.741+0700: 5626.032: Total time for which application threads were stopped: 0.0001594 seconds, Stopping threads took: 0.0000255 seconds
2020-04-30T00:55:33.741+0700: 5626.032: Total time for which application threads were stopped: 0.0000843 seconds, Stopping threads took: 0.0000090 seconds
2020-04-30T00:55:33.741+0700: 5626.033: Total time for which application threads were stopped: 0.0000684 seconds, Stopping threads took: 0.0000077 seconds
2020-04-30T00:55:33.741+0700: 5626.033: Total time for which application threads were stopped: 0.0000547 seconds, Stopping threads took: 0.0000046 seconds
2020-04-30T00:55:47.220+0700: 5639.511: Total time for which application threads were stopped: 0.0001642 seconds, Stopping threads took: 0.0000270 seconds
2020-04-30T00:55:48.224+0700: 5640.515: Total time for which application threads were stopped: 0.0001573 seconds, Stopping threads took: 0.0000564 seconds
2020-04-30T00:55:51.034+0700: 5643.325: Total time for which application threads were stopped: 0.0001579 seconds, Stopping threads took: 0.0000247 seconds
2020-04-30T00:55:51.034+0700: 5643.325: Total time for which application threads were stopped: 0.0000827 seconds, Stopping threads took: 0.0000141 seconds
2020-04-30T00:55:51.034+0700: 5643.326: Total time for which application threads were stopped: 0.0000819 seconds, Stopping threads took: 0.0000099 seconds
2020-04-30T00:55:51.034+0700: 5643.326: Total time for which application threads were stopped: 0.0000584 seconds, Stopping threads took: 0.0000052 seconds
2020-04-30T00:56:02.317+0700: 5654.608: Total time for which application threads were stopped: 0.0001442 seconds, Stopping threads took: 0.0000216 seconds
2020-04-30T00:56:05.505+0700: 5657.796: Total time for which application threads were stopped: 0.0001547 seconds, Stopping threads took: 0.0000217 seconds
2020-04-30T00:56:05.505+0700: 5657.796: Total time for which application threads were stopped: 0.0001025 seconds, Stopping threads took: 0.0000087 seconds
2020-04-30T00:56:05.506+0700: 5657.797: Total time for which application threads were stopped: 0.0000726 seconds, Stopping threads took: 0.0000081 seconds
2020-04-30T00:56:05.506+0700: 5657.797: Total time for which application threads were stopped: 0.0000557 seconds, Stopping threads took: 0.0000047 seconds
2020-04-30T00:56:18.352+0700: 5670.642: Total time for which application threads were stopped: 0.0002251 seconds, Stopping threads took: 0.0000329 seconds
2020-04-30T00:56:26.887+0700: 5679.177: Total time for which application threads were stopped: 0.0001584 seconds, Stopping threads took: 0.0000221 seconds
2020-04-30T00:56:26.887+0700: 5679.178: Total time for which application threads were stopped: 0.0000884 seconds, Stopping threads took: 0.0000098 seconds
2020-04-30T00:56:26.887+0700: 5679.178: Total time for which application threads were stopped: 0.0000710 seconds, Stopping threads took: 0.0000083 seconds
2020-04-30T00:56:26.887+0700: 5679.178: Total time for which application threads were stopped: 0.0000542 seconds, Stopping threads took: 0.0000047 seconds
2020-04-30T00:56:30.902+0700: 5683.192: Total time for which application threads were stopped: 0.0002065 seconds, Stopping threads took: 0.0000202 seconds
2020-04-30T00:56:36.650+0700: 5688.940: Total time for which application threads were stopped: 0.0001313 seconds, Stopping threads took: 0.0000286 seconds
2020-04-30T00:56:36.651+0700: 5688.942: Total time for which application threads were stopped: 0.0001084 seconds, Stopping threads took: 0.0000148 seconds
2020-04-30T00:56:36.672+0700: 5688.963: Total time for which application threads were stopped: 0.0001495 seconds, Stopping threads took: 0.0000141 seconds
2020-04-30T00:56:37.677+0700: 5689.968: Total time for which application threads were stopped: 0.0001624 seconds, Stopping threads took: 0.0000428 seconds
2020-04-30T00:56:38.681+0700: 5690.971: Total time for which application threads were stopped: 0.0001618 seconds, Stopping threads took: 0.0000313 seconds
2020-04-30T00:56:43.424+0700: 5695.714: Total time for which application threads were stopped: 0.0001488 seconds, Stopping threads took: 0.0000234 seconds
2020-04-30T00:56:43.424+0700: 5695.715: Total time for which application threads were stopped: 0.0000793 seconds, Stopping threads took: 0.0000088 seconds
2020-04-30T00:56:43.424+0700: 5695.715: Total time for which application threads were stopped: 0.0000670 seconds, Stopping threads took: 0.0000083 seconds
2020-04-30T00:56:43.425+0700: 5695.715: Total time for which application threads were stopped: 0.0000521 seconds, Stopping threads took: 0.0000045 seconds
2020-04-30T00:56:57.571+0700: 5709.861: Total time for which application threads were stopped: 0.0002734 seconds, Stopping threads took: 0.0001255 seconds
2020-04-30T00:56:57.571+0700: 5709.861: Total time for which application threads were stopped: 0.0002732 seconds, Stopping threads took: 0.0000271 seconds
2020-04-30T00:56:57.573+0700: 5709.863: Total time for which application threads were stopped: 0.0001299 seconds, Stopping threads took: 0.0000305 seconds
2020-04-30T00:56:57.573+0700: 5709.863: Total time for which application threads were stopped: 0.0001185 seconds, Stopping threads took: 0.0000454 seconds
2020-04-30T00:57:06.602+0700: 5718.892: Total time for which application threads were stopped: 0.0002386 seconds, Stopping threads took: 0.0000643 seconds
2020-04-30T00:57:09.230+0700: 5721.520: Total time for which application threads were stopped: 0.0001597 seconds, Stopping threads took: 0.0000217 seconds
2020-04-30T00:57:09.230+0700: 5721.520: Total time for which application threads were stopped: 0.0000855 seconds, Stopping threads took: 0.0000081 seconds
2020-04-30T00:57:09.230+0700: 5721.520: Total time for which application threads were stopped: 0.0000715 seconds, Stopping threads took: 0.0000083 seconds
2020-04-30T00:57:09.230+0700: 5721.520: Total time for which application threads were stopped: 0.0000574 seconds, Stopping threads took: 0.0000047 seconds
2020-04-30T00:57:21.355+0700: 5733.645: Total time for which application threads were stopped: 0.0001520 seconds, Stopping threads took: 0.0000355 seconds
2020-04-30T00:57:21.356+0700: 5733.645: Total time for which application threads were stopped: 0.0000665 seconds, Stopping threads took: 0.0000070 seconds
2020-04-30T00:57:26.531+0700: 5738.820: Total time for which application threads were stopped: 0.0001557 seconds, Stopping threads took: 0.0000313 seconds
2020-04-30T00:57:26.531+0700: 5738.820: Total time for which application threads were stopped: 0.0001047 seconds, Stopping threads took: 0.0000200 seconds
2020-04-30T00:57:26.531+0700: 5738.821: Total time for which application threads were stopped: 0.0000746 seconds, Stopping threads took: 0.0000102 seconds
2020-04-30T00:57:26.531+0700: 5738.821: Total time for which application threads were stopped: 0.0000668 seconds, Stopping threads took: 0.0000093 seconds
2020-04-30T00:57:28.539+0700: 5740.828: Total time for which application threads were stopped: 0.0002421 seconds, Stopping threads took: 0.0000424 seconds
2020-04-30T00:57:37.566+0700: 5749.855: Total time for which application threads were stopped: 0.0001312 seconds, Stopping threads took: 0.0000444 seconds
2020-04-30T00:57:48.091+0700: 5760.380: Total time for which application threads were stopped: 0.0001608 seconds, Stopping threads took: 0.0000223 seconds
2020-04-30T00:57:48.091+0700: 5760.380: Total time for which application threads were stopped: 0.0000840 seconds, Stopping threads took: 0.0000092 seconds
2020-04-30T00:57:48.091+0700: 5760.380: Total time for which application threads were stopped: 0.0001387 seconds, Stopping threads took: 0.0000102 seconds
2020-04-30T00:57:48.091+0700: 5760.380: Total time for which application threads were stopped: 0.0000783 seconds, Stopping threads took: 0.0000085 seconds
2020-04-30T00:57:55.562+0700: 5767.851: Total time for which application threads were stopped: 0.0001602 seconds, Stopping threads took: 0.0000442 seconds
2020-04-30T00:57:57.296+0700: 5769.584: Total time for which application threads were stopped: 0.0001510 seconds, Stopping threads took: 0.0000188 seconds
2020-04-30T00:57:57.296+0700: 5769.584: Total time for which application threads were stopped: 0.0000865 seconds, Stopping threads took: 0.0000040 seconds
2020-04-30T00:57:57.303+0700: 5769.592: Total time for which application threads were stopped: 0.0001741 seconds, Stopping threads took: 0.0000775 seconds
2020-04-30T00:57:57.303+0700: 5769.592: Total time for which application threads were stopped: 0.0001142 seconds, Stopping threads took: 0.0000278 seconds
2020-04-30T00:57:57.304+0700: 5769.593: Total time for which application threads were stopped: 0.0001443 seconds, Stopping threads took: 0.0000375 seconds
2020-04-30T00:57:58.308+0700: 5770.596: Total time for which application threads were stopped: 0.0002356 seconds, Stopping threads took: 0.0000657 seconds
2020-04-30T00:57:59.035+0700: 5771.324: Total time for which application threads were stopped: 0.0001292 seconds, Stopping threads took: 0.0000305 seconds
2020-04-30T00:58:06.645+0700: 5778.933: Total time for which application threads were stopped: 0.0001653 seconds, Stopping threads took: 0.0000241 seconds
2020-04-30T00:58:06.645+0700: 5778.933: Total time for which application threads were stopped: 0.0000745 seconds, Stopping threads took: 0.0000090 seconds
2020-04-30T00:58:06.645+0700: 5778.934: Total time for which application threads were stopped: 0.0000739 seconds, Stopping threads took: 0.0000085 seconds
2020-04-30T00:58:06.645+0700: 5778.934: Total time for which application threads were stopped: 0.0000583 seconds, Stopping threads took: 0.0000048 seconds
2020-04-30T00:58:12.953+0700: 5785.242: Total time for which application threads were stopped: 0.0001353 seconds, Stopping threads took: 0.0000511 seconds
2020-04-30T00:58:12.954+0700: 5785.242: Total time for which application threads were stopped: 0.0000816 seconds, Stopping threads took: 0.0000269 seconds
2020-04-30T00:58:12.956+0700: 5785.245: Total time for which application threads were stopped: 0.0001316 seconds, Stopping threads took: 0.0000333 seconds
2020-04-30T00:58:12.957+0700: 5785.245: Total time for which application threads were stopped: 0.0000872 seconds, Stopping threads took: 0.0000238 seconds
2020-04-30T00:58:12.957+0700: 5785.245: Total time for which application threads were stopped: 0.0000743 seconds, Stopping threads took: 0.0000241 seconds
2020-04-30T00:58:12.957+0700: 5785.245: Total time for which application threads were stopped: 0.0000754 seconds, Stopping threads took: 0.0000231 seconds
2020-04-30T00:58:12.957+0700: 5785.245: Total time for which application threads were stopped: 0.0000897 seconds, Stopping threads took: 0.0000243 seconds
2020-04-30T00:58:12.957+0700: 5785.246: Total time for which application threads were stopped: 0.0002147 seconds, Stopping threads took: 0.0000054 seconds
2020-04-30T00:58:12.967+0700: 5785.256: Total time for which application threads were stopped: 0.0001880 seconds, Stopping threads took: 0.0000764 seconds
2020-04-30T00:58:22.395+0700: 5794.683: Total time for which application threads were stopped: 0.0001464 seconds, Stopping threads took: 0.0000228 seconds
2020-04-30T00:58:22.395+0700: 5794.683: Total time for which application threads were stopped: 0.0000817 seconds, Stopping threads took: 0.0000093 seconds
2020-04-30T00:58:22.395+0700: 5794.683: Total time for which application threads were stopped: 0.0000674 seconds, Stopping threads took: 0.0000089 seconds
2020-04-30T00:58:22.395+0700: 5794.683: Total time for which application threads were stopped: 0.0000511 seconds, Stopping threads took: 0.0000046 seconds
2020-04-30T00:58:34.506+0700: 5806.794: Total time for which application threads were stopped: 0.0001186 seconds, Stopping threads took: 0.0000323 seconds
2020-04-30T00:58:34.506+0700: 5806.794: Total time for which application threads were stopped: 0.0000628 seconds, Stopping threads took: 0.0000084 seconds
2020-04-30T00:58:35.510+0700: 5807.797: Total time for which application threads were stopped: 0.0001132 seconds, Stopping threads took: 0.0000243 seconds
2020-04-30T00:58:38.520+0700: 5810.808: Total time for which application threads were stopped: 0.0001399 seconds, Stopping threads took: 0.0000272 seconds
2020-04-30T00:58:39.699+0700: 5811.986: Total time for which application threads were stopped: 0.0001467 seconds, Stopping threads took: 0.0000201 seconds
2020-04-30T00:58:39.699+0700: 5811.987: Total time for which application threads were stopped: 0.0002477 seconds, Stopping threads took: 0.0000210 seconds
2020-04-30T00:58:39.699+0700: 5811.987: Total time for which application threads were stopped: 0.0000780 seconds, Stopping threads took: 0.0000102 seconds
2020-04-30T00:58:39.699+0700: 5811.987: Total time for which application threads were stopped: 0.0000552 seconds, Stopping threads took: 0.0000047 seconds
2020-04-30T00:58:43.640+0700: 5815.928: Total time for which application threads were stopped: 0.0001516 seconds, Stopping threads took: 0.0000230 seconds
2020-04-30T00:58:58.913+0700: 5831.201: Total time for which application threads were stopped: 0.0003172 seconds, Stopping threads took: 0.0000227 seconds
2020-04-30T00:58:58.914+0700: 5831.201: Total time for which application threads were stopped: 0.0000684 seconds, Stopping threads took: 0.0000096 seconds
2020-04-30T00:58:58.914+0700: 5831.201: Total time for which application threads were stopped: 0.0000643 seconds, Stopping threads took: 0.0000085 seconds
2020-04-30T00:58:58.914+0700: 5831.201: Total time for which application threads were stopped: 0.0000562 seconds, Stopping threads took: 0.0000046 seconds
2020-04-30T00:59:08.735+0700: 5841.022: Total time for which application threads were stopped: 0.0001847 seconds, Stopping threads took: 0.0000201 seconds
2020-04-30T00:59:08.743+0700: 5841.030: Total time for which application threads were stopped: 0.0001254 seconds, Stopping threads took: 0.0000185 seconds
2020-04-30T00:59:08.745+0700: 5841.032: Total time for which application threads were stopped: 0.0000852 seconds, Stopping threads took: 0.0000136 seconds
2020-04-30T00:59:09.298+0700: 5841.585: Total time for which application threads were stopped: 0.0001510 seconds, Stopping threads took: 0.0000286 seconds
2020-04-30T00:59:09.298+0700: 5841.586: Total time for which application threads were stopped: 0.0000912 seconds, Stopping threads took: 0.0000294 seconds
2020-04-30T00:59:14.174+0700: 5846.461: Total time for which application threads were stopped: 0.0001344 seconds, Stopping threads took: 0.0000220 seconds
2020-04-30T00:59:14.175+0700: 5846.462: Total time for which application threads were stopped: 0.0000885 seconds, Stopping threads took: 0.0000097 seconds
2020-04-30T00:59:18.736+0700: 5851.023: Total time for which application threads were stopped: 0.0001438 seconds, Stopping threads took: 0.0000183 seconds
2020-04-30T00:59:24.751+0700: 5857.038: Total time for which application threads were stopped: 0.0002251 seconds, Stopping threads took: 0.0000437 seconds
2020-04-30T00:59:27.009+0700: 5859.296: Total time for which application threads were stopped: 0.0001524 seconds, Stopping threads took: 0.0000226 seconds
2020-04-30T00:59:27.009+0700: 5859.296: Total time for which application threads were stopped: 0.0000831 seconds, Stopping threads took: 0.0000091 seconds
2020-04-30T00:59:27.010+0700: 5859.296: Total time for which application threads were stopped: 0.0000890 seconds, Stopping threads took: 0.0000118 seconds
2020-04-30T00:59:27.010+0700: 5859.297: Total time for which application threads were stopped: 0.0000874 seconds, Stopping threads took: 0.0000102 seconds
2020-04-30T00:59:39.657+0700: 5871.944: Total time for which application threads were stopped: 0.0002084 seconds, Stopping threads took: 0.0000184 seconds
2020-04-30T00:59:39.659+0700: 5871.945: Total time for which application threads were stopped: 0.0000937 seconds, Stopping threads took: 0.0000130 seconds
2020-04-30T00:59:46.156+0700: 5878.442: Total time for which application threads were stopped: 0.0001722 seconds, Stopping threads took: 0.0000226 seconds
2020-04-30T00:59:46.156+0700: 5878.443: Total time for which application threads were stopped: 0.0000840 seconds, Stopping threads took: 0.0000091 seconds
2020-04-30T00:59:46.156+0700: 5878.443: Total time for which application threads were stopped: 0.0000696 seconds, Stopping threads took: 0.0000087 seconds
2020-04-30T00:59:46.156+0700: 5878.443: Total time for which application threads were stopped: 0.0000530 seconds, Stopping threads took: 0.0000046 seconds
{Heap before GC invocations=18 (full 0):
 garbage-first heap   total 524288K, used 360064K [0x00000007a0000000, 0x00000007a0101000, 0x00000007c0000000)
  region size 1024K, 307 young (314368K), 20 survivors (20480K)
 Metaspace       used 53308K, capacity 55568K, committed 55880K, reserved 1097728K
  class space    used 6209K, capacity 6635K, committed 6732K, reserved 1048576K
2020-04-30T00:59:52.535+0700: 5884.821: [GC pause (G1 Evacuation Pause) (young)
Desired survivor size 20447232 bytes, new threshold 15 (max 15)
- age   1:    5651032 bytes,    5651032 total
- age   2:     705920 bytes,    6356952 total
- age   3:      64544 bytes,    6421496 total
- age   4:      36584 bytes,    6458080 total
- age   5:      34672 bytes,    6492752 total
- age   6:    1020512 bytes,    7513264 total
- age   7:     540648 bytes,    8053912 total
- age   8:    5243744 bytes,   13297656 total
, 0.0095888 secs]
   [Parallel Time: 7.0 ms, GC Workers: 8]
      [GC Worker Start (ms): Min: 5884820.9, Avg: 5884821.0, Max: 5884821.0, Diff: 0.1]
      [Ext Root Scanning (ms): Min: 0.3, Avg: 0.5, Max: 1.3, Diff: 1.0, Sum: 3.9]
      [Update RS (ms): Min: 0.0, Avg: 0.4, Max: 0.6, Diff: 0.6, Sum: 3.1]
         [Processed Buffers: Min: 0, Avg: 3.5, Max: 19, Diff: 19, Sum: 28]
      [Scan RS (ms): Min: 0.0, Avg: 0.0, Max: 0.1, Diff: 0.1, Sum: 0.2]
      [Code Root Scanning (ms): Min: 0.0, Avg: 1.1, Max: 2.3, Diff: 2.3, Sum: 8.8]
      [Object Copy (ms): Min: 3.8, Avg: 4.9, Max: 6.0, Diff: 2.1, Sum: 39.0]
      [Termination (ms): Min: 0.0, Avg: 0.0, Max: 0.0, Diff: 0.0, Sum: 0.1]
         [Termination Attempts: Min: 1, Avg: 1.0, Max: 1, Diff: 0, Sum: 8]
      [GC Worker Other (ms): Min: 0.0, Avg: 0.0, Max: 0.0, Diff: 0.0, Sum: 0.2]
      [GC Worker Total (ms): Min: 6.9, Avg: 6.9, Max: 7.0, Diff: 0.1, Sum: 55.3]
      [GC Worker End (ms): Min: 5884827.9, Avg: 5884827.9, Max: 5884827.9, Diff: 0.0]
   [Code Root Fixup: 0.1 ms]
   [Code Root Purge: 0.0 ms]
   [Clear CT: 0.1 ms]
   [Other: 2.4 ms]
      [Choose CSet: 0.0 ms]
      [Ref Proc: 1.9 ms]
      [Ref Enq: 0.1 ms]
      [Redirty Cards: 0.1 ms]
      [Humongous Register: 0.0 ms]
      [Humongous Reclaim: 0.0 ms]
      [Free CSet: 0.2 ms]
   [Eden: 287.0M(287.0M)->0.0B(286.0M) Survivors: 20.0M->21.0M Heap: 351.6M(512.0M)->65.1M(512.0M)]
Heap after GC invocations=19 (full 0):
 garbage-first heap   total 524288K, used 66688K [0x00000007a0000000, 0x00000007a0101000, 0x00000007c0000000)
  region size 1024K, 21 young (21504K), 21 survivors (21504K)
 Metaspace       used 53308K, capacity 55568K, committed 55880K, reserved 1097728K
  class space    used 6209K, capacity 6635K, committed 6732K, reserved 1048576K
}
 [Times: user=0.05 sys=0.01, real=0.01 secs] 
2020-04-30T00:59:52.544+0700: 5884.831: Total time for which application threads were stopped: 0.0099306 seconds, Stopping threads took: 0.0000239 seconds
2020-04-30T00:59:52.545+0700: 5884.831: Total time for which application threads were stopped: 0.0002614 seconds, Stopping threads took: 0.0000411 seconds
2020-04-30T00:59:55.633+0700: 5887.919: Total time for which application threads were stopped: 0.0001012 seconds, Stopping threads took: 0.0000175 seconds
2020-04-30T00:59:59.779+0700: 5892.065: Total time for which application threads were stopped: 0.0001498 seconds, Stopping threads took: 0.0000212 seconds
2020-04-30T00:59:59.779+0700: 5892.065: Total time for which application threads were stopped: 0.0000822 seconds, Stopping threads took: 0.0000089 seconds
2020-04-30T00:59:59.779+0700: 5892.066: Total time for which application threads were stopped: 0.0000679 seconds, Stopping threads took: 0.0000076 seconds
2020-04-30T00:59:59.779+0700: 5892.066: Total time for which application threads were stopped: 0.0000533 seconds, Stopping threads took: 0.0000046 seconds
2020-04-30T01:00:04.586+0700: 5896.872: Total time for which application threads were stopped: 0.0001339 seconds, Stopping threads took: 0.0000231 seconds
2020-04-30T01:00:04.590+0700: 5896.876: Total time for which application threads were stopped: 0.0001223 seconds, Stopping threads took: 0.0000184 seconds
2020-04-30T01:00:11.872+0700: 5904.157: Total time for which application threads were stopped: 0.0001872 seconds, Stopping threads took: 0.0000628 seconds
2020-04-30T01:00:11.872+0700: 5904.157: Total time for which application threads were stopped: 0.0001000 seconds, Stopping threads took: 0.0000157 seconds
2020-04-30T01:00:11.874+0700: 5904.159: Total time for which application threads were stopped: 0.0001541 seconds, Stopping threads took: 0.0000487 seconds
2020-04-30T01:00:11.874+0700: 5904.159: Total time for which application threads were stopped: 0.0001051 seconds, Stopping threads took: 0.0000433 seconds
2020-04-30T01:00:11.891+0700: 5904.175: Total time for which application threads were stopped: 0.0001063 seconds, Stopping threads took: 0.0000182 seconds
2020-04-30T01:00:11.891+0700: 5904.176: Total time for which application threads were stopped: 0.0001162 seconds, Stopping threads took: 0.0000377 seconds
2020-04-30T01:00:11.925+0700: 5904.210: Total time for which application threads were stopped: 0.0001660 seconds, Stopping threads took: 0.0000517 seconds
2020-04-30T01:00:12.930+0700: 5905.214: Total time for which application threads were stopped: 0.0001708 seconds, Stopping threads took: 0.0000408 seconds
2020-04-30T01:00:19.952+0700: 5912.232: Total time for which application threads were stopped: 0.0001648 seconds, Stopping threads took: 0.0000506 seconds
2020-04-30T01:00:21.102+0700: 5913.382: Total time for which application threads were stopped: 0.0001771 seconds, Stopping threads took: 0.0000211 seconds
2020-04-30T01:00:21.103+0700: 5913.382: Total time for which application threads were stopped: 0.0000860 seconds, Stopping threads took: 0.0000090 seconds
2020-04-30T01:00:21.103+0700: 5913.383: Total time for which application threads were stopped: 0.0002174 seconds, Stopping threads took: 0.0000087 seconds
2020-04-30T01:00:21.103+0700: 5913.383: Total time for which application threads were stopped: 0.0001648 seconds, Stopping threads took: 0.0000072 seconds
2020-04-30T01:00:25.682+0700: 5917.960: Total time for which application threads were stopped: 0.0001372 seconds, Stopping threads took: 0.0000213 seconds
2020-04-30T01:00:25.682+0700: 5917.960: Total time for which application threads were stopped: 0.0000939 seconds, Stopping threads took: 0.0000096 seconds
2020-04-30T01:00:29.178+0700: 5921.455: Total time for which application threads were stopped: 0.0001098 seconds, Stopping threads took: 0.0000193 seconds
2020-04-30T01:00:29.178+0700: 5921.455: Total time for which application threads were stopped: 0.0000873 seconds, Stopping threads took: 0.0000346 seconds
2020-04-30T01:00:29.178+0700: 5921.456: Total time for which application threads were stopped: 0.0000509 seconds, Stopping threads took: 0.0000067 seconds
2020-04-30T01:00:29.178+0700: 5921.456: Total time for which application threads were stopped: 0.0000417 seconds, Stopping threads took: 0.0000062 seconds
2020-04-30T01:00:29.178+0700: 5921.456: Total time for which application threads were stopped: 0.0000497 seconds, Stopping threads took: 0.0000078 seconds
2020-04-30T01:00:29.179+0700: 5921.456: Total time for which application threads were stopped: 0.0000562 seconds, Stopping threads took: 0.0000062 seconds
2020-04-30T01:00:29.179+0700: 5921.456: Total time for which application threads were stopped: 0.0000482 seconds, Stopping threads took: 0.0000076 seconds
2020-04-30T01:00:29.179+0700: 5921.456: Total time for which application threads were stopped: 0.0000408 seconds, Stopping threads took: 0.0000062 seconds
2020-04-30T01:00:29.179+0700: 5921.456: Total time for which application threads were stopped: 0.0000753 seconds, Stopping threads took: 0.0000064 seconds
2020-04-30T01:00:29.179+0700: 5921.456: Total time for which application threads were stopped: 0.0000544 seconds, Stopping threads took: 0.0000083 seconds
2020-04-30T01:00:29.181+0700: 5921.458: Total time for which application threads were stopped: 0.0000852 seconds, Stopping threads took: 0.0000167 seconds
2020-04-30T01:00:29.181+0700: 5921.458: Total time for which application threads were stopped: 0.0000877 seconds, Stopping threads took: 0.0000142 seconds
2020-04-30T01:00:29.181+0700: 5921.458: Total time for which application threads were stopped: 0.0001068 seconds, Stopping threads took: 0.0000256 seconds
2020-04-30T01:00:29.181+0700: 5921.459: Total time for which application threads were stopped: 0.0000784 seconds, Stopping threads took: 0.0000276 seconds
2020-04-30T01:00:29.181+0700: 5921.459: Total time for which application threads were stopped: 0.0000841 seconds, Stopping threads took: 0.0000074 seconds
2020-04-30T01:00:29.185+0700: 5921.462: Total time for which application threads were stopped: 0.0000798 seconds, Stopping threads took: 0.0000153 seconds
2020-04-30T01:00:29.195+0700: 5921.472: Total time for which application threads were stopped: 0.0001039 seconds, Stopping threads took: 0.0000185 seconds
2020-04-30T01:00:29.209+0700: 5921.487: Total time for which application threads were stopped: 0.0001983 seconds, Stopping threads took: 0.0000509 seconds
2020-04-30T01:00:35.233+0700: 5927.509: Total time for which application threads were stopped: 0.0001434 seconds, Stopping threads took: 0.0000195 seconds
2020-04-30T01:00:35.233+0700: 5927.509: Total time for which application threads were stopped: 0.0000804 seconds, Stopping threads took: 0.0000087 seconds
2020-04-30T01:00:35.233+0700: 5927.509: Total time for which application threads were stopped: 0.0000635 seconds, Stopping threads took: 0.0000068 seconds
2020-04-30T01:00:35.233+0700: 5927.509: Total time for which application threads were stopped: 0.0000507 seconds, Stopping threads took: 0.0000044 seconds
2020-04-30T01:00:42.255+0700: 5934.530: Total time for which application threads were stopped: 0.0001054 seconds, Stopping threads took: 0.0000219 seconds
2020-04-30T01:00:47.483+0700: 5939.758: Total time for which application threads were stopped: 0.0000951 seconds, Stopping threads took: 0.0000165 seconds
2020-04-30T01:00:52.885+0700: 5945.159: Total time for which application threads were stopped: 0.0001618 seconds, Stopping threads took: 0.0000323 seconds
2020-04-30T01:00:52.885+0700: 5945.159: Total time for which application threads were stopped: 0.0000959 seconds, Stopping threads took: 0.0000217 seconds
2020-04-30T01:00:52.885+0700: 5945.159: Total time for which application threads were stopped: 0.0000841 seconds, Stopping threads took: 0.0000185 seconds
2020-04-30T01:00:52.885+0700: 5945.160: Total time for which application threads were stopped: 0.0000844 seconds, Stopping threads took: 0.0000231 seconds
2020-04-30T01:00:52.890+0700: 5945.164: Total time for which application threads were stopped: 0.0001214 seconds, Stopping threads took: 0.0000246 seconds
2020-04-30T01:00:52.895+0700: 5945.169: Total time for which application threads were stopped: 0.0001334 seconds, Stopping threads took: 0.0000387 seconds
2020-04-30T01:00:53.897+0700: 5946.171: Total time for which application threads were stopped: 0.0001150 seconds, Stopping threads took: 0.0000249 seconds
2020-04-30T01:00:56.906+0700: 5949.180: Total time for which application threads were stopped: 0.0001743 seconds, Stopping threads took: 0.0000597 seconds
2020-04-30T01:00:58.450+0700: 5950.724: Total time for which application threads were stopped: 0.0001469 seconds, Stopping threads took: 0.0000220 seconds
2020-04-30T01:00:58.450+0700: 5950.724: Total time for which application threads were stopped: 0.0000915 seconds, Stopping threads took: 0.0000117 seconds
2020-04-30T01:00:58.451+0700: 5950.724: Total time for which application threads were stopped: 0.0000874 seconds, Stopping threads took: 0.0000122 seconds
2020-04-30T01:00:58.451+0700: 5950.724: Total time for which application threads were stopped: 0.0001032 seconds, Stopping threads took: 0.0000155 seconds
2020-04-30T01:01:11.555+0700: 5963.829: Total time for which application threads were stopped: 0.0001293 seconds, Stopping threads took: 0.0000190 seconds
2020-04-30T01:01:11.560+0700: 5963.834: Total time for which application threads were stopped: 0.0001001 seconds, Stopping threads took: 0.0000133 seconds
2020-04-30T01:01:14.821+0700: 5967.094: Total time for which application threads were stopped: 0.0001589 seconds, Stopping threads took: 0.0000284 seconds
2020-04-30T01:01:14.821+0700: 5967.095: Total time for which application threads were stopped: 0.0000870 seconds, Stopping threads took: 0.0000100 seconds
2020-04-30T01:01:14.822+0700: 5967.095: Total time for which application threads were stopped: 0.0000701 seconds, Stopping threads took: 0.0000089 seconds
2020-04-30T01:01:14.822+0700: 5967.095: Total time for which application threads were stopped: 0.0000547 seconds, Stopping threads took: 0.0000047 seconds
2020-04-30T01:01:15.592+0700: 5967.865: Total time for which application threads were stopped: 0.0001068 seconds, Stopping threads took: 0.0000203 seconds
2020-04-30T01:01:19.075+0700: 5971.348: Total time for which application threads were stopped: 0.0001505 seconds, Stopping threads took: 0.0000369 seconds
2020-04-30T01:01:27.887+0700: 5980.159: Total time for which application threads were stopped: 0.0001630 seconds, Stopping threads took: 0.0000648 seconds
2020-04-30T01:01:27.887+0700: 5980.160: Total time for which application threads were stopped: 0.0001166 seconds, Stopping threads took: 0.0000322 seconds
2020-04-30T01:01:27.895+0700: 5980.167: Total time for which application threads were stopped: 0.0001007 seconds, Stopping threads took: 0.0000230 seconds
2020-04-30T01:01:36.107+0700: 5988.379: Total time for which application threads were stopped: 0.0001320 seconds, Stopping threads took: 0.0000197 seconds
2020-04-30T01:01:36.107+0700: 5988.379: Total time for which application threads were stopped: 0.0000865 seconds, Stopping threads took: 0.0000126 seconds
2020-04-30T01:01:36.107+0700: 5988.380: Total time for which application threads were stopped: 0.0000568 seconds, Stopping threads took: 0.0000067 seconds
2020-04-30T01:01:36.107+0700: 5988.380: Total time for which application threads were stopped: 0.0000433 seconds, Stopping threads took: 0.0000043 seconds
2020-04-30T01:01:46.757+0700: 5999.029: Total time for which application threads were stopped: 0.0000954 seconds, Stopping threads took: 0.0000164 seconds
2020-04-30T01:01:54.782+0700: 6007.054: Total time for which application threads were stopped: 0.0001525 seconds, Stopping threads took: 0.0000484 seconds
2020-04-30T01:01:56.525+0700: 6008.797: Total time for which application threads were stopped: 0.0001470 seconds, Stopping threads took: 0.0000224 seconds
2020-04-30T01:01:56.525+0700: 6008.797: Total time for which application threads were stopped: 0.0000811 seconds, Stopping threads took: 0.0000096 seconds
2020-04-30T01:01:56.525+0700: 6008.797: Total time for which application threads were stopped: 0.0000671 seconds, Stopping threads took: 0.0000081 seconds
2020-04-30T01:01:56.525+0700: 6008.797: Total time for which application threads were stopped: 0.0000563 seconds, Stopping threads took: 0.0000050 seconds
2020-04-30T01:02:05.556+0700: 6017.828: Total time for which application threads were stopped: 0.0002702 seconds, Stopping threads took: 0.0000377 seconds
2020-04-30T01:02:09.221+0700: 6021.493: Total time for which application threads were stopped: 0.0001583 seconds, Stopping threads took: 0.0000449 seconds
2020-04-30T01:02:09.221+0700: 6021.493: Total time for which application threads were stopped: 0.0000865 seconds, Stopping threads took: 0.0000046 seconds
2020-04-30T01:02:09.229+0700: 6021.501: Total time for which application threads were stopped: 0.0000938 seconds, Stopping threads took: 0.0000293 seconds
2020-04-30T01:02:10.230+0700: 6022.501: Total time for which application threads were stopped: 0.0001565 seconds, Stopping threads took: 0.0000362 seconds
2020-04-30T01:02:12.142+0700: 6024.414: Total time for which application threads were stopped: 0.0001531 seconds, Stopping threads took: 0.0000230 seconds
2020-04-30T01:02:12.142+0700: 6024.414: Total time for which application threads were stopped: 0.0000997 seconds, Stopping threads took: 0.0000110 seconds
2020-04-30T01:02:12.142+0700: 6024.414: Total time for which application threads were stopped: 0.0000715 seconds, Stopping threads took: 0.0000082 seconds
2020-04-30T01:02:12.142+0700: 6024.414: Total time for which application threads were stopped: 0.0000559 seconds, Stopping threads took: 0.0000048 seconds
2020-04-30T01:02:24.337+0700: 6036.608: Total time for which application threads were stopped: 0.0001827 seconds, Stopping threads took: 0.0000368 seconds
2020-04-30T01:02:36.524+0700: 6048.795: Total time for which application threads were stopped: 0.0002193 seconds, Stopping threads took: 0.0000329 seconds
2020-04-30T01:02:36.524+0700: 6048.795: Total time for which application threads were stopped: 0.0001244 seconds, Stopping threads took: 0.0000200 seconds
2020-04-30T01:02:36.524+0700: 6048.796: Total time for which application threads were stopped: 0.0000990 seconds, Stopping threads took: 0.0000119 seconds
2020-04-30T01:02:36.524+0700: 6048.796: Total time for which application threads were stopped: 0.0000524 seconds, Stopping threads took: 0.0000047 seconds
2020-04-30T01:02:45.195+0700: 6057.466: Total time for which application threads were stopped: 0.0001546 seconds, Stopping threads took: 0.0000371 seconds
2020-04-30T01:02:45.195+0700: 6057.466: Total time for which application threads were stopped: 0.0001163 seconds, Stopping threads took: 0.0000310 seconds
2020-04-30T01:02:45.206+0700: 6057.477: Total time for which application threads were stopped: 0.0001405 seconds, Stopping threads took: 0.0000349 seconds
2020-04-30T01:02:45.206+0700: 6057.477: Total time for which application threads were stopped: 0.0001012 seconds, Stopping threads took: 0.0000308 seconds
2020-04-30T01:02:45.207+0700: 6057.478: Total time for which application threads were stopped: 0.0001129 seconds, Stopping threads took: 0.0000355 seconds
2020-04-30T01:02:45.208+0700: 6057.479: Total time for which application threads were stopped: 0.0001080 seconds, Stopping threads took: 0.0000355 seconds
2020-04-30T01:02:45.208+0700: 6057.479: Total time for which application threads were stopped: 0.0001151 seconds, Stopping threads took: 0.0000311 seconds
2020-04-30T01:02:45.209+0700: 6057.480: Total time for which application threads were stopped: 0.0001894 seconds, Stopping threads took: 0.0000230 seconds
2020-04-30T01:02:46.209+0700: 6058.480: Total time for which application threads were stopped: 0.0001978 seconds, Stopping threads took: 0.0000852 seconds
2020-04-30T01:02:49.217+0700: 6061.488: Total time for which application threads were stopped: 0.0002155 seconds, Stopping threads took: 0.0000492 seconds
2020-04-30T01:02:51.207+0700: 6063.478: Total time for which application threads were stopped: 0.0001205 seconds, Stopping threads took: 0.0000358 seconds
2020-04-30T01:02:51.207+0700: 6063.478: Total time for which application threads were stopped: 0.0000945 seconds, Stopping threads took: 0.0000255 seconds
2020-04-30T01:02:51.207+0700: 6063.478: Total time for which application threads were stopped: 0.0000891 seconds, Stopping threads took: 0.0000053 seconds
2020-04-30T01:02:51.207+0700: 6063.478: Total time for which application threads were stopped: 0.0001056 seconds, Stopping threads took: 0.0000237 seconds
2020-04-30T01:02:51.207+0700: 6063.478: Total time for which application threads were stopped: 0.0001051 seconds, Stopping threads took: 0.0000235 seconds
2020-04-30T01:02:51.207+0700: 6063.478: Total time for which application threads were stopped: 0.0001046 seconds, Stopping threads took: 0.0000235 seconds
2020-04-30T01:02:51.207+0700: 6063.478: Total time for which application threads were stopped: 0.0000813 seconds, Stopping threads took: 0.0000238 seconds
2020-04-30T01:02:51.208+0700: 6063.478: Total time for which application threads were stopped: 0.0000931 seconds, Stopping threads took: 0.0000050 seconds
2020-04-30T01:02:51.208+0700: 6063.479: Total time for which application threads were stopped: 0.0001049 seconds, Stopping threads took: 0.0000234 seconds
2020-04-30T01:02:51.208+0700: 6063.479: Total time for which application threads were stopped: 0.0001053 seconds, Stopping threads took: 0.0000237 seconds
2020-04-30T01:02:51.208+0700: 6063.479: Total time for which application threads were stopped: 0.0001055 seconds, Stopping threads took: 0.0000237 seconds
2020-04-30T01:02:51.208+0700: 6063.479: Total time for which application threads were stopped: 0.0000889 seconds, Stopping threads took: 0.0000236 seconds
2020-04-30T01:02:51.208+0700: 6063.479: Total time for which application threads were stopped: 0.0000792 seconds, Stopping threads took: 0.0000264 seconds
2020-04-30T01:02:51.208+0700: 6063.479: Total time for which application threads were stopped: 0.0000873 seconds, Stopping threads took: 0.0000052 seconds
2020-04-30T01:02:51.208+0700: 6063.479: Total time for which application threads were stopped: 0.0001058 seconds, Stopping threads took: 0.0000237 seconds
2020-04-30T01:03:03.295+0700: 6075.566: Total time for which application threads were stopped: 0.0001297 seconds, Stopping threads took: 0.0000347 seconds
2020-04-30T01:03:03.295+0700: 6075.566: Total time for which application threads were stopped: 0.0000881 seconds, Stopping threads took: 0.0000265 seconds
2020-04-30T01:03:03.298+0700: 6075.569: Total time for which application threads were stopped: 0.0001335 seconds, Stopping threads took: 0.0000313 seconds
2020-04-30T01:03:03.307+0700: 6075.578: Total time for which application threads were stopped: 0.0001006 seconds, Stopping threads took: 0.0000302 seconds
2020-04-30T01:03:03.314+0700: 6075.584: Total time for which application threads were stopped: 0.0000799 seconds, Stopping threads took: 0.0000156 seconds
2020-04-30T01:03:03.314+0700: 6075.584: Total time for which application threads were stopped: 0.0000903 seconds, Stopping threads took: 0.0000333 seconds
2020-04-30T01:03:03.314+0700: 6075.584: Total time for which application threads were stopped: 0.0000738 seconds, Stopping threads took: 0.0000034 seconds
2020-04-30T01:03:03.314+0700: 6075.584: Total time for which application threads were stopped: 0.0000457 seconds, Stopping threads took: 0.0000053 seconds
2020-04-30T01:03:12.664+0700: 6084.935: Total time for which application threads were stopped: 0.0001626 seconds, Stopping threads took: 0.0000229 seconds
2020-04-30T01:03:12.665+0700: 6084.935: Total time for which application threads were stopped: 0.0001003 seconds, Stopping threads took: 0.0000117 seconds
2020-04-30T01:03:12.665+0700: 6084.935: Total time for which application threads were stopped: 0.0000833 seconds, Stopping threads took: 0.0000104 seconds
2020-04-30T01:03:12.665+0700: 6084.935: Total time for which application threads were stopped: 0.0000590 seconds, Stopping threads took: 0.0000054 seconds
2020-04-30T01:03:22.848+0700: 6095.118: Total time for which application threads were stopped: 0.0002510 seconds, Stopping threads took: 0.0000533 seconds
2020-04-30T01:03:22.848+0700: 6095.118: Total time for which application threads were stopped: 0.0001019 seconds, Stopping threads took: 0.0000044 seconds
2020-04-30T01:03:22.855+0700: 6095.125: Total time for which application threads were stopped: 0.0000802 seconds, Stopping threads took: 0.0000134 seconds
2020-04-30T01:03:25.406+0700: 6097.676: Total time for which application threads were stopped: 0.0001986 seconds, Stopping threads took: 0.0000290 seconds
2020-04-30T01:03:25.407+0700: 6097.677: Total time for which application threads were stopped: 0.0001412 seconds, Stopping threads took: 0.0000183 seconds
2020-04-30T01:03:25.407+0700: 6097.677: Total time for which application threads were stopped: 0.0001243 seconds, Stopping threads took: 0.0000161 seconds
2020-04-30T01:03:25.407+0700: 6097.677: Total time for which application threads were stopped: 0.0001311 seconds, Stopping threads took: 0.0000122 seconds
2020-04-30T01:03:38.516+0700: 6110.786: Total time for which application threads were stopped: 0.0001872 seconds, Stopping threads took: 0.0000508 seconds
2020-04-30T01:03:38.523+0700: 6110.793: Total time for which application threads were stopped: 0.0001159 seconds, Stopping threads took: 0.0000202 seconds
2020-04-30T01:03:38.525+0700: 6110.794: Total time for which application threads were stopped: 0.0001222 seconds, Stopping threads took: 0.0000182 seconds
2020-04-30T01:03:38.525+0700: 6110.795: Total time for which application threads were stopped: 0.0001105 seconds, Stopping threads took: 0.0000145 seconds
2020-04-30T01:03:38.525+0700: 6110.795: Total time for which application threads were stopped: 0.0001511 seconds, Stopping threads took: 0.0000253 seconds
2020-04-30T01:03:38.526+0700: 6110.796: Total time for which application threads were stopped: 0.0002465 seconds, Stopping threads took: 0.0001350 seconds
2020-04-30T01:03:38.526+0700: 6110.796: Total time for which application threads were stopped: 0.0000722 seconds, Stopping threads took: 0.0000189 seconds
2020-04-30T01:03:38.526+0700: 6110.796: Total time for which application threads were stopped: 0.0001467 seconds, Stopping threads took: 0.0000189 seconds
2020-04-30T01:03:38.527+0700: 6110.796: Total time for which application threads were stopped: 0.0001812 seconds, Stopping threads took: 0.0000742 seconds
2020-04-30T01:03:38.527+0700: 6110.797: Total time for which application threads were stopped: 0.0000809 seconds, Stopping threads took: 0.0000211 seconds
2020-04-30T01:03:38.527+0700: 6110.797: Total time for which application threads were stopped: 0.0000930 seconds, Stopping threads took: 0.0000273 seconds
2020-04-30T01:03:38.527+0700: 6110.797: Total time for which application threads were stopped: 0.0001252 seconds, Stopping threads took: 0.0000604 seconds
2020-04-30T01:03:38.527+0700: 6110.797: Total time for which application threads were stopped: 0.0001304 seconds, Stopping threads took: 0.0000389 seconds
2020-04-30T01:03:38.527+0700: 6110.797: Total time for which application threads were stopped: 0.0001060 seconds, Stopping threads took: 0.0000422 seconds
2020-04-30T01:03:38.528+0700: 6110.797: Total time for which application threads were stopped: 0.0001164 seconds, Stopping threads took: 0.0000379 seconds
2020-04-30T01:03:38.528+0700: 6110.798: Total time for which application threads were stopped: 0.0000791 seconds, Stopping threads took: 0.0000219 seconds
2020-04-30T01:03:38.528+0700: 6110.798: Total time for which application threads were stopped: 0.0000640 seconds, Stopping threads took: 0.0000161 seconds
2020-04-30T01:03:38.735+0700: 6111.005: Total time for which application threads were stopped: 0.0001276 seconds, Stopping threads took: 0.0000283 seconds
2020-04-30T01:03:42.875+0700: 6115.145: Total time for which application threads were stopped: 0.0001546 seconds, Stopping threads took: 0.0000221 seconds
2020-04-30T01:03:42.875+0700: 6115.145: Total time for which application threads were stopped: 0.0000810 seconds, Stopping threads took: 0.0000084 seconds
2020-04-30T01:03:42.876+0700: 6115.145: Total time for which application threads were stopped: 0.0000711 seconds, Stopping threads took: 0.0000082 seconds
2020-04-30T01:03:42.876+0700: 6115.145: Total time for which application threads were stopped: 0.0000535 seconds, Stopping threads took: 0.0000046 seconds
2020-04-30T01:03:54.818+0700: 6127.088: Total time for which application threads were stopped: 0.0001863 seconds, Stopping threads took: 0.0000332 seconds
2020-04-30T01:03:57.202+0700: 6129.472: Total time for which application threads were stopped: 0.0001103 seconds, Stopping threads took: 0.0000201 seconds
2020-04-30T01:03:57.204+0700: 6129.474: Total time for which application threads were stopped: 0.0001707 seconds, Stopping threads took: 0.0000376 seconds
2020-04-30T01:03:57.472+0700: 6129.741: Total time for which application threads were stopped: 0.0001470 seconds, Stopping threads took: 0.0000236 seconds
2020-04-30T01:04:04.842+0700: 6137.111: Total time for which application threads were stopped: 0.0001538 seconds, Stopping threads took: 0.0000222 seconds
2020-04-30T01:04:04.842+0700: 6137.111: Total time for which application threads were stopped: 0.0000756 seconds, Stopping threads took: 0.0000088 seconds
2020-04-30T01:04:04.842+0700: 6137.112: Total time for which application threads were stopped: 0.0000723 seconds, Stopping threads took: 0.0000080 seconds
2020-04-30T01:04:04.842+0700: 6137.112: Total time for which application threads were stopped: 0.0000561 seconds, Stopping threads took: 0.0000047 seconds
2020-04-30T01:04:11.890+0700: 6144.159: Total time for which application threads were stopped: 0.0001487 seconds, Stopping threads took: 0.0000230 seconds
2020-04-30T01:04:11.890+0700: 6144.159: Total time for which application threads were stopped: 0.0000791 seconds, Stopping threads took: 0.0000077 seconds
2020-04-30T01:04:11.899+0700: 6144.169: Total time for which application threads were stopped: 0.0000944 seconds, Stopping threads took: 0.0000149 seconds
2020-04-30T01:04:19.124+0700: 6151.393: Total time for which application threads were stopped: 0.0001598 seconds, Stopping threads took: 0.0000208 seconds
2020-04-30T01:04:19.124+0700: 6151.393: Total time for which application threads were stopped: 0.0000808 seconds, Stopping threads took: 0.0000089 seconds
2020-04-30T01:04:19.124+0700: 6151.393: Total time for which application threads were stopped: 0.0000712 seconds, Stopping threads took: 0.0000087 seconds
2020-04-30T01:04:19.124+0700: 6151.393: Total time for which application threads were stopped: 0.0000543 seconds, Stopping threads took: 0.0000049 seconds
2020-04-30T01:04:29.575+0700: 6161.844: Total time for which application threads were stopped: 0.0001325 seconds, Stopping threads took: 0.0000321 seconds
2020-04-30T01:04:31.259+0700: 6163.528: Total time for which application threads were stopped: 0.0001768 seconds, Stopping threads took: 0.0000217 seconds
2020-04-30T01:04:31.259+0700: 6163.528: Total time for which application threads were stopped: 0.0002179 seconds, Stopping threads took: 0.0000082 seconds
2020-04-30T01:04:31.259+0700: 6163.528: Total time for which application threads were stopped: 0.0000637 seconds, Stopping threads took: 0.0000078 seconds
2020-04-30T01:04:31.259+0700: 6163.528: Total time for which application threads were stopped: 0.0000487 seconds, Stopping threads took: 0.0000043 seconds
2020-04-30T01:04:37.414+0700: 6169.683: Total time for which application threads were stopped: 0.0001526 seconds, Stopping threads took: 0.0000210 seconds
2020-04-30T01:04:44.635+0700: 6176.903: Total time for which application threads were stopped: 0.0002203 seconds, Stopping threads took: 0.0000164 seconds
2020-04-30T01:04:44.635+0700: 6176.903: Total time for which application threads were stopped: 0.0001097 seconds, Stopping threads took: 0.0000042 seconds
2020-04-30T01:04:44.643+0700: 6176.911: Total time for which application threads were stopped: 0.0001000 seconds, Stopping threads took: 0.0000139 seconds
2020-04-30T01:04:47.668+0700: 6179.937: Total time for which application threads were stopped: 0.0003123 seconds, Stopping threads took: 0.0000218 seconds
2020-04-30T01:04:47.669+0700: 6179.937: Total time for which application threads were stopped: 0.0000787 seconds, Stopping threads took: 0.0000099 seconds
2020-04-30T01:04:47.669+0700: 6179.937: Total time for which application threads were stopped: 0.0000665 seconds, Stopping threads took: 0.0000082 seconds
2020-04-30T01:04:47.669+0700: 6179.937: Total time for which application threads were stopped: 0.0000529 seconds, Stopping threads took: 0.0000046 seconds
2020-04-30T01:04:55.166+0700: 6187.434: Total time for which application threads were stopped: 0.0001531 seconds, Stopping threads took: 0.0000213 seconds
2020-04-30T01:05:01.033+0700: 6193.301: Total time for which application threads were stopped: 0.0002365 seconds, Stopping threads took: 0.0000339 seconds
2020-04-30T01:05:01.035+0700: 6193.303: Total time for which application threads were stopped: 0.0001553 seconds, Stopping threads took: 0.0000131 seconds
2020-04-30T01:05:06.989+0700: 6199.257: Total time for which application threads were stopped: 0.0001597 seconds, Stopping threads took: 0.0000287 seconds
2020-04-30T01:05:06.989+0700: 6199.257: Total time for which application threads were stopped: 0.0000796 seconds, Stopping threads took: 0.0000095 seconds
2020-04-30T01:05:06.990+0700: 6199.258: Total time for which application threads were stopped: 0.0000695 seconds, Stopping threads took: 0.0000084 seconds
2020-04-30T01:05:06.990+0700: 6199.258: Total time for which application threads were stopped: 0.0000547 seconds, Stopping threads took: 0.0000046 seconds
2020-04-30T01:05:18.969+0700: 6211.237: Total time for which application threads were stopped: 0.0001098 seconds, Stopping threads took: 0.0000215 seconds
2020-04-30T01:05:18.969+0700: 6211.237: Total time for which application threads were stopped: 0.0000450 seconds, Stopping threads took: 0.0000042 seconds
2020-04-30T01:05:18.977+0700: 6211.245: Total time for which application threads were stopped: 0.0001464 seconds, Stopping threads took: 0.0000569 seconds
2020-04-30T01:05:18.977+0700: 6211.245: Total time for which application threads were stopped: 0.0000717 seconds, Stopping threads took: 0.0000103 seconds
2020-04-30T01:05:18.978+0700: 6211.246: Total time for which application threads were stopped: 0.0000854 seconds, Stopping threads took: 0.0000080 seconds
2020-04-30T01:05:19.982+0700: 6212.250: Total time for which application threads were stopped: 0.0001319 seconds, Stopping threads took: 0.0000266 seconds
2020-04-30T01:05:26.992+0700: 6219.259: Total time for which application threads were stopped: 0.0001667 seconds, Stopping threads took: 0.0000220 seconds
2020-04-30T01:05:26.992+0700: 6219.259: Total time for which application threads were stopped: 0.0000842 seconds, Stopping threads took: 0.0000097 seconds
2020-04-30T01:05:26.992+0700: 6219.260: Total time for which application threads were stopped: 0.0000666 seconds, Stopping threads took: 0.0000079 seconds
2020-04-30T01:05:26.992+0700: 6219.260: Total time for which application threads were stopped: 0.0000692 seconds, Stopping threads took: 0.0000074 seconds
2020-04-30T01:05:39.799+0700: 6232.066: Total time for which application threads were stopped: 0.0001018 seconds, Stopping threads took: 0.0000177 seconds
2020-04-30T01:05:39.799+0700: 6232.067: Total time for which application threads were stopped: 0.0000634 seconds, Stopping threads took: 0.0000106 seconds
2020-04-30T01:05:39.800+0700: 6232.067: Total time for which application threads were stopped: 0.0000858 seconds, Stopping threads took: 0.0000179 seconds
2020-04-30T01:05:39.800+0700: 6232.067: Total time for which application threads were stopped: 0.0000743 seconds, Stopping threads took: 0.0000105 seconds
2020-04-30T01:05:39.800+0700: 6232.067: Total time for which application threads were stopped: 0.0000717 seconds, Stopping threads took: 0.0000099 seconds
2020-04-30T01:05:39.800+0700: 6232.067: Total time for which application threads were stopped: 0.0000649 seconds, Stopping threads took: 0.0000088 seconds
2020-04-30T01:05:39.800+0700: 6232.067: Total time for which application threads were stopped: 0.0000691 seconds, Stopping threads took: 0.0000096 seconds
2020-04-30T01:05:39.800+0700: 6232.067: Total time for which application threads were stopped: 0.0000635 seconds, Stopping threads took: 0.0000089 seconds
2020-04-30T01:05:39.800+0700: 6232.067: Total time for which application threads were stopped: 0.0000495 seconds, Stopping threads took: 0.0000074 seconds
2020-04-30T01:05:39.800+0700: 6232.068: Total time for which application threads were stopped: 0.0000592 seconds, Stopping threads took: 0.0000084 seconds
2020-04-30T01:05:39.800+0700: 6232.068: Total time for which application threads were stopped: 0.0000590 seconds, Stopping threads took: 0.0000088 seconds
2020-04-30T01:05:39.801+0700: 6232.068: Total time for which application threads were stopped: 0.0000698 seconds, Stopping threads took: 0.0000141 seconds
2020-04-30T01:05:39.801+0700: 6232.068: Total time for which application threads were stopped: 0.0000630 seconds, Stopping threads took: 0.0000098 seconds
2020-04-30T01:05:39.801+0700: 6232.068: Total time for which application threads were stopped: 0.0000862 seconds, Stopping threads took: 0.0000236 seconds
2020-04-30T01:05:39.801+0700: 6232.068: Total time for which application threads were stopped: 0.0000640 seconds, Stopping threads took: 0.0000093 seconds
2020-04-30T01:05:39.807+0700: 6232.074: Total time for which application threads were stopped: 0.0000798 seconds, Stopping threads took: 0.0000155 seconds
2020-04-30T01:05:39.808+0700: 6232.076: Total time for which application threads were stopped: 0.0001009 seconds, Stopping threads took: 0.0000188 seconds
2020-04-30T01:05:39.809+0700: 6232.076: Total time for which application threads were stopped: 0.0000856 seconds, Stopping threads took: 0.0000135 seconds
2020-04-30T01:05:39.810+0700: 6232.077: Total time for which application threads were stopped: 0.0000957 seconds, Stopping threads took: 0.0000181 seconds
2020-04-30T01:05:39.815+0700: 6232.082: Total time for which application threads were stopped: 0.0001340 seconds, Stopping threads took: 0.0000449 seconds
2020-04-30T01:05:48.391+0700: 6240.658: Total time for which application threads were stopped: 0.0001789 seconds, Stopping threads took: 0.0000366 seconds
2020-04-30T01:05:48.391+0700: 6240.658: Total time for which application threads were stopped: 0.0001226 seconds, Stopping threads took: 0.0000277 seconds
2020-04-30T01:05:48.391+0700: 6240.659: Total time for which application threads were stopped: 0.0000914 seconds, Stopping threads took: 0.0000126 seconds
2020-04-30T01:05:48.392+0700: 6240.659: Total time for which application threads were stopped: 0.0000799 seconds, Stopping threads took: 0.0000110 seconds
2020-04-30T01:06:09.356+0700: 6261.623: Total time for which application threads were stopped: 0.0001958 seconds, Stopping threads took: 0.0000201 seconds
2020-04-30T01:06:09.356+0700: 6261.623: Total time for which application threads were stopped: 0.0000841 seconds, Stopping threads took: 0.0000110 seconds
2020-04-30T01:06:09.356+0700: 6261.623: Total time for which application threads were stopped: 0.0000709 seconds, Stopping threads took: 0.0000086 seconds
2020-04-30T01:06:09.356+0700: 6261.623: Total time for which application threads were stopped: 0.0000526 seconds, Stopping threads took: 0.0000046 seconds
2020-04-30T01:06:16.378+0700: 6268.644: Total time for which application threads were stopped: 0.0001750 seconds, Stopping threads took: 0.0000549 seconds
2020-04-30T01:06:23.608+0700: 6275.875: Total time for which application threads were stopped: 0.0001524 seconds, Stopping threads took: 0.0000214 seconds
2020-04-30T01:06:23.608+0700: 6275.875: Total time for which application threads were stopped: 0.0000949 seconds, Stopping threads took: 0.0000082 seconds
2020-04-30T01:06:23.608+0700: 6275.875: Total time for which application threads were stopped: 0.0000644 seconds, Stopping threads took: 0.0000078 seconds
2020-04-30T01:06:23.609+0700: 6275.875: Total time for which application threads were stopped: 0.0000517 seconds, Stopping threads took: 0.0000052 seconds
2020-04-30T01:06:40.213+0700: 6292.479: Total time for which application threads were stopped: 0.0001561 seconds, Stopping threads took: 0.0000223 seconds
2020-04-30T01:06:40.213+0700: 6292.479: Total time for which application threads were stopped: 0.0000974 seconds, Stopping threads took: 0.0000118 seconds
2020-04-30T01:06:40.213+0700: 6292.479: Total time for which application threads were stopped: 0.0000709 seconds, Stopping threads took: 0.0000080 seconds
2020-04-30T01:06:40.213+0700: 6292.479: Total time for which application threads were stopped: 0.0000629 seconds, Stopping threads took: 0.0000069 seconds
2020-04-30T01:06:53.992+0700: 6306.258: Total time for which application threads were stopped: 0.0001605 seconds, Stopping threads took: 0.0000237 seconds
2020-04-30T01:06:53.992+0700: 6306.258: Total time for which application threads were stopped: 0.0000734 seconds, Stopping threads took: 0.0000086 seconds
2020-04-30T01:06:53.993+0700: 6306.258: Total time for which application threads were stopped: 0.0000707 seconds, Stopping threads took: 0.0000080 seconds
2020-04-30T01:06:53.993+0700: 6306.258: Total time for which application threads were stopped: 0.0000543 seconds, Stopping threads took: 0.0000047 seconds
2020-04-30T01:07:12.911+0700: 6325.176: Total time for which application threads were stopped: 0.0001930 seconds, Stopping threads took: 0.0000238 seconds
2020-04-30T01:07:12.911+0700: 6325.176: Total time for which application threads were stopped: 0.0001158 seconds, Stopping threads took: 0.0000114 seconds
2020-04-30T01:07:12.911+0700: 6325.176: Total time for which application threads were stopped: 0.0000748 seconds, Stopping threads took: 0.0000082 seconds
2020-04-30T01:07:12.911+0700: 6325.176: Total time for which application threads were stopped: 0.0000552 seconds, Stopping threads took: 0.0000046 seconds
2020-04-30T01:07:21.870+0700: 6334.135: Total time for which application threads were stopped: 0.0001155 seconds, Stopping threads took: 0.0000227 seconds
2020-04-30T01:07:21.870+0700: 6334.135: Total time for which application threads were stopped: 0.0000646 seconds, Stopping threads took: 0.0000079 seconds
2020-04-30T01:07:30.253+0700: 6342.518: Total time for which application threads were stopped: 0.0002017 seconds, Stopping threads took: 0.0000314 seconds
2020-04-30T01:07:30.260+0700: 6342.525: Total time for which application threads were stopped: 0.0002106 seconds, Stopping threads took: 0.0000485 seconds
2020-04-30T01:07:30.260+0700: 6342.525: Total time for which application threads were stopped: 0.0002478 seconds, Stopping threads took: 0.0000371 seconds
2020-04-30T01:07:42.090+0700: 6354.355: Total time for which application threads were stopped: 0.0001468 seconds, Stopping threads took: 0.0000351 seconds
2020-04-30T01:07:42.096+0700: 6354.361: Total time for which application threads were stopped: 0.0001330 seconds, Stopping threads took: 0.0000293 seconds
2020-04-30T01:07:42.096+0700: 6354.361: Total time for which application threads were stopped: 0.0000879 seconds, Stopping threads took: 0.0000262 seconds
2020-04-30T01:07:42.097+0700: 6354.361: Total time for which application threads were stopped: 0.0000521 seconds, Stopping threads took: 0.0000036 seconds
2020-04-30T01:07:52.995+0700: 6365.259: Total time for which application threads were stopped: 0.0001862 seconds, Stopping threads took: 0.0000230 seconds
2020-04-30T01:07:52.996+0700: 6365.260: Total time for which application threads were stopped: 0.0001216 seconds, Stopping threads took: 0.0000137 seconds
2020-04-30T01:07:52.996+0700: 6365.260: Total time for which application threads were stopped: 0.0001831 seconds, Stopping threads took: 0.0000116 seconds
2020-04-30T01:07:52.996+0700: 6365.260: Total time for which application threads were stopped: 0.0001394 seconds, Stopping threads took: 0.0000089 seconds
2020-04-30T01:08:05.008+0700: 6377.272: Total time for which application threads were stopped: 0.0001613 seconds, Stopping threads took: 0.0000232 seconds
2020-04-30T01:08:05.009+0700: 6377.273: Total time for which application threads were stopped: 0.0001182 seconds, Stopping threads took: 0.0000135 seconds
2020-04-30T01:08:05.020+0700: 6377.285: Total time for which application threads were stopped: 0.0001221 seconds, Stopping threads took: 0.0000264 seconds
2020-04-30T01:08:05.021+0700: 6377.285: Total time for which application threads were stopped: 0.0001624 seconds, Stopping threads took: 0.0000259 seconds
2020-04-30T01:08:05.022+0700: 6377.287: Total time for which application threads were stopped: 0.0001630 seconds, Stopping threads took: 0.0000418 seconds
{Heap before GC invocations=19 (full 0):
 garbage-first heap   total 524288K, used 359552K [0x00000007a0000000, 0x00000007a0101000, 0x00000007c0000000)
  region size 1024K, 307 young (314368K), 21 survivors (21504K)
 Metaspace       used 53421K, capacity 55636K, committed 55880K, reserved 1097728K
  class space    used 6209K, capacity 6635K, committed 6732K, reserved 1048576K
2020-04-30T01:08:05.046+0700: 6377.310: [GC pause (G1 Evacuation Pause) (young)
Desired survivor size 20447232 bytes, new threshold 15 (max 15)
- age   1:    4431720 bytes,    4431720 total
- age   2:    3195760 bytes,    7627480 total
- age   3:     675008 bytes,    8302488 total
- age   4:      64208 bytes,    8366696 total
- age   5:      36504 bytes,    8403200 total
- age   6:      34672 bytes,    8437872 total
- age   7:     931680 bytes,    9369552 total
- age   8:     514480 bytes,    9884032 total
- age   9:    5243264 bytes,   15127296 total
, 0.0115456 secs]
   [Parallel Time: 8.7 ms, GC Workers: 8]
      [GC Worker Start (ms): Min: 6377309.9, Avg: 6377309.9, Max: 6377310.0, Diff: 0.1]
      [Ext Root Scanning (ms): Min: 0.2, Avg: 0.4, Max: 1.2, Diff: 1.0, Sum: 3.2]
      [Update RS (ms): Min: 0.0, Avg: 0.3, Max: 0.4, Diff: 0.4, Sum: 2.3]
         [Processed Buffers: Min: 0, Avg: 3.6, Max: 21, Diff: 21, Sum: 29]
      [Scan RS (ms): Min: 0.0, Avg: 0.0, Max: 0.1, Diff: 0.1, Sum: 0.2]
      [Code Root Scanning (ms): Min: 0.0, Avg: 0.6, Max: 1.2, Diff: 1.2, Sum: 4.6]
      [Object Copy (ms): Min: 6.7, Avg: 7.2, Max: 7.9, Diff: 1.2, Sum: 57.8]
      [Termination (ms): Min: 0.0, Avg: 0.0, Max: 0.1, Diff: 0.1, Sum: 0.3]
         [Termination Attempts: Min: 1, Avg: 1.1, Max: 2, Diff: 1, Sum: 9]
      [GC Worker Other (ms): Min: 0.0, Avg: 0.0, Max: 0.0, Diff: 0.0, Sum: 0.1]
      [GC Worker Total (ms): Min: 8.5, Avg: 8.6, Max: 8.6, Diff: 0.1, Sum: 68.6]
      [GC Worker End (ms): Min: 6377318.5, Avg: 6377318.5, Max: 6377318.5, Diff: 0.0]
   [Code Root Fixup: 0.1 ms]
   [Code Root Purge: 0.0 ms]
   [Clear CT: 0.1 ms]
   [Other: 2.7 ms]
      [Choose CSet: 0.0 ms]
      [Ref Proc: 2.2 ms]
      [Ref Enq: 0.1 ms]
      [Redirty Cards: 0.1 ms]
      [Humongous Register: 0.0 ms]
      [Humongous Reclaim: 0.0 ms]
      [Free CSet: 0.2 ms]
   [Eden: 286.0M(286.0M)->0.0B(283.0M) Survivors: 21.0M->24.0M Heap: 351.1M(512.0M)->68.6M(512.0M)]
Heap after GC invocations=20 (full 0):
 garbage-first heap   total 524288K, used 70272K [0x00000007a0000000, 0x00000007a0101000, 0x00000007c0000000)
  region size 1024K, 24 young (24576K), 24 survivors (24576K)
 Metaspace       used 53421K, capacity 55636K, committed 55880K, reserved 1097728K
  class space    used 6209K, capacity 6635K, committed 6732K, reserved 1048576K
}
 [Times: user=0.04 sys=0.02, real=0.01 secs] 
2020-04-30T01:08:05.057+0700: 6377.321: Total time for which application threads were stopped: 0.0118313 seconds, Stopping threads took: 0.0000326 seconds
2020-04-30T01:08:06.062+0700: 6378.326: Total time for which application threads were stopped: 0.0001302 seconds, Stopping threads took: 0.0000273 seconds
2020-04-30T01:08:08.068+0700: 6380.332: Total time for which application threads were stopped: 0.0001982 seconds, Stopping threads took: 0.0000625 seconds
2020-04-30T01:08:13.516+0700: 6385.780: Total time for which application threads were stopped: 0.0001416 seconds, Stopping threads took: 0.0000203 seconds
2020-04-30T01:08:13.516+0700: 6385.780: Total time for which application threads were stopped: 0.0000780 seconds, Stopping threads took: 0.0000137 seconds
2020-04-30T01:08:13.516+0700: 6385.780: Total time for which application threads were stopped: 0.0000576 seconds, Stopping threads took: 0.0000060 seconds
2020-04-30T01:08:13.516+0700: 6385.780: Total time for which application threads were stopped: 0.0000470 seconds, Stopping threads took: 0.0000041 seconds
2020-04-30T01:08:22.741+0700: 6395.005: Total time for which application threads were stopped: 0.0001016 seconds, Stopping threads took: 0.0000187 seconds
2020-04-30T01:08:22.741+0700: 6395.005: Total time for which application threads were stopped: 0.0000853 seconds, Stopping threads took: 0.0000301 seconds
2020-04-30T01:08:22.741+0700: 6395.005: Total time for which application threads were stopped: 0.0000408 seconds, Stopping threads took: 0.0000057 seconds
2020-04-30T01:08:22.741+0700: 6395.005: Total time for which application threads were stopped: 0.0000767 seconds, Stopping threads took: 0.0000051 seconds
2020-04-30T01:08:22.741+0700: 6395.005: Total time for which application threads were stopped: 0.0000795 seconds, Stopping threads took: 0.0000049 seconds
2020-04-30T01:08:22.741+0700: 6395.005: Total time for which application threads were stopped: 0.0001687 seconds, Stopping threads took: 0.0000067 seconds
2020-04-30T01:08:22.742+0700: 6395.006: Total time for which application threads were stopped: 0.0000499 seconds, Stopping threads took: 0.0000070 seconds
2020-04-30T01:08:22.750+0700: 6395.014: Total time for which application threads were stopped: 0.0001013 seconds, Stopping threads took: 0.0000152 seconds
2020-04-30T01:08:22.762+0700: 6395.026: Total time for which application threads were stopped: 0.0000907 seconds, Stopping threads took: 0.0000148 seconds
2020-04-30T01:08:26.550+0700: 6398.814: Total time for which application threads were stopped: 0.0001625 seconds, Stopping threads took: 0.0000202 seconds
2020-04-30T01:08:26.551+0700: 6398.814: Total time for which application threads were stopped: 0.0000999 seconds, Stopping threads took: 0.0000123 seconds
2020-04-30T01:08:26.551+0700: 6398.815: Total time for which application threads were stopped: 0.0000939 seconds, Stopping threads took: 0.0000105 seconds
2020-04-30T01:08:26.551+0700: 6398.815: Total time for which application threads were stopped: 0.0000818 seconds, Stopping threads took: 0.0000087 seconds
2020-04-30T01:08:27.556+0700: 6399.819: Total time for which application threads were stopped: 0.0001707 seconds, Stopping threads took: 0.0000378 seconds
2020-04-30T01:08:39.355+0700: 6411.619: Total time for which application threads were stopped: 0.0001854 seconds, Stopping threads took: 0.0000510 seconds
2020-04-30T01:08:47.384+0700: 6419.648: Total time for which application threads were stopped: 0.0001112 seconds, Stopping threads took: 0.0000253 seconds
2020-04-30T01:08:48.041+0700: 6420.304: Total time for which application threads were stopped: 0.0001741 seconds, Stopping threads took: 0.0000240 seconds
2020-04-30T01:08:48.041+0700: 6420.304: Total time for which application threads were stopped: 0.0001253 seconds, Stopping threads took: 0.0000136 seconds
2020-04-30T01:08:48.041+0700: 6420.305: Total time for which application threads were stopped: 0.0001421 seconds, Stopping threads took: 0.0000204 seconds
2020-04-30T01:08:48.041+0700: 6420.305: Total time for which application threads were stopped: 0.0000923 seconds, Stopping threads took: 0.0000070 seconds
2020-04-30T01:08:49.047+0700: 6421.310: Total time for which application threads were stopped: 0.0001119 seconds, Stopping threads took: 0.0000249 seconds
2020-04-30T01:09:01.767+0700: 6434.030: Total time for which application threads were stopped: 0.0001453 seconds, Stopping threads took: 0.0000269 seconds
2020-04-30T01:09:01.767+0700: 6434.030: Total time for which application threads were stopped: 0.0000720 seconds, Stopping threads took: 0.0000080 seconds
2020-04-30T01:09:01.778+0700: 6434.041: Total time for which application threads were stopped: 0.0001057 seconds, Stopping threads took: 0.0000161 seconds
2020-04-30T01:09:04.955+0700: 6437.218: Total time for which application threads were stopped: 0.0001318 seconds, Stopping threads took: 0.0000181 seconds
2020-04-30T01:09:04.956+0700: 6437.218: Total time for which application threads were stopped: 0.0000676 seconds, Stopping threads took: 0.0000081 seconds
2020-04-30T01:09:04.956+0700: 6437.219: Total time for which application threads were stopped: 0.0000516 seconds, Stopping threads took: 0.0000062 seconds
2020-04-30T01:09:04.956+0700: 6437.219: Total time for which application threads were stopped: 0.0000403 seconds, Stopping threads took: 0.0000034 seconds
2020-04-30T01:09:18.220+0700: 6450.482: Total time for which application threads were stopped: 0.0002046 seconds, Stopping threads took: 0.0000368 seconds
2020-04-30T01:09:34.649+0700: 6466.911: Total time for which application threads were stopped: 0.0002111 seconds, Stopping threads took: 0.0000716 seconds
2020-04-30T01:09:34.649+0700: 6466.911: Total time for which application threads were stopped: 0.0000848 seconds, Stopping threads took: 0.0000291 seconds
2020-04-30T01:09:34.951+0700: 6467.214: Total time for which application threads were stopped: 0.0001525 seconds, Stopping threads took: 0.0000226 seconds
2020-04-30T01:09:34.959+0700: 6467.222: Total time for which application threads were stopped: 0.0004567 seconds, Stopping threads took: 0.0002640 seconds
2020-04-30T01:09:34.960+0700: 6467.222: Total time for which application threads were stopped: 0.0003134 seconds, Stopping threads took: 0.0001159 seconds
2020-04-30T01:09:34.961+0700: 6467.223: Total time for which application threads were stopped: 0.0003764 seconds, Stopping threads took: 0.0002253 seconds
2020-04-30T01:09:34.961+0700: 6467.224: Total time for which application threads were stopped: 0.0002643 seconds, Stopping threads took: 0.0000998 seconds
2020-04-30T01:09:34.962+0700: 6467.224: Total time for which application threads were stopped: 0.0003181 seconds, Stopping threads took: 0.0000379 seconds
2020-04-30T01:09:35.271+0700: 6467.533: Total time for which application threads were stopped: 0.0002666 seconds, Stopping threads took: 0.0000211 seconds
2020-04-30T01:09:37.738+0700: 6470.000: Total time for which application threads were stopped: 0.0001516 seconds, Stopping threads took: 0.0000210 seconds
2020-04-30T01:09:37.738+0700: 6470.000: Total time for which application threads were stopped: 0.0000848 seconds, Stopping threads took: 0.0000102 seconds
2020-04-30T01:09:37.738+0700: 6470.000: Total time for which application threads were stopped: 0.0000657 seconds, Stopping threads took: 0.0000081 seconds
2020-04-30T01:09:37.738+0700: 6470.001: Total time for which application threads were stopped: 0.0000528 seconds, Stopping threads took: 0.0000047 seconds
2020-04-30T01:09:41.778+0700: 6474.040: Total time for which application threads were stopped: 0.0001635 seconds, Stopping threads took: 0.0000633 seconds
2020-04-30T01:09:41.778+0700: 6474.040: Total time for which application threads were stopped: 0.0001244 seconds, Stopping threads took: 0.0000334 seconds
2020-04-30T01:09:41.785+0700: 6474.047: Total time for which application threads were stopped: 0.0000864 seconds, Stopping threads took: 0.0000136 seconds
2020-04-30T01:09:52.589+0700: 6484.851: Total time for which application threads were stopped: 0.0001481 seconds, Stopping threads took: 0.0000220 seconds
2020-04-30T01:09:52.590+0700: 6484.852: Total time for which application threads were stopped: 0.0001444 seconds, Stopping threads took: 0.0000179 seconds
2020-04-30T01:09:52.591+0700: 6484.853: Total time for which application threads were stopped: 0.0002698 seconds, Stopping threads took: 0.0000136 seconds
2020-04-30T01:09:52.591+0700: 6484.853: Total time for which application threads were stopped: 0.0001969 seconds, Stopping threads took: 0.0000062 seconds
2020-04-30T01:09:56.555+0700: 6488.816: Total time for which application threads were stopped: 0.0001537 seconds, Stopping threads took: 0.0000229 seconds
2020-04-30T01:09:56.555+0700: 6488.817: Total time for which application threads were stopped: 0.0000643 seconds, Stopping threads took: 0.0000058 seconds
2020-04-30T01:10:01.572+0700: 6493.834: Total time for which application threads were stopped: 0.0001145 seconds, Stopping threads took: 0.0000358 seconds
2020-04-30T01:10:03.577+0700: 6495.839: Total time for which application threads were stopped: 0.0001773 seconds, Stopping threads took: 0.0000252 seconds
2020-04-30T01:10:05.709+0700: 6497.970: Total time for which application threads were stopped: 0.0001986 seconds, Stopping threads took: 0.0000531 seconds
2020-04-30T01:10:05.709+0700: 6497.970: Total time for which application threads were stopped: 0.0001194 seconds, Stopping threads took: 0.0000317 seconds
2020-04-30T01:10:05.720+0700: 6497.981: Total time for which application threads were stopped: 0.0001164 seconds, Stopping threads took: 0.0000159 seconds
2020-04-30T01:10:07.120+0700: 6499.381: Total time for which application threads were stopped: 0.0001634 seconds, Stopping threads took: 0.0000244 seconds
2020-04-30T01:10:07.120+0700: 6499.382: Total time for which application threads were stopped: 0.0000853 seconds, Stopping threads took: 0.0000089 seconds
2020-04-30T01:10:07.120+0700: 6499.382: Total time for which application threads were stopped: 0.0000676 seconds, Stopping threads took: 0.0000074 seconds
2020-04-30T01:10:07.120+0700: 6499.382: Total time for which application threads were stopped: 0.0000524 seconds, Stopping threads took: 0.0000045 seconds
2020-04-30T01:10:20.739+0700: 6513.001: Total time for which application threads were stopped: 0.0001158 seconds, Stopping threads took: 0.0000281 seconds
2020-04-30T01:10:22.892+0700: 6515.153: Total time for which application threads were stopped: 0.0001540 seconds, Stopping threads took: 0.0000224 seconds
2020-04-30T01:10:22.892+0700: 6515.153: Total time for which application threads were stopped: 0.0000858 seconds, Stopping threads took: 0.0000087 seconds
2020-04-30T01:10:22.892+0700: 6515.153: Total time for which application threads were stopped: 0.0000698 seconds, Stopping threads took: 0.0000082 seconds
2020-04-30T01:10:22.892+0700: 6515.153: Total time for which application threads were stopped: 0.0000547 seconds, Stopping threads took: 0.0000046 seconds
2020-04-30T01:10:36.123+0700: 6528.384: Total time for which application threads were stopped: 0.0001553 seconds, Stopping threads took: 0.0000400 seconds
2020-04-30T01:10:37.712+0700: 6529.973: Total time for which application threads were stopped: 0.0001608 seconds, Stopping threads took: 0.0000213 seconds
2020-04-30T01:10:37.713+0700: 6529.974: Total time for which application threads were stopped: 0.0000868 seconds, Stopping threads took: 0.0000104 seconds
2020-04-30T01:10:37.713+0700: 6529.974: Total time for which application threads were stopped: 0.0000703 seconds, Stopping threads took: 0.0000083 seconds
2020-04-30T01:10:37.713+0700: 6529.974: Total time for which application threads were stopped: 0.0000546 seconds, Stopping threads took: 0.0000045 seconds
2020-04-30T01:10:51.221+0700: 6543.481: Total time for which application threads were stopped: 0.0001768 seconds, Stopping threads took: 0.0000849 seconds
2020-04-30T01:10:51.221+0700: 6543.482: Total time for which application threads were stopped: 0.0002645 seconds, Stopping threads took: 0.0000317 seconds
2020-04-30T01:10:51.222+0700: 6543.483: Total time for which application threads were stopped: 0.0002519 seconds, Stopping threads took: 0.0000289 seconds
2020-04-30T01:10:51.223+0700: 6543.483: Total time for which application threads were stopped: 0.0000847 seconds, Stopping threads took: 0.0000217 seconds
2020-04-30T01:10:51.301+0700: 6543.562: Total time for which application threads were stopped: 0.0001754 seconds, Stopping threads took: 0.0000411 seconds
2020-04-30T01:10:51.301+0700: 6543.562: Total time for which application threads were stopped: 0.0001688 seconds, Stopping threads took: 0.0000854 seconds
2020-04-30T01:10:51.301+0700: 6543.562: Total time for which application threads were stopped: 0.0001187 seconds, Stopping threads took: 0.0000239 seconds
2020-04-30T01:10:51.301+0700: 6543.562: Total time for which application threads were stopped: 0.0000871 seconds, Stopping threads took: 0.0000197 seconds
2020-04-30T01:10:51.302+0700: 6543.562: Total time for which application threads were stopped: 0.0001065 seconds, Stopping threads took: 0.0000559 seconds
2020-04-30T01:10:51.302+0700: 6543.562: Total time for which application threads were stopped: 0.0000923 seconds, Stopping threads took: 0.0000262 seconds
2020-04-30T01:10:51.302+0700: 6543.563: Total time for which application threads were stopped: 0.0001472 seconds, Stopping threads took: 0.0000819 seconds
2020-04-30T01:10:51.302+0700: 6543.563: Total time for which application threads were stopped: 0.0001225 seconds, Stopping threads took: 0.0000653 seconds
2020-04-30T01:10:51.302+0700: 6543.563: Total time for which application threads were stopped: 0.0001563 seconds, Stopping threads took: 0.0000439 seconds
2020-04-30T01:10:51.302+0700: 6543.563: Total time for which application threads were stopped: 0.0001030 seconds, Stopping threads took: 0.0000335 seconds
2020-04-30T01:10:51.303+0700: 6543.563: Total time for which application threads were stopped: 0.0000886 seconds, Stopping threads took: 0.0000316 seconds
2020-04-30T01:10:52.304+0700: 6544.565: Total time for which application threads were stopped: 0.0002265 seconds, Stopping threads took: 0.0000439 seconds
2020-04-30T01:11:02.567+0700: 6554.827: Total time for which application threads were stopped: 0.0001429 seconds, Stopping threads took: 0.0000191 seconds
2020-04-30T01:11:02.567+0700: 6554.828: Total time for which application threads were stopped: 0.0002744 seconds, Stopping threads took: 0.0000136 seconds
2020-04-30T01:11:02.567+0700: 6554.828: Total time for which application threads were stopped: 0.0000910 seconds, Stopping threads took: 0.0000238 seconds
2020-04-30T01:11:02.567+0700: 6554.828: Total time for which application threads were stopped: 0.0001207 seconds, Stopping threads took: 0.0000292 seconds
2020-04-30T01:11:04.578+0700: 6556.838: Total time for which application threads were stopped: 0.0001541 seconds, Stopping threads took: 0.0000214 seconds
2020-04-30T01:11:11.984+0700: 6564.245: Total time for which application threads were stopped: 0.0002983 seconds, Stopping threads took: 0.0000240 seconds
2020-04-30T01:11:11.986+0700: 6564.246: Total time for which application threads were stopped: 0.0000839 seconds, Stopping threads took: 0.0000172 seconds
2020-04-30T01:11:11.986+0700: 6564.247: Total time for which application threads were stopped: 0.0000496 seconds, Stopping threads took: 0.0000071 seconds
2020-04-30T01:11:11.987+0700: 6564.247: Total time for which application threads were stopped: 0.0000729 seconds, Stopping threads took: 0.0000099 seconds
2020-04-30T01:11:11.987+0700: 6564.247: Total time for which application threads were stopped: 0.0000648 seconds, Stopping threads took: 0.0000075 seconds
2020-04-30T01:11:11.992+0700: 6564.253: Total time for which application threads were stopped: 0.0001094 seconds, Stopping threads took: 0.0000193 seconds
2020-04-30T01:11:12.000+0700: 6564.260: Total time for which application threads were stopped: 0.0001064 seconds, Stopping threads took: 0.0000181 seconds
2020-04-30T01:11:12.019+0700: 6564.279: Total time for which application threads were stopped: 0.0001199 seconds, Stopping threads took: 0.0000210 seconds
2020-04-30T01:11:16.544+0700: 6568.804: Total time for which application threads were stopped: 0.0003380 seconds, Stopping threads took: 0.0000387 seconds
2020-04-30T01:11:16.545+0700: 6568.805: Total time for which application threads were stopped: 0.0001055 seconds, Stopping threads took: 0.0000247 seconds
2020-04-30T01:11:16.545+0700: 6568.805: Total time for which application threads were stopped: 0.0001172 seconds, Stopping threads took: 0.0000382 seconds
2020-04-30T01:11:16.545+0700: 6568.805: Total time for which application threads were stopped: 0.0000939 seconds, Stopping threads took: 0.0000205 seconds
2020-04-30T01:11:17.549+0700: 6569.809: Total time for which application threads were stopped: 0.0001820 seconds, Stopping threads took: 0.0000410 seconds
2020-04-30T01:11:17.848+0700: 6570.108: Total time for which application threads were stopped: 0.0001744 seconds, Stopping threads took: 0.0000255 seconds
2020-04-30T01:11:18.852+0700: 6571.113: Total time for which application threads were stopped: 0.0001859 seconds, Stopping threads took: 0.0000514 seconds
2020-04-30T01:11:25.877+0700: 6578.136: Total time for which application threads were stopped: 0.0002769 seconds, Stopping threads took: 0.0000774 seconds
2020-04-30T01:11:29.488+0700: 6581.748: Total time for which application threads were stopped: 0.0000986 seconds, Stopping threads took: 0.0000166 seconds
2020-04-30T01:11:38.566+0700: 6590.826: Total time for which application threads were stopped: 0.0001452 seconds, Stopping threads took: 0.0000218 seconds
2020-04-30T01:11:38.566+0700: 6590.826: Total time for which application threads were stopped: 0.0000945 seconds, Stopping threads took: 0.0000114 seconds
2020-04-30T01:11:38.566+0700: 6590.826: Total time for which application threads were stopped: 0.0000857 seconds, Stopping threads took: 0.0000123 seconds
2020-04-30T01:11:38.567+0700: 6590.826: Total time for which application threads were stopped: 0.0000566 seconds, Stopping threads took: 0.0000050 seconds
2020-04-30T01:11:44.587+0700: 6596.846: Total time for which application threads were stopped: 0.0001429 seconds, Stopping threads took: 0.0000259 seconds
2020-04-30T01:11:51.066+0700: 6603.326: Total time for which application threads were stopped: 0.0001013 seconds, Stopping threads took: 0.0000176 seconds
2020-04-30T01:11:57.012+0700: 6609.271: Total time for which application threads were stopped: 0.0002994 seconds, Stopping threads took: 0.0001416 seconds
2020-04-30T01:11:57.012+0700: 6609.271: Total time for which application threads were stopped: 0.0000943 seconds, Stopping threads took: 0.0000089 seconds
2020-04-30T01:11:57.012+0700: 6609.272: Total time for which application threads were stopped: 0.0000737 seconds, Stopping threads took: 0.0000083 seconds
2020-04-30T01:11:57.012+0700: 6609.272: Total time for which application threads were stopped: 0.0000518 seconds, Stopping threads took: 0.0000045 seconds
2020-04-30T01:12:07.047+0700: 6619.306: Total time for which application threads were stopped: 0.0001734 seconds, Stopping threads took: 0.0000553 seconds
2020-04-30T01:12:10.006+0700: 6622.265: Total time for which application threads were stopped: 0.0001053 seconds, Stopping threads took: 0.0000194 seconds
2020-04-30T01:12:15.751+0700: 6628.010: Total time for which application threads were stopped: 0.0001875 seconds, Stopping threads took: 0.0000224 seconds
2020-04-30T01:12:15.752+0700: 6628.010: Total time for which application threads were stopped: 0.0001020 seconds, Stopping threads took: 0.0000100 seconds
2020-04-30T01:12:15.752+0700: 6628.011: Total time for which application threads were stopped: 0.0000702 seconds, Stopping threads took: 0.0000080 seconds
2020-04-30T01:12:15.752+0700: 6628.011: Total time for which application threads were stopped: 0.0000621 seconds, Stopping threads took: 0.0000068 seconds
2020-04-30T01:12:28.494+0700: 6640.752: Total time for which application threads were stopped: 0.0001622 seconds, Stopping threads took: 0.0000395 seconds
2020-04-30T01:12:34.643+0700: 6646.902: Total time for which application threads were stopped: 0.0010709 seconds, Stopping threads took: 0.0000200 seconds
2020-04-30T01:12:34.644+0700: 6646.902: Total time for which application threads were stopped: 0.0001274 seconds, Stopping threads took: 0.0000163 seconds
2020-04-30T01:12:34.644+0700: 6646.902: Total time for which application threads were stopped: 0.0000857 seconds, Stopping threads took: 0.0000096 seconds
2020-04-30T01:12:34.644+0700: 6646.903: Total time for which application threads were stopped: 0.0000837 seconds, Stopping threads took: 0.0000052 seconds
2020-04-30T01:12:45.401+0700: 6657.659: Total time for which application threads were stopped: 0.0001207 seconds, Stopping threads took: 0.0000234 seconds
2020-04-30T01:12:45.401+0700: 6657.659: Total time for which application threads were stopped: 0.0001536 seconds, Stopping threads took: 0.0000287 seconds
2020-04-30T01:12:46.368+0700: 6658.626: Total time for which application threads were stopped: 0.0001834 seconds, Stopping threads took: 0.0000925 seconds
2020-04-30T01:12:49.276+0700: 6661.534: Total time for which application threads were stopped: 0.0001617 seconds, Stopping threads took: 0.0000239 seconds
2020-04-30T01:12:49.276+0700: 6661.534: Total time for which application threads were stopped: 0.0000900 seconds, Stopping threads took: 0.0000098 seconds
2020-04-30T01:12:49.276+0700: 6661.534: Total time for which application threads were stopped: 0.0000721 seconds, Stopping threads took: 0.0000087 seconds
2020-04-30T01:12:49.276+0700: 6661.534: Total time for which application threads were stopped: 0.0000569 seconds, Stopping threads took: 0.0000048 seconds
2020-04-30T01:12:54.291+0700: 6666.549: Total time for which application threads were stopped: 0.0002063 seconds, Stopping threads took: 0.0000292 seconds
2020-04-30T01:12:59.547+0700: 6671.805: Total time for which application threads were stopped: 0.0001217 seconds, Stopping threads took: 0.0000207 seconds
2020-04-30T01:12:59.548+0700: 6671.806: Total time for which application threads were stopped: 0.0001708 seconds, Stopping threads took: 0.0000321 seconds
2020-04-30T01:12:59.549+0700: 6671.807: Total time for which application threads were stopped: 0.0001576 seconds, Stopping threads took: 0.0000340 seconds
2020-04-30T01:12:59.549+0700: 6671.807: Total time for which application threads were stopped: 0.0001994 seconds, Stopping threads took: 0.0000355 seconds
2020-04-30T01:12:59.550+0700: 6671.807: Total time for which application threads were stopped: 0.0001418 seconds, Stopping threads took: 0.0000404 seconds
2020-04-30T01:12:59.550+0700: 6671.808: Total time for which application threads were stopped: 0.0001407 seconds, Stopping threads took: 0.0000546 seconds
2020-04-30T01:12:59.550+0700: 6671.808: Total time for which application threads were stopped: 0.0001129 seconds, Stopping threads took: 0.0000296 seconds
2020-04-30T01:12:59.550+0700: 6671.808: Total time for which application threads were stopped: 0.0001529 seconds, Stopping threads took: 0.0000390 seconds
2020-04-30T01:12:59.550+0700: 6671.808: Total time for which application threads were stopped: 0.0001315 seconds, Stopping threads took: 0.0000370 seconds
2020-04-30T01:12:59.550+0700: 6671.808: Total time for which application threads were stopped: 0.0001642 seconds, Stopping threads took: 0.0000360 seconds
2020-04-30T01:12:59.551+0700: 6671.809: Total time for which application threads were stopped: 0.0001016 seconds, Stopping threads took: 0.0000148 seconds
2020-04-30T01:12:59.551+0700: 6671.809: Total time for which application threads were stopped: 0.0000993 seconds, Stopping threads took: 0.0000124 seconds
2020-04-30T01:12:59.553+0700: 6671.811: Total time for which application threads were stopped: 0.0001500 seconds, Stopping threads took: 0.0000304 seconds
2020-04-30T01:12:59.844+0700: 6672.102: Total time for which application threads were stopped: 0.0001237 seconds, Stopping threads took: 0.0000232 seconds
2020-04-30T01:13:02.670+0700: 6674.928: Total time for which application threads were stopped: 0.0001112 seconds, Stopping threads took: 0.0000178 seconds
2020-04-30T01:13:09.869+0700: 6682.126: Total time for which application threads were stopped: 0.0001542 seconds, Stopping threads took: 0.0000224 seconds
2020-04-30T01:13:09.869+0700: 6682.126: Total time for which application threads were stopped: 0.0000898 seconds, Stopping threads took: 0.0000089 seconds
2020-04-30T01:13:09.869+0700: 6682.127: Total time for which application threads were stopped: 0.0000667 seconds, Stopping threads took: 0.0000074 seconds
2020-04-30T01:13:09.869+0700: 6682.127: Total time for which application threads were stopped: 0.0000521 seconds, Stopping threads took: 0.0000046 seconds
2020-04-30T01:13:18.026+0700: 6690.284: Total time for which application threads were stopped: 0.0001035 seconds, Stopping threads took: 0.0000186 seconds
2020-04-30T01:13:29.862+0700: 6702.119: Total time for which application threads were stopped: 0.0001629 seconds, Stopping threads took: 0.0000246 seconds
2020-04-30T01:13:29.862+0700: 6702.119: Total time for which application threads were stopped: 0.0000912 seconds, Stopping threads took: 0.0000090 seconds
2020-04-30T01:13:29.862+0700: 6702.119: Total time for which application threads were stopped: 0.0000846 seconds, Stopping threads took: 0.0000112 seconds
2020-04-30T01:13:29.862+0700: 6702.120: Total time for which application threads were stopped: 0.0000831 seconds, Stopping threads took: 0.0000098 seconds
2020-04-30T01:13:42.410+0700: 6714.667: Total time for which application threads were stopped: 0.0001346 seconds, Stopping threads took: 0.0000292 seconds
2020-04-30T01:13:42.410+0700: 6714.667: Total time for which application threads were stopped: 0.0000704 seconds, Stopping threads took: 0.0000091 seconds
2020-04-30T01:13:42.411+0700: 6714.668: Total time for which application threads were stopped: 0.0001178 seconds, Stopping threads took: 0.0000319 seconds
2020-04-30T01:13:42.411+0700: 6714.668: Total time for which application threads were stopped: 0.0000846 seconds, Stopping threads took: 0.0000274 seconds
2020-04-30T01:13:42.411+0700: 6714.668: Total time for which application threads were stopped: 0.0000722 seconds, Stopping threads took: 0.0000087 seconds
2020-04-30T01:13:42.433+0700: 6714.690: Total time for which application threads were stopped: 0.0001251 seconds, Stopping threads took: 0.0000504 seconds
2020-04-30T01:13:42.485+0700: 6714.742: Total time for which application threads were stopped: 0.0001073 seconds, Stopping threads took: 0.0000201 seconds
2020-04-30T01:13:42.488+0700: 6714.745: Total time for which application threads were stopped: 0.0002008 seconds, Stopping threads took: 0.0000317 seconds
2020-04-30T01:13:43.493+0700: 6715.750: Total time for which application threads were stopped: 0.0002810 seconds, Stopping threads took: 0.0000483 seconds
2020-04-30T01:13:51.341+0700: 6723.598: Total time for which application threads were stopped: 0.0002138 seconds, Stopping threads took: 0.0000723 seconds
2020-04-30T01:13:51.342+0700: 6723.598: Total time for which application threads were stopped: 0.0000971 seconds, Stopping threads took: 0.0000085 seconds
2020-04-30T01:13:51.342+0700: 6723.598: Total time for which application threads were stopped: 0.0000877 seconds, Stopping threads took: 0.0000253 seconds
2020-04-30T01:13:51.342+0700: 6723.599: Total time for which application threads were stopped: 0.0000684 seconds, Stopping threads took: 0.0000202 seconds
2020-04-30T01:13:51.342+0700: 6723.599: Total time for which application threads were stopped: 0.0000519 seconds, Stopping threads took: 0.0000083 seconds
2020-04-30T01:13:51.342+0700: 6723.599: Total time for which application threads were stopped: 0.0000631 seconds, Stopping threads took: 0.0000079 seconds
2020-04-30T01:13:51.342+0700: 6723.599: Total time for which application threads were stopped: 0.0000604 seconds, Stopping threads took: 0.0000080 seconds
2020-04-30T01:13:51.342+0700: 6723.599: Total time for which application threads were stopped: 0.0000714 seconds, Stopping threads took: 0.0000082 seconds
2020-04-30T01:13:51.343+0700: 6723.600: Total time for which application threads were stopped: 0.0001997 seconds, Stopping threads took: 0.0001168 seconds
2020-04-30T01:13:51.343+0700: 6723.600: Total time for which application threads were stopped: 0.0000689 seconds, Stopping threads took: 0.0000070 seconds
2020-04-30T01:13:51.343+0700: 6723.600: Total time for which application threads were stopped: 0.0000572 seconds, Stopping threads took: 0.0000058 seconds
2020-04-30T01:13:51.343+0700: 6723.600: Total time for which application threads were stopped: 0.0000580 seconds, Stopping threads took: 0.0000063 seconds
2020-04-30T01:13:51.343+0700: 6723.600: Total time for which application threads were stopped: 0.0000958 seconds, Stopping threads took: 0.0000054 seconds
2020-04-30T01:13:51.343+0700: 6723.600: Total time for which application threads were stopped: 0.0000482 seconds, Stopping threads took: 0.0000065 seconds
2020-04-30T01:13:51.343+0700: 6723.600: Total time for which application threads were stopped: 0.0001064 seconds, Stopping threads took: 0.0000327 seconds
2020-04-30T01:13:52.348+0700: 6724.605: Total time for which application threads were stopped: 0.0001289 seconds, Stopping threads took: 0.0000391 seconds
2020-04-30T01:13:54.728+0700: 6726.985: Total time for which application threads were stopped: 0.0001738 seconds, Stopping threads took: 0.0000260 seconds
2020-04-30T01:13:54.729+0700: 6726.985: Total time for which application threads were stopped: 0.0000982 seconds, Stopping threads took: 0.0000109 seconds
2020-04-30T01:13:54.729+0700: 6726.985: Total time for which application threads were stopped: 0.0000728 seconds, Stopping threads took: 0.0000084 seconds
2020-04-30T01:13:54.729+0700: 6726.985: Total time for which application threads were stopped: 0.0000576 seconds, Stopping threads took: 0.0000047 seconds
2020-04-30T01:14:04.075+0700: 6736.332: Total time for which application threads were stopped: 0.0001510 seconds, Stopping threads took: 0.0000172 seconds
2020-04-30T01:14:04.075+0700: 6736.332: Total time for which application threads were stopped: 0.0000631 seconds, Stopping threads took: 0.0000044 seconds
2020-04-30T01:14:04.076+0700: 6736.332: Total time for which application threads were stopped: 0.0000807 seconds, Stopping threads took: 0.0000256 seconds
2020-04-30T01:14:04.078+0700: 6736.334: Total time for which application threads were stopped: 0.0000989 seconds, Stopping threads took: 0.0000147 seconds
2020-04-30T01:14:04.080+0700: 6736.336: Total time for which application threads were stopped: 0.0001049 seconds, Stopping threads took: 0.0000160 seconds
2020-04-30T01:14:04.088+0700: 6736.345: Total time for which application threads were stopped: 0.0001393 seconds, Stopping threads took: 0.0000125 seconds
2020-04-30T01:14:04.101+0700: 6736.358: Total time for which application threads were stopped: 0.0000981 seconds, Stopping threads took: 0.0000165 seconds
2020-04-30T01:14:05.103+0700: 6737.360: Total time for which application threads were stopped: 0.0001890 seconds, Stopping threads took: 0.0000462 seconds
2020-04-30T01:14:05.829+0700: 6738.086: Total time for which application threads were stopped: 0.0001666 seconds, Stopping threads took: 0.0000240 seconds
2020-04-30T01:14:05.830+0700: 6738.086: Total time for which application threads were stopped: 0.0000992 seconds, Stopping threads took: 0.0000107 seconds
2020-04-30T01:14:05.830+0700: 6738.086: Total time for which application threads were stopped: 0.0000719 seconds, Stopping threads took: 0.0000086 seconds
2020-04-30T01:14:05.830+0700: 6738.086: Total time for which application threads were stopped: 0.0000711 seconds, Stopping threads took: 0.0000079 seconds
2020-04-30T01:14:19.251+0700: 6751.507: Total time for which application threads were stopped: 0.0002429 seconds, Stopping threads took: 0.0000328 seconds
2020-04-30T01:14:23.929+0700: 6756.185: Total time for which application threads were stopped: 0.0001630 seconds, Stopping threads took: 0.0000243 seconds
2020-04-30T01:14:23.929+0700: 6756.185: Total time for which application threads were stopped: 0.0001067 seconds, Stopping threads took: 0.0000102 seconds
2020-04-30T01:14:23.929+0700: 6756.185: Total time for which application threads were stopped: 0.0000798 seconds, Stopping threads took: 0.0000088 seconds
2020-04-30T01:14:23.929+0700: 6756.185: Total time for which application threads were stopped: 0.0000577 seconds, Stopping threads took: 0.0000050 seconds
2020-04-30T01:14:35.975+0700: 6768.231: Total time for which application threads were stopped: 0.0001288 seconds, Stopping threads took: 0.0000248 seconds
2020-04-30T01:14:44.002+0700: 6776.258: Total time for which application threads were stopped: 0.0002007 seconds, Stopping threads took: 0.0000487 seconds
2020-04-30T01:14:48.190+0700: 6780.446: Total time for which application threads were stopped: 0.0001687 seconds, Stopping threads took: 0.0000200 seconds
2020-04-30T01:14:48.190+0700: 6780.446: Total time for which application threads were stopped: 0.0001131 seconds, Stopping threads took: 0.0000213 seconds
2020-04-30T01:14:48.191+0700: 6780.446: Total time for which application threads were stopped: 0.0000859 seconds, Stopping threads took: 0.0000091 seconds
2020-04-30T01:14:48.191+0700: 6780.446: Total time for which application threads were stopped: 0.0000672 seconds, Stopping threads took: 0.0000045 seconds
2020-04-30T01:14:56.218+0700: 6788.474: Total time for which application threads were stopped: 0.0002321 seconds, Stopping threads took: 0.0000436 seconds
2020-04-30T01:14:59.230+0700: 6791.485: Total time for which application threads were stopped: 0.0001593 seconds, Stopping threads took: 0.0000307 seconds
2020-04-30T01:15:00.235+0700: 6792.490: Total time for which application threads were stopped: 0.0001634 seconds, Stopping threads took: 0.0000667 seconds
2020-04-30T01:15:01.384+0700: 6793.639: Total time for which application threads were stopped: 0.0002414 seconds, Stopping threads took: 0.0000265 seconds
2020-04-30T01:15:01.384+0700: 6793.640: Total time for which application threads were stopped: 0.0001380 seconds, Stopping threads took: 0.0000095 seconds
2020-04-30T01:15:01.384+0700: 6793.640: Total time for which application threads were stopped: 0.0000943 seconds, Stopping threads took: 0.0000143 seconds
2020-04-30T01:15:01.385+0700: 6793.640: Total time for which application threads were stopped: 0.0000599 seconds, Stopping threads took: 0.0000050 seconds
2020-04-30T01:15:10.412+0700: 6802.667: Total time for which application threads were stopped: 0.0001247 seconds, Stopping threads took: 0.0000338 seconds
2020-04-30T01:15:14.428+0700: 6806.683: Total time for which application threads were stopped: 0.0002951 seconds, Stopping threads took: 0.0000893 seconds
2020-04-30T01:15:18.440+0700: 6810.695: Total time for which application threads were stopped: 0.0001224 seconds, Stopping threads took: 0.0000299 seconds
2020-04-30T01:15:20.694+0700: 6812.949: Total time for which application threads were stopped: 0.0001536 seconds, Stopping threads took: 0.0000214 seconds
2020-04-30T01:15:20.694+0700: 6812.949: Total time for which application threads were stopped: 0.0000823 seconds, Stopping threads took: 0.0000088 seconds
2020-04-30T01:15:20.694+0700: 6812.949: Total time for which application threads were stopped: 0.0000764 seconds, Stopping threads took: 0.0000095 seconds
2020-04-30T01:15:20.694+0700: 6812.949: Total time for which application threads were stopped: 0.0000799 seconds, Stopping threads took: 0.0000102 seconds
2020-04-30T01:15:28.725+0700: 6820.980: Total time for which application threads were stopped: 0.0002690 seconds, Stopping threads took: 0.0000579 seconds
2020-04-30T01:15:46.439+0700: 6838.693: Total time for which application threads were stopped: 0.0002772 seconds, Stopping threads took: 0.0000851 seconds
2020-04-30T01:15:47.881+0700: 6840.136: Total time for which application threads were stopped: 0.0001787 seconds, Stopping threads took: 0.0000435 seconds
2020-04-30T01:15:47.888+0700: 6840.142: Total time for which application threads were stopped: 0.0001453 seconds, Stopping threads took: 0.0000570 seconds
2020-04-30T01:15:47.888+0700: 6840.143: Total time for which application threads were stopped: 0.0002185 seconds, Stopping threads took: 0.0000590 seconds
2020-04-30T01:15:47.889+0700: 6840.143: Total time for which application threads were stopped: 0.0001429 seconds, Stopping threads took: 0.0000245 seconds
2020-04-30T01:16:04.942+0700: 6857.196: Total time for which application threads were stopped: 0.0001629 seconds, Stopping threads took: 0.0000199 seconds
2020-04-30T01:16:08.248+0700: 6860.502: Total time for which application threads were stopped: 0.0001647 seconds, Stopping threads took: 0.0000231 seconds
2020-04-30T01:16:08.248+0700: 6860.502: Total time for which application threads were stopped: 0.0000723 seconds, Stopping threads took: 0.0000079 seconds
2020-04-30T01:16:08.248+0700: 6860.502: Total time for which application threads were stopped: 0.0002471 seconds, Stopping threads took: 0.0000218 seconds
2020-04-30T01:16:08.249+0700: 6860.502: Total time for which application threads were stopped: 0.0001965 seconds, Stopping threads took: 0.0000202 seconds
2020-04-30T01:16:09.254+0700: 6861.508: Total time for which application threads were stopped: 0.0002057 seconds, Stopping threads took: 0.0000702 seconds
2020-04-30T01:16:19.529+0700: 6871.783: Total time for which application threads were stopped: 0.0001322 seconds, Stopping threads took: 0.0000203 seconds
2020-04-30T01:16:19.529+0700: 6871.783: Total time for which application threads were stopped: 0.0000480 seconds, Stopping threads took: 0.0000047 seconds
2020-04-30T01:16:29.086+0700: 6881.340: Total time for which application threads were stopped: 0.0001592 seconds, Stopping threads took: 0.0000235 seconds
2020-04-30T01:16:29.086+0700: 6881.340: Total time for which application threads were stopped: 0.0000808 seconds, Stopping threads took: 0.0000085 seconds
2020-04-30T01:16:29.086+0700: 6881.340: Total time for which application threads were stopped: 0.0000628 seconds, Stopping threads took: 0.0000068 seconds
2020-04-30T01:16:29.086+0700: 6881.340: Total time for which application threads were stopped: 0.0000511 seconds, Stopping threads took: 0.0000045 seconds
2020-04-30T01:16:40.889+0700: 6893.142: Total time for which application threads were stopped: 0.0002095 seconds, Stopping threads took: 0.0000247 seconds
2020-04-30T01:16:40.889+0700: 6893.142: Total time for which application threads were stopped: 0.0000642 seconds, Stopping threads took: 0.0000086 seconds
2020-04-30T01:16:40.896+0700: 6893.149: Total time for which application threads were stopped: 0.0001385 seconds, Stopping threads took: 0.0000584 seconds
2020-04-30T01:16:40.896+0700: 6893.149: Total time for which application threads were stopped: 0.0001050 seconds, Stopping threads took: 0.0000366 seconds
2020-04-30T01:16:40.897+0700: 6893.150: Total time for which application threads were stopped: 0.0001320 seconds, Stopping threads took: 0.0000613 seconds
{Heap before GC invocations=20 (full 0):
 garbage-first heap   total 524288K, used 360064K [0x00000007a0000000, 0x00000007a0101000, 0x00000007c0000000)
  region size 1024K, 307 young (314368K), 24 survivors (24576K)
 Metaspace       used 53551K, capacity 55776K, committed 55880K, reserved 1097728K
  class space    used 6209K, capacity 6635K, committed 6732K, reserved 1048576K
2020-04-30T01:16:40.930+0700: 6893.183: [GC pause (G1 Evacuation Pause) (young)
Desired survivor size 20447232 bytes, new threshold 15 (max 15)
- age   1:    6075152 bytes,    6075152 total
- age   2:    1752808 bytes,    7827960 total
- age   3:    3189088 bytes,   11017048 total
- age   4:     624912 bytes,   11641960 total
- age   5:      63976 bytes,   11705936 total
- age   6:      36328 bytes,   11742264 total
- age   7:      34672 bytes,   11776936 total
- age   8:     928224 bytes,   12705160 total
- age   9:     511240 bytes,   13216400 total
- age  10:    5243264 bytes,   18459664 total
, 0.0120259 secs]
   [Parallel Time: 6.7 ms, GC Workers: 8]
      [GC Worker Start (ms): Min: 6893183.2, Avg: 6893183.3, Max: 6893183.3, Diff: 0.1]
      [Ext Root Scanning (ms): Min: 0.3, Avg: 0.5, Max: 1.2, Diff: 1.0, Sum: 3.9]
      [Update RS (ms): Min: 0.0, Avg: 0.3, Max: 0.5, Diff: 0.5, Sum: 2.3]
         [Processed Buffers: Min: 0, Avg: 3.4, Max: 8, Diff: 8, Sum: 27]
      [Scan RS (ms): Min: 0.0, Avg: 0.0, Max: 0.1, Diff: 0.0, Sum: 0.2]
      [Code Root Scanning (ms): Min: 0.0, Avg: 0.7, Max: 1.5, Diff: 1.5, Sum: 5.8]
      [Object Copy (ms): Min: 3.8, Avg: 4.6, Max: 5.4, Diff: 1.6, Sum: 36.8]
      [Termination (ms): Min: 0.0, Avg: 0.5, Max: 0.5, Diff: 0.5, Sum: 3.7]
         [Termination Attempts: Min: 1, Avg: 1.0, Max: 1, Diff: 0, Sum: 8]
      [GC Worker Other (ms): Min: 0.0, Avg: 0.0, Max: 0.0, Diff: 0.0, Sum: 0.1]
      [GC Worker Total (ms): Min: 6.5, Avg: 6.6, Max: 6.6, Diff: 0.1, Sum: 52.7]
      [GC Worker End (ms): Min: 6893189.9, Avg: 6893189.9, Max: 6893189.9, Diff: 0.1]
   [Code Root Fixup: 0.1 ms]
   [Code Root Purge: 0.0 ms]
   [Clear CT: 0.2 ms]
   [Other: 5.0 ms]
      [Choose CSet: 0.0 ms]
      [Ref Proc: 4.2 ms]
      [Ref Enq: 0.2 ms]
      [Redirty Cards: 0.2 ms]
      [Humongous Register: 0.0 ms]
      [Humongous Reclaim: 0.0 ms]
      [Free CSet: 0.2 ms]
   [Eden: 283.0M(283.0M)->0.0B(284.0M) Survivors: 24.0M->23.0M Heap: 351.6M(512.0M)->67.6M(512.0M)]
Heap after GC invocations=21 (full 0):
 garbage-first heap   total 524288K, used 69248K [0x00000007a0000000, 0x00000007a0101000, 0x00000007c0000000)
  region size 1024K, 23 young (23552K), 23 survivors (23552K)
 Metaspace       used 53551K, capacity 55776K, committed 55880K, reserved 1097728K
  class space    used 6209K, capacity 6635K, committed 6732K, reserved 1048576K
}
 [Times: user=0.06 sys=0.01, real=0.01 secs] 
2020-04-30T01:16:40.943+0700: 6893.196: Total time for which application threads were stopped: 0.0129299 seconds, Stopping threads took: 0.0000448 seconds
2020-04-30T01:16:40.943+0700: 6893.197: Total time for which application threads were stopped: 0.0006360 seconds, Stopping threads took: 0.0001109 seconds
2020-04-30T01:16:41.947+0700: 6894.200: Total time for which application threads were stopped: 0.0002455 seconds, Stopping threads took: 0.0000868 seconds
2020-04-30T01:16:44.367+0700: 6896.620: Total time for which application threads were stopped: 0.0003588 seconds, Stopping threads took: 0.0000452 seconds
2020-04-30T01:16:44.367+0700: 6896.620: Total time for which application threads were stopped: 0.0001719 seconds, Stopping threads took: 0.0000233 seconds
2020-04-30T01:16:44.367+0700: 6896.620: Total time for which application threads were stopped: 0.0001419 seconds, Stopping threads took: 0.0000188 seconds
2020-04-30T01:16:44.367+0700: 6896.620: Total time for which application threads were stopped: 0.0000652 seconds, Stopping threads took: 0.0000055 seconds
2020-04-30T01:16:51.387+0700: 6903.640: Total time for which application threads were stopped: 0.0001411 seconds, Stopping threads took: 0.0000350 seconds
2020-04-30T01:16:51.387+0700: 6903.640: Total time for which application threads were stopped: 0.0000599 seconds, Stopping threads took: 0.0000084 seconds
2020-04-30T01:16:51.387+0700: 6903.640: Total time for which application threads were stopped: 0.0000422 seconds, Stopping threads took: 0.0000064 seconds
2020-04-30T01:16:51.387+0700: 6903.640: Total time for which application threads were stopped: 0.0000404 seconds, Stopping threads took: 0.0000064 seconds
2020-04-30T01:16:51.387+0700: 6903.640: Total time for which application threads were stopped: 0.0000402 seconds, Stopping threads took: 0.0000063 seconds
2020-04-30T01:16:51.387+0700: 6903.640: Total time for which application threads were stopped: 0.0000740 seconds, Stopping threads took: 0.0000149 seconds
2020-04-30T01:16:51.388+0700: 6903.640: Total time for which application threads were stopped: 0.0000546 seconds, Stopping threads took: 0.0000092 seconds
2020-04-30T01:16:51.388+0700: 6903.641: Total time for which application threads were stopped: 0.0000416 seconds, Stopping threads took: 0.0000061 seconds
2020-04-30T01:16:51.388+0700: 6903.641: Total time for which application threads were stopped: 0.0000696 seconds, Stopping threads took: 0.0000150 seconds
2020-04-30T01:16:51.388+0700: 6903.641: Total time for which application threads were stopped: 0.0001138 seconds, Stopping threads took: 0.0000485 seconds
2020-04-30T01:16:51.388+0700: 6903.641: Total time for which application threads were stopped: 0.0000773 seconds, Stopping threads took: 0.0000289 seconds
2020-04-30T01:16:51.388+0700: 6903.641: Total time for which application threads were stopped: 0.0000463 seconds, Stopping threads took: 0.0000077 seconds
2020-04-30T01:16:51.388+0700: 6903.641: Total time for which application threads were stopped: 0.0000621 seconds, Stopping threads took: 0.0000072 seconds
2020-04-30T01:16:51.388+0700: 6903.641: Total time for which application threads were stopped: 0.0000756 seconds, Stopping threads took: 0.0000176 seconds
2020-04-30T01:16:51.388+0700: 6903.641: Total time for which application threads were stopped: 0.0000579 seconds, Stopping threads took: 0.0000065 seconds
2020-04-30T01:16:56.199+0700: 6908.452: Total time for which application threads were stopped: 0.0001781 seconds, Stopping threads took: 0.0000365 seconds
2020-04-30T01:16:56.204+0700: 6908.457: Total time for which application threads were stopped: 0.0002222 seconds, Stopping threads took: 0.0000157 seconds
2020-04-30T01:16:56.207+0700: 6908.460: Total time for which application threads were stopped: 0.0000867 seconds, Stopping threads took: 0.0000162 seconds
2020-04-30T01:16:56.210+0700: 6908.463: Total time for which application threads were stopped: 0.0000838 seconds, Stopping threads took: 0.0000163 seconds
2020-04-30T01:16:56.216+0700: 6908.469: Total time for which application threads were stopped: 0.0001046 seconds, Stopping threads took: 0.0000268 seconds
2020-04-30T01:17:13.602+0700: 6925.854: Total time for which application threads were stopped: 0.0001662 seconds, Stopping threads took: 0.0000306 seconds
2020-04-30T01:17:13.602+0700: 6925.854: Total time for which application threads were stopped: 0.0000721 seconds, Stopping threads took: 0.0000075 seconds
2020-04-30T01:17:13.602+0700: 6925.855: Total time for which application threads were stopped: 0.0000660 seconds, Stopping threads took: 0.0000072 seconds
2020-04-30T01:17:13.602+0700: 6925.855: Total time for which application threads were stopped: 0.0000505 seconds, Stopping threads took: 0.0000042 seconds
2020-04-30T01:17:26.923+0700: 6939.175: Total time for which application threads were stopped: 0.0001720 seconds, Stopping threads took: 0.0000233 seconds
2020-04-30T01:17:26.923+0700: 6939.176: Total time for which application threads were stopped: 0.0000850 seconds, Stopping threads took: 0.0000088 seconds
2020-04-30T01:17:26.924+0700: 6939.176: Total time for which application threads were stopped: 0.0000663 seconds, Stopping threads took: 0.0000076 seconds
2020-04-30T01:17:26.924+0700: 6939.176: Total time for which application threads were stopped: 0.0000526 seconds, Stopping threads took: 0.0000047 seconds
2020-04-30T01:17:34.953+0700: 6947.205: Total time for which application threads were stopped: 0.0002367 seconds, Stopping threads took: 0.0000503 seconds
2020-04-30T01:17:47.464+0700: 6959.716: Total time for which application threads were stopped: 0.0001551 seconds, Stopping threads took: 0.0000215 seconds
2020-04-30T01:17:47.464+0700: 6959.716: Total time for which application threads were stopped: 0.0002493 seconds, Stopping threads took: 0.0000089 seconds
2020-04-30T01:17:47.464+0700: 6959.716: Total time for which application threads were stopped: 0.0000812 seconds, Stopping threads took: 0.0000105 seconds
2020-04-30T01:17:47.465+0700: 6959.716: Total time for which application threads were stopped: 0.0000556 seconds, Stopping threads took: 0.0000049 seconds
2020-04-30T01:17:50.208+0700: 6962.460: Total time for which application threads were stopped: 0.0001629 seconds, Stopping threads took: 0.0000226 seconds
2020-04-30T01:18:00.511+0700: 6972.763: Total time for which application threads were stopped: 0.0001155 seconds, Stopping threads took: 0.0000164 seconds
2020-04-30T01:18:18.843+0700: 6991.094: Total time for which application threads were stopped: 0.0003019 seconds, Stopping threads took: 0.0000213 seconds
2020-04-30T01:18:18.843+0700: 6991.094: Total time for which application threads were stopped: 0.0000692 seconds, Stopping threads took: 0.0000078 seconds
2020-04-30T01:18:18.843+0700: 6991.095: Total time for which application threads were stopped: 0.0000539 seconds, Stopping threads took: 0.0000061 seconds
2020-04-30T01:18:18.843+0700: 6991.095: Total time for which application threads were stopped: 0.0000562 seconds, Stopping threads took: 0.0000072 seconds
2020-04-30T01:18:26.752+0700: 6999.003: Total time for which application threads were stopped: 0.0002436 seconds, Stopping threads took: 0.0000436 seconds
2020-04-30T01:18:30.552+0700: 7002.803: Total time for which application threads were stopped: 0.0001380 seconds, Stopping threads took: 0.0000176 seconds
2020-04-30T01:18:37.999+0700: 7010.249: Total time for which application threads were stopped: 0.0001611 seconds, Stopping threads took: 0.0000231 seconds
2020-04-30T01:18:37.999+0700: 7010.249: Total time for which application threads were stopped: 0.0000752 seconds, Stopping threads took: 0.0000082 seconds
2020-04-30T01:18:37.999+0700: 7010.250: Total time for which application threads were stopped: 0.0000989 seconds, Stopping threads took: 0.0000221 seconds
2020-04-30T01:18:37.999+0700: 7010.250: Total time for which application threads were stopped: 0.0000785 seconds, Stopping threads took: 0.0000106 seconds
2020-04-30T01:18:48.205+0700: 7020.456: Total time for which application threads were stopped: 0.0001865 seconds, Stopping threads took: 0.0000466 seconds
2020-04-30T01:18:55.228+0700: 7027.479: Total time for which application threads were stopped: 0.0001454 seconds, Stopping threads took: 0.0000328 seconds
2020-04-30T01:18:59.160+0700: 7031.410: Total time for which application threads were stopped: 0.0001894 seconds, Stopping threads took: 0.0000226 seconds
2020-04-30T01:18:59.160+0700: 7031.411: Total time for which application threads were stopped: 0.0000936 seconds, Stopping threads took: 0.0000118 seconds
2020-04-30T01:18:59.160+0700: 7031.411: Total time for which application threads were stopped: 0.0000764 seconds, Stopping threads took: 0.0000088 seconds
2020-04-30T01:18:59.161+0700: 7031.411: Total time for which application threads were stopped: 0.0000572 seconds, Stopping threads took: 0.0000048 seconds
2020-04-30T01:19:10.154+0700: 7042.404: Total time for which application threads were stopped: 0.0002023 seconds, Stopping threads took: 0.0000419 seconds
2020-04-30T01:19:24.812+0700: 7057.062: Total time for which application threads were stopped: 0.0001595 seconds, Stopping threads took: 0.0000225 seconds
2020-04-30T01:19:24.812+0700: 7057.062: Total time for which application threads were stopped: 0.0000728 seconds, Stopping threads took: 0.0000076 seconds
2020-04-30T01:19:24.812+0700: 7057.062: Total time for which application threads were stopped: 0.0000675 seconds, Stopping threads took: 0.0000075 seconds
2020-04-30T01:19:24.812+0700: 7057.062: Total time for which application threads were stopped: 0.0000531 seconds, Stopping threads took: 0.0000046 seconds
2020-04-30T01:19:28.526+0700: 7060.775: Total time for which application threads were stopped: 0.0001497 seconds, Stopping threads took: 0.0000275 seconds
2020-04-30T01:19:28.526+0700: 7060.775: Total time for which application threads were stopped: 0.0000642 seconds, Stopping threads took: 0.0000099 seconds
2020-04-30T01:19:28.535+0700: 7060.785: Total time for which application threads were stopped: 0.0001088 seconds, Stopping threads took: 0.0000172 seconds
2020-04-30T01:19:33.165+0700: 7065.415: Total time for which application threads were stopped: 0.0003435 seconds, Stopping threads took: 0.0000506 seconds
2020-04-30T01:19:33.165+0700: 7065.415: Total time for which application threads were stopped: 0.0001030 seconds, Stopping threads took: 0.0000117 seconds
2020-04-30T01:19:33.165+0700: 7065.415: Total time for which application threads were stopped: 0.0000841 seconds, Stopping threads took: 0.0000101 seconds
2020-04-30T01:19:33.166+0700: 7065.415: Total time for which application threads were stopped: 0.0000597 seconds, Stopping threads took: 0.0000052 seconds
2020-04-30T01:19:43.790+0700: 7076.039: Total time for which application threads were stopped: 0.0001914 seconds, Stopping threads took: 0.0000698 seconds
2020-04-30T01:19:43.790+0700: 7076.039: Total time for which application threads were stopped: 0.0001410 seconds, Stopping threads took: 0.0000355 seconds
2020-04-30T01:19:43.791+0700: 7076.040: Total time for which application threads were stopped: 0.0001418 seconds, Stopping threads took: 0.0000395 seconds
2020-04-30T01:19:43.792+0700: 7076.041: Total time for which application threads were stopped: 0.0001295 seconds, Stopping threads took: 0.0000300 seconds
2020-04-30T01:19:44.794+0700: 7077.044: Total time for which application threads were stopped: 0.0001303 seconds, Stopping threads took: 0.0000257 seconds
2020-04-30T01:19:50.911+0700: 7083.160: Total time for which application threads were stopped: 0.0001614 seconds, Stopping threads took: 0.0000240 seconds
2020-04-30T01:19:50.911+0700: 7083.161: Total time for which application threads were stopped: 0.0000702 seconds, Stopping threads took: 0.0000081 seconds
2020-04-30T01:19:50.911+0700: 7083.161: Total time for which application threads were stopped: 0.0000680 seconds, Stopping threads took: 0.0000076 seconds
2020-04-30T01:19:50.912+0700: 7083.161: Total time for which application threads were stopped: 0.0000529 seconds, Stopping threads took: 0.0000048 seconds
2020-04-30T01:19:51.421+0700: 7083.670: Total time for which application threads were stopped: 0.0001346 seconds, Stopping threads took: 0.0000531 seconds
2020-04-30T01:19:51.421+0700: 7083.670: Total time for which application threads were stopped: 0.0000922 seconds, Stopping threads took: 0.0000101 seconds
2020-04-30T01:19:51.421+0700: 7083.670: Total time for which application threads were stopped: 0.0000616 seconds, Stopping threads took: 0.0000070 seconds
2020-04-30T01:19:51.421+0700: 7083.670: Total time for which application threads were stopped: 0.0000870 seconds, Stopping threads took: 0.0000053 seconds
2020-04-30T01:19:51.422+0700: 7083.671: Total time for which application threads were stopped: 0.0002026 seconds, Stopping threads took: 0.0000052 seconds
2020-04-30T01:20:00.448+0700: 7092.697: Total time for which application threads were stopped: 0.0001115 seconds, Stopping threads took: 0.0000225 seconds
2020-04-30T01:20:00.823+0700: 7093.072: Total time for which application threads were stopped: 0.0001035 seconds, Stopping threads took: 0.0000184 seconds
2020-04-30T01:20:00.823+0700: 7093.072: Total time for which application threads were stopped: 0.0000697 seconds, Stopping threads took: 0.0000095 seconds
2020-04-30T01:20:00.823+0700: 7093.072: Total time for which application threads were stopped: 0.0000467 seconds, Stopping threads took: 0.0000064 seconds
2020-04-30T01:20:00.823+0700: 7093.072: Total time for which application threads were stopped: 0.0000417 seconds, Stopping threads took: 0.0000056 seconds
2020-04-30T01:20:00.823+0700: 7093.072: Total time for which application threads were stopped: 0.0000417 seconds, Stopping threads took: 0.0000054 seconds
2020-04-30T01:20:00.823+0700: 7093.072: Total time for which application threads were stopped: 0.0000408 seconds, Stopping threads took: 0.0000053 seconds
2020-04-30T01:20:00.823+0700: 7093.072: Total time for which application threads were stopped: 0.0000461 seconds, Stopping threads took: 0.0000056 seconds
2020-04-30T01:20:00.824+0700: 7093.073: Total time for which application threads were stopped: 0.0000747 seconds, Stopping threads took: 0.0000229 seconds
2020-04-30T01:20:00.824+0700: 7093.073: Total time for which application threads were stopped: 0.0000492 seconds, Stopping threads took: 0.0000065 seconds
2020-04-30T01:20:00.824+0700: 7093.073: Total time for which application threads were stopped: 0.0000452 seconds, Stopping threads took: 0.0000057 seconds
2020-04-30T01:20:00.824+0700: 7093.073: Total time for which application threads were stopped: 0.0000416 seconds, Stopping threads took: 0.0000054 seconds
2020-04-30T01:20:00.825+0700: 7093.074: Total time for which application threads were stopped: 0.0000617 seconds, Stopping threads took: 0.0000086 seconds
2020-04-30T01:20:00.825+0700: 7093.074: Total time for which application threads were stopped: 0.0000657 seconds, Stopping threads took: 0.0000122 seconds
2020-04-30T01:20:00.826+0700: 7093.075: Total time for which application threads were stopped: 0.0000791 seconds, Stopping threads took: 0.0000139 seconds
2020-04-30T01:20:00.827+0700: 7093.076: Total time for which application threads were stopped: 0.0000802 seconds, Stopping threads took: 0.0000157 seconds
2020-04-30T01:20:00.830+0700: 7093.079: Total time for which application threads were stopped: 0.0000774 seconds, Stopping threads took: 0.0000139 seconds
2020-04-30T01:20:00.833+0700: 7093.082: Total time for which application threads were stopped: 0.0002424 seconds, Stopping threads took: 0.0000283 seconds
2020-04-30T01:20:00.845+0700: 7093.094: Total time for which application threads were stopped: 0.0001018 seconds, Stopping threads took: 0.0000300 seconds
2020-04-30T01:20:08.147+0700: 7100.395: Total time for which application threads were stopped: 0.0002676 seconds, Stopping threads took: 0.0000343 seconds
2020-04-30T01:20:08.148+0700: 7100.397: Total time for which application threads were stopped: 0.0001333 seconds, Stopping threads took: 0.0000198 seconds
2020-04-30T01:20:08.148+0700: 7100.397: Total time for which application threads were stopped: 0.0000900 seconds, Stopping threads took: 0.0000104 seconds
2020-04-30T01:20:08.149+0700: 7100.397: Total time for which application threads were stopped: 0.0000755 seconds, Stopping threads took: 0.0000063 seconds
2020-04-30T01:20:11.157+0700: 7103.405: Total time for which application threads were stopped: 0.0001226 seconds, Stopping threads took: 0.0000217 seconds
2020-04-30T01:20:16.309+0700: 7108.558: Total time for which application threads were stopped: 0.0001598 seconds, Stopping threads took: 0.0000458 seconds
2020-04-30T01:20:16.309+0700: 7108.558: Total time for which application threads were stopped: 0.0000845 seconds, Stopping threads took: 0.0000040 seconds
2020-04-30T01:20:16.316+0700: 7108.564: Total time for which application threads were stopped: 0.0001383 seconds, Stopping threads took: 0.0000290 seconds
2020-04-30T01:20:19.736+0700: 7111.985: Total time for which application threads were stopped: 0.0001708 seconds, Stopping threads took: 0.0000290 seconds
2020-04-30T01:20:19.736+0700: 7111.985: Total time for which application threads were stopped: 0.0000873 seconds, Stopping threads took: 0.0000096 seconds
2020-04-30T01:20:19.737+0700: 7111.985: Total time for which application threads were stopped: 0.0000688 seconds, Stopping threads took: 0.0000078 seconds
2020-04-30T01:20:19.737+0700: 7111.985: Total time for which application threads were stopped: 0.0000540 seconds, Stopping threads took: 0.0000048 seconds
2020-04-30T01:20:32.359+0700: 7124.607: Total time for which application threads were stopped: 0.0001762 seconds, Stopping threads took: 0.0000336 seconds
2020-04-30T01:20:51.653+0700: 7143.901: Total time for which application threads were stopped: 0.0001587 seconds, Stopping threads took: 0.0000228 seconds
2020-04-30T01:20:51.653+0700: 7143.901: Total time for which application threads were stopped: 0.0000734 seconds, Stopping threads took: 0.0000080 seconds
2020-04-30T01:20:51.653+0700: 7143.901: Total time for which application threads were stopped: 0.0000523 seconds, Stopping threads took: 0.0000056 seconds
2020-04-30T01:20:51.653+0700: 7143.901: Total time for which application threads were stopped: 0.0000409 seconds, Stopping threads took: 0.0000034 seconds
2020-04-30T01:21:03.007+0700: 7155.255: Total time for which application threads were stopped: 0.0002200 seconds, Stopping threads took: 0.0000569 seconds
2020-04-30T01:21:03.007+0700: 7155.255: Total time for which application threads were stopped: 0.0000963 seconds, Stopping threads took: 0.0000044 seconds
2020-04-30T01:21:03.016+0700: 7155.264: Total time for which application threads were stopped: 0.0000890 seconds, Stopping threads took: 0.0000159 seconds
2020-04-30T01:21:08.127+0700: 7160.375: Total time for which application threads were stopped: 0.0001539 seconds, Stopping threads took: 0.0000214 seconds
2020-04-30T01:21:08.127+0700: 7160.375: Total time for which application threads were stopped: 0.0000926 seconds, Stopping threads took: 0.0000099 seconds
2020-04-30T01:21:08.127+0700: 7160.375: Total time for which application threads were stopped: 0.0000691 seconds, Stopping threads took: 0.0000075 seconds
2020-04-30T01:21:08.128+0700: 7160.375: Total time for which application threads were stopped: 0.0000606 seconds, Stopping threads took: 0.0000061 seconds
2020-04-30T01:21:10.211+0700: 7162.459: Total time for which application threads were stopped: 0.0001604 seconds, Stopping threads took: 0.0000250 seconds
2020-04-30T01:21:10.218+0700: 7162.466: Total time for which application threads were stopped: 0.0001906 seconds, Stopping threads took: 0.0000468 seconds
2020-04-30T01:21:10.219+0700: 7162.466: Total time for which application threads were stopped: 0.0001236 seconds, Stopping threads took: 0.0000329 seconds
2020-04-30T01:21:10.219+0700: 7162.466: Total time for which application threads were stopped: 0.0001326 seconds, Stopping threads took: 0.0000212 seconds
2020-04-30T01:21:10.219+0700: 7162.467: Total time for which application threads were stopped: 0.0001295 seconds, Stopping threads took: 0.0000352 seconds
2020-04-30T01:21:10.219+0700: 7162.467: Total time for which application threads were stopped: 0.0001853 seconds, Stopping threads took: 0.0000259 seconds
2020-04-30T01:21:10.220+0700: 7162.468: Total time for which application threads were stopped: 0.0001417 seconds, Stopping threads took: 0.0000157 seconds
2020-04-30T01:21:10.220+0700: 7162.468: Total time for which application threads were stopped: 0.0001036 seconds, Stopping threads took: 0.0000115 seconds
2020-04-30T01:21:10.220+0700: 7162.468: Total time for which application threads were stopped: 0.0000945 seconds, Stopping threads took: 0.0000102 seconds
2020-04-30T01:21:10.221+0700: 7162.468: Total time for which application threads were stopped: 0.0002891 seconds, Stopping threads took: 0.0000107 seconds
2020-04-30T01:21:10.494+0700: 7162.741: Total time for which application threads were stopped: 0.0002004 seconds, Stopping threads took: 0.0000381 seconds
2020-04-30T01:21:12.083+0700: 7164.331: Total time for which application threads were stopped: 0.0004936 seconds, Stopping threads took: 0.0003564 seconds
2020-04-30T01:21:12.085+0700: 7164.333: Total time for which application threads were stopped: 0.0002999 seconds, Stopping threads took: 0.0001270 seconds
2020-04-30T01:21:12.086+0700: 7164.333: Total time for which application threads were stopped: 0.0001962 seconds, Stopping threads took: 0.0000444 seconds
2020-04-30T01:21:12.086+0700: 7164.333: Total time for which application threads were stopped: 0.0002372 seconds, Stopping threads took: 0.0000493 seconds
2020-04-30T01:21:12.086+0700: 7164.334: Total time for which application threads were stopped: 0.0001797 seconds, Stopping threads took: 0.0000355 seconds
2020-04-30T01:21:12.086+0700: 7164.334: Total time for which application threads were stopped: 0.0001356 seconds, Stopping threads took: 0.0000399 seconds
2020-04-30T01:21:12.087+0700: 7164.335: Total time for which application threads were stopped: 0.0001810 seconds, Stopping threads took: 0.0000179 seconds
2020-04-30T01:21:12.087+0700: 7164.335: Total time for which application threads were stopped: 0.0001230 seconds, Stopping threads took: 0.0000120 seconds
2020-04-30T01:21:18.392+0700: 7170.640: Total time for which application threads were stopped: 0.0001469 seconds, Stopping threads took: 0.0000374 seconds
2020-04-30T01:21:22.563+0700: 7174.810: Total time for which application threads were stopped: 0.0001914 seconds, Stopping threads took: 0.0000420 seconds
2020-04-30T01:21:22.563+0700: 7174.810: Total time for which application threads were stopped: 0.0000998 seconds, Stopping threads took: 0.0000102 seconds
2020-04-30T01:21:22.563+0700: 7174.811: Total time for which application threads were stopped: 0.0000732 seconds, Stopping threads took: 0.0000077 seconds
2020-04-30T01:21:22.564+0700: 7174.811: Total time for which application threads were stopped: 0.0000887 seconds, Stopping threads took: 0.0000104 seconds
2020-04-30T01:21:27.575+0700: 7179.822: Total time for which application threads were stopped: 0.0001960 seconds, Stopping threads took: 0.0000442 seconds
2020-04-30T01:21:34.312+0700: 7186.559: Total time for which application threads were stopped: 0.0001386 seconds, Stopping threads took: 0.0000190 seconds
2020-04-30T01:21:39.010+0700: 7191.256: Total time for which application threads were stopped: 0.0001464 seconds, Stopping threads took: 0.0000209 seconds
2020-04-30T01:21:39.010+0700: 7191.257: Total time for which application threads were stopped: 0.0000763 seconds, Stopping threads took: 0.0000079 seconds
2020-04-30T01:21:39.010+0700: 7191.257: Total time for which application threads were stopped: 0.0001922 seconds, Stopping threads took: 0.0000066 seconds
2020-04-30T01:21:39.010+0700: 7191.257: Total time for which application threads were stopped: 0.0001434 seconds, Stopping threads took: 0.0000044 seconds
2020-04-30T01:21:42.928+0700: 7195.175: Total time for which application threads were stopped: 0.0001498 seconds, Stopping threads took: 0.0000216 seconds
2020-04-30T01:21:42.928+0700: 7195.175: Total time for which application threads were stopped: 0.0000569 seconds, Stopping threads took: 0.0000046 seconds
2020-04-30T01:21:51.005+0700: 7203.251: Total time for which application threads were stopped: 0.0001559 seconds, Stopping threads took: 0.0000521 seconds
2020-04-30T01:21:59.213+0700: 7211.460: Total time for which application threads were stopped: 0.0001686 seconds, Stopping threads took: 0.0000231 seconds
2020-04-30T01:21:59.213+0700: 7211.460: Total time for which application threads were stopped: 0.0000917 seconds, Stopping threads took: 0.0000103 seconds
2020-04-30T01:21:59.214+0700: 7211.460: Total time for which application threads were stopped: 0.0000727 seconds, Stopping threads took: 0.0000077 seconds
2020-04-30T01:21:59.214+0700: 7211.460: Total time for which application threads were stopped: 0.0000567 seconds, Stopping threads took: 0.0000047 seconds
2020-04-30T01:22:08.153+0700: 7220.399: Total time for which application threads were stopped: 0.0001239 seconds, Stopping threads took: 0.0000333 seconds
2020-04-30T01:22:12.126+0700: 7224.372: Total time for which application threads were stopped: 0.0001724 seconds, Stopping threads took: 0.0000252 seconds
2020-04-30T01:22:12.126+0700: 7224.372: Total time for which application threads were stopped: 0.0000816 seconds, Stopping threads took: 0.0000120 seconds
2020-04-30T01:22:12.126+0700: 7224.372: Total time for which application threads were stopped: 0.0000710 seconds, Stopping threads took: 0.0000079 seconds
2020-04-30T01:22:12.126+0700: 7224.372: Total time for which application threads were stopped: 0.0000560 seconds, Stopping threads took: 0.0000049 seconds
2020-04-30T01:22:23.774+0700: 7236.020: Total time for which application threads were stopped: 0.0002283 seconds, Stopping threads took: 0.0001206 seconds
2020-04-30T01:22:23.774+0700: 7236.020: Total time for which application threads were stopped: 0.0000957 seconds, Stopping threads took: 0.0000182 seconds
2020-04-30T01:22:23.776+0700: 7236.022: Total time for which application threads were stopped: 0.0001742 seconds, Stopping threads took: 0.0000461 seconds
2020-04-30T01:22:23.776+0700: 7236.022: Total time for which application threads were stopped: 0.0001368 seconds, Stopping threads took: 0.0000448 seconds
2020-04-30T01:22:24.780+0700: 7237.026: Total time for which application threads were stopped: 0.0001488 seconds, Stopping threads took: 0.0000384 seconds
2020-04-30T01:22:26.787+0700: 7239.033: Total time for which application threads were stopped: 0.0001244 seconds, Stopping threads took: 0.0000239 seconds
2020-04-30T01:22:29.073+0700: 7241.319: Total time for which application threads were stopped: 0.0001526 seconds, Stopping threads took: 0.0000212 seconds
2020-04-30T01:22:29.074+0700: 7241.319: Total time for which application threads were stopped: 0.0000805 seconds, Stopping threads took: 0.0000081 seconds
2020-04-30T01:22:29.074+0700: 7241.320: Total time for which application threads were stopped: 0.0000670 seconds, Stopping threads took: 0.0000080 seconds
2020-04-30T01:22:29.074+0700: 7241.320: Total time for which application threads were stopped: 0.0000522 seconds, Stopping threads took: 0.0000043 seconds
2020-04-30T01:22:41.344+0700: 7253.590: Total time for which application threads were stopped: 0.0001292 seconds, Stopping threads took: 0.0000189 seconds
2020-04-30T01:22:41.346+0700: 7253.591: Total time for which application threads were stopped: 0.0001491 seconds, Stopping threads took: 0.0000213 seconds
2020-04-30T01:22:41.346+0700: 7253.591: Total time for which application threads were stopped: 0.0000720 seconds, Stopping threads took: 0.0000104 seconds
2020-04-30T01:22:41.346+0700: 7253.592: Total time for which application threads were stopped: 0.0000492 seconds, Stopping threads took: 0.0000064 seconds
2020-04-30T01:22:41.346+0700: 7253.592: Total time for which application threads were stopped: 0.0000849 seconds, Stopping threads took: 0.0000054 seconds
2020-04-30T01:22:41.346+0700: 7253.592: Total time for which application threads were stopped: 0.0000388 seconds, Stopping threads took: 0.0000053 seconds
2020-04-30T01:22:41.347+0700: 7253.592: Total time for which application threads were stopped: 0.0000684 seconds, Stopping threads took: 0.0000105 seconds
2020-04-30T01:22:41.347+0700: 7253.593: Total time for which application threads were stopped: 0.0000637 seconds, Stopping threads took: 0.0000071 seconds
2020-04-30T01:22:41.347+0700: 7253.593: Total time for which application threads were stopped: 0.0000492 seconds, Stopping threads took: 0.0000083 seconds
2020-04-30T01:22:41.347+0700: 7253.593: Total time for which application threads were stopped: 0.0000782 seconds, Stopping threads took: 0.0000097 seconds
2020-04-30T01:22:41.347+0700: 7253.593: Total time for which application threads were stopped: 0.0001189 seconds, Stopping threads took: 0.0000081 seconds
2020-04-30T01:22:41.348+0700: 7253.593: Total time for which application threads were stopped: 0.0001110 seconds, Stopping threads took: 0.0000228 seconds
2020-04-30T01:22:41.348+0700: 7253.593: Total time for which application threads were stopped: 0.0000954 seconds, Stopping threads took: 0.0000226 seconds
2020-04-30T01:22:41.348+0700: 7253.593: Total time for which application threads were stopped: 0.0000772 seconds, Stopping threads took: 0.0000056 seconds
2020-04-30T01:22:41.348+0700: 7253.594: Total time for which application threads were stopped: 0.0000620 seconds, Stopping threads took: 0.0000257 seconds
2020-04-30T01:22:41.348+0700: 7253.594: Total time for which application threads were stopped: 0.0000545 seconds, Stopping threads took: 0.0000054 seconds
2020-04-30T01:22:41.352+0700: 7253.598: Total time for which application threads were stopped: 0.0000851 seconds, Stopping threads took: 0.0000162 seconds
2020-04-30T01:22:41.352+0700: 7253.598: Total time for which application threads were stopped: 0.0000613 seconds, Stopping threads took: 0.0000097 seconds
2020-04-30T01:22:41.358+0700: 7253.603: Total time for which application threads were stopped: 0.0000975 seconds, Stopping threads took: 0.0000156 seconds
2020-04-30T01:22:41.372+0700: 7253.617: Total time for which application threads were stopped: 0.0001470 seconds, Stopping threads took: 0.0000212 seconds
2020-04-30T01:23:23.783+0700: 7296.028: Total time for which application threads were stopped: 0.0003795 seconds, Stopping threads took: 0.0000916 seconds
2020-04-30T01:23:23.783+0700: 7296.028: Total time for which application threads were stopped: 0.0000799 seconds, Stopping threads took: 0.0000075 seconds
2020-04-30T01:23:23.784+0700: 7296.028: Total time for which application threads were stopped: 0.0000579 seconds, Stopping threads took: 0.0000060 seconds
2020-04-30T01:23:23.784+0700: 7296.028: Total time for which application threads were stopped: 0.0000432 seconds, Stopping threads took: 0.0000035 seconds
2020-04-30T01:23:34.944+0700: 7307.189: Total time for which application threads were stopped: 0.0004162 seconds, Stopping threads took: 0.0000522 seconds
2020-04-30T01:23:34.946+0700: 7307.190: Total time for which application threads were stopped: 0.0000853 seconds, Stopping threads took: 0.0000132 seconds
2020-04-30T01:23:39.158+0700: 7311.402: Total time for which application threads were stopped: 0.0001856 seconds, Stopping threads took: 0.0000334 seconds
2020-04-30T01:23:39.158+0700: 7311.402: Total time for which application threads were stopped: 0.0001255 seconds, Stopping threads took: 0.0000161 seconds
2020-04-30T01:23:39.158+0700: 7311.402: Total time for which application threads were stopped: 0.0000927 seconds, Stopping threads took: 0.0000233 seconds
2020-04-30T01:23:39.158+0700: 7311.403: Total time for which application threads were stopped: 0.0000783 seconds, Stopping threads took: 0.0000036 seconds
2020-04-30T01:23:50.504+0700: 7322.748: Total time for which application threads were stopped: 0.0001141 seconds, Stopping threads took: 0.0000195 seconds
2020-04-30T01:23:50.504+0700: 7322.748: Total time for which application threads were stopped: 0.0000584 seconds, Stopping threads took: 0.0000072 seconds
2020-04-30T01:23:50.511+0700: 7322.755: Total time for which application threads were stopped: 0.0000882 seconds, Stopping threads took: 0.0000139 seconds
2020-04-30T01:24:00.122+0700: 7332.366: Total time for which application threads were stopped: 0.0002195 seconds, Stopping threads took: 0.0000251 seconds
2020-04-30T01:24:00.122+0700: 7332.366: Total time for which application threads were stopped: 0.0001107 seconds, Stopping threads took: 0.0000130 seconds
2020-04-30T01:24:00.122+0700: 7332.366: Total time for which application threads were stopped: 0.0001204 seconds, Stopping threads took: 0.0000126 seconds
2020-04-30T01:24:00.122+0700: 7332.366: Total time for which application threads were stopped: 0.0000660 seconds, Stopping threads took: 0.0000077 seconds
2020-04-30T01:24:09.962+0700: 7342.206: Total time for which application threads were stopped: 0.0001050 seconds, Stopping threads took: 0.0000174 seconds
2020-04-30T01:24:20.550+0700: 7352.794: Total time for which application threads were stopped: 0.0001951 seconds, Stopping threads took: 0.0000251 seconds
2020-04-30T01:24:20.550+0700: 7352.794: Total time for which application threads were stopped: 0.0000964 seconds, Stopping threads took: 0.0000104 seconds
2020-04-30T01:24:20.550+0700: 7352.794: Total time for which application threads were stopped: 0.0000675 seconds, Stopping threads took: 0.0000075 seconds
2020-04-30T01:24:20.551+0700: 7352.794: Total time for which application threads were stopped: 0.0000548 seconds, Stopping threads took: 0.0000046 seconds
2020-04-30T01:24:32.427+0700: 7364.671: Total time for which application threads were stopped: 0.0002220 seconds, Stopping threads took: 0.0000178 seconds
2020-04-30T01:24:34.736+0700: 7366.979: Total time for which application threads were stopped: 0.0001670 seconds, Stopping threads took: 0.0000230 seconds
2020-04-30T01:24:34.736+0700: 7366.979: Total time for which application threads were stopped: 0.0002547 seconds, Stopping threads took: 0.0000083 seconds
2020-04-30T01:24:34.736+0700: 7366.979: Total time for which application threads were stopped: 0.0000715 seconds, Stopping threads took: 0.0000081 seconds
2020-04-30T01:24:34.736+0700: 7366.979: Total time for which application threads were stopped: 0.0000687 seconds, Stopping threads took: 0.0000078 seconds
2020-04-30T01:24:37.195+0700: 7369.438: Total time for which application threads were stopped: 0.0001605 seconds, Stopping threads took: 0.0000230 seconds
2020-04-30T01:24:52.256+0700: 7384.498: Total time for which application threads were stopped: 0.0001234 seconds, Stopping threads took: 0.0000227 seconds
2020-04-30T01:24:58.097+0700: 7390.340: Total time for which application threads were stopped: 0.0001633 seconds, Stopping threads took: 0.0000249 seconds
2020-04-30T01:24:58.097+0700: 7390.340: Total time for which application threads were stopped: 0.0000804 seconds, Stopping threads took: 0.0000111 seconds
2020-04-30T01:24:58.097+0700: 7390.340: Total time for which application threads were stopped: 0.0000811 seconds, Stopping threads took: 0.0000104 seconds
2020-04-30T01:24:58.098+0700: 7390.340: Total time for which application threads were stopped: 0.0001051 seconds, Stopping threads took: 0.0000079 seconds
2020-04-30T01:26:38.814+0700: 7491.055: Total time for which application threads were stopped: 0.0001236 seconds, Stopping threads took: 0.0000435 seconds
2020-04-30T01:26:39.095+0700: 7491.335: Total time for which application threads were stopped: 0.0001415 seconds, Stopping threads took: 0.0000247 seconds
2020-04-30T01:26:39.104+0700: 7491.344: Total time for which application threads were stopped: 0.0002023 seconds, Stopping threads took: 0.0000768 seconds
2020-04-30T01:26:39.434+0700: 7491.674: Total time for which application threads were stopped: 0.0001298 seconds, Stopping threads took: 0.0000252 seconds
2020-04-30T01:27:13.597+0700: 7525.836: Total time for which application threads were stopped: 0.0001342 seconds, Stopping threads took: 0.0000228 seconds
2020-04-30T01:28:27.519+0700: 7599.758: Total time for which application threads were stopped: 0.0002836 seconds, Stopping threads took: 0.0000177 seconds
2020-04-30T01:28:34.379+0700: 7606.617: Total time for which application threads were stopped: 0.0001430 seconds, Stopping threads took: 0.0000318 seconds
2020-04-30T01:28:34.381+0700: 7606.619: Total time for which application threads were stopped: 0.0002715 seconds, Stopping threads took: 0.0000115 seconds
2020-04-30T01:28:34.381+0700: 7606.619: Total time for which application threads were stopped: 0.0000698 seconds, Stopping threads took: 0.0000076 seconds
2020-04-30T01:28:34.381+0700: 7606.619: Total time for which application threads were stopped: 0.0000783 seconds, Stopping threads took: 0.0000108 seconds
2020-04-30T01:28:34.381+0700: 7606.619: Total time for which application threads were stopped: 0.0000604 seconds, Stopping threads took: 0.0000062 seconds
2020-04-30T01:28:39.018+0700: 7611.256: Total time for which application threads were stopped: 0.0001584 seconds, Stopping threads took: 0.0000352 seconds
{Heap before GC invocations=21 (full 0):
 garbage-first heap   total 524288K, used 360064K [0x00000007a0000000, 0x00000007a0101000, 0x00000007c0000000)
  region size 1024K, 307 young (314368K), 23 survivors (23552K)
 Metaspace       used 53620K, capacity 55904K, committed 56136K, reserved 1099776K
  class space    used 6211K, capacity 6635K, committed 6732K, reserved 1048576K
2020-04-30T01:28:42.533+0700: 7614.771: [GC pause (G1 Evacuation Pause) (young)
Desired survivor size 20447232 bytes, new threshold 15 (max 15)
- age   1:    5571504 bytes,    5571504 total
- age   2:    1406216 bytes,    6977720 total
- age   3:    1736592 bytes,    8714312 total
- age   4:    3186560 bytes,   11900872 total
- age   5:     590024 bytes,   12490896 total
- age   6:      63896 bytes,   12554792 total
- age   7:      36328 bytes,   12591120 total
- age   8:      34672 bytes,   12625792 total
- age   9:     928224 bytes,   13554016 total
- age  10:     511240 bytes,   14065256 total
- age  11:    5243096 bytes,   19308352 total
, 0.0088306 secs]
   [Parallel Time: 6.3 ms, GC Workers: 8]
      [GC Worker Start (ms): Min: 7614771.2, Avg: 7614771.3, Max: 7614771.3, Diff: 0.0]
      [Ext Root Scanning (ms): Min: 0.3, Avg: 0.5, Max: 1.6, Diff: 1.3, Sum: 4.0]
      [Update RS (ms): Min: 0.0, Avg: 0.3, Max: 0.5, Diff: 0.5, Sum: 2.6]
         [Processed Buffers: Min: 0, Avg: 3.5, Max: 14, Diff: 14, Sum: 28]
      [Scan RS (ms): Min: 0.0, Avg: 0.0, Max: 0.1, Diff: 0.0, Sum: 0.2]
      [Code Root Scanning (ms): Min: 0.0, Avg: 0.7, Max: 1.4, Diff: 1.4, Sum: 5.4]
      [Object Copy (ms): Min: 3.7, Avg: 4.3, Max: 5.2, Diff: 1.5, Sum: 34.2]
      [Termination (ms): Min: 0.0, Avg: 0.3, Max: 0.4, Diff: 0.4, Sum: 2.6]
         [Termination Attempts: Min: 2, Avg: 2.9, Max: 4, Diff: 2, Sum: 23]
      [GC Worker Other (ms): Min: 0.0, Avg: 0.0, Max: 0.0, Diff: 0.0, Sum: 0.1]
      [GC Worker Total (ms): Min: 6.0, Avg: 6.1, Max: 6.2, Diff: 0.2, Sum: 49.1]
      [GC Worker End (ms): Min: 7614777.3, Avg: 7614777.4, Max: 7614777.5, Diff: 0.1]
   [Code Root Fixup: 0.1 ms]
   [Code Root Purge: 0.0 ms]
   [Clear CT: 0.1 ms]
   [Other: 2.4 ms]
      [Choose CSet: 0.0 ms]
      [Ref Proc: 1.9 ms]
      [Ref Enq: 0.1 ms]
      [Redirty Cards: 0.1 ms]
      [Humongous Register: 0.0 ms]
      [Humongous Reclaim: 0.0 ms]
      [Free CSet: 0.2 ms]
   [Eden: 284.0M(284.0M)->0.0B(282.0M) Survivors: 23.0M->25.0M Heap: 351.6M(512.0M)->69.6M(512.0M)]
Heap after GC invocations=22 (full 0):
 garbage-first heap   total 524288K, used 71296K [0x00000007a0000000, 0x00000007a0101000, 0x00000007c0000000)
  region size 1024K, 25 young (25600K), 25 survivors (25600K)
 Metaspace       used 53620K, capacity 55904K, committed 56136K, reserved 1099776K
  class space    used 6211K, capacity 6635K, committed 6732K, reserved 1048576K
}
 [Times: user=0.05 sys=0.00, real=0.01 secs] 
2020-04-30T01:28:42.542+0700: 7614.780: Total time for which application threads were stopped: 0.0090630 seconds, Stopping threads took: 0.0000186 seconds
2020-04-30T01:28:45.856+0700: 7618.093: Total time for which application threads were stopped: 0.0009362 seconds, Stopping threads took: 0.0000391 seconds
2020-04-30T01:28:45.856+0700: 7618.094: Total time for which application threads were stopped: 0.0001076 seconds, Stopping threads took: 0.0000122 seconds
2020-04-30T01:28:45.856+0700: 7618.094: Total time for which application threads were stopped: 0.0000911 seconds, Stopping threads took: 0.0000101 seconds
2020-04-30T01:28:45.856+0700: 7618.094: Total time for which application threads were stopped: 0.0000735 seconds, Stopping threads took: 0.0000072 seconds
2020-04-30T01:28:54.887+0700: 7627.124: Total time for which application threads were stopped: 0.0001224 seconds, Stopping threads took: 0.0000382 seconds
2020-04-30T01:28:58.306+0700: 7630.543: Total time for which application threads were stopped: 0.0001527 seconds, Stopping threads took: 0.0000631 seconds
2020-04-30T01:28:58.306+0700: 7630.544: Total time for which application threads were stopped: 0.0001394 seconds, Stopping threads took: 0.0000748 seconds
2020-04-30T01:28:58.307+0700: 7630.545: Total time for which application threads were stopped: 0.0001350 seconds, Stopping threads took: 0.0000482 seconds
2020-04-30T01:28:59.310+0700: 7631.547: Total time for which application threads were stopped: 0.0001295 seconds, Stopping threads took: 0.0000227 seconds
2020-04-30T01:29:07.343+0700: 7639.580: Total time for which application threads were stopped: 0.0001124 seconds, Stopping threads took: 0.0000206 seconds
2020-04-30T01:29:08.490+0700: 7640.727: Total time for which application threads were stopped: 0.0001563 seconds, Stopping threads took: 0.0000224 seconds
2020-04-30T01:29:08.490+0700: 7640.728: Total time for which application threads were stopped: 0.0001632 seconds, Stopping threads took: 0.0000125 seconds
2020-04-30T01:29:08.490+0700: 7640.728: Total time for which application threads were stopped: 0.0001337 seconds, Stopping threads took: 0.0000134 seconds
2020-04-30T01:29:08.491+0700: 7640.728: Total time for which application threads were stopped: 0.0000918 seconds, Stopping threads took: 0.0000107 seconds
2020-04-30T01:29:21.610+0700: 7653.847: Total time for which application threads were stopped: 0.0001024 seconds, Stopping threads took: 0.0000201 seconds
2020-04-30T01:29:21.610+0700: 7653.847: Total time for which application threads were stopped: 0.0000511 seconds, Stopping threads took: 0.0000073 seconds
2020-04-30T01:29:21.611+0700: 7653.848: Total time for which application threads were stopped: 0.0000411 seconds, Stopping threads took: 0.0000053 seconds
2020-04-30T01:29:21.611+0700: 7653.848: Total time for which application threads were stopped: 0.0000376 seconds, Stopping threads took: 0.0000052 seconds
2020-04-30T01:29:21.611+0700: 7653.848: Total time for which application threads were stopped: 0.0000520 seconds, Stopping threads took: 0.0000086 seconds
2020-04-30T01:29:21.611+0700: 7653.848: Total time for which application threads were stopped: 0.0001564 seconds, Stopping threads took: 0.0000055 seconds
2020-04-30T01:29:21.617+0700: 7653.854: Total time for which application threads were stopped: 0.0000890 seconds, Stopping threads took: 0.0000158 seconds
2020-04-30T01:29:21.620+0700: 7653.857: Total time for which application threads were stopped: 0.0000790 seconds, Stopping threads took: 0.0000138 seconds
2020-04-30T01:29:26.960+0700: 7659.197: Total time for which application threads were stopped: 0.0001751 seconds, Stopping threads took: 0.0000240 seconds
2020-04-30T01:29:26.960+0700: 7659.197: Total time for which application threads were stopped: 0.0000773 seconds, Stopping threads took: 0.0000083 seconds
2020-04-30T01:29:26.960+0700: 7659.197: Total time for which application threads were stopped: 0.0000708 seconds, Stopping threads took: 0.0000081 seconds
2020-04-30T01:29:26.960+0700: 7659.197: Total time for which application threads were stopped: 0.0000547 seconds, Stopping threads took: 0.0000045 seconds
2020-04-30T01:29:38.361+0700: 7670.598: Total time for which application threads were stopped: 0.0001567 seconds, Stopping threads took: 0.0000527 seconds
2020-04-30T01:29:38.361+0700: 7670.598: Total time for which application threads were stopped: 0.0000752 seconds, Stopping threads took: 0.0000080 seconds
2020-04-30T01:29:38.684+0700: 7670.920: Total time for which application threads were stopped: 0.0001742 seconds, Stopping threads took: 0.0000417 seconds
2020-04-30T01:29:38.684+0700: 7670.920: Total time for which application threads were stopped: 0.0001680 seconds, Stopping threads took: 0.0000891 seconds
2020-04-30T01:29:46.546+0700: 7678.782: Total time for which application threads were stopped: 0.0001635 seconds, Stopping threads took: 0.0000234 seconds
2020-04-30T01:29:46.546+0700: 7678.783: Total time for which application threads were stopped: 0.0000948 seconds, Stopping threads took: 0.0000089 seconds
2020-04-30T01:29:46.546+0700: 7678.783: Total time for which application threads were stopped: 0.0000690 seconds, Stopping threads took: 0.0000077 seconds
2020-04-30T01:29:46.546+0700: 7678.783: Total time for which application threads were stopped: 0.0000559 seconds, Stopping threads took: 0.0000047 seconds
2020-04-30T01:29:51.560+0700: 7683.797: Total time for which application threads were stopped: 0.0001367 seconds, Stopping threads took: 0.0000250 seconds
2020-04-30T01:30:03.269+0700: 7695.505: Total time for which application threads were stopped: 0.0001791 seconds, Stopping threads took: 0.0000230 seconds
2020-04-30T01:30:03.269+0700: 7695.506: Total time for which application threads were stopped: 0.0001014 seconds, Stopping threads took: 0.0000112 seconds
2020-04-30T01:30:03.270+0700: 7695.506: Total time for which application threads were stopped: 0.0000764 seconds, Stopping threads took: 0.0000083 seconds
2020-04-30T01:30:03.270+0700: 7695.506: Total time for which application threads were stopped: 0.0000590 seconds, Stopping threads took: 0.0000051 seconds
2020-04-30T01:30:18.321+0700: 7710.557: Total time for which application threads were stopped: 0.0001368 seconds, Stopping threads took: 0.0000258 seconds
2020-04-30T01:30:21.680+0700: 7713.915: Total time for which application threads were stopped: 0.0001612 seconds, Stopping threads took: 0.0000264 seconds
2020-04-30T01:30:21.680+0700: 7713.916: Total time for which application threads were stopped: 0.0000853 seconds, Stopping threads took: 0.0000091 seconds
2020-04-30T01:30:21.680+0700: 7713.916: Total time for which application threads were stopped: 0.0000589 seconds, Stopping threads took: 0.0000067 seconds
2020-04-30T01:30:21.680+0700: 7713.916: Total time for which application threads were stopped: 0.0000470 seconds, Stopping threads took: 0.0000039 seconds
2020-04-30T01:30:40.201+0700: 7732.437: Total time for which application threads were stopped: 0.0002112 seconds, Stopping threads took: 0.0000202 seconds
2020-04-30T01:30:40.202+0700: 7732.437: Total time for which application threads were stopped: 0.0000874 seconds, Stopping threads took: 0.0000089 seconds
2020-04-30T01:30:40.202+0700: 7732.437: Total time for which application threads were stopped: 0.0000582 seconds, Stopping threads took: 0.0000068 seconds
2020-04-30T01:30:40.202+0700: 7732.437: Total time for which application threads were stopped: 0.0000822 seconds, Stopping threads took: 0.0000037 seconds
2020-04-30T01:30:50.235+0700: 7742.470: Total time for which application threads were stopped: 0.0001246 seconds, Stopping threads took: 0.0000320 seconds
2020-04-30T01:30:59.344+0700: 7751.579: Total time for which application threads were stopped: 0.0001526 seconds, Stopping threads took: 0.0000206 seconds
2020-04-30T01:30:59.344+0700: 7751.579: Total time for which application threads were stopped: 0.0000845 seconds, Stopping threads took: 0.0000081 seconds
2020-04-30T01:30:59.344+0700: 7751.579: Total time for which application threads were stopped: 0.0000923 seconds, Stopping threads took: 0.0000110 seconds
2020-04-30T01:30:59.345+0700: 7751.580: Total time for which application threads were stopped: 0.0000796 seconds, Stopping threads took: 0.0000098 seconds
2020-04-30T01:31:11.468+0700: 7763.702: Total time for which application threads were stopped: 0.0002537 seconds, Stopping threads took: 0.0000198 seconds
2020-04-30T01:31:11.468+0700: 7763.702: Total time for which application threads were stopped: 0.0001212 seconds, Stopping threads took: 0.0000047 seconds
2020-04-30T01:31:11.476+0700: 7763.710: Total time for which application threads were stopped: 0.0001039 seconds, Stopping threads took: 0.0000141 seconds
2020-04-30T01:31:17.774+0700: 7770.008: Total time for which application threads were stopped: 0.0001584 seconds, Stopping threads took: 0.0000228 seconds
2020-04-30T01:31:17.774+0700: 7770.008: Total time for which application threads were stopped: 0.0000992 seconds, Stopping threads took: 0.0000099 seconds
2020-04-30T01:31:17.774+0700: 7770.009: Total time for which application threads were stopped: 0.0000659 seconds, Stopping threads took: 0.0000069 seconds
2020-04-30T01:31:17.774+0700: 7770.009: Total time for which application threads were stopped: 0.0000530 seconds, Stopping threads took: 0.0000048 seconds
2020-04-30T01:31:28.811+0700: 7781.045: Total time for which application threads were stopped: 0.0001519 seconds, Stopping threads took: 0.0000222 seconds
2020-04-30T01:31:30.314+0700: 7782.549: Total time for which application threads were stopped: 0.0001027 seconds, Stopping threads took: 0.0000178 seconds
2020-04-30T01:31:35.111+0700: 7787.345: Total time for which application threads were stopped: 0.0001678 seconds, Stopping threads took: 0.0000242 seconds
2020-04-30T01:31:35.111+0700: 7787.346: Total time for which application threads were stopped: 0.0001044 seconds, Stopping threads took: 0.0000114 seconds
2020-04-30T01:31:35.112+0700: 7787.346: Total time for which application threads were stopped: 0.0000736 seconds, Stopping threads took: 0.0000081 seconds
2020-04-30T01:31:35.112+0700: 7787.346: Total time for which application threads were stopped: 0.0000557 seconds, Stopping threads took: 0.0000046 seconds
2020-04-30T01:31:46.056+0700: 7798.290: Total time for which application threads were stopped: 0.0001887 seconds, Stopping threads took: 0.0000415 seconds
2020-04-30T01:31:46.057+0700: 7798.291: Total time for which application threads were stopped: 0.0001141 seconds, Stopping threads took: 0.0000525 seconds
2020-04-30T01:31:46.058+0700: 7798.291: Total time for which application threads were stopped: 0.0001497 seconds, Stopping threads took: 0.0000631 seconds
2020-04-30T01:31:46.058+0700: 7798.292: Total time for which application threads were stopped: 0.0000903 seconds, Stopping threads took: 0.0000328 seconds
2020-04-30T01:31:47.060+0700: 7799.293: Total time for which application threads were stopped: 0.0001355 seconds, Stopping threads took: 0.0000241 seconds
2020-04-30T01:31:50.189+0700: 7802.423: Total time for which application threads were stopped: 0.0001469 seconds, Stopping threads took: 0.0000194 seconds
2020-04-30T01:31:50.189+0700: 7802.423: Total time for which application threads were stopped: 0.0000809 seconds, Stopping threads took: 0.0000089 seconds
2020-04-30T01:31:50.189+0700: 7802.423: Total time for which application threads were stopped: 0.0000596 seconds, Stopping threads took: 0.0000068 seconds
2020-04-30T01:31:50.189+0700: 7802.423: Total time for which application threads were stopped: 0.0000741 seconds, Stopping threads took: 0.0000038 seconds
2020-04-30T01:31:51.574+0700: 7803.808: Total time for which application threads were stopped: 0.0001284 seconds, Stopping threads took: 0.0000198 seconds
2020-04-30T01:31:51.574+0700: 7803.808: Total time for which application threads were stopped: 0.0000531 seconds, Stopping threads took: 0.0000077 seconds
2020-04-30T01:31:51.574+0700: 7803.808: Total time for which application threads were stopped: 0.0000390 seconds, Stopping threads took: 0.0000056 seconds
2020-04-30T01:31:51.574+0700: 7803.808: Total time for which application threads were stopped: 0.0000386 seconds, Stopping threads took: 0.0000059 seconds
2020-04-30T01:31:51.574+0700: 7803.808: Total time for which application threads were stopped: 0.0000410 seconds, Stopping threads took: 0.0000062 seconds
2020-04-30T01:31:51.574+0700: 7803.808: Total time for which application threads were stopped: 0.0000512 seconds, Stopping threads took: 0.0000158 seconds
2020-04-30T01:31:51.574+0700: 7803.808: Total time for which application threads were stopped: 0.0000382 seconds, Stopping threads took: 0.0000056 seconds
2020-04-30T01:31:51.574+0700: 7803.808: Total time for which application threads were stopped: 0.0000392 seconds, Stopping threads took: 0.0000057 seconds
2020-04-30T01:31:51.574+0700: 7803.808: Total time for which application threads were stopped: 0.0000381 seconds, Stopping threads took: 0.0000056 seconds
2020-04-30T01:31:51.574+0700: 7803.808: Total time for which application threads were stopped: 0.0000382 seconds, Stopping threads took: 0.0000055 seconds
2020-04-30T01:31:51.574+0700: 7803.808: Total time for which application threads were stopped: 0.0000380 seconds, Stopping threads took: 0.0000059 seconds
2020-04-30T01:31:51.575+0700: 7803.808: Total time for which application threads were stopped: 0.0000384 seconds, Stopping threads took: 0.0000056 seconds
2020-04-30T01:31:51.575+0700: 7803.808: Total time for which application threads were stopped: 0.0000375 seconds, Stopping threads took: 0.0000053 seconds
2020-04-30T01:31:51.575+0700: 7803.808: Total time for which application threads were stopped: 0.0000387 seconds, Stopping threads took: 0.0000058 seconds
2020-04-30T01:31:51.575+0700: 7803.808: Total time for which application threads were stopped: 0.0000383 seconds, Stopping threads took: 0.0000055 seconds
2020-04-30T01:32:02.836+0700: 7815.070: Total time for which application threads were stopped: 0.0002271 seconds, Stopping threads took: 0.0000385 seconds
2020-04-30T01:32:02.842+0700: 7815.075: Total time for which application threads were stopped: 0.0001336 seconds, Stopping threads took: 0.0000164 seconds
2020-04-30T01:32:02.847+0700: 7815.080: Total time for which application threads were stopped: 0.0000792 seconds, Stopping threads took: 0.0000131 seconds
2020-04-30T01:32:02.859+0700: 7815.092: Total time for which application threads were stopped: 0.0000904 seconds, Stopping threads took: 0.0000157 seconds
2020-04-30T01:32:13.631+0700: 7825.864: Total time for which application threads were stopped: 0.0001437 seconds, Stopping threads took: 0.0000199 seconds
2020-04-30T01:32:13.631+0700: 7825.864: Total time for which application threads were stopped: 0.0000663 seconds, Stopping threads took: 0.0000075 seconds
2020-04-30T01:32:13.631+0700: 7825.864: Total time for which application threads were stopped: 0.0000573 seconds, Stopping threads took: 0.0000062 seconds
2020-04-30T01:32:13.631+0700: 7825.865: Total time for which application threads were stopped: 0.0001018 seconds, Stopping threads took: 0.0000103 seconds
2020-04-30T01:32:23.640+0700: 7835.873: Total time for which application threads were stopped: 0.0001346 seconds, Stopping threads took: 0.0000520 seconds
2020-04-30T01:32:35.939+0700: 7848.171: Total time for which application threads were stopped: 0.0001501 seconds, Stopping threads took: 0.0000199 seconds
2020-04-30T01:32:35.939+0700: 7848.172: Total time for which application threads were stopped: 0.0000882 seconds, Stopping threads took: 0.0000099 seconds
2020-04-30T01:32:35.939+0700: 7848.172: Total time for which application threads were stopped: 0.0000567 seconds, Stopping threads took: 0.0000062 seconds
2020-04-30T01:32:35.939+0700: 7848.172: Total time for which application threads were stopped: 0.0000487 seconds, Stopping threads took: 0.0000050 seconds
2020-04-30T01:32:46.060+0700: 7858.293: Total time for which application threads were stopped: 0.0001273 seconds, Stopping threads took: 0.0000182 seconds
2020-04-30T01:32:46.060+0700: 7858.293: Total time for which application threads were stopped: 0.0001133 seconds, Stopping threads took: 0.0000228 seconds
2020-04-30T01:32:46.068+0700: 7858.300: Total time for which application threads were stopped: 0.0002338 seconds, Stopping threads took: 0.0000318 seconds
2020-04-30T01:32:46.069+0700: 7858.302: Total time for which application threads were stopped: 0.0000862 seconds, Stopping threads took: 0.0000104 seconds
2020-04-30T01:32:56.130+0700: 7868.362: Total time for which application threads were stopped: 0.0003537 seconds, Stopping threads took: 0.0000520 seconds
2020-04-30T01:32:56.130+0700: 7868.363: Total time for which application threads were stopped: 0.0001575 seconds, Stopping threads took: 0.0000214 seconds
2020-04-30T01:32:56.130+0700: 7868.363: Total time for which application threads were stopped: 0.0001967 seconds, Stopping threads took: 0.0000170 seconds
2020-04-30T01:32:56.131+0700: 7868.363: Total time for which application threads were stopped: 0.0000947 seconds, Stopping threads took: 0.0000104 seconds
2020-04-30T01:33:05.605+0700: 7877.837: Total time for which application threads were stopped: 0.0001019 seconds, Stopping threads took: 0.0000173 seconds
2020-04-30T01:33:21.413+0700: 7893.645: Total time for which application threads were stopped: 0.0001311 seconds, Stopping threads took: 0.0000357 seconds
2020-04-30T01:33:21.418+0700: 7893.650: Total time for which application threads were stopped: 0.0000944 seconds, Stopping threads took: 0.0000297 seconds
2020-04-30T01:33:21.418+0700: 7893.650: Total time for which application threads were stopped: 0.0000942 seconds, Stopping threads took: 0.0000092 seconds
2020-04-30T01:33:21.419+0700: 7893.650: Total time for which application threads were stopped: 0.0000347 seconds, Stopping threads took: 0.0000035 seconds
2020-04-30T01:33:21.419+0700: 7893.651: Total time for which application threads were stopped: 0.0000817 seconds, Stopping threads took: 0.0000055 seconds
2020-04-30T01:33:26.143+0700: 7898.374: Total time for which application threads were stopped: 0.0001733 seconds, Stopping threads took: 0.0000234 seconds
2020-04-30T01:33:26.143+0700: 7898.375: Total time for which application threads were stopped: 0.0001013 seconds, Stopping threads took: 0.0000102 seconds
2020-04-30T01:33:26.143+0700: 7898.375: Total time for which application threads were stopped: 0.0000842 seconds, Stopping threads took: 0.0000106 seconds
2020-04-30T01:33:26.143+0700: 7898.375: Total time for which application threads were stopped: 0.0000584 seconds, Stopping threads took: 0.0000049 seconds
2020-04-30T01:33:37.185+0700: 7909.416: Total time for which application threads were stopped: 0.0001239 seconds, Stopping threads took: 0.0000237 seconds
2020-04-30T01:33:37.185+0700: 7909.416: Total time for which application threads were stopped: 0.0000511 seconds, Stopping threads took: 0.0000043 seconds
2020-04-30T01:33:37.196+0700: 7909.427: Total time for which application threads were stopped: 0.0000905 seconds, Stopping threads took: 0.0000166 seconds
2020-04-30T01:33:42.564+0700: 7914.796: Total time for which application threads were stopped: 0.0001708 seconds, Stopping threads took: 0.0000231 seconds
2020-04-30T01:33:42.564+0700: 7914.796: Total time for which application threads were stopped: 0.0000950 seconds, Stopping threads took: 0.0000107 seconds
2020-04-30T01:33:42.565+0700: 7914.796: Total time for which application threads were stopped: 0.0000728 seconds, Stopping threads took: 0.0000084 seconds
2020-04-30T01:33:42.565+0700: 7914.796: Total time for which application threads were stopped: 0.0000550 seconds, Stopping threads took: 0.0000045 seconds
2020-04-30T01:33:55.175+0700: 7927.406: Total time for which application threads were stopped: 0.0001564 seconds, Stopping threads took: 0.0000179 seconds
2020-04-30T01:34:09.752+0700: 7941.983: Total time for which application threads were stopped: 0.0002407 seconds, Stopping threads took: 0.0000559 seconds
2020-04-30T01:34:09.753+0700: 7941.983: Total time for which application threads were stopped: 0.0000747 seconds, Stopping threads took: 0.0000084 seconds
2020-04-30T01:34:09.753+0700: 7941.985: Total time for which application threads were stopped: 0.0017445 seconds, Stopping threads took: 0.0000072 seconds
2020-04-30T01:34:09.755+0700: 7941.985: Total time for which application threads were stopped: 0.0001108 seconds, Stopping threads took: 0.0000147 seconds
2020-04-30T01:34:12.465+0700: 7944.696: Total time for which application threads were stopped: 0.0002422 seconds, Stopping threads took: 0.0000316 seconds
2020-04-30T01:34:20.167+0700: 7952.398: Total time for which application threads were stopped: 0.0001671 seconds, Stopping threads took: 0.0000337 seconds
2020-04-30T01:34:20.167+0700: 7952.398: Total time for which application threads were stopped: 0.0002781 seconds, Stopping threads took: 0.0000225 seconds
2020-04-30T01:34:20.168+0700: 7952.398: Total time for which application threads were stopped: 0.0000996 seconds, Stopping threads took: 0.0000255 seconds
2020-04-30T01:34:20.168+0700: 7952.398: Total time for which application threads were stopped: 0.0000984 seconds, Stopping threads took: 0.0000231 seconds
2020-04-30T01:34:22.849+0700: 7955.080: Total time for which application threads were stopped: 0.0001514 seconds, Stopping threads took: 0.0000256 seconds
2020-04-30T01:34:22.856+0700: 7955.087: Total time for which application threads were stopped: 0.0012206 seconds, Stopping threads took: 0.0010912 seconds
2020-04-30T01:34:22.859+0700: 7955.090: Total time for which application threads were stopped: 0.0005241 seconds, Stopping threads took: 0.0000179 seconds
2020-04-30T01:34:22.860+0700: 7955.090: Total time for which application threads were stopped: 0.0001920 seconds, Stopping threads took: 0.0000164 seconds
2020-04-30T01:34:22.861+0700: 7955.091: Total time for which application threads were stopped: 0.0001285 seconds, Stopping threads took: 0.0000178 seconds
2020-04-30T01:34:22.862+0700: 7955.092: Total time for which application threads were stopped: 0.0001997 seconds, Stopping threads took: 0.0000541 seconds
2020-04-30T01:34:22.862+0700: 7955.093: Total time for which application threads were stopped: 0.0001489 seconds, Stopping threads took: 0.0000124 seconds
2020-04-30T01:34:22.863+0700: 7955.094: Total time for which application threads were stopped: 0.0000931 seconds, Stopping threads took: 0.0000135 seconds
2020-04-30T01:34:22.863+0700: 7955.094: Total time for which application threads were stopped: 0.0000665 seconds, Stopping threads took: 0.0000080 seconds
2020-04-30T01:34:22.863+0700: 7955.094: Total time for which application threads were stopped: 0.0000619 seconds, Stopping threads took: 0.0000162 seconds
2020-04-30T01:34:22.863+0700: 7955.094: Total time for which application threads were stopped: 0.0000484 seconds, Stopping threads took: 0.0000063 seconds
2020-04-30T01:34:22.864+0700: 7955.094: Total time for which application threads were stopped: 0.0000484 seconds, Stopping threads took: 0.0000061 seconds
2020-04-30T01:34:22.864+0700: 7955.094: Total time for which application threads were stopped: 0.0000473 seconds, Stopping threads took: 0.0000060 seconds
2020-04-30T01:34:22.864+0700: 7955.094: Total time for which application threads were stopped: 0.0000484 seconds, Stopping threads took: 0.0000071 seconds
2020-04-30T01:34:22.864+0700: 7955.094: Total time for which application threads were stopped: 0.0000465 seconds, Stopping threads took: 0.0000059 seconds
2020-04-30T01:34:22.864+0700: 7955.095: Total time for which application threads were stopped: 0.0000842 seconds, Stopping threads took: 0.0000113 seconds
2020-04-30T01:34:22.864+0700: 7955.095: Total time for which application threads were stopped: 0.0000908 seconds, Stopping threads took: 0.0000101 seconds
2020-04-30T01:34:23.867+0700: 7956.098: Total time for which application threads were stopped: 0.0001794 seconds, Stopping threads took: 0.0000379 seconds
2020-04-30T01:34:30.948+0700: 7963.178: Total time for which application threads were stopped: 0.0001368 seconds, Stopping threads took: 0.0000175 seconds
2020-04-30T01:34:30.948+0700: 7963.178: Total time for which application threads were stopped: 0.0001653 seconds, Stopping threads took: 0.0000495 seconds
2020-04-30T01:34:30.949+0700: 7963.179: Total time for which application threads were stopped: 0.0001131 seconds, Stopping threads took: 0.0000272 seconds
2020-04-30T01:34:30.949+0700: 7963.179: Total time for which application threads were stopped: 0.0001036 seconds, Stopping threads took: 0.0000231 seconds
2020-04-30T01:34:30.949+0700: 7963.179: Total time for which application threads were stopped: 0.0000665 seconds, Stopping threads took: 0.0000085 seconds
2020-04-30T01:34:30.949+0700: 7963.180: Total time for which application threads were stopped: 0.0000644 seconds, Stopping threads took: 0.0000073 seconds
2020-04-30T01:34:30.977+0700: 7963.207: Total time for which application threads were stopped: 0.0001077 seconds, Stopping threads took: 0.0000247 seconds
2020-04-30T01:34:31.042+0700: 7963.273: Total time for which application threads were stopped: 0.0001256 seconds, Stopping threads took: 0.0000244 seconds
2020-04-30T01:34:31.045+0700: 7963.276: Total time for which application threads were stopped: 0.0003356 seconds, Stopping threads took: 0.0000485 seconds
2020-04-30T01:34:35.736+0700: 7967.966: Total time for which application threads were stopped: 0.0001631 seconds, Stopping threads took: 0.0000226 seconds
2020-04-30T01:34:35.736+0700: 7967.966: Total time for which application threads were stopped: 0.0000902 seconds, Stopping threads took: 0.0000100 seconds
2020-04-30T01:34:35.736+0700: 7967.966: Total time for which application threads were stopped: 0.0000707 seconds, Stopping threads took: 0.0000084 seconds
2020-04-30T01:34:35.736+0700: 7967.967: Total time for which application threads were stopped: 0.0000563 seconds, Stopping threads took: 0.0000048 seconds
2020-04-30T01:34:36.741+0700: 7968.971: Total time for which application threads were stopped: 0.0001691 seconds, Stopping threads took: 0.0000206 seconds
2020-04-30T01:34:46.594+0700: 7978.824: Total time for which application threads were stopped: 0.0002020 seconds, Stopping threads took: 0.0000178 seconds
2020-04-30T01:34:46.596+0700: 7978.826: Total time for which application threads were stopped: 0.0000752 seconds, Stopping threads took: 0.0000141 seconds
2020-04-30T01:34:46.596+0700: 7978.826: Total time for which application threads were stopped: 0.0000931 seconds, Stopping threads took: 0.0000069 seconds
2020-04-30T01:34:46.596+0700: 7978.826: Total time for which application threads were stopped: 0.0000416 seconds, Stopping threads took: 0.0000056 seconds
2020-04-30T01:34:46.596+0700: 7978.826: Total time for which application threads were stopped: 0.0000785 seconds, Stopping threads took: 0.0000053 seconds
2020-04-30T01:34:46.596+0700: 7978.826: Total time for which application threads were stopped: 0.0000785 seconds, Stopping threads took: 0.0000052 seconds
2020-04-30T01:34:46.596+0700: 7978.826: Total time for which application threads were stopped: 0.0000806 seconds, Stopping threads took: 0.0000052 seconds
2020-04-30T01:34:46.596+0700: 7978.827: Total time for which application threads were stopped: 0.0000760 seconds, Stopping threads took: 0.0000073 seconds
2020-04-30T01:34:46.597+0700: 7978.827: Total time for which application threads were stopped: 0.0000780 seconds, Stopping threads took: 0.0000252 seconds
2020-04-30T01:34:46.597+0700: 7978.827: Total time for which application threads were stopped: 0.0000743 seconds, Stopping threads took: 0.0000247 seconds
2020-04-30T01:34:46.597+0700: 7978.827: Total time for which application threads were stopped: 0.0000867 seconds, Stopping threads took: 0.0000291 seconds
2020-04-30T01:34:46.597+0700: 7978.827: Total time for which application threads were stopped: 0.0000751 seconds, Stopping threads took: 0.0000255 seconds
2020-04-30T01:34:46.597+0700: 7978.827: Total time for which application threads were stopped: 0.0000728 seconds, Stopping threads took: 0.0000246 seconds
2020-04-30T01:34:46.597+0700: 7978.827: Total time for which application threads were stopped: 0.0000721 seconds, Stopping threads took: 0.0000054 seconds
2020-04-30T01:34:46.598+0700: 7978.828: Total time for which application threads were stopped: 0.0000799 seconds, Stopping threads took: 0.0000251 seconds
2020-04-30T01:34:46.598+0700: 7978.828: Total time for which application threads were stopped: 0.0000591 seconds, Stopping threads took: 0.0000249 seconds
2020-04-30T01:34:46.602+0700: 7978.832: Total time for which application threads were stopped: 0.0000810 seconds, Stopping threads took: 0.0000158 seconds
2020-04-30T01:34:46.625+0700: 7978.855: Total time for which application threads were stopped: 0.0000846 seconds, Stopping threads took: 0.0000152 seconds
2020-04-30T01:34:51.169+0700: 7983.399: Total time for which application threads were stopped: 0.0003937 seconds, Stopping threads took: 0.0000213 seconds
2020-04-30T01:34:51.169+0700: 7983.399: Total time for which application threads were stopped: 0.0000685 seconds, Stopping threads took: 0.0000080 seconds
2020-04-30T01:34:51.169+0700: 7983.399: Total time for which application threads were stopped: 0.0000564 seconds, Stopping threads took: 0.0000065 seconds
2020-04-30T01:34:51.169+0700: 7983.399: Total time for which application threads were stopped: 0.0000431 seconds, Stopping threads took: 0.0000036 seconds
2020-04-30T01:34:55.170+0700: 7987.400: Total time for which application threads were stopped: 0.0001590 seconds, Stopping threads took: 0.0000220 seconds
2020-04-30T01:35:02.471+0700: 7994.701: Total time for which application threads were stopped: 0.0001254 seconds, Stopping threads took: 0.0000212 seconds
2020-04-30T01:35:05.732+0700: 7997.961: Total time for which application threads were stopped: 0.0001789 seconds, Stopping threads took: 0.0000228 seconds
2020-04-30T01:35:05.732+0700: 7997.961: Total time for which application threads were stopped: 0.0001241 seconds, Stopping threads took: 0.0000106 seconds
2020-04-30T01:35:05.732+0700: 7997.962: Total time for which application threads were stopped: 0.0000819 seconds, Stopping threads took: 0.0000092 seconds
2020-04-30T01:35:05.732+0700: 7997.962: Total time for which application threads were stopped: 0.0000558 seconds, Stopping threads took: 0.0000047 seconds
2020-04-30T01:35:19.485+0700: 8011.715: Total time for which application threads were stopped: 0.0001130 seconds, Stopping threads took: 0.0000328 seconds
2020-04-30T01:35:26.936+0700: 8019.165: Total time for which application threads were stopped: 0.0001675 seconds, Stopping threads took: 0.0000247 seconds
2020-04-30T01:35:26.936+0700: 8019.165: Total time for which application threads were stopped: 0.0000822 seconds, Stopping threads took: 0.0000105 seconds
2020-04-30T01:35:26.936+0700: 8019.166: Total time for which application threads were stopped: 0.0000705 seconds, Stopping threads took: 0.0000079 seconds
2020-04-30T01:35:26.936+0700: 8019.166: Total time for which application threads were stopped: 0.0000557 seconds, Stopping threads took: 0.0000046 seconds
2020-04-30T01:35:27.941+0700: 8020.170: Total time for which application threads were stopped: 0.0001575 seconds, Stopping threads took: 0.0000433 seconds
2020-04-30T01:35:37.970+0700: 8030.199: Total time for which application threads were stopped: 0.0001019 seconds, Stopping threads took: 0.0000201 seconds
2020-04-30T01:35:38.911+0700: 8031.140: Total time for which application threads were stopped: 0.0000970 seconds, Stopping threads took: 0.0000166 seconds
2020-04-30T01:35:50.017+0700: 8042.246: Total time for which application threads were stopped: 0.0001488 seconds, Stopping threads took: 0.0000215 seconds
2020-04-30T01:35:50.017+0700: 8042.246: Total time for which application threads were stopped: 0.0000866 seconds, Stopping threads took: 0.0000093 seconds
2020-04-30T01:35:50.017+0700: 8042.246: Total time for which application threads were stopped: 0.0000681 seconds, Stopping threads took: 0.0000081 seconds
2020-04-30T01:35:50.017+0700: 8042.246: Total time for which application threads were stopped: 0.0000453 seconds, Stopping threads took: 0.0000040 seconds
2020-04-30T01:36:00.078+0700: 8052.306: Total time for which application threads were stopped: 0.0001076 seconds, Stopping threads took: 0.0000179 seconds
2020-04-30T01:36:13.422+0700: 8065.650: Total time for which application threads were stopped: 0.0001796 seconds, Stopping threads took: 0.0000205 seconds
2020-04-30T01:36:13.422+0700: 8065.650: Total time for which application threads were stopped: 0.0000969 seconds, Stopping threads took: 0.0000096 seconds
2020-04-30T01:36:13.422+0700: 8065.650: Total time for which application threads were stopped: 0.0000807 seconds, Stopping threads took: 0.0000158 seconds
2020-04-30T01:36:13.422+0700: 8065.650: Total time for which application threads were stopped: 0.0000571 seconds, Stopping threads took: 0.0000067 seconds
2020-04-30T01:36:14.426+0700: 8066.654: Total time for which application threads were stopped: 0.0002239 seconds, Stopping threads took: 0.0000471 seconds
2020-04-30T01:36:17.434+0700: 8069.663: Total time for which application threads were stopped: 0.0001571 seconds, Stopping threads took: 0.0000453 seconds
2020-04-30T01:36:18.463+0700: 8070.691: Total time for which application threads were stopped: 0.0001634 seconds, Stopping threads took: 0.0000258 seconds
2020-04-30T01:36:18.463+0700: 8070.691: Total time for which application threads were stopped: 0.0000797 seconds, Stopping threads took: 0.0000070 seconds
2020-04-30T01:36:18.473+0700: 8070.702: Total time for which application threads were stopped: 0.0000899 seconds, Stopping threads took: 0.0000148 seconds
2020-04-30T01:36:26.303+0700: 8078.531: Total time for which application threads were stopped: 0.0001570 seconds, Stopping threads took: 0.0000201 seconds
2020-04-30T01:36:26.303+0700: 8078.531: Total time for which application threads were stopped: 0.0000814 seconds, Stopping threads took: 0.0000081 seconds
2020-04-30T01:36:26.303+0700: 8078.531: Total time for which application threads were stopped: 0.0000593 seconds, Stopping threads took: 0.0000067 seconds
2020-04-30T01:36:26.303+0700: 8078.531: Total time for which application threads were stopped: 0.0000582 seconds, Stopping threads took: 0.0000066 seconds
2020-04-30T01:36:34.688+0700: 8086.916: Total time for which application threads were stopped: 0.0000995 seconds, Stopping threads took: 0.0000161 seconds
2020-04-30T01:36:38.316+0700: 8090.544: Total time for which application threads were stopped: 0.0001759 seconds, Stopping threads took: 0.0000336 seconds
2020-04-30T01:36:38.316+0700: 8090.544: Total time for which application threads were stopped: 0.0003099 seconds, Stopping threads took: 0.0000291 seconds
2020-04-30T01:36:42.130+0700: 8094.358: Total time for which application threads were stopped: 0.0001596 seconds, Stopping threads took: 0.0000228 seconds
2020-04-30T01:36:42.130+0700: 8094.358: Total time for which application threads were stopped: 0.0000810 seconds, Stopping threads took: 0.0000095 seconds
2020-04-30T01:36:42.131+0700: 8094.358: Total time for which application threads were stopped: 0.0002041 seconds, Stopping threads took: 0.0000074 seconds
2020-04-30T01:36:42.131+0700: 8094.358: Total time for which application threads were stopped: 0.0001568 seconds, Stopping threads took: 0.0000042 seconds
{Heap before GC invocations=22 (full 0):
 garbage-first heap   total 524288K, used 360064K [0x00000007a0000000, 0x00000007a0101000, 0x00000007c0000000)
  region size 1024K, 307 young (314368K), 25 survivors (25600K)
 Metaspace       used 53654K, capacity 55904K, committed 56136K, reserved 1099776K
  class space    used 6211K, capacity 6635K, committed 6732K, reserved 1048576K
2020-04-30T01:36:51.634+0700: 8103.861: [GC pause (G1 Evacuation Pause) (young)
Desired survivor size 20447232 bytes, new threshold 15 (max 15)
- age   1:    4844008 bytes,    4844008 total
- age   2:      48640 bytes,    4892648 total
- age   3:    1363128 bytes,    6255776 total
- age   4:    1700576 bytes,    7956352 total
- age   5:    3075240 bytes,   11031592 total
- age   6:     429120 bytes,   11460712 total
- age   7:      63584 bytes,   11524296 total
- age   8:      36328 bytes,   11560624 total
- age   9:      34672 bytes,   11595296 total
- age  10:     928088 bytes,   12523384 total
- age  11:     511240 bytes,   13034624 total
- age  12:    5243096 bytes,   18277720 total
, 0.0094304 secs]
   [Parallel Time: 5.8 ms, GC Workers: 8]
      [GC Worker Start (ms): Min: 8103862.1, Avg: 8103862.2, Max: 8103862.3, Diff: 0.1]
      [Ext Root Scanning (ms): Min: 0.2, Avg: 0.4, Max: 1.3, Diff: 1.1, Sum: 3.4]
      [Update RS (ms): Min: 0.0, Avg: 0.3, Max: 0.6, Diff: 0.6, Sum: 2.6]
         [Processed Buffers: Min: 0, Avg: 3.2, Max: 10, Diff: 10, Sum: 26]
      [Scan RS (ms): Min: 0.0, Avg: 0.0, Max: 0.1, Diff: 0.1, Sum: 0.2]
      [Code Root Scanning (ms): Min: 0.0, Avg: 0.7, Max: 1.4, Diff: 1.4, Sum: 5.5]
      [Object Copy (ms): Min: 3.6, Avg: 4.2, Max: 4.8, Diff: 1.3, Sum: 33.2]
      [Termination (ms): Min: 0.0, Avg: 0.0, Max: 0.0, Diff: 0.0, Sum: 0.0]
         [Termination Attempts: Min: 1, Avg: 1.0, Max: 1, Diff: 0, Sum: 8]
      [GC Worker Other (ms): Min: 0.0, Avg: 0.0, Max: 0.1, Diff: 0.1, Sum: 0.3]
      [GC Worker Total (ms): Min: 5.6, Avg: 5.6, Max: 5.7, Diff: 0.1, Sum: 45.2]
      [GC Worker End (ms): Min: 8103867.8, Avg: 8103867.8, Max: 8103867.8, Diff: 0.0]
   [Code Root Fixup: 0.1 ms]
   [Code Root Purge: 0.0 ms]
   [Clear CT: 0.1 ms]
   [Other: 3.4 ms]
      [Choose CSet: 0.0 ms]
      [Ref Proc: 1.8 ms]
      [Ref Enq: 0.2 ms]
      [Redirty Cards: 0.2 ms]
      [Humongous Register: 0.0 ms]
      [Humongous Reclaim: 0.0 ms]
      [Free CSet: 0.3 ms]
   [Eden: 282.0M(282.0M)->0.0B(284.0M) Survivors: 25.0M->23.0M Heap: 351.6M(512.0M)->67.6M(512.0M)]
Heap after GC invocations=23 (full 0):
 garbage-first heap   total 524288K, used 69248K [0x00000007a0000000, 0x00000007a0101000, 0x00000007c0000000)
  region size 1024K, 23 young (23552K), 23 survivors (23552K)
 Metaspace       used 53654K, capacity 55904K, committed 56136K, reserved 1099776K
  class space    used 6211K, capacity 6635K, committed 6732K, reserved 1048576K
}
 [Times: user=0.04 sys=0.00, real=0.01 secs] 
2020-04-30T01:36:51.644+0700: 8103.871: Total time for which application threads were stopped: 0.0097497 seconds, Stopping threads took: 0.0000208 seconds
2020-04-30T01:36:53.399+0700: 8105.626: Total time for which application threads were stopped: 0.0001469 seconds, Stopping threads took: 0.0000247 seconds
2020-04-30T01:36:53.399+0700: 8105.627: Total time for which application threads were stopped: 0.0000793 seconds, Stopping threads took: 0.0000081 seconds
2020-04-30T01:36:55.224+0700: 8107.451: Total time for which application threads were stopped: 0.0002326 seconds, Stopping threads took: 0.0000176 seconds
2020-04-30T01:37:00.821+0700: 8113.049: Total time for which application threads were stopped: 0.0001630 seconds, Stopping threads took: 0.0000228 seconds
2020-04-30T01:37:00.821+0700: 8113.049: Total time for which application threads were stopped: 0.0000784 seconds, Stopping threads took: 0.0000085 seconds
2020-04-30T01:37:00.822+0700: 8113.049: Total time for which application threads were stopped: 0.0000602 seconds, Stopping threads took: 0.0000065 seconds
2020-04-30T01:37:00.822+0700: 8113.049: Total time for which application threads were stopped: 0.0000487 seconds, Stopping threads took: 0.0000041 seconds
2020-04-30T01:37:10.905+0700: 8123.132: Total time for which application threads were stopped: 0.0001374 seconds, Stopping threads took: 0.0000334 seconds
2020-04-30T01:37:10.905+0700: 8123.132: Total time for which application threads were stopped: 0.0000867 seconds, Stopping threads took: 0.0000079 seconds
2020-04-30T01:37:10.906+0700: 8123.134: Total time for which application threads were stopped: 0.0001176 seconds, Stopping threads took: 0.0000342 seconds
2020-04-30T01:37:11.911+0700: 8124.138: Total time for which application threads were stopped: 0.0001485 seconds, Stopping threads took: 0.0000213 seconds
2020-04-30T01:37:17.305+0700: 8129.532: Total time for which application threads were stopped: 0.0001714 seconds, Stopping threads took: 0.0000198 seconds
2020-04-30T01:37:17.305+0700: 8129.532: Total time for which application threads were stopped: 0.0000782 seconds, Stopping threads took: 0.0000076 seconds
2020-04-30T01:37:17.305+0700: 8129.532: Total time for which application threads were stopped: 0.0000576 seconds, Stopping threads took: 0.0000066 seconds
2020-04-30T01:37:17.305+0700: 8129.532: Total time for which application threads were stopped: 0.0000432 seconds, Stopping threads took: 0.0000037 seconds
2020-04-30T01:37:27.083+0700: 8139.310: Total time for which application threads were stopped: 0.0001137 seconds, Stopping threads took: 0.0000173 seconds
2020-04-30T01:37:27.083+0700: 8139.310: Total time for which application threads were stopped: 0.0000896 seconds, Stopping threads took: 0.0000185 seconds
2020-04-30T01:37:27.085+0700: 8139.312: Total time for which application threads were stopped: 0.0000806 seconds, Stopping threads took: 0.0000145 seconds
2020-04-30T01:37:27.085+0700: 8139.312: Total time for which application threads were stopped: 0.0000525 seconds, Stopping threads took: 0.0000069 seconds
2020-04-30T01:37:27.085+0700: 8139.312: Total time for which application threads were stopped: 0.0000687 seconds, Stopping threads took: 0.0000081 seconds
2020-04-30T01:37:27.085+0700: 8139.312: Total time for which application threads were stopped: 0.0000463 seconds, Stopping threads took: 0.0000065 seconds
2020-04-30T01:37:27.085+0700: 8139.312: Total time for which application threads were stopped: 0.0000667 seconds, Stopping threads took: 0.0000157 seconds
2020-04-30T01:37:27.085+0700: 8139.312: Total time for which application threads were stopped: 0.0000417 seconds, Stopping threads took: 0.0000061 seconds
2020-04-30T01:37:27.086+0700: 8139.312: Total time for which application threads were stopped: 0.0000507 seconds, Stopping threads took: 0.0000068 seconds
2020-04-30T01:37:27.086+0700: 8139.312: Total time for which application threads were stopped: 0.0000410 seconds, Stopping threads took: 0.0000053 seconds
2020-04-30T01:37:27.086+0700: 8139.312: Total time for which application threads were stopped: 0.0000433 seconds, Stopping threads took: 0.0000055 seconds
2020-04-30T01:37:27.086+0700: 8139.313: Total time for which application threads were stopped: 0.0000713 seconds, Stopping threads took: 0.0000118 seconds
2020-04-30T01:37:27.087+0700: 8139.313: Total time for which application threads were stopped: 0.0000697 seconds, Stopping threads took: 0.0000082 seconds
2020-04-30T01:37:27.087+0700: 8139.313: Total time for which application threads were stopped: 0.0000559 seconds, Stopping threads took: 0.0000088 seconds
2020-04-30T01:37:27.087+0700: 8139.314: Total time for which application threads were stopped: 0.0000809 seconds, Stopping threads took: 0.0000098 seconds
2020-04-30T01:37:27.087+0700: 8139.314: Total time for which application threads were stopped: 0.0000632 seconds, Stopping threads took: 0.0000077 seconds
2020-04-30T01:37:27.087+0700: 8139.314: Total time for which application threads were stopped: 0.0000743 seconds, Stopping threads took: 0.0000101 seconds
2020-04-30T01:37:27.092+0700: 8139.319: Total time for which application threads were stopped: 0.0000857 seconds, Stopping threads took: 0.0000161 seconds
2020-04-30T01:37:27.093+0700: 8139.320: Total time for which application threads were stopped: 0.0000767 seconds, Stopping threads took: 0.0000137 seconds
2020-04-30T01:37:27.094+0700: 8139.321: Total time for which application threads were stopped: 0.0000606 seconds, Stopping threads took: 0.0000092 seconds
2020-04-30T01:37:27.098+0700: 8139.325: Total time for which application threads were stopped: 0.0000969 seconds, Stopping threads took: 0.0000219 seconds
2020-04-30T01:37:38.024+0700: 8150.250: Total time for which application threads were stopped: 0.0001523 seconds, Stopping threads took: 0.0000258 seconds
2020-04-30T01:37:38.031+0700: 8150.257: Total time for which application threads were stopped: 0.0001858 seconds, Stopping threads took: 0.0000532 seconds
2020-04-30T01:37:38.031+0700: 8150.258: Total time for which application threads were stopped: 0.0001755 seconds, Stopping threads took: 0.0000216 seconds
2020-04-30T01:37:38.031+0700: 8150.258: Total time for which application threads were stopped: 0.0001174 seconds, Stopping threads took: 0.0000256 seconds
2020-04-30T01:37:38.032+0700: 8150.258: Total time for which application threads were stopped: 0.0001149 seconds, Stopping threads took: 0.0000285 seconds
2020-04-30T01:37:38.032+0700: 8150.259: Total time for which application threads were stopped: 0.0004652 seconds, Stopping threads took: 0.0000188 seconds
2020-04-30T01:37:38.308+0700: 8150.534: Total time for which application threads were stopped: 0.0002042 seconds, Stopping threads took: 0.0000389 seconds
2020-04-30T01:37:40.580+0700: 8152.806: Total time for which application threads were stopped: 0.0001621 seconds, Stopping threads took: 0.0000212 seconds
2020-04-30T01:37:40.580+0700: 8152.806: Total time for which application threads were stopped: 0.0000879 seconds, Stopping threads took: 0.0000088 seconds
2020-04-30T01:37:40.580+0700: 8152.806: Total time for which application threads were stopped: 0.0000599 seconds, Stopping threads took: 0.0000065 seconds
2020-04-30T01:37:40.580+0700: 8152.806: Total time for which application threads were stopped: 0.0000606 seconds, Stopping threads took: 0.0000040 seconds
2020-04-30T01:37:51.349+0700: 8163.575: Total time for which application threads were stopped: 0.0001725 seconds, Stopping threads took: 0.0000233 seconds
2020-04-30T01:37:51.349+0700: 8163.575: Total time for which application threads were stopped: 0.0001066 seconds, Stopping threads took: 0.0000131 seconds
2020-04-30T01:37:51.349+0700: 8163.576: Total time for which application threads were stopped: 0.0000743 seconds, Stopping threads took: 0.0000078 seconds
2020-04-30T01:37:51.350+0700: 8163.576: Total time for which application threads were stopped: 0.0000671 seconds, Stopping threads took: 0.0000072 seconds
2020-04-30T01:38:01.699+0700: 8173.925: Total time for which application threads were stopped: 0.0001595 seconds, Stopping threads took: 0.0000322 seconds
2020-04-30T01:38:01.700+0700: 8173.926: Total time for which application threads were stopped: 0.0000939 seconds, Stopping threads took: 0.0000128 seconds
2020-04-30T01:38:05.638+0700: 8177.864: Total time for which application threads were stopped: 0.0001541 seconds, Stopping threads took: 0.0000359 seconds
2020-04-30T01:38:05.639+0700: 8177.865: Total time for which application threads were stopped: 0.0002302 seconds, Stopping threads took: 0.0000432 seconds
2020-04-30T01:38:05.640+0700: 8177.865: Total time for which application threads were stopped: 0.0002004 seconds, Stopping threads took: 0.0000416 seconds
2020-04-30T01:38:05.640+0700: 8177.866: Total time for which application threads were stopped: 0.0002582 seconds, Stopping threads took: 0.0000875 seconds
2020-04-30T01:38:05.641+0700: 8177.867: Total time for which application threads were stopped: 0.0002303 seconds, Stopping threads took: 0.0000444 seconds
2020-04-30T01:38:05.641+0700: 8177.867: Total time for which application threads were stopped: 0.0001382 seconds, Stopping threads took: 0.0000366 seconds
2020-04-30T01:38:05.641+0700: 8177.867: Total time for which application threads were stopped: 0.0001286 seconds, Stopping threads took: 0.0000263 seconds
2020-04-30T01:38:05.641+0700: 8177.867: Total time for which application threads were stopped: 0.0001705 seconds, Stopping threads took: 0.0000543 seconds
2020-04-30T01:38:05.641+0700: 8177.867: Total time for which application threads were stopped: 0.0001251 seconds, Stopping threads took: 0.0000333 seconds
2020-04-30T01:38:05.642+0700: 8177.868: Total time for which application threads were stopped: 0.0001671 seconds, Stopping threads took: 0.0000389 seconds
2020-04-30T01:38:05.643+0700: 8177.868: Total time for which application threads were stopped: 0.0001771 seconds, Stopping threads took: 0.0000170 seconds
2020-04-30T01:38:05.643+0700: 8177.869: Total time for which application threads were stopped: 0.0001829 seconds, Stopping threads took: 0.0000126 seconds
2020-04-30T01:38:07.963+0700: 8180.189: Total time for which application threads were stopped: 0.0001493 seconds, Stopping threads took: 0.0000204 seconds
2020-04-30T01:38:07.964+0700: 8180.189: Total time for which application threads were stopped: 0.0001046 seconds, Stopping threads took: 0.0000325 seconds
2020-04-30T01:38:07.964+0700: 8180.190: Total time for which application threads were stopped: 0.0000626 seconds, Stopping threads took: 0.0000116 seconds
2020-04-30T01:38:07.964+0700: 8180.190: Total time for which application threads were stopped: 0.0000530 seconds, Stopping threads took: 0.0000109 seconds
2020-04-30T01:38:08.966+0700: 8181.191: Total time for which application threads were stopped: 0.0001632 seconds, Stopping threads took: 0.0000543 seconds
2020-04-30T01:38:09.968+0700: 8182.194: Total time for which application threads were stopped: 0.0001812 seconds, Stopping threads took: 0.0000381 seconds
2020-04-30T01:38:11.972+0700: 8184.198: Total time for which application threads were stopped: 0.0002461 seconds, Stopping threads took: 0.0000442 seconds
2020-04-30T01:38:20.007+0700: 8192.233: Total time for which application threads were stopped: 0.0004645 seconds, Stopping threads took: 0.0000356 seconds
2020-04-30T01:38:27.025+0700: 8199.250: Total time for which application threads were stopped: 0.0001246 seconds, Stopping threads took: 0.0000246 seconds
2020-04-30T01:38:28.878+0700: 8201.103: Total time for which application threads were stopped: 0.0002207 seconds, Stopping threads took: 0.0000227 seconds
2020-04-30T01:38:28.878+0700: 8201.104: Total time for which application threads were stopped: 0.0001734 seconds, Stopping threads took: 0.0000097 seconds
2020-04-30T01:38:28.878+0700: 8201.104: Total time for which application threads were stopped: 0.0001335 seconds, Stopping threads took: 0.0000132 seconds
2020-04-30T01:38:28.879+0700: 8201.104: Total time for which application threads were stopped: 0.0000721 seconds, Stopping threads took: 0.0000063 seconds
2020-04-30T01:39:06.038+0700: 8238.263: Total time for which application threads were stopped: 0.0001632 seconds, Stopping threads took: 0.0000201 seconds
2020-04-30T01:39:06.039+0700: 8238.264: Total time for which application threads were stopped: 0.0000915 seconds, Stopping threads took: 0.0000097 seconds
2020-04-30T01:39:06.039+0700: 8238.264: Total time for which application threads were stopped: 0.0000637 seconds, Stopping threads took: 0.0000079 seconds
2020-04-30T01:39:06.039+0700: 8238.264: Total time for which application threads were stopped: 0.0000505 seconds, Stopping threads took: 0.0000043 seconds
2020-04-30T01:39:14.948+0700: 8247.172: Total time for which application threads were stopped: 0.0003502 seconds, Stopping threads took: 0.0000290 seconds
2020-04-30T01:39:14.948+0700: 8247.172: Total time for which application threads were stopped: 0.0001146 seconds, Stopping threads took: 0.0000256 seconds
2020-04-30T01:39:26.000+0700: 8258.224: Total time for which application threads were stopped: 0.0001486 seconds, Stopping threads took: 0.0000211 seconds
2020-04-30T01:39:26.000+0700: 8258.224: Total time for which application threads were stopped: 0.0000716 seconds, Stopping threads took: 0.0000080 seconds
2020-04-30T01:39:26.000+0700: 8258.224: Total time for which application threads were stopped: 0.0000528 seconds, Stopping threads took: 0.0000057 seconds
2020-04-30T01:39:26.000+0700: 8258.224: Total time for which application threads were stopped: 0.0000433 seconds, Stopping threads took: 0.0000037 seconds
2020-04-30T01:39:38.034+0700: 8270.258: Total time for which application threads were stopped: 0.0001622 seconds, Stopping threads took: 0.0000481 seconds
2020-04-30T01:39:44.126+0700: 8276.350: Total time for which application threads were stopped: 0.0002225 seconds, Stopping threads took: 0.0000259 seconds
2020-04-30T01:39:44.126+0700: 8276.350: Total time for which application threads were stopped: 0.0001309 seconds, Stopping threads took: 0.0000134 seconds
2020-04-30T01:39:44.126+0700: 8276.350: Total time for which application threads were stopped: 0.0001216 seconds, Stopping threads took: 0.0000144 seconds
2020-04-30T01:39:44.126+0700: 8276.350: Total time for which application threads were stopped: 0.0000679 seconds, Stopping threads took: 0.0000090 seconds
2020-04-30T01:40:00.966+0700: 8293.189: Total time for which application threads were stopped: 0.0001532 seconds, Stopping threads took: 0.0000199 seconds
2020-04-30T01:40:00.966+0700: 8293.189: Total time for which application threads were stopped: 0.0000938 seconds, Stopping threads took: 0.0000139 seconds
2020-04-30T01:40:00.966+0700: 8293.189: Total time for which application threads were stopped: 0.0000755 seconds, Stopping threads took: 0.0000093 seconds
2020-04-30T01:40:00.966+0700: 8293.189: Total time for which application threads were stopped: 0.0000622 seconds, Stopping threads took: 0.0000068 seconds
2020-04-30T01:40:12.131+0700: 8304.354: Total time for which application threads were stopped: 0.0001660 seconds, Stopping threads took: 0.0000394 seconds
2020-04-30T01:40:12.131+0700: 8304.354: Total time for which application threads were stopped: 0.0001723 seconds, Stopping threads took: 0.0000461 seconds
2020-04-30T01:40:12.133+0700: 8304.356: Total time for which application threads were stopped: 0.0001906 seconds, Stopping threads took: 0.0000899 seconds
2020-04-30T01:40:13.137+0700: 8305.360: Total time for which application threads were stopped: 0.0001275 seconds, Stopping threads took: 0.0000235 seconds
2020-04-30T01:40:19.810+0700: 8312.033: Total time for which application threads were stopped: 0.0001638 seconds, Stopping threads took: 0.0000238 seconds
2020-04-30T01:40:19.810+0700: 8312.033: Total time for which application threads were stopped: 0.0000779 seconds, Stopping threads took: 0.0000080 seconds
2020-04-30T01:40:19.810+0700: 8312.033: Total time for which application threads were stopped: 0.0000673 seconds, Stopping threads took: 0.0000073 seconds
2020-04-30T01:40:19.811+0700: 8312.034: Total time for which application threads were stopped: 0.0000539 seconds, Stopping threads took: 0.0000052 seconds
2020-04-30T01:40:29.997+0700: 8322.220: Total time for which application threads were stopped: 0.0003362 seconds, Stopping threads took: 0.0000516 seconds
2020-04-30T01:40:30.000+0700: 8322.223: Total time for which application threads were stopped: 0.0000941 seconds, Stopping threads took: 0.0000155 seconds
2020-04-30T01:40:30.000+0700: 8322.223: Total time for which application threads were stopped: 0.0000539 seconds, Stopping threads took: 0.0000073 seconds
2020-04-30T01:40:30.000+0700: 8322.223: Total time for which application threads were stopped: 0.0000435 seconds, Stopping threads took: 0.0000059 seconds
2020-04-30T01:40:30.000+0700: 8322.223: Total time for which application threads were stopped: 0.0001737 seconds, Stopping threads took: 0.0001299 seconds
2020-04-30T01:40:30.000+0700: 8322.223: Total time for which application threads were stopped: 0.0000612 seconds, Stopping threads took: 0.0000183 seconds
2020-04-30T01:40:30.000+0700: 8322.223: Total time for which application threads were stopped: 0.0001540 seconds, Stopping threads took: 0.0000178 seconds
2020-04-30T01:40:30.014+0700: 8322.237: Total time for which application threads were stopped: 0.0002708 seconds, Stopping threads took: 0.0000396 seconds
2020-04-30T01:40:30.039+0700: 8322.262: Total time for which application threads were stopped: 0.0001512 seconds, Stopping threads took: 0.0000290 seconds
2020-04-30T01:40:36.795+0700: 8329.018: Total time for which application threads were stopped: 0.0001623 seconds, Stopping threads took: 0.0000221 seconds
2020-04-30T01:40:36.795+0700: 8329.018: Total time for which application threads were stopped: 0.0000824 seconds, Stopping threads took: 0.0000086 seconds
2020-04-30T01:40:36.795+0700: 8329.018: Total time for which application threads were stopped: 0.0000655 seconds, Stopping threads took: 0.0000075 seconds
2020-04-30T01:40:36.796+0700: 8329.018: Total time for which application threads were stopped: 0.0000531 seconds, Stopping threads took: 0.0000044 seconds
2020-04-30T01:40:44.737+0700: 8336.960: Total time for which application threads were stopped: 0.0001841 seconds, Stopping threads took: 0.0000641 seconds
2020-04-30T01:40:48.154+0700: 8340.377: Total time for which application threads were stopped: 0.0001505 seconds, Stopping threads took: 0.0000268 seconds
2020-04-30T01:40:53.340+0700: 8345.562: Total time for which application threads were stopped: 0.0002282 seconds, Stopping threads took: 0.0000269 seconds
2020-04-30T01:40:53.340+0700: 8345.563: Total time for which application threads were stopped: 0.0004231 seconds, Stopping threads took: 0.0000141 seconds
2020-04-30T01:40:53.341+0700: 8345.563: Total time for which application threads were stopped: 0.0001221 seconds, Stopping threads took: 0.0000121 seconds
2020-04-30T01:40:53.341+0700: 8345.563: Total time for which application threads were stopped: 0.0001027 seconds, Stopping threads took: 0.0000103 seconds
2020-04-30T01:40:56.822+0700: 8349.045: Total time for which application threads were stopped: 0.0005095 seconds, Stopping threads took: 0.0000290 seconds
2020-04-30T01:41:06.031+0700: 8358.253: Total time for which application threads were stopped: 0.0001541 seconds, Stopping threads took: 0.0000347 seconds
2020-04-30T01:41:12.468+0700: 8364.690: Total time for which application threads were stopped: 0.0001634 seconds, Stopping threads took: 0.0000210 seconds
2020-04-30T01:41:12.468+0700: 8364.690: Total time for which application threads were stopped: 0.0001663 seconds, Stopping threads took: 0.0000181 seconds
2020-04-30T01:41:12.468+0700: 8364.690: Total time for which application threads were stopped: 0.0000850 seconds, Stopping threads took: 0.0000093 seconds
2020-04-30T01:41:12.468+0700: 8364.690: Total time for which application threads were stopped: 0.0000670 seconds, Stopping threads took: 0.0000083 seconds
2020-04-30T01:41:24.757+0700: 8376.979: Total time for which application threads were stopped: 0.0001127 seconds, Stopping threads took: 0.0000190 seconds
2020-04-30T01:41:35.525+0700: 8387.748: Total time for which application threads were stopped: 0.0010641 seconds, Stopping threads took: 0.0000221 seconds
2020-04-30T01:41:35.526+0700: 8387.748: Total time for which application threads were stopped: 0.0000968 seconds, Stopping threads took: 0.0000114 seconds
2020-04-30T01:41:35.526+0700: 8387.748: Total time for which application threads were stopped: 0.0000764 seconds, Stopping threads took: 0.0000083 seconds
2020-04-30T01:41:35.527+0700: 8387.748: Total time for which application threads were stopped: 0.0000763 seconds, Stopping threads took: 0.0000080 seconds
2020-04-30T01:41:41.340+0700: 8393.561: Total time for which application threads were stopped: 0.0001759 seconds, Stopping threads took: 0.0000235 seconds
2020-04-30T01:41:43.000+0700: 8395.221: Total time for which application threads were stopped: 0.0001242 seconds, Stopping threads took: 0.0000218 seconds
2020-04-30T01:41:48.653+0700: 8400.874: Total time for which application threads were stopped: 0.0001794 seconds, Stopping threads took: 0.0000239 seconds
2020-04-30T01:41:48.653+0700: 8400.874: Total time for which application threads were stopped: 0.0001096 seconds, Stopping threads took: 0.0000137 seconds
2020-04-30T01:41:48.653+0700: 8400.874: Total time for which application threads were stopped: 0.0000797 seconds, Stopping threads took: 0.0000080 seconds
2020-04-30T01:41:48.653+0700: 8400.875: Total time for which application threads were stopped: 0.0000772 seconds, Stopping threads took: 0.0000087 seconds
2020-04-30T01:42:00.088+0700: 8412.309: Total time for which application threads were stopped: 0.0001734 seconds, Stopping threads took: 0.0000205 seconds
2020-04-30T01:42:03.917+0700: 8416.138: Total time for which application threads were stopped: 0.0001687 seconds, Stopping threads took: 0.0000228 seconds
2020-04-30T01:42:03.917+0700: 8416.138: Total time for which application threads were stopped: 0.0000880 seconds, Stopping threads took: 0.0000090 seconds
2020-04-30T01:42:03.917+0700: 8416.138: Total time for which application threads were stopped: 0.0000653 seconds, Stopping threads took: 0.0000074 seconds
2020-04-30T01:42:03.917+0700: 8416.138: Total time for which application threads were stopped: 0.0000517 seconds, Stopping threads took: 0.0000042 seconds
2020-04-30T01:42:09.020+0700: 8421.241: Total time for which application threads were stopped: 0.0001533 seconds, Stopping threads took: 0.0000265 seconds
2020-04-30T01:42:09.028+0700: 8421.248: Total time for which application threads were stopped: 0.0001450 seconds, Stopping threads took: 0.0000202 seconds
2020-04-30T01:42:09.209+0700: 8421.430: Total time for which application threads were stopped: 0.0001435 seconds, Stopping threads took: 0.0000223 seconds
2020-04-30T01:42:09.860+0700: 8422.081: Total time for which application threads were stopped: 0.0002234 seconds, Stopping threads took: 0.0000499 seconds
2020-04-30T01:42:10.864+0700: 8423.085: Total time for which application threads were stopped: 0.0001775 seconds, Stopping threads took: 0.0000448 seconds
2020-04-30T01:42:17.120+0700: 8429.340: Total time for which application threads were stopped: 0.0001260 seconds, Stopping threads took: 0.0000211 seconds
2020-04-30T01:42:33.651+0700: 8445.871: Total time for which application threads were stopped: 0.0002421 seconds, Stopping threads took: 0.0000275 seconds
2020-04-30T01:42:33.651+0700: 8445.872: Total time for which application threads were stopped: 0.0000987 seconds, Stopping threads took: 0.0000100 seconds
2020-04-30T01:42:33.652+0700: 8445.872: Total time for which application threads were stopped: 0.0002204 seconds, Stopping threads took: 0.0000076 seconds
2020-04-30T01:42:33.652+0700: 8445.872: Total time for which application threads were stopped: 0.0002473 seconds, Stopping threads took: 0.0000091 seconds
2020-04-30T01:42:36.853+0700: 8449.073: Total time for which application threads were stopped: 0.0001551 seconds, Stopping threads took: 0.0000233 seconds
2020-04-30T01:42:36.853+0700: 8449.073: Total time for which application threads were stopped: 0.0000988 seconds, Stopping threads took: 0.0000111 seconds
2020-04-30T01:42:39.060+0700: 8451.280: Total time for which application threads were stopped: 0.0001334 seconds, Stopping threads took: 0.0000214 seconds
2020-04-30T01:42:55.063+0700: 8467.283: Total time for which application threads were stopped: 0.0001103 seconds, Stopping threads took: 0.0000199 seconds
2020-04-30T01:42:55.069+0700: 8467.289: Total time for which application threads were stopped: 0.0001163 seconds, Stopping threads took: 0.0000278 seconds
2020-04-30T01:42:55.070+0700: 8467.289: Total time for which application threads were stopped: 0.0000961 seconds, Stopping threads took: 0.0000177 seconds
2020-04-30T01:42:55.071+0700: 8467.290: Total time for which application threads were stopped: 0.0000858 seconds, Stopping threads took: 0.0000217 seconds
2020-04-30T01:42:55.071+0700: 8467.291: Total time for which application threads were stopped: 0.0001048 seconds, Stopping threads took: 0.0000233 seconds
2020-04-30T01:42:55.071+0700: 8467.291: Total time for which application threads were stopped: 0.0000843 seconds, Stopping threads took: 0.0000207 seconds
2020-04-30T01:42:55.072+0700: 8467.291: Total time for which application threads were stopped: 0.0001149 seconds, Stopping threads took: 0.0000670 seconds
2020-04-30T01:42:55.072+0700: 8467.291: Total time for which application threads were stopped: 0.0001238 seconds, Stopping threads took: 0.0000458 seconds
2020-04-30T01:42:56.076+0700: 8468.295: Total time for which application threads were stopped: 0.0001565 seconds, Stopping threads took: 0.0000294 seconds
2020-04-30T01:43:01.688+0700: 8473.908: Total time for which application threads were stopped: 0.0001790 seconds, Stopping threads took: 0.0000215 seconds
2020-04-30T01:43:01.689+0700: 8473.908: Total time for which application threads were stopped: 0.0001284 seconds, Stopping threads took: 0.0000090 seconds
2020-04-30T01:43:01.689+0700: 8473.908: Total time for which application threads were stopped: 0.0001318 seconds, Stopping threads took: 0.0000151 seconds
2020-04-30T01:43:01.689+0700: 8473.909: Total time for which application threads were stopped: 0.0001043 seconds, Stopping threads took: 0.0000086 seconds
2020-04-30T01:43:13.314+0700: 8485.534: Total time for which application threads were stopped: 0.0001082 seconds, Stopping threads took: 0.0000202 seconds
2020-04-30T01:43:13.314+0700: 8485.534: Total time for which application threads were stopped: 0.0000673 seconds, Stopping threads took: 0.0000099 seconds
2020-04-30T01:43:13.315+0700: 8485.534: Total time for which application threads were stopped: 0.0000561 seconds, Stopping threads took: 0.0000077 seconds
2020-04-30T01:43:13.315+0700: 8485.534: Total time for which application threads were stopped: 0.0000456 seconds, Stopping threads took: 0.0000064 seconds
2020-04-30T01:43:13.315+0700: 8485.534: Total time for which application threads were stopped: 0.0000449 seconds, Stopping threads took: 0.0000063 seconds
2020-04-30T01:43:13.315+0700: 8485.534: Total time for which application threads were stopped: 0.0000448 seconds, Stopping threads took: 0.0000066 seconds
2020-04-30T01:43:13.315+0700: 8485.534: Total time for which application threads were stopped: 0.0000454 seconds, Stopping threads took: 0.0000063 seconds
2020-04-30T01:43:13.315+0700: 8485.534: Total time for which application threads were stopped: 0.0000440 seconds, Stopping threads took: 0.0000063 seconds
2020-04-30T01:43:13.315+0700: 8485.534: Total time for which application threads were stopped: 0.0000456 seconds, Stopping threads took: 0.0000066 seconds
2020-04-30T01:43:13.315+0700: 8485.534: Total time for which application threads were stopped: 0.0000572 seconds, Stopping threads took: 0.0000088 seconds
2020-04-30T01:43:13.315+0700: 8485.534: Total time for which application threads were stopped: 0.0000435 seconds, Stopping threads took: 0.0000063 seconds
2020-04-30T01:43:13.315+0700: 8485.535: Total time for which application threads were stopped: 0.0000502 seconds, Stopping threads took: 0.0000092 seconds
2020-04-30T01:43:13.316+0700: 8485.535: Total time for which application threads were stopped: 0.0000683 seconds, Stopping threads took: 0.0000124 seconds
2020-04-30T01:43:13.316+0700: 8485.535: Total time for which application threads were stopped: 0.0000534 seconds, Stopping threads took: 0.0000069 seconds
2020-04-30T01:43:13.316+0700: 8485.535: Total time for which application threads were stopped: 0.0000561 seconds, Stopping threads took: 0.0000096 seconds
2020-04-30T01:43:13.320+0700: 8485.539: Total time for which application threads were stopped: 0.0001066 seconds, Stopping threads took: 0.0000164 seconds
2020-04-30T01:43:13.324+0700: 8485.543: Total time for which application threads were stopped: 0.0000911 seconds, Stopping threads took: 0.0000167 seconds
2020-04-30T01:43:13.327+0700: 8485.547: Total time for which application threads were stopped: 0.0000877 seconds, Stopping threads took: 0.0000145 seconds
2020-04-30T01:43:13.349+0700: 8485.568: Total time for which application threads were stopped: 0.0001150 seconds, Stopping threads took: 0.0000185 seconds
2020-04-30T01:43:32.239+0700: 8504.458: Total time for which application threads were stopped: 0.0001495 seconds, Stopping threads took: 0.0000272 seconds
2020-04-30T01:43:32.248+0700: 8504.467: Total time for which application threads were stopped: 0.0001383 seconds, Stopping threads took: 0.0000278 seconds
2020-04-30T01:43:32.248+0700: 8504.467: Total time for which application threads were stopped: 0.0000934 seconds, Stopping threads took: 0.0000125 seconds
2020-04-30T01:43:32.248+0700: 8504.467: Total time for which application threads were stopped: 0.0000518 seconds, Stopping threads took: 0.0000081 seconds
2020-04-30T01:43:32.248+0700: 8504.467: Total time for which application threads were stopped: 0.0000732 seconds, Stopping threads took: 0.0000102 seconds
2020-04-30T01:44:09.962+0700: 8542.180: Total time for which application threads were stopped: 0.0001897 seconds, Stopping threads took: 0.0000534 seconds
2020-04-30T01:44:21.397+0700: 8553.615: Total time for which application threads were stopped: 0.0001154 seconds, Stopping threads took: 0.0000199 seconds
2020-04-30T01:44:21.398+0700: 8553.616: Total time for which application threads were stopped: 0.0001524 seconds, Stopping threads took: 0.0000134 seconds
2020-04-30T01:44:21.398+0700: 8553.616: Total time for which application threads were stopped: 0.0001175 seconds, Stopping threads took: 0.0000084 seconds
2020-04-30T01:44:21.399+0700: 8553.616: Total time for which application threads were stopped: 0.0000806 seconds, Stopping threads took: 0.0000148 seconds
2020-04-30T01:44:21.399+0700: 8553.617: Total time for which application threads were stopped: 0.0000671 seconds, Stopping threads took: 0.0000057 seconds
2020-04-30T01:44:30.055+0700: 8562.273: Total time for which application threads were stopped: 0.0001034 seconds, Stopping threads took: 0.0000185 seconds
2020-04-30T01:44:35.887+0700: 8568.104: Total time for which application threads were stopped: 0.0002188 seconds, Stopping threads took: 0.0000487 seconds
2020-04-30T01:44:35.887+0700: 8568.104: Total time for which application threads were stopped: 0.0000849 seconds, Stopping threads took: 0.0000086 seconds
2020-04-30T01:44:35.887+0700: 8568.104: Total time for which application threads were stopped: 0.0001020 seconds, Stopping threads took: 0.0000113 seconds
2020-04-30T01:44:35.887+0700: 8568.105: Total time for which application threads were stopped: 0.0000805 seconds, Stopping threads took: 0.0000074 seconds
2020-04-30T01:44:46.589+0700: 8578.806: Total time for which application threads were stopped: 0.0001138 seconds, Stopping threads took: 0.0000185 seconds
2020-04-30T01:44:51.175+0700: 8583.392: Total time for which application threads were stopped: 0.0001657 seconds, Stopping threads took: 0.0000223 seconds
2020-04-30T01:44:51.175+0700: 8583.393: Total time for which application threads were stopped: 0.0000860 seconds, Stopping threads took: 0.0000095 seconds
2020-04-30T01:44:51.175+0700: 8583.393: Total time for which application threads were stopped: 0.0000637 seconds, Stopping threads took: 0.0000069 seconds
2020-04-30T01:44:51.176+0700: 8583.394: Total time for which application threads were stopped: 0.0000796 seconds, Stopping threads took: 0.0000077 seconds
2020-04-30T01:45:02.956+0700: 8595.173: Total time for which application threads were stopped: 0.0002352 seconds, Stopping threads took: 0.0000175 seconds
2020-04-30T01:45:02.957+0700: 8595.174: Total time for which application threads were stopped: 0.0001176 seconds, Stopping threads took: 0.0000294 seconds
2020-04-30T01:45:12.259+0700: 8604.476: Total time for which application threads were stopped: 0.0001777 seconds, Stopping threads took: 0.0000226 seconds
2020-04-30T01:45:12.260+0700: 8604.476: Total time for which application threads were stopped: 0.0000980 seconds, Stopping threads took: 0.0000094 seconds
2020-04-30T01:45:12.260+0700: 8604.476: Total time for which application threads were stopped: 0.0000731 seconds, Stopping threads took: 0.0000075 seconds
2020-04-30T01:45:12.260+0700: 8604.477: Total time for which application threads were stopped: 0.0000572 seconds, Stopping threads took: 0.0000049 seconds
{Heap before GC invocations=23 (full 0):
 garbage-first heap   total 524288K, used 360064K [0x00000007a0000000, 0x00000007a0101000, 0x00000007c0000000)
  region size 1024K, 307 young (314368K), 23 survivors (23552K)
 Metaspace       used 53713K, capacity 55904K, committed 56136K, reserved 1099776K
  class space    used 6211K, capacity 6635K, committed 6732K, reserved 1048576K
2020-04-30T01:45:25.263+0700: 8617.480: [GC pause (G1 Evacuation Pause) (young)
Desired survivor size 20447232 bytes, new threshold 15 (max 15)
- age   1:    5328224 bytes,    5328224 total
- age   2:     426968 bytes,    5755192 total
- age   3:      46640 bytes,    5801832 total
- age   4:    1344576 bytes,    7146408 total
- age   5:    1685616 bytes,    8832024 total
- age   6:    3073320 bytes,   11905344 total
- age   7:     427728 bytes,   12333072 total
- age   8:      62496 bytes,   12395568 total
- age   9:      30920 bytes,   12426488 total
- age  10:      34672 bytes,   12461160 total
- age  11:     927472 bytes,   13388632 total
- age  12:     511240 bytes,   13899872 total
- age  13:    5243096 bytes,   19142968 total
, 0.0126052 secs]
   [Parallel Time: 9.6 ms, GC Workers: 8]
      [GC Worker Start (ms): Min: 8617479.9, Avg: 8617479.9, Max: 8617480.3, Diff: 0.5]
      [Ext Root Scanning (ms): Min: 0.0, Avg: 0.5, Max: 1.5, Diff: 1.5, Sum: 3.6]
      [Update RS (ms): Min: 0.0, Avg: 0.4, Max: 0.7, Diff: 0.7, Sum: 3.4]
         [Processed Buffers: Min: 0, Avg: 3.1, Max: 18, Diff: 18, Sum: 25]
      [Scan RS (ms): Min: 0.0, Avg: 0.0, Max: 0.1, Diff: 0.0, Sum: 0.2]
      [Code Root Scanning (ms): Min: 0.0, Avg: 0.7, Max: 1.5, Diff: 1.5, Sum: 5.6]
      [Object Copy (ms): Min: 7.1, Avg: 7.8, Max: 8.5, Diff: 1.4, Sum: 62.4]
      [Termination (ms): Min: 0.0, Avg: 0.0, Max: 0.0, Diff: 0.0, Sum: 0.1]
         [Termination Attempts: Min: 1, Avg: 1.0, Max: 1, Diff: 0, Sum: 8]
      [GC Worker Other (ms): Min: 0.0, Avg: 0.0, Max: 0.0, Diff: 0.0, Sum: 0.2]
      [GC Worker Total (ms): Min: 9.0, Avg: 9.4, Max: 9.5, Diff: 0.5, Sum: 75.5]
      [GC Worker End (ms): Min: 8617489.4, Avg: 8617489.4, Max: 8617489.4, Diff: 0.0]
   [Code Root Fixup: 0.1 ms]
   [Code Root Purge: 0.0 ms]
   [Clear CT: 0.1 ms]
   [Other: 2.8 ms]
      [Choose CSet: 0.0 ms]
      [Ref Proc: 2.3 ms]
      [Ref Enq: 0.1 ms]
      [Redirty Cards: 0.1 ms]
      [Humongous Register: 0.0 ms]
      [Humongous Reclaim: 0.0 ms]
      [Free CSet: 0.2 ms]
   [Eden: 284.0M(284.0M)->0.0B(282.0M) Survivors: 23.0M->25.0M Heap: 351.6M(512.0M)->69.1M(512.0M)]
Heap after GC invocations=24 (full 0):
 garbage-first heap   total 524288K, used 70784K [0x00000007a0000000, 0x00000007a0101000, 0x00000007c0000000)
  region size 1024K, 25 young (25600K), 25 survivors (25600K)
 Metaspace       used 53713K, capacity 55904K, committed 56136K, reserved 1099776K
  class space    used 6211K, capacity 6635K, committed 6732K, reserved 1048576K
}
 [Times: user=0.05 sys=0.02, real=0.01 secs] 
2020-04-30T01:45:25.276+0700: 8617.492: Total time for which application threads were stopped: 0.0129357 seconds, Stopping threads took: 0.0000396 seconds
2020-04-30T01:45:25.276+0700: 8617.493: Total time for which application threads were stopped: 0.0002961 seconds, Stopping threads took: 0.0000779 seconds
2020-04-30T01:45:25.283+0700: 8617.500: Total time for which application threads were stopped: 0.0000890 seconds, Stopping threads took: 0.0000142 seconds
2020-04-30T01:45:26.288+0700: 8618.504: Total time for which application threads were stopped: 0.0001225 seconds, Stopping threads took: 0.0000270 seconds
2020-04-30T01:45:34.728+0700: 8626.945: Total time for which application threads were stopped: 0.0001669 seconds, Stopping threads took: 0.0000221 seconds
2020-04-30T01:45:34.728+0700: 8626.945: Total time for which application threads were stopped: 0.0000874 seconds, Stopping threads took: 0.0000097 seconds
2020-04-30T01:45:34.729+0700: 8626.945: Total time for which application threads were stopped: 0.0000702 seconds, Stopping threads took: 0.0000079 seconds
2020-04-30T01:45:34.729+0700: 8626.945: Total time for which application threads were stopped: 0.0000553 seconds, Stopping threads took: 0.0000045 seconds
2020-04-30T01:45:35.860+0700: 8628.076: Total time for which application threads were stopped: 0.0001428 seconds, Stopping threads took: 0.0000233 seconds
2020-04-30T01:45:35.866+0700: 8628.082: Total time for which application threads were stopped: 0.0001555 seconds, Stopping threads took: 0.0000313 seconds
2020-04-30T01:45:35.866+0700: 8628.083: Total time for which application threads were stopped: 0.0001266 seconds, Stopping threads took: 0.0000161 seconds
2020-04-30T01:45:35.867+0700: 8628.083: Total time for which application threads were stopped: 0.0002716 seconds, Stopping threads took: 0.0001512 seconds
2020-04-30T01:45:35.867+0700: 8628.084: Total time for which application threads were stopped: 0.0001303 seconds, Stopping threads took: 0.0000174 seconds
2020-04-30T01:45:35.870+0700: 8628.086: Total time for which application threads were stopped: 0.0006620 seconds, Stopping threads took: 0.0001341 seconds
2020-04-30T01:45:35.871+0700: 8628.087: Total time for which application threads were stopped: 0.0001361 seconds, Stopping threads took: 0.0000170 seconds
2020-04-30T01:45:35.871+0700: 8628.087: Total time for which application threads were stopped: 0.0001119 seconds, Stopping threads took: 0.0000124 seconds
2020-04-30T01:45:35.871+0700: 8628.087: Total time for which application threads were stopped: 0.0000880 seconds, Stopping threads took: 0.0000099 seconds
2020-04-30T01:45:35.871+0700: 8628.088: Total time for which application threads were stopped: 0.0002879 seconds, Stopping threads took: 0.0000105 seconds
2020-04-30T01:45:43.316+0700: 8635.532: Total time for which application threads were stopped: 0.0001113 seconds, Stopping threads took: 0.0000188 seconds
2020-04-30T01:45:52.450+0700: 8644.666: Total time for which application threads were stopped: 0.0001614 seconds, Stopping threads took: 0.0000218 seconds
2020-04-30T01:45:52.450+0700: 8644.666: Total time for which application threads were stopped: 0.0000827 seconds, Stopping threads took: 0.0000086 seconds
2020-04-30T01:45:52.450+0700: 8644.666: Total time for which application threads were stopped: 0.0000597 seconds, Stopping threads took: 0.0000068 seconds
2020-04-30T01:45:52.450+0700: 8644.666: Total time for which application threads were stopped: 0.0000753 seconds, Stopping threads took: 0.0000087 seconds
2020-04-30T01:45:52.457+0700: 8644.673: Total time for which application threads were stopped: 0.0001386 seconds, Stopping threads took: 0.0000170 seconds
2020-04-30T01:45:52.465+0700: 8644.681: Total time for which application threads were stopped: 0.0001616 seconds, Stopping threads took: 0.0000497 seconds
2020-04-30T01:45:52.469+0700: 8644.685: Total time for which application threads were stopped: 0.0003836 seconds, Stopping threads took: 0.0001303 seconds
2020-04-30T01:45:53.473+0700: 8645.689: Total time for which application threads were stopped: 0.0001555 seconds, Stopping threads took: 0.0000283 seconds
2020-04-30T01:46:02.082+0700: 8654.297: Total time for which application threads were stopped: 0.0001768 seconds, Stopping threads took: 0.0000319 seconds
2020-04-30T01:46:02.082+0700: 8654.298: Total time for which application threads were stopped: 0.0001515 seconds, Stopping threads took: 0.0000256 seconds
2020-04-30T01:46:02.082+0700: 8654.298: Total time for which application threads were stopped: 0.0001526 seconds, Stopping threads took: 0.0000245 seconds
2020-04-30T01:46:02.082+0700: 8654.298: Total time for which application threads were stopped: 0.0000881 seconds, Stopping threads took: 0.0000197 seconds
2020-04-30T01:46:03.087+0700: 8655.303: Total time for which application threads were stopped: 0.0001605 seconds, Stopping threads took: 0.0000301 seconds
2020-04-30T01:46:13.377+0700: 8665.592: Total time for which application threads were stopped: 0.0002185 seconds, Stopping threads took: 0.0000602 seconds
2020-04-30T01:46:13.378+0700: 8665.593: Total time for which application threads were stopped: 0.0001674 seconds, Stopping threads took: 0.0000229 seconds
2020-04-30T01:46:13.380+0700: 8665.595: Total time for which application threads were stopped: 0.0001085 seconds, Stopping threads took: 0.0000320 seconds
2020-04-30T01:46:13.383+0700: 8665.598: Total time for which application threads were stopped: 0.0001424 seconds, Stopping threads took: 0.0000376 seconds
2020-04-30T01:46:13.383+0700: 8665.599: Total time for which application threads were stopped: 0.0001466 seconds, Stopping threads took: 0.0000349 seconds
2020-04-30T01:46:13.383+0700: 8665.599: Total time for which application threads were stopped: 0.0000967 seconds, Stopping threads took: 0.0000307 seconds
2020-04-30T01:46:13.383+0700: 8665.599: Total time for which application threads were stopped: 0.0001178 seconds, Stopping threads took: 0.0000289 seconds
2020-04-30T01:46:13.384+0700: 8665.599: Total time for which application threads were stopped: 0.0001015 seconds, Stopping threads took: 0.0000283 seconds
2020-04-30T01:46:13.384+0700: 8665.600: Total time for which application threads were stopped: 0.0001493 seconds, Stopping threads took: 0.0000166 seconds
2020-04-30T01:46:13.385+0700: 8665.600: Total time for which application threads were stopped: 0.0001081 seconds, Stopping threads took: 0.0000127 seconds
2020-04-30T01:46:13.673+0700: 8665.888: Total time for which application threads were stopped: 0.0001171 seconds, Stopping threads took: 0.0000203 seconds
2020-04-30T01:46:13.684+0700: 8665.900: Total time for which application threads were stopped: 0.0002409 seconds, Stopping threads took: 0.0000239 seconds
2020-04-30T01:46:13.684+0700: 8665.900: Total time for which application threads were stopped: 0.0001588 seconds, Stopping threads took: 0.0000344 seconds
2020-04-30T01:46:13.685+0700: 8665.900: Total time for which application threads were stopped: 0.0001735 seconds, Stopping threads took: 0.0000506 seconds
2020-04-30T01:46:13.685+0700: 8665.901: Total time for which application threads were stopped: 0.0001376 seconds, Stopping threads took: 0.0000446 seconds
2020-04-30T01:46:13.686+0700: 8665.901: Total time for which application threads were stopped: 0.0001312 seconds, Stopping threads took: 0.0000269 seconds
2020-04-30T01:46:13.725+0700: 8665.941: Total time for which application threads were stopped: 0.0001181 seconds, Stopping threads took: 0.0000329 seconds
2020-04-30T01:46:13.818+0700: 8666.034: Total time for which application threads were stopped: 0.0001041 seconds, Stopping threads took: 0.0000187 seconds
2020-04-30T01:46:13.823+0700: 8666.038: Total time for which application threads were stopped: 0.0001997 seconds, Stopping threads took: 0.0000155 seconds
2020-04-30T01:46:15.729+0700: 8667.945: Total time for which application threads were stopped: 0.0001721 seconds, Stopping threads took: 0.0000400 seconds
2020-04-30T01:46:15.733+0700: 8667.948: Total time for which application threads were stopped: 0.0002484 seconds, Stopping threads took: 0.0000602 seconds
2020-04-30T01:46:15.733+0700: 8667.948: Total time for which application threads were stopped: 0.0001249 seconds, Stopping threads took: 0.0000450 seconds
2020-04-30T01:46:15.733+0700: 8667.948: Total time for which application threads were stopped: 0.0000998 seconds, Stopping threads took: 0.0000097 seconds
2020-04-30T01:46:15.733+0700: 8667.949: Total time for which application threads were stopped: 0.0001482 seconds, Stopping threads took: 0.0000111 seconds
2020-04-30T01:46:15.733+0700: 8667.949: Total time for which application threads were stopped: 0.0000921 seconds, Stopping threads took: 0.0000204 seconds
2020-04-30T01:46:15.734+0700: 8667.949: Total time for which application threads were stopped: 0.0000851 seconds, Stopping threads took: 0.0000108 seconds
2020-04-30T01:46:15.734+0700: 8667.949: Total time for which application threads were stopped: 0.0000893 seconds, Stopping threads took: 0.0000109 seconds
2020-04-30T01:46:15.734+0700: 8667.950: Total time for which application threads were stopped: 0.0000871 seconds, Stopping threads took: 0.0000103 seconds
2020-04-30T01:46:15.734+0700: 8667.950: Total time for which application threads were stopped: 0.0001746 seconds, Stopping threads took: 0.0001184 seconds
2020-04-30T01:46:15.734+0700: 8667.950: Total time for which application threads were stopped: 0.0000857 seconds, Stopping threads took: 0.0000224 seconds
2020-04-30T01:46:15.735+0700: 8667.950: Total time for which application threads were stopped: 0.0001673 seconds, Stopping threads took: 0.0000401 seconds
2020-04-30T01:46:15.735+0700: 8667.950: Total time for which application threads were stopped: 0.0000924 seconds, Stopping threads took: 0.0000194 seconds
2020-04-30T01:46:15.735+0700: 8667.950: Total time for which application threads were stopped: 0.0001525 seconds, Stopping threads took: 0.0000676 seconds
2020-04-30T01:46:15.735+0700: 8667.951: Total time for which application threads were stopped: 0.0001768 seconds, Stopping threads took: 0.0000928 seconds
2020-04-30T01:46:15.735+0700: 8667.951: Total time for which application threads were stopped: 0.0001251 seconds, Stopping threads took: 0.0000648 seconds
2020-04-30T01:46:22.787+0700: 8675.003: Total time for which application threads were stopped: 0.0001876 seconds, Stopping threads took: 0.0000226 seconds
2020-04-30T01:46:22.788+0700: 8675.003: Total time for which application threads were stopped: 0.0000919 seconds, Stopping threads took: 0.0000119 seconds
2020-04-30T01:46:22.788+0700: 8675.003: Total time for which application threads were stopped: 0.0000716 seconds, Stopping threads took: 0.0000085 seconds
2020-04-30T01:46:22.788+0700: 8675.003: Total time for which application threads were stopped: 0.0000522 seconds, Stopping threads took: 0.0000045 seconds
2020-04-30T01:46:32.254+0700: 8684.469: Total time for which application threads were stopped: 0.0001087 seconds, Stopping threads took: 0.0000192 seconds
2020-04-30T01:46:32.260+0700: 8684.475: Total time for which application threads were stopped: 0.0001347 seconds, Stopping threads took: 0.0000310 seconds
2020-04-30T01:46:32.266+0700: 8684.481: Total time for which application threads were stopped: 0.0001340 seconds, Stopping threads took: 0.0000305 seconds
2020-04-30T01:46:39.626+0700: 8691.841: Total time for which application threads were stopped: 0.0001750 seconds, Stopping threads took: 0.0000233 seconds
2020-04-30T01:46:39.627+0700: 8691.841: Total time for which application threads were stopped: 0.0000999 seconds, Stopping threads took: 0.0000108 seconds
2020-04-30T01:46:39.627+0700: 8691.842: Total time for which application threads were stopped: 0.0001069 seconds, Stopping threads took: 0.0000081 seconds
2020-04-30T01:46:39.627+0700: 8691.842: Total time for which application threads were stopped: 0.0001016 seconds, Stopping threads took: 0.0000063 seconds
2020-04-30T01:46:50.377+0700: 8702.592: Total time for which application threads were stopped: 0.0002865 seconds, Stopping threads took: 0.0000329 seconds
2020-04-30T01:46:55.963+0700: 8708.178: Total time for which application threads were stopped: 0.0001527 seconds, Stopping threads took: 0.0000212 seconds
2020-04-30T01:46:55.963+0700: 8708.178: Total time for which application threads were stopped: 0.0001127 seconds, Stopping threads took: 0.0000179 seconds
2020-04-30T01:46:55.963+0700: 8708.178: Total time for which application threads were stopped: 0.0000893 seconds, Stopping threads took: 0.0000070 seconds
2020-04-30T01:46:55.964+0700: 8708.178: Total time for which application threads were stopped: 0.0000671 seconds, Stopping threads took: 0.0000063 seconds
2020-04-30T01:47:06.393+0700: 8718.607: Total time for which application threads were stopped: 0.0001440 seconds, Stopping threads took: 0.0000214 seconds
2020-04-30T01:47:06.393+0700: 8718.607: Total time for which application threads were stopped: 0.0000598 seconds, Stopping threads took: 0.0000050 seconds
2020-04-30T01:47:14.865+0700: 8727.079: Total time for which application threads were stopped: 0.0001868 seconds, Stopping threads took: 0.0000222 seconds
2020-04-30T01:47:14.865+0700: 8727.079: Total time for which application threads were stopped: 0.0001051 seconds, Stopping threads took: 0.0000088 seconds
2020-04-30T01:47:14.865+0700: 8727.079: Total time for which application threads were stopped: 0.0000848 seconds, Stopping threads took: 0.0000108 seconds
2020-04-30T01:47:14.865+0700: 8727.080: Total time for which application threads were stopped: 0.0000719 seconds, Stopping threads took: 0.0000077 seconds
2020-04-30T01:47:27.575+0700: 8739.789: Total time for which application threads were stopped: 0.0002394 seconds, Stopping threads took: 0.0000485 seconds
2020-04-30T01:47:27.575+0700: 8739.789: Total time for which application threads were stopped: 0.0000922 seconds, Stopping threads took: 0.0000087 seconds
2020-04-30T01:47:27.575+0700: 8739.789: Total time for which application threads were stopped: 0.0000676 seconds, Stopping threads took: 0.0000074 seconds
2020-04-30T01:47:27.575+0700: 8739.789: Total time for which application threads were stopped: 0.0000541 seconds, Stopping threads took: 0.0000043 seconds
2020-04-30T01:47:34.597+0700: 8746.811: Total time for which application threads were stopped: 0.0001868 seconds, Stopping threads took: 0.0000271 seconds
2020-04-30T01:47:44.205+0700: 8756.418: Total time for which application threads were stopped: 0.0002139 seconds, Stopping threads took: 0.0000226 seconds
2020-04-30T01:47:44.205+0700: 8756.418: Total time for which application threads were stopped: 0.0002555 seconds, Stopping threads took: 0.0000181 seconds
2020-04-30T01:47:44.205+0700: 8756.419: Total time for which application threads were stopped: 0.0000739 seconds, Stopping threads took: 0.0000086 seconds
2020-04-30T01:47:44.205+0700: 8756.419: Total time for which application threads were stopped: 0.0000504 seconds, Stopping threads took: 0.0000044 seconds
2020-04-30T01:47:46.537+0700: 8758.751: Total time for which application threads were stopped: 0.0001795 seconds, Stopping threads took: 0.0000342 seconds
2020-04-30T01:47:48.545+0700: 8760.759: Total time for which application threads were stopped: 0.0001575 seconds, Stopping threads took: 0.0000345 seconds
2020-04-30T01:47:54.565+0700: 8766.778: Total time for which application threads were stopped: 0.0001281 seconds, Stopping threads took: 0.0000372 seconds
2020-04-30T01:47:54.744+0700: 8766.957: Total time for which application threads were stopped: 0.0001248 seconds, Stopping threads took: 0.0000213 seconds
2020-04-30T01:47:54.744+0700: 8766.957: Total time for which application threads were stopped: 0.0000620 seconds, Stopping threads took: 0.0000072 seconds
2020-04-30T01:48:00.932+0700: 8773.145: Total time for which application threads were stopped: 0.0001772 seconds, Stopping threads took: 0.0000260 seconds
2020-04-30T01:48:00.932+0700: 8773.145: Total time for which application threads were stopped: 0.0000882 seconds, Stopping threads took: 0.0000091 seconds
2020-04-30T01:48:00.932+0700: 8773.145: Total time for which application threads were stopped: 0.0000685 seconds, Stopping threads took: 0.0000077 seconds
2020-04-30T01:48:00.932+0700: 8773.146: Total time for which application threads were stopped: 0.0000570 seconds, Stopping threads took: 0.0000049 seconds
2020-04-30T01:48:13.977+0700: 8786.190: Total time for which application threads were stopped: 0.0002648 seconds, Stopping threads took: 0.0000340 seconds
2020-04-30T01:48:17.074+0700: 8789.287: Total time for which application threads were stopped: 0.0003782 seconds, Stopping threads took: 0.0000315 seconds
2020-04-30T01:48:17.074+0700: 8789.287: Total time for which application threads were stopped: 0.0001190 seconds, Stopping threads took: 0.0000119 seconds
2020-04-30T01:48:17.074+0700: 8789.287: Total time for which application threads were stopped: 0.0000857 seconds, Stopping threads took: 0.0000085 seconds
2020-04-30T01:48:17.074+0700: 8789.287: Total time for which application threads were stopped: 0.0000837 seconds, Stopping threads took: 0.0000166 seconds
2020-04-30T01:48:22.136+0700: 8794.349: Total time for which application threads were stopped: 0.0001814 seconds, Stopping threads took: 0.0000345 seconds
2020-04-30T01:48:32.391+0700: 8804.604: Total time for which application threads were stopped: 0.0001449 seconds, Stopping threads took: 0.0000185 seconds
2020-04-30T01:48:32.391+0700: 8804.604: Total time for which application threads were stopped: 0.0000749 seconds, Stopping threads took: 0.0000071 seconds
2020-04-30T01:48:32.392+0700: 8804.604: Total time for which application threads were stopped: 0.0001799 seconds, Stopping threads took: 0.0000064 seconds
2020-04-30T01:48:32.392+0700: 8804.604: Total time for which application threads were stopped: 0.0001652 seconds, Stopping threads took: 0.0000037 seconds
2020-04-30T01:48:41.092+0700: 8813.305: Total time for which application threads were stopped: 0.0001579 seconds, Stopping threads took: 0.0000238 seconds
2020-04-30T01:48:41.092+0700: 8813.305: Total time for which application threads were stopped: 0.0000543 seconds, Stopping threads took: 0.0000046 seconds
2020-04-30T01:48:44.502+0700: 8816.714: Total time for which application threads were stopped: 0.0001642 seconds, Stopping threads took: 0.0000207 seconds
2020-04-30T01:48:44.502+0700: 8816.714: Total time for which application threads were stopped: 0.0001675 seconds, Stopping threads took: 0.0000524 seconds
2020-04-30T01:48:45.506+0700: 8817.718: Total time for which application threads were stopped: 0.0001287 seconds, Stopping threads took: 0.0000324 seconds
2020-04-30T01:48:51.804+0700: 8824.016: Total time for which application threads were stopped: 0.0001083 seconds, Stopping threads took: 0.0000175 seconds
2020-04-30T01:48:51.804+0700: 8824.016: Total time for which application threads were stopped: 0.0000564 seconds, Stopping threads took: 0.0000074 seconds
2020-04-30T01:48:51.804+0700: 8824.016: Total time for which application threads were stopped: 0.0000792 seconds, Stopping threads took: 0.0000103 seconds
2020-04-30T01:48:51.804+0700: 8824.016: Total time for which application threads were stopped: 0.0000416 seconds, Stopping threads took: 0.0000062 seconds
2020-04-30T01:48:51.804+0700: 8824.017: Total time for which application threads were stopped: 0.0000395 seconds, Stopping threads took: 0.0000057 seconds
2020-04-30T01:48:51.804+0700: 8824.017: Total time for which application threads were stopped: 0.0000388 seconds, Stopping threads took: 0.0000054 seconds
2020-04-30T01:48:51.805+0700: 8824.017: Total time for which application threads were stopped: 0.0000383 seconds, Stopping threads took: 0.0000052 seconds
2020-04-30T01:48:51.805+0700: 8824.017: Total time for which application threads were stopped: 0.0000428 seconds, Stopping threads took: 0.0000060 seconds
2020-04-30T01:48:51.805+0700: 8824.017: Total time for which application threads were stopped: 0.0000400 seconds, Stopping threads took: 0.0000053 seconds
2020-04-30T01:48:51.805+0700: 8824.017: Total time for which application threads were stopped: 0.0000387 seconds, Stopping threads took: 0.0000054 seconds
2020-04-30T01:48:51.805+0700: 8824.017: Total time for which application threads were stopped: 0.0000879 seconds, Stopping threads took: 0.0000056 seconds
2020-04-30T01:48:51.805+0700: 8824.017: Total time for which application threads were stopped: 0.0000407 seconds, Stopping threads took: 0.0000062 seconds
2020-04-30T01:48:51.805+0700: 8824.017: Total time for which application threads were stopped: 0.0000417 seconds, Stopping threads took: 0.0000053 seconds
2020-04-30T01:48:51.805+0700: 8824.017: Total time for which application threads were stopped: 0.0000416 seconds, Stopping threads took: 0.0000055 seconds
2020-04-30T01:48:51.805+0700: 8824.017: Total time for which application threads were stopped: 0.0000384 seconds, Stopping threads took: 0.0000054 seconds
2020-04-30T01:48:51.903+0700: 8824.115: Total time for which application threads were stopped: 0.0001669 seconds, Stopping threads took: 0.0000231 seconds
2020-04-30T01:48:51.903+0700: 8824.115: Total time for which application threads were stopped: 0.0000905 seconds, Stopping threads took: 0.0000099 seconds
2020-04-30T01:48:51.903+0700: 8824.115: Total time for which application threads were stopped: 0.0000687 seconds, Stopping threads took: 0.0000077 seconds
2020-04-30T01:48:51.903+0700: 8824.116: Total time for which application threads were stopped: 0.0000764 seconds, Stopping threads took: 0.0000102 seconds
2020-04-30T01:49:04.482+0700: 8836.694: Total time for which application threads were stopped: 0.0001176 seconds, Stopping threads took: 0.0000348 seconds
2020-04-30T01:49:04.487+0700: 8836.699: Total time for which application threads were stopped: 0.0000997 seconds, Stopping threads took: 0.0000317 seconds
2020-04-30T01:49:12.763+0700: 8844.975: Total time for which application threads were stopped: 0.0002195 seconds, Stopping threads took: 0.0000217 seconds
2020-04-30T01:49:12.764+0700: 8844.975: Total time for which application threads were stopped: 0.0000920 seconds, Stopping threads took: 0.0000094 seconds
2020-04-30T01:49:12.764+0700: 8844.975: Total time for which application threads were stopped: 0.0000660 seconds, Stopping threads took: 0.0000076 seconds
2020-04-30T01:49:12.764+0700: 8844.975: Total time for which application threads were stopped: 0.0000507 seconds, Stopping threads took: 0.0000042 seconds
2020-04-30T01:49:31.213+0700: 8863.424: Total time for which application threads were stopped: 0.0001730 seconds, Stopping threads took: 0.0000192 seconds
2020-04-30T01:49:31.213+0700: 8863.425: Total time for which application threads were stopped: 0.0000964 seconds, Stopping threads took: 0.0000092 seconds
2020-04-30T01:49:31.213+0700: 8863.425: Total time for which application threads were stopped: 0.0000661 seconds, Stopping threads took: 0.0000071 seconds
2020-04-30T01:49:31.214+0700: 8863.425: Total time for which application threads were stopped: 0.0000481 seconds, Stopping threads took: 0.0000049 seconds
2020-04-30T01:49:39.304+0700: 8871.515: Total time for which application threads were stopped: 0.0001099 seconds, Stopping threads took: 0.0000189 seconds
2020-04-30T01:49:39.304+0700: 8871.515: Total time for which application threads were stopped: 0.0000428 seconds, Stopping threads took: 0.0000038 seconds
2020-04-30T01:49:47.752+0700: 8879.963: Total time for which application threads were stopped: 0.0001496 seconds, Stopping threads took: 0.0000201 seconds
2020-04-30T01:49:47.753+0700: 8879.963: Total time for which application threads were stopped: 0.0001309 seconds, Stopping threads took: 0.0000074 seconds
2020-04-30T01:49:47.753+0700: 8879.964: Total time for which application threads were stopped: 0.0000793 seconds, Stopping threads took: 0.0000094 seconds
2020-04-30T01:49:47.753+0700: 8879.964: Total time for which application threads were stopped: 0.0000492 seconds, Stopping threads took: 0.0000038 seconds
2020-04-30T01:49:52.710+0700: 8884.920: Total time for which application threads were stopped: 0.0001486 seconds, Stopping threads took: 0.0000248 seconds
2020-04-30T01:49:53.036+0700: 8885.247: Total time for which application threads were stopped: 0.0001768 seconds, Stopping threads took: 0.0000336 seconds
2020-04-30T01:49:59.977+0700: 8892.188: Total time for which application threads were stopped: 0.0002255 seconds, Stopping threads took: 0.0000187 seconds
2020-04-30T01:50:11.124+0700: 8903.334: Total time for which application threads were stopped: 0.0001673 seconds, Stopping threads took: 0.0000219 seconds
2020-04-30T01:50:11.124+0700: 8903.334: Total time for which application threads were stopped: 0.0000822 seconds, Stopping threads took: 0.0000086 seconds
2020-04-30T01:50:11.124+0700: 8903.334: Total time for which application threads were stopped: 0.0000853 seconds, Stopping threads took: 0.0000115 seconds
2020-04-30T01:50:11.124+0700: 8903.334: Total time for which application threads were stopped: 0.0000583 seconds, Stopping threads took: 0.0000048 seconds
2020-04-30T01:50:19.603+0700: 8911.813: Total time for which application threads were stopped: 0.0001422 seconds, Stopping threads took: 0.0000175 seconds
2020-04-30T01:50:27.562+0700: 8919.772: Total time for which application threads were stopped: 0.0001668 seconds, Stopping threads took: 0.0000230 seconds
2020-04-30T01:50:27.562+0700: 8919.772: Total time for which application threads were stopped: 0.0000705 seconds, Stopping threads took: 0.0000070 seconds
2020-04-30T01:50:27.562+0700: 8919.772: Total time for which application threads were stopped: 0.0000652 seconds, Stopping threads took: 0.0000071 seconds
2020-04-30T01:50:27.562+0700: 8919.772: Total time for which application threads were stopped: 0.0000527 seconds, Stopping threads took: 0.0000044 seconds
2020-04-30T01:50:36.153+0700: 8928.363: Total time for which application threads were stopped: 0.0002440 seconds, Stopping threads took: 0.0000199 seconds
2020-04-30T01:50:36.155+0700: 8928.365: Total time for which application threads were stopped: 0.0001014 seconds, Stopping threads took: 0.0000153 seconds
2020-04-30T01:50:42.038+0700: 8934.248: Total time for which application threads were stopped: 0.0001667 seconds, Stopping threads took: 0.0000212 seconds
2020-04-30T01:50:42.039+0700: 8934.248: Total time for which application threads were stopped: 0.0001177 seconds, Stopping threads took: 0.0000222 seconds
2020-04-30T01:50:42.039+0700: 8934.249: Total time for which application threads were stopped: 0.0000860 seconds, Stopping threads took: 0.0000117 seconds
2020-04-30T01:50:42.039+0700: 8934.249: Total time for which application threads were stopped: 0.0000791 seconds, Stopping threads took: 0.0000112 seconds
2020-04-30T01:50:53.752+0700: 8945.962: Total time for which application threads were stopped: 0.0002152 seconds, Stopping threads took: 0.0000522 seconds
2020-04-30T01:50:59.095+0700: 8951.304: Total time for which application threads were stopped: 0.0001786 seconds, Stopping threads took: 0.0000251 seconds
2020-04-30T01:50:59.095+0700: 8951.304: Total time for which application threads were stopped: 0.0000858 seconds, Stopping threads took: 0.0000087 seconds
2020-04-30T01:50:59.095+0700: 8951.304: Total time for which application threads were stopped: 0.0000669 seconds, Stopping threads took: 0.0000077 seconds
2020-04-30T01:50:59.095+0700: 8951.304: Total time for which application threads were stopped: 0.0000520 seconds, Stopping threads took: 0.0000042 seconds
2020-04-30T01:51:09.029+0700: 8961.238: Total time for which application threads were stopped: 0.0001073 seconds, Stopping threads took: 0.0000179 seconds
2020-04-30T01:51:13.512+0700: 8965.722: Total time for which application threads were stopped: 0.0001702 seconds, Stopping threads took: 0.0000221 seconds
2020-04-30T01:51:13.513+0700: 8965.722: Total time for which application threads were stopped: 0.0000888 seconds, Stopping threads took: 0.0000085 seconds
2020-04-30T01:51:13.513+0700: 8965.722: Total time for which application threads were stopped: 0.0000651 seconds, Stopping threads took: 0.0000076 seconds
2020-04-30T01:51:13.513+0700: 8965.722: Total time for which application threads were stopped: 0.0000503 seconds, Stopping threads took: 0.0000044 seconds
2020-04-30T01:51:26.019+0700: 8978.228: Total time for which application threads were stopped: 0.0001437 seconds, Stopping threads took: 0.0000274 seconds
2020-04-30T01:51:26.020+0700: 8978.229: Total time for which application threads were stopped: 0.0001497 seconds, Stopping threads took: 0.0000211 seconds
2020-04-30T01:51:26.021+0700: 8978.230: Total time for which application threads were stopped: 0.0001558 seconds, Stopping threads took: 0.0000485 seconds
2020-04-30T01:51:26.022+0700: 8978.231: Total time for which application threads were stopped: 0.0001139 seconds, Stopping threads took: 0.0000320 seconds
2020-04-30T01:51:27.026+0700: 8979.235: Total time for which application threads were stopped: 0.0001415 seconds, Stopping threads took: 0.0000297 seconds
2020-04-30T01:51:34.681+0700: 8986.890: Total time for which application threads were stopped: 0.0001632 seconds, Stopping threads took: 0.0000211 seconds
2020-04-30T01:51:34.681+0700: 8986.890: Total time for which application threads were stopped: 0.0000923 seconds, Stopping threads took: 0.0000090 seconds
2020-04-30T01:51:34.681+0700: 8986.890: Total time for which application threads were stopped: 0.0000658 seconds, Stopping threads took: 0.0000082 seconds
2020-04-30T01:51:34.682+0700: 8986.890: Total time for which application threads were stopped: 0.0000510 seconds, Stopping threads took: 0.0000042 seconds
2020-04-30T01:51:42.223+0700: 8994.431: Total time for which application threads were stopped: 0.0001153 seconds, Stopping threads took: 0.0000204 seconds
2020-04-30T01:51:42.224+0700: 8994.432: Total time for which application threads were stopped: 0.0000740 seconds, Stopping threads took: 0.0000126 seconds
2020-04-30T01:51:42.224+0700: 8994.432: Total time for which application threads were stopped: 0.0000453 seconds, Stopping threads took: 0.0000055 seconds
2020-04-30T01:51:42.224+0700: 8994.432: Total time for which application threads were stopped: 0.0000411 seconds, Stopping threads took: 0.0000054 seconds
2020-04-30T01:51:42.224+0700: 8994.433: Total time for which application threads were stopped: 0.0000370 seconds, Stopping threads took: 0.0000051 seconds
2020-04-30T01:51:42.224+0700: 8994.433: Total time for which application threads were stopped: 0.0000378 seconds, Stopping threads took: 0.0000052 seconds
2020-04-30T01:51:42.224+0700: 8994.433: Total time for which application threads were stopped: 0.0001854 seconds, Stopping threads took: 0.0000051 seconds
2020-04-30T01:51:42.236+0700: 8994.444: Total time for which application threads were stopped: 0.0001738 seconds, Stopping threads took: 0.0000628 seconds
2020-04-30T01:51:42.248+0700: 8994.456: Total time for which application threads were stopped: 0.0001104 seconds, Stopping threads took: 0.0000212 seconds
2020-04-30T01:51:56.211+0700: 9008.420: Total time for which application threads were stopped: 0.0001508 seconds, Stopping threads took: 0.0000224 seconds
2020-04-30T01:51:56.212+0700: 9008.420: Total time for which application threads were stopped: 0.0000755 seconds, Stopping threads took: 0.0000090 seconds
2020-04-30T01:51:56.212+0700: 9008.420: Total time for which application threads were stopped: 0.0000595 seconds, Stopping threads took: 0.0000073 seconds
2020-04-30T01:51:56.212+0700: 9008.420: Total time for which application threads were stopped: 0.0000470 seconds, Stopping threads took: 0.0000042 seconds
2020-04-30T01:51:57.926+0700: 9010.135: Total time for which application threads were stopped: 0.0002869 seconds, Stopping threads took: 0.0001086 seconds
2020-04-30T01:51:58.564+0700: 9010.773: Total time for which application threads were stopped: 0.0003274 seconds, Stopping threads took: 0.0000497 seconds
2020-04-30T01:51:58.565+0700: 9010.773: Total time for which application threads were stopped: 0.0002402 seconds, Stopping threads took: 0.0000588 seconds
2020-04-30T01:52:09.607+0700: 9021.815: Total time for which application threads were stopped: 0.0001890 seconds, Stopping threads took: 0.0000252 seconds
2020-04-30T01:52:09.608+0700: 9021.815: Total time for which application threads were stopped: 0.0000762 seconds, Stopping threads took: 0.0000078 seconds
2020-04-30T01:52:09.608+0700: 9021.816: Total time for which application threads were stopped: 0.0000710 seconds, Stopping threads took: 0.0000081 seconds
2020-04-30T01:52:09.608+0700: 9021.816: Total time for which application threads were stopped: 0.0000571 seconds, Stopping threads took: 0.0000048 seconds
2020-04-30T01:52:18.926+0700: 9031.133: Total time for which application threads were stopped: 0.0001838 seconds, Stopping threads took: 0.0000340 seconds
{Heap before GC invocations=24 (full 0):
 garbage-first heap   total 524288K, used 359552K [0x00000007a0000000, 0x00000007a0101000, 0x00000007c0000000)
  region size 1024K, 307 young (314368K), 25 survivors (25600K)
 Metaspace       used 53751K, capacity 55968K, committed 56136K, reserved 1099776K
  class space    used 6212K, capacity 6635K, committed 6732K, reserved 1048576K
2020-04-30T01:52:37.036+0700: 9049.244: [GC pause (G1 Evacuation Pause) (young)
Desired survivor size 20447232 bytes, new threshold 15 (max 15)
- age   1:    5344264 bytes,    5344264 total
- age   2:      59096 bytes,    5403360 total
- age   3:     363152 bytes,    5766512 total
- age   4:      23312 bytes,    5789824 total
- age   5:    1324248 bytes,    7114072 total
- age   6:    1664672 bytes,    8778744 total
- age   7:    3031000 bytes,   11809744 total
- age   8:     427688 bytes,   12237432 total
- age   9:      60848 bytes,   12298280 total
- age  10:      30656 bytes,   12328936 total
- age  11:      34672 bytes,   12363608 total
- age  12:     922800 bytes,   13286408 total
- age  13:     511240 bytes,   13797648 total
- age  14:    5243096 bytes,   19040744 total
, 0.0093790 secs]
   [Parallel Time: 6.3 ms, GC Workers: 8]
      [GC Worker Start (ms): Min: 9049243.7, Avg: 9049243.7, Max: 9049243.7, Diff: 0.0]
      [Ext Root Scanning (ms): Min: 0.2, Avg: 0.4, Max: 1.3, Diff: 1.0, Sum: 3.3]
      [Update RS (ms): Min: 0.0, Avg: 0.3, Max: 0.5, Diff: 0.5, Sum: 2.5]
         [Processed Buffers: Min: 0, Avg: 3.9, Max: 17, Diff: 17, Sum: 31]
      [Scan RS (ms): Min: 0.0, Avg: 0.0, Max: 0.1, Diff: 0.1, Sum: 0.2]
      [Code Root Scanning (ms): Min: 0.0, Avg: 0.6, Max: 1.4, Diff: 1.4, Sum: 5.1]
      [Object Copy (ms): Min: 4.2, Avg: 4.8, Max: 5.5, Diff: 1.2, Sum: 38.3]
      [Termination (ms): Min: 0.0, Avg: 0.0, Max: 0.0, Diff: 0.0, Sum: 0.1]
         [Termination Attempts: Min: 1, Avg: 2.8, Max: 5, Diff: 4, Sum: 22]
      [GC Worker Other (ms): Min: 0.0, Avg: 0.0, Max: 0.0, Diff: 0.0, Sum: 0.2]
      [GC Worker Total (ms): Min: 6.2, Avg: 6.2, Max: 6.2, Diff: 0.0, Sum: 49.7]
      [GC Worker End (ms): Min: 9049249.9, Avg: 9049249.9, Max: 9049249.9, Diff: 0.0]
   [Code Root Fixup: 0.1 ms]
   [Code Root Purge: 0.0 ms]
   [Clear CT: 0.1 ms]
   [Other: 2.8 ms]
      [Choose CSet: 0.0 ms]
      [Ref Proc: 2.2 ms]
      [Ref Enq: 0.1 ms]
      [Redirty Cards: 0.1 ms]
      [Humongous Register: 0.0 ms]
      [Humongous Reclaim: 0.0 ms]
      [Free CSet: 0.3 ms]
   [Eden: 282.0M(282.0M)->0.0B(280.0M) Survivors: 25.0M->27.0M Heap: 351.1M(512.0M)->71.6M(512.0M)]
Heap after GC invocations=25 (full 0):
 garbage-first heap   total 524288K, used 73344K [0x00000007a0000000, 0x00000007a0101000, 0x00000007c0000000)
  region size 1024K, 27 young (27648K), 27 survivors (27648K)
 Metaspace       used 53751K, capacity 55968K, committed 56136K, reserved 1099776K
  class space    used 6212K, capacity 6635K, committed 6732K, reserved 1048576K
}
 [Times: user=0.04 sys=0.01, real=0.01 secs] 
2020-04-30T01:52:37.046+0700: 9049.253: Total time for which application threads were stopped: 0.0096557 seconds, Stopping threads took: 0.0000201 seconds
2020-04-30T01:52:37.047+0700: 9049.254: Total time for which application threads were stopped: 0.0001559 seconds, Stopping threads took: 0.0000291 seconds
2020-04-30T01:52:37.052+0700: 9049.259: Total time for which application threads were stopped: 0.0000986 seconds, Stopping threads took: 0.0000304 seconds
2020-04-30T01:52:37.052+0700: 9049.259: Total time for which application threads were stopped: 0.0000667 seconds, Stopping threads took: 0.0000064 seconds
2020-04-30T01:52:37.052+0700: 9049.259: Total time for which application threads were stopped: 0.0000700 seconds, Stopping threads took: 0.0000243 seconds
2020-04-30T01:52:37.052+0700: 9049.259: Total time for which application threads were stopped: 0.0000803 seconds, Stopping threads took: 0.0000244 seconds
2020-04-30T01:52:44.979+0700: 9057.187: Total time for which application threads were stopped: 0.0001748 seconds, Stopping threads took: 0.0000258 seconds
2020-04-30T01:52:44.980+0700: 9057.187: Total time for which application threads were stopped: 0.0001249 seconds, Stopping threads took: 0.0000254 seconds
2020-04-30T01:52:44.980+0700: 9057.187: Total time for which application threads were stopped: 0.0000746 seconds, Stopping threads took: 0.0000090 seconds
2020-04-30T01:52:44.980+0700: 9057.187: Total time for which application threads were stopped: 0.0000557 seconds, Stopping threads took: 0.0000046 seconds
2020-04-30T01:52:57.858+0700: 9070.065: Total time for which application threads were stopped: 0.0001902 seconds, Stopping threads took: 0.0000410 seconds
2020-04-30T01:52:57.858+0700: 9070.065: Total time for which application threads were stopped: 0.0000591 seconds, Stopping threads took: 0.0000063 seconds
2020-04-30T01:52:57.866+0700: 9070.073: Total time for which application threads were stopped: 0.0000960 seconds, Stopping threads took: 0.0000138 seconds
2020-04-30T01:52:59.767+0700: 9071.974: Total time for which application threads were stopped: 0.0001455 seconds, Stopping threads took: 0.0000262 seconds
2020-04-30T01:52:59.771+0700: 9071.978: Total time for which application threads were stopped: 0.0002650 seconds, Stopping threads took: 0.0001246 seconds
2020-04-30T01:52:59.771+0700: 9071.978: Total time for which application threads were stopped: 0.0001844 seconds, Stopping threads took: 0.0000573 seconds
2020-04-30T01:52:59.771+0700: 9071.978: Total time for which application threads were stopped: 0.0001548 seconds, Stopping threads took: 0.0000284 seconds
2020-04-30T01:52:59.771+0700: 9071.978: Total time for which application threads were stopped: 0.0001684 seconds, Stopping threads took: 0.0000421 seconds
2020-04-30T01:52:59.772+0700: 9071.979: Total time for which application threads were stopped: 0.0001699 seconds, Stopping threads took: 0.0000522 seconds
2020-04-30T01:52:59.772+0700: 9071.979: Total time for which application threads were stopped: 0.0001598 seconds, Stopping threads took: 0.0000396 seconds
2020-04-30T01:52:59.773+0700: 9071.980: Total time for which application threads were stopped: 0.0001520 seconds, Stopping threads took: 0.0000164 seconds
2020-04-30T01:52:59.773+0700: 9071.980: Total time for which application threads were stopped: 0.0001220 seconds, Stopping threads took: 0.0000266 seconds
2020-04-30T01:52:59.773+0700: 9071.980: Total time for which application threads were stopped: 0.0001704 seconds, Stopping threads took: 0.0000620 seconds
2020-04-30T01:52:59.773+0700: 9071.980: Total time for which application threads were stopped: 0.0000934 seconds, Stopping threads took: 0.0000221 seconds
2020-04-30T01:52:59.773+0700: 9071.980: Total time for which application threads were stopped: 0.0000748 seconds, Stopping threads took: 0.0000100 seconds
2020-04-30T01:52:59.774+0700: 9071.980: Total time for which application threads were stopped: 0.0000812 seconds, Stopping threads took: 0.0000235 seconds
2020-04-30T01:52:59.774+0700: 9071.981: Total time for which application threads were stopped: 0.0001169 seconds, Stopping threads took: 0.0000321 seconds
2020-04-30T01:52:59.775+0700: 9071.982: Total time for which application threads were stopped: 0.0007684 seconds, Stopping threads took: 0.0000287 seconds
2020-04-30T01:53:00.051+0700: 9072.258: Total time for which application threads were stopped: 0.0001385 seconds, Stopping threads took: 0.0000218 seconds
2020-04-30T01:53:01.053+0700: 9073.260: Total time for which application threads were stopped: 0.0002639 seconds, Stopping threads took: 0.0000739 seconds
2020-04-30T01:53:05.621+0700: 9077.828: Total time for which application threads were stopped: 0.0001914 seconds, Stopping threads took: 0.0000248 seconds
2020-04-30T01:53:05.621+0700: 9077.828: Total time for which application threads were stopped: 0.0000800 seconds, Stopping threads took: 0.0000089 seconds
2020-04-30T01:53:05.621+0700: 9077.828: Total time for which application threads were stopped: 0.0000745 seconds, Stopping threads took: 0.0000081 seconds
2020-04-30T01:53:05.621+0700: 9077.828: Total time for which application threads were stopped: 0.0000590 seconds, Stopping threads took: 0.0000048 seconds
2020-04-30T01:53:15.999+0700: 9088.205: Total time for which application threads were stopped: 0.0001048 seconds, Stopping threads took: 0.0000168 seconds
2020-04-30T01:53:21.866+0700: 9094.073: Total time for which application threads were stopped: 0.0002010 seconds, Stopping threads took: 0.0000253 seconds
2020-04-30T01:53:21.866+0700: 9094.073: Total time for which application threads were stopped: 0.0000820 seconds, Stopping threads took: 0.0000096 seconds
2020-04-30T01:53:21.867+0700: 9094.073: Total time for which application threads were stopped: 0.0000707 seconds, Stopping threads took: 0.0000076 seconds
2020-04-30T01:53:21.867+0700: 9094.073: Total time for which application threads were stopped: 0.0000569 seconds, Stopping threads took: 0.0000047 seconds
2020-04-30T01:53:33.086+0700: 9105.292: Total time for which application threads were stopped: 0.0001275 seconds, Stopping threads took: 0.0000334 seconds
2020-04-30T01:53:37.874+0700: 9110.081: Total time for which application threads were stopped: 0.0001997 seconds, Stopping threads took: 0.0000241 seconds
2020-04-30T01:53:37.875+0700: 9110.081: Total time for which application threads were stopped: 0.0001006 seconds, Stopping threads took: 0.0000120 seconds
2020-04-30T01:53:37.875+0700: 9110.081: Total time for which application threads were stopped: 0.0000756 seconds, Stopping threads took: 0.0000089 seconds
2020-04-30T01:53:37.875+0700: 9110.081: Total time for which application threads were stopped: 0.0000578 seconds, Stopping threads took: 0.0000050 seconds
2020-04-30T01:53:49.987+0700: 9122.193: Total time for which application threads were stopped: 0.0001211 seconds, Stopping threads took: 0.0000348 seconds
2020-04-30T01:53:54.412+0700: 9126.618: Total time for which application threads were stopped: 0.0001697 seconds, Stopping threads took: 0.0000224 seconds
2020-04-30T01:53:54.412+0700: 9126.618: Total time for which application threads were stopped: 0.0002623 seconds, Stopping threads took: 0.0000099 seconds
2020-04-30T01:53:54.413+0700: 9126.618: Total time for which application threads were stopped: 0.0000826 seconds, Stopping threads took: 0.0000096 seconds
2020-04-30T01:53:54.413+0700: 9126.618: Total time for which application threads were stopped: 0.0000584 seconds, Stopping threads took: 0.0000048 seconds
2020-04-30T01:53:57.234+0700: 9129.439: Total time for which application threads were stopped: 0.0001530 seconds, Stopping threads took: 0.0000209 seconds
2020-04-30T01:53:58.389+0700: 9130.595: Total time for which application threads were stopped: 0.0001831 seconds, Stopping threads took: 0.0000519 seconds
2020-04-30T01:53:58.390+0700: 9130.596: Total time for which application threads were stopped: 0.0002037 seconds, Stopping threads took: 0.0000592 seconds
2020-04-30T01:53:58.391+0700: 9130.596: Total time for which application threads were stopped: 0.0001703 seconds, Stopping threads took: 0.0000568 seconds
2020-04-30T01:53:58.391+0700: 9130.597: Total time for which application threads were stopped: 0.0001887 seconds, Stopping threads took: 0.0000507 seconds
2020-04-30T01:53:59.393+0700: 9131.598: Total time for which application threads were stopped: 0.0001166 seconds, Stopping threads took: 0.0000309 seconds
2020-04-30T01:54:06.497+0700: 9138.702: Total time for which application threads were stopped: 0.0002503 seconds, Stopping threads took: 0.0001026 seconds
2020-04-30T01:54:06.497+0700: 9138.702: Total time for which application threads were stopped: 0.0001346 seconds, Stopping threads took: 0.0000123 seconds
2020-04-30T01:54:06.499+0700: 9138.704: Total time for which application threads were stopped: 0.0002350 seconds, Stopping threads took: 0.0000888 seconds
2020-04-30T01:54:06.500+0700: 9138.705: Total time for which application threads were stopped: 0.0001733 seconds, Stopping threads took: 0.0000254 seconds
2020-04-30T01:54:16.525+0700: 9148.730: Total time for which application threads were stopped: 0.0002519 seconds, Stopping threads took: 0.0000455 seconds
2020-04-30T01:54:20.863+0700: 9153.068: Total time for which application threads were stopped: 0.0001738 seconds, Stopping threads took: 0.0000248 seconds
2020-04-30T01:54:20.863+0700: 9153.068: Total time for which application threads were stopped: 0.0000933 seconds, Stopping threads took: 0.0000093 seconds
2020-04-30T01:54:20.863+0700: 9153.068: Total time for which application threads were stopped: 0.0002255 seconds, Stopping threads took: 0.0000078 seconds
2020-04-30T01:54:20.863+0700: 9153.068: Total time for which application threads were stopped: 0.0001664 seconds, Stopping threads took: 0.0000052 seconds
2020-04-30T01:54:25.609+0700: 9157.814: Total time for which application threads were stopped: 0.0001584 seconds, Stopping threads took: 0.0000254 seconds
2020-04-30T01:54:25.609+0700: 9157.814: Total time for which application threads were stopped: 0.0000801 seconds, Stopping threads took: 0.0000076 seconds
2020-04-30T01:54:31.437+0700: 9163.642: Total time for which application threads were stopped: 0.0002049 seconds, Stopping threads took: 0.0000575 seconds
2020-04-30T01:54:31.438+0700: 9163.642: Total time for which application threads were stopped: 0.0000886 seconds, Stopping threads took: 0.0000255 seconds
2020-04-30T01:54:31.438+0700: 9163.643: Total time for which application threads were stopped: 0.0000426 seconds, Stopping threads took: 0.0000055 seconds
2020-04-30T01:54:31.438+0700: 9163.643: Total time for which application threads were stopped: 0.0000804 seconds, Stopping threads took: 0.0000052 seconds
2020-04-30T01:54:31.438+0700: 9163.643: Total time for which application threads were stopped: 0.0000823 seconds, Stopping threads took: 0.0000050 seconds
2020-04-30T01:54:31.438+0700: 9163.643: Total time for which application threads were stopped: 0.0000383 seconds, Stopping threads took: 0.0000054 seconds
2020-04-30T01:54:31.438+0700: 9163.643: Total time for which application threads were stopped: 0.0000474 seconds, Stopping threads took: 0.0000068 seconds
2020-04-30T01:54:31.438+0700: 9163.643: Total time for which application threads were stopped: 0.0000818 seconds, Stopping threads took: 0.0000053 seconds
2020-04-30T01:54:31.438+0700: 9163.643: Total time for which application threads were stopped: 0.0000828 seconds, Stopping threads took: 0.0000053 seconds
2020-04-30T01:54:31.438+0700: 9163.643: Total time for which application threads were stopped: 0.0000567 seconds, Stopping threads took: 0.0000091 seconds
2020-04-30T01:54:31.438+0700: 9163.643: Total time for which application threads were stopped: 0.0000401 seconds, Stopping threads took: 0.0000055 seconds
2020-04-30T01:54:31.439+0700: 9163.643: Total time for which application threads were stopped: 0.0000392 seconds, Stopping threads took: 0.0000056 seconds
2020-04-30T01:54:31.439+0700: 9163.643: Total time for which application threads were stopped: 0.0000382 seconds, Stopping threads took: 0.0000055 seconds
2020-04-30T01:54:31.439+0700: 9163.644: Total time for which application threads were stopped: 0.0000403 seconds, Stopping threads took: 0.0000055 seconds
2020-04-30T01:54:31.439+0700: 9163.644: Total time for which application threads were stopped: 0.0000477 seconds, Stopping threads took: 0.0000074 seconds
2020-04-30T01:54:31.443+0700: 9163.648: Total time for which application threads were stopped: 0.0000938 seconds, Stopping threads took: 0.0000172 seconds
2020-04-30T01:54:31.446+0700: 9163.651: Total time for which application threads were stopped: 0.0000887 seconds, Stopping threads took: 0.0000168 seconds
2020-04-30T01:54:31.446+0700: 9163.651: Total time for which application threads were stopped: 0.0000603 seconds, Stopping threads took: 0.0000077 seconds
2020-04-30T01:54:31.450+0700: 9163.655: Total time for which application threads were stopped: 0.0000982 seconds, Stopping threads took: 0.0000175 seconds
2020-04-30T01:54:31.463+0700: 9163.667: Total time for which application threads were stopped: 0.0001098 seconds, Stopping threads took: 0.0000165 seconds
2020-04-30T01:54:36.199+0700: 9168.404: Total time for which application threads were stopped: 0.0003973 seconds, Stopping threads took: 0.0000264 seconds
2020-04-30T01:54:36.200+0700: 9168.404: Total time for which application threads were stopped: 0.0000999 seconds, Stopping threads took: 0.0000128 seconds
2020-04-30T01:54:36.200+0700: 9168.405: Total time for which application threads were stopped: 0.0000730 seconds, Stopping threads took: 0.0000085 seconds
2020-04-30T01:54:36.200+0700: 9168.405: Total time for which application threads were stopped: 0.0000581 seconds, Stopping threads took: 0.0000048 seconds
2020-04-30T01:54:38.396+0700: 9170.601: Total time for which application threads were stopped: 0.0003707 seconds, Stopping threads took: 0.0000277 seconds
2020-04-30T01:54:46.422+0700: 9178.626: Total time for which application threads were stopped: 0.0002985 seconds, Stopping threads took: 0.0000526 seconds
2020-04-30T01:54:47.118+0700: 9179.322: Total time for which application threads were stopped: 0.0000978 seconds, Stopping threads took: 0.0000164 seconds
2020-04-30T01:54:49.525+0700: 9181.729: Total time for which application threads were stopped: 0.0001452 seconds, Stopping threads took: 0.0000212 seconds
2020-04-30T01:54:49.528+0700: 9181.733: Total time for which application threads were stopped: 0.0001433 seconds, Stopping threads took: 0.0000346 seconds
2020-04-30T01:54:49.528+0700: 9181.733: Total time for which application threads were stopped: 0.0001084 seconds, Stopping threads took: 0.0000229 seconds
2020-04-30T01:54:50.533+0700: 9182.737: Total time for which application threads were stopped: 0.0001535 seconds, Stopping threads took: 0.0000257 seconds
2020-04-30T01:54:53.291+0700: 9185.496: Total time for which application threads were stopped: 0.0001795 seconds, Stopping threads took: 0.0000236 seconds
2020-04-30T01:54:53.291+0700: 9185.496: Total time for which application threads were stopped: 0.0000914 seconds, Stopping threads took: 0.0000095 seconds
2020-04-30T01:54:53.291+0700: 9185.496: Total time for which application threads were stopped: 0.0001031 seconds, Stopping threads took: 0.0000144 seconds
2020-04-30T01:54:53.292+0700: 9185.496: Total time for which application threads were stopped: 0.0000963 seconds, Stopping threads took: 0.0000069 seconds
2020-04-30T01:54:54.001+0700: 9186.205: Total time for which application threads were stopped: 0.0004893 seconds, Stopping threads took: 0.0002958 seconds
2020-04-30T01:54:55.005+0700: 9187.210: Total time for which application threads were stopped: 0.0001723 seconds, Stopping threads took: 0.0000556 seconds
2020-04-30T01:55:04.492+0700: 9196.696: Total time for which application threads were stopped: 0.0001135 seconds, Stopping threads took: 0.0000173 seconds
2020-04-30T01:55:11.139+0700: 9203.343: Total time for which application threads were stopped: 0.0002181 seconds, Stopping threads took: 0.0000224 seconds
2020-04-30T01:55:11.139+0700: 9203.343: Total time for which application threads were stopped: 0.0000978 seconds, Stopping threads took: 0.0000079 seconds
2020-04-30T01:55:11.139+0700: 9203.343: Total time for which application threads were stopped: 0.0000745 seconds, Stopping threads took: 0.0000080 seconds
2020-04-30T01:55:11.139+0700: 9203.343: Total time for which application threads were stopped: 0.0000658 seconds, Stopping threads took: 0.0000070 seconds
2020-04-30T01:55:17.160+0700: 9209.364: Total time for which application threads were stopped: 0.0001553 seconds, Stopping threads took: 0.0000286 seconds
2020-04-30T01:55:23.736+0700: 9215.940: Total time for which application threads were stopped: 0.0001262 seconds, Stopping threads took: 0.0000344 seconds
2020-04-30T01:55:25.391+0700: 9217.594: Total time for which application threads were stopped: 0.0001778 seconds, Stopping threads took: 0.0000244 seconds
2020-04-30T01:55:25.391+0700: 9217.595: Total time for which application threads were stopped: 0.0000995 seconds, Stopping threads took: 0.0000100 seconds
2020-04-30T01:55:25.391+0700: 9217.595: Total time for which application threads were stopped: 0.0000763 seconds, Stopping threads took: 0.0000080 seconds
2020-04-30T01:55:25.391+0700: 9217.595: Total time for which application threads were stopped: 0.0000785 seconds, Stopping threads took: 0.0000080 seconds
2020-04-30T01:55:38.945+0700: 9231.148: Total time for which application threads were stopped: 0.0002310 seconds, Stopping threads took: 0.0000192 seconds
2020-04-30T01:55:44.375+0700: 9236.578: Total time for which application threads were stopped: 0.0001649 seconds, Stopping threads took: 0.0000206 seconds
2020-04-30T01:55:44.375+0700: 9236.578: Total time for which application threads were stopped: 0.0000904 seconds, Stopping threads took: 0.0000088 seconds
2020-04-30T01:55:44.375+0700: 9236.579: Total time for which application threads were stopped: 0.0000637 seconds, Stopping threads took: 0.0000071 seconds
2020-04-30T01:55:44.375+0700: 9236.579: Total time for which application threads were stopped: 0.0000525 seconds, Stopping threads took: 0.0000041 seconds
2020-04-30T01:55:55.412+0700: 9247.615: Total time for which application threads were stopped: 0.0001628 seconds, Stopping threads took: 0.0000273 seconds
2020-04-30T01:55:58.358+0700: 9250.561: Total time for which application threads were stopped: 0.0002636 seconds, Stopping threads took: 0.0000245 seconds
2020-04-30T01:55:58.358+0700: 9250.561: Total time for which application threads were stopped: 0.0001018 seconds, Stopping threads took: 0.0000115 seconds
2020-04-30T01:55:58.358+0700: 9250.561: Total time for which application threads were stopped: 0.0001141 seconds, Stopping threads took: 0.0000136 seconds
2020-04-30T01:55:58.358+0700: 9250.561: Total time for which application threads were stopped: 0.0000915 seconds, Stopping threads took: 0.0000095 seconds
2020-04-30T01:55:59.362+0700: 9251.565: Total time for which application threads were stopped: 0.0002223 seconds, Stopping threads took: 0.0000371 seconds
2020-04-30T01:56:10.346+0700: 9262.549: Total time for which application threads were stopped: 0.0004305 seconds, Stopping threads took: 0.0000535 seconds
2020-04-30T01:56:11.349+0700: 9263.551: Total time for which application threads were stopped: 0.0001503 seconds, Stopping threads took: 0.0000264 seconds
2020-04-30T01:56:17.913+0700: 9270.115: Total time for which application threads were stopped: 0.0001643 seconds, Stopping threads took: 0.0000221 seconds
2020-04-30T01:56:17.913+0700: 9270.115: Total time for which application threads were stopped: 0.0000895 seconds, Stopping threads took: 0.0000089 seconds
2020-04-30T01:56:17.913+0700: 9270.115: Total time for which application threads were stopped: 0.0000604 seconds, Stopping threads took: 0.0000065 seconds
2020-04-30T01:56:17.913+0700: 9270.115: Total time for which application threads were stopped: 0.0000459 seconds, Stopping threads took: 0.0000040 seconds
2020-04-30T01:56:31.521+0700: 9283.724: Total time for which application threads were stopped: 0.0002077 seconds, Stopping threads took: 0.0000238 seconds
2020-04-30T01:56:31.522+0700: 9283.724: Total time for which application threads were stopped: 0.0001296 seconds, Stopping threads took: 0.0000081 seconds
2020-04-30T01:56:31.522+0700: 9283.724: Total time for which application threads were stopped: 0.0000715 seconds, Stopping threads took: 0.0000080 seconds
2020-04-30T01:56:31.522+0700: 9283.724: Total time for which application threads were stopped: 0.0000569 seconds, Stopping threads took: 0.0000046 seconds
2020-04-30T01:56:42.980+0700: 9295.182: Total time for which application threads were stopped: 0.0001461 seconds, Stopping threads took: 0.0000305 seconds
2020-04-30T01:56:42.980+0700: 9295.182: Total time for which application threads were stopped: 0.0001042 seconds, Stopping threads took: 0.0000130 seconds
2020-04-30T01:56:42.981+0700: 9295.183: Total time for which application threads were stopped: 0.0001445 seconds, Stopping threads took: 0.0000552 seconds
2020-04-30T01:56:42.981+0700: 9295.183: Total time for which application threads were stopped: 0.0001058 seconds, Stopping threads took: 0.0000331 seconds
2020-04-30T01:56:42.982+0700: 9295.184: Total time for which application threads were stopped: 0.0001325 seconds, Stopping threads took: 0.0000192 seconds
2020-04-30T01:56:43.016+0700: 9295.218: Total time for which application threads were stopped: 0.0001202 seconds, Stopping threads took: 0.0000218 seconds
2020-04-30T01:56:43.094+0700: 9295.296: Total time for which application threads were stopped: 0.0001255 seconds, Stopping threads took: 0.0000201 seconds
2020-04-30T01:56:43.096+0700: 9295.298: Total time for which application threads were stopped: 0.0002177 seconds, Stopping threads took: 0.0000198 seconds
2020-04-30T01:56:51.624+0700: 9303.826: Total time for which application threads were stopped: 0.0001690 seconds, Stopping threads took: 0.0000230 seconds
2020-04-30T01:56:51.624+0700: 9303.826: Total time for which application threads were stopped: 0.0001250 seconds, Stopping threads took: 0.0000103 seconds
2020-04-30T01:56:51.624+0700: 9303.826: Total time for which application threads were stopped: 0.0000801 seconds, Stopping threads took: 0.0000093 seconds
2020-04-30T01:56:51.624+0700: 9303.826: Total time for which application threads were stopped: 0.0000607 seconds, Stopping threads took: 0.0000050 seconds
2020-04-30T01:56:51.902+0700: 9304.104: Total time for which application threads were stopped: 0.0001167 seconds, Stopping threads took: 0.0000222 seconds
2020-04-30T01:56:51.902+0700: 9304.104: Total time for which application threads were stopped: 0.0000564 seconds, Stopping threads took: 0.0000074 seconds
2020-04-30T01:56:51.902+0700: 9304.104: Total time for which application threads were stopped: 0.0000431 seconds, Stopping threads took: 0.0000064 seconds
2020-04-30T01:56:51.903+0700: 9304.104: Total time for which application threads were stopped: 0.0000414 seconds, Stopping threads took: 0.0000058 seconds
2020-04-30T01:56:51.903+0700: 9304.104: Total time for which application threads were stopped: 0.0000395 seconds, Stopping threads took: 0.0000052 seconds
2020-04-30T01:56:51.903+0700: 9304.105: Total time for which application threads were stopped: 0.0000393 seconds, Stopping threads took: 0.0000054 seconds
2020-04-30T01:56:51.903+0700: 9304.105: Total time for which application threads were stopped: 0.0000414 seconds, Stopping threads took: 0.0000057 seconds
2020-04-30T01:56:51.903+0700: 9304.105: Total time for which application threads were stopped: 0.0000412 seconds, Stopping threads took: 0.0000063 seconds
2020-04-30T01:56:51.903+0700: 9304.105: Total time for which application threads were stopped: 0.0000397 seconds, Stopping threads took: 0.0000054 seconds
2020-04-30T01:56:51.903+0700: 9304.105: Total time for which application threads were stopped: 0.0000400 seconds, Stopping threads took: 0.0000055 seconds
2020-04-30T01:56:51.903+0700: 9304.105: Total time for which application threads were stopped: 0.0000481 seconds, Stopping threads took: 0.0000068 seconds
2020-04-30T01:56:51.903+0700: 9304.105: Total time for which application threads were stopped: 0.0000410 seconds, Stopping threads took: 0.0000054 seconds
2020-04-30T01:56:51.903+0700: 9304.105: Total time for which application threads were stopped: 0.0000428 seconds, Stopping threads took: 0.0000058 seconds
2020-04-30T01:56:51.903+0700: 9304.105: Total time for which application threads were stopped: 0.0000400 seconds, Stopping threads took: 0.0000052 seconds
2020-04-30T01:56:51.903+0700: 9304.105: Total time for which application threads were stopped: 0.0000416 seconds, Stopping threads took: 0.0000062 seconds
2020-04-30T01:57:01.031+0700: 9313.233: Total time for which application threads were stopped: 0.0001203 seconds, Stopping threads took: 0.0000187 seconds
2020-04-30T01:57:01.037+0700: 9313.239: Total time for which application threads were stopped: 0.0001022 seconds, Stopping threads took: 0.0000269 seconds
2020-04-30T01:57:01.038+0700: 9313.240: Total time for which application threads were stopped: 0.0001397 seconds, Stopping threads took: 0.0000305 seconds
2020-04-30T01:57:01.042+0700: 9313.243: Total time for which application threads were stopped: 0.0001098 seconds, Stopping threads took: 0.0000288 seconds
2020-04-30T01:57:14.198+0700: 9326.400: Total time for which application threads were stopped: 0.0002382 seconds, Stopping threads took: 0.0000292 seconds
2020-04-30T01:57:14.198+0700: 9326.400: Total time for which application threads were stopped: 0.0001274 seconds, Stopping threads took: 0.0000126 seconds
2020-04-30T01:57:14.199+0700: 9326.400: Total time for which application threads were stopped: 0.0000933 seconds, Stopping threads took: 0.0000097 seconds
2020-04-30T01:57:14.199+0700: 9326.400: Total time for which application threads were stopped: 0.0000782 seconds, Stopping threads took: 0.0000066 seconds
2020-04-30T01:57:21.218+0700: 9333.419: Total time for which application threads were stopped: 0.0001608 seconds, Stopping threads took: 0.0000389 seconds
2020-04-30T01:57:24.868+0700: 9337.069: Total time for which application threads were stopped: 0.0001638 seconds, Stopping threads took: 0.0000225 seconds
2020-04-30T01:57:24.868+0700: 9337.069: Total time for which application threads were stopped: 0.0000861 seconds, Stopping threads took: 0.0000086 seconds
2020-04-30T01:57:24.868+0700: 9337.069: Total time for which application threads were stopped: 0.0000774 seconds, Stopping threads took: 0.0000115 seconds
2020-04-30T01:57:24.868+0700: 9337.069: Total time for which application threads were stopped: 0.0000543 seconds, Stopping threads took: 0.0000047 seconds
2020-04-30T01:57:41.789+0700: 9353.990: Total time for which application threads were stopped: 0.0002449 seconds, Stopping threads took: 0.0000412 seconds
2020-04-30T01:57:41.789+0700: 9353.990: Total time for which application threads were stopped: 0.0000993 seconds, Stopping threads took: 0.0000084 seconds
2020-04-30T01:57:41.790+0700: 9353.990: Total time for which application threads were stopped: 0.0000933 seconds, Stopping threads took: 0.0000094 seconds
2020-04-30T01:57:41.790+0700: 9353.991: Total time for which application threads were stopped: 0.0000773 seconds, Stopping threads took: 0.0000055 seconds
2020-04-30T01:57:44.812+0700: 9357.013: Total time for which application threads were stopped: 0.0001397 seconds, Stopping threads took: 0.0000203 seconds
2020-04-30T01:57:53.837+0700: 9366.038: Total time for which application threads were stopped: 0.0001204 seconds, Stopping threads took: 0.0000235 seconds
2020-04-30T01:58:06.633+0700: 9378.833: Total time for which application threads were stopped: 0.0001841 seconds, Stopping threads took: 0.0000230 seconds
2020-04-30T01:58:06.633+0700: 9378.833: Total time for which application threads were stopped: 0.0001060 seconds, Stopping threads took: 0.0000133 seconds
2020-04-30T01:58:06.633+0700: 9378.833: Total time for which application threads were stopped: 0.0000812 seconds, Stopping threads took: 0.0000095 seconds
2020-04-30T01:58:06.633+0700: 9378.833: Total time for which application threads were stopped: 0.0000599 seconds, Stopping threads took: 0.0000054 seconds
2020-04-30T01:58:18.668+0700: 9390.868: Total time for which application threads were stopped: 0.0002251 seconds, Stopping threads took: 0.0000502 seconds
2020-04-30T01:58:22.897+0700: 9395.097: Total time for which application threads were stopped: 0.0001801 seconds, Stopping threads took: 0.0000228 seconds
2020-04-30T01:58:22.897+0700: 9395.097: Total time for which application threads were stopped: 0.0001027 seconds, Stopping threads took: 0.0000123 seconds
2020-04-30T01:58:22.897+0700: 9395.097: Total time for which application threads were stopped: 0.0000722 seconds, Stopping threads took: 0.0000075 seconds
2020-04-30T01:58:22.897+0700: 9395.097: Total time for which application threads were stopped: 0.0000544 seconds, Stopping threads took: 0.0000045 seconds
2020-04-30T01:58:31.918+0700: 9404.118: Total time for which application threads were stopped: 0.0001814 seconds, Stopping threads took: 0.0000361 seconds
2020-04-30T01:58:33.926+0700: 9406.126: Total time for which application threads were stopped: 0.0002072 seconds, Stopping threads took: 0.0000348 seconds
2020-04-30T01:58:50.599+0700: 9422.798: Total time for which application threads were stopped: 0.0001655 seconds, Stopping threads took: 0.0000240 seconds
2020-04-30T01:58:50.599+0700: 9422.798: Total time for which application threads were stopped: 0.0000892 seconds, Stopping threads took: 0.0000091 seconds
2020-04-30T01:58:50.599+0700: 9422.798: Total time for which application threads were stopped: 0.0000814 seconds, Stopping threads took: 0.0000090 seconds
2020-04-30T01:58:50.599+0700: 9422.799: Total time for which application threads were stopped: 0.0000571 seconds, Stopping threads took: 0.0000049 seconds
2020-04-30T01:58:56.924+0700: 9429.123: Total time for which application threads were stopped: 0.0001257 seconds, Stopping threads took: 0.0000341 seconds
2020-04-30T01:59:03.702+0700: 9435.901: Total time for which application threads were stopped: 0.0002025 seconds, Stopping threads took: 0.0000243 seconds
2020-04-30T01:59:03.703+0700: 9435.902: Total time for which application threads were stopped: 0.0001446 seconds, Stopping threads took: 0.0000254 seconds
2020-04-30T01:59:03.704+0700: 9435.903: Total time for which application threads were stopped: 0.0001418 seconds, Stopping threads took: 0.0000311 seconds
2020-04-30T01:59:11.601+0700: 9443.800: Total time for which application threads were stopped: 0.0001763 seconds, Stopping threads took: 0.0000330 seconds
2020-04-30T01:59:11.601+0700: 9443.800: Total time for which application threads were stopped: 0.0001348 seconds, Stopping threads took: 0.0000436 seconds
2020-04-30T01:59:11.601+0700: 9443.800: Total time for which application threads were stopped: 0.0001003 seconds, Stopping threads took: 0.0000245 seconds
2020-04-30T01:59:11.602+0700: 9443.801: Total time for which application threads were stopped: 0.0000862 seconds, Stopping threads took: 0.0000187 seconds
2020-04-30T01:59:14.830+0700: 9447.029: Total time for which application threads were stopped: 0.0001034 seconds, Stopping threads took: 0.0000168 seconds
2020-04-30T01:59:22.006+0700: 9454.204: Total time for which application threads were stopped: 0.0001718 seconds, Stopping threads took: 0.0000237 seconds
2020-04-30T01:59:22.006+0700: 9454.204: Total time for which application threads were stopped: 0.0000763 seconds, Stopping threads took: 0.0000083 seconds
2020-04-30T01:59:22.006+0700: 9454.205: Total time for which application threads were stopped: 0.0000709 seconds, Stopping threads took: 0.0000079 seconds
2020-04-30T01:59:22.006+0700: 9454.205: Total time for which application threads were stopped: 0.0000561 seconds, Stopping threads took: 0.0000046 seconds
2020-04-30T01:59:29.030+0700: 9461.228: Total time for which application threads were stopped: 0.0001720 seconds, Stopping threads took: 0.0000467 seconds
2020-04-30T01:59:31.507+0700: 9463.706: Total time for which application threads were stopped: 0.0001320 seconds, Stopping threads took: 0.0000209 seconds
2020-04-30T01:59:31.508+0700: 9463.706: Total time for which application threads were stopped: 0.0001688 seconds, Stopping threads took: 0.0000696 seconds
2020-04-30T01:59:31.508+0700: 9463.707: Total time for which application threads were stopped: 0.0000907 seconds, Stopping threads took: 0.0000209 seconds
2020-04-30T01:59:32.509+0700: 9464.708: Total time for which application threads were stopped: 0.0001549 seconds, Stopping threads took: 0.0000387 seconds
2020-04-30T01:59:41.358+0700: 9473.556: Total time for which application threads were stopped: 0.0001925 seconds, Stopping threads took: 0.0000223 seconds
2020-04-30T01:59:41.358+0700: 9473.556: Total time for which application threads were stopped: 0.0000726 seconds, Stopping threads took: 0.0000073 seconds
2020-04-30T01:59:41.358+0700: 9473.556: Total time for which application threads were stopped: 0.0000783 seconds, Stopping threads took: 0.0000092 seconds
2020-04-30T01:59:41.358+0700: 9473.557: Total time for which application threads were stopped: 0.0000571 seconds, Stopping threads took: 0.0000047 seconds
{Heap before GC invocations=25 (full 0):
 garbage-first heap   total 524288K, used 360064K [0x00000007a0000000, 0x00000007a0101000, 0x00000007c0000000)
  region size 1024K, 307 young (314368K), 27 survivors (27648K)
 Metaspace       used 53805K, capacity 56068K, committed 56136K, reserved 1099776K
  class space    used 6214K, capacity 6667K, committed 6732K, reserved 1048576K
2020-04-30T01:59:47.178+0700: 9479.376: [GC pause (G1 Evacuation Pause) (young)
Desired survivor size 20447232 bytes, new threshold 15 (max 15)
- age   1:    5713688 bytes,    5713688 total
- age   2:    4323064 bytes,   10036752 total
- age   3:      52656 bytes,   10089408 total
- age   4:     315928 bytes,   10405336 total
- age   5:      23224 bytes,   10428560 total
- age   6:      43024 bytes,   10471584 total
- age   7:     627448 bytes,   11099032 total
- age   8:    3026320 bytes,   14125352 total
- age   9:     427640 bytes,   14552992 total
- age  10:      60696 bytes,   14613688 total
- age  11:      30656 bytes,   14644344 total
- age  12:      34672 bytes,   14679016 total
- age  13:     922800 bytes,   15601816 total
- age  14:     511240 bytes,   16113056 total
- age  15:    5243096 bytes,   21356152 total
, 0.0106767 secs]
   [Parallel Time: 6.4 ms, GC Workers: 8]
      [GC Worker Start (ms): Min: 9479376.4, Avg: 9479376.5, Max: 9479376.5, Diff: 0.1]
      [Ext Root Scanning (ms): Min: 0.2, Avg: 0.4, Max: 1.3, Diff: 1.1, Sum: 3.4]
      [Update RS (ms): Min: 0.0, Avg: 0.3, Max: 0.5, Diff: 0.5, Sum: 2.5]
         [Processed Buffers: Min: 0, Avg: 3.2, Max: 8, Diff: 8, Sum: 26]
      [Scan RS (ms): Min: 0.0, Avg: 0.0, Max: 0.1, Diff: 0.0, Sum: 0.2]
      [Code Root Scanning (ms): Min: 0.0, Avg: 0.6, Max: 1.3, Diff: 1.3, Sum: 5.1]
      [Object Copy (ms): Min: 4.4, Avg: 4.9, Max: 5.6, Diff: 1.2, Sum: 39.3]
      [Termination (ms): Min: 0.0, Avg: 0.0, Max: 0.0, Diff: 0.0, Sum: 0.0]
         [Termination Attempts: Min: 1, Avg: 1.0, Max: 1, Diff: 0, Sum: 8]
      [GC Worker Other (ms): Min: 0.0, Avg: 0.0, Max: 0.0, Diff: 0.0, Sum: 0.2]
      [GC Worker Total (ms): Min: 6.3, Avg: 6.3, Max: 6.4, Diff: 0.1, Sum: 50.6]
      [GC Worker End (ms): Min: 9479382.8, Avg: 9479382.8, Max: 9479382.8, Diff: 0.0]
   [Code Root Fixup: 0.1 ms]
   [Code Root Purge: 0.0 ms]
   [Clear CT: 0.2 ms]
   [Other: 3.9 ms]
      [Choose CSet: 0.0 ms]
      [Ref Proc: 3.0 ms]
      [Ref Enq: 0.2 ms]
      [Redirty Cards: 0.2 ms]
      [Humongous Register: 0.0 ms]
      [Humongous Reclaim: 0.0 ms]
      [Free CSet: 0.4 ms]
   [Eden: 280.0M(280.0M)->0.0B(283.0M) Survivors: 27.0M->24.0M Heap: 351.6M(512.0M)->73.8M(512.0M)]
Heap after GC invocations=26 (full 0):
 garbage-first heap   total 524288K, used 75523K [0x00000007a0000000, 0x00000007a0101000, 0x00000007c0000000)
  region size 1024K, 24 young (24576K), 24 survivors (24576K)
 Metaspace       used 53805K, capacity 56068K, committed 56136K, reserved 1099776K
  class space    used 6214K, capacity 6667K, committed 6732K, reserved 1048576K
}
 [Times: user=0.05 sys=0.00, real=0.01 secs] 
2020-04-30T01:59:47.189+0700: 9479.387: Total time for which application threads were stopped: 0.0109727 seconds, Stopping threads took: 0.0000338 seconds
2020-04-30T01:59:47.190+0700: 9479.388: Total time for which application threads were stopped: 0.0003815 seconds, Stopping threads took: 0.0000525 seconds
2020-04-30T01:59:47.191+0700: 9479.389: Total time for which application threads were stopped: 0.0001221 seconds, Stopping threads took: 0.0000273 seconds
2020-04-30T01:59:47.191+0700: 9479.389: Total time for which application threads were stopped: 0.0000828 seconds, Stopping threads took: 0.0000248 seconds
2020-04-30T01:59:47.191+0700: 9479.389: Total time for which application threads were stopped: 0.0000775 seconds, Stopping threads took: 0.0000244 seconds
2020-04-30T01:59:47.191+0700: 9479.390: Total time for which application threads were stopped: 0.0000692 seconds, Stopping threads took: 0.0000088 seconds
2020-04-30T01:59:47.191+0700: 9479.390: Total time for which application threads were stopped: 0.0000472 seconds, Stopping threads took: 0.0000069 seconds
2020-04-30T01:59:47.192+0700: 9479.390: Total time for which application threads were stopped: 0.0000415 seconds, Stopping threads took: 0.0000056 seconds
2020-04-30T01:59:47.192+0700: 9479.390: Total time for which application threads were stopped: 0.0000565 seconds, Stopping threads took: 0.0000057 seconds
2020-04-30T01:59:47.192+0700: 9479.390: Total time for which application threads were stopped: 0.0000420 seconds, Stopping threads took: 0.0000059 seconds
2020-04-30T01:59:47.192+0700: 9479.390: Total time for which application threads were stopped: 0.0000411 seconds, Stopping threads took: 0.0000052 seconds
2020-04-30T01:59:47.192+0700: 9479.390: Total time for which application threads were stopped: 0.0000409 seconds, Stopping threads took: 0.0000053 seconds
2020-04-30T01:59:47.192+0700: 9479.390: Total time for which application threads were stopped: 0.0000387 seconds, Stopping threads took: 0.0000054 seconds
2020-04-30T01:59:47.192+0700: 9479.390: Total time for which application threads were stopped: 0.0000405 seconds, Stopping threads took: 0.0000056 seconds
2020-04-30T01:59:47.192+0700: 9479.390: Total time for which application threads were stopped: 0.0000410 seconds, Stopping threads took: 0.0000052 seconds
2020-04-30T01:59:47.192+0700: 9479.390: Total time for which application threads were stopped: 0.0000425 seconds, Stopping threads took: 0.0000053 seconds
2020-04-30T01:59:47.192+0700: 9479.390: Total time for which application threads were stopped: 0.0000381 seconds, Stopping threads took: 0.0000053 seconds
2020-04-30T01:59:47.193+0700: 9479.391: Total time for which application threads were stopped: 0.0000546 seconds, Stopping threads took: 0.0000078 seconds
2020-04-30T01:59:47.195+0700: 9479.393: Total time for which application threads were stopped: 0.0000649 seconds, Stopping threads took: 0.0000104 seconds
2020-04-30T01:59:47.212+0700: 9479.410: Total time for which application threads were stopped: 0.0001050 seconds, Stopping threads took: 0.0000311 seconds
2020-04-30T01:59:52.232+0700: 9484.430: Total time for which application threads were stopped: 0.0002082 seconds, Stopping threads took: 0.0000377 seconds
2020-04-30T01:59:54.065+0700: 9486.263: Total time for which application threads were stopped: 0.0002052 seconds, Stopping threads took: 0.0000257 seconds
2020-04-30T01:59:54.066+0700: 9486.264: Total time for which application threads were stopped: 0.0002587 seconds, Stopping threads took: 0.0000101 seconds
2020-04-30T01:59:54.066+0700: 9486.264: Total time for which application threads were stopped: 0.0000696 seconds, Stopping threads took: 0.0000075 seconds
2020-04-30T01:59:54.066+0700: 9486.264: Total time for which application threads were stopped: 0.0000550 seconds, Stopping threads took: 0.0000045 seconds
2020-04-30T01:59:56.686+0700: 9488.884: Total time for which application threads were stopped: 0.0001792 seconds, Stopping threads took: 0.0000229 seconds
2020-04-30T02:00:05.481+0700: 9497.679: Total time for which application threads were stopped: 0.0002229 seconds, Stopping threads took: 0.0000326 seconds
2020-04-30T02:00:07.136+0700: 9499.334: Total time for which application threads were stopped: 0.0001766 seconds, Stopping threads took: 0.0000199 seconds
2020-04-30T02:00:07.136+0700: 9499.334: Total time for which application threads were stopped: 0.0001247 seconds, Stopping threads took: 0.0000231 seconds
2020-04-30T02:00:07.137+0700: 9499.334: Total time for which application threads were stopped: 0.0001190 seconds, Stopping threads took: 0.0000366 seconds
2020-04-30T02:00:07.137+0700: 9499.335: Total time for which application threads were stopped: 0.0001403 seconds, Stopping threads took: 0.0000299 seconds
2020-04-30T02:00:07.137+0700: 9499.335: Total time for which application threads were stopped: 0.0001088 seconds, Stopping threads took: 0.0000298 seconds
2020-04-30T02:00:07.137+0700: 9499.335: Total time for which application threads were stopped: 0.0001245 seconds, Stopping threads took: 0.0000155 seconds
2020-04-30T02:00:07.138+0700: 9499.335: Total time for which application threads were stopped: 0.0000777 seconds, Stopping threads took: 0.0000087 seconds
2020-04-30T02:00:07.138+0700: 9499.335: Total time for which application threads were stopped: 0.0000611 seconds, Stopping threads took: 0.0000065 seconds
2020-04-30T02:00:07.138+0700: 9499.336: Total time for which application threads were stopped: 0.0000706 seconds, Stopping threads took: 0.0000084 seconds
2020-04-30T02:00:07.138+0700: 9499.336: Total time for which application threads were stopped: 0.0000927 seconds, Stopping threads took: 0.0000098 seconds
2020-04-30T02:00:07.138+0700: 9499.336: Total time for which application threads were stopped: 0.0000737 seconds, Stopping threads took: 0.0000088 seconds
2020-04-30T02:00:07.138+0700: 9499.336: Total time for which application threads were stopped: 0.0001146 seconds, Stopping threads took: 0.0000067 seconds
2020-04-30T02:00:07.138+0700: 9499.336: Total time for which application threads were stopped: 0.0000911 seconds, Stopping threads took: 0.0000092 seconds
2020-04-30T02:00:07.139+0700: 9499.337: Total time for which application threads were stopped: 0.0000993 seconds, Stopping threads took: 0.0000131 seconds
2020-04-30T02:00:07.139+0700: 9499.337: Total time for which application threads were stopped: 0.0000959 seconds, Stopping threads took: 0.0000168 seconds
2020-04-30T02:00:14.897+0700: 9507.094: Total time for which application threads were stopped: 0.0001451 seconds, Stopping threads took: 0.0000204 seconds
2020-04-30T02:00:14.897+0700: 9507.094: Total time for which application threads were stopped: 0.0000868 seconds, Stopping threads took: 0.0000085 seconds
2020-04-30T02:00:14.897+0700: 9507.095: Total time for which application threads were stopped: 0.0000549 seconds, Stopping threads took: 0.0000060 seconds
2020-04-30T02:00:14.897+0700: 9507.095: Total time for which application threads were stopped: 0.0000427 seconds, Stopping threads took: 0.0000036 seconds
2020-04-30T02:00:20.920+0700: 9513.118: Total time for which application threads were stopped: 0.0001048 seconds, Stopping threads took: 0.0000184 seconds
2020-04-30T02:00:27.961+0700: 9520.158: Total time for which application threads were stopped: 0.0001474 seconds, Stopping threads took: 0.0000192 seconds
2020-04-30T02:00:27.961+0700: 9520.158: Total time for which application threads were stopped: 0.0000754 seconds, Stopping threads took: 0.0000077 seconds
2020-04-30T02:00:27.961+0700: 9520.158: Total time for which application threads were stopped: 0.0002026 seconds, Stopping threads took: 0.0000088 seconds
2020-04-30T02:00:27.961+0700: 9520.158: Total time for which application threads were stopped: 0.0001409 seconds, Stopping threads took: 0.0000052 seconds
2020-04-30T02:00:37.867+0700: 9530.064: Total time for which application threads were stopped: 0.0001045 seconds, Stopping threads took: 0.0000160 seconds
2020-04-30T02:00:37.867+0700: 9530.064: Total time for which application threads were stopped: 0.0000651 seconds, Stopping threads took: 0.0000086 seconds
2020-04-30T02:00:37.867+0700: 9530.064: Total time for which application threads were stopped: 0.0000602 seconds, Stopping threads took: 0.0000081 seconds
2020-04-30T02:00:47.092+0700: 9539.289: Total time for which application threads were stopped: 0.0003423 seconds, Stopping threads took: 0.0000215 seconds
2020-04-30T02:00:47.092+0700: 9539.289: Total time for which application threads were stopped: 0.0001209 seconds, Stopping threads took: 0.0000165 seconds
2020-04-30T02:00:47.092+0700: 9539.289: Total time for which application threads were stopped: 0.0000798 seconds, Stopping threads took: 0.0000094 seconds
2020-04-30T02:00:47.092+0700: 9539.289: Total time for which application threads were stopped: 0.0000726 seconds, Stopping threads took: 0.0000083 seconds
2020-04-30T02:00:52.474+0700: 9544.671: Total time for which application threads were stopped: 0.0001688 seconds, Stopping threads took: 0.0000231 seconds
2020-04-30T02:00:53.124+0700: 9545.321: Total time for which application threads were stopped: 0.0001840 seconds, Stopping threads took: 0.0000177 seconds
2020-04-30T02:00:53.124+0700: 9545.321: Total time for which application threads were stopped: 0.0000850 seconds, Stopping threads took: 0.0000039 seconds
2020-04-30T02:00:53.131+0700: 9545.328: Total time for which application threads were stopped: 0.0001220 seconds, Stopping threads took: 0.0000328 seconds
2020-04-30T02:00:57.144+0700: 9549.341: Total time for which application threads were stopped: 0.0001441 seconds, Stopping threads took: 0.0000410 seconds
2020-04-30T02:00:59.936+0700: 9552.133: Total time for which application threads were stopped: 0.0001779 seconds, Stopping threads took: 0.0000227 seconds
2020-04-30T02:00:59.936+0700: 9552.133: Total time for which application threads were stopped: 0.0000737 seconds, Stopping threads took: 0.0000079 seconds
2020-04-30T02:00:59.936+0700: 9552.133: Total time for which application threads were stopped: 0.0000615 seconds, Stopping threads took: 0.0000066 seconds
2020-04-30T02:00:59.936+0700: 9552.133: Total time for which application threads were stopped: 0.0000494 seconds, Stopping threads took: 0.0000042 seconds
2020-04-30T02:01:11.392+0700: 9563.588: Total time for which application threads were stopped: 0.0001024 seconds, Stopping threads took: 0.0000174 seconds
2020-04-30T02:01:16.713+0700: 9568.909: Total time for which application threads were stopped: 0.0001609 seconds, Stopping threads took: 0.0000220 seconds
2020-04-30T02:01:16.713+0700: 9568.909: Total time for which application threads were stopped: 0.0000873 seconds, Stopping threads took: 0.0000079 seconds
2020-04-30T02:01:16.713+0700: 9568.909: Total time for which application threads were stopped: 0.0000647 seconds, Stopping threads took: 0.0000069 seconds
2020-04-30T02:01:16.713+0700: 9568.910: Total time for which application threads were stopped: 0.0000513 seconds, Stopping threads took: 0.0000043 seconds
2020-04-30T02:01:27.500+0700: 9579.696: Total time for which application threads were stopped: 0.0002394 seconds, Stopping threads took: 0.0000751 seconds
2020-04-30T02:01:27.500+0700: 9579.697: Total time for which application threads were stopped: 0.0000833 seconds, Stopping threads took: 0.0000202 seconds
2020-04-30T02:01:27.510+0700: 9579.706: Total time for which application threads were stopped: 0.0000981 seconds, Stopping threads took: 0.0000158 seconds
2020-04-30T02:01:34.687+0700: 9586.883: Total time for which application threads were stopped: 0.0001536 seconds, Stopping threads took: 0.0000198 seconds
2020-04-30T02:01:34.687+0700: 9586.883: Total time for which application threads were stopped: 0.0000797 seconds, Stopping threads took: 0.0000082 seconds
2020-04-30T02:01:34.687+0700: 9586.883: Total time for which application threads were stopped: 0.0000816 seconds, Stopping threads took: 0.0000102 seconds
2020-04-30T02:01:34.687+0700: 9586.883: Total time for which application threads were stopped: 0.0000544 seconds, Stopping threads took: 0.0000056 seconds
2020-04-30T02:01:45.196+0700: 9597.392: Total time for which application threads were stopped: 0.0003004 seconds, Stopping threads took: 0.0000175 seconds
2020-04-30T02:01:45.197+0700: 9597.393: Total time for which application threads were stopped: 0.0001131 seconds, Stopping threads took: 0.0000325 seconds
2020-04-30T02:01:47.204+0700: 9599.400: Total time for which application threads were stopped: 0.0001161 seconds, Stopping threads took: 0.0000197 seconds
2020-04-30T02:01:48.944+0700: 9601.140: Total time for which application threads were stopped: 0.0001438 seconds, Stopping threads took: 0.0000190 seconds
2020-04-30T02:01:48.944+0700: 9601.140: Total time for which application threads were stopped: 0.0000734 seconds, Stopping threads took: 0.0000070 seconds
2020-04-30T02:01:48.944+0700: 9601.140: Total time for which application threads were stopped: 0.0000520 seconds, Stopping threads took: 0.0000061 seconds
2020-04-30T02:01:48.944+0700: 9601.140: Total time for which application threads were stopped: 0.0000405 seconds, Stopping threads took: 0.0000034 seconds
2020-04-30T02:02:01.543+0700: 9613.739: Total time for which application threads were stopped: 0.0001121 seconds, Stopping threads took: 0.0000181 seconds
2020-04-30T02:02:01.543+0700: 9613.739: Total time for which application threads were stopped: 0.0000459 seconds, Stopping threads took: 0.0000043 seconds
2020-04-30T02:02:01.551+0700: 9613.746: Total time for which application threads were stopped: 0.0001067 seconds, Stopping threads took: 0.0000254 seconds
2020-04-30T02:02:01.551+0700: 9613.747: Total time for which application threads were stopped: 0.0000758 seconds, Stopping threads took: 0.0000088 seconds
2020-04-30T02:02:01.552+0700: 9613.747: Total time for which application threads were stopped: 0.0001228 seconds, Stopping threads took: 0.0000510 seconds
2020-04-30T02:02:01.553+0700: 9613.748: Total time for which application threads were stopped: 0.0001320 seconds, Stopping threads took: 0.0000609 seconds
2020-04-30T02:02:02.558+0700: 9614.753: Total time for which application threads were stopped: 0.0001331 seconds, Stopping threads took: 0.0000231 seconds
2020-04-30T02:02:22.814+0700: 9635.009: Total time for which application threads were stopped: 0.0001119 seconds, Stopping threads took: 0.0000170 seconds
2020-04-30T02:02:22.814+0700: 9635.009: Total time for which application threads were stopped: 0.0001288 seconds, Stopping threads took: 0.0000228 seconds
2020-04-30T02:02:22.814+0700: 9635.009: Total time for which application threads were stopped: 0.0001244 seconds, Stopping threads took: 0.0000206 seconds
2020-04-30T02:02:22.814+0700: 9635.009: Total time for which application threads were stopped: 0.0000684 seconds, Stopping threads took: 0.0000103 seconds
2020-04-30T02:02:22.815+0700: 9635.009: Total time for which application threads were stopped: 0.0000693 seconds, Stopping threads took: 0.0000060 seconds
2020-04-30T02:02:22.815+0700: 9635.010: Total time for which application threads were stopped: 0.0001300 seconds, Stopping threads took: 0.0000603 seconds
2020-04-30T02:02:22.815+0700: 9635.010: Total time for which application threads were stopped: 0.0001847 seconds, Stopping threads took: 0.0000064 seconds
2020-04-30T02:02:22.816+0700: 9635.011: Total time for which application threads were stopped: 0.0000733 seconds, Stopping threads took: 0.0000122 seconds
2020-04-30T02:02:22.824+0700: 9635.019: Total time for which application threads were stopped: 0.0001132 seconds, Stopping threads took: 0.0000184 seconds
2020-04-30T02:02:22.829+0700: 9635.024: Total time for which application threads were stopped: 0.0000828 seconds, Stopping threads took: 0.0000145 seconds
2020-04-30T02:02:22.841+0700: 9635.036: Total time for which application threads were stopped: 0.0001197 seconds, Stopping threads took: 0.0000159 seconds
2020-04-30T02:02:22.841+0700: 9635.036: Total time for which application threads were stopped: 0.0001007 seconds, Stopping threads took: 0.0000126 seconds
2020-04-30T02:02:22.842+0700: 9635.036: Total time for which application threads were stopped: 0.0000955 seconds, Stopping threads took: 0.0000073 seconds
2020-04-30T02:02:22.842+0700: 9635.037: Total time for which application threads were stopped: 0.0000892 seconds, Stopping threads took: 0.0000253 seconds
2020-04-30T02:03:05.210+0700: 9677.388: Total time for which application threads were stopped: 0.0001917 seconds, Stopping threads took: 0.0000324 seconds
2020-04-30T02:03:05.210+0700: 9677.388: Total time for which application threads were stopped: 0.0000571 seconds, Stopping threads took: 0.0000061 seconds
2020-04-30T02:03:05.210+0700: 9677.388: Total time for which application threads were stopped: 0.0000533 seconds, Stopping threads took: 0.0000059 seconds
2020-04-30T02:03:05.211+0700: 9677.389: Total time for which application threads were stopped: 0.0000417 seconds, Stopping threads took: 0.0000036 seconds
2020-04-30T02:03:11.847+0700: 9684.023: Total time for which application threads were stopped: 0.0001046 seconds, Stopping threads took: 0.0000169 seconds
2020-04-30T02:03:19.369+0700: 9691.544: Total time for which application threads were stopped: 0.0001775 seconds, Stopping threads took: 0.0000238 seconds
2020-04-30T02:03:19.370+0700: 9691.544: Total time for which application threads were stopped: 0.0001025 seconds, Stopping threads took: 0.0000120 seconds
2020-04-30T02:03:19.370+0700: 9691.544: Total time for which application threads were stopped: 0.0000704 seconds, Stopping threads took: 0.0000078 seconds
2020-04-30T02:03:19.370+0700: 9691.545: Total time for which application threads were stopped: 0.0000545 seconds, Stopping threads took: 0.0000045 seconds
2020-04-30T02:03:28.610+0700: 9700.783: Total time for which application threads were stopped: 0.0001135 seconds, Stopping threads took: 0.0000324 seconds
2020-04-30T02:03:35.756+0700: 9707.929: Total time for which application threads were stopped: 0.0001431 seconds, Stopping threads took: 0.0000230 seconds
2020-04-30T02:03:35.763+0700: 9707.936: Total time for which application threads were stopped: 0.0001731 seconds, Stopping threads took: 0.0000701 seconds
2020-04-30T02:03:36.030+0700: 9708.203: Total time for which application threads were stopped: 0.0001315 seconds, Stopping threads took: 0.0000238 seconds
2020-04-30T02:03:39.608+0700: 9711.781: Total time for which application threads were stopped: 0.0001626 seconds, Stopping threads took: 0.0000223 seconds
2020-04-30T02:03:39.608+0700: 9711.781: Total time for which application threads were stopped: 0.0000840 seconds, Stopping threads took: 0.0000093 seconds
2020-04-30T02:03:39.608+0700: 9711.781: Total time for which application threads were stopped: 0.0000591 seconds, Stopping threads took: 0.0000065 seconds
2020-04-30T02:03:39.608+0700: 9711.781: Total time for which application threads were stopped: 0.0000481 seconds, Stopping threads took: 0.0000043 seconds
2020-04-30T02:03:52.359+0700: 9724.532: Total time for which application threads were stopped: 0.0002154 seconds, Stopping threads took: 0.0000285 seconds
2020-04-30T02:03:59.662+0700: 9731.834: Total time for which application threads were stopped: 0.0002677 seconds, Stopping threads took: 0.0000193 seconds
2020-04-30T02:03:59.662+0700: 9731.834: Total time for which application threads were stopped: 0.0001401 seconds, Stopping threads took: 0.0000401 seconds
2020-04-30T02:03:59.663+0700: 9731.834: Total time for which application threads were stopped: 0.0000612 seconds, Stopping threads took: 0.0000062 seconds
2020-04-30T02:03:59.663+0700: 9731.834: Total time for which application threads were stopped: 0.0000764 seconds, Stopping threads took: 0.0000035 seconds
2020-04-30T02:04:08.511+0700: 9740.683: Total time for which application threads were stopped: 0.0001664 seconds, Stopping threads took: 0.0000256 seconds
2020-04-30T02:04:18.070+0700: 9750.242: Total time for which application threads were stopped: 0.0001529 seconds, Stopping threads took: 0.0000201 seconds
2020-04-30T02:04:18.070+0700: 9750.242: Total time for which application threads were stopped: 0.0000846 seconds, Stopping threads took: 0.0000081 seconds
2020-04-30T02:04:18.070+0700: 9750.243: Total time for which application threads were stopped: 0.0008520 seconds, Stopping threads took: 0.0000093 seconds
2020-04-30T02:04:18.071+0700: 9750.243: Total time for which application threads were stopped: 0.0000846 seconds, Stopping threads took: 0.0000086 seconds
2020-04-30T02:04:29.827+0700: 9761.998: Total time for which application threads were stopped: 0.0001475 seconds, Stopping threads took: 0.0000178 seconds
2020-04-30T02:04:29.827+0700: 9761.999: Total time for which application threads were stopped: 0.0000911 seconds, Stopping threads took: 0.0000047 seconds
2020-04-30T02:04:29.835+0700: 9762.006: Total time for which application threads were stopped: 0.0001074 seconds, Stopping threads took: 0.0000136 seconds
2020-04-30T02:04:36.234+0700: 9768.405: Total time for which application threads were stopped: 0.0001643 seconds, Stopping threads took: 0.0000218 seconds
2020-04-30T02:04:36.234+0700: 9768.405: Total time for which application threads were stopped: 0.0000964 seconds, Stopping threads took: 0.0000099 seconds
2020-04-30T02:04:36.234+0700: 9768.405: Total time for which application threads were stopped: 0.0000921 seconds, Stopping threads took: 0.0000122 seconds
2020-04-30T02:04:36.234+0700: 9768.405: Total time for which application threads were stopped: 0.0000796 seconds, Stopping threads took: 0.0000098 seconds
2020-04-30T02:04:48.726+0700: 9780.897: Total time for which application threads were stopped: 0.0001009 seconds, Stopping threads took: 0.0000170 seconds
2020-04-30T02:04:55.872+0700: 9788.042: Total time for which application threads were stopped: 0.0001565 seconds, Stopping threads took: 0.0000204 seconds
2020-04-30T02:04:55.872+0700: 9788.043: Total time for which application threads were stopped: 0.0000976 seconds, Stopping threads took: 0.0000106 seconds
2020-04-30T02:04:55.872+0700: 9788.043: Total time for which application threads were stopped: 0.0000683 seconds, Stopping threads took: 0.0000072 seconds
2020-04-30T02:04:55.872+0700: 9788.043: Total time for which application threads were stopped: 0.0000597 seconds, Stopping threads took: 0.0000066 seconds
2020-04-30T02:05:08.775+0700: 9800.945: Total time for which application threads were stopped: 0.0002206 seconds, Stopping threads took: 0.0000306 seconds
2020-04-30T02:05:27.834+0700: 9820.004: Total time for which application threads were stopped: 0.0001703 seconds, Stopping threads took: 0.0000234 seconds
2020-04-30T02:05:27.834+0700: 9820.004: Total time for which application threads were stopped: 0.0000696 seconds, Stopping threads took: 0.0000077 seconds
2020-04-30T02:05:27.834+0700: 9820.004: Total time for which application threads were stopped: 0.0000640 seconds, Stopping threads took: 0.0000072 seconds
2020-04-30T02:05:27.834+0700: 9820.004: Total time for which application threads were stopped: 0.0000517 seconds, Stopping threads took: 0.0000045 seconds
2020-04-30T02:05:35.873+0700: 9828.042: Total time for which application threads were stopped: 0.0001210 seconds, Stopping threads took: 0.0000198 seconds
2020-04-30T02:05:35.873+0700: 9828.042: Total time for which application threads were stopped: 0.0000501 seconds, Stopping threads took: 0.0000050 seconds
2020-04-30T02:05:35.881+0700: 9828.051: Total time for which application threads were stopped: 0.0000911 seconds, Stopping threads took: 0.0000133 seconds
2020-04-30T02:05:35.882+0700: 9828.051: Total time for which application threads were stopped: 0.0001007 seconds, Stopping threads took: 0.0000305 seconds
2020-04-30T02:05:36.883+0700: 9829.052: Total time for which application threads were stopped: 0.0001527 seconds, Stopping threads took: 0.0000374 seconds
2020-04-30T02:05:42.353+0700: 9834.522: Total time for which application threads were stopped: 0.0001611 seconds, Stopping threads took: 0.0000221 seconds
2020-04-30T02:05:42.353+0700: 9834.522: Total time for which application threads were stopped: 0.0000920 seconds, Stopping threads took: 0.0000094 seconds
2020-04-30T02:05:42.353+0700: 9834.522: Total time for which application threads were stopped: 0.0000663 seconds, Stopping threads took: 0.0000073 seconds
2020-04-30T02:05:42.353+0700: 9834.522: Total time for which application threads were stopped: 0.0000556 seconds, Stopping threads took: 0.0000052 seconds
2020-04-30T02:05:52.036+0700: 9844.205: Total time for which application threads were stopped: 0.0001566 seconds, Stopping threads took: 0.0000546 seconds
2020-04-30T02:05:52.036+0700: 9844.205: Total time for which application threads were stopped: 0.0000630 seconds, Stopping threads took: 0.0000233 seconds
2020-04-30T02:05:52.036+0700: 9844.205: Total time for which application threads were stopped: 0.0001059 seconds, Stopping threads took: 0.0000060 seconds
2020-04-30T02:05:52.036+0700: 9844.205: Total time for which application threads were stopped: 0.0000450 seconds, Stopping threads took: 0.0000065 seconds
2020-04-30T02:05:52.036+0700: 9844.205: Total time for which application threads were stopped: 0.0000367 seconds, Stopping threads took: 0.0000052 seconds
2020-04-30T02:05:52.036+0700: 9844.205: Total time for which application threads were stopped: 0.0000367 seconds, Stopping threads took: 0.0000053 seconds
2020-04-30T02:05:52.036+0700: 9844.205: Total time for which application threads were stopped: 0.0000361 seconds, Stopping threads took: 0.0000049 seconds
2020-04-30T02:05:52.036+0700: 9844.205: Total time for which application threads were stopped: 0.0000705 seconds, Stopping threads took: 0.0000209 seconds
2020-04-30T02:05:52.036+0700: 9844.206: Total time for which application threads were stopped: 0.0000352 seconds, Stopping threads took: 0.0000049 seconds
2020-04-30T02:05:52.036+0700: 9844.206: Total time for which application threads were stopped: 0.0000946 seconds, Stopping threads took: 0.0000070 seconds
2020-04-30T02:05:52.037+0700: 9844.206: Total time for which application threads were stopped: 0.0000371 seconds, Stopping threads took: 0.0000055 seconds
2020-04-30T02:05:52.037+0700: 9844.206: Total time for which application threads were stopped: 0.0000371 seconds, Stopping threads took: 0.0000053 seconds
2020-04-30T02:05:52.037+0700: 9844.206: Total time for which application threads were stopped: 0.0000802 seconds, Stopping threads took: 0.0000066 seconds
2020-04-30T02:05:52.037+0700: 9844.206: Total time for which application threads were stopped: 0.0000535 seconds, Stopping threads took: 0.0000063 seconds
2020-04-30T02:05:52.037+0700: 9844.206: Total time for which application threads were stopped: 0.0000387 seconds, Stopping threads took: 0.0000057 seconds
2020-04-30T02:05:54.798+0700: 9846.967: Total time for which application threads were stopped: 0.0001039 seconds, Stopping threads took: 0.0000191 seconds
2020-04-30T02:05:54.799+0700: 9846.968: Total time for which application threads were stopped: 0.0001064 seconds, Stopping threads took: 0.0000173 seconds
2020-04-30T02:05:55.803+0700: 9847.972: Total time for which application threads were stopped: 0.0001157 seconds, Stopping threads took: 0.0000261 seconds
2020-04-30T02:06:01.559+0700: 9853.728: Total time for which application threads were stopped: 0.0001639 seconds, Stopping threads took: 0.0000208 seconds
2020-04-30T02:06:01.559+0700: 9853.728: Total time for which application threads were stopped: 0.0000878 seconds, Stopping threads took: 0.0000094 seconds
2020-04-30T02:06:01.560+0700: 9853.729: Total time for which application threads were stopped: 0.0002306 seconds, Stopping threads took: 0.0000077 seconds
2020-04-30T02:06:01.560+0700: 9853.729: Total time for which application threads were stopped: 0.0001618 seconds, Stopping threads took: 0.0000051 seconds
2020-04-30T02:06:05.407+0700: 9857.576: Total time for which application threads were stopped: 0.0001404 seconds, Stopping threads took: 0.0000207 seconds
2020-04-30T02:06:05.407+0700: 9857.576: Total time for which application threads were stopped: 0.0000882 seconds, Stopping threads took: 0.0000091 seconds
2020-04-30T02:06:15.848+0700: 9868.016: Total time for which application threads were stopped: 0.0001616 seconds, Stopping threads took: 0.0000324 seconds
2020-04-30T02:06:15.848+0700: 9868.017: Total time for which application threads were stopped: 0.0001136 seconds, Stopping threads took: 0.0000247 seconds
2020-04-30T02:06:15.848+0700: 9868.017: Total time for which application threads were stopped: 0.0000836 seconds, Stopping threads took: 0.0000250 seconds
2020-04-30T02:06:15.848+0700: 9868.017: Total time for which application threads were stopped: 0.0000519 seconds, Stopping threads took: 0.0000067 seconds
2020-04-30T02:06:42.567+0700: 9894.735: Total time for which application threads were stopped: 0.0001668 seconds, Stopping threads took: 0.0000200 seconds
2020-04-30T02:06:42.567+0700: 9894.735: Total time for which application threads were stopped: 0.0000836 seconds, Stopping threads took: 0.0000089 seconds
2020-04-30T02:06:42.567+0700: 9894.735: Total time for which application threads were stopped: 0.0000601 seconds, Stopping threads took: 0.0000064 seconds
2020-04-30T02:06:42.567+0700: 9894.735: Total time for which application threads were stopped: 0.0000470 seconds, Stopping threads took: 0.0000039 seconds
2020-04-30T02:06:49.593+0700: 9901.761: Total time for which application threads were stopped: 0.0001213 seconds, Stopping threads took: 0.0000238 seconds
2020-04-30T02:06:56.411+0700: 9908.579: Total time for which application threads were stopped: 0.0001526 seconds, Stopping threads took: 0.0000185 seconds
2020-04-30T02:06:56.412+0700: 9908.579: Total time for which application threads were stopped: 0.0002221 seconds, Stopping threads took: 0.0000079 seconds
2020-04-30T02:06:56.412+0700: 9908.579: Total time for which application threads were stopped: 0.0000633 seconds, Stopping threads took: 0.0000077 seconds
2020-04-30T02:06:56.412+0700: 9908.579: Total time for which application threads were stopped: 0.0000414 seconds, Stopping threads took: 0.0000036 seconds
2020-04-30T02:07:00.708+0700: 9912.876: Total time for which application threads were stopped: 0.0001572 seconds, Stopping threads took: 0.0000219 seconds
2020-04-30T02:07:02.676+0700: 9914.843: Total time for which application threads were stopped: 0.0002362 seconds, Stopping threads took: 0.0000564 seconds
2020-04-30T02:07:14.688+0700: 9926.856: Total time for which application threads were stopped: 0.0001434 seconds, Stopping threads took: 0.0000194 seconds
2020-04-30T02:07:14.688+0700: 9926.856: Total time for which application threads were stopped: 0.0000792 seconds, Stopping threads took: 0.0000075 seconds
2020-04-30T02:07:14.689+0700: 9926.856: Total time for which application threads were stopped: 0.0000625 seconds, Stopping threads took: 0.0000070 seconds
2020-04-30T02:07:14.689+0700: 9926.856: Total time for which application threads were stopped: 0.0000435 seconds, Stopping threads took: 0.0000037 seconds
2020-04-30T02:07:28.510+0700: 9940.677: Total time for which application threads were stopped: 0.0001857 seconds, Stopping threads took: 0.0000214 seconds
2020-04-30T02:07:28.510+0700: 9940.678: Total time for which application threads were stopped: 0.0001267 seconds, Stopping threads took: 0.0000111 seconds
2020-04-30T02:07:28.511+0700: 9940.678: Total time for which application threads were stopped: 0.0000729 seconds, Stopping threads took: 0.0000081 seconds
2020-04-30T02:07:28.511+0700: 9940.678: Total time for which application threads were stopped: 0.0000692 seconds, Stopping threads took: 0.0000081 seconds
2020-04-30T02:07:49.579+0700: 9961.746: Total time for which application threads were stopped: 0.0001068 seconds, Stopping threads took: 0.0000210 seconds
2020-04-30T02:07:54.868+0700: 9967.034: Total time for which application threads were stopped: 0.0002990 seconds, Stopping threads took: 0.0000200 seconds
2020-04-30T02:07:54.868+0700: 9967.034: Total time for which application threads were stopped: 0.0000803 seconds, Stopping threads took: 0.0000073 seconds
2020-04-30T02:07:54.868+0700: 9967.034: Total time for which application threads were stopped: 0.0000566 seconds, Stopping threads took: 0.0000060 seconds
2020-04-30T02:07:54.868+0700: 9967.034: Total time for which application threads were stopped: 0.0000425 seconds, Stopping threads took: 0.0000037 seconds
2020-04-30T02:07:57.876+0700: 9970.042: Total time for which application threads were stopped: 0.0001455 seconds, Stopping threads took: 0.0000189 seconds
2020-04-30T02:08:03.993+0700: 9976.159: Total time for which application threads were stopped: 0.0001423 seconds, Stopping threads took: 0.0000327 seconds
2020-04-30T02:08:03.993+0700: 9976.159: Total time for which application threads were stopped: 0.0000496 seconds, Stopping threads took: 0.0000049 seconds
2020-04-30T02:08:04.997+0700: 9977.164: Total time for which application threads were stopped: 0.0001462 seconds, Stopping threads took: 0.0000301 seconds
2020-04-30T02:08:09.260+0700: 9981.426: Total time for which application threads were stopped: 0.0001582 seconds, Stopping threads took: 0.0000321 seconds
2020-04-30T02:08:09.260+0700: 9981.427: Total time for which application threads were stopped: 0.0000882 seconds, Stopping threads took: 0.0000100 seconds
2020-04-30T02:08:09.260+0700: 9981.427: Total time for which application threads were stopped: 0.0000738 seconds, Stopping threads took: 0.0000065 seconds
2020-04-30T02:08:09.261+0700: 9981.427: Total time for which application threads were stopped: 0.0000676 seconds, Stopping threads took: 0.0000200 seconds
2020-04-30T02:08:19.991+0700: 9992.157: Total time for which application threads were stopped: 0.0001653 seconds, Stopping threads took: 0.0000664 seconds
2020-04-30T02:08:19.991+0700: 9992.157: Total time for which application threads were stopped: 0.0001959 seconds, Stopping threads took: 0.0000148 seconds
2020-04-30T02:08:19.992+0700: 9992.158: Total time for which application threads were stopped: 0.0001110 seconds, Stopping threads took: 0.0000314 seconds
2020-04-30T02:08:19.992+0700: 9992.158: Total time for which application threads were stopped: 0.0000835 seconds, Stopping threads took: 0.0000245 seconds
2020-04-30T02:08:19.993+0700: 9992.159: Total time for which application threads were stopped: 0.0000796 seconds, Stopping threads took: 0.0000105 seconds
2020-04-30T02:08:20.032+0700: 9992.198: Total time for which application threads were stopped: 0.0000928 seconds, Stopping threads took: 0.0000170 seconds
{Heap before GC invocations=26 (full 0):
 garbage-first heap   total 524288K, used 365315K [0x00000007a0000000, 0x00000007a0101000, 0x00000007c0000000)
  region size 1024K, 307 young (314368K), 24 survivors (24576K)
 Metaspace       used 53814K, capacity 56068K, committed 56136K, reserved 1099776K
  class space    used 6214K, capacity 6667K, committed 6732K, reserved 1048576K
2020-04-30T02:08:20.075+0700: 9992.241: [GC pause (G1 Evacuation Pause) (young)
Desired survivor size 20447232 bytes, new threshold 15 (max 15)
- age   1:    8429120 bytes,    8429120 total
- age   2:     260496 bytes,    8689616 total
- age   3:    4309592 bytes,   12999208 total
- age   4:      52264 bytes,   13051472 total
- age   5:     277008 bytes,   13328480 total
- age   6:      21760 bytes,   13350240 total
- age   7:      41392 bytes,   13391632 total
- age   8:     595296 bytes,   13986928 total
- age   9:    3026320 bytes,   17013248 total
- age  10:     423056 bytes,   17436304 total
- age  11:      60696 bytes,   17497000 total
- age  12:      29664 bytes,   17526664 total
- age  13:      34672 bytes,   17561336 total
- age  14:     917432 bytes,   18478768 total
- age  15:     510744 bytes,   18989512 total
, 0.0074832 secs]
   [Parallel Time: 5.0 ms, GC Workers: 8]
      [GC Worker Start (ms): Min: 9992240.7, Avg: 9992240.8, Max: 9992240.8, Diff: 0.1]
      [Ext Root Scanning (ms): Min: 0.2, Avg: 0.4, Max: 1.2, Diff: 1.0, Sum: 3.2]
      [Update RS (ms): Min: 0.5, Avg: 1.2, Max: 1.5, Diff: 1.0, Sum: 9.8]
         [Processed Buffers: Min: 1, Avg: 4.9, Max: 13, Diff: 12, Sum: 39]
      [Scan RS (ms): Min: 0.0, Avg: 0.0, Max: 0.1, Diff: 0.1, Sum: 0.2]
      [Code Root Scanning (ms): Min: 0.0, Avg: 0.5, Max: 1.5, Diff: 1.5, Sum: 4.4]
      [Object Copy (ms): Min: 1.8, Avg: 2.5, Max: 3.1, Diff: 1.3, Sum: 20.3]
      [Termination (ms): Min: 0.0, Avg: 0.0, Max: 0.0, Diff: 0.0, Sum: 0.0]
         [Termination Attempts: Min: 1, Avg: 1.0, Max: 1, Diff: 0, Sum: 8]
      [GC Worker Other (ms): Min: 0.0, Avg: 0.0, Max: 0.0, Diff: 0.0, Sum: 0.2]
      [GC Worker Total (ms): Min: 4.7, Avg: 4.8, Max: 4.8, Diff: 0.1, Sum: 38.2]
      [GC Worker End (ms): Min: 9992245.5, Avg: 9992245.6, Max: 9992245.6, Diff: 0.0]
   [Code Root Fixup: 0.1 ms]
   [Code Root Purge: 0.0 ms]
   [Clear CT: 0.2 ms]
   [Other: 2.3 ms]
      [Choose CSet: 0.0 ms]
      [Ref Proc: 1.8 ms]
      [Ref Enq: 0.1 ms]
      [Redirty Cards: 0.1 ms]
      [Humongous Register: 0.0 ms]
      [Humongous Reclaim: 0.0 ms]
      [Free CSet: 0.1 ms]
   [Eden: 283.0M(283.0M)->0.0B(284.0M) Survivors: 24.0M->23.0M Heap: 356.8M(512.0M)->75.0M(512.0M)]
Heap after GC invocations=27 (full 0):
 garbage-first heap   total 524288K, used 76749K [0x00000007a0000000, 0x00000007a0101000, 0x00000007c0000000)
  region size 1024K, 23 young (23552K), 23 survivors (23552K)
 Metaspace       used 53814K, capacity 56068K, committed 56136K, reserved 1099776K
  class space    used 6214K, capacity 6667K, committed 6732K, reserved 1048576K
}
 [Times: user=0.04 sys=0.00, real=0.01 secs] 
2020-04-30T02:08:20.082+0700: 9992.248: Total time for which application threads were stopped: 0.0078306 seconds, Stopping threads took: 0.0000322 seconds
2020-04-30T02:08:20.128+0700: 9992.294: Total time for which application threads were stopped: 0.0001202 seconds, Stopping threads took: 0.0000331 seconds
2020-04-30T02:08:20.131+0700: 9992.297: Total time for which application threads were stopped: 0.0002232 seconds, Stopping threads took: 0.0000300 seconds
2020-04-30T02:08:25.373+0700: 9997.539: Total time for which application threads were stopped: 0.0001468 seconds, Stopping threads took: 0.0000184 seconds
2020-04-30T02:08:25.373+0700: 9997.539: Total time for which application threads were stopped: 0.0000786 seconds, Stopping threads took: 0.0000080 seconds
2020-04-30T02:08:25.373+0700: 9997.539: Total time for which application threads were stopped: 0.0000531 seconds, Stopping threads took: 0.0000066 seconds
2020-04-30T02:08:25.373+0700: 9997.539: Total time for which application threads were stopped: 0.0000420 seconds, Stopping threads took: 0.0000036 seconds
2020-04-30T02:08:36.681+0700: 10008.847: Total time for which application threads were stopped: 0.0001395 seconds, Stopping threads took: 0.0000381 seconds
2020-04-30T02:08:36.681+0700: 10008.847: Total time for which application threads were stopped: 0.0001095 seconds, Stopping threads took: 0.0000327 seconds
2020-04-30T02:08:36.682+0700: 10008.847: Total time for which application threads were stopped: 0.0000419 seconds, Stopping threads took: 0.0000057 seconds
2020-04-30T02:08:36.682+0700: 10008.847: Total time for which application threads were stopped: 0.0000376 seconds, Stopping threads took: 0.0000052 seconds
2020-04-30T02:08:36.682+0700: 10008.847: Total time for which application threads were stopped: 0.0000383 seconds, Stopping threads took: 0.0000055 seconds
2020-04-30T02:08:36.682+0700: 10008.847: Total time for which application threads were stopped: 0.0000369 seconds, Stopping threads took: 0.0000051 seconds
2020-04-30T02:08:36.682+0700: 10008.847: Total time for which application threads were stopped: 0.0000387 seconds, Stopping threads took: 0.0000054 seconds
2020-04-30T02:08:36.682+0700: 10008.847: Total time for which application threads were stopped: 0.0000457 seconds, Stopping threads took: 0.0000069 seconds
2020-04-30T02:08:36.682+0700: 10008.847: Total time for which application threads were stopped: 0.0000409 seconds, Stopping threads took: 0.0000055 seconds
2020-04-30T02:08:36.682+0700: 10008.848: Total time for which application threads were stopped: 0.0000387 seconds, Stopping threads took: 0.0000055 seconds
2020-04-30T02:08:36.682+0700: 10008.848: Total time for which application threads were stopped: 0.0000553 seconds, Stopping threads took: 0.0000092 seconds
2020-04-30T02:08:36.682+0700: 10008.848: Total time for which application threads were stopped: 0.0000393 seconds, Stopping threads took: 0.0000054 seconds
2020-04-30T02:08:36.682+0700: 10008.848: Total time for which application threads were stopped: 0.0000380 seconds, Stopping threads took: 0.0000055 seconds
2020-04-30T02:08:36.682+0700: 10008.848: Total time for which application threads were stopped: 0.0000636 seconds, Stopping threads took: 0.0000072 seconds
2020-04-30T02:08:36.682+0700: 10008.848: Total time for which application threads were stopped: 0.0000416 seconds, Stopping threads took: 0.0000061 seconds
2020-04-30T02:08:36.683+0700: 10008.849: Total time for which application threads were stopped: 0.0000542 seconds, Stopping threads took: 0.0000090 seconds
2020-04-30T02:08:36.684+0700: 10008.849: Total time for which application threads were stopped: 0.0000600 seconds, Stopping threads took: 0.0000099 seconds
2020-04-30T02:08:36.692+0700: 10008.858: Total time for which application threads were stopped: 0.0000979 seconds, Stopping threads took: 0.0000294 seconds
2020-04-30T02:08:36.707+0700: 10008.872: Total time for which application threads were stopped: 0.0000960 seconds, Stopping threads took: 0.0000176 seconds
2020-04-30T02:08:42.869+0700: 10015.034: Total time for which application threads were stopped: 0.0001680 seconds, Stopping threads took: 0.0000219 seconds
2020-04-30T02:08:42.869+0700: 10015.035: Total time for which application threads were stopped: 0.0001437 seconds, Stopping threads took: 0.0000188 seconds
2020-04-30T02:08:42.870+0700: 10015.035: Total time for which application threads were stopped: 0.0000988 seconds, Stopping threads took: 0.0000106 seconds
2020-04-30T02:08:42.870+0700: 10015.035: Total time for which application threads were stopped: 0.0000692 seconds, Stopping threads took: 0.0000057 seconds
2020-04-30T02:08:53.913+0700: 10026.078: Total time for which application threads were stopped: 0.0002151 seconds, Stopping threads took: 0.0000248 seconds
2020-04-30T02:09:00.574+0700: 10032.739: Total time for which application threads were stopped: 0.0001680 seconds, Stopping threads took: 0.0000215 seconds
2020-04-30T02:09:00.574+0700: 10032.739: Total time for which application threads were stopped: 0.0000729 seconds, Stopping threads took: 0.0000072 seconds
2020-04-30T02:09:00.574+0700: 10032.739: Total time for which application threads were stopped: 0.0000580 seconds, Stopping threads took: 0.0000058 seconds
2020-04-30T02:09:00.574+0700: 10032.739: Total time for which application threads were stopped: 0.0000448 seconds, Stopping threads took: 0.0000038 seconds
2020-04-30T02:09:02.681+0700: 10034.846: Total time for which application threads were stopped: 0.0001165 seconds, Stopping threads took: 0.0000231 seconds
2020-04-30T02:09:05.929+0700: 10038.094: Total time for which application threads were stopped: 0.0003794 seconds, Stopping threads took: 0.0000473 seconds
2020-04-30T02:09:06.181+0700: 10038.346: Total time for which application threads were stopped: 0.0001596 seconds, Stopping threads took: 0.0000311 seconds
2020-04-30T02:09:06.188+0700: 10038.353: Total time for which application threads were stopped: 0.0002678 seconds, Stopping threads took: 0.0000666 seconds
2020-04-30T02:09:06.189+0700: 10038.354: Total time for which application threads were stopped: 0.0001274 seconds, Stopping threads took: 0.0000276 seconds
2020-04-30T02:09:06.190+0700: 10038.355: Total time for which application threads were stopped: 0.0002488 seconds, Stopping threads took: 0.0000235 seconds
2020-04-30T02:09:10.511+0700: 10042.675: Total time for which application threads were stopped: 0.0001155 seconds, Stopping threads took: 0.0000189 seconds
2020-04-30T02:09:18.043+0700: 10050.208: Total time for which application threads were stopped: 0.0001521 seconds, Stopping threads took: 0.0000219 seconds
2020-04-30T02:09:18.043+0700: 10050.208: Total time for which application threads were stopped: 0.0000770 seconds, Stopping threads took: 0.0000074 seconds
2020-04-30T02:09:18.044+0700: 10050.208: Total time for which application threads were stopped: 0.0000715 seconds, Stopping threads took: 0.0000094 seconds
2020-04-30T02:09:18.044+0700: 10050.208: Total time for which application threads were stopped: 0.0000469 seconds, Stopping threads took: 0.0000038 seconds
2020-04-30T02:09:27.068+0700: 10059.232: Total time for which application threads were stopped: 0.0001252 seconds, Stopping threads took: 0.0000208 seconds
2020-04-30T02:09:27.068+0700: 10059.233: Total time for which application threads were stopped: 0.0000797 seconds, Stopping threads took: 0.0000046 seconds
2020-04-30T02:09:27.075+0700: 10059.240: Total time for which application threads were stopped: 0.0001043 seconds, Stopping threads took: 0.0000253 seconds
2020-04-30T02:09:38.043+0700: 10070.207: Total time for which application threads were stopped: 0.0001496 seconds, Stopping threads took: 0.0000201 seconds
2020-04-30T02:09:38.043+0700: 10070.207: Total time for which application threads were stopped: 0.0000759 seconds, Stopping threads took: 0.0000072 seconds
2020-04-30T02:09:38.043+0700: 10070.207: Total time for which application threads were stopped: 0.0000538 seconds, Stopping threads took: 0.0000069 seconds
2020-04-30T02:09:38.043+0700: 10070.207: Total time for which application threads were stopped: 0.0000422 seconds, Stopping threads took: 0.0000036 seconds
2020-04-30T02:09:49.020+0700: 10081.184: Total time for which application threads were stopped: 0.0001367 seconds, Stopping threads took: 0.0000354 seconds
2020-04-30T02:09:49.020+0700: 10081.184: Total time for which application threads were stopped: 0.0000442 seconds, Stopping threads took: 0.0000042 seconds
2020-04-30T02:09:49.028+0700: 10081.192: Total time for which application threads were stopped: 0.0001070 seconds, Stopping threads took: 0.0000307 seconds
2020-04-30T02:09:51.969+0700: 10084.133: Total time for which application threads were stopped: 0.0001624 seconds, Stopping threads took: 0.0000217 seconds
2020-04-30T02:09:51.969+0700: 10084.133: Total time for which application threads were stopped: 0.0000812 seconds, Stopping threads took: 0.0000079 seconds
2020-04-30T02:09:51.969+0700: 10084.133: Total time for which application threads were stopped: 0.0000585 seconds, Stopping threads took: 0.0000073 seconds
2020-04-30T02:09:51.969+0700: 10084.133: Total time for which application threads were stopped: 0.0000470 seconds, Stopping threads took: 0.0000039 seconds
2020-04-30T02:10:05.354+0700: 10097.518: Total time for which application threads were stopped: 0.0001708 seconds, Stopping threads took: 0.0000531 seconds
2020-04-30T02:10:08.602+0700: 10100.766: Total time for which application threads were stopped: 0.0003122 seconds, Stopping threads took: 0.0000505 seconds
2020-04-30T02:10:08.603+0700: 10100.766: Total time for which application threads were stopped: 0.0001567 seconds, Stopping threads took: 0.0000220 seconds
2020-04-30T02:10:08.603+0700: 10100.766: Total time for which application threads were stopped: 0.0001057 seconds, Stopping threads took: 0.0000127 seconds
2020-04-30T02:10:08.603+0700: 10100.766: Total time for which application threads were stopped: 0.0000553 seconds, Stopping threads took: 0.0000051 seconds
2020-04-30T02:10:21.972+0700: 10114.135: Total time for which application threads were stopped: 0.0001238 seconds, Stopping threads took: 0.0000333 seconds
2020-04-30T02:10:27.303+0700: 10119.466: Total time for which application threads were stopped: 0.0001665 seconds, Stopping threads took: 0.0000231 seconds
2020-04-30T02:10:27.303+0700: 10119.467: Total time for which application threads were stopped: 0.0001026 seconds, Stopping threads took: 0.0000116 seconds
2020-04-30T02:10:27.304+0700: 10119.467: Total time for which application threads were stopped: 0.0000693 seconds, Stopping threads took: 0.0000079 seconds
2020-04-30T02:10:27.304+0700: 10119.467: Total time for which application threads were stopped: 0.0000536 seconds, Stopping threads took: 0.0000047 seconds
2020-04-30T02:10:39.805+0700: 10131.968: Total time for which application threads were stopped: 0.0001214 seconds, Stopping threads took: 0.0000278 seconds
2020-04-30T02:10:44.125+0700: 10136.288: Total time for which application threads were stopped: 0.0001470 seconds, Stopping threads took: 0.0000199 seconds
2020-04-30T02:10:44.126+0700: 10136.288: Total time for which application threads were stopped: 0.0000703 seconds, Stopping threads took: 0.0000069 seconds
2020-04-30T02:10:44.126+0700: 10136.288: Total time for which application threads were stopped: 0.0000524 seconds, Stopping threads took: 0.0000057 seconds
2020-04-30T02:10:44.126+0700: 10136.288: Total time for which application threads were stopped: 0.0000419 seconds, Stopping threads took: 0.0000036 seconds
2020-04-30T02:10:56.493+0700: 10148.656: Total time for which application threads were stopped: 0.0001211 seconds, Stopping threads took: 0.0000195 seconds
2020-04-30T02:10:56.494+0700: 10148.656: Total time for which application threads were stopped: 0.0002567 seconds, Stopping threads took: 0.0000484 seconds
2020-04-30T02:10:56.494+0700: 10148.657: Total time for which application threads were stopped: 0.0000827 seconds, Stopping threads took: 0.0000119 seconds
2020-04-30T02:11:01.958+0700: 10154.121: Total time for which application threads were stopped: 0.0001712 seconds, Stopping threads took: 0.0000225 seconds
2020-04-30T02:11:01.960+0700: 10154.122: Total time for which application threads were stopped: 0.0001215 seconds, Stopping threads took: 0.0000109 seconds
2020-04-30T02:11:01.960+0700: 10154.122: Total time for which application threads were stopped: 0.0000749 seconds, Stopping threads took: 0.0000091 seconds
2020-04-30T02:11:01.960+0700: 10154.122: Total time for which application threads were stopped: 0.0000579 seconds, Stopping threads took: 0.0000049 seconds
2020-04-30T02:11:13.391+0700: 10165.553: Total time for which application threads were stopped: 0.0001360 seconds, Stopping threads took: 0.0000489 seconds
2020-04-30T02:11:13.391+0700: 10165.553: Total time for which application threads were stopped: 0.0000885 seconds, Stopping threads took: 0.0000063 seconds
2020-04-30T02:11:13.392+0700: 10165.554: Total time for which application threads were stopped: 0.0000548 seconds, Stopping threads took: 0.0000089 seconds
2020-04-30T02:11:13.392+0700: 10165.554: Total time for which application threads were stopped: 0.0000854 seconds, Stopping threads took: 0.0000451 seconds
2020-04-30T02:11:13.392+0700: 10165.554: Total time for which application threads were stopped: 0.0000500 seconds, Stopping threads took: 0.0000138 seconds
2020-04-30T02:11:13.392+0700: 10165.554: Total time for which application threads were stopped: 0.0000470 seconds, Stopping threads took: 0.0000139 seconds
2020-04-30T02:11:13.392+0700: 10165.554: Total time for which application threads were stopped: 0.0000465 seconds, Stopping threads took: 0.0000140 seconds
2020-04-30T02:11:13.392+0700: 10165.554: Total time for which application threads were stopped: 0.0000520 seconds, Stopping threads took: 0.0000144 seconds
2020-04-30T02:11:13.392+0700: 10165.554: Total time for which application threads were stopped: 0.0000562 seconds, Stopping threads took: 0.0000149 seconds
2020-04-30T02:11:13.392+0700: 10165.554: Total time for which application threads were stopped: 0.0000470 seconds, Stopping threads took: 0.0000133 seconds
2020-04-30T02:11:13.392+0700: 10165.554: Total time for which application threads were stopped: 0.0000459 seconds, Stopping threads took: 0.0000136 seconds
2020-04-30T02:11:13.392+0700: 10165.554: Total time for which application threads were stopped: 0.0000456 seconds, Stopping threads took: 0.0000136 seconds
2020-04-30T02:11:13.392+0700: 10165.554: Total time for which application threads were stopped: 0.0000451 seconds, Stopping threads took: 0.0000140 seconds
2020-04-30T02:11:13.392+0700: 10165.555: Total time for which application threads were stopped: 0.0000470 seconds, Stopping threads took: 0.0000138 seconds
2020-04-30T02:11:13.393+0700: 10165.555: Total time for which application threads were stopped: 0.0000479 seconds, Stopping threads took: 0.0000130 seconds
2020-04-30T02:11:13.393+0700: 10165.555: Total time for which application threads were stopped: 0.0001950 seconds, Stopping threads took: 0.0000059 seconds
2020-04-30T02:11:13.396+0700: 10165.558: Total time for which application threads were stopped: 0.0000742 seconds, Stopping threads took: 0.0000142 seconds
2020-04-30T02:11:13.415+0700: 10165.577: Total time for which application threads were stopped: 0.0000875 seconds, Stopping threads took: 0.0000145 seconds
2020-04-30T02:11:21.776+0700: 10173.938: Total time for which application threads were stopped: 0.0001552 seconds, Stopping threads took: 0.0000214 seconds
2020-04-30T02:11:21.776+0700: 10173.938: Total time for which application threads were stopped: 0.0000755 seconds, Stopping threads took: 0.0000078 seconds
2020-04-30T02:11:21.776+0700: 10173.938: Total time for which application threads were stopped: 0.0001795 seconds, Stopping threads took: 0.0000058 seconds
2020-04-30T02:11:21.777+0700: 10173.938: Total time for which application threads were stopped: 0.0001337 seconds, Stopping threads took: 0.0000041 seconds
2020-04-30T02:11:26.643+0700: 10178.805: Total time for which application threads were stopped: 0.0001561 seconds, Stopping threads took: 0.0000204 seconds
2020-04-30T02:11:26.643+0700: 10178.805: Total time for which application threads were stopped: 0.0007686 seconds, Stopping threads took: 0.0000058 seconds
2020-04-30T02:11:34.970+0700: 10187.132: Total time for which application threads were stopped: 0.0002100 seconds, Stopping threads took: 0.0000328 seconds
2020-04-30T02:11:38.912+0700: 10191.074: Total time for which application threads were stopped: 0.0001507 seconds, Stopping threads took: 0.0000206 seconds
2020-04-30T02:11:38.912+0700: 10191.074: Total time for which application threads were stopped: 0.0000891 seconds, Stopping threads took: 0.0000113 seconds
2020-04-30T02:11:38.913+0700: 10191.074: Total time for which application threads were stopped: 0.0000649 seconds, Stopping threads took: 0.0000062 seconds
2020-04-30T02:11:38.913+0700: 10191.074: Total time for which application threads were stopped: 0.0000426 seconds, Stopping threads took: 0.0000038 seconds
2020-04-30T02:11:50.365+0700: 10202.527: Total time for which application threads were stopped: 0.0001703 seconds, Stopping threads took: 0.0000355 seconds
2020-04-30T02:11:51.369+0700: 10203.530: Total time for which application threads were stopped: 0.0001338 seconds, Stopping threads took: 0.0000203 seconds
2020-04-30T02:11:55.820+0700: 10207.981: Total time for which application threads were stopped: 0.0001615 seconds, Stopping threads took: 0.0000224 seconds
2020-04-30T02:11:55.820+0700: 10207.981: Total time for which application threads were stopped: 0.0001013 seconds, Stopping threads took: 0.0000130 seconds
2020-04-30T02:11:55.820+0700: 10207.981: Total time for which application threads were stopped: 0.0000918 seconds, Stopping threads took: 0.0000122 seconds
2020-04-30T02:11:55.820+0700: 10207.981: Total time for which application threads were stopped: 0.0000551 seconds, Stopping threads took: 0.0000052 seconds
2020-04-30T02:12:06.983+0700: 10219.144: Total time for which application threads were stopped: 0.0001048 seconds, Stopping threads took: 0.0000187 seconds
2020-04-30T02:12:11.679+0700: 10223.840: Total time for which application threads were stopped: 0.0001726 seconds, Stopping threads took: 0.0000240 seconds
2020-04-30T02:12:11.679+0700: 10223.840: Total time for which application threads were stopped: 0.0000899 seconds, Stopping threads took: 0.0000090 seconds
2020-04-30T02:12:11.679+0700: 10223.840: Total time for which application threads were stopped: 0.0000743 seconds, Stopping threads took: 0.0000092 seconds
2020-04-30T02:12:11.679+0700: 10223.840: Total time for which application threads were stopped: 0.0000529 seconds, Stopping threads took: 0.0000047 seconds
2020-04-30T02:12:24.770+0700: 10236.931: Total time for which application threads were stopped: 0.0001174 seconds, Stopping threads took: 0.0000203 seconds
2020-04-30T02:12:30.295+0700: 10242.456: Total time for which application threads were stopped: 0.0002148 seconds, Stopping threads took: 0.0000892 seconds
2020-04-30T02:12:30.296+0700: 10242.456: Total time for which application threads were stopped: 0.0001619 seconds, Stopping threads took: 0.0000788 seconds
2020-04-30T02:12:42.964+0700: 10255.125: Total time for which application threads were stopped: 0.0001621 seconds, Stopping threads took: 0.0000240 seconds
2020-04-30T02:12:42.965+0700: 10255.125: Total time for which application threads were stopped: 0.0000862 seconds, Stopping threads took: 0.0000089 seconds
2020-04-30T02:12:42.965+0700: 10255.125: Total time for which application threads were stopped: 0.0000835 seconds, Stopping threads took: 0.0000108 seconds
2020-04-30T02:12:42.965+0700: 10255.125: Total time for which application threads were stopped: 0.0000866 seconds, Stopping threads took: 0.0000077 seconds
2020-04-30T02:12:50.527+0700: 10262.687: Total time for which application threads were stopped: 0.0001201 seconds, Stopping threads took: 0.0000206 seconds
2020-04-30T02:12:52.533+0700: 10264.693: Total time for which application threads were stopped: 0.0001985 seconds, Stopping threads took: 0.0000394 seconds
2020-04-30T02:12:55.673+0700: 10267.832: Total time for which application threads were stopped: 0.0001587 seconds, Stopping threads took: 0.0000220 seconds
2020-04-30T02:12:55.674+0700: 10267.833: Total time for which application threads were stopped: 0.0001090 seconds, Stopping threads took: 0.0000135 seconds
2020-04-30T02:12:55.674+0700: 10267.833: Total time for which application threads were stopped: 0.0000865 seconds, Stopping threads took: 0.0000100 seconds
2020-04-30T02:12:55.674+0700: 10267.834: Total time for which application threads were stopped: 0.0000581 seconds, Stopping threads took: 0.0000045 seconds
2020-04-30T02:13:08.651+0700: 10280.811: Total time for which application threads were stopped: 0.0001063 seconds, Stopping threads took: 0.0000171 seconds
2020-04-30T02:13:14.364+0700: 10286.523: Total time for which application threads were stopped: 0.0001624 seconds, Stopping threads took: 0.0000230 seconds
2020-04-30T02:13:14.364+0700: 10286.523: Total time for which application threads were stopped: 0.0002891 seconds, Stopping threads took: 0.0000100 seconds
2020-04-30T02:13:14.364+0700: 10286.523: Total time for which application threads were stopped: 0.0000760 seconds, Stopping threads took: 0.0000088 seconds
2020-04-30T02:13:14.364+0700: 10286.524: Total time for which application threads were stopped: 0.0000740 seconds, Stopping threads took: 0.0000075 seconds
2020-04-30T02:13:26.115+0700: 10298.274: Total time for which application threads were stopped: 0.0001773 seconds, Stopping threads took: 0.0000354 seconds
2020-04-30T02:13:26.115+0700: 10298.274: Total time for which application threads were stopped: 0.0000648 seconds, Stopping threads took: 0.0000102 seconds
2020-04-30T02:13:37.156+0700: 10309.315: Total time for which application threads were stopped: 0.0001574 seconds, Stopping threads took: 0.0000202 seconds
2020-04-30T02:13:37.157+0700: 10309.315: Total time for which application threads were stopped: 0.0000863 seconds, Stopping threads took: 0.0000103 seconds
2020-04-30T02:13:37.157+0700: 10309.316: Total time for which application threads were stopped: 0.0000628 seconds, Stopping threads took: 0.0000075 seconds
2020-04-30T02:13:37.157+0700: 10309.316: Total time for which application threads were stopped: 0.0000445 seconds, Stopping threads took: 0.0000038 seconds
2020-04-30T02:13:45.301+0700: 10317.460: Total time for which application threads were stopped: 0.0001292 seconds, Stopping threads took: 0.0000284 seconds
2020-04-30T02:13:45.301+0700: 10317.460: Total time for which application threads were stopped: 0.0000853 seconds, Stopping threads took: 0.0000194 seconds
2020-04-30T02:13:45.302+0700: 10317.461: Total time for which application threads were stopped: 0.0001150 seconds, Stopping threads took: 0.0000358 seconds
2020-04-30T02:13:45.302+0700: 10317.461: Total time for which application threads were stopped: 0.0000856 seconds, Stopping threads took: 0.0000205 seconds
2020-04-30T02:13:46.306+0700: 10318.465: Total time for which application threads were stopped: 0.0001890 seconds, Stopping threads took: 0.0000229 seconds
2020-04-30T02:13:49.643+0700: 10321.802: Total time for which application threads were stopped: 0.0001842 seconds, Stopping threads took: 0.0000243 seconds
2020-04-30T02:13:49.643+0700: 10321.802: Total time for which application threads were stopped: 0.0000880 seconds, Stopping threads took: 0.0000075 seconds
2020-04-30T02:13:49.644+0700: 10321.802: Total time for which application threads were stopped: 0.0000602 seconds, Stopping threads took: 0.0000065 seconds
2020-04-30T02:13:49.644+0700: 10321.802: Total time for which application threads were stopped: 0.0000439 seconds, Stopping threads took: 0.0000037 seconds
2020-04-30T02:13:52.144+0700: 10324.303: Total time for which application threads were stopped: 0.0001153 seconds, Stopping threads took: 0.0000214 seconds
2020-04-30T02:13:52.145+0700: 10324.303: Total time for which application threads were stopped: 0.0000552 seconds, Stopping threads took: 0.0000080 seconds
2020-04-30T02:13:52.145+0700: 10324.303: Total time for which application threads were stopped: 0.0000777 seconds, Stopping threads took: 0.0000117 seconds
2020-04-30T02:13:52.145+0700: 10324.304: Total time for which application threads were stopped: 0.0000583 seconds, Stopping threads took: 0.0000088 seconds
2020-04-30T02:13:52.146+0700: 10324.304: Total time for which application threads were stopped: 0.0002223 seconds, Stopping threads took: 0.0000069 seconds
2020-04-30T02:14:01.314+0700: 10333.472: Total time for which application threads were stopped: 0.0002379 seconds, Stopping threads took: 0.0000196 seconds
2020-04-30T02:14:01.314+0700: 10333.473: Total time for which application threads were stopped: 0.0000696 seconds, Stopping threads took: 0.0000101 seconds
2020-04-30T02:14:01.314+0700: 10333.473: Total time for which application threads were stopped: 0.0000499 seconds, Stopping threads took: 0.0000064 seconds
2020-04-30T02:14:01.314+0700: 10333.473: Total time for which application threads were stopped: 0.0000435 seconds, Stopping threads took: 0.0000057 seconds
2020-04-30T02:14:01.314+0700: 10333.473: Total time for which application threads were stopped: 0.0000439 seconds, Stopping threads took: 0.0000056 seconds
2020-04-30T02:14:01.314+0700: 10333.473: Total time for which application threads were stopped: 0.0000686 seconds, Stopping threads took: 0.0000099 seconds
2020-04-30T02:14:01.315+0700: 10333.473: Total time for which application threads were stopped: 0.0000485 seconds, Stopping threads took: 0.0000063 seconds
2020-04-30T02:14:01.315+0700: 10333.473: Total time for which application threads were stopped: 0.0000443 seconds, Stopping threads took: 0.0000056 seconds
2020-04-30T02:14:01.315+0700: 10333.473: Total time for which application threads were stopped: 0.0000541 seconds, Stopping threads took: 0.0000072 seconds
2020-04-30T02:14:01.315+0700: 10333.473: Total time for which application threads were stopped: 0.0000485 seconds, Stopping threads took: 0.0000060 seconds
2020-04-30T02:14:01.315+0700: 10333.473: Total time for which application threads were stopped: 0.0000482 seconds, Stopping threads took: 0.0000059 seconds
2020-04-30T02:14:01.316+0700: 10333.474: Total time for which application threads were stopped: 0.0001017 seconds, Stopping threads took: 0.0000179 seconds
2020-04-30T02:14:01.317+0700: 10333.475: Total time for which application threads were stopped: 0.0000796 seconds, Stopping threads took: 0.0000144 seconds
2020-04-30T02:14:01.329+0700: 10333.488: Total time for which application threads were stopped: 0.0000976 seconds, Stopping threads took: 0.0000162 seconds
2020-04-30T02:14:01.341+0700: 10333.500: Total time for which application threads were stopped: 0.0001038 seconds, Stopping threads took: 0.0000197 seconds
2020-04-30T02:14:05.118+0700: 10337.276: Total time for which application threads were stopped: 0.0003043 seconds, Stopping threads took: 0.0000219 seconds
2020-04-30T02:14:05.118+0700: 10337.276: Total time for which application threads were stopped: 0.0000654 seconds, Stopping threads took: 0.0000072 seconds
2020-04-30T02:14:05.118+0700: 10337.276: Total time for which application threads were stopped: 0.0000642 seconds, Stopping threads took: 0.0000052 seconds
2020-04-30T02:14:05.118+0700: 10337.276: Total time for which application threads were stopped: 0.0000416 seconds, Stopping threads took: 0.0000034 seconds
2020-04-30T02:14:09.155+0700: 10341.313: Total time for which application threads were stopped: 0.0001629 seconds, Stopping threads took: 0.0000223 seconds
2020-04-30T02:14:16.644+0700: 10348.802: Total time for which application threads were stopped: 0.0002803 seconds, Stopping threads took: 0.0000263 seconds
2020-04-30T02:14:19.595+0700: 10351.753: Total time for which application threads were stopped: 0.0001660 seconds, Stopping threads took: 0.0000239 seconds
2020-04-30T02:14:19.595+0700: 10351.753: Total time for which application threads were stopped: 0.0000830 seconds, Stopping threads took: 0.0000090 seconds
2020-04-30T02:14:19.596+0700: 10351.753: Total time for which application threads were stopped: 0.0000668 seconds, Stopping threads took: 0.0000072 seconds
2020-04-30T02:14:19.596+0700: 10351.754: Total time for which application threads were stopped: 0.0000906 seconds, Stopping threads took: 0.0000102 seconds
2020-04-30T02:14:22.792+0700: 10354.950: Total time for which application threads were stopped: 0.0001639 seconds, Stopping threads took: 0.0000346 seconds
2020-04-30T02:14:22.794+0700: 10354.951: Total time for which application threads were stopped: 0.0002508 seconds, Stopping threads took: 0.0000375 seconds
2020-04-30T02:14:22.794+0700: 10354.952: Total time for which application threads were stopped: 0.0001685 seconds, Stopping threads took: 0.0000437 seconds
2020-04-30T02:14:22.794+0700: 10354.952: Total time for which application threads were stopped: 0.0001379 seconds, Stopping threads took: 0.0000495 seconds
2020-04-30T02:14:22.794+0700: 10354.952: Total time for which application threads were stopped: 0.0001645 seconds, Stopping threads took: 0.0000545 seconds
2020-04-30T02:14:22.795+0700: 10354.953: Total time for which application threads were stopped: 0.0002383 seconds, Stopping threads took: 0.0000787 seconds
2020-04-30T02:14:22.795+0700: 10354.953: Total time for which application threads were stopped: 0.0001825 seconds, Stopping threads took: 0.0000763 seconds
2020-04-30T02:14:22.796+0700: 10354.953: Total time for which application threads were stopped: 0.0001809 seconds, Stopping threads took: 0.0000277 seconds
2020-04-30T02:14:22.796+0700: 10354.954: Total time for which application threads were stopped: 0.0001254 seconds, Stopping threads took: 0.0000265 seconds
2020-04-30T02:14:22.796+0700: 10354.954: Total time for which application threads were stopped: 0.0001394 seconds, Stopping threads took: 0.0000128 seconds
2020-04-30T02:14:22.796+0700: 10354.954: Total time for which application threads were stopped: 0.0001060 seconds, Stopping threads took: 0.0000122 seconds
2020-04-30T02:14:22.796+0700: 10354.954: Total time for which application threads were stopped: 0.0001117 seconds, Stopping threads took: 0.0000119 seconds
2020-04-30T02:14:22.796+0700: 10354.954: Total time for which application threads were stopped: 0.0001201 seconds, Stopping threads took: 0.0000270 seconds
2020-04-30T02:14:22.797+0700: 10354.955: Total time for which application threads were stopped: 0.0001681 seconds, Stopping threads took: 0.0000392 seconds
2020-04-30T02:14:22.798+0700: 10354.955: Total time for which application threads were stopped: 0.0001573 seconds, Stopping threads took: 0.0000258 seconds
2020-04-30T02:14:22.799+0700: 10354.957: Total time for which application threads were stopped: 0.0004600 seconds, Stopping threads took: 0.0000683 seconds
2020-04-30T02:14:23.215+0700: 10355.373: Total time for which application threads were stopped: 0.0001637 seconds, Stopping threads took: 0.0000266 seconds
2020-04-30T02:14:35.726+0700: 10367.884: Total time for which application threads were stopped: 0.0001667 seconds, Stopping threads took: 0.0000242 seconds
2020-04-30T02:14:35.727+0700: 10367.884: Total time for which application threads were stopped: 0.0000894 seconds, Stopping threads took: 0.0000089 seconds
2020-04-30T02:14:35.727+0700: 10367.884: Total time for which application threads were stopped: 0.0000636 seconds, Stopping threads took: 0.0000074 seconds
2020-04-30T02:14:35.727+0700: 10367.884: Total time for which application threads were stopped: 0.0000516 seconds, Stopping threads took: 0.0000043 seconds
2020-04-30T02:14:47.994+0700: 10380.151: Total time for which application threads were stopped: 0.0001622 seconds, Stopping threads took: 0.0000385 seconds
2020-04-30T02:14:47.994+0700: 10380.151: Total time for which application threads were stopped: 0.0000965 seconds, Stopping threads took: 0.0000042 seconds
2020-04-30T02:14:52.844+0700: 10385.001: Total time for which application threads were stopped: 0.0001672 seconds, Stopping threads took: 0.0000199 seconds
2020-04-30T02:14:52.844+0700: 10385.001: Total time for which application threads were stopped: 0.0000706 seconds, Stopping threads took: 0.0000073 seconds
2020-04-30T02:14:52.844+0700: 10385.002: Total time for which application threads were stopped: 0.0012650 seconds, Stopping threads took: 0.0000074 seconds
2020-04-30T02:14:52.845+0700: 10385.002: Total time for which application threads were stopped: 0.0000688 seconds, Stopping threads took: 0.0000080 seconds
2020-04-30T02:15:10.170+0700: 10402.327: Total time for which application threads were stopped: 0.0002962 seconds, Stopping threads took: 0.0000720 seconds
2020-04-30T02:15:10.170+0700: 10402.327: Total time for which application threads were stopped: 0.0001145 seconds, Stopping threads took: 0.0000130 seconds
2020-04-30T02:15:10.170+0700: 10402.327: Total time for which application threads were stopped: 0.0000725 seconds, Stopping threads took: 0.0000101 seconds
2020-04-30T02:15:10.170+0700: 10402.327: Total time for which application threads were stopped: 0.0000504 seconds, Stopping threads took: 0.0000043 seconds
2020-04-30T02:15:25.939+0700: 10418.095: Total time for which application threads were stopped: 0.0001183 seconds, Stopping threads took: 0.0000220 seconds
2020-04-30T02:15:25.941+0700: 10418.097: Total time for which application threads were stopped: 0.0001465 seconds, Stopping threads took: 0.0000202 seconds
2020-04-30T02:15:28.049+0700: 10420.205: Total time for which application threads were stopped: 0.0002065 seconds, Stopping threads took: 0.0000227 seconds
2020-04-30T02:15:28.049+0700: 10420.205: Total time for which application threads were stopped: 0.0000843 seconds, Stopping threads took: 0.0000080 seconds
2020-04-30T02:15:28.049+0700: 10420.205: Total time for which application threads were stopped: 0.0000620 seconds, Stopping threads took: 0.0000068 seconds
2020-04-30T02:15:28.049+0700: 10420.205: Total time for which application threads were stopped: 0.0000482 seconds, Stopping threads took: 0.0000040 seconds
2020-04-30T02:15:41.096+0700: 10433.252: Total time for which application threads were stopped: 0.0001345 seconds, Stopping threads took: 0.0000310 seconds
2020-04-30T02:15:43.458+0700: 10435.614: Total time for which application threads were stopped: 0.0001694 seconds, Stopping threads took: 0.0000226 seconds
2020-04-30T02:15:43.459+0700: 10435.615: Total time for which application threads were stopped: 0.0000981 seconds, Stopping threads took: 0.0000101 seconds
2020-04-30T02:15:43.459+0700: 10435.615: Total time for which application threads were stopped: 0.0000675 seconds, Stopping threads took: 0.0000082 seconds
2020-04-30T02:15:43.459+0700: 10435.615: Total time for which application threads were stopped: 0.0000546 seconds, Stopping threads took: 0.0000048 seconds
2020-04-30T02:15:57.504+0700: 10449.660: Total time for which application threads were stopped: 0.0001306 seconds, Stopping threads took: 0.0000280 seconds
2020-04-30T02:16:06.615+0700: 10458.770: Total time for which application threads were stopped: 0.0001650 seconds, Stopping threads took: 0.0000235 seconds
2020-04-30T02:16:06.615+0700: 10458.770: Total time for which application threads were stopped: 0.0000869 seconds, Stopping threads took: 0.0000090 seconds
2020-04-30T02:16:06.615+0700: 10458.771: Total time for which application threads were stopped: 0.0000603 seconds, Stopping threads took: 0.0000068 seconds
2020-04-30T02:16:06.615+0700: 10458.771: Total time for which application threads were stopped: 0.0000475 seconds, Stopping threads took: 0.0000041 seconds
{Heap before GC invocations=27 (full 0):
 garbage-first heap   total 524288K, used 367565K [0x00000007a0000000, 0x00000007a0101000, 0x00000007c0000000)
  region size 1024K, 307 young (314368K), 23 survivors (23552K)
 Metaspace       used 53850K, capacity 56072K, committed 56392K, reserved 1099776K
  class space    used 6215K, capacity 6667K, committed 6732K, reserved 1048576K
2020-04-30T02:16:19.531+0700: 10471.686: [GC pause (G1 Evacuation Pause) (young)
Desired survivor size 20447232 bytes, new threshold 15 (max 15)
- age   1:    8570696 bytes,    8570696 total
- age   2:     230976 bytes,    8801672 total
- age   3:     243784 bytes,    9045456 total
- age   4:    4302656 bytes,   13348112 total
- age   5:      51624 bytes,   13399736 total
- age   6:     220856 bytes,   13620592 total
- age   7:      21264 bytes,   13641856 total
- age   8:      41392 bytes,   13683248 total
- age   9:     595296 bytes,   14278544 total
- age  10:    3026320 bytes,   17304864 total
- age  11:     422928 bytes,   17727792 total
- age  12:      60696 bytes,   17788488 total
- age  13:      29664 bytes,   17818152 total
- age  14:      34672 bytes,   17852824 total
- age  15:     917344 bytes,   18770168 total
, 0.0062776 secs]
   [Parallel Time: 4.3 ms, GC Workers: 8]
      [GC Worker Start (ms): Min: 10471685.9, Avg: 10471685.9, Max: 10471686.0, Diff: 0.1]
      [Ext Root Scanning (ms): Min: 0.3, Avg: 0.5, Max: 1.3, Diff: 1.0, Sum: 3.7]
      [Update RS (ms): Min: 0.0, Avg: 0.5, Max: 1.0, Diff: 1.0, Sum: 3.8]
         [Processed Buffers: Min: 0, Avg: 3.8, Max: 13, Diff: 13, Sum: 30]
      [Scan RS (ms): Min: 0.0, Avg: 0.0, Max: 0.0, Diff: 0.0, Sum: 0.2]
      [Code Root Scanning (ms): Min: 0.0, Avg: 0.5, Max: 1.7, Diff: 1.7, Sum: 4.1]
      [Object Copy (ms): Min: 1.7, Avg: 2.6, Max: 3.2, Diff: 1.5, Sum: 20.9]
      [Termination (ms): Min: 0.0, Avg: 0.0, Max: 0.0, Diff: 0.0, Sum: 0.0]
         [Termination Attempts: Min: 1, Avg: 1.0, Max: 1, Diff: 0, Sum: 8]
      [GC Worker Other (ms): Min: 0.0, Avg: 0.0, Max: 0.1, Diff: 0.1, Sum: 0.3]
      [GC Worker Total (ms): Min: 4.1, Avg: 4.1, Max: 4.2, Diff: 0.1, Sum: 33.1]
      [GC Worker End (ms): Min: 10471690.1, Avg: 10471690.1, Max: 10471690.1, Diff: 0.1]
   [Code Root Fixup: 0.1 ms]
   [Code Root Purge: 0.0 ms]
   [Clear CT: 0.1 ms]
   [Other: 1.9 ms]
      [Choose CSet: 0.0 ms]
      [Ref Proc: 1.4 ms]
      [Ref Enq: 0.1 ms]
      [Redirty Cards: 0.1 ms]
      [Humongous Register: 0.0 ms]
      [Humongous Reclaim: 0.0 ms]
      [Free CSet: 0.1 ms]
   [Eden: 284.0M(284.0M)->0.0B(286.0M) Survivors: 23.0M->21.0M Heap: 359.0M(512.0M)->74.3M(512.0M)]
Heap after GC invocations=28 (full 0):
 garbage-first heap   total 524288K, used 76075K [0x00000007a0000000, 0x00000007a0101000, 0x00000007c0000000)
  region size 1024K, 21 young (21504K), 21 survivors (21504K)
 Metaspace       used 53850K, capacity 56072K, committed 56392K, reserved 1099776K
  class space    used 6215K, capacity 6667K, committed 6732K, reserved 1048576K
}
 [Times: user=0.03 sys=0.00, real=0.00 secs] 
2020-04-30T02:16:19.537+0700: 10471.692: Total time for which application threads were stopped: 0.0065414 seconds, Stopping threads took: 0.0000191 seconds
2020-04-30T02:16:19.544+0700: 10471.699: Total time for which application threads were stopped: 0.0001305 seconds, Stopping threads took: 0.0000339 seconds
2020-04-30T02:16:19.544+0700: 10471.699: Total time for which application threads were stopped: 0.0001141 seconds, Stopping threads took: 0.0000312 seconds
2020-04-30T02:16:20.547+0700: 10472.702: Total time for which application threads were stopped: 0.0001278 seconds, Stopping threads took: 0.0000384 seconds
2020-04-30T02:16:26.493+0700: 10478.648: Total time for which application threads were stopped: 0.0001474 seconds, Stopping threads took: 0.0000198 seconds
2020-04-30T02:16:26.493+0700: 10478.648: Total time for which application threads were stopped: 0.0000773 seconds, Stopping threads took: 0.0000083 seconds
2020-04-30T02:16:26.493+0700: 10478.648: Total time for which application threads were stopped: 0.0000517 seconds, Stopping threads took: 0.0000059 seconds
2020-04-30T02:16:26.493+0700: 10478.648: Total time for which application threads were stopped: 0.0000398 seconds, Stopping threads took: 0.0000034 seconds
2020-04-30T02:16:30.305+0700: 10482.460: Total time for which application threads were stopped: 0.0001084 seconds, Stopping threads took: 0.0000208 seconds
2020-04-30T02:16:39.250+0700: 10491.405: Total time for which application threads were stopped: 0.0002249 seconds, Stopping threads took: 0.0000356 seconds
2020-04-30T02:16:39.250+0700: 10491.405: Total time for which application threads were stopped: 0.0001175 seconds, Stopping threads took: 0.0000620 seconds
2020-04-30T02:16:39.250+0700: 10491.405: Total time for which application threads were stopped: 0.0000595 seconds, Stopping threads took: 0.0000083 seconds
2020-04-30T02:16:39.251+0700: 10491.405: Total time for which application threads were stopped: 0.0000441 seconds, Stopping threads took: 0.0000063 seconds
2020-04-30T02:16:39.251+0700: 10491.405: Total time for which application threads were stopped: 0.0000389 seconds, Stopping threads took: 0.0000055 seconds
2020-04-30T02:16:39.251+0700: 10491.406: Total time for which application threads were stopped: 0.0000371 seconds, Stopping threads took: 0.0000053 seconds
2020-04-30T02:16:39.251+0700: 10491.406: Total time for which application threads were stopped: 0.0000511 seconds, Stopping threads took: 0.0000075 seconds
2020-04-30T02:16:39.251+0700: 10491.406: Total time for which application threads were stopped: 0.0000396 seconds, Stopping threads took: 0.0000057 seconds
2020-04-30T02:16:39.251+0700: 10491.406: Total time for which application threads were stopped: 0.0000564 seconds, Stopping threads took: 0.0000063 seconds
2020-04-30T02:16:39.251+0700: 10491.406: Total time for which application threads were stopped: 0.0000480 seconds, Stopping threads took: 0.0000064 seconds
2020-04-30T02:16:39.251+0700: 10491.406: Total time for which application threads were stopped: 0.0000568 seconds, Stopping threads took: 0.0000059 seconds
2020-04-30T02:16:39.251+0700: 10491.406: Total time for which application threads were stopped: 0.0000531 seconds, Stopping threads took: 0.0000058 seconds
2020-04-30T02:16:39.251+0700: 10491.406: Total time for which application threads were stopped: 0.0000363 seconds, Stopping threads took: 0.0000052 seconds
2020-04-30T02:16:39.251+0700: 10491.406: Total time for which application threads were stopped: 0.0000413 seconds, Stopping threads took: 0.0000056 seconds
2020-04-30T02:16:39.251+0700: 10491.406: Total time for which application threads were stopped: 0.0000401 seconds, Stopping threads took: 0.0000061 seconds
2020-04-30T02:16:39.257+0700: 10491.412: Total time for which application threads were stopped: 0.0000837 seconds, Stopping threads took: 0.0000147 seconds
2020-04-30T02:16:39.257+0700: 10491.412: Total time for which application threads were stopped: 0.0000585 seconds, Stopping threads took: 0.0000083 seconds
2020-04-30T02:16:42.872+0700: 10495.027: Total time for which application threads were stopped: 0.0002012 seconds, Stopping threads took: 0.0000212 seconds
2020-04-30T02:16:42.872+0700: 10495.027: Total time for which application threads were stopped: 0.0000911 seconds, Stopping threads took: 0.0000089 seconds
2020-04-30T02:16:42.872+0700: 10495.027: Total time for which application threads were stopped: 0.0000765 seconds, Stopping threads took: 0.0000110 seconds
2020-04-30T02:16:42.873+0700: 10495.027: Total time for which application threads were stopped: 0.0000499 seconds, Stopping threads took: 0.0000046 seconds
2020-04-30T02:17:03.378+0700: 10515.532: Total time for which application threads were stopped: 0.0001827 seconds, Stopping threads took: 0.0000232 seconds
2020-04-30T02:17:03.378+0700: 10515.532: Total time for which application threads were stopped: 0.0000862 seconds, Stopping threads took: 0.0000094 seconds
2020-04-30T02:17:03.378+0700: 10515.532: Total time for which application threads were stopped: 0.0000611 seconds, Stopping threads took: 0.0000068 seconds
2020-04-30T02:17:03.378+0700: 10515.532: Total time for which application threads were stopped: 0.0000633 seconds, Stopping threads took: 0.0000040 seconds
2020-04-30T02:17:15.930+0700: 10528.084: Total time for which application threads were stopped: 0.0001625 seconds, Stopping threads took: 0.0000217 seconds
2020-04-30T02:17:15.930+0700: 10528.084: Total time for which application threads were stopped: 0.0000884 seconds, Stopping threads took: 0.0000095 seconds
2020-04-30T02:17:15.930+0700: 10528.084: Total time for which application threads were stopped: 0.0002031 seconds, Stopping threads took: 0.0000078 seconds
2020-04-30T02:17:15.930+0700: 10528.085: Total time for which application threads were stopped: 0.0001595 seconds, Stopping threads took: 0.0000056 seconds
2020-04-30T02:17:17.570+0700: 10529.724: Total time for which application threads were stopped: 0.0001489 seconds, Stopping threads took: 0.0000221 seconds
2020-04-30T02:17:17.570+0700: 10529.724: Total time for which application threads were stopped: 0.0000641 seconds, Stopping threads took: 0.0000053 seconds
2020-04-30T02:17:26.588+0700: 10538.741: Total time for which application threads were stopped: 0.0001144 seconds, Stopping threads took: 0.0000250 seconds
2020-04-30T02:17:28.234+0700: 10540.387: Total time for which application threads were stopped: 0.0001254 seconds, Stopping threads took: 0.0000178 seconds
2020-04-30T02:17:37.258+0700: 10549.411: Total time for which application threads were stopped: 0.0001958 seconds, Stopping threads took: 0.0000239 seconds
2020-04-30T02:17:42.811+0700: 10554.964: Total time for which application threads were stopped: 0.0001581 seconds, Stopping threads took: 0.0000213 seconds
2020-04-30T02:17:42.811+0700: 10554.964: Total time for which application threads were stopped: 0.0000798 seconds, Stopping threads took: 0.0000078 seconds
2020-04-30T02:17:42.811+0700: 10554.964: Total time for which application threads were stopped: 0.0000554 seconds, Stopping threads took: 0.0000068 seconds
2020-04-30T02:17:42.811+0700: 10554.965: Total time for which application threads were stopped: 0.0000448 seconds, Stopping threads took: 0.0000038 seconds
2020-04-30T02:17:43.814+0700: 10555.967: Total time for which application threads were stopped: 0.0001280 seconds, Stopping threads took: 0.0000302 seconds
2020-04-30T02:17:51.519+0700: 10563.672: Total time for which application threads were stopped: 0.0001121 seconds, Stopping threads took: 0.0000166 seconds
2020-04-30T02:18:05.053+0700: 10577.206: Total time for which application threads were stopped: 0.0001525 seconds, Stopping threads took: 0.0000210 seconds
2020-04-30T02:18:05.053+0700: 10577.206: Total time for which application threads were stopped: 0.0000732 seconds, Stopping threads took: 0.0000078 seconds
2020-04-30T02:18:05.053+0700: 10577.206: Total time for which application threads were stopped: 0.0000535 seconds, Stopping threads took: 0.0000066 seconds
2020-04-30T02:18:05.053+0700: 10577.206: Total time for which application threads were stopped: 0.0000439 seconds, Stopping threads took: 0.0000038 seconds
2020-04-30T02:18:12.507+0700: 10584.660: Total time for which application threads were stopped: 0.0001188 seconds, Stopping threads took: 0.0000202 seconds
2020-04-30T02:18:12.507+0700: 10584.660: Total time for which application threads were stopped: 0.0000941 seconds, Stopping threads took: 0.0000412 seconds
2020-04-30T02:18:12.515+0700: 10584.668: Total time for which application threads were stopped: 0.0000954 seconds, Stopping threads took: 0.0000145 seconds
2020-04-30T02:18:20.463+0700: 10592.616: Total time for which application threads were stopped: 0.0001587 seconds, Stopping threads took: 0.0000216 seconds
2020-04-30T02:18:20.463+0700: 10592.616: Total time for which application threads were stopped: 0.0000723 seconds, Stopping threads took: 0.0000079 seconds
2020-04-30T02:18:20.464+0700: 10592.616: Total time for which application threads were stopped: 0.0000517 seconds, Stopping threads took: 0.0000067 seconds
2020-04-30T02:18:20.464+0700: 10592.616: Total time for which application threads were stopped: 0.0000411 seconds, Stopping threads took: 0.0000037 seconds
2020-04-30T02:18:29.946+0700: 10602.099: Total time for which application threads were stopped: 0.0001052 seconds, Stopping threads took: 0.0000180 seconds
2020-04-30T02:18:38.823+0700: 10610.975: Total time for which application threads were stopped: 0.0001585 seconds, Stopping threads took: 0.0000212 seconds
2020-04-30T02:18:38.823+0700: 10610.975: Total time for which application threads were stopped: 0.0000935 seconds, Stopping threads took: 0.0000114 seconds
2020-04-30T02:18:38.823+0700: 10610.975: Total time for which application threads were stopped: 0.0000610 seconds, Stopping threads took: 0.0000068 seconds
2020-04-30T02:18:38.823+0700: 10610.975: Total time for which application threads were stopped: 0.0000553 seconds, Stopping threads took: 0.0000069 seconds
2020-04-30T02:18:52.001+0700: 10624.153: Total time for which application threads were stopped: 0.0001129 seconds, Stopping threads took: 0.0000188 seconds
2020-04-30T02:18:58.220+0700: 10630.372: Total time for which application threads were stopped: 0.0001513 seconds, Stopping threads took: 0.0000211 seconds
2020-04-30T02:18:58.220+0700: 10630.372: Total time for which application threads were stopped: 0.0000737 seconds, Stopping threads took: 0.0000078 seconds
2020-04-30T02:18:58.221+0700: 10630.372: Total time for which application threads were stopped: 0.0000885 seconds, Stopping threads took: 0.0000058 seconds
2020-04-30T02:18:58.221+0700: 10630.372: Total time for which application threads were stopped: 0.0000623 seconds, Stopping threads took: 0.0000066 seconds
2020-04-30T02:19:07.603+0700: 10639.755: Total time for which application threads were stopped: 0.0001655 seconds, Stopping threads took: 0.0000666 seconds
2020-04-30T02:19:10.602+0700: 10642.754: Total time for which application threads were stopped: 0.0002316 seconds, Stopping threads took: 0.0000505 seconds
2020-04-30T02:19:10.602+0700: 10642.754: Total time for which application threads were stopped: 0.0000936 seconds, Stopping threads took: 0.0000101 seconds
2020-04-30T02:19:10.603+0700: 10642.755: Total time for which application threads were stopped: 0.0000838 seconds, Stopping threads took: 0.0000089 seconds
2020-04-30T02:19:10.604+0700: 10642.755: Total time for which application threads were stopped: 0.0000914 seconds, Stopping threads took: 0.0000195 seconds
2020-04-30T02:19:11.607+0700: 10643.759: Total time for which application threads were stopped: 0.0001725 seconds, Stopping threads took: 0.0000475 seconds
2020-04-30T02:19:15.346+0700: 10647.497: Total time for which application threads were stopped: 0.0001570 seconds, Stopping threads took: 0.0000210 seconds
2020-04-30T02:19:15.346+0700: 10647.497: Total time for which application threads were stopped: 0.0000753 seconds, Stopping threads took: 0.0000081 seconds
2020-04-30T02:19:15.346+0700: 10647.497: Total time for which application threads were stopped: 0.0000747 seconds, Stopping threads took: 0.0000096 seconds
2020-04-30T02:19:15.347+0700: 10647.498: Total time for which application threads were stopped: 0.0000519 seconds, Stopping threads took: 0.0000045 seconds
2020-04-30T02:19:28.265+0700: 10660.416: Total time for which application threads were stopped: 0.0001147 seconds, Stopping threads took: 0.0000209 seconds
2020-04-30T02:19:28.265+0700: 10660.416: Total time for which application threads were stopped: 0.0000580 seconds, Stopping threads took: 0.0000073 seconds
2020-04-30T02:19:28.265+0700: 10660.416: Total time for which application threads were stopped: 0.0000466 seconds, Stopping threads took: 0.0000061 seconds
2020-04-30T02:19:28.265+0700: 10660.416: Total time for which application threads were stopped: 0.0000430 seconds, Stopping threads took: 0.0000059 seconds
2020-04-30T02:19:28.265+0700: 10660.416: Total time for which application threads were stopped: 0.0000514 seconds, Stopping threads took: 0.0000058 seconds
2020-04-30T02:19:28.266+0700: 10660.417: Total time for which application threads were stopped: 0.0001700 seconds, Stopping threads took: 0.0000060 seconds
2020-04-30T02:19:28.272+0700: 10660.423: Total time for which application threads were stopped: 0.0000900 seconds, Stopping threads took: 0.0000172 seconds
2020-04-30T02:19:28.276+0700: 10660.427: Total time for which application threads were stopped: 0.0001884 seconds, Stopping threads took: 0.0000330 seconds
2020-04-30T02:19:28.277+0700: 10660.428: Total time for which application threads were stopped: 0.0001192 seconds, Stopping threads took: 0.0000207 seconds
2020-04-30T02:19:28.281+0700: 10660.432: Total time for which application threads were stopped: 0.0000867 seconds, Stopping threads took: 0.0000155 seconds
2020-04-30T02:19:28.295+0700: 10660.446: Total time for which application threads were stopped: 0.0001012 seconds, Stopping threads took: 0.0000163 seconds
2020-04-30T02:19:36.338+0700: 10668.489: Total time for which application threads were stopped: 0.0001649 seconds, Stopping threads took: 0.0000243 seconds
2020-04-30T02:19:36.338+0700: 10668.489: Total time for which application threads were stopped: 0.0002492 seconds, Stopping threads took: 0.0000090 seconds
2020-04-30T02:19:36.338+0700: 10668.489: Total time for which application threads were stopped: 0.0000632 seconds, Stopping threads took: 0.0000069 seconds
2020-04-30T02:19:36.339+0700: 10668.489: Total time for which application threads were stopped: 0.0000485 seconds, Stopping threads took: 0.0000045 seconds
2020-04-30T02:19:38.427+0700: 10670.578: Total time for which application threads were stopped: 0.0001596 seconds, Stopping threads took: 0.0000220 seconds
2020-04-30T02:19:45.230+0700: 10677.381: Total time for which application threads were stopped: 0.0003084 seconds, Stopping threads took: 0.0000217 seconds
2020-04-30T02:19:45.237+0700: 10677.387: Total time for which application threads were stopped: 0.0001268 seconds, Stopping threads took: 0.0000286 seconds
2020-04-30T02:19:45.238+0700: 10677.388: Total time for which application threads were stopped: 0.0000962 seconds, Stopping threads took: 0.0000103 seconds
2020-04-30T02:19:45.238+0700: 10677.389: Total time for which application threads were stopped: 0.0000653 seconds, Stopping threads took: 0.0000066 seconds
2020-04-30T02:19:45.238+0700: 10677.389: Total time for which application threads were stopped: 0.0000582 seconds, Stopping threads took: 0.0000065 seconds
2020-04-30T02:19:45.238+0700: 10677.389: Total time for which application threads were stopped: 0.0000564 seconds, Stopping threads took: 0.0000063 seconds
2020-04-30T02:19:45.238+0700: 10677.389: Total time for which application threads were stopped: 0.0000571 seconds, Stopping threads took: 0.0000068 seconds
2020-04-30T02:19:45.238+0700: 10677.389: Total time for which application threads were stopped: 0.0000562 seconds, Stopping threads took: 0.0000064 seconds
2020-04-30T02:19:45.238+0700: 10677.389: Total time for which application threads were stopped: 0.0000667 seconds, Stopping threads took: 0.0000088 seconds
2020-04-30T02:19:45.239+0700: 10677.390: Total time for which application threads were stopped: 0.0007055 seconds, Stopping threads took: 0.0000109 seconds
2020-04-30T02:19:45.239+0700: 10677.390: Total time for which application threads were stopped: 0.0000653 seconds, Stopping threads took: 0.0000074 seconds
2020-04-30T02:19:45.239+0700: 10677.390: Total time for which application threads were stopped: 0.0000578 seconds, Stopping threads took: 0.0000067 seconds
2020-04-30T02:19:45.240+0700: 10677.390: Total time for which application threads were stopped: 0.0000554 seconds, Stopping threads took: 0.0000064 seconds
2020-04-30T02:19:45.240+0700: 10677.390: Total time for which application threads were stopped: 0.0000559 seconds, Stopping threads took: 0.0000067 seconds
2020-04-30T02:19:45.240+0700: 10677.391: Total time for which application threads were stopped: 0.0002023 seconds, Stopping threads took: 0.0000066 seconds
2020-04-30T02:19:45.266+0700: 10677.417: Total time for which application threads were stopped: 0.0000985 seconds, Stopping threads took: 0.0000164 seconds
2020-04-30T02:20:06.454+0700: 10698.605: Total time for which application threads were stopped: 0.0002085 seconds, Stopping threads took: 0.0000258 seconds
2020-04-30T02:20:06.459+0700: 10698.609: Total time for which application threads were stopped: 0.0001629 seconds, Stopping threads took: 0.0000147 seconds
2020-04-30T02:20:06.461+0700: 10698.611: Total time for which application threads were stopped: 0.0001950 seconds, Stopping threads took: 0.0001071 seconds
2020-04-30T02:20:06.461+0700: 10698.611: Total time for which application threads were stopped: 0.0001218 seconds, Stopping threads took: 0.0000442 seconds
2020-04-30T02:20:06.461+0700: 10698.611: Total time for which application threads were stopped: 0.0001117 seconds, Stopping threads took: 0.0000376 seconds
2020-04-30T02:20:06.461+0700: 10698.611: Total time for which application threads were stopped: 0.0000831 seconds, Stopping threads took: 0.0000277 seconds
2020-04-30T02:20:06.461+0700: 10698.611: Total time for which application threads were stopped: 0.0001291 seconds, Stopping threads took: 0.0000304 seconds
2020-04-30T02:20:06.462+0700: 10698.612: Total time for which application threads were stopped: 0.0002322 seconds, Stopping threads took: 0.0000112 seconds
2020-04-30T02:20:06.727+0700: 10698.877: Total time for which application threads were stopped: 0.0001573 seconds, Stopping threads took: 0.0000304 seconds
2020-04-30T02:20:32.401+0700: 10724.550: Total time for which application threads were stopped: 0.0002898 seconds, Stopping threads took: 0.0000947 seconds
2020-04-30T02:20:32.401+0700: 10724.551: Total time for which application threads were stopped: 0.0000796 seconds, Stopping threads took: 0.0000125 seconds
2020-04-30T02:20:54.753+0700: 10746.902: Total time for which application threads were stopped: 0.0001151 seconds, Stopping threads took: 0.0000196 seconds
2020-04-30T02:20:54.754+0700: 10746.903: Total time for which application threads were stopped: 0.0001061 seconds, Stopping threads took: 0.0000103 seconds
2020-04-30T02:20:54.754+0700: 10746.903: Total time for which application threads were stopped: 0.0000708 seconds, Stopping threads took: 0.0000191 seconds
2020-04-30T02:20:54.754+0700: 10746.903: Total time for which application threads were stopped: 0.0000746 seconds, Stopping threads took: 0.0000145 seconds
2020-04-30T02:20:54.754+0700: 10746.903: Total time for which application threads were stopped: 0.0000678 seconds, Stopping threads took: 0.0000060 seconds
2020-04-30T02:20:55.758+0700: 10747.907: Total time for which application threads were stopped: 0.0001663 seconds, Stopping threads took: 0.0000428 seconds
2020-04-30T02:21:06.608+0700: 10758.757: Total time for which application threads were stopped: 0.0001117 seconds, Stopping threads took: 0.0000201 seconds
2020-04-30T02:21:06.612+0700: 10758.760: Total time for which application threads were stopped: 0.0001088 seconds, Stopping threads took: 0.0000155 seconds
2020-04-30T02:21:06.615+0700: 10758.764: Total time for which application threads were stopped: 0.0001009 seconds, Stopping threads took: 0.0000148 seconds
2020-04-30T02:21:07.620+0700: 10759.769: Total time for which application threads were stopped: 0.0002092 seconds, Stopping threads took: 0.0000365 seconds
2020-04-30T02:22:07.782+0700: 10819.929: Total time for which application threads were stopped: 0.0001775 seconds, Stopping threads took: 0.0000265 seconds
2020-04-30T02:22:07.782+0700: 10819.929: Total time for which application threads were stopped: 0.0001146 seconds, Stopping threads took: 0.0000311 seconds
2020-04-30T02:22:07.782+0700: 10819.929: Total time for which application threads were stopped: 0.0000769 seconds, Stopping threads took: 0.0000217 seconds
2020-04-30T02:23:05.758+0700: 10877.905: Total time for which application threads were stopped: 0.0003953 seconds, Stopping threads took: 0.0000332 seconds
2020-04-30T02:23:06.764+0700: 10878.910: Total time for which application threads were stopped: 0.0002617 seconds, Stopping threads took: 0.0000481 seconds
2020-04-30T02:23:17.289+0700: 10889.435: Total time for which application threads were stopped: 0.0003046 seconds, Stopping threads took: 0.0000904 seconds
2020-04-30T02:23:17.293+0700: 10889.439: Total time for which application threads were stopped: 0.0003395 seconds, Stopping threads took: 0.0001430 seconds
2020-04-30T02:23:17.298+0700: 10889.444: Total time for which application threads were stopped: 0.0003139 seconds, Stopping threads took: 0.0001046 seconds
2020-04-30T02:23:55.761+0700: 10927.906: Total time for which application threads were stopped: 0.0002562 seconds, Stopping threads took: 0.0000414 seconds
2020-04-30T02:23:55.764+0700: 10927.909: Total time for which application threads were stopped: 0.0001746 seconds, Stopping threads took: 0.0000480 seconds
2020-04-30T02:23:55.771+0700: 10927.916: Total time for which application threads were stopped: 0.0005473 seconds, Stopping threads took: 0.0000705 seconds
2020-04-30T02:24:21.314+0700: 10953.459: Total time for which application threads were stopped: 0.0001110 seconds, Stopping threads took: 0.0000192 seconds
2020-04-30T02:24:21.320+0700: 10953.464: Total time for which application threads were stopped: 0.0001209 seconds, Stopping threads took: 0.0000193 seconds
2020-04-30T02:24:21.327+0700: 10953.472: Total time for which application threads were stopped: 0.0001050 seconds, Stopping threads took: 0.0000130 seconds
2020-04-30T02:24:21.335+0700: 10953.480: Total time for which application threads were stopped: 0.0000884 seconds, Stopping threads took: 0.0000160 seconds
2020-04-30T02:24:21.336+0700: 10953.481: Total time for which application threads were stopped: 0.0001060 seconds, Stopping threads took: 0.0000228 seconds
2020-04-30T02:24:21.337+0700: 10953.481: Total time for which application threads were stopped: 0.0000848 seconds, Stopping threads took: 0.0000186 seconds
2020-04-30T02:25:18.488+0700: 11010.631: Total time for which application threads were stopped: 0.0001743 seconds, Stopping threads took: 0.0000332 seconds
2020-04-30T02:25:30.375+0700: 11022.518: Total time for which application threads were stopped: 0.0002139 seconds, Stopping threads took: 0.0000243 seconds
2020-04-30T02:25:30.375+0700: 11022.518: Total time for which application threads were stopped: 0.0001189 seconds, Stopping threads took: 0.0000139 seconds
2020-04-30T02:25:30.376+0700: 11022.519: Total time for which application threads were stopped: 0.0000882 seconds, Stopping threads took: 0.0000105 seconds
2020-04-30T02:25:30.376+0700: 11022.519: Total time for which application threads were stopped: 0.0000800 seconds, Stopping threads took: 0.0000091 seconds
2020-04-30T02:25:30.376+0700: 11022.519: Total time for which application threads were stopped: 0.0000830 seconds, Stopping threads took: 0.0000090 seconds
2020-04-30T02:25:30.376+0700: 11022.519: Total time for which application threads were stopped: 0.0000899 seconds, Stopping threads took: 0.0000135 seconds
2020-04-30T02:25:30.384+0700: 11022.527: Total time for which application threads were stopped: 0.0001812 seconds, Stopping threads took: 0.0000522 seconds
2020-04-30T02:25:30.386+0700: 11022.529: Total time for which application threads were stopped: 0.0001350 seconds, Stopping threads took: 0.0000412 seconds
2020-04-30T02:25:30.386+0700: 11022.529: Total time for which application threads were stopped: 0.0001088 seconds, Stopping threads took: 0.0000271 seconds
2020-04-30T02:25:30.386+0700: 11022.529: Total time for which application threads were stopped: 0.0000838 seconds, Stopping threads took: 0.0000197 seconds
2020-04-30T02:25:31.389+0700: 11023.532: Total time for which application threads were stopped: 0.0001089 seconds, Stopping threads took: 0.0000229 seconds
2020-04-30T02:27:01.312+0700: 11113.453: Total time for which application threads were stopped: 0.0001836 seconds, Stopping threads took: 0.0000253 seconds
2020-04-30T02:27:01.314+0700: 11113.455: Total time for which application threads were stopped: 0.0001101 seconds, Stopping threads took: 0.0000308 seconds
2020-04-30T02:27:01.314+0700: 11113.455: Total time for which application threads were stopped: 0.0000668 seconds, Stopping threads took: 0.0000093 seconds
2020-04-30T02:27:01.314+0700: 11113.455: Total time for which application threads were stopped: 0.0000744 seconds, Stopping threads took: 0.0000267 seconds
2020-04-30T02:27:01.314+0700: 11113.455: Total time for which application threads were stopped: 0.0000950 seconds, Stopping threads took: 0.0000080 seconds
2020-04-30T02:27:01.314+0700: 11113.455: Total time for which application threads were stopped: 0.0001062 seconds, Stopping threads took: 0.0000233 seconds
2020-04-30T02:27:01.314+0700: 11113.455: Total time for which application threads were stopped: 0.0000618 seconds, Stopping threads took: 0.0000087 seconds
2020-04-30T02:27:01.314+0700: 11113.456: Total time for which application threads were stopped: 0.0000780 seconds, Stopping threads took: 0.0000094 seconds
2020-04-30T02:27:01.315+0700: 11113.456: Total time for which application threads were stopped: 0.0000696 seconds, Stopping threads took: 0.0000072 seconds
2020-04-30T02:27:01.317+0700: 11113.458: Total time for which application threads were stopped: 0.0013005 seconds, Stopping threads took: 0.0011113 seconds
2020-04-30T02:27:01.317+0700: 11113.458: Total time for which application threads were stopped: 0.0002502 seconds, Stopping threads took: 0.0000631 seconds
2020-04-30T02:27:10.342+0700: 11122.483: Total time for which application threads were stopped: 0.0001851 seconds, Stopping threads took: 0.0000376 seconds
2020-04-30T02:27:22.767+0700: 11134.908: Total time for which application threads were stopped: 0.0001178 seconds, Stopping threads took: 0.0000210 seconds
2020-04-30T02:27:22.770+0700: 11134.911: Total time for which application threads were stopped: 0.0000991 seconds, Stopping threads took: 0.0000167 seconds
2020-04-30T02:27:22.774+0700: 11134.915: Total time for which application threads were stopped: 0.0000954 seconds, Stopping threads took: 0.0000186 seconds
2020-04-30T02:27:23.778+0700: 11135.918: Total time for which application threads were stopped: 0.0002509 seconds, Stopping threads took: 0.0000540 seconds
2020-04-30T02:27:31.805+0700: 11143.946: Total time for which application threads were stopped: 0.0003767 seconds, Stopping threads took: 0.0001486 seconds
2020-04-30T02:28:28.962+0700: 11201.101: Total time for which application threads were stopped: 0.0001469 seconds, Stopping threads took: 0.0000366 seconds
2020-04-30T02:28:42.997+0700: 11215.136: Total time for which application threads were stopped: 0.0002415 seconds, Stopping threads took: 0.0000428 seconds
2020-04-30T02:28:51.032+0700: 11223.171: Total time for which application threads were stopped: 0.0002382 seconds, Stopping threads took: 0.0000429 seconds
2020-04-30T02:29:11.582+0700: 11243.720: Total time for which application threads were stopped: 0.0002568 seconds, Stopping threads took: 0.0001085 seconds
2020-04-30T02:29:11.583+0700: 11243.721: Total time for which application threads were stopped: 0.0003488 seconds, Stopping threads took: 0.0000794 seconds
2020-04-30T02:29:11.584+0700: 11243.722: Total time for which application threads were stopped: 0.0001185 seconds, Stopping threads took: 0.0000424 seconds
2020-04-30T02:29:11.584+0700: 11243.722: Total time for which application threads were stopped: 0.0001116 seconds, Stopping threads took: 0.0000484 seconds
2020-04-30T02:29:11.584+0700: 11243.722: Total time for which application threads were stopped: 0.0002030 seconds, Stopping threads took: 0.0001414 seconds
2020-04-30T02:29:47.092+0700: 11279.229: Total time for which application threads were stopped: 0.0001885 seconds, Stopping threads took: 0.0000238 seconds
2020-04-30T02:29:47.096+0700: 11279.234: Total time for which application threads were stopped: 0.0002457 seconds, Stopping threads took: 0.0000823 seconds
2020-04-30T02:29:47.396+0700: 11279.533: Total time for which application threads were stopped: 0.0001270 seconds, Stopping threads took: 0.0000216 seconds
2020-04-30T02:30:12.480+0700: 11304.617: Total time for which application threads were stopped: 0.0001432 seconds, Stopping threads took: 0.0000231 seconds
2020-04-30T02:30:13.253+0700: 11305.390: Total time for which application threads were stopped: 0.0001364 seconds, Stopping threads took: 0.0000238 seconds
2020-04-30T02:30:13.254+0700: 11305.391: Total time for which application threads were stopped: 0.0001327 seconds, Stopping threads took: 0.0000137 seconds
2020-04-30T02:30:13.254+0700: 11305.391: Total time for which application threads were stopped: 0.0001100 seconds, Stopping threads took: 0.0000300 seconds
2020-04-30T02:30:13.254+0700: 11305.391: Total time for which application threads were stopped: 0.0001018 seconds, Stopping threads took: 0.0000241 seconds
2020-04-30T02:30:13.255+0700: 11305.391: Total time for which application threads were stopped: 0.0000799 seconds, Stopping threads took: 0.0000111 seconds
2020-04-30T02:30:27.138+0700: 11319.275: Total time for which application threads were stopped: 0.0001249 seconds, Stopping threads took: 0.0000337 seconds
2020-04-30T02:30:29.376+0700: 11321.512: Total time for which application threads were stopped: 0.0001059 seconds, Stopping threads took: 0.0000194 seconds
2020-04-30T02:30:34.034+0700: 11326.170: Total time for which application threads were stopped: 0.0001943 seconds, Stopping threads took: 0.0000248 seconds
2020-04-30T02:30:34.034+0700: 11326.171: Total time for which application threads were stopped: 0.0001214 seconds, Stopping threads took: 0.0000112 seconds
2020-04-30T02:30:34.034+0700: 11326.171: Total time for which application threads were stopped: 0.0001204 seconds, Stopping threads took: 0.0000152 seconds
2020-04-30T02:30:34.035+0700: 11326.171: Total time for which application threads were stopped: 0.0001153 seconds, Stopping threads took: 0.0000116 seconds
2020-04-30T02:30:47.815+0700: 11339.951: Total time for which application threads were stopped: 0.0001705 seconds, Stopping threads took: 0.0000376 seconds
2020-04-30T02:30:47.815+0700: 11339.951: Total time for which application threads were stopped: 0.0000987 seconds, Stopping threads took: 0.0000041 seconds
2020-04-30T02:30:47.822+0700: 11339.958: Total time for which application threads were stopped: 0.0000989 seconds, Stopping threads took: 0.0000288 seconds
2020-04-30T02:30:51.338+0700: 11343.474: Total time for which application threads were stopped: 0.0003580 seconds, Stopping threads took: 0.0000239 seconds
2020-04-30T02:30:51.338+0700: 11343.474: Total time for which application threads were stopped: 0.0000920 seconds, Stopping threads took: 0.0000109 seconds
2020-04-30T02:30:51.338+0700: 11343.474: Total time for which application threads were stopped: 0.0000689 seconds, Stopping threads took: 0.0000080 seconds
2020-04-30T02:30:51.338+0700: 11343.474: Total time for which application threads were stopped: 0.0000520 seconds, Stopping threads took: 0.0000044 seconds
2020-04-30T02:30:52.579+0700: 11344.715: Total time for which application threads were stopped: 0.0001694 seconds, Stopping threads took: 0.0000233 seconds
2020-04-30T02:31:04.808+0700: 11356.944: Total time for which application threads were stopped: 0.0006885 seconds, Stopping threads took: 0.0000333 seconds
2020-04-30T02:31:09.347+0700: 11361.482: Total time for which application threads were stopped: 0.0002470 seconds, Stopping threads took: 0.0000269 seconds
2020-04-30T02:31:11.229+0700: 11363.364: Total time for which application threads were stopped: 0.0001493 seconds, Stopping threads took: 0.0000217 seconds
2020-04-30T02:31:11.229+0700: 11363.364: Total time for which application threads were stopped: 0.0000747 seconds, Stopping threads took: 0.0000087 seconds
2020-04-30T02:31:11.229+0700: 11363.365: Total time for which application threads were stopped: 0.0000619 seconds, Stopping threads took: 0.0000082 seconds
2020-04-30T02:31:11.229+0700: 11363.365: Total time for which application threads were stopped: 0.0000441 seconds, Stopping threads took: 0.0000037 seconds
2020-04-30T02:31:22.195+0700: 11374.331: Total time for which application threads were stopped: 0.0001197 seconds, Stopping threads took: 0.0000189 seconds
2020-04-30T02:31:22.195+0700: 11374.331: Total time for which application threads were stopped: 0.0000484 seconds, Stopping threads took: 0.0000043 seconds
2020-04-30T02:31:22.203+0700: 11374.338: Total time for which application threads were stopped: 0.0000992 seconds, Stopping threads took: 0.0000300 seconds
2020-04-30T02:31:26.304+0700: 11378.439: Total time for which application threads were stopped: 0.0001101 seconds, Stopping threads took: 0.0000210 seconds
2020-04-30T02:31:26.307+0700: 11378.442: Total time for which application threads were stopped: 0.0000844 seconds, Stopping threads took: 0.0000145 seconds
2020-04-30T02:31:26.310+0700: 11378.445: Total time for which application threads were stopped: 0.0000960 seconds, Stopping threads took: 0.0000133 seconds
2020-04-30T02:31:27.112+0700: 11379.248: Total time for which application threads were stopped: 0.0001736 seconds, Stopping threads took: 0.0000235 seconds
2020-04-30T02:31:27.113+0700: 11379.248: Total time for which application threads were stopped: 0.0001216 seconds, Stopping threads took: 0.0000140 seconds
2020-04-30T02:31:27.113+0700: 11379.248: Total time for which application threads were stopped: 0.0001012 seconds, Stopping threads took: 0.0000117 seconds
2020-04-30T02:31:27.113+0700: 11379.248: Total time for which application threads were stopped: 0.0000648 seconds, Stopping threads took: 0.0000052 seconds
2020-04-30T02:31:39.731+0700: 11391.866: Total time for which application threads were stopped: 0.0001082 seconds, Stopping threads took: 0.0000169 seconds
2020-04-30T02:31:44.970+0700: 11397.105: Total time for which application threads were stopped: 0.0001737 seconds, Stopping threads took: 0.0000235 seconds
2020-04-30T02:31:44.970+0700: 11397.105: Total time for which application threads were stopped: 0.0000956 seconds, Stopping threads took: 0.0000096 seconds
2020-04-30T02:31:44.970+0700: 11397.105: Total time for which application threads were stopped: 0.0000806 seconds, Stopping threads took: 0.0000098 seconds
2020-04-30T02:31:44.970+0700: 11397.105: Total time for which application threads were stopped: 0.0000643 seconds, Stopping threads took: 0.0000093 seconds
2020-04-30T02:31:55.791+0700: 11407.926: Total time for which application threads were stopped: 0.0001112 seconds, Stopping threads took: 0.0000190 seconds
2020-04-30T02:32:01.000+0700: 11413.134: Total time for which application threads were stopped: 0.0001284 seconds, Stopping threads took: 0.0000315 seconds
2020-04-30T02:32:01.123+0700: 11413.258: Total time for which application threads were stopped: 0.0001730 seconds, Stopping threads took: 0.0000234 seconds
2020-04-30T02:32:01.123+0700: 11413.258: Total time for which application threads were stopped: 0.0000778 seconds, Stopping threads took: 0.0000085 seconds
2020-04-30T02:32:01.124+0700: 11413.258: Total time for which application threads were stopped: 0.0000710 seconds, Stopping threads took: 0.0000086 seconds
2020-04-30T02:32:01.124+0700: 11413.258: Total time for which application threads were stopped: 0.0000664 seconds, Stopping threads took: 0.0000044 seconds
2020-04-30T02:32:13.236+0700: 11425.370: Total time for which application threads were stopped: 0.0001703 seconds, Stopping threads took: 0.0000386 seconds
2020-04-30T02:32:13.236+0700: 11425.371: Total time for which application threads were stopped: 0.0001136 seconds, Stopping threads took: 0.0000332 seconds
2020-04-30T02:32:13.237+0700: 11425.372: Total time for which application threads were stopped: 0.0001163 seconds, Stopping threads took: 0.0000451 seconds
2020-04-30T02:32:13.238+0700: 11425.372: Total time for which application threads were stopped: 0.0001953 seconds, Stopping threads took: 0.0000091 seconds
2020-04-30T02:32:13.238+0700: 11425.372: Total time for which application threads were stopped: 0.0001435 seconds, Stopping threads took: 0.0000238 seconds
2020-04-30T02:32:14.241+0700: 11426.375: Total time for which application threads were stopped: 0.0001205 seconds, Stopping threads took: 0.0000220 seconds
2020-04-30T02:32:16.309+0700: 11428.443: Total time for which application threads were stopped: 0.0001613 seconds, Stopping threads took: 0.0000254 seconds
2020-04-30T02:32:16.309+0700: 11428.443: Total time for which application threads were stopped: 0.0000839 seconds, Stopping threads took: 0.0000090 seconds
2020-04-30T02:32:16.309+0700: 11428.444: Total time for which application threads were stopped: 0.0000631 seconds, Stopping threads took: 0.0000071 seconds
2020-04-30T02:32:16.310+0700: 11428.444: Total time for which application threads were stopped: 0.0000500 seconds, Stopping threads took: 0.0000045 seconds
2020-04-30T02:32:30.217+0700: 11442.351: Total time for which application threads were stopped: 0.0001017 seconds, Stopping threads took: 0.0000190 seconds
2020-04-30T02:32:30.218+0700: 11442.351: Total time for which application threads were stopped: 0.0000497 seconds, Stopping threads took: 0.0000065 seconds
2020-04-30T02:32:30.218+0700: 11442.351: Total time for which application threads were stopped: 0.0000419 seconds, Stopping threads took: 0.0000056 seconds
2020-04-30T02:32:30.218+0700: 11442.352: Total time for which application threads were stopped: 0.0000389 seconds, Stopping threads took: 0.0000053 seconds
2020-04-30T02:32:30.218+0700: 11442.352: Total time for which application threads were stopped: 0.0000386 seconds, Stopping threads took: 0.0000054 seconds
2020-04-30T02:32:30.218+0700: 11442.352: Total time for which application threads were stopped: 0.0000383 seconds, Stopping threads took: 0.0000055 seconds
2020-04-30T02:32:30.218+0700: 11442.352: Total time for which application threads were stopped: 0.0000442 seconds, Stopping threads took: 0.0000058 seconds
2020-04-30T02:32:30.218+0700: 11442.352: Total time for which application threads were stopped: 0.0000730 seconds, Stopping threads took: 0.0000209 seconds
2020-04-30T02:32:30.218+0700: 11442.352: Total time for which application threads were stopped: 0.0000476 seconds, Stopping threads took: 0.0000070 seconds
2020-04-30T02:32:30.218+0700: 11442.352: Total time for which application threads were stopped: 0.0000394 seconds, Stopping threads took: 0.0000057 seconds
2020-04-30T02:32:30.218+0700: 11442.352: Total time for which application threads were stopped: 0.0000402 seconds, Stopping threads took: 0.0000060 seconds
2020-04-30T02:32:30.218+0700: 11442.352: Total time for which application threads were stopped: 0.0000400 seconds, Stopping threads took: 0.0000056 seconds
2020-04-30T02:32:30.218+0700: 11442.352: Total time for which application threads were stopped: 0.0000375 seconds, Stopping threads took: 0.0000054 seconds
2020-04-30T02:32:30.219+0700: 11442.352: Total time for which application threads were stopped: 0.0000416 seconds, Stopping threads took: 0.0000053 seconds
2020-04-30T02:32:30.219+0700: 11442.353: Total time for which application threads were stopped: 0.0001837 seconds, Stopping threads took: 0.0000170 seconds
2020-04-30T02:32:30.224+0700: 11442.358: Total time for which application threads were stopped: 0.0000920 seconds, Stopping threads took: 0.0000155 seconds
2020-04-30T02:32:30.225+0700: 11442.359: Total time for which application threads were stopped: 0.0000774 seconds, Stopping threads took: 0.0000132 seconds
2020-04-30T02:32:30.231+0700: 11442.365: Total time for which application threads were stopped: 0.0000882 seconds, Stopping threads took: 0.0000135 seconds
2020-04-30T02:32:30.239+0700: 11442.373: Total time for which application threads were stopped: 0.0000830 seconds, Stopping threads took: 0.0000149 seconds
2020-04-30T02:32:36.486+0700: 11448.619: Total time for which application threads were stopped: 0.0001688 seconds, Stopping threads took: 0.0000238 seconds
2020-04-30T02:32:36.486+0700: 11448.620: Total time for which application threads were stopped: 0.0000798 seconds, Stopping threads took: 0.0000086 seconds
2020-04-30T02:32:36.486+0700: 11448.620: Total time for which application threads were stopped: 0.0000721 seconds, Stopping threads took: 0.0000083 seconds
2020-04-30T02:32:36.486+0700: 11448.620: Total time for which application threads were stopped: 0.0000723 seconds, Stopping threads took: 0.0000079 seconds
2020-04-30T02:32:37.490+0700: 11449.624: Total time for which application threads were stopped: 0.0001105 seconds, Stopping threads took: 0.0000293 seconds
2020-04-30T02:32:39.499+0700: 11451.632: Total time for which application threads were stopped: 0.0001551 seconds, Stopping threads took: 0.0000388 seconds
2020-04-30T02:32:46.115+0700: 11458.244: Total time for which application threads were stopped: 0.0001015 seconds, Stopping threads took: 0.0000179 seconds
{Heap before GC invocations=28 (full 0):
 garbage-first heap   total 524288K, used 368939K [0x00000007a0000000, 0x00000007a0101000, 0x00000007c0000000)
  region size 1024K, 307 young (314368K), 21 survivors (21504K)
 Metaspace       used 53921K, capacity 56208K, committed 56392K, reserved 1099776K
  class space    used 6216K, capacity 6669K, committed 6732K, reserved 1048576K
2020-04-30T02:32:47.642+0700: 11459.771: [GC pause (G1 Evacuation Pause) (young)
Desired survivor size 20447232 bytes, new threshold 15 (max 15)
- age   1:    6982968 bytes,    6982968 total
- age   2:      78240 bytes,    7061208 total
- age   3:     224936 bytes,    7286144 total
- age   4:     242384 bytes,    7528528 total
- age   5:    4288776 bytes,   11817304 total
- age   6:      51496 bytes,   11868800 total
- age   7:     183952 bytes,   12052752 total
- age   8:      21120 bytes,   12073872 total
- age   9:      41392 bytes,   12115264 total
- age  10:     595160 bytes,   12710424 total
- age  11:    3026320 bytes,   15736744 total
- age  12:     422928 bytes,   16159672 total
- age  13:      60696 bytes,   16220368 total
- age  14:      29664 bytes,   16250032 total
- age  15:      34672 bytes,   16284704 total
, 0.0075361 secs]
   [Parallel Time: 4.4 ms, GC Workers: 8]
      [GC Worker Start (ms): Min: 11459771.2, Avg: 11459771.2, Max: 11459771.3, Diff: 0.1]
      [Ext Root Scanning (ms): Min: 0.2, Avg: 0.4, Max: 1.2, Diff: 0.9, Sum: 3.3]
      [Update RS (ms): Min: 0.0, Avg: 0.5, Max: 0.7, Diff: 0.7, Sum: 4.1]
         [Processed Buffers: Min: 0, Avg: 5.5, Max: 23, Diff: 23, Sum: 44]
      [Scan RS (ms): Min: 0.0, Avg: 0.0, Max: 0.0, Diff: 0.0, Sum: 0.2]
      [Code Root Scanning (ms): Min: 0.0, Avg: 0.6, Max: 3.2, Diff: 3.2, Sum: 5.1]
      [Object Copy (ms): Min: 0.1, Avg: 2.0, Max: 2.7, Diff: 2.6, Sum: 16.3]
      [Termination (ms): Min: 0.0, Avg: 0.6, Max: 0.7, Diff: 0.7, Sum: 5.1]
         [Termination Attempts: Min: 1, Avg: 1.2, Max: 2, Diff: 1, Sum: 10]
      [GC Worker Other (ms): Min: 0.0, Avg: 0.0, Max: 0.0, Diff: 0.0, Sum: 0.1]
      [GC Worker Total (ms): Min: 4.2, Avg: 4.3, Max: 4.4, Diff: 0.1, Sum: 34.1]
      [GC Worker End (ms): Min: 11459775.4, Avg: 11459775.5, Max: 11459775.5, Diff: 0.1]
   [Code Root Fixup: 0.0 ms]
   [Code Root Purge: 0.0 ms]
   [Clear CT: 0.2 ms]
   [Other: 2.9 ms]
      [Choose CSet: 0.0 ms]
      [Ref Proc: 2.5 ms]
      [Ref Enq: 0.1 ms]
      [Redirty Cards: 0.1 ms]
      [Humongous Register: 0.0 ms]
      [Humongous Reclaim: 0.0 ms]
      [Free CSet: 0.1 ms]
   [Eden: 286.0M(286.0M)->0.0B(284.0M) Survivors: 21.0M->23.0M Heap: 360.3M(512.0M)->77.1M(512.0M)]
Heap after GC invocations=29 (full 0):
 garbage-first heap   total 524288K, used 78994K [0x00000007a0000000, 0x00000007a0101000, 0x00000007c0000000)
  region size 1024K, 23 young (23552K), 23 survivors (23552K)
 Metaspace       used 53921K, capacity 56208K, committed 56392K, reserved 1099776K
  class space    used 6216K, capacity 6669K, committed 6732K, reserved 1048576K
}
 [Times: user=0.03 sys=0.01, real=0.01 secs] 
2020-04-30T02:32:47.650+0700: 11459.779: Total time for which application threads were stopped: 0.0078094 seconds, Stopping threads took: 0.0000202 seconds
2020-04-30T02:32:47.650+0700: 11459.779: Total time for which application threads were stopped: 0.0002694 seconds, Stopping threads took: 0.0000294 seconds
2020-04-30T02:32:51.164+0700: 11463.291: Total time for which application threads were stopped: 0.0001749 seconds, Stopping threads took: 0.0000234 seconds
2020-04-30T02:32:51.164+0700: 11463.291: Total time for which application threads were stopped: 0.0000722 seconds, Stopping threads took: 0.0000077 seconds
2020-04-30T02:32:51.164+0700: 11463.292: Total time for which application threads were stopped: 0.0002237 seconds, Stopping threads took: 0.0000077 seconds
2020-04-30T02:32:51.164+0700: 11463.292: Total time for which application threads were stopped: 0.0001611 seconds, Stopping threads took: 0.0000047 seconds
2020-04-30T02:32:57.310+0700: 11469.437: Total time for which application threads were stopped: 0.0001318 seconds, Stopping threads took: 0.0000203 seconds
2020-04-30T02:32:57.310+0700: 11469.437: Total time for which application threads were stopped: 0.0000543 seconds, Stopping threads took: 0.0000044 seconds
2020-04-30T02:32:59.407+0700: 11471.533: Total time for which application threads were stopped: 0.0001363 seconds, Stopping threads took: 0.0000542 seconds
2020-04-30T02:33:02.662+0700: 11474.788: Total time for which application threads were stopped: 0.0001317 seconds, Stopping threads took: 0.0000356 seconds
2020-04-30T02:33:02.662+0700: 11474.788: Total time for which application threads were stopped: 0.0000859 seconds, Stopping threads took: 0.0000043 seconds
2020-04-30T02:33:02.669+0700: 11474.795: Total time for which application threads were stopped: 0.0000940 seconds, Stopping threads took: 0.0000295 seconds
2020-04-30T02:33:09.093+0700: 11481.218: Total time for which application threads were stopped: 0.0002061 seconds, Stopping threads took: 0.0000265 seconds
2020-04-30T02:33:09.093+0700: 11481.218: Total time for which application threads were stopped: 0.0001881 seconds, Stopping threads took: 0.0000229 seconds
2020-04-30T02:33:09.094+0700: 11481.218: Total time for which application threads were stopped: 0.0002360 seconds, Stopping threads took: 0.0000360 seconds
2020-04-30T02:33:09.094+0700: 11481.219: Total time for which application threads were stopped: 0.0001537 seconds, Stopping threads took: 0.0000218 seconds
2020-04-30T02:33:18.392+0700: 11490.516: Total time for which application threads were stopped: 0.0001222 seconds, Stopping threads took: 0.0000336 seconds
2020-04-30T02:33:23.257+0700: 11495.381: Total time for which application threads were stopped: 0.0001872 seconds, Stopping threads took: 0.0000221 seconds
2020-04-30T02:33:23.257+0700: 11495.381: Total time for which application threads were stopped: 0.0000723 seconds, Stopping threads took: 0.0000076 seconds
2020-04-30T02:33:23.258+0700: 11495.381: Total time for which application threads were stopped: 0.0000622 seconds, Stopping threads took: 0.0000074 seconds
2020-04-30T02:33:23.258+0700: 11495.381: Total time for which application threads were stopped: 0.0000429 seconds, Stopping threads took: 0.0000038 seconds
2020-04-30T02:33:33.284+0700: 11505.408: Total time for which application threads were stopped: 0.0001104 seconds, Stopping threads took: 0.0000213 seconds
2020-04-30T02:33:33.503+0700: 11505.627: Total time for which application threads were stopped: 0.0002230 seconds, Stopping threads took: 0.0000181 seconds
2020-04-30T02:33:39.551+0700: 11511.674: Total time for which application threads were stopped: 0.0001634 seconds, Stopping threads took: 0.0000231 seconds
2020-04-30T02:33:39.551+0700: 11511.674: Total time for which application threads were stopped: 0.0000871 seconds, Stopping threads took: 0.0000093 seconds
2020-04-30T02:33:39.551+0700: 11511.675: Total time for which application threads were stopped: 0.0000640 seconds, Stopping threads took: 0.0000070 seconds
2020-04-30T02:33:39.551+0700: 11511.675: Total time for which application threads were stopped: 0.0004805 seconds, Stopping threads took: 0.0000077 seconds
2020-04-30T02:34:11.733+0700: 11543.856: Total time for which application threads were stopped: 0.0001273 seconds, Stopping threads took: 0.0000211 seconds
2020-04-30T02:34:11.741+0700: 11543.863: Total time for which application threads were stopped: 0.0001291 seconds, Stopping threads took: 0.0000142 seconds
2020-04-30T02:34:11.741+0700: 11543.863: Total time for which application threads were stopped: 0.0001567 seconds, Stopping threads took: 0.0000069 seconds
2020-04-30T02:34:11.741+0700: 11543.864: Total time for which application threads were stopped: 0.0000353 seconds, Stopping threads took: 0.0000038 seconds
2020-04-30T02:34:26.483+0700: 11558.605: Total time for which application threads were stopped: 0.0002140 seconds, Stopping threads took: 0.0000632 seconds
2020-04-30T02:34:26.483+0700: 11558.605: Total time for which application threads were stopped: 0.0001076 seconds, Stopping threads took: 0.0000392 seconds
2020-04-30T02:34:26.483+0700: 11558.605: Total time for which application threads were stopped: 0.0000982 seconds, Stopping threads took: 0.0000283 seconds
2020-04-30T02:34:26.483+0700: 11558.605: Total time for which application threads were stopped: 0.0000788 seconds, Stopping threads took: 0.0000263 seconds
2020-04-30T02:34:32.525+0700: 11564.647: Total time for which application threads were stopped: 0.0001220 seconds, Stopping threads took: 0.0000208 seconds
2020-04-30T02:34:37.564+0700: 11569.686: Total time for which application threads were stopped: 0.0001450 seconds, Stopping threads took: 0.0000190 seconds
2020-04-30T02:34:37.564+0700: 11569.686: Total time for which application threads were stopped: 0.0000461 seconds, Stopping threads took: 0.0000041 seconds
2020-04-30T02:34:49.920+0700: 11582.042: Total time for which application threads were stopped: 0.0001626 seconds, Stopping threads took: 0.0000218 seconds
2020-04-30T02:34:49.920+0700: 11582.042: Total time for which application threads were stopped: 0.0000671 seconds, Stopping threads took: 0.0000070 seconds
2020-04-30T02:34:49.921+0700: 11582.042: Total time for which application threads were stopped: 0.0000819 seconds, Stopping threads took: 0.0000226 seconds
2020-04-30T02:34:49.921+0700: 11582.042: Total time for which application threads were stopped: 0.0000694 seconds, Stopping threads took: 0.0000096 seconds
2020-04-30T02:34:58.732+0700: 11590.854: Total time for which application threads were stopped: 0.0001143 seconds, Stopping threads took: 0.0000197 seconds
2020-04-30T02:34:58.732+0700: 11590.854: Total time for which application threads were stopped: 0.0000439 seconds, Stopping threads took: 0.0000041 seconds
2020-04-30T02:34:58.740+0700: 11590.862: Total time for which application threads were stopped: 0.0001266 seconds, Stopping threads took: 0.0000136 seconds
2020-04-30T02:34:58.741+0700: 11590.862: Total time for which application threads were stopped: 0.0001833 seconds, Stopping threads took: 0.0000291 seconds
2020-04-30T02:35:09.385+0700: 11601.506: Total time for which application threads were stopped: 0.0001662 seconds, Stopping threads took: 0.0000229 seconds
2020-04-30T02:35:09.385+0700: 11601.506: Total time for which application threads were stopped: 0.0000641 seconds, Stopping threads took: 0.0000069 seconds
2020-04-30T02:35:09.385+0700: 11601.506: Total time for which application threads were stopped: 0.0000740 seconds, Stopping threads took: 0.0000114 seconds
2020-04-30T02:35:09.385+0700: 11601.506: Total time for which application threads were stopped: 0.0000493 seconds, Stopping threads took: 0.0000042 seconds
2020-04-30T02:35:10.393+0700: 11602.514: Total time for which application threads were stopped: 0.0001357 seconds, Stopping threads took: 0.0000309 seconds
2020-04-30T02:35:19.316+0700: 11611.437: Total time for which application threads were stopped: 0.0001833 seconds, Stopping threads took: 0.0000281 seconds
2020-04-30T02:35:19.316+0700: 11611.437: Total time for which application threads were stopped: 0.0000938 seconds, Stopping threads took: 0.0000096 seconds
2020-04-30T02:35:19.320+0700: 11611.441: Total time for which application threads were stopped: 0.0001225 seconds, Stopping threads took: 0.0000177 seconds
2020-04-30T02:35:19.320+0700: 11611.441: Total time for which application threads were stopped: 0.0000728 seconds, Stopping threads took: 0.0000098 seconds
2020-04-30T02:35:19.320+0700: 11611.441: Total time for which application threads were stopped: 0.0000595 seconds, Stopping threads took: 0.0000086 seconds
2020-04-30T02:35:19.320+0700: 11611.441: Total time for which application threads were stopped: 0.0000555 seconds, Stopping threads took: 0.0000080 seconds
2020-04-30T02:35:19.320+0700: 11611.441: Total time for which application threads were stopped: 0.0000553 seconds, Stopping threads took: 0.0000077 seconds
2020-04-30T02:35:19.320+0700: 11611.441: Total time for which application threads were stopped: 0.0000537 seconds, Stopping threads took: 0.0000074 seconds
2020-04-30T02:35:19.321+0700: 11611.442: Total time for which application threads were stopped: 0.0000564 seconds, Stopping threads took: 0.0000082 seconds
2020-04-30T02:35:19.321+0700: 11611.442: Total time for which application threads were stopped: 0.0000534 seconds, Stopping threads took: 0.0000074 seconds
2020-04-30T02:35:19.321+0700: 11611.442: Total time for which application threads were stopped: 0.0000672 seconds, Stopping threads took: 0.0000100 seconds
2020-04-30T02:35:19.321+0700: 11611.442: Total time for which application threads were stopped: 0.0000581 seconds, Stopping threads took: 0.0000083 seconds
2020-04-30T02:35:19.321+0700: 11611.442: Total time for which application threads were stopped: 0.0000786 seconds, Stopping threads took: 0.0000133 seconds
2020-04-30T02:35:19.321+0700: 11611.442: Total time for which application threads were stopped: 0.0000585 seconds, Stopping threads took: 0.0000083 seconds
2020-04-30T02:35:19.321+0700: 11611.442: Total time for which application threads were stopped: 0.0000757 seconds, Stopping threads took: 0.0000148 seconds
2020-04-30T02:35:19.321+0700: 11611.442: Total time for which application threads were stopped: 0.0000596 seconds, Stopping threads took: 0.0000080 seconds
2020-04-30T02:35:19.322+0700: 11611.442: Total time for which application threads were stopped: 0.0000557 seconds, Stopping threads took: 0.0000076 seconds
2020-04-30T02:35:19.328+0700: 11611.449: Total time for which application threads were stopped: 0.0000953 seconds, Stopping threads took: 0.0000165 seconds
2020-04-30T02:35:19.332+0700: 11611.453: Total time for which application threads were stopped: 0.0000896 seconds, Stopping threads took: 0.0000164 seconds
2020-04-30T02:35:19.333+0700: 11611.454: Total time for which application threads were stopped: 0.0000903 seconds, Stopping threads took: 0.0000166 seconds
2020-04-30T02:35:19.338+0700: 11611.459: Total time for which application threads were stopped: 0.0001114 seconds, Stopping threads took: 0.0000191 seconds
2020-04-30T02:35:19.354+0700: 11611.475: Total time for which application threads were stopped: 0.0000898 seconds, Stopping threads took: 0.0000145 seconds
2020-04-30T02:35:21.510+0700: 11613.630: Total time for which application threads were stopped: 0.0001363 seconds, Stopping threads took: 0.0000234 seconds
2020-04-30T02:35:21.510+0700: 11613.631: Total time for which application threads were stopped: 0.0000654 seconds, Stopping threads took: 0.0000055 seconds
2020-04-30T02:35:22.449+0700: 11614.569: Total time for which application threads were stopped: 0.0001684 seconds, Stopping threads took: 0.0000224 seconds
2020-04-30T02:35:34.340+0700: 11626.460: Total time for which application threads were stopped: 0.0002097 seconds, Stopping threads took: 0.0000179 seconds
2020-04-30T02:35:40.482+0700: 11632.602: Total time for which application threads were stopped: 0.0001564 seconds, Stopping threads took: 0.0000213 seconds
2020-04-30T02:35:40.482+0700: 11632.603: Total time for which application threads were stopped: 0.0000897 seconds, Stopping threads took: 0.0000096 seconds
2020-04-30T02:35:40.482+0700: 11632.603: Total time for which application threads were stopped: 0.0000826 seconds, Stopping threads took: 0.0000115 seconds
2020-04-30T02:35:40.482+0700: 11632.603: Total time for which application threads were stopped: 0.0000850 seconds, Stopping threads took: 0.0000101 seconds
2020-04-30T02:35:42.497+0700: 11634.618: Total time for which application threads were stopped: 0.0001165 seconds, Stopping threads took: 0.0000351 seconds
2020-04-30T02:35:51.543+0700: 11643.663: Total time for which application threads were stopped: 0.0001201 seconds, Stopping threads took: 0.0000264 seconds
2020-04-30T02:35:53.551+0700: 11645.671: Total time for which application threads were stopped: 0.0001315 seconds, Stopping threads took: 0.0000513 seconds
2020-04-30T02:35:56.563+0700: 11648.683: Total time for which application threads were stopped: 0.0001576 seconds, Stopping threads took: 0.0000230 seconds
2020-04-30T02:35:56.563+0700: 11648.684: Total time for which application threads were stopped: 0.0002443 seconds, Stopping threads took: 0.0000096 seconds
2020-04-30T02:35:56.564+0700: 11648.684: Total time for which application threads were stopped: 0.0000719 seconds, Stopping threads took: 0.0000073 seconds
2020-04-30T02:35:56.564+0700: 11648.684: Total time for which application threads were stopped: 0.0000502 seconds, Stopping threads took: 0.0000044 seconds
2020-04-30T02:35:58.471+0700: 11650.591: Total time for which application threads were stopped: 0.0001598 seconds, Stopping threads took: 0.0000208 seconds
2020-04-30T02:36:10.341+0700: 11662.461: Total time for which application threads were stopped: 0.0001856 seconds, Stopping threads took: 0.0000342 seconds
2020-04-30T02:36:10.342+0700: 11662.461: Total time for which application threads were stopped: 0.0000970 seconds, Stopping threads took: 0.0000039 seconds
2020-04-30T02:36:13.459+0700: 11665.579: Total time for which application threads were stopped: 0.0001501 seconds, Stopping threads took: 0.0000215 seconds
2020-04-30T02:36:13.459+0700: 11665.579: Total time for which application threads were stopped: 0.0000755 seconds, Stopping threads took: 0.0000078 seconds
2020-04-30T02:36:13.460+0700: 11665.579: Total time for which application threads were stopped: 0.0000668 seconds, Stopping threads took: 0.0000086 seconds
2020-04-30T02:36:13.460+0700: 11665.579: Total time for which application threads were stopped: 0.0000468 seconds, Stopping threads took: 0.0000040 seconds
2020-04-30T02:36:30.046+0700: 11682.166: Total time for which application threads were stopped: 0.0001633 seconds, Stopping threads took: 0.0000236 seconds
2020-04-30T02:36:30.047+0700: 11682.166: Total time for which application threads were stopped: 0.0000900 seconds, Stopping threads took: 0.0000090 seconds
2020-04-30T02:36:30.047+0700: 11682.166: Total time for which application threads were stopped: 0.0000738 seconds, Stopping threads took: 0.0000097 seconds
2020-04-30T02:36:30.047+0700: 11682.166: Total time for which application threads were stopped: 0.0000505 seconds, Stopping threads took: 0.0000045 seconds
2020-04-30T02:36:43.647+0700: 11695.766: Total time for which application threads were stopped: 0.0001241 seconds, Stopping threads took: 0.0000170 seconds
2020-04-30T02:36:43.647+0700: 11695.766: Total time for which application threads were stopped: 0.0000948 seconds, Stopping threads took: 0.0000044 seconds
2020-04-30T02:36:45.874+0700: 11697.993: Total time for which application threads were stopped: 0.0003299 seconds, Stopping threads took: 0.0000225 seconds
2020-04-30T02:36:45.874+0700: 11697.993: Total time for which application threads were stopped: 0.0000784 seconds, Stopping threads took: 0.0000093 seconds
2020-04-30T02:36:45.874+0700: 11697.993: Total time for which application threads were stopped: 0.0000600 seconds, Stopping threads took: 0.0000071 seconds
2020-04-30T02:36:45.874+0700: 11697.993: Total time for which application threads were stopped: 0.0000466 seconds, Stopping threads took: 0.0000041 seconds
2020-04-30T02:36:46.775+0700: 11698.895: Total time for which application threads were stopped: 0.0009532 seconds, Stopping threads took: 0.0000216 seconds
2020-04-30T02:36:59.892+0700: 11712.011: Total time for which application threads were stopped: 0.0001121 seconds, Stopping threads took: 0.0000323 seconds
2020-04-30T02:37:02.907+0700: 11715.026: Total time for which application threads were stopped: 0.0001453 seconds, Stopping threads took: 0.0000546 seconds
2020-04-30T02:37:04.778+0700: 11716.896: Total time for which application threads were stopped: 0.0001439 seconds, Stopping threads took: 0.0000207 seconds
2020-04-30T02:37:04.778+0700: 11716.896: Total time for which application threads were stopped: 0.0000699 seconds, Stopping threads took: 0.0000082 seconds
2020-04-30T02:37:04.778+0700: 11716.896: Total time for which application threads were stopped: 0.0000646 seconds, Stopping threads took: 0.0000090 seconds
2020-04-30T02:37:04.778+0700: 11716.897: Total time for which application threads were stopped: 0.0000430 seconds, Stopping threads took: 0.0000039 seconds
2020-04-30T02:37:17.215+0700: 11729.333: Total time for which application threads were stopped: 0.0001261 seconds, Stopping threads took: 0.0000338 seconds
2020-04-30T02:37:17.215+0700: 11729.333: Total time for which application threads were stopped: 0.0001147 seconds, Stopping threads took: 0.0000456 seconds
2020-04-30T02:37:17.215+0700: 11729.334: Total time for which application threads were stopped: 0.0001134 seconds, Stopping threads took: 0.0000182 seconds
2020-04-30T02:37:17.220+0700: 11729.339: Total time for which application threads were stopped: 0.0000813 seconds, Stopping threads took: 0.0000140 seconds
2020-04-30T02:37:17.318+0700: 11729.436: Total time for which application threads were stopped: 0.0001117 seconds, Stopping threads took: 0.0000328 seconds
2020-04-30T02:37:17.318+0700: 11729.437: Total time for which application threads were stopped: 0.0000834 seconds, Stopping threads took: 0.0000075 seconds
2020-04-30T02:37:18.328+0700: 11730.447: Total time for which application threads were stopped: 0.0001219 seconds, Stopping threads took: 0.0000195 seconds
2020-04-30T02:37:21.134+0700: 11733.253: Total time for which application threads were stopped: 0.0001591 seconds, Stopping threads took: 0.0000216 seconds
2020-04-30T02:37:21.135+0700: 11733.253: Total time for which application threads were stopped: 0.0000982 seconds, Stopping threads took: 0.0000195 seconds
2020-04-30T02:37:21.135+0700: 11733.253: Total time for which application threads were stopped: 0.0000815 seconds, Stopping threads took: 0.0000229 seconds
2020-04-30T02:37:21.135+0700: 11733.253: Total time for which application threads were stopped: 0.0000764 seconds, Stopping threads took: 0.0000205 seconds
2020-04-30T02:37:26.166+0700: 11738.284: Total time for which application threads were stopped: 0.0001152 seconds, Stopping threads took: 0.0000215 seconds
2020-04-30T02:37:33.439+0700: 11745.557: Total time for which application threads were stopped: 0.0002844 seconds, Stopping threads took: 0.0000556 seconds
2020-04-30T02:37:33.439+0700: 11745.557: Total time for which application threads were stopped: 0.0001592 seconds, Stopping threads took: 0.0000042 seconds
2020-04-30T02:37:33.441+0700: 11745.559: Total time for which application threads were stopped: 0.0000906 seconds, Stopping threads took: 0.0000301 seconds
2020-04-30T02:37:33.441+0700: 11745.559: Total time for which application threads were stopped: 0.0000844 seconds, Stopping threads took: 0.0000252 seconds
2020-04-30T02:37:33.442+0700: 11745.560: Total time for which application threads were stopped: 0.0001981 seconds, Stopping threads took: 0.0000247 seconds
2020-04-30T02:37:33.449+0700: 11745.567: Total time for which application threads were stopped: 0.0000997 seconds, Stopping threads took: 0.0000322 seconds
2020-04-30T02:37:33.468+0700: 11745.586: Total time for which application threads were stopped: 0.0001326 seconds, Stopping threads took: 0.0000514 seconds
2020-04-30T02:37:37.752+0700: 11749.870: Total time for which application threads were stopped: 0.0001742 seconds, Stopping threads took: 0.0000249 seconds
2020-04-30T02:37:37.753+0700: 11749.871: Total time for which application threads were stopped: 0.0000759 seconds, Stopping threads took: 0.0000087 seconds
2020-04-30T02:37:37.753+0700: 11749.871: Total time for which application threads were stopped: 0.0000675 seconds, Stopping threads took: 0.0000079 seconds
2020-04-30T02:37:37.753+0700: 11749.871: Total time for which application threads were stopped: 0.0000535 seconds, Stopping threads took: 0.0000048 seconds
2020-04-30T02:37:49.567+0700: 11761.685: Total time for which application threads were stopped: 0.0001140 seconds, Stopping threads took: 0.0000338 seconds
2020-04-30T02:37:56.717+0700: 11768.835: Total time for which application threads were stopped: 0.0001560 seconds, Stopping threads took: 0.0000212 seconds
2020-04-30T02:37:56.717+0700: 11768.835: Total time for which application threads were stopped: 0.0000889 seconds, Stopping threads took: 0.0000100 seconds
2020-04-30T02:37:56.717+0700: 11768.835: Total time for which application threads were stopped: 0.0000652 seconds, Stopping threads took: 0.0000078 seconds
2020-04-30T02:37:56.717+0700: 11768.835: Total time for which application threads were stopped: 0.0000672 seconds, Stopping threads took: 0.0000072 seconds
2020-04-30T02:38:08.910+0700: 11781.027: Total time for which application threads were stopped: 0.0001171 seconds, Stopping threads took: 0.0000335 seconds
2020-04-30T02:38:11.915+0700: 11784.032: Total time for which application threads were stopped: 0.0001320 seconds, Stopping threads took: 0.0000516 seconds
2020-04-30T02:38:13.100+0700: 11785.217: Total time for which application threads were stopped: 0.0001523 seconds, Stopping threads took: 0.0000215 seconds
2020-04-30T02:38:13.100+0700: 11785.217: Total time for which application threads were stopped: 0.0000907 seconds, Stopping threads took: 0.0000090 seconds
2020-04-30T02:38:13.100+0700: 11785.217: Total time for which application threads were stopped: 0.0000714 seconds, Stopping threads took: 0.0000098 seconds
2020-04-30T02:38:13.100+0700: 11785.217: Total time for which application threads were stopped: 0.0000484 seconds, Stopping threads took: 0.0000043 seconds
2020-04-30T02:38:26.194+0700: 11798.311: Total time for which application threads were stopped: 0.0001157 seconds, Stopping threads took: 0.0000198 seconds
2020-04-30T02:38:26.194+0700: 11798.311: Total time for which application threads were stopped: 0.0000419 seconds, Stopping threads took: 0.0000041 seconds
2020-04-30T02:38:26.200+0700: 11798.317: Total time for which application threads were stopped: 0.0000790 seconds, Stopping threads took: 0.0000139 seconds
2020-04-30T02:38:28.674+0700: 11800.791: Total time for which application threads were stopped: 0.0001543 seconds, Stopping threads took: 0.0000220 seconds
2020-04-30T02:38:28.674+0700: 11800.791: Total time for which application threads were stopped: 0.0000861 seconds, Stopping threads took: 0.0000090 seconds
2020-04-30T02:38:28.674+0700: 11800.791: Total time for which application threads were stopped: 0.0000702 seconds, Stopping threads took: 0.0000090 seconds
2020-04-30T02:38:28.674+0700: 11800.791: Total time for which application threads were stopped: 0.0000498 seconds, Stopping threads took: 0.0000044 seconds
2020-04-30T02:38:41.476+0700: 11813.593: Total time for which application threads were stopped: 0.0001260 seconds, Stopping threads took: 0.0000332 seconds
2020-04-30T02:38:45.154+0700: 11817.271: Total time for which application threads were stopped: 0.0001553 seconds, Stopping threads took: 0.0000216 seconds
2020-04-30T02:38:45.154+0700: 11817.271: Total time for which application threads were stopped: 0.0000871 seconds, Stopping threads took: 0.0000097 seconds
2020-04-30T02:38:45.155+0700: 11817.271: Total time for which application threads were stopped: 0.0000623 seconds, Stopping threads took: 0.0000072 seconds
2020-04-30T02:38:45.155+0700: 11817.271: Total time for which application threads were stopped: 0.0000486 seconds, Stopping threads took: 0.0000044 seconds
2020-04-30T02:38:58.265+0700: 11830.382: Total time for which application threads were stopped: 0.0001076 seconds, Stopping threads took: 0.0000177 seconds
2020-04-30T02:38:58.265+0700: 11830.382: Total time for which application threads were stopped: 0.0000695 seconds, Stopping threads took: 0.0000235 seconds
2020-04-30T02:38:58.272+0700: 11830.388: Total time for which application threads were stopped: 0.0000814 seconds, Stopping threads took: 0.0000139 seconds
2020-04-30T02:39:00.983+0700: 11833.100: Total time for which application threads were stopped: 0.0001577 seconds, Stopping threads took: 0.0000228 seconds
2020-04-30T02:39:00.984+0700: 11833.100: Total time for which application threads were stopped: 0.0000817 seconds, Stopping threads took: 0.0000089 seconds
2020-04-30T02:39:00.984+0700: 11833.100: Total time for which application threads were stopped: 0.0000636 seconds, Stopping threads took: 0.0000076 seconds
2020-04-30T02:39:00.984+0700: 11833.100: Total time for which application threads were stopped: 0.0000495 seconds, Stopping threads took: 0.0000043 seconds
2020-04-30T02:39:14.773+0700: 11846.889: Total time for which application threads were stopped: 0.0001117 seconds, Stopping threads took: 0.0000321 seconds
2020-04-30T02:39:33.194+0700: 11865.310: Total time for which application threads were stopped: 0.0001176 seconds, Stopping threads took: 0.0000344 seconds
2020-04-30T02:39:33.200+0700: 11865.316: Total time for which application threads were stopped: 0.0001085 seconds, Stopping threads took: 0.0000485 seconds
2020-04-30T02:39:33.200+0700: 11865.316: Total time for which application threads were stopped: 0.0000630 seconds, Stopping threads took: 0.0000062 seconds
2020-04-30T02:39:33.201+0700: 11865.316: Total time for which application threads were stopped: 0.0001026 seconds, Stopping threads took: 0.0000223 seconds
2020-04-30T02:39:33.201+0700: 11865.316: Total time for which application threads were stopped: 0.0000759 seconds, Stopping threads took: 0.0000054 seconds
2020-04-30T02:40:00.735+0700: 11892.850: Total time for which application threads were stopped: 0.0001680 seconds, Stopping threads took: 0.0000231 seconds
2020-04-30T02:40:00.735+0700: 11892.850: Total time for which application threads were stopped: 0.0000664 seconds, Stopping threads took: 0.0000071 seconds
2020-04-30T02:40:00.735+0700: 11892.850: Total time for which application threads were stopped: 0.0000624 seconds, Stopping threads took: 0.0000071 seconds
2020-04-30T02:40:00.736+0700: 11892.851: Total time for which application threads were stopped: 0.0000495 seconds, Stopping threads took: 0.0000044 seconds
2020-04-30T02:40:12.656+0700: 11904.771: Total time for which application threads were stopped: 0.0001334 seconds, Stopping threads took: 0.0000279 seconds
2020-04-30T02:40:12.657+0700: 11904.772: Total time for which application threads were stopped: 0.0001418 seconds, Stopping threads took: 0.0000287 seconds
2020-04-30T02:40:12.658+0700: 11904.772: Total time for which application threads were stopped: 0.0001303 seconds, Stopping threads took: 0.0000290 seconds
2020-04-30T02:40:12.658+0700: 11904.773: Total time for which application threads were stopped: 0.0000915 seconds, Stopping threads took: 0.0000289 seconds
{Heap before GC invocations=29 (full 0):
 garbage-first heap   total 524288K, used 369810K [0x00000007a0000000, 0x00000007a0101000, 0x00000007c0000000)
  region size 1024K, 307 young (314368K), 23 survivors (23552K)
 Metaspace       used 53923K, capacity 56208K, committed 56392K, reserved 1099776K
  class space    used 6216K, capacity 6669K, committed 6732K, reserved 1048576K
2020-04-30T02:40:12.784+0700: 11904.899: [GC pause (G1 Evacuation Pause) (young)
Desired survivor size 20447232 bytes, new threshold 15 (max 15)
- age   1:   12045808 bytes,   12045808 total
- age   2:      56688 bytes,   12102496 total
- age   3:      40792 bytes,   12143288 total
- age   4:      88080 bytes,   12231368 total
- age   5:      27688 bytes,   12259056 total
- age   6:     124112 bytes,   12383168 total
- age   7:      17128 bytes,   12400296 total
- age   8:      22448 bytes,   12422744 total
- age   9:      19088 bytes,   12441832 total
- age  10:      38896 bytes,   12480728 total
- age  11:     423240 bytes,   12903968 total
- age  12:    2975512 bytes,   15879480 total
- age  13:     224000 bytes,   16103480 total
- age  14:      60696 bytes,   16164176 total
- age  15:      29664 bytes,   16193840 total
, 0.0168107 secs]
   [Parallel Time: 13.7 ms, GC Workers: 8]
      [GC Worker Start (ms): Min: 11904899.2, Avg: 11904899.3, Max: 11904899.3, Diff: 0.1]
      [Ext Root Scanning (ms): Min: 0.3, Avg: 0.5, Max: 1.1, Diff: 0.8, Sum: 3.7]
      [Update RS (ms): Min: 0.0, Avg: 0.2, Max: 0.4, Diff: 0.4, Sum: 1.9]
         [Processed Buffers: Min: 0, Avg: 3.0, Max: 12, Diff: 12, Sum: 24]
      [Scan RS (ms): Min: 0.0, Avg: 0.0, Max: 0.1, Diff: 0.0, Sum: 0.2]
      [Code Root Scanning (ms): Min: 0.0, Avg: 0.3, Max: 0.6, Diff: 0.6, Sum: 2.1]
      [Object Copy (ms): Min: 12.4, Avg: 12.5, Max: 12.8, Diff: 0.4, Sum: 100.2]
      [Termination (ms): Min: 0.0, Avg: 0.0, Max: 0.1, Diff: 0.1, Sum: 0.3]
         [Termination Attempts: Min: 1, Avg: 1.0, Max: 1, Diff: 0, Sum: 8]
      [GC Worker Other (ms): Min: 0.0, Avg: 0.0, Max: 0.0, Diff: 0.0, Sum: 0.1]
      [GC Worker Total (ms): Min: 13.5, Avg: 13.6, Max: 13.6, Diff: 0.1, Sum: 108.5]
      [GC Worker End (ms): Min: 11904912.9, Avg: 11904912.9, Max: 11904912.9, Diff: 0.0]
   [Code Root Fixup: 0.0 ms]
   [Code Root Purge: 0.0 ms]
   [Clear CT: 0.1 ms]
   [Other: 2.9 ms]
      [Choose CSet: 0.0 ms]
      [Ref Proc: 2.4 ms]
      [Ref Enq: 0.1 ms]
      [Redirty Cards: 0.1 ms]
      [Humongous Register: 0.0 ms]
      [Humongous Reclaim: 0.0 ms]
      [Free CSet: 0.1 ms]
   [Eden: 284.0M(284.0M)->0.0B(283.0M) Survivors: 23.0M->24.0M Heap: 361.1M(512.0M)->78.9M(512.0M)]
Heap after GC invocations=30 (full 0):
 garbage-first heap   total 524288K, used 80748K [0x00000007a0000000, 0x00000007a0101000, 0x00000007c0000000)
  region size 1024K, 24 young (24576K), 24 survivors (24576K)
 Metaspace       used 53923K, capacity 56208K, committed 56392K, reserved 1099776K
  class space    used 6216K, capacity 6669K, committed 6732K, reserved 1048576K
}
 [Times: user=0.04 sys=0.05, real=0.02 secs] 
2020-04-30T02:40:12.801+0700: 11904.916: Total time for which application threads were stopped: 0.0170569 seconds, Stopping threads took: 0.0000328 seconds
2020-04-30T02:40:23.383+0700: 11915.498: Total time for which application threads were stopped: 0.0001714 seconds, Stopping threads took: 0.0000235 seconds
2020-04-30T02:40:23.384+0700: 11915.498: Total time for which application threads were stopped: 0.0000657 seconds, Stopping threads took: 0.0000070 seconds
2020-04-30T02:40:23.384+0700: 11915.498: Total time for which application threads were stopped: 0.0000618 seconds, Stopping threads took: 0.0000073 seconds
2020-04-30T02:40:23.384+0700: 11915.498: Total time for which application threads were stopped: 0.0000482 seconds, Stopping threads took: 0.0000043 seconds
2020-04-30T02:40:28.416+0700: 11920.530: Total time for which application threads were stopped: 0.0002199 seconds, Stopping threads took: 0.0000881 seconds
2020-04-30T02:40:31.106+0700: 11923.221: Total time for which application threads were stopped: 0.0001459 seconds, Stopping threads took: 0.0000334 seconds
2020-04-30T02:40:31.106+0700: 11923.221: Total time for which application threads were stopped: 0.0001446 seconds, Stopping threads took: 0.0000572 seconds
2020-04-30T02:40:31.106+0700: 11923.221: Total time for which application threads were stopped: 0.0000720 seconds, Stopping threads took: 0.0000246 seconds
2020-04-30T02:40:31.107+0700: 11923.221: Total time for which application threads were stopped: 0.0001014 seconds, Stopping threads took: 0.0000493 seconds
2020-04-30T02:40:31.107+0700: 11923.221: Total time for which application threads were stopped: 0.0000537 seconds, Stopping threads took: 0.0000067 seconds
2020-04-30T02:40:31.107+0700: 11923.221: Total time for which application threads were stopped: 0.0000515 seconds, Stopping threads took: 0.0000055 seconds
2020-04-30T02:40:31.107+0700: 11923.221: Total time for which application threads were stopped: 0.0000532 seconds, Stopping threads took: 0.0000144 seconds
2020-04-30T02:40:31.107+0700: 11923.222: Total time for which application threads were stopped: 0.0000857 seconds, Stopping threads took: 0.0000341 seconds
2020-04-30T02:40:31.107+0700: 11923.222: Total time for which application threads were stopped: 0.0001673 seconds, Stopping threads took: 0.0000582 seconds
2020-04-30T02:40:31.108+0700: 11923.222: Total time for which application threads were stopped: 0.0000768 seconds, Stopping threads took: 0.0000068 seconds
2020-04-30T02:40:31.108+0700: 11923.222: Total time for which application threads were stopped: 0.0000436 seconds, Stopping threads took: 0.0000075 seconds
2020-04-30T02:40:31.108+0700: 11923.222: Total time for which application threads were stopped: 0.0000529 seconds, Stopping threads took: 0.0000160 seconds
2020-04-30T02:40:31.108+0700: 11923.222: Total time for which application threads were stopped: 0.0000367 seconds, Stopping threads took: 0.0000057 seconds
2020-04-30T02:40:31.108+0700: 11923.222: Total time for which application threads were stopped: 0.0000422 seconds, Stopping threads took: 0.0000056 seconds
2020-04-30T02:40:31.108+0700: 11923.222: Total time for which application threads were stopped: 0.0000454 seconds, Stopping threads took: 0.0000065 seconds
2020-04-30T02:40:31.114+0700: 11923.228: Total time for which application threads were stopped: 0.0001110 seconds, Stopping threads took: 0.0000135 seconds
2020-04-30T02:40:31.115+0700: 11923.229: Total time for which application threads were stopped: 0.0000730 seconds, Stopping threads took: 0.0000132 seconds
2020-04-30T02:40:31.115+0700: 11923.229: Total time for which application threads were stopped: 0.0000507 seconds, Stopping threads took: 0.0000075 seconds
2020-04-30T02:40:31.118+0700: 11923.232: Total time for which application threads were stopped: 0.0001013 seconds, Stopping threads took: 0.0000180 seconds
2020-04-30T02:40:31.123+0700: 11923.237: Total time for which application threads were stopped: 0.0000983 seconds, Stopping threads took: 0.0000172 seconds
2020-04-30T02:40:31.136+0700: 11923.250: Total time for which application threads were stopped: 0.0002159 seconds, Stopping threads took: 0.0000403 seconds
2020-04-30T02:40:42.211+0700: 11934.325: Total time for which application threads were stopped: 0.0001982 seconds, Stopping threads took: 0.0000338 seconds
2020-04-30T02:40:42.211+0700: 11934.325: Total time for which application threads were stopped: 0.0001080 seconds, Stopping threads took: 0.0000132 seconds
2020-04-30T02:40:42.211+0700: 11934.325: Total time for which application threads were stopped: 0.0000835 seconds, Stopping threads took: 0.0000222 seconds
2020-04-30T02:40:42.211+0700: 11934.326: Total time for which application threads were stopped: 0.0000691 seconds, Stopping threads took: 0.0000094 seconds
2020-04-30T02:40:43.218+0700: 11935.332: Total time for which application threads were stopped: 0.0001023 seconds, Stopping threads took: 0.0000230 seconds
2020-04-30T02:40:46.723+0700: 11938.837: Total time for which application threads were stopped: 0.0001201 seconds, Stopping threads took: 0.0000324 seconds
2020-04-30T02:40:55.144+0700: 11947.258: Total time for which application threads were stopped: 0.0001528 seconds, Stopping threads took: 0.0000221 seconds
2020-04-30T02:40:55.144+0700: 11947.258: Total time for which application threads were stopped: 0.0000797 seconds, Stopping threads took: 0.0000090 seconds
2020-04-30T02:40:55.144+0700: 11947.258: Total time for which application threads were stopped: 0.0000596 seconds, Stopping threads took: 0.0000071 seconds
2020-04-30T02:40:55.144+0700: 11947.258: Total time for which application threads were stopped: 0.0000466 seconds, Stopping threads took: 0.0000040 seconds
2020-04-30T02:41:05.456+0700: 11957.570: Total time for which application threads were stopped: 0.0001120 seconds, Stopping threads took: 0.0000178 seconds
2020-04-30T02:41:05.456+0700: 11957.570: Total time for which application threads were stopped: 0.0000463 seconds, Stopping threads took: 0.0000049 seconds
2020-04-30T02:41:05.463+0700: 11957.577: Total time for which application threads were stopped: 0.0000835 seconds, Stopping threads took: 0.0000139 seconds
2020-04-30T02:41:11.859+0700: 11963.973: Total time for which application threads were stopped: 0.0001549 seconds, Stopping threads took: 0.0000236 seconds
2020-04-30T02:41:11.860+0700: 11963.973: Total time for which application threads were stopped: 0.0000791 seconds, Stopping threads took: 0.0000082 seconds
2020-04-30T02:41:11.860+0700: 11963.973: Total time for which application threads were stopped: 0.0000710 seconds, Stopping threads took: 0.0000090 seconds
2020-04-30T02:41:11.860+0700: 11963.973: Total time for which application threads were stopped: 0.0000492 seconds, Stopping threads took: 0.0000043 seconds
2020-04-30T02:41:24.674+0700: 11976.787: Total time for which application threads were stopped: 0.0002589 seconds, Stopping threads took: 0.0000509 seconds
2020-04-30T02:41:24.675+0700: 11976.788: Total time for which application threads were stopped: 0.0001008 seconds, Stopping threads took: 0.0000293 seconds
2020-04-30T02:41:32.135+0700: 11984.249: Total time for which application threads were stopped: 0.0001628 seconds, Stopping threads took: 0.0000227 seconds
2020-04-30T02:41:32.136+0700: 11984.249: Total time for which application threads were stopped: 0.0000831 seconds, Stopping threads took: 0.0000090 seconds
2020-04-30T02:41:32.136+0700: 11984.249: Total time for which application threads were stopped: 0.0000617 seconds, Stopping threads took: 0.0000071 seconds
2020-04-30T02:41:32.136+0700: 11984.249: Total time for which application threads were stopped: 0.0000473 seconds, Stopping threads took: 0.0000041 seconds
2020-04-30T02:41:45.174+0700: 11997.287: Total time for which application threads were stopped: 0.0001067 seconds, Stopping threads took: 0.0000190 seconds
2020-04-30T02:41:45.174+0700: 11997.287: Total time for which application threads were stopped: 0.0000431 seconds, Stopping threads took: 0.0000041 seconds
2020-04-30T02:41:45.181+0700: 11997.294: Total time for which application threads were stopped: 0.0001107 seconds, Stopping threads took: 0.0000482 seconds
2020-04-30T02:41:50.386+0700: 12002.499: Total time for which application threads were stopped: 0.0001663 seconds, Stopping threads took: 0.0000306 seconds
2020-04-30T02:41:50.386+0700: 12002.499: Total time for which application threads were stopped: 0.0000706 seconds, Stopping threads took: 0.0000093 seconds
2020-04-30T02:41:50.387+0700: 12002.499: Total time for which application threads were stopped: 0.0000567 seconds, Stopping threads took: 0.0000067 seconds
2020-04-30T02:41:50.387+0700: 12002.499: Total time for which application threads were stopped: 0.0000646 seconds, Stopping threads took: 0.0000091 seconds
2020-04-30T02:42:01.542+0700: 12013.654: Total time for which application threads were stopped: 0.0001617 seconds, Stopping threads took: 0.0000322 seconds
2020-04-30T02:42:05.359+0700: 12017.471: Total time for which application threads were stopped: 0.0001646 seconds, Stopping threads took: 0.0000226 seconds
2020-04-30T02:42:05.359+0700: 12017.471: Total time for which application threads were stopped: 0.0000668 seconds, Stopping threads took: 0.0000072 seconds
2020-04-30T02:42:05.359+0700: 12017.471: Total time for which application threads were stopped: 0.0000615 seconds, Stopping threads took: 0.0000070 seconds
2020-04-30T02:42:05.359+0700: 12017.472: Total time for which application threads were stopped: 0.0000493 seconds, Stopping threads took: 0.0000049 seconds
2020-04-30T02:42:17.310+0700: 12029.422: Total time for which application threads were stopped: 0.0001159 seconds, Stopping threads took: 0.0000344 seconds
2020-04-30T02:42:23.477+0700: 12035.589: Total time for which application threads were stopped: 0.0002014 seconds, Stopping threads took: 0.0000233 seconds
2020-04-30T02:42:23.478+0700: 12035.590: Total time for which application threads were stopped: 0.0002504 seconds, Stopping threads took: 0.0000102 seconds
2020-04-30T02:42:23.478+0700: 12035.590: Total time for which application threads were stopped: 0.0001007 seconds, Stopping threads took: 0.0000079 seconds
2020-04-30T02:42:23.478+0700: 12035.590: Total time for which application threads were stopped: 0.0000768 seconds, Stopping threads took: 0.0000193 seconds
2020-04-30T02:42:30.608+0700: 12042.720: Total time for which application threads were stopped: 0.0001659 seconds, Stopping threads took: 0.0000235 seconds
2020-04-30T02:42:32.381+0700: 12044.493: Total time for which application threads were stopped: 0.0001035 seconds, Stopping threads took: 0.0000170 seconds
2020-04-30T02:42:39.401+0700: 12051.512: Total time for which application threads were stopped: 0.0001593 seconds, Stopping threads took: 0.0000213 seconds
2020-04-30T02:42:39.401+0700: 12051.513: Total time for which application threads were stopped: 0.0000869 seconds, Stopping threads took: 0.0000099 seconds
2020-04-30T02:42:39.401+0700: 12051.513: Total time for which application threads were stopped: 0.0000665 seconds, Stopping threads took: 0.0000084 seconds
2020-04-30T02:42:39.401+0700: 12051.513: Total time for which application threads were stopped: 0.0000503 seconds, Stopping threads took: 0.0000045 seconds
2020-04-30T02:42:50.495+0700: 12062.607: Total time for which application threads were stopped: 0.0001078 seconds, Stopping threads took: 0.0000173 seconds
2020-04-30T02:42:50.495+0700: 12062.607: Total time for which application threads were stopped: 0.0001043 seconds, Stopping threads took: 0.0000384 seconds
2020-04-30T02:42:50.496+0700: 12062.607: Total time for which application threads were stopped: 0.0000796 seconds, Stopping threads took: 0.0000324 seconds
2020-04-30T02:42:50.496+0700: 12062.608: Total time for which application threads were stopped: 0.0004635 seconds, Stopping threads took: 0.0000083 seconds
2020-04-30T02:42:50.496+0700: 12062.608: Total time for which application threads were stopped: 0.0000549 seconds, Stopping threads took: 0.0000082 seconds
2020-04-30T02:42:50.541+0700: 12062.653: Total time for which application threads were stopped: 0.0000803 seconds, Stopping threads took: 0.0000140 seconds
2020-04-30T02:42:50.542+0700: 12062.654: Total time for which application threads were stopped: 0.0000708 seconds, Stopping threads took: 0.0000125 seconds
2020-04-30T02:42:50.542+0700: 12062.654: Total time for which application threads were stopped: 0.0001243 seconds, Stopping threads took: 0.0000065 seconds
2020-04-30T02:42:52.551+0700: 12064.662: Total time for which application threads were stopped: 0.0002094 seconds, Stopping threads took: 0.0000215 seconds
2020-04-30T02:42:52.551+0700: 12064.662: Total time for which application threads were stopped: 0.0001015 seconds, Stopping threads took: 0.0000059 seconds
2020-04-30T02:42:52.551+0700: 12064.662: Total time for which application threads were stopped: 0.0000523 seconds, Stopping threads took: 0.0000052 seconds
2020-04-30T02:42:52.551+0700: 12064.663: Total time for which application threads were stopped: 0.0000514 seconds, Stopping threads took: 0.0000049 seconds
2020-04-30T02:42:52.551+0700: 12064.663: Total time for which application threads were stopped: 0.0000493 seconds, Stopping threads took: 0.0000086 seconds
2020-04-30T02:42:52.551+0700: 12064.663: Total time for which application threads were stopped: 0.0000369 seconds, Stopping threads took: 0.0000054 seconds
2020-04-30T02:42:52.551+0700: 12064.663: Total time for which application threads were stopped: 0.0000514 seconds, Stopping threads took: 0.0000051 seconds
2020-04-30T02:42:52.551+0700: 12064.663: Total time for which application threads were stopped: 0.0000500 seconds, Stopping threads took: 0.0000083 seconds
2020-04-30T02:42:52.551+0700: 12064.663: Total time for which application threads were stopped: 0.0000509 seconds, Stopping threads took: 0.0000051 seconds
2020-04-30T02:42:52.552+0700: 12064.663: Total time for which application threads were stopped: 0.0000483 seconds, Stopping threads took: 0.0000081 seconds
2020-04-30T02:42:52.552+0700: 12064.663: Total time for which application threads were stopped: 0.0000638 seconds, Stopping threads took: 0.0000078 seconds
2020-04-30T02:42:52.552+0700: 12064.663: Total time for which application threads were stopped: 0.0000525 seconds, Stopping threads took: 0.0000055 seconds
2020-04-30T02:42:52.552+0700: 12064.663: Total time for which application threads were stopped: 0.0000509 seconds, Stopping threads took: 0.0000210 seconds
2020-04-30T02:42:52.552+0700: 12064.663: Total time for which application threads were stopped: 0.0000384 seconds, Stopping threads took: 0.0000061 seconds
2020-04-30T02:42:52.552+0700: 12064.663: Total time for which application threads were stopped: 0.0000361 seconds, Stopping threads took: 0.0000052 seconds
2020-04-30T02:42:57.127+0700: 12069.239: Total time for which application threads were stopped: 0.0001651 seconds, Stopping threads took: 0.0000218 seconds
2020-04-30T02:42:57.128+0700: 12069.239: Total time for which application threads were stopped: 0.0000672 seconds, Stopping threads took: 0.0000072 seconds
2020-04-30T02:42:57.128+0700: 12069.239: Total time for which application threads were stopped: 0.0002399 seconds, Stopping threads took: 0.0000117 seconds
2020-04-30T02:42:57.128+0700: 12069.239: Total time for which application threads were stopped: 0.0001406 seconds, Stopping threads took: 0.0000047 seconds
2020-04-30T02:43:00.301+0700: 12072.412: Total time for which application threads were stopped: 0.0001452 seconds, Stopping threads took: 0.0000233 seconds
2020-04-30T02:43:00.301+0700: 12072.413: Total time for which application threads were stopped: 0.0000645 seconds, Stopping threads took: 0.0000056 seconds
2020-04-30T02:43:08.150+0700: 12080.261: Total time for which application threads were stopped: 0.0001010 seconds, Stopping threads took: 0.0000197 seconds
2020-04-30T02:43:08.157+0700: 12080.268: Total time for which application threads were stopped: 0.0001112 seconds, Stopping threads took: 0.0000317 seconds
2020-04-30T02:43:12.178+0700: 12084.289: Total time for which application threads were stopped: 0.0003202 seconds, Stopping threads took: 0.0000224 seconds
2020-04-30T02:43:12.178+0700: 12084.290: Total time for which application threads were stopped: 0.0001178 seconds, Stopping threads took: 0.0000109 seconds
2020-04-30T02:43:12.179+0700: 12084.290: Total time for which application threads were stopped: 0.0000668 seconds, Stopping threads took: 0.0000081 seconds
2020-04-30T02:43:12.179+0700: 12084.290: Total time for which application threads were stopped: 0.0000506 seconds, Stopping threads took: 0.0000048 seconds
2020-04-30T02:43:15.016+0700: 12087.127: Total time for which application threads were stopped: 0.0001626 seconds, Stopping threads took: 0.0000225 seconds
2020-04-30T02:43:35.048+0700: 12107.159: Total time for which application threads were stopped: 0.0001650 seconds, Stopping threads took: 0.0000238 seconds
2020-04-30T02:43:35.049+0700: 12107.159: Total time for which application threads were stopped: 0.0000662 seconds, Stopping threads took: 0.0000072 seconds
2020-04-30T02:43:35.049+0700: 12107.159: Total time for which application threads were stopped: 0.0000595 seconds, Stopping threads took: 0.0000066 seconds
2020-04-30T02:43:35.049+0700: 12107.159: Total time for which application threads were stopped: 0.0000469 seconds, Stopping threads took: 0.0000042 seconds
2020-04-30T02:43:46.277+0700: 12118.387: Total time for which application threads were stopped: 0.0001767 seconds, Stopping threads took: 0.0000229 seconds
2020-04-30T02:43:46.277+0700: 12118.387: Total time for which application threads were stopped: 0.0000797 seconds, Stopping threads took: 0.0000080 seconds
2020-04-30T02:43:46.277+0700: 12118.387: Total time for which application threads were stopped: 0.0000577 seconds, Stopping threads took: 0.0000065 seconds
2020-04-30T02:43:46.277+0700: 12118.387: Total time for which application threads were stopped: 0.0000452 seconds, Stopping threads took: 0.0000039 seconds
2020-04-30T02:44:08.740+0700: 12140.850: Total time for which application threads were stopped: 0.0001646 seconds, Stopping threads took: 0.0000230 seconds
2020-04-30T02:44:08.740+0700: 12140.850: Total time for which application threads were stopped: 0.0000868 seconds, Stopping threads took: 0.0000093 seconds
2020-04-30T02:44:08.740+0700: 12140.850: Total time for which application threads were stopped: 0.0000716 seconds, Stopping threads took: 0.0000098 seconds
2020-04-30T02:44:08.740+0700: 12140.850: Total time for which application threads were stopped: 0.0000494 seconds, Stopping threads took: 0.0000045 seconds
2020-04-30T02:44:22.122+0700: 12154.231: Total time for which application threads were stopped: 0.0001632 seconds, Stopping threads took: 0.0000332 seconds
2020-04-30T02:44:22.122+0700: 12154.231: Total time for which application threads were stopped: 0.0001127 seconds, Stopping threads took: 0.0000228 seconds
2020-04-30T02:44:26.107+0700: 12158.217: Total time for which application threads were stopped: 0.0001623 seconds, Stopping threads took: 0.0000202 seconds
2020-04-30T02:44:26.108+0700: 12158.217: Total time for which application threads were stopped: 0.0000969 seconds, Stopping threads took: 0.0000116 seconds
2020-04-30T02:44:26.108+0700: 12158.217: Total time for which application threads were stopped: 0.0000694 seconds, Stopping threads took: 0.0000086 seconds
2020-04-30T02:44:26.108+0700: 12158.217: Total time for which application threads were stopped: 0.0000514 seconds, Stopping threads took: 0.0000044 seconds
2020-04-30T02:44:43.828+0700: 12175.937: Total time for which application threads were stopped: 0.0001633 seconds, Stopping threads took: 0.0000222 seconds
2020-04-30T02:44:43.828+0700: 12175.937: Total time for which application threads were stopped: 0.0000841 seconds, Stopping threads took: 0.0000093 seconds
2020-04-30T02:44:43.828+0700: 12175.937: Total time for which application threads were stopped: 0.0000604 seconds, Stopping threads took: 0.0000069 seconds
2020-04-30T02:44:43.828+0700: 12175.937: Total time for which application threads were stopped: 0.0000469 seconds, Stopping threads took: 0.0000043 seconds
2020-04-30T02:44:52.871+0700: 12184.980: Total time for which application threads were stopped: 0.0001584 seconds, Stopping threads took: 0.0000372 seconds
2020-04-30T02:44:59.401+0700: 12191.510: Total time for which application threads were stopped: 0.0001606 seconds, Stopping threads took: 0.0000217 seconds
2020-04-30T02:44:59.401+0700: 12191.510: Total time for which application threads were stopped: 0.0000618 seconds, Stopping threads took: 0.0000071 seconds
2020-04-30T02:44:59.401+0700: 12191.510: Total time for which application threads were stopped: 0.0000841 seconds, Stopping threads took: 0.0000238 seconds
2020-04-30T02:44:59.401+0700: 12191.510: Total time for which application threads were stopped: 0.0000549 seconds, Stopping threads took: 0.0000065 seconds
2020-04-30T02:45:16.489+0700: 12208.597: Total time for which application threads were stopped: 0.0001649 seconds, Stopping threads took: 0.0000207 seconds
2020-04-30T02:45:16.489+0700: 12208.597: Total time for which application threads were stopped: 0.0000861 seconds, Stopping threads took: 0.0000099 seconds
2020-04-30T02:45:16.489+0700: 12208.597: Total time for which application threads were stopped: 0.0000724 seconds, Stopping threads took: 0.0000096 seconds
2020-04-30T02:45:16.489+0700: 12208.598: Total time for which application threads were stopped: 0.0000511 seconds, Stopping threads took: 0.0000045 seconds
2020-04-30T02:45:29.318+0700: 12221.426: Total time for which application threads were stopped: 0.0001221 seconds, Stopping threads took: 0.0000165 seconds
2020-04-30T02:45:29.318+0700: 12221.426: Total time for which application threads were stopped: 0.0001113 seconds, Stopping threads took: 0.0000230 seconds
2020-04-30T02:45:29.325+0700: 12221.433: Total time for which application threads were stopped: 0.0001805 seconds, Stopping threads took: 0.0000552 seconds
2020-04-30T02:45:29.326+0700: 12221.434: Total time for which application threads were stopped: 0.0001607 seconds, Stopping threads took: 0.0000669 seconds
2020-04-30T02:45:29.326+0700: 12221.434: Total time for which application threads were stopped: 0.0001196 seconds, Stopping threads took: 0.0000446 seconds
2020-04-30T02:45:30.328+0700: 12222.436: Total time for which application threads were stopped: 0.0001377 seconds, Stopping threads took: 0.0000182 seconds
2020-04-30T02:45:38.043+0700: 12230.151: Total time for which application threads were stopped: 0.0001573 seconds, Stopping threads took: 0.0000229 seconds
2020-04-30T02:45:38.043+0700: 12230.151: Total time for which application threads were stopped: 0.0000851 seconds, Stopping threads took: 0.0000087 seconds
2020-04-30T02:45:38.043+0700: 12230.151: Total time for which application threads were stopped: 0.0000753 seconds, Stopping threads took: 0.0000111 seconds
2020-04-30T02:45:38.043+0700: 12230.151: Total time for which application threads were stopped: 0.0000507 seconds, Stopping threads took: 0.0000045 seconds
2020-04-30T02:45:50.292+0700: 12242.399: Total time for which application threads were stopped: 0.0001106 seconds, Stopping threads took: 0.0000176 seconds
2020-04-30T02:45:50.292+0700: 12242.399: Total time for which application threads were stopped: 0.0000449 seconds, Stopping threads took: 0.0000041 seconds
2020-04-30T02:45:50.293+0700: 12242.401: Total time for which application threads were stopped: 0.0000730 seconds, Stopping threads took: 0.0000133 seconds
2020-04-30T02:45:50.293+0700: 12242.401: Total time for which application threads were stopped: 0.0000467 seconds, Stopping threads took: 0.0000059 seconds
2020-04-30T02:45:50.293+0700: 12242.401: Total time for which application threads were stopped: 0.0000395 seconds, Stopping threads took: 0.0000059 seconds
2020-04-30T02:45:50.293+0700: 12242.401: Total time for which application threads were stopped: 0.0000348 seconds, Stopping threads took: 0.0000053 seconds
2020-04-30T02:45:50.293+0700: 12242.401: Total time for which application threads were stopped: 0.0000348 seconds, Stopping threads took: 0.0000050 seconds
2020-04-30T02:45:50.294+0700: 12242.401: Total time for which application threads were stopped: 0.0000355 seconds, Stopping threads took: 0.0000057 seconds
2020-04-30T02:45:50.294+0700: 12242.401: Total time for which application threads were stopped: 0.0000386 seconds, Stopping threads took: 0.0000055 seconds
2020-04-30T02:45:50.294+0700: 12242.401: Total time for which application threads were stopped: 0.0000472 seconds, Stopping threads took: 0.0000078 seconds
2020-04-30T02:45:50.294+0700: 12242.401: Total time for which application threads were stopped: 0.0000381 seconds, Stopping threads took: 0.0000056 seconds
2020-04-30T02:45:50.294+0700: 12242.401: Total time for which application threads were stopped: 0.0000356 seconds, Stopping threads took: 0.0000051 seconds
2020-04-30T02:45:50.294+0700: 12242.402: Total time for which application threads were stopped: 0.0000366 seconds, Stopping threads took: 0.0000054 seconds
2020-04-30T02:45:50.294+0700: 12242.402: Total time for which application threads were stopped: 0.0000407 seconds, Stopping threads took: 0.0000063 seconds
2020-04-30T02:45:50.294+0700: 12242.402: Total time for which application threads were stopped: 0.0000366 seconds, Stopping threads took: 0.0000052 seconds
2020-04-30T02:45:50.294+0700: 12242.402: Total time for which application threads were stopped: 0.0000395 seconds, Stopping threads took: 0.0000052 seconds
2020-04-30T02:45:50.294+0700: 12242.402: Total time for which application threads were stopped: 0.0000359 seconds, Stopping threads took: 0.0000054 seconds
2020-04-30T02:45:50.297+0700: 12242.405: Total time for which application threads were stopped: 0.0000618 seconds, Stopping threads took: 0.0000104 seconds
2020-04-30T02:45:50.297+0700: 12242.405: Total time for which application threads were stopped: 0.0000553 seconds, Stopping threads took: 0.0000074 seconds
2020-04-30T02:45:50.298+0700: 12242.406: Total time for which application threads were stopped: 0.0000443 seconds, Stopping threads took: 0.0000059 seconds
2020-04-30T02:45:50.307+0700: 12242.415: Total time for which application threads were stopped: 0.0001270 seconds, Stopping threads took: 0.0000290 seconds
2020-04-30T02:45:56.669+0700: 12248.777: Total time for which application threads were stopped: 0.0001788 seconds, Stopping threads took: 0.0000238 seconds
2020-04-30T02:45:56.669+0700: 12248.777: Total time for which application threads were stopped: 0.0000641 seconds, Stopping threads took: 0.0000069 seconds
2020-04-30T02:45:56.669+0700: 12248.777: Total time for which application threads were stopped: 0.0000578 seconds, Stopping threads took: 0.0000065 seconds
2020-04-30T02:45:56.669+0700: 12248.777: Total time for which application threads were stopped: 0.0000457 seconds, Stopping threads took: 0.0000042 seconds
2020-04-30T02:46:05.568+0700: 12257.676: Total time for which application threads were stopped: 0.0001232 seconds, Stopping threads took: 0.0000342 seconds
2020-04-30T02:46:13.062+0700: 12265.169: Total time for which application threads were stopped: 0.0001477 seconds, Stopping threads took: 0.0000204 seconds
2020-04-30T02:46:13.062+0700: 12265.169: Total time for which application threads were stopped: 0.0000796 seconds, Stopping threads took: 0.0000089 seconds
2020-04-30T02:46:13.062+0700: 12265.169: Total time for which application threads were stopped: 0.0000585 seconds, Stopping threads took: 0.0000070 seconds
2020-04-30T02:46:13.062+0700: 12265.169: Total time for which application threads were stopped: 0.0000456 seconds, Stopping threads took: 0.0000045 seconds
2020-04-30T02:46:26.315+0700: 12278.422: Total time for which application threads were stopped: 0.0001645 seconds, Stopping threads took: 0.0000343 seconds
2020-04-30T02:46:26.315+0700: 12278.422: Total time for which application threads were stopped: 0.0000920 seconds, Stopping threads took: 0.0000036 seconds
2020-04-30T02:46:26.323+0700: 12278.430: Total time for which application threads were stopped: 0.0001000 seconds, Stopping threads took: 0.0000162 seconds
2020-04-30T02:46:32.728+0700: 12284.835: Total time for which application threads were stopped: 0.0001575 seconds, Stopping threads took: 0.0000211 seconds
2020-04-30T02:46:32.729+0700: 12284.835: Total time for which application threads were stopped: 0.0001190 seconds, Stopping threads took: 0.0000214 seconds
2020-04-30T02:46:32.729+0700: 12284.836: Total time for which application threads were stopped: 0.0000776 seconds, Stopping threads took: 0.0000099 seconds
2020-04-30T02:46:32.729+0700: 12284.836: Total time for which application threads were stopped: 0.0000526 seconds, Stopping threads took: 0.0000047 seconds
2020-04-30T02:46:41.637+0700: 12293.743: Total time for which application threads were stopped: 0.0001344 seconds, Stopping threads took: 0.0000202 seconds
2020-04-30T02:46:44.018+0700: 12296.124: Total time for which application threads were stopped: 0.0001476 seconds, Stopping threads took: 0.0000203 seconds
2020-04-30T02:46:44.018+0700: 12296.124: Total time for which application threads were stopped: 0.0000794 seconds, Stopping threads took: 0.0000081 seconds
2020-04-30T02:46:44.018+0700: 12296.124: Total time for which application threads were stopped: 0.0000701 seconds, Stopping threads took: 0.0000096 seconds
2020-04-30T02:46:44.018+0700: 12296.124: Total time for which application threads were stopped: 0.0000461 seconds, Stopping threads took: 0.0000041 seconds
2020-04-30T02:46:56.660+0700: 12308.766: Total time for which application threads were stopped: 0.0002175 seconds, Stopping threads took: 0.0001274 seconds
2020-04-30T02:46:56.660+0700: 12308.766: Total time for which application threads were stopped: 0.0001061 seconds, Stopping threads took: 0.0000271 seconds
2020-04-30T02:46:56.667+0700: 12308.773: Total time for which application threads were stopped: 0.0001769 seconds, Stopping threads took: 0.0000144 seconds
2020-04-30T02:46:56.668+0700: 12308.774: Total time for which application threads were stopped: 0.0000989 seconds, Stopping threads took: 0.0000385 seconds
2020-04-30T02:46:57.671+0700: 12309.777: Total time for which application threads were stopped: 0.0000980 seconds, Stopping threads took: 0.0000181 seconds
2020-04-30T02:47:06.876+0700: 12318.982: Total time for which application threads were stopped: 0.0001619 seconds, Stopping threads took: 0.0000213 seconds
2020-04-30T02:47:06.876+0700: 12318.983: Total time for which application threads were stopped: 0.0000828 seconds, Stopping threads took: 0.0000088 seconds
2020-04-30T02:47:06.877+0700: 12318.983: Total time for which application threads were stopped: 0.0000722 seconds, Stopping threads took: 0.0000091 seconds
2020-04-30T02:47:06.877+0700: 12318.983: Total time for which application threads were stopped: 0.0000492 seconds, Stopping threads took: 0.0000044 seconds
2020-04-30T02:47:16.118+0700: 12328.224: Total time for which application threads were stopped: 0.0001055 seconds, Stopping threads took: 0.0000194 seconds
2020-04-30T02:47:16.118+0700: 12328.224: Total time for which application threads were stopped: 0.0000437 seconds, Stopping threads took: 0.0000044 seconds
2020-04-30T02:47:16.125+0700: 12328.231: Total time for which application threads were stopped: 0.0000878 seconds, Stopping threads took: 0.0000223 seconds
2020-04-30T02:47:17.632+0700: 12329.738: Total time for which application threads were stopped: 0.0001665 seconds, Stopping threads took: 0.0000216 seconds
2020-04-30T02:47:17.632+0700: 12329.738: Total time for which application threads were stopped: 0.0000808 seconds, Stopping threads took: 0.0000094 seconds
2020-04-30T02:47:17.633+0700: 12329.738: Total time for which application threads were stopped: 0.0002145 seconds, Stopping threads took: 0.0000107 seconds
2020-04-30T02:47:17.633+0700: 12329.739: Total time for which application threads were stopped: 0.0001480 seconds, Stopping threads took: 0.0000060 seconds
2020-04-30T02:47:20.731+0700: 12332.837: Total time for which application threads were stopped: 0.0001329 seconds, Stopping threads took: 0.0000205 seconds
2020-04-30T02:47:20.731+0700: 12332.837: Total time for which application threads were stopped: 0.0000961 seconds, Stopping threads took: 0.0000224 seconds
2020-04-30T02:47:31.326+0700: 12343.432: Total time for which application threads were stopped: 0.0001826 seconds, Stopping threads took: 0.0000453 seconds
2020-04-30T02:47:31.326+0700: 12343.432: Total time for which application threads were stopped: 0.0000871 seconds, Stopping threads took: 0.0000042 seconds
2020-04-30T02:47:31.333+0700: 12343.439: Total time for which application threads were stopped: 0.0000834 seconds, Stopping threads took: 0.0000125 seconds
2020-04-30T02:47:33.130+0700: 12345.236: Total time for which application threads were stopped: 0.0001519 seconds, Stopping threads took: 0.0000193 seconds
2020-04-30T02:47:33.130+0700: 12345.236: Total time for which application threads were stopped: 0.0000780 seconds, Stopping threads took: 0.0000092 seconds
2020-04-30T02:47:33.130+0700: 12345.236: Total time for which application threads were stopped: 0.0000681 seconds, Stopping threads took: 0.0000089 seconds
2020-04-30T02:47:33.130+0700: 12345.236: Total time for which application threads were stopped: 0.0000476 seconds, Stopping threads took: 0.0000043 seconds
{Heap before GC invocations=30 (full 0):
 garbage-first heap   total 524288K, used 370540K [0x00000007a0000000, 0x00000007a0101000, 0x00000007c0000000)
  region size 1024K, 307 young (314368K), 24 survivors (24576K)
 Metaspace       used 53924K, capacity 56208K, committed 56392K, reserved 1099776K
  class space    used 6216K, capacity 6669K, committed 6732K, reserved 1048576K
2020-04-30T02:47:46.763+0700: 12358.868: [GC pause (G1 Evacuation Pause) (young)
Desired survivor size 20447232 bytes, new threshold 13 (max 15)
- age   1:   10150672 bytes,   10150672 total
- age   2:    8282080 bytes,   18432752 total
- age   3:      56040 bytes,   18488792 total
- age   4:      23080 bytes,   18511872 total
- age   5:      85432 bytes,   18597304 total
- age   6:      25952 bytes,   18623256 total
- age   7:      79928 bytes,   18703184 total
- age   8:      16136 bytes,   18719320 total
- age   9:      22296 bytes,   18741616 total
- age  10:      19088 bytes,   18760704 total
- age  11:      38896 bytes,   18799600 total
- age  12:     423216 bytes,   19222816 total
- age  13:    2975360 bytes,   22198176 total
- age  14:     224000 bytes,   22422176 total
- age  15:      60696 bytes,   22482872 total
, 0.0123696 secs]
   [Parallel Time: 6.2 ms, GC Workers: 8]
      [GC Worker Start (ms): Min: 12358868.4, Avg: 12358868.7, Max: 12358870.7, Diff: 2.3]
      [Ext Root Scanning (ms): Min: 0.0, Avg: 0.6, Max: 2.3, Diff: 2.3, Sum: 5.1]
      [Update RS (ms): Min: 0.0, Avg: 0.3, Max: 0.6, Diff: 0.6, Sum: 2.2]
         [Processed Buffers: Min: 0, Avg: 3.0, Max: 15, Diff: 15, Sum: 24]
      [Scan RS (ms): Min: 0.0, Avg: 0.0, Max: 0.1, Diff: 0.1, Sum: 0.2]
      [Code Root Scanning (ms): Min: 0.0, Avg: 0.2, Max: 0.6, Diff: 0.6, Sum: 1.8]
      [Object Copy (ms): Min: 3.1, Avg: 4.1, Max: 5.2, Diff: 2.1, Sum: 33.1]
      [Termination (ms): Min: 0.0, Avg: 0.5, Max: 0.6, Diff: 0.6, Sum: 3.8]
         [Termination Attempts: Min: 1, Avg: 2.9, Max: 5, Diff: 4, Sum: 23]
      [GC Worker Other (ms): Min: 0.0, Avg: 0.0, Max: 0.0, Diff: 0.0, Sum: 0.1]
      [GC Worker Total (ms): Min: 3.9, Avg: 5.8, Max: 6.2, Diff: 2.3, Sum: 46.5]
      [GC Worker End (ms): Min: 12358874.5, Avg: 12358874.6, Max: 12358874.6, Diff: 0.0]
   [Code Root Fixup: 0.0 ms]
   [Code Root Purge: 0.0 ms]
   [Clear CT: 0.1 ms]
   [Other: 6.0 ms]
      [Choose CSet: 0.0 ms]
      [Ref Proc: 5.5 ms]
      [Ref Enq: 0.1 ms]
      [Redirty Cards: 0.1 ms]
      [Humongous Register: 0.0 ms]
      [Humongous Reclaim: 0.0 ms]
      [Free CSet: 0.1 ms]
   [Eden: 283.0M(283.0M)->0.0B(289.0M) Survivors: 24.0M->18.0M Heap: 361.9M(512.0M)->76.1M(512.0M)]
Heap after GC invocations=31 (full 0):
 garbage-first heap   total 524288K, used 77896K [0x00000007a0000000, 0x00000007a0101000, 0x00000007c0000000)
  region size 1024K, 18 young (18432K), 18 survivors (18432K)
 Metaspace       used 53924K, capacity 56208K, committed 56392K, reserved 1099776K
  class space    used 6216K, capacity 6669K, committed 6732K, reserved 1048576K
}
 [Times: user=0.06 sys=0.01, real=0.01 secs] 
2020-04-30T02:47:46.776+0700: 12358.881: Total time for which application threads were stopped: 0.0126527 seconds, Stopping threads took: 0.0000246 seconds
2020-04-30T02:47:46.781+0700: 12358.886: Total time for which application threads were stopped: 0.0001228 seconds, Stopping threads took: 0.0000266 seconds
2020-04-30T02:47:50.039+0700: 12362.144: Total time for which application threads were stopped: 0.0001635 seconds, Stopping threads took: 0.0000223 seconds
2020-04-30T02:47:50.039+0700: 12362.145: Total time for which application threads were stopped: 0.0000840 seconds, Stopping threads took: 0.0000089 seconds
2020-04-30T02:47:50.040+0700: 12362.145: Total time for which application threads were stopped: 0.0000687 seconds, Stopping threads took: 0.0000087 seconds
2020-04-30T02:47:50.040+0700: 12362.145: Total time for which application threads were stopped: 0.0000507 seconds, Stopping threads took: 0.0000043 seconds
2020-04-30T02:48:00.105+0700: 12372.210: Total time for which application threads were stopped: 0.0001507 seconds, Stopping threads took: 0.0000384 seconds
2020-04-30T02:48:03.533+0700: 12375.638: Total time for which application threads were stopped: 0.0001200 seconds, Stopping threads took: 0.0000164 seconds
2020-04-30T02:48:03.534+0700: 12375.639: Total time for which application threads were stopped: 0.0001360 seconds, Stopping threads took: 0.0000335 seconds
2020-04-30T02:48:03.534+0700: 12375.639: Total time for which application threads were stopped: 0.0000663 seconds, Stopping threads took: 0.0000164 seconds
2020-04-30T02:48:04.542+0700: 12376.647: Total time for which application threads were stopped: 0.0001748 seconds, Stopping threads took: 0.0000581 seconds
2020-04-30T02:48:06.186+0700: 12378.291: Total time for which application threads were stopped: 0.0001581 seconds, Stopping threads took: 0.0000209 seconds
2020-04-30T02:48:06.186+0700: 12378.291: Total time for which application threads were stopped: 0.0000848 seconds, Stopping threads took: 0.0000095 seconds
2020-04-30T02:48:06.186+0700: 12378.291: Total time for which application threads were stopped: 0.0000737 seconds, Stopping threads took: 0.0000091 seconds
2020-04-30T02:48:06.186+0700: 12378.291: Total time for which application threads were stopped: 0.0000506 seconds, Stopping threads took: 0.0000046 seconds
2020-04-30T02:48:16.234+0700: 12388.338: Total time for which application threads were stopped: 0.0001401 seconds, Stopping threads took: 0.0000206 seconds
2020-04-30T02:48:19.181+0700: 12391.285: Total time for which application threads were stopped: 0.0001673 seconds, Stopping threads took: 0.0000529 seconds
2020-04-30T02:48:19.181+0700: 12391.285: Total time for which application threads were stopped: 0.0000790 seconds, Stopping threads took: 0.0000216 seconds
2020-04-30T02:48:19.181+0700: 12391.285: Total time for which application threads were stopped: 0.0000818 seconds, Stopping threads took: 0.0000200 seconds
2020-04-30T02:48:19.181+0700: 12391.285: Total time for which application threads were stopped: 0.0000352 seconds, Stopping threads took: 0.0000050 seconds
2020-04-30T02:48:19.181+0700: 12391.286: Total time for which application threads were stopped: 0.0000501 seconds, Stopping threads took: 0.0000081 seconds
2020-04-30T02:48:19.181+0700: 12391.286: Total time for which application threads were stopped: 0.0001481 seconds, Stopping threads took: 0.0000053 seconds
2020-04-30T02:48:19.205+0700: 12391.310: Total time for which application threads were stopped: 0.0001091 seconds, Stopping threads took: 0.0000327 seconds
2020-04-30T02:48:20.383+0700: 12392.488: Total time for which application threads were stopped: 0.0001539 seconds, Stopping threads took: 0.0000219 seconds
2020-04-30T02:48:20.384+0700: 12392.488: Total time for which application threads were stopped: 0.0002291 seconds, Stopping threads took: 0.0000108 seconds
2020-04-30T02:48:20.384+0700: 12392.488: Total time for which application threads were stopped: 0.0000701 seconds, Stopping threads took: 0.0000087 seconds
2020-04-30T02:48:20.384+0700: 12392.488: Total time for which application threads were stopped: 0.0001036 seconds, Stopping threads took: 0.0000092 seconds
2020-04-30T02:48:30.574+0700: 12402.679: Total time for which application threads were stopped: 0.0001577 seconds, Stopping threads took: 0.0000219 seconds
2020-04-30T02:48:33.592+0700: 12405.697: Total time for which application threads were stopped: 0.0001262 seconds, Stopping threads took: 0.0000347 seconds
2020-04-30T02:48:34.382+0700: 12406.486: Total time for which application threads were stopped: 0.0001164 seconds, Stopping threads took: 0.0000188 seconds
2020-04-30T02:48:36.262+0700: 12408.366: Total time for which application threads were stopped: 0.0001765 seconds, Stopping threads took: 0.0000213 seconds
2020-04-30T02:48:36.262+0700: 12408.366: Total time for which application threads were stopped: 0.0000766 seconds, Stopping threads took: 0.0000081 seconds
2020-04-30T02:48:36.262+0700: 12408.366: Total time for which application threads were stopped: 0.0000701 seconds, Stopping threads took: 0.0000093 seconds
2020-04-30T02:48:36.262+0700: 12408.367: Total time for which application threads were stopped: 0.0000460 seconds, Stopping threads took: 0.0000041 seconds
2020-04-30T02:48:49.429+0700: 12421.533: Total time for which application threads were stopped: 0.0001671 seconds, Stopping threads took: 0.0000172 seconds
2020-04-30T02:48:51.657+0700: 12423.761: Total time for which application threads were stopped: 0.0003073 seconds, Stopping threads took: 0.0000394 seconds
2020-04-30T02:48:51.657+0700: 12423.761: Total time for which application threads were stopped: 0.0002047 seconds, Stopping threads took: 0.0000223 seconds
2020-04-30T02:48:51.658+0700: 12423.762: Total time for which application threads were stopped: 0.0001719 seconds, Stopping threads took: 0.0000195 seconds
2020-04-30T02:48:51.658+0700: 12423.762: Total time for which application threads were stopped: 0.0000875 seconds, Stopping threads took: 0.0000081 seconds
2020-04-30T02:48:59.693+0700: 12431.797: Total time for which application threads were stopped: 0.0001019 seconds, Stopping threads took: 0.0000211 seconds
2020-04-30T02:49:05.586+0700: 12437.689: Total time for which application threads were stopped: 0.0001282 seconds, Stopping threads took: 0.0000501 seconds
2020-04-30T02:49:09.051+0700: 12441.155: Total time for which application threads were stopped: 0.0003125 seconds, Stopping threads took: 0.0000380 seconds
2020-04-30T02:49:09.052+0700: 12441.155: Total time for which application threads were stopped: 0.0000810 seconds, Stopping threads took: 0.0000100 seconds
2020-04-30T02:49:09.052+0700: 12441.155: Total time for which application threads were stopped: 0.0000974 seconds, Stopping threads took: 0.0000333 seconds
2020-04-30T02:49:09.052+0700: 12441.155: Total time for which application threads were stopped: 0.0000636 seconds, Stopping threads took: 0.0000086 seconds
2020-04-30T02:49:10.128+0700: 12442.232: Total time for which application threads were stopped: 0.0001478 seconds, Stopping threads took: 0.0000210 seconds
2020-04-30T02:49:22.731+0700: 12454.834: Total time for which application threads were stopped: 0.0001113 seconds, Stopping threads took: 0.0000336 seconds
2020-04-30T02:49:25.531+0700: 12457.634: Total time for which application threads were stopped: 0.0001565 seconds, Stopping threads took: 0.0000239 seconds
2020-04-30T02:49:25.531+0700: 12457.634: Total time for which application threads were stopped: 0.0000882 seconds, Stopping threads took: 0.0000097 seconds
2020-04-30T02:49:25.531+0700: 12457.634: Total time for which application threads were stopped: 0.0000742 seconds, Stopping threads took: 0.0000096 seconds
2020-04-30T02:49:25.531+0700: 12457.634: Total time for which application threads were stopped: 0.0000506 seconds, Stopping threads took: 0.0000046 seconds
2020-04-30T02:49:38.824+0700: 12470.927: Total time for which application threads were stopped: 0.0001405 seconds, Stopping threads took: 0.0000185 seconds
2020-04-30T02:49:41.176+0700: 12473.279: Total time for which application threads were stopped: 0.0001624 seconds, Stopping threads took: 0.0000219 seconds
2020-04-30T02:49:41.178+0700: 12473.280: Total time for which application threads were stopped: 0.0001068 seconds, Stopping threads took: 0.0000115 seconds
2020-04-30T02:49:41.178+0700: 12473.280: Total time for which application threads were stopped: 0.0000660 seconds, Stopping threads took: 0.0000083 seconds
2020-04-30T02:49:41.178+0700: 12473.281: Total time for which application threads were stopped: 0.0000501 seconds, Stopping threads took: 0.0000048 seconds
2020-04-30T02:49:55.065+0700: 12487.168: Total time for which application threads were stopped: 0.0001126 seconds, Stopping threads took: 0.0000328 seconds
2020-04-30T02:49:55.066+0700: 12487.169: Total time for which application threads were stopped: 0.0000806 seconds, Stopping threads took: 0.0000088 seconds
2020-04-30T02:49:56.375+0700: 12488.477: Total time for which application threads were stopped: 0.0001495 seconds, Stopping threads took: 0.0000209 seconds
2020-04-30T02:49:56.375+0700: 12488.477: Total time for which application threads were stopped: 0.0000884 seconds, Stopping threads took: 0.0000099 seconds
2020-04-30T02:49:56.375+0700: 12488.477: Total time for which application threads were stopped: 0.0000590 seconds, Stopping threads took: 0.0000067 seconds
2020-04-30T02:49:56.375+0700: 12488.477: Total time for which application threads were stopped: 0.0000457 seconds, Stopping threads took: 0.0000041 seconds
2020-04-30T02:50:10.538+0700: 12502.640: Total time for which application threads were stopped: 0.0001884 seconds, Stopping threads took: 0.0000334 seconds
2020-04-30T02:50:15.988+0700: 12508.090: Total time for which application threads were stopped: 0.0001581 seconds, Stopping threads took: 0.0000244 seconds
2020-04-30T02:50:15.988+0700: 12508.090: Total time for which application threads were stopped: 0.0000738 seconds, Stopping threads took: 0.0000143 seconds
2020-04-30T02:50:15.988+0700: 12508.090: Total time for which application threads were stopped: 0.0000570 seconds, Stopping threads took: 0.0000070 seconds
2020-04-30T02:50:15.988+0700: 12508.090: Total time for which application threads were stopped: 0.0000545 seconds, Stopping threads took: 0.0000040 seconds
2020-04-30T02:50:25.956+0700: 12518.058: Total time for which application threads were stopped: 0.0001182 seconds, Stopping threads took: 0.0000250 seconds
2020-04-30T02:50:25.956+0700: 12518.058: Total time for which application threads were stopped: 0.0000767 seconds, Stopping threads took: 0.0000158 seconds
2020-04-30T02:50:25.957+0700: 12518.059: Total time for which application threads were stopped: 0.0000945 seconds, Stopping threads took: 0.0000300 seconds
2020-04-30T02:50:26.957+0700: 12519.059: Total time for which application threads were stopped: 0.0001755 seconds, Stopping threads took: 0.0000314 seconds
2020-04-30T02:50:28.714+0700: 12520.816: Total time for which application threads were stopped: 0.0001598 seconds, Stopping threads took: 0.0000226 seconds
2020-04-30T02:50:28.714+0700: 12520.816: Total time for which application threads were stopped: 0.0000850 seconds, Stopping threads took: 0.0000086 seconds
2020-04-30T02:50:28.714+0700: 12520.816: Total time for which application threads were stopped: 0.0000597 seconds, Stopping threads took: 0.0000074 seconds
2020-04-30T02:50:28.714+0700: 12520.816: Total time for which application threads were stopped: 0.0000455 seconds, Stopping threads took: 0.0000040 seconds
2020-04-30T02:50:42.198+0700: 12534.300: Total time for which application threads were stopped: 0.0001173 seconds, Stopping threads took: 0.0000347 seconds
2020-04-30T02:50:42.198+0700: 12534.300: Total time for which application threads were stopped: 0.0000627 seconds, Stopping threads took: 0.0000061 seconds
2020-04-30T02:50:42.198+0700: 12534.300: Total time for which application threads were stopped: 0.0000739 seconds, Stopping threads took: 0.0000055 seconds
2020-04-30T02:50:42.198+0700: 12534.300: Total time for which application threads were stopped: 0.0000872 seconds, Stopping threads took: 0.0000246 seconds
2020-04-30T02:50:42.199+0700: 12534.300: Total time for which application threads were stopped: 0.0000882 seconds, Stopping threads took: 0.0000245 seconds
2020-04-30T02:50:42.199+0700: 12534.300: Total time for which application threads were stopped: 0.0000853 seconds, Stopping threads took: 0.0000049 seconds
2020-04-30T02:50:42.199+0700: 12534.300: Total time for which application threads were stopped: 0.0000693 seconds, Stopping threads took: 0.0000050 seconds
2020-04-30T02:50:42.199+0700: 12534.300: Total time for which application threads were stopped: 0.0000835 seconds, Stopping threads took: 0.0000189 seconds
2020-04-30T02:50:42.199+0700: 12534.301: Total time for which application threads were stopped: 0.0000589 seconds, Stopping threads took: 0.0000064 seconds
2020-04-30T02:50:42.199+0700: 12534.301: Total time for which application threads were stopped: 0.0000645 seconds, Stopping threads took: 0.0000085 seconds
2020-04-30T02:50:42.199+0700: 12534.301: Total time for which application threads were stopped: 0.0000701 seconds, Stopping threads took: 0.0000050 seconds
2020-04-30T02:50:42.199+0700: 12534.301: Total time for which application threads were stopped: 0.0000479 seconds, Stopping threads took: 0.0000082 seconds
2020-04-30T02:50:42.199+0700: 12534.301: Total time for which application threads were stopped: 0.0000694 seconds, Stopping threads took: 0.0000051 seconds
2020-04-30T02:50:42.200+0700: 12534.301: Total time for which application threads were stopped: 0.0000736 seconds, Stopping threads took: 0.0000050 seconds
2020-04-30T02:50:42.200+0700: 12534.301: Total time for which application threads were stopped: 0.0000696 seconds, Stopping threads took: 0.0000048 seconds
2020-04-30T02:50:42.204+0700: 12534.306: Total time for which application threads were stopped: 0.0000620 seconds, Stopping threads took: 0.0000109 seconds
2020-04-30T02:50:42.207+0700: 12534.308: Total time for which application threads were stopped: 0.0001302 seconds, Stopping threads took: 0.0000096 seconds
2020-04-30T02:50:42.213+0700: 12534.314: Total time for which application threads were stopped: 0.0000897 seconds, Stopping threads took: 0.0000290 seconds
2020-04-30T02:50:42.226+0700: 12534.328: Total time for which application threads were stopped: 0.0001399 seconds, Stopping threads took: 0.0000414 seconds
2020-04-30T02:50:45.425+0700: 12537.527: Total time for which application threads were stopped: 0.0001558 seconds, Stopping threads took: 0.0000216 seconds
2020-04-30T02:50:45.426+0700: 12537.527: Total time for which application threads were stopped: 0.0000857 seconds, Stopping threads took: 0.0000087 seconds
2020-04-30T02:50:45.426+0700: 12537.527: Total time for which application threads were stopped: 0.0000734 seconds, Stopping threads took: 0.0000101 seconds
2020-04-30T02:50:45.426+0700: 12537.527: Total time for which application threads were stopped: 0.0000512 seconds, Stopping threads took: 0.0000046 seconds
2020-04-30T02:50:58.307+0700: 12550.409: Total time for which application threads were stopped: 0.0001028 seconds, Stopping threads took: 0.0000167 seconds
2020-04-30T02:51:13.017+0700: 12565.118: Total time for which application threads were stopped: 0.0001763 seconds, Stopping threads took: 0.0000209 seconds
2020-04-30T02:51:13.017+0700: 12565.118: Total time for which application threads were stopped: 0.0000774 seconds, Stopping threads took: 0.0000082 seconds
2020-04-30T02:51:13.017+0700: 12565.118: Total time for which application threads were stopped: 0.0000785 seconds, Stopping threads took: 0.0000087 seconds
2020-04-30T02:51:13.017+0700: 12565.118: Total time for which application threads were stopped: 0.0000438 seconds, Stopping threads took: 0.0000039 seconds
2020-04-30T02:51:26.421+0700: 12578.521: Total time for which application threads were stopped: 0.0001329 seconds, Stopping threads took: 0.0000181 seconds
2020-04-30T02:51:26.421+0700: 12578.522: Total time for which application threads were stopped: 0.0000951 seconds, Stopping threads took: 0.0000040 seconds
2020-04-30T02:51:26.428+0700: 12578.529: Total time for which application threads were stopped: 0.0002096 seconds, Stopping threads took: 0.0000290 seconds
2020-04-30T02:51:28.274+0700: 12580.375: Total time for which application threads were stopped: 0.0001575 seconds, Stopping threads took: 0.0000206 seconds
2020-04-30T02:51:28.275+0700: 12580.375: Total time for which application threads were stopped: 0.0000850 seconds, Stopping threads took: 0.0000090 seconds
2020-04-30T02:51:28.275+0700: 12580.375: Total time for which application threads were stopped: 0.0000671 seconds, Stopping threads took: 0.0000092 seconds
2020-04-30T02:51:28.275+0700: 12580.375: Total time for which application threads were stopped: 0.0000476 seconds, Stopping threads took: 0.0000043 seconds
2020-04-30T02:51:41.698+0700: 12593.798: Total time for which application threads were stopped: 0.0001640 seconds, Stopping threads took: 0.0000172 seconds
2020-04-30T02:51:41.698+0700: 12593.798: Total time for which application threads were stopped: 0.0001101 seconds, Stopping threads took: 0.0000040 seconds
2020-04-30T02:51:46.001+0700: 12598.101: Total time for which application threads were stopped: 0.0001541 seconds, Stopping threads took: 0.0000206 seconds
2020-04-30T02:51:46.001+0700: 12598.101: Total time for which application threads were stopped: 0.0000888 seconds, Stopping threads took: 0.0000093 seconds
2020-04-30T02:51:46.001+0700: 12598.101: Total time for which application threads were stopped: 0.0000627 seconds, Stopping threads took: 0.0000071 seconds
2020-04-30T02:51:46.001+0700: 12598.101: Total time for which application threads were stopped: 0.0000486 seconds, Stopping threads took: 0.0000043 seconds
2020-04-30T02:51:59.152+0700: 12611.252: Total time for which application threads were stopped: 0.0001660 seconds, Stopping threads took: 0.0000542 seconds
2020-04-30T02:51:59.152+0700: 12611.252: Total time for which application threads were stopped: 0.0000956 seconds, Stopping threads took: 0.0000043 seconds
2020-04-30T02:52:02.076+0700: 12614.176: Total time for which application threads were stopped: 0.0001530 seconds, Stopping threads took: 0.0000234 seconds
2020-04-30T02:52:02.076+0700: 12614.176: Total time for which application threads were stopped: 0.0000823 seconds, Stopping threads took: 0.0000094 seconds
2020-04-30T02:52:02.077+0700: 12614.176: Total time for which application threads were stopped: 0.0000819 seconds, Stopping threads took: 0.0000109 seconds
2020-04-30T02:52:02.077+0700: 12614.176: Total time for which application threads were stopped: 0.0000544 seconds, Stopping threads took: 0.0000062 seconds
2020-04-30T02:52:15.976+0700: 12628.075: Total time for which application threads were stopped: 0.0002278 seconds, Stopping threads took: 0.0000173 seconds
2020-04-30T02:52:26.091+0700: 12638.190: Total time for which application threads were stopped: 0.0001912 seconds, Stopping threads took: 0.0000202 seconds
2020-04-30T02:52:26.091+0700: 12638.190: Total time for which application threads were stopped: 0.0000657 seconds, Stopping threads took: 0.0000083 seconds
2020-04-30T02:52:26.091+0700: 12638.190: Total time for which application threads were stopped: 0.0001864 seconds, Stopping threads took: 0.0000067 seconds
2020-04-30T02:52:26.091+0700: 12638.191: Total time for which application threads were stopped: 0.0001462 seconds, Stopping threads took: 0.0000049 seconds
2020-04-30T02:52:28.927+0700: 12641.026: Total time for which application threads were stopped: 0.0001431 seconds, Stopping threads took: 0.0000223 seconds
2020-04-30T02:52:28.927+0700: 12641.026: Total time for which application threads were stopped: 0.0000599 seconds, Stopping threads took: 0.0000052 seconds
2020-04-30T02:52:32.151+0700: 12644.251: Total time for which application threads were stopped: 0.0002088 seconds, Stopping threads took: 0.0000551 seconds
2020-04-30T02:52:32.151+0700: 12644.251: Total time for which application threads were stopped: 0.0000919 seconds, Stopping threads took: 0.0000039 seconds
2020-04-30T02:52:36.561+0700: 12648.660: Total time for which application threads were stopped: 0.0001703 seconds, Stopping threads took: 0.0000187 seconds
2020-04-30T02:52:36.561+0700: 12648.660: Total time for which application threads were stopped: 0.0000771 seconds, Stopping threads took: 0.0000082 seconds
2020-04-30T02:52:36.561+0700: 12648.660: Total time for which application threads were stopped: 0.0000524 seconds, Stopping threads took: 0.0000058 seconds
2020-04-30T02:52:36.561+0700: 12648.660: Total time for which application threads were stopped: 0.0000403 seconds, Stopping threads took: 0.0000035 seconds
2020-04-30T02:53:00.997+0700: 12673.095: Total time for which application threads were stopped: 0.0001627 seconds, Stopping threads took: 0.0000214 seconds
2020-04-30T02:53:00.997+0700: 12673.096: Total time for which application threads were stopped: 0.0000813 seconds, Stopping threads took: 0.0000084 seconds
2020-04-30T02:53:00.997+0700: 12673.096: Total time for which application threads were stopped: 0.0000600 seconds, Stopping threads took: 0.0000068 seconds
2020-04-30T02:53:00.997+0700: 12673.096: Total time for which application threads were stopped: 0.0000468 seconds, Stopping threads took: 0.0000043 seconds
2020-04-30T02:53:08.140+0700: 12680.239: Total time for which application threads were stopped: 0.0001218 seconds, Stopping threads took: 0.0000342 seconds
2020-04-30T02:53:08.140+0700: 12680.239: Total time for which application threads were stopped: 0.0001049 seconds, Stopping threads took: 0.0000456 seconds
2020-04-30T02:53:08.141+0700: 12680.239: Total time for which application threads were stopped: 0.0001354 seconds, Stopping threads took: 0.0000329 seconds
2020-04-30T02:53:08.210+0700: 12680.309: Total time for which application threads were stopped: 0.0001172 seconds, Stopping threads took: 0.0000334 seconds
2020-04-30T02:53:08.282+0700: 12680.381: Total time for which application threads were stopped: 0.0001258 seconds, Stopping threads took: 0.0000468 seconds
2020-04-30T02:53:08.580+0700: 12680.678: Total time for which application threads were stopped: 0.0001691 seconds, Stopping threads took: 0.0000346 seconds
2020-04-30T02:53:08.588+0700: 12680.687: Total time for which application threads were stopped: 0.0001979 seconds, Stopping threads took: 0.0000270 seconds
2020-04-30T02:53:09.598+0700: 12681.697: Total time for which application threads were stopped: 0.0001249 seconds, Stopping threads took: 0.0000193 seconds
2020-04-30T02:53:21.827+0700: 12693.925: Total time for which application threads were stopped: 0.0001940 seconds, Stopping threads took: 0.0000217 seconds
2020-04-30T02:53:21.827+0700: 12693.925: Total time for which application threads were stopped: 0.0000729 seconds, Stopping threads took: 0.0000081 seconds
2020-04-30T02:53:21.827+0700: 12693.925: Total time for which application threads were stopped: 0.0000584 seconds, Stopping threads took: 0.0000073 seconds
2020-04-30T02:53:21.827+0700: 12693.925: Total time for which application threads were stopped: 0.0000444 seconds, Stopping threads took: 0.0000040 seconds
2020-04-30T02:53:27.050+0700: 12699.148: Total time for which application threads were stopped: 0.0001684 seconds, Stopping threads took: 0.0000300 seconds
2020-04-30T02:53:27.050+0700: 12699.148: Total time for which application threads were stopped: 0.0000893 seconds, Stopping threads took: 0.0000043 seconds
2020-04-30T02:53:27.052+0700: 12699.150: Total time for which application threads were stopped: 0.0001433 seconds, Stopping threads took: 0.0000312 seconds
2020-04-30T02:53:28.054+0700: 12700.152: Total time for which application threads were stopped: 0.0001364 seconds, Stopping threads took: 0.0000287 seconds
2020-04-30T02:53:37.591+0700: 12709.689: Total time for which application threads were stopped: 0.0001667 seconds, Stopping threads took: 0.0000235 seconds
2020-04-30T02:53:37.592+0700: 12709.689: Total time for which application threads were stopped: 0.0000664 seconds, Stopping threads took: 0.0000073 seconds
2020-04-30T02:53:37.592+0700: 12709.690: Total time for which application threads were stopped: 0.0000709 seconds, Stopping threads took: 0.0000090 seconds
2020-04-30T02:53:37.592+0700: 12709.690: Total time for which application threads were stopped: 0.0000527 seconds, Stopping threads took: 0.0000049 seconds
2020-04-30T02:53:44.618+0700: 12716.716: Total time for which application threads were stopped: 0.0001381 seconds, Stopping threads took: 0.0000173 seconds
2020-04-30T02:53:47.770+0700: 12719.867: Total time for which application threads were stopped: 0.0001613 seconds, Stopping threads took: 0.0000323 seconds
2020-04-30T02:53:47.770+0700: 12719.867: Total time for which application threads were stopped: 0.0000886 seconds, Stopping threads took: 0.0000038 seconds
2020-04-30T02:53:48.774+0700: 12720.871: Total time for which application threads were stopped: 0.0001328 seconds, Stopping threads took: 0.0000399 seconds
2020-04-30T02:53:52.198+0700: 12724.295: Total time for which application threads were stopped: 0.0001659 seconds, Stopping threads took: 0.0000205 seconds
2020-04-30T02:53:52.198+0700: 12724.296: Total time for which application threads were stopped: 0.0000815 seconds, Stopping threads took: 0.0000088 seconds
2020-04-30T02:53:52.198+0700: 12724.296: Total time for which application threads were stopped: 0.0000611 seconds, Stopping threads took: 0.0000076 seconds
2020-04-30T02:53:52.198+0700: 12724.296: Total time for which application threads were stopped: 0.0000475 seconds, Stopping threads took: 0.0000042 seconds
{Heap before GC invocations=31 (full 0):
 garbage-first heap   total 524288K, used 373832K [0x00000007a0000000, 0x00000007a0101000, 0x00000007c0000000)
  region size 1024K, 307 young (314368K), 18 survivors (18432K)
 Metaspace       used 53924K, capacity 56208K, committed 56392K, reserved 1099776K
  class space    used 6216K, capacity 6669K, committed 6732K, reserved 1048576K
2020-04-30T02:54:04.379+0700: 12736.476: [GC pause (G1 Evacuation Pause) (young)
Desired survivor size 20447232 bytes, new threshold 15 (max 15)
- age   1:    7564152 bytes,    7564152 total
- age   2:      93048 bytes,    7657200 total
- age   3:    8223200 bytes,   15880400 total
- age   4:      31360 bytes,   15911760 total
- age   5:       4392 bytes,   15916152 total
- age   6:      43624 bytes,   15959776 total
- age   7:       9176 bytes,   15968952 total
- age   8:      10328 bytes,   15979280 total
- age   9:      16136 bytes,   15995416 total
- age  10:      22296 bytes,   16017712 total
- age  11:      19088 bytes,   16036800 total
- age  12:      38896 bytes,   16075696 total
- age  13:     423216 bytes,   16498912 total
, 0.0059781 secs]
   [Parallel Time: 2.8 ms, GC Workers: 8]
      [GC Worker Start (ms): Min: 12736476.0, Avg: 12736476.1, Max: 12736476.5, Diff: 0.5]
      [Ext Root Scanning (ms): Min: 0.0, Avg: 0.3, Max: 1.0, Diff: 1.0, Sum: 2.7]
      [Update RS (ms): Min: 0.0, Avg: 0.5, Max: 0.8, Diff: 0.8, Sum: 4.0]
         [Processed Buffers: Min: 0, Avg: 3.0, Max: 8, Diff: 8, Sum: 24]
      [Scan RS (ms): Min: 0.0, Avg: 0.0, Max: 0.0, Diff: 0.0, Sum: 0.2]
      [Code Root Scanning (ms): Min: 0.0, Avg: 0.1, Max: 0.3, Diff: 0.3, Sum: 0.9]
      [Object Copy (ms): Min: 1.4, Avg: 1.6, Max: 1.8, Diff: 0.4, Sum: 12.7]
      [Termination (ms): Min: 0.0, Avg: 0.1, Max: 0.1, Diff: 0.1, Sum: 0.6]
         [Termination Attempts: Min: 1, Avg: 2.5, Max: 4, Diff: 3, Sum: 20]
      [GC Worker Other (ms): Min: 0.0, Avg: 0.0, Max: 0.0, Diff: 0.0, Sum: 0.1]
      [GC Worker Total (ms): Min: 2.3, Avg: 2.6, Max: 2.8, Diff: 0.5, Sum: 21.1]
      [GC Worker End (ms): Min: 12736478.7, Avg: 12736478.7, Max: 12736478.8, Diff: 0.1]
   [Code Root Fixup: 0.0 ms]
   [Code Root Purge: 0.0 ms]
   [Clear CT: 0.1 ms]
   [Other: 3.1 ms]
      [Choose CSet: 0.0 ms]
      [Ref Proc: 2.8 ms]
      [Ref Enq: 0.1 ms]
      [Redirty Cards: 0.1 ms]
      [Humongous Register: 0.0 ms]
      [Humongous Reclaim: 0.0 ms]
      [Free CSet: 0.1 ms]
   [Eden: 289.0M(289.0M)->0.0B(293.0M) Survivors: 18.0M->14.0M Heap: 365.1M(512.0M)->71.6M(512.0M)]
Heap after GC invocations=32 (full 0):
 garbage-first heap   total 524288K, used 73288K [0x00000007a0000000, 0x00000007a0101000, 0x00000007c0000000)
  region size 1024K, 14 young (14336K), 14 survivors (14336K)
 Metaspace       used 53924K, capacity 56208K, committed 56392K, reserved 1099776K
  class space    used 6216K, capacity 6669K, committed 6732K, reserved 1048576K
}
 [Times: user=0.02 sys=0.00, real=0.01 secs] 
2020-04-30T02:54:04.385+0700: 12736.482: Total time for which application threads were stopped: 0.0062731 seconds, Stopping threads took: 0.0000226 seconds
2020-04-30T02:54:04.385+0700: 12736.482: Total time for which application threads were stopped: 0.0001914 seconds, Stopping threads took: 0.0000089 seconds
2020-04-30T02:54:04.386+0700: 12736.483: Total time for which application threads were stopped: 0.0000600 seconds, Stopping threads took: 0.0000074 seconds
2020-04-30T02:54:04.386+0700: 12736.483: Total time for which application threads were stopped: 0.0000335 seconds, Stopping threads took: 0.0000036 seconds
2020-04-30T02:54:05.391+0700: 12737.488: Total time for which application threads were stopped: 0.0001205 seconds, Stopping threads took: 0.0000242 seconds
2020-04-30T02:54:12.291+0700: 12744.389: Total time for which application threads were stopped: 0.0001626 seconds, Stopping threads took: 0.0000215 seconds
2020-04-30T02:54:12.292+0700: 12744.389: Total time for which application threads were stopped: 0.0000775 seconds, Stopping threads took: 0.0000103 seconds
2020-04-30T02:54:12.292+0700: 12744.389: Total time for which application threads were stopped: 0.0000595 seconds, Stopping threads took: 0.0000071 seconds
2020-04-30T02:54:12.292+0700: 12744.389: Total time for which application threads were stopped: 0.0000644 seconds, Stopping threads took: 0.0000069 seconds
2020-04-30T02:54:22.342+0700: 12754.439: Total time for which application threads were stopped: 0.0002248 seconds, Stopping threads took: 0.0000541 seconds
2020-04-30T02:54:26.585+0700: 12758.682: Total time for which application threads were stopped: 0.0001584 seconds, Stopping threads took: 0.0000218 seconds
2020-04-30T02:54:26.585+0700: 12758.682: Total time for which application threads were stopped: 0.0002078 seconds, Stopping threads took: 0.0000067 seconds
2020-04-30T02:54:26.585+0700: 12758.682: Total time for which application threads were stopped: 0.0000934 seconds, Stopping threads took: 0.0000086 seconds
2020-04-30T02:54:26.586+0700: 12758.682: Total time for which application threads were stopped: 0.0000479 seconds, Stopping threads took: 0.0000043 seconds
2020-04-30T02:54:37.357+0700: 12769.454: Total time for which application threads were stopped: 0.0001494 seconds, Stopping threads took: 0.0000520 seconds
2020-04-30T02:54:37.357+0700: 12769.454: Total time for which application threads were stopped: 0.0000689 seconds, Stopping threads took: 0.0000243 seconds
2020-04-30T02:54:47.451+0700: 12779.547: Total time for which application threads were stopped: 0.0001657 seconds, Stopping threads took: 0.0000232 seconds
2020-04-30T02:54:47.451+0700: 12779.547: Total time for which application threads were stopped: 0.0000639 seconds, Stopping threads took: 0.0000069 seconds
2020-04-30T02:54:47.451+0700: 12779.547: Total time for which application threads were stopped: 0.0000687 seconds, Stopping threads took: 0.0000091 seconds
2020-04-30T02:54:47.451+0700: 12779.547: Total time for which application threads were stopped: 0.0000489 seconds, Stopping threads took: 0.0000044 seconds
2020-04-30T02:54:57.285+0700: 12789.381: Total time for which application threads were stopped: 0.0001293 seconds, Stopping threads took: 0.0000167 seconds
2020-04-30T02:54:57.285+0700: 12789.381: Total time for which application threads were stopped: 0.0000927 seconds, Stopping threads took: 0.0000040 seconds
2020-04-30T02:54:57.292+0700: 12789.389: Total time for which application threads were stopped: 0.0000920 seconds, Stopping threads took: 0.0000295 seconds
2020-04-30T02:55:05.931+0700: 12798.027: Total time for which application threads were stopped: 0.0001632 seconds, Stopping threads took: 0.0000218 seconds
2020-04-30T02:55:05.932+0700: 12798.028: Total time for which application threads were stopped: 0.0000643 seconds, Stopping threads took: 0.0000069 seconds
2020-04-30T02:55:05.932+0700: 12798.028: Total time for which application threads were stopped: 0.0000688 seconds, Stopping threads took: 0.0000089 seconds
2020-04-30T02:55:05.932+0700: 12798.028: Total time for which application threads were stopped: 0.0000827 seconds, Stopping threads took: 0.0000043 seconds
2020-04-30T02:55:17.894+0700: 12809.990: Total time for which application threads were stopped: 0.0001183 seconds, Stopping threads took: 0.0000315 seconds
2020-04-30T02:55:28.007+0700: 12820.103: Total time for which application threads were stopped: 0.0003606 seconds, Stopping threads took: 0.0000209 seconds
2020-04-30T02:55:28.007+0700: 12820.103: Total time for which application threads were stopped: 0.0000749 seconds, Stopping threads took: 0.0000091 seconds
2020-04-30T02:55:28.007+0700: 12820.103: Total time for which application threads were stopped: 0.0000694 seconds, Stopping threads took: 0.0000088 seconds
2020-04-30T02:55:28.007+0700: 12820.103: Total time for which application threads were stopped: 0.0000481 seconds, Stopping threads took: 0.0000043 seconds
2020-04-30T02:55:35.240+0700: 12827.335: Total time for which application threads were stopped: 0.0001743 seconds, Stopping threads took: 0.0000326 seconds
2020-04-30T02:55:41.951+0700: 12834.046: Total time for which application threads were stopped: 0.0001905 seconds, Stopping threads took: 0.0000365 seconds
2020-04-30T02:55:43.955+0700: 12836.050: Total time for which application threads were stopped: 0.0001712 seconds, Stopping threads took: 0.0000656 seconds
2020-04-30T02:55:45.346+0700: 12837.441: Total time for which application threads were stopped: 0.0001577 seconds, Stopping threads took: 0.0000208 seconds
2020-04-30T02:55:45.346+0700: 12837.441: Total time for which application threads were stopped: 0.0000839 seconds, Stopping threads took: 0.0000084 seconds
2020-04-30T02:55:45.346+0700: 12837.441: Total time for which application threads were stopped: 0.0000715 seconds, Stopping threads took: 0.0000095 seconds
2020-04-30T02:55:45.346+0700: 12837.441: Total time for which application threads were stopped: 0.0000491 seconds, Stopping threads took: 0.0000044 seconds
2020-04-30T02:55:58.010+0700: 12850.105: Total time for which application threads were stopped: 0.0002082 seconds, Stopping threads took: 0.0000315 seconds
2020-04-30T02:55:58.010+0700: 12850.105: Total time for which application threads were stopped: 0.0001357 seconds, Stopping threads took: 0.0000199 seconds
2020-04-30T02:55:58.011+0700: 12850.106: Total time for which application threads were stopped: 0.0000966 seconds, Stopping threads took: 0.0000274 seconds
2020-04-30T02:55:58.012+0700: 12850.106: Total time for which application threads were stopped: 0.0000988 seconds, Stopping threads took: 0.0000211 seconds
2020-04-30T02:55:59.012+0700: 12851.107: Total time for which application threads were stopped: 0.0001209 seconds, Stopping threads took: 0.0000179 seconds
2020-04-30T02:56:01.024+0700: 12853.119: Total time for which application threads were stopped: 0.0001238 seconds, Stopping threads took: 0.0000345 seconds
2020-04-30T02:56:02.501+0700: 12854.596: Total time for which application threads were stopped: 0.0001573 seconds, Stopping threads took: 0.0000205 seconds
2020-04-30T02:56:02.502+0700: 12854.596: Total time for which application threads were stopped: 0.0000983 seconds, Stopping threads took: 0.0000240 seconds
2020-04-30T02:56:02.502+0700: 12854.597: Total time for which application threads were stopped: 0.0000646 seconds, Stopping threads took: 0.0000079 seconds
2020-04-30T02:56:02.502+0700: 12854.597: Total time for which application threads were stopped: 0.0000446 seconds, Stopping threads took: 0.0000042 seconds
2020-04-30T02:56:15.691+0700: 12867.786: Total time for which application threads were stopped: 0.0001080 seconds, Stopping threads took: 0.0000324 seconds
2020-04-30T02:56:15.691+0700: 12867.786: Total time for which application threads were stopped: 0.0000853 seconds, Stopping threads took: 0.0000255 seconds
2020-04-30T02:56:15.691+0700: 12867.786: Total time for which application threads were stopped: 0.0000711 seconds, Stopping threads took: 0.0000242 seconds
2020-04-30T02:56:15.694+0700: 12867.789: Total time for which application threads were stopped: 0.0001850 seconds, Stopping threads took: 0.0000529 seconds
2020-04-30T02:56:15.699+0700: 12867.794: Total time for which application threads were stopped: 0.0000953 seconds, Stopping threads took: 0.0000286 seconds
2020-04-30T02:56:15.710+0700: 12867.805: Total time for which application threads were stopped: 0.0000882 seconds, Stopping threads took: 0.0000145 seconds
2020-04-30T02:56:19.088+0700: 12871.182: Total time for which application threads were stopped: 0.0001421 seconds, Stopping threads took: 0.0000193 seconds
2020-04-30T02:56:19.088+0700: 12871.183: Total time for which application threads were stopped: 0.0000722 seconds, Stopping threads took: 0.0000079 seconds
2020-04-30T02:56:19.088+0700: 12871.183: Total time for which application threads were stopped: 0.0000744 seconds, Stopping threads took: 0.0000108 seconds
2020-04-30T02:56:19.088+0700: 12871.183: Total time for which application threads were stopped: 0.0000464 seconds, Stopping threads took: 0.0000055 seconds
2020-04-30T02:56:31.879+0700: 12883.973: Total time for which application threads were stopped: 0.0002061 seconds, Stopping threads took: 0.0000551 seconds
2020-04-30T02:56:36.316+0700: 12888.410: Total time for which application threads were stopped: 0.0001738 seconds, Stopping threads took: 0.0000226 seconds
2020-04-30T02:56:36.316+0700: 12888.410: Total time for which application threads were stopped: 0.0000793 seconds, Stopping threads took: 0.0000103 seconds
2020-04-30T02:56:36.316+0700: 12888.410: Total time for which application threads were stopped: 0.0000698 seconds, Stopping threads took: 0.0000082 seconds
2020-04-30T02:56:36.316+0700: 12888.411: Total time for which application threads were stopped: 0.0000538 seconds, Stopping threads took: 0.0000051 seconds
2020-04-30T02:56:47.494+0700: 12899.588: Total time for which application threads were stopped: 0.0002139 seconds, Stopping threads took: 0.0000562 seconds
2020-04-30T02:56:47.637+0700: 12899.730: Total time for which application threads were stopped: 0.0001278 seconds, Stopping threads took: 0.0000180 seconds
2020-04-30T02:56:47.637+0700: 12899.731: Total time for which application threads were stopped: 0.0000835 seconds, Stopping threads took: 0.0000111 seconds
2020-04-30T02:56:47.643+0700: 12899.737: Total time for which application threads were stopped: 0.0001262 seconds, Stopping threads took: 0.0000336 seconds
2020-04-30T02:56:47.643+0700: 12899.737: Total time for which application threads were stopped: 0.0000986 seconds, Stopping threads took: 0.0000301 seconds
2020-04-30T02:56:47.643+0700: 12899.737: Total time for which application threads were stopped: 0.0000693 seconds, Stopping threads took: 0.0000107 seconds
2020-04-30T02:56:47.644+0700: 12899.737: Total time for which application threads were stopped: 0.0000789 seconds, Stopping threads took: 0.0000257 seconds
2020-04-30T02:56:47.645+0700: 12899.739: Total time for which application threads were stopped: 0.0000903 seconds, Stopping threads took: 0.0000119 seconds
2020-04-30T02:56:53.472+0700: 12905.566: Total time for which application threads were stopped: 0.0001628 seconds, Stopping threads took: 0.0000235 seconds
2020-04-30T02:56:53.473+0700: 12905.566: Total time for which application threads were stopped: 0.0000688 seconds, Stopping threads took: 0.0000088 seconds
2020-04-30T02:56:53.473+0700: 12905.566: Total time for which application threads were stopped: 0.0000606 seconds, Stopping threads took: 0.0000072 seconds
2020-04-30T02:56:53.473+0700: 12905.566: Total time for which application threads were stopped: 0.0000487 seconds, Stopping threads took: 0.0000044 seconds
2020-04-30T02:57:05.144+0700: 12917.237: Total time for which application threads were stopped: 0.0001265 seconds, Stopping threads took: 0.0000348 seconds
2020-04-30T02:57:05.149+0700: 12917.242: Total time for which application threads were stopped: 0.0000975 seconds, Stopping threads took: 0.0000290 seconds
2020-04-30T02:57:18.378+0700: 12930.472: Total time for which application threads were stopped: 0.0002001 seconds, Stopping threads took: 0.0000207 seconds
2020-04-30T02:57:18.379+0700: 12930.473: Total time for which application threads were stopped: 0.0001255 seconds, Stopping threads took: 0.0000158 seconds
2020-04-30T02:57:18.380+0700: 12930.473: Total time for which application threads were stopped: 0.0002198 seconds, Stopping threads took: 0.0000084 seconds
2020-04-30T02:57:18.380+0700: 12930.473: Total time for which application threads were stopped: 0.0001548 seconds, Stopping threads took: 0.0000047 seconds
2020-04-30T02:57:19.979+0700: 12932.072: Total time for which application threads were stopped: 0.0001429 seconds, Stopping threads took: 0.0000220 seconds
2020-04-30T02:57:19.979+0700: 12932.072: Total time for which application threads were stopped: 0.0000616 seconds, Stopping threads took: 0.0000052 seconds
2020-04-30T02:57:21.212+0700: 12933.305: Total time for which application threads were stopped: 0.0001223 seconds, Stopping threads took: 0.0000319 seconds
2020-04-30T02:57:28.695+0700: 12940.788: Total time for which application threads were stopped: 0.0001487 seconds, Stopping threads took: 0.0000207 seconds
2020-04-30T02:57:28.695+0700: 12940.788: Total time for which application threads were stopped: 0.0000838 seconds, Stopping threads took: 0.0000094 seconds
2020-04-30T02:57:28.695+0700: 12940.788: Total time for which application threads were stopped: 0.0000589 seconds, Stopping threads took: 0.0000071 seconds
2020-04-30T02:57:28.695+0700: 12940.788: Total time for which application threads were stopped: 0.0000453 seconds, Stopping threads took: 0.0000040 seconds
2020-04-30T02:57:42.246+0700: 12954.339: Total time for which application threads were stopped: 0.0002122 seconds, Stopping threads took: 0.0000336 seconds
2020-04-30T02:57:42.248+0700: 12954.340: Total time for which application threads were stopped: 0.0001627 seconds, Stopping threads took: 0.0000679 seconds
2020-04-30T02:57:43.880+0700: 12955.973: Total time for which application threads were stopped: 0.0001611 seconds, Stopping threads took: 0.0000206 seconds
2020-04-30T02:57:43.881+0700: 12955.973: Total time for which application threads were stopped: 0.0000829 seconds, Stopping threads took: 0.0000082 seconds
2020-04-30T02:57:43.881+0700: 12955.973: Total time for which application threads were stopped: 0.0000690 seconds, Stopping threads took: 0.0000089 seconds
2020-04-30T02:57:43.881+0700: 12955.973: Total time for which application threads were stopped: 0.0000479 seconds, Stopping threads took: 0.0000042 seconds
2020-04-30T02:57:57.417+0700: 12969.509: Total time for which application threads were stopped: 0.0001609 seconds, Stopping threads took: 0.0000363 seconds
2020-04-30T02:57:57.417+0700: 12969.509: Total time for which application threads were stopped: 0.0000933 seconds, Stopping threads took: 0.0000039 seconds
2020-04-30T02:57:57.425+0700: 12969.517: Total time for which application threads were stopped: 0.0001149 seconds, Stopping threads took: 0.0000289 seconds
2020-04-30T02:58:04.434+0700: 12976.526: Total time for which application threads were stopped: 0.0001608 seconds, Stopping threads took: 0.0000215 seconds
2020-04-30T02:58:04.434+0700: 12976.526: Total time for which application threads were stopped: 0.0000836 seconds, Stopping threads took: 0.0000081 seconds
2020-04-30T02:58:04.434+0700: 12976.526: Total time for which application threads were stopped: 0.0000678 seconds, Stopping threads took: 0.0000091 seconds
2020-04-30T02:58:04.434+0700: 12976.526: Total time for which application threads were stopped: 0.0000469 seconds, Stopping threads took: 0.0000042 seconds
2020-04-30T02:58:17.932+0700: 12990.024: Total time for which application threads were stopped: 0.0001705 seconds, Stopping threads took: 0.0000804 seconds
2020-04-30T02:58:17.932+0700: 12990.024: Total time for which application threads were stopped: 0.0001205 seconds, Stopping threads took: 0.0000607 seconds
2020-04-30T02:58:17.933+0700: 12990.025: Total time for which application threads were stopped: 0.0001317 seconds, Stopping threads took: 0.0000445 seconds
2020-04-30T02:58:17.934+0700: 12990.026: Total time for which application threads were stopped: 0.0001013 seconds, Stopping threads took: 0.0000342 seconds
2020-04-30T02:58:18.938+0700: 12991.030: Total time for which application threads were stopped: 0.0001721 seconds, Stopping threads took: 0.0000368 seconds
2020-04-30T02:58:27.821+0700: 12999.912: Total time for which application threads were stopped: 0.0001540 seconds, Stopping threads took: 0.0000218 seconds
2020-04-30T02:58:27.821+0700: 12999.912: Total time for which application threads were stopped: 0.0000589 seconds, Stopping threads took: 0.0000066 seconds
2020-04-30T02:58:27.821+0700: 12999.913: Total time for which application threads were stopped: 0.0000644 seconds, Stopping threads took: 0.0000088 seconds
2020-04-30T02:58:27.821+0700: 12999.913: Total time for which application threads were stopped: 0.0000452 seconds, Stopping threads took: 0.0000042 seconds
2020-04-30T02:58:33.462+0700: 13005.553: Total time for which application threads were stopped: 0.0002517 seconds, Stopping threads took: 0.0000441 seconds
2020-04-30T02:58:33.462+0700: 13005.554: Total time for which application threads were stopped: 0.0001021 seconds, Stopping threads took: 0.0000073 seconds
2020-04-30T02:58:33.462+0700: 13005.554: Total time for which application threads were stopped: 0.0000857 seconds, Stopping threads took: 0.0000277 seconds
2020-04-30T02:58:33.466+0700: 13005.558: Total time for which application threads were stopped: 0.0000874 seconds, Stopping threads took: 0.0000150 seconds
2020-04-30T02:58:33.470+0700: 13005.562: Total time for which application threads were stopped: 0.0000753 seconds, Stopping threads took: 0.0000134 seconds
2020-04-30T02:58:33.476+0700: 13005.567: Total time for which application threads were stopped: 0.0000848 seconds, Stopping threads took: 0.0000143 seconds
2020-04-30T02:58:39.508+0700: 13011.600: Total time for which application threads were stopped: 0.0001017 seconds, Stopping threads took: 0.0000209 seconds
2020-04-30T02:58:41.675+0700: 13013.766: Total time for which application threads were stopped: 0.0001623 seconds, Stopping threads took: 0.0000208 seconds
2020-04-30T02:58:41.675+0700: 13013.767: Total time for which application threads were stopped: 0.0000833 seconds, Stopping threads took: 0.0000092 seconds
2020-04-30T02:58:41.675+0700: 13013.767: Total time for which application threads were stopped: 0.0000633 seconds, Stopping threads took: 0.0000077 seconds
2020-04-30T02:58:41.675+0700: 13013.767: Total time for which application threads were stopped: 0.0000563 seconds, Stopping threads took: 0.0000068 seconds
2020-04-30T02:58:54.512+0700: 13026.603: Total time for which application threads were stopped: 0.0001523 seconds, Stopping threads took: 0.0000514 seconds
2020-04-30T02:58:54.512+0700: 13026.603: Total time for which application threads were stopped: 0.0000699 seconds, Stopping threads took: 0.0000230 seconds
2020-04-30T02:58:54.518+0700: 13026.609: Total time for which application threads were stopped: 0.0000805 seconds, Stopping threads took: 0.0000140 seconds
2020-04-30T02:58:57.949+0700: 13030.040: Total time for which application threads were stopped: 0.0001662 seconds, Stopping threads took: 0.0000242 seconds
2020-04-30T02:58:57.950+0700: 13030.041: Total time for which application threads were stopped: 0.0001067 seconds, Stopping threads took: 0.0000214 seconds
2020-04-30T02:58:57.950+0700: 13030.041: Total time for which application threads were stopped: 0.0000658 seconds, Stopping threads took: 0.0000084 seconds
2020-04-30T02:58:57.950+0700: 13030.041: Total time for which application threads were stopped: 0.0000494 seconds, Stopping threads took: 0.0000045 seconds
2020-04-30T02:59:10.806+0700: 13042.896: Total time for which application threads were stopped: 0.0001290 seconds, Stopping threads took: 0.0000313 seconds
2020-04-30T02:59:20.653+0700: 13052.743: Total time for which application threads were stopped: 0.0001652 seconds, Stopping threads took: 0.0000238 seconds
2020-04-30T02:59:20.653+0700: 13052.743: Total time for which application threads were stopped: 0.0000629 seconds, Stopping threads took: 0.0000072 seconds
2020-04-30T02:59:20.653+0700: 13052.743: Total time for which application threads were stopped: 0.0000696 seconds, Stopping threads took: 0.0000090 seconds
2020-04-30T02:59:20.653+0700: 13052.744: Total time for which application threads were stopped: 0.0000493 seconds, Stopping threads took: 0.0000044 seconds
2020-04-30T02:59:30.918+0700: 13063.009: Total time for which application threads were stopped: 0.0001108 seconds, Stopping threads took: 0.0000182 seconds
2020-04-30T02:59:30.918+0700: 13063.009: Total time for which application threads were stopped: 0.0000417 seconds, Stopping threads took: 0.0000040 seconds
2020-04-30T02:59:30.925+0700: 13063.015: Total time for which application threads were stopped: 0.0000930 seconds, Stopping threads took: 0.0000291 seconds
2020-04-30T02:59:35.515+0700: 13067.606: Total time for which application threads were stopped: 0.0001617 seconds, Stopping threads took: 0.0000242 seconds
2020-04-30T02:59:35.515+0700: 13067.606: Total time for which application threads were stopped: 0.0000840 seconds, Stopping threads took: 0.0000089 seconds
2020-04-30T02:59:35.516+0700: 13067.606: Total time for which application threads were stopped: 0.0000766 seconds, Stopping threads took: 0.0000097 seconds
2020-04-30T02:59:35.516+0700: 13067.606: Total time for which application threads were stopped: 0.0000525 seconds, Stopping threads took: 0.0000046 seconds
2020-04-30T02:59:47.726+0700: 13079.816: Total time for which application threads were stopped: 0.0002019 seconds, Stopping threads took: 0.0000337 seconds
2020-04-30T02:59:57.698+0700: 13089.788: Total time for which application threads were stopped: 0.0001355 seconds, Stopping threads took: 0.0000176 seconds
2020-04-30T02:59:57.698+0700: 13089.788: Total time for which application threads were stopped: 0.0000671 seconds, Stopping threads took: 0.0000072 seconds
2020-04-30T02:59:57.699+0700: 13089.788: Total time for which application threads were stopped: 0.0000570 seconds, Stopping threads took: 0.0000071 seconds
2020-04-30T02:59:57.699+0700: 13089.789: Total time for which application threads were stopped: 0.0000578 seconds, Stopping threads took: 0.0000070 seconds
2020-04-30T03:00:03.424+0700: 13095.514: Total time for which application threads were stopped: 0.0001786 seconds, Stopping threads took: 0.0000155 seconds
2020-04-30T03:00:06.127+0700: 13098.217: Total time for which application threads were stopped: 0.0001572 seconds, Stopping threads took: 0.0000226 seconds
2020-04-30T03:00:06.127+0700: 13098.217: Total time for which application threads were stopped: 0.0000798 seconds, Stopping threads took: 0.0000089 seconds
2020-04-30T03:00:06.128+0700: 13098.217: Total time for which application threads were stopped: 0.0000721 seconds, Stopping threads took: 0.0000090 seconds
2020-04-30T03:00:06.128+0700: 13098.217: Total time for which application threads were stopped: 0.0000499 seconds, Stopping threads took: 0.0000048 seconds
2020-04-30T03:00:19.713+0700: 13111.803: Total time for which application threads were stopped: 0.0001081 seconds, Stopping threads took: 0.0000200 seconds
2020-04-30T03:00:19.713+0700: 13111.803: Total time for which application threads were stopped: 0.0000436 seconds, Stopping threads took: 0.0000040 seconds
2020-04-30T03:00:20.719+0700: 13112.808: Total time for which application threads were stopped: 0.0000986 seconds, Stopping threads took: 0.0000209 seconds
2020-04-30T03:00:26.882+0700: 13118.972: Total time for which application threads were stopped: 0.0001674 seconds, Stopping threads took: 0.0000227 seconds
2020-04-30T03:00:26.883+0700: 13118.972: Total time for which application threads were stopped: 0.0002176 seconds, Stopping threads took: 0.0000074 seconds
2020-04-30T03:00:26.883+0700: 13118.972: Total time for which application threads were stopped: 0.0000750 seconds, Stopping threads took: 0.0000094 seconds
2020-04-30T03:00:26.883+0700: 13118.972: Total time for which application threads were stopped: 0.0000518 seconds, Stopping threads took: 0.0000046 seconds
2020-04-30T03:00:27.882+0700: 13119.971: Total time for which application threads were stopped: 0.0001510 seconds, Stopping threads took: 0.0000214 seconds
2020-04-30T03:00:31.904+0700: 13123.993: Total time for which application threads were stopped: 0.0000969 seconds, Stopping threads took: 0.0000190 seconds
2020-04-30T03:00:36.849+0700: 13128.938: Total time for which application threads were stopped: 0.0001084 seconds, Stopping threads took: 0.0000193 seconds
2020-04-30T03:00:36.849+0700: 13128.938: Total time for which application threads were stopped: 0.0000426 seconds, Stopping threads took: 0.0000045 seconds
2020-04-30T03:00:39.621+0700: 13131.710: Total time for which application threads were stopped: 0.0001623 seconds, Stopping threads took: 0.0000209 seconds
2020-04-30T03:00:39.621+0700: 13131.710: Total time for which application threads were stopped: 0.0000858 seconds, Stopping threads took: 0.0000089 seconds
2020-04-30T03:00:39.621+0700: 13131.710: Total time for which application threads were stopped: 0.0000696 seconds, Stopping threads took: 0.0000094 seconds
2020-04-30T03:00:39.621+0700: 13131.710: Total time for which application threads were stopped: 0.0000486 seconds, Stopping threads took: 0.0000044 seconds
2020-04-30T03:00:52.682+0700: 13144.771: Total time for which application threads were stopped: 0.0001359 seconds, Stopping threads took: 0.0000312 seconds
2020-04-30T03:00:52.682+0700: 13144.771: Total time for which application threads were stopped: 0.0002044 seconds, Stopping threads took: 0.0000739 seconds
2020-04-30T03:00:52.815+0700: 13144.903: Total time for which application threads were stopped: 0.0001441 seconds, Stopping threads took: 0.0000187 seconds
2020-04-30T03:00:52.815+0700: 13144.903: Total time for which application threads were stopped: 0.0000632 seconds, Stopping threads took: 0.0000092 seconds
2020-04-30T03:00:52.815+0700: 13144.903: Total time for which application threads were stopped: 0.0000454 seconds, Stopping threads took: 0.0000072 seconds
2020-04-30T03:00:53.817+0700: 13145.906: Total time for which application threads were stopped: 0.0001270 seconds, Stopping threads took: 0.0000333 seconds
2020-04-30T03:01:00.695+0700: 13152.784: Total time for which application threads were stopped: 0.0001614 seconds, Stopping threads took: 0.0000211 seconds
2020-04-30T03:01:00.696+0700: 13152.784: Total time for which application threads were stopped: 0.0000811 seconds, Stopping threads took: 0.0000087 seconds
2020-04-30T03:01:00.696+0700: 13152.784: Total time for which application threads were stopped: 0.0000710 seconds, Stopping threads took: 0.0000099 seconds
2020-04-30T03:01:00.696+0700: 13152.784: Total time for which application threads were stopped: 0.0000479 seconds, Stopping threads took: 0.0000044 seconds
2020-04-30T03:01:13.995+0700: 13166.083: Total time for which application threads were stopped: 0.0000993 seconds, Stopping threads took: 0.0000181 seconds
2020-04-30T03:01:15.004+0700: 13167.092: Total time for which application threads were stopped: 0.0001250 seconds, Stopping threads took: 0.0000359 seconds
2020-04-30T03:01:16.126+0700: 13168.214: Total time for which application threads were stopped: 0.0003309 seconds, Stopping threads took: 0.0000238 seconds
2020-04-30T03:01:16.126+0700: 13168.214: Total time for which application threads were stopped: 0.0000837 seconds, Stopping threads took: 0.0000111 seconds
2020-04-30T03:01:16.126+0700: 13168.214: Total time for which application threads were stopped: 0.0000623 seconds, Stopping threads took: 0.0000082 seconds
2020-04-30T03:01:16.126+0700: 13168.215: Total time for which application threads were stopped: 0.0000489 seconds, Stopping threads took: 0.0000042 seconds
2020-04-30T03:01:17.738+0700: 13169.827: Total time for which application threads were stopped: 0.0001620 seconds, Stopping threads took: 0.0000213 seconds
2020-04-30T03:01:32.314+0700: 13184.402: Total time for which application threads were stopped: 0.0001607 seconds, Stopping threads took: 0.0000211 seconds
2020-04-30T03:01:32.315+0700: 13184.402: Total time for which application threads were stopped: 0.0000883 seconds, Stopping threads took: 0.0000093 seconds
2020-04-30T03:01:32.315+0700: 13184.402: Total time for which application threads were stopped: 0.0000704 seconds, Stopping threads took: 0.0000096 seconds
2020-04-30T03:01:32.315+0700: 13184.403: Total time for which application threads were stopped: 0.0000475 seconds, Stopping threads took: 0.0000044 seconds
2020-04-30T03:01:36.344+0700: 13188.432: Total time for which application threads were stopped: 0.0001307 seconds, Stopping threads took: 0.0000342 seconds
2020-04-30T03:01:49.863+0700: 13201.951: Total time for which application threads were stopped: 0.0001632 seconds, Stopping threads took: 0.0000214 seconds
2020-04-30T03:01:49.863+0700: 13201.951: Total time for which application threads were stopped: 0.0000814 seconds, Stopping threads took: 0.0000088 seconds
2020-04-30T03:01:49.863+0700: 13201.951: Total time for which application threads were stopped: 0.0002117 seconds, Stopping threads took: 0.0000102 seconds
2020-04-30T03:01:49.864+0700: 13201.951: Total time for which application threads were stopped: 0.0001515 seconds, Stopping threads took: 0.0000048 seconds
2020-04-30T03:01:50.865+0700: 13202.953: Total time for which application threads were stopped: 0.0001421 seconds, Stopping threads took: 0.0000212 seconds
2020-04-30T03:01:50.865+0700: 13202.953: Total time for which application threads were stopped: 0.0000586 seconds, Stopping threads took: 0.0000046 seconds
2020-04-30T03:02:11.110+0700: 13223.197: Total time for which application threads were stopped: 0.0001609 seconds, Stopping threads took: 0.0000205 seconds
2020-04-30T03:02:11.110+0700: 13223.197: Total time for which application threads were stopped: 0.0001048 seconds, Stopping threads took: 0.0000078 seconds
2020-04-30T03:02:11.110+0700: 13223.197: Total time for which application threads were stopped: 0.0001103 seconds, Stopping threads took: 0.0000130 seconds
2020-04-30T03:02:11.110+0700: 13223.197: Total time for which application threads were stopped: 0.0000858 seconds, Stopping threads took: 0.0000080 seconds
2020-04-30T03:02:22.923+0700: 13235.009: Total time for which application threads were stopped: 0.0001141 seconds, Stopping threads took: 0.0000185 seconds
2020-04-30T03:02:22.923+0700: 13235.009: Total time for which application threads were stopped: 0.0000452 seconds, Stopping threads took: 0.0000041 seconds
2020-04-30T03:02:27.281+0700: 13239.368: Total time for which application threads were stopped: 0.0001581 seconds, Stopping threads took: 0.0000310 seconds
2020-04-30T03:02:27.281+0700: 13239.368: Total time for which application threads were stopped: 0.0001040 seconds, Stopping threads took: 0.0000205 seconds
2020-04-30T03:02:27.281+0700: 13239.368: Total time for which application threads were stopped: 0.0000804 seconds, Stopping threads took: 0.0000189 seconds
2020-04-30T03:02:27.281+0700: 13239.368: Total time for which application threads were stopped: 0.0000778 seconds, Stopping threads took: 0.0000211 seconds
2020-04-30T03:02:40.947+0700: 13253.033: Total time for which application threads were stopped: 0.0001056 seconds, Stopping threads took: 0.0000171 seconds
2020-04-30T03:02:40.947+0700: 13253.033: Total time for which application threads were stopped: 0.0000434 seconds, Stopping threads took: 0.0000041 seconds
2020-04-30T03:02:49.091+0700: 13261.177: Total time for which application threads were stopped: 0.0001621 seconds, Stopping threads took: 0.0000210 seconds
2020-04-30T03:02:49.091+0700: 13261.177: Total time for which application threads were stopped: 0.0000826 seconds, Stopping threads took: 0.0000084 seconds
2020-04-30T03:02:49.091+0700: 13261.177: Total time for which application threads were stopped: 0.0000693 seconds, Stopping threads took: 0.0000099 seconds
2020-04-30T03:02:49.091+0700: 13261.177: Total time for which application threads were stopped: 0.0000480 seconds, Stopping threads took: 0.0000041 seconds
2020-04-30T03:02:57.525+0700: 13269.611: Total time for which application threads were stopped: 0.0001859 seconds, Stopping threads took: 0.0000371 seconds
2020-04-30T03:02:57.525+0700: 13269.612: Total time for which application threads were stopped: 0.0000983 seconds, Stopping threads took: 0.0000044 seconds
2020-04-30T03:03:02.231+0700: 13274.317: Total time for which application threads were stopped: 0.0001676 seconds, Stopping threads took: 0.0000236 seconds
2020-04-30T03:03:02.231+0700: 13274.317: Total time for which application threads were stopped: 0.0000839 seconds, Stopping threads took: 0.0000089 seconds
2020-04-30T03:03:02.231+0700: 13274.317: Total time for which application threads were stopped: 0.0000644 seconds, Stopping threads took: 0.0000074 seconds
2020-04-30T03:03:02.231+0700: 13274.317: Total time for which application threads were stopped: 0.0000479 seconds, Stopping threads took: 0.0000042 seconds
2020-04-30T03:03:14.879+0700: 13286.964: Total time for which application threads were stopped: 0.0001044 seconds, Stopping threads took: 0.0000175 seconds
2020-04-30T03:03:14.879+0700: 13286.964: Total time for which application threads were stopped: 0.0000428 seconds, Stopping threads took: 0.0000041 seconds
2020-04-30T03:03:14.885+0700: 13286.970: Total time for which application threads were stopped: 0.0001756 seconds, Stopping threads took: 0.0000141 seconds
2020-04-30T03:03:14.886+0700: 13286.971: Total time for which application threads were stopped: 0.0000637 seconds, Stopping threads took: 0.0000104 seconds
2020-04-30T03:03:17.784+0700: 13289.870: Total time for which application threads were stopped: 0.0001602 seconds, Stopping threads took: 0.0000209 seconds
2020-04-30T03:03:17.784+0700: 13289.870: Total time for which application threads were stopped: 0.0000817 seconds, Stopping threads took: 0.0000092 seconds
2020-04-30T03:03:17.785+0700: 13289.870: Total time for which application threads were stopped: 0.0000571 seconds, Stopping threads took: 0.0000068 seconds
2020-04-30T03:03:17.785+0700: 13289.870: Total time for which application threads were stopped: 0.0000439 seconds, Stopping threads took: 0.0000039 seconds
2020-04-30T03:03:30.614+0700: 13302.699: Total time for which application threads were stopped: 0.0001085 seconds, Stopping threads took: 0.0000169 seconds
2020-04-30T03:03:30.614+0700: 13302.699: Total time for which application threads were stopped: 0.0000658 seconds, Stopping threads took: 0.0000080 seconds
2020-04-30T03:03:30.615+0700: 13302.700: Total time for which application threads were stopped: 0.0001243 seconds, Stopping threads took: 0.0000587 seconds
2020-04-30T03:03:30.615+0700: 13302.701: Total time for which application threads were stopped: 0.0000979 seconds, Stopping threads took: 0.0000192 seconds
{Heap before GC invocations=32 (full 0):
 garbage-first heap   total 524288K, used 373320K [0x00000007a0000000, 0x00000007a0101000, 0x00000007c0000000)
  region size 1024K, 307 young (314368K), 14 survivors (14336K)
 Metaspace       used 53927K, capacity 56214K, committed 56392K, reserved 1099776K
  class space    used 6216K, capacity 6670K, committed 6732K, reserved 1048576K
2020-04-30T03:03:30.623+0700: 13302.708: [GC pause (G1 Evacuation Pause) (young)
Desired survivor size 20447232 bytes, new threshold 15 (max 15)
- age   1:    1320072 bytes,    1320072 total
- age   2:     220840 bytes,    1540912 total
- age   3:      90904 bytes,    1631816 total
- age   4:    8183856 bytes,    9815672 total
- age   5:      31360 bytes,    9847032 total
- age   6:       4392 bytes,    9851424 total
- age   7:      43336 bytes,    9894760 total
- age   8:       9176 bytes,    9903936 total
- age   9:      10328 bytes,    9914264 total
- age  10:      16136 bytes,    9930400 total
- age  11:      22216 bytes,    9952616 total
- age  12:      18976 bytes,    9971592 total
- age  13:      38896 bytes,   10010488 total
- age  14:     423216 bytes,   10433704 total
, 0.0041311 secs]
   [Parallel Time: 2.0 ms, GC Workers: 8]
      [GC Worker Start (ms): Min: 13302708.1, Avg: 13302708.1, Max: 13302708.2, Diff: 0.1]
      [Ext Root Scanning (ms): Min: 0.3, Avg: 0.4, Max: 1.0, Diff: 0.7, Sum: 3.1]
      [Update RS (ms): Min: 0.0, Avg: 0.2, Max: 0.2, Diff: 0.2, Sum: 1.2]
         [Processed Buffers: Min: 0, Avg: 3.2, Max: 9, Diff: 9, Sum: 26]
      [Scan RS (ms): Min: 0.0, Avg: 0.0, Max: 0.1, Diff: 0.0, Sum: 0.2]
      [Code Root Scanning (ms): Min: 0.0, Avg: 0.1, Max: 0.4, Diff: 0.4, Sum: 0.9]
      [Object Copy (ms): Min: 0.9, Avg: 1.1, Max: 1.3, Diff: 0.4, Sum: 9.0]
      [Termination (ms): Min: 0.0, Avg: 0.0, Max: 0.0, Diff: 0.0, Sum: 0.0]
         [Termination Attempts: Min: 1, Avg: 1.0, Max: 1, Diff: 0, Sum: 8]
      [GC Worker Other (ms): Min: 0.0, Avg: 0.0, Max: 0.0, Diff: 0.0, Sum: 0.1]
      [GC Worker Total (ms): Min: 1.8, Avg: 1.8, Max: 1.9, Diff: 0.1, Sum: 14.6]
      [GC Worker End (ms): Min: 13302709.9, Avg: 13302709.9, Max: 13302710.0, Diff: 0.0]
   [Code Root Fixup: 0.0 ms]
   [Code Root Purge: 0.0 ms]
   [Clear CT: 0.1 ms]
   [Other: 2.0 ms]
      [Choose CSet: 0.0 ms]
      [Ref Proc: 1.7 ms]
      [Ref Enq: 0.1 ms]
      [Redirty Cards: 0.1 ms]
      [Humongous Register: 0.0 ms]
      [Humongous Reclaim: 0.0 ms]
      [Free CSet: 0.1 ms]
   [Eden: 293.0M(293.0M)->0.0B(298.0M) Survivors: 14.0M->9216.0K Heap: 364.6M(512.0M)->67.1M(512.0M)]
Heap after GC invocations=33 (full 0):
 garbage-first heap   total 524288K, used 68680K [0x00000007a0000000, 0x00000007a0101000, 0x00000007c0000000)
  region size 1024K, 9 young (9216K), 9 survivors (9216K)
 Metaspace       used 53927K, capacity 56214K, committed 56392K, reserved 1099776K
  class space    used 6216K, capacity 6670K, committed 6732K, reserved 1048576K
}
 [Times: user=0.02 sys=0.00, real=0.00 secs] 
2020-04-30T03:03:30.627+0700: 13302.712: Total time for which application threads were stopped: 0.0043991 seconds, Stopping threads took: 0.0000312 seconds
2020-04-30T03:03:31.632+0700: 13303.717: Total time for which application threads were stopped: 0.0002331 seconds, Stopping threads took: 0.0000638 seconds
2020-04-30T03:03:35.351+0700: 13307.436: Total time for which application threads were stopped: 0.0001616 seconds, Stopping threads took: 0.0000213 seconds
2020-04-30T03:03:35.351+0700: 13307.436: Total time for which application threads were stopped: 0.0000777 seconds, Stopping threads took: 0.0000079 seconds
2020-04-30T03:03:35.351+0700: 13307.436: Total time for which application threads were stopped: 0.0000593 seconds, Stopping threads took: 0.0000071 seconds
2020-04-30T03:03:35.351+0700: 13307.437: Total time for which application threads were stopped: 0.0000447 seconds, Stopping threads took: 0.0000039 seconds
2020-04-30T03:03:47.448+0700: 13319.530: Total time for which application threads were stopped: 0.0000969 seconds, Stopping threads took: 0.0000186 seconds
2020-04-30T03:03:47.448+0700: 13319.530: Total time for which application threads were stopped: 0.0000488 seconds, Stopping threads took: 0.0000064 seconds
2020-04-30T03:03:47.448+0700: 13319.530: Total time for which application threads were stopped: 0.0000493 seconds, Stopping threads took: 0.0000087 seconds
2020-04-30T03:03:47.449+0700: 13319.531: Total time for which application threads were stopped: 0.0000822 seconds, Stopping threads took: 0.0000226 seconds
2020-04-30T03:03:47.455+0700: 13319.537: Total time for which application threads were stopped: 0.0000882 seconds, Stopping threads took: 0.0000275 seconds
2020-04-30T03:03:47.465+0700: 13319.547: Total time for which application threads were stopped: 0.0000996 seconds, Stopping threads took: 0.0000145 seconds
2020-04-30T03:03:50.978+0700: 13323.058: Total time for which application threads were stopped: 0.0001591 seconds, Stopping threads took: 0.0000204 seconds
2020-04-30T03:03:50.978+0700: 13323.058: Total time for which application threads were stopped: 0.0000784 seconds, Stopping threads took: 0.0000083 seconds
2020-04-30T03:03:50.978+0700: 13323.058: Total time for which application threads were stopped: 0.0000722 seconds, Stopping threads took: 0.0000094 seconds
2020-04-30T03:03:50.978+0700: 13323.058: Total time for which application threads were stopped: 0.0000489 seconds, Stopping threads took: 0.0000043 seconds
2020-04-30T03:04:04.535+0700: 13336.611: Total time for which application threads were stopped: 0.0001006 seconds, Stopping threads took: 0.0000162 seconds
2020-04-30T03:04:08.098+0700: 13340.174: Total time for which application threads were stopped: 0.0001703 seconds, Stopping threads took: 0.0000211 seconds
2020-04-30T03:04:08.098+0700: 13340.174: Total time for which application threads were stopped: 0.0000863 seconds, Stopping threads took: 0.0000097 seconds
2020-04-30T03:04:08.099+0700: 13340.174: Total time for which application threads were stopped: 0.0000615 seconds, Stopping threads took: 0.0000078 seconds
2020-04-30T03:04:08.099+0700: 13340.174: Total time for which application threads were stopped: 0.0000486 seconds, Stopping threads took: 0.0000043 seconds
2020-04-30T03:04:20.764+0700: 13352.838: Total time for which application threads were stopped: 0.0001023 seconds, Stopping threads took: 0.0000164 seconds
2020-04-30T03:04:23.949+0700: 13356.023: Total time for which application threads were stopped: 0.0001517 seconds, Stopping threads took: 0.0000206 seconds
2020-04-30T03:04:23.949+0700: 13356.023: Total time for which application threads were stopped: 0.0000902 seconds, Stopping threads took: 0.0000109 seconds
2020-04-30T03:04:23.949+0700: 13356.023: Total time for which application threads were stopped: 0.0000611 seconds, Stopping threads took: 0.0000074 seconds
2020-04-30T03:04:23.949+0700: 13356.023: Total time for which application threads were stopped: 0.0000460 seconds, Stopping threads took: 0.0000041 seconds
2020-04-30T03:04:37.064+0700: 13369.138: Total time for which application threads were stopped: 0.0001434 seconds, Stopping threads took: 0.0000339 seconds
2020-04-30T03:04:43.191+0700: 13375.264: Total time for which application threads were stopped: 0.0001663 seconds, Stopping threads took: 0.0000217 seconds
2020-04-30T03:04:43.191+0700: 13375.264: Total time for which application threads were stopped: 0.0000633 seconds, Stopping threads took: 0.0000071 seconds
2020-04-30T03:04:43.191+0700: 13375.264: Total time for which application threads were stopped: 0.0000601 seconds, Stopping threads took: 0.0000070 seconds
2020-04-30T03:04:43.191+0700: 13375.264: Total time for which application threads were stopped: 0.0000469 seconds, Stopping threads took: 0.0000041 seconds
2020-04-30T03:04:54.502+0700: 13386.575: Total time for which application threads were stopped: 0.0001118 seconds, Stopping threads took: 0.0000334 seconds
2020-04-30T03:05:04.021+0700: 13396.094: Total time for which application threads were stopped: 0.0001629 seconds, Stopping threads took: 0.0000219 seconds
2020-04-30T03:05:04.021+0700: 13396.094: Total time for which application threads were stopped: 0.0000638 seconds, Stopping threads took: 0.0000068 seconds
2020-04-30T03:05:04.021+0700: 13396.094: Total time for which application threads were stopped: 0.0000686 seconds, Stopping threads took: 0.0000092 seconds
2020-04-30T03:05:04.022+0700: 13396.094: Total time for which application threads were stopped: 0.0000486 seconds, Stopping threads took: 0.0000044 seconds
2020-04-30T03:05:14.834+0700: 13406.906: Total time for which application threads were stopped: 0.0001098 seconds, Stopping threads took: 0.0000189 seconds
2020-04-30T03:05:14.834+0700: 13406.906: Total time for which application threads were stopped: 0.0000407 seconds, Stopping threads took: 0.0000039 seconds
2020-04-30T03:05:14.841+0700: 13406.913: Total time for which application threads were stopped: 0.0000928 seconds, Stopping threads took: 0.0000289 seconds
2020-04-30T03:05:23.025+0700: 13415.097: Total time for which application threads were stopped: 0.0001590 seconds, Stopping threads took: 0.0000210 seconds
2020-04-30T03:05:23.025+0700: 13415.097: Total time for which application threads were stopped: 0.0000765 seconds, Stopping threads took: 0.0000087 seconds
2020-04-30T03:05:23.025+0700: 13415.097: Total time for which application threads were stopped: 0.0000703 seconds, Stopping threads took: 0.0000093 seconds
2020-04-30T03:05:23.025+0700: 13415.097: Total time for which application threads were stopped: 0.0000476 seconds, Stopping threads took: 0.0000043 seconds
2020-04-30T03:05:36.388+0700: 13428.460: Total time for which application threads were stopped: 0.0001304 seconds, Stopping threads took: 0.0000254 seconds
2020-04-30T03:05:36.388+0700: 13428.460: Total time for which application threads were stopped: 0.0000674 seconds, Stopping threads took: 0.0000064 seconds
2020-04-30T03:05:36.395+0700: 13428.467: Total time for which application threads were stopped: 0.0001103 seconds, Stopping threads took: 0.0000309 seconds
2020-04-30T03:05:39.727+0700: 13431.798: Total time for which application threads were stopped: 0.0001772 seconds, Stopping threads took: 0.0000250 seconds
2020-04-30T03:05:39.727+0700: 13431.799: Total time for which application threads were stopped: 0.0000739 seconds, Stopping threads took: 0.0000083 seconds
2020-04-30T03:05:39.727+0700: 13431.799: Total time for which application threads were stopped: 0.0000691 seconds, Stopping threads took: 0.0000077 seconds
2020-04-30T03:05:39.727+0700: 13431.799: Total time for which application threads were stopped: 0.0000552 seconds, Stopping threads took: 0.0000049 seconds
2020-04-30T03:05:51.598+0700: 13443.669: Total time for which application threads were stopped: 0.0001163 seconds, Stopping threads took: 0.0000319 seconds
2020-04-30T03:05:55.682+0700: 13447.754: Total time for which application threads were stopped: 0.0001550 seconds, Stopping threads took: 0.0000220 seconds
2020-04-30T03:05:55.682+0700: 13447.754: Total time for which application threads were stopped: 0.0000842 seconds, Stopping threads took: 0.0000094 seconds
2020-04-30T03:05:55.682+0700: 13447.754: Total time for which application threads were stopped: 0.0000746 seconds, Stopping threads took: 0.0000107 seconds
2020-04-30T03:05:55.683+0700: 13447.754: Total time for which application threads were stopped: 0.0000508 seconds, Stopping threads took: 0.0000047 seconds
2020-04-30T03:06:08.696+0700: 13460.767: Total time for which application threads were stopped: 0.0001015 seconds, Stopping threads took: 0.0000155 seconds
2020-04-30T03:06:08.696+0700: 13460.767: Total time for which application threads were stopped: 0.0001108 seconds, Stopping threads took: 0.0000412 seconds
2020-04-30T03:06:08.696+0700: 13460.768: Total time for which application threads were stopped: 0.0000795 seconds, Stopping threads took: 0.0000287 seconds
2020-04-30T03:06:09.701+0700: 13461.772: Total time for which application threads were stopped: 0.0002037 seconds, Stopping threads took: 0.0000391 seconds
2020-04-30T03:06:09.771+0700: 13461.843: Total time for which application threads were stopped: 0.0001532 seconds, Stopping threads took: 0.0000188 seconds
2020-04-30T03:06:09.772+0700: 13461.843: Total time for which application threads were stopped: 0.0000892 seconds, Stopping threads took: 0.0000094 seconds
2020-04-30T03:06:09.772+0700: 13461.843: Total time for which application threads were stopped: 0.0002107 seconds, Stopping threads took: 0.0000102 seconds
2020-04-30T03:06:09.772+0700: 13461.843: Total time for which application threads were stopped: 0.0001547 seconds, Stopping threads took: 0.0000053 seconds
2020-04-30T03:06:10.984+0700: 13463.055: Total time for which application threads were stopped: 0.0001431 seconds, Stopping threads took: 0.0000215 seconds
2020-04-30T03:06:10.984+0700: 13463.056: Total time for which application threads were stopped: 0.0000613 seconds, Stopping threads took: 0.0000047 seconds
2020-04-30T03:06:23.778+0700: 13475.849: Total time for which application threads were stopped: 0.0001161 seconds, Stopping threads took: 0.0000338 seconds
2020-04-30T03:06:23.778+0700: 13475.849: Total time for which application threads were stopped: 0.0000625 seconds, Stopping threads took: 0.0000060 seconds
2020-04-30T03:06:23.778+0700: 13475.849: Total time for which application threads were stopped: 0.0000739 seconds, Stopping threads took: 0.0000057 seconds
2020-04-30T03:06:23.778+0700: 13475.849: Total time for which application threads were stopped: 0.0001648 seconds, Stopping threads took: 0.0000049 seconds
2020-04-30T03:06:23.779+0700: 13475.849: Total time for which application threads were stopped: 0.0000509 seconds, Stopping threads took: 0.0000071 seconds
2020-04-30T03:06:23.779+0700: 13475.850: Total time for which application threads were stopped: 0.0000566 seconds, Stopping threads took: 0.0000081 seconds
2020-04-30T03:06:23.779+0700: 13475.850: Total time for which application threads were stopped: 0.0000660 seconds, Stopping threads took: 0.0000080 seconds
2020-04-30T03:06:23.779+0700: 13475.850: Total time for which application threads were stopped: 0.0000792 seconds, Stopping threads took: 0.0000079 seconds
2020-04-30T03:06:23.779+0700: 13475.850: Total time for which application threads were stopped: 0.0001712 seconds, Stopping threads took: 0.0000232 seconds
2020-04-30T03:06:23.785+0700: 13475.856: Total time for which application threads were stopped: 0.0001058 seconds, Stopping threads took: 0.0000254 seconds
2020-04-30T03:06:23.797+0700: 13475.868: Total time for which application threads were stopped: 0.0001205 seconds, Stopping threads took: 0.0000138 seconds
2020-04-30T03:06:27.643+0700: 13479.714: Total time for which application threads were stopped: 0.0001560 seconds, Stopping threads took: 0.0000193 seconds
2020-04-30T03:06:27.643+0700: 13479.714: Total time for which application threads were stopped: 0.0002285 seconds, Stopping threads took: 0.0000086 seconds
2020-04-30T03:06:27.644+0700: 13479.714: Total time for which application threads were stopped: 0.0000734 seconds, Stopping threads took: 0.0000103 seconds
2020-04-30T03:06:27.644+0700: 13479.715: Total time for which application threads were stopped: 0.0000517 seconds, Stopping threads took: 0.0000048 seconds
2020-04-30T03:06:29.052+0700: 13481.122: Total time for which application threads were stopped: 0.0001620 seconds, Stopping threads took: 0.0000219 seconds
2020-04-30T03:06:41.369+0700: 13493.440: Total time for which application threads were stopped: 0.0001099 seconds, Stopping threads took: 0.0000316 seconds
2020-04-30T03:06:46.919+0700: 13498.989: Total time for which application threads were stopped: 0.0001601 seconds, Stopping threads took: 0.0000238 seconds
2020-04-30T03:06:46.919+0700: 13498.989: Total time for which application threads were stopped: 0.0000851 seconds, Stopping threads took: 0.0000094 seconds
2020-04-30T03:06:46.919+0700: 13498.989: Total time for which application threads were stopped: 0.0000745 seconds, Stopping threads took: 0.0000106 seconds
2020-04-30T03:06:46.919+0700: 13498.990: Total time for which application threads were stopped: 0.0000509 seconds, Stopping threads took: 0.0000045 seconds
2020-04-30T03:07:00.206+0700: 13512.276: Total time for which application threads were stopped: 0.0001099 seconds, Stopping threads took: 0.0000192 seconds
2020-04-30T03:07:00.206+0700: 13512.276: Total time for which application threads were stopped: 0.0000433 seconds, Stopping threads took: 0.0000040 seconds
2020-04-30T03:07:00.212+0700: 13512.282: Total time for which application threads were stopped: 0.0000799 seconds, Stopping threads took: 0.0000139 seconds
2020-04-30T03:07:03.068+0700: 13515.138: Total time for which application threads were stopped: 0.0001681 seconds, Stopping threads took: 0.0000223 seconds
2020-04-30T03:07:03.068+0700: 13515.138: Total time for which application threads were stopped: 0.0000856 seconds, Stopping threads took: 0.0000087 seconds
2020-04-30T03:07:03.069+0700: 13515.139: Total time for which application threads were stopped: 0.0000752 seconds, Stopping threads took: 0.0000092 seconds
2020-04-30T03:07:03.069+0700: 13515.139: Total time for which application threads were stopped: 0.0000508 seconds, Stopping threads took: 0.0000045 seconds
2020-04-30T03:07:15.549+0700: 13527.619: Total time for which application threads were stopped: 0.0001096 seconds, Stopping threads took: 0.0000317 seconds
2020-04-30T03:07:21.513+0700: 13533.583: Total time for which application threads were stopped: 0.0003025 seconds, Stopping threads took: 0.0000226 seconds
2020-04-30T03:07:21.513+0700: 13533.583: Total time for which application threads were stopped: 0.0000780 seconds, Stopping threads took: 0.0000094 seconds
2020-04-30T03:07:21.514+0700: 13533.583: Total time for which application threads were stopped: 0.0000593 seconds, Stopping threads took: 0.0000078 seconds
2020-04-30T03:07:21.514+0700: 13533.583: Total time for which application threads were stopped: 0.0000465 seconds, Stopping threads took: 0.0000044 seconds
2020-04-30T03:07:27.069+0700: 13539.139: Total time for which application threads were stopped: 0.0001659 seconds, Stopping threads took: 0.0000234 seconds
2020-04-30T03:07:31.095+0700: 13543.164: Total time for which application threads were stopped: 0.0001501 seconds, Stopping threads took: 0.0000385 seconds
2020-04-30T03:07:35.306+0700: 13547.375: Total time for which application threads were stopped: 0.0001635 seconds, Stopping threads took: 0.0000516 seconds
2020-04-30T03:07:35.306+0700: 13547.375: Total time for which application threads were stopped: 0.0001107 seconds, Stopping threads took: 0.0000039 seconds
2020-04-30T03:07:35.313+0700: 13547.382: Total time for which application threads were stopped: 0.0000933 seconds, Stopping threads took: 0.0000290 seconds
2020-04-30T03:07:39.953+0700: 13552.022: Total time for which application threads were stopped: 0.0001645 seconds, Stopping threads took: 0.0000225 seconds
2020-04-30T03:07:39.953+0700: 13552.023: Total time for which application threads were stopped: 0.0000641 seconds, Stopping threads took: 0.0000073 seconds
2020-04-30T03:07:39.953+0700: 13552.024: Total time for which application threads were stopped: 0.0009702 seconds, Stopping threads took: 0.0000089 seconds
2020-04-30T03:07:39.954+0700: 13552.024: Total time for which application threads were stopped: 0.0001155 seconds, Stopping threads took: 0.0000155 seconds
2020-04-30T03:07:51.844+0700: 13563.913: Total time for which application threads were stopped: 0.0001116 seconds, Stopping threads took: 0.0000162 seconds
2020-04-30T03:07:56.671+0700: 13568.740: Total time for which application threads were stopped: 0.0001529 seconds, Stopping threads took: 0.0000210 seconds
2020-04-30T03:07:56.671+0700: 13568.740: Total time for which application threads were stopped: 0.0000812 seconds, Stopping threads took: 0.0000096 seconds
2020-04-30T03:07:56.671+0700: 13568.740: Total time for which application threads were stopped: 0.0000603 seconds, Stopping threads took: 0.0000067 seconds
2020-04-30T03:07:56.671+0700: 13568.740: Total time for which application threads were stopped: 0.0000454 seconds, Stopping threads took: 0.0000040 seconds
2020-04-30T03:08:09.956+0700: 13582.024: Total time for which application threads were stopped: 0.0001075 seconds, Stopping threads took: 0.0000183 seconds
2020-04-30T03:08:09.956+0700: 13582.024: Total time for which application threads were stopped: 0.0000540 seconds, Stopping threads took: 0.0000075 seconds
2020-04-30T03:08:09.963+0700: 13582.032: Total time for which application threads were stopped: 0.0000837 seconds, Stopping threads took: 0.0000144 seconds
2020-04-30T03:08:18.573+0700: 13590.641: Total time for which application threads were stopped: 0.0001581 seconds, Stopping threads took: 0.0000201 seconds
2020-04-30T03:08:18.573+0700: 13590.641: Total time for which application threads were stopped: 0.0000801 seconds, Stopping threads took: 0.0000079 seconds
2020-04-30T03:08:18.573+0700: 13590.641: Total time for which application threads were stopped: 0.0000606 seconds, Stopping threads took: 0.0000076 seconds
2020-04-30T03:08:18.573+0700: 13590.641: Total time for which application threads were stopped: 0.0000454 seconds, Stopping threads took: 0.0000039 seconds
2020-04-30T03:08:29.957+0700: 13602.026: Total time for which application threads were stopped: 0.0001328 seconds, Stopping threads took: 0.0000198 seconds
2020-04-30T03:08:29.957+0700: 13602.026: Total time for which application threads were stopped: 0.0000922 seconds, Stopping threads took: 0.0000039 seconds
2020-04-30T03:08:29.966+0700: 13602.034: Total time for which application threads were stopped: 0.0000836 seconds, Stopping threads took: 0.0000128 seconds
2020-04-30T03:08:35.703+0700: 13607.771: Total time for which application threads were stopped: 0.0001611 seconds, Stopping threads took: 0.0000234 seconds
2020-04-30T03:08:35.703+0700: 13607.771: Total time for which application threads were stopped: 0.0000639 seconds, Stopping threads took: 0.0000073 seconds
2020-04-30T03:08:35.703+0700: 13607.771: Total time for which application threads were stopped: 0.0000662 seconds, Stopping threads took: 0.0000091 seconds
2020-04-30T03:08:35.703+0700: 13607.771: Total time for which application threads were stopped: 0.0000485 seconds, Stopping threads took: 0.0000045 seconds
2020-04-30T03:08:46.812+0700: 13618.880: Total time for which application threads were stopped: 0.0002177 seconds, Stopping threads took: 0.0000567 seconds
2020-04-30T03:08:46.812+0700: 13618.880: Total time for which application threads were stopped: 0.0002032 seconds, Stopping threads took: 0.0000258 seconds
2020-04-30T03:08:46.813+0700: 13618.881: Total time for which application threads were stopped: 0.0001739 seconds, Stopping threads took: 0.0000526 seconds
2020-04-30T03:08:46.814+0700: 13618.882: Total time for which application threads were stopped: 0.0001407 seconds, Stopping threads took: 0.0000221 seconds
2020-04-30T03:08:46.814+0700: 13618.882: Total time for which application threads were stopped: 0.0003942 seconds, Stopping threads took: 0.0001566 seconds
2020-04-30T03:08:46.815+0700: 13618.882: Total time for which application threads were stopped: 0.0000900 seconds, Stopping threads took: 0.0000186 seconds
2020-04-30T03:08:46.859+0700: 13618.927: Total time for which application threads were stopped: 0.0001306 seconds, Stopping threads took: 0.0000509 seconds
2020-04-30T03:08:46.861+0700: 13618.929: Total time for which application threads were stopped: 0.0001749 seconds, Stopping threads took: 0.0000596 seconds
2020-04-30T03:08:47.862+0700: 13619.930: Total time for which application threads were stopped: 0.0001510 seconds, Stopping threads took: 0.0000360 seconds
2020-04-30T03:08:52.929+0700: 13624.997: Total time for which application threads were stopped: 0.0001577 seconds, Stopping threads took: 0.0000594 seconds
2020-04-30T03:08:52.929+0700: 13624.997: Total time for which application threads were stopped: 0.0000633 seconds, Stopping threads took: 0.0000064 seconds
2020-04-30T03:08:52.929+0700: 13624.997: Total time for which application threads were stopped: 0.0000521 seconds, Stopping threads took: 0.0000213 seconds
2020-04-30T03:08:52.929+0700: 13624.997: Total time for which application threads were stopped: 0.0000348 seconds, Stopping threads took: 0.0000054 seconds
2020-04-30T03:08:52.929+0700: 13624.997: Total time for which application threads were stopped: 0.0000336 seconds, Stopping threads took: 0.0000048 seconds
2020-04-30T03:08:52.930+0700: 13624.997: Total time for which application threads were stopped: 0.0000336 seconds, Stopping threads took: 0.0000048 seconds
2020-04-30T03:08:52.930+0700: 13624.997: Total time for which application threads were stopped: 0.0000336 seconds, Stopping threads took: 0.0000049 seconds
2020-04-30T03:08:52.930+0700: 13624.997: Total time for which application threads were stopped: 0.0000690 seconds, Stopping threads took: 0.0000047 seconds
2020-04-30T03:08:52.930+0700: 13624.997: Total time for which application threads were stopped: 0.0000695 seconds, Stopping threads took: 0.0000049 seconds
2020-04-30T03:08:52.930+0700: 13624.998: Total time for which application threads were stopped: 0.0000702 seconds, Stopping threads took: 0.0000052 seconds
2020-04-30T03:08:52.930+0700: 13624.998: Total time for which application threads were stopped: 0.0000695 seconds, Stopping threads took: 0.0000239 seconds
2020-04-30T03:08:52.930+0700: 13624.998: Total time for which application threads were stopped: 0.0000338 seconds, Stopping threads took: 0.0000051 seconds
2020-04-30T03:08:52.930+0700: 13624.998: Total time for which application threads were stopped: 0.0000704 seconds, Stopping threads took: 0.0000048 seconds
2020-04-30T03:08:52.930+0700: 13624.998: Total time for which application threads were stopped: 0.0000341 seconds, Stopping threads took: 0.0000049 seconds
2020-04-30T03:08:52.930+0700: 13624.998: Total time for which application threads were stopped: 0.0000335 seconds, Stopping threads took: 0.0000048 seconds
2020-04-30T03:08:55.444+0700: 13627.512: Total time for which application threads were stopped: 0.0001474 seconds, Stopping threads took: 0.0000208 seconds
2020-04-30T03:08:55.444+0700: 13627.512: Total time for which application threads were stopped: 0.0000574 seconds, Stopping threads took: 0.0000066 seconds
2020-04-30T03:08:55.445+0700: 13627.512: Total time for which application threads were stopped: 0.0000528 seconds, Stopping threads took: 0.0000059 seconds
2020-04-30T03:08:55.445+0700: 13627.512: Total time for which application threads were stopped: 0.0000419 seconds, Stopping threads took: 0.0000038 seconds
2020-04-30T03:09:04.081+0700: 13636.149: Total time for which application threads were stopped: 0.0000979 seconds, Stopping threads took: 0.0000191 seconds
2020-04-30T03:09:04.089+0700: 13636.157: Total time for which application threads were stopped: 0.0000772 seconds, Stopping threads took: 0.0000140 seconds
2020-04-30T03:09:15.898+0700: 13647.965: Total time for which application threads were stopped: 0.0001627 seconds, Stopping threads took: 0.0000221 seconds
2020-04-30T03:09:15.898+0700: 13647.965: Total time for which application threads were stopped: 0.0000815 seconds, Stopping threads took: 0.0000076 seconds
2020-04-30T03:09:15.898+0700: 13647.965: Total time for which application threads were stopped: 0.0000687 seconds, Stopping threads took: 0.0000091 seconds
2020-04-30T03:09:15.898+0700: 13647.965: Total time for which application threads were stopped: 0.0000479 seconds, Stopping threads took: 0.0000043 seconds
2020-04-30T03:09:24.958+0700: 13657.025: Total time for which application threads were stopped: 0.0001611 seconds, Stopping threads took: 0.0000326 seconds
2020-04-30T03:09:24.958+0700: 13657.025: Total time for which application threads were stopped: 0.0000915 seconds, Stopping threads took: 0.0000041 seconds
2020-04-30T03:09:35.074+0700: 13667.140: Total time for which application threads were stopped: 0.0001931 seconds, Stopping threads took: 0.0000255 seconds
2020-04-30T03:09:35.074+0700: 13667.141: Total time for which application threads were stopped: 0.0000736 seconds, Stopping threads took: 0.0000088 seconds
2020-04-30T03:09:35.074+0700: 13667.141: Total time for which application threads were stopped: 0.0000609 seconds, Stopping threads took: 0.0000069 seconds
2020-04-30T03:09:35.074+0700: 13667.141: Total time for which application threads were stopped: 0.0000654 seconds, Stopping threads took: 0.0000076 seconds
2020-04-30T03:09:43.184+0700: 13675.251: Total time for which application threads were stopped: 0.0001134 seconds, Stopping threads took: 0.0000207 seconds
2020-04-30T03:09:43.185+0700: 13675.251: Total time for which application threads were stopped: 0.0000439 seconds, Stopping threads took: 0.0000040 seconds
2020-04-30T03:09:48.321+0700: 13680.388: Total time for which application threads were stopped: 0.0001781 seconds, Stopping threads took: 0.0000244 seconds
2020-04-30T03:09:48.321+0700: 13680.388: Total time for which application threads were stopped: 0.0000725 seconds, Stopping threads took: 0.0000080 seconds
2020-04-30T03:09:48.322+0700: 13680.388: Total time for which application threads were stopped: 0.0000668 seconds, Stopping threads took: 0.0000076 seconds
2020-04-30T03:09:48.322+0700: 13680.388: Total time for which application threads were stopped: 0.0000539 seconds, Stopping threads took: 0.0000049 seconds
2020-04-30T03:09:57.364+0700: 13689.431: Total time for which application threads were stopped: 0.0001523 seconds, Stopping threads took: 0.0000189 seconds
2020-04-30T03:10:00.378+0700: 13692.445: Total time for which application threads were stopped: 0.0001277 seconds, Stopping threads took: 0.0000513 seconds
2020-04-30T03:10:05.609+0700: 13697.675: Total time for which application threads were stopped: 0.0001666 seconds, Stopping threads took: 0.0000234 seconds
2020-04-30T03:10:05.609+0700: 13697.676: Total time for which application threads were stopped: 0.0000667 seconds, Stopping threads took: 0.0000074 seconds
2020-04-30T03:10:05.610+0700: 13697.676: Total time for which application threads were stopped: 0.0000609 seconds, Stopping threads took: 0.0000068 seconds
2020-04-30T03:10:05.610+0700: 13697.676: Total time for which application threads were stopped: 0.0000470 seconds, Stopping threads took: 0.0000042 seconds
2020-04-30T03:10:22.196+0700: 13714.262: Total time for which application threads were stopped: 0.0001412 seconds, Stopping threads took: 0.0000186 seconds
2020-04-30T03:10:22.196+0700: 13714.262: Total time for which application threads were stopped: 0.0000925 seconds, Stopping threads took: 0.0000189 seconds
2020-04-30T03:10:22.196+0700: 13714.262: Total time for which application threads were stopped: 0.0000699 seconds, Stopping threads took: 0.0000191 seconds
2020-04-30T03:10:22.196+0700: 13714.262: Total time for which application threads were stopped: 0.0000573 seconds, Stopping threads took: 0.0000078 seconds
2020-04-30T03:10:28.237+0700: 13720.303: Total time for which application threads were stopped: 0.0001316 seconds, Stopping threads took: 0.0000200 seconds
2020-04-30T03:10:33.638+0700: 13725.704: Total time for which application threads were stopped: 0.0001401 seconds, Stopping threads took: 0.0000185 seconds
2020-04-30T03:10:33.638+0700: 13725.704: Total time for which application threads were stopped: 0.0001055 seconds, Stopping threads took: 0.0000109 seconds
2020-04-30T03:10:33.639+0700: 13725.704: Total time for which application threads were stopped: 0.0001839 seconds, Stopping threads took: 0.0000083 seconds
2020-04-30T03:10:33.639+0700: 13725.704: Total time for which application threads were stopped: 0.0001711 seconds, Stopping threads took: 0.0000188 seconds
2020-04-30T03:10:38.508+0700: 13730.574: Total time for which application threads were stopped: 0.0001357 seconds, Stopping threads took: 0.0000211 seconds
2020-04-30T03:10:38.508+0700: 13730.574: Total time for which application threads were stopped: 0.0000565 seconds, Stopping threads took: 0.0000046 seconds
2020-04-30T03:10:47.559+0700: 13739.625: Total time for which application threads were stopped: 0.0001134 seconds, Stopping threads took: 0.0000326 seconds
2020-04-30T03:10:53.587+0700: 13745.652: Total time for which application threads were stopped: 0.0001155 seconds, Stopping threads took: 0.0000363 seconds
2020-04-30T03:10:55.441+0700: 13747.506: Total time for which application threads were stopped: 0.0001658 seconds, Stopping threads took: 0.0000242 seconds
2020-04-30T03:10:55.441+0700: 13747.506: Total time for which application threads were stopped: 0.0000638 seconds, Stopping threads took: 0.0000068 seconds
2020-04-30T03:10:55.441+0700: 13747.506: Total time for which application threads were stopped: 0.0000585 seconds, Stopping threads took: 0.0000064 seconds
2020-04-30T03:10:55.441+0700: 13747.506: Total time for which application threads were stopped: 0.0000470 seconds, Stopping threads took: 0.0000042 seconds
2020-04-30T03:11:08.872+0700: 13760.936: Total time for which application threads were stopped: 0.0001558 seconds, Stopping threads took: 0.0000225 seconds
2020-04-30T03:11:08.872+0700: 13760.937: Total time for which application threads were stopped: 0.0000913 seconds, Stopping threads took: 0.0000101 seconds
2020-04-30T03:11:08.872+0700: 13760.937: Total time for which application threads were stopped: 0.0000748 seconds, Stopping threads took: 0.0000077 seconds
2020-04-30T03:11:08.872+0700: 13760.937: Total time for which application threads were stopped: 0.0000482 seconds, Stopping threads took: 0.0000044 seconds
2020-04-30T03:11:22.013+0700: 13774.077: Total time for which application threads were stopped: 0.0001417 seconds, Stopping threads took: 0.0000360 seconds
2020-04-30T03:11:22.013+0700: 13774.077: Total time for which application threads were stopped: 0.0001130 seconds, Stopping threads took: 0.0000457 seconds
2020-04-30T03:11:23.018+0700: 13775.082: Total time for which application threads were stopped: 0.0001066 seconds, Stopping threads took: 0.0000269 seconds
2020-04-30T03:11:25.606+0700: 13777.671: Total time for which application threads were stopped: 0.0001568 seconds, Stopping threads took: 0.0000220 seconds
2020-04-30T03:11:25.607+0700: 13777.671: Total time for which application threads were stopped: 0.0000834 seconds, Stopping threads took: 0.0000089 seconds
2020-04-30T03:11:25.607+0700: 13777.671: Total time for which application threads were stopped: 0.0000595 seconds, Stopping threads took: 0.0000075 seconds
2020-04-30T03:11:25.607+0700: 13777.671: Total time for which application threads were stopped: 0.0000470 seconds, Stopping threads took: 0.0000042 seconds
2020-04-30T03:11:38.188+0700: 13790.252: Total time for which application threads were stopped: 0.0001145 seconds, Stopping threads took: 0.0000346 seconds
2020-04-30T03:11:38.188+0700: 13790.252: Total time for which application threads were stopped: 0.0001919 seconds, Stopping threads took: 0.0000247 seconds
2020-04-30T03:11:38.192+0700: 13790.257: Total time for which application threads were stopped: 0.0001022 seconds, Stopping threads took: 0.0000163 seconds
{Heap before GC invocations=33 (full 0):
 garbage-first heap   total 524288K, used 373832K [0x00000007a0000000, 0x00000007a0101000, 0x00000007c0000000)
  region size 1024K, 307 young (314368K), 9 survivors (9216K)
 Metaspace       used 53934K, capacity 56214K, committed 56392K, reserved 1099776K
  class space    used 6217K, capacity 6670K, committed 6732K, reserved 1048576K
2020-04-30T03:11:40.979+0700: 13793.043: [GC pause (G1 Evacuation Pause) (young)
Desired survivor size 20447232 bytes, new threshold 15 (max 15)
- age   1:    2612408 bytes,    2612408 total
- age   2:     105736 bytes,    2718144 total
- age   3:     184640 bytes,    2902784 total
- age   4:      88896 bytes,    2991680 total
- age   5:    1889440 bytes,    4881120 total
- age   6:      31360 bytes,    4912480 total
- age   7:       4392 bytes,    4916872 total
- age   8:      39224 bytes,    4956096 total
- age   9:       8720 bytes,    4964816 total
- age  10:      10328 bytes,    4975144 total
- age  11:      16136 bytes,    4991280 total
- age  12:      22040 bytes,    5013320 total
- age  13:      18936 bytes,    5032256 total
- age  14:      38896 bytes,    5071152 total
- age  15:     423216 bytes,    5494368 total
, 0.0045699 secs]
   [Parallel Time: 2.4 ms, GC Workers: 8]
      [GC Worker Start (ms): Min: 13793043.5, Avg: 13793043.6, Max: 13793043.6, Diff: 0.1]
      [Ext Root Scanning (ms): Min: 0.3, Avg: 0.5, Max: 1.1, Diff: 0.8, Sum: 3.7]
      [Update RS (ms): Min: 0.0, Avg: 0.2, Max: 0.4, Diff: 0.4, Sum: 1.6]
         [Processed Buffers: Min: 0, Avg: 3.1, Max: 9, Diff: 9, Sum: 25]
      [Scan RS (ms): Min: 0.0, Avg: 0.0, Max: 0.1, Diff: 0.0, Sum: 0.2]
      [Code Root Scanning (ms): Min: 0.0, Avg: 0.1, Max: 0.4, Diff: 0.4, Sum: 1.1]
      [Object Copy (ms): Min: 1.1, Avg: 1.4, Max: 1.6, Diff: 0.4, Sum: 11.1]
      [Termination (ms): Min: 0.0, Avg: 0.0, Max: 0.1, Diff: 0.1, Sum: 0.4]
         [Termination Attempts: Min: 1, Avg: 1.0, Max: 1, Diff: 0, Sum: 8]
      [GC Worker Other (ms): Min: 0.0, Avg: 0.0, Max: 0.1, Diff: 0.1, Sum: 0.3]
      [GC Worker Total (ms): Min: 2.2, Avg: 2.3, Max: 2.4, Diff: 0.2, Sum: 18.4]
      [GC Worker End (ms): Min: 13793045.8, Avg: 13793045.9, Max: 13793045.9, Diff: 0.1]
   [Code Root Fixup: 0.0 ms]
   [Code Root Purge: 0.0 ms]
   [Clear CT: 0.1 ms]
   [Other: 2.0 ms]
      [Choose CSet: 0.0 ms]
      [Ref Proc: 1.7 ms]
      [Ref Enq: 0.1 ms]
      [Redirty Cards: 0.1 ms]
      [Humongous Register: 0.0 ms]
      [Humongous Reclaim: 0.0 ms]
      [Free CSet: 0.1 ms]
   [Eden: 298.0M(298.0M)->0.0B(300.0M) Survivors: 9216.0K->7168.0K Heap: 365.1M(512.0M)->65.5M(512.0M)]
Heap after GC invocations=34 (full 0):
 garbage-first heap   total 524288K, used 67079K [0x00000007a0000000, 0x00000007a0101000, 0x00000007c0000000)
  region size 1024K, 7 young (7168K), 7 survivors (7168K)
 Metaspace       used 53934K, capacity 56214K, committed 56392K, reserved 1099776K
  class space    used 6217K, capacity 6670K, committed 6732K, reserved 1048576K
}
 [Times: user=0.02 sys=0.01, real=0.01 secs] 
2020-04-30T03:11:40.984+0700: 13793.048: Total time for which application threads were stopped: 0.0048925 seconds, Stopping threads took: 0.0000226 seconds
2020-04-30T03:11:46.288+0700: 13798.352: Total time for which application threads were stopped: 0.0001661 seconds, Stopping threads took: 0.0000228 seconds
2020-04-30T03:11:46.288+0700: 13798.352: Total time for which application threads were stopped: 0.0000650 seconds, Stopping threads took: 0.0000075 seconds
2020-04-30T03:11:46.288+0700: 13798.352: Total time for which application threads were stopped: 0.0000691 seconds, Stopping threads took: 0.0000089 seconds
2020-04-30T03:11:46.288+0700: 13798.352: Total time for which application threads were stopped: 0.0000498 seconds, Stopping threads took: 0.0000044 seconds
2020-04-30T03:11:55.994+0700: 13808.057: Total time for which application threads were stopped: 0.0001563 seconds, Stopping threads took: 0.0000330 seconds
2020-04-30T03:11:55.994+0700: 13808.058: Total time for which application threads were stopped: 0.0000917 seconds, Stopping threads took: 0.0000039 seconds
2020-04-30T03:11:56.001+0700: 13808.064: Total time for which application threads were stopped: 0.0001055 seconds, Stopping threads took: 0.0000269 seconds
2020-04-30T03:12:06.181+0700: 13818.245: Total time for which application threads were stopped: 0.0001541 seconds, Stopping threads took: 0.0000213 seconds
2020-04-30T03:12:06.181+0700: 13818.245: Total time for which application threads were stopped: 0.0000856 seconds, Stopping threads took: 0.0000084 seconds
2020-04-30T03:12:06.181+0700: 13818.245: Total time for which application threads were stopped: 0.0000875 seconds, Stopping threads took: 0.0000127 seconds
2020-04-30T03:12:06.181+0700: 13818.245: Total time for which application threads were stopped: 0.0000559 seconds, Stopping threads took: 0.0000062 seconds
2020-04-30T03:12:12.754+0700: 13824.818: Total time for which application threads were stopped: 0.0001145 seconds, Stopping threads took: 0.0000341 seconds
2020-04-30T03:12:21.015+0700: 13833.079: Total time for which application threads were stopped: 0.0001623 seconds, Stopping threads took: 0.0000231 seconds
2020-04-30T03:12:21.016+0700: 13833.079: Total time for which application threads were stopped: 0.0000855 seconds, Stopping threads took: 0.0000090 seconds
2020-04-30T03:12:21.016+0700: 13833.079: Total time for which application threads were stopped: 0.0000708 seconds, Stopping threads took: 0.0000098 seconds
2020-04-30T03:12:21.016+0700: 13833.079: Total time for which application threads were stopped: 0.0000484 seconds, Stopping threads took: 0.0000045 seconds
2020-04-30T03:12:28.042+0700: 13840.105: Total time for which application threads were stopped: 0.0001477 seconds, Stopping threads took: 0.0000523 seconds
2020-04-30T03:12:29.475+0700: 13841.539: Total time for which application threads were stopped: 0.0001598 seconds, Stopping threads took: 0.0000209 seconds
2020-04-30T03:12:29.476+0700: 13841.539: Total time for which application threads were stopped: 0.0002266 seconds, Stopping threads took: 0.0000086 seconds
2020-04-30T03:12:29.476+0700: 13841.539: Total time for which application threads were stopped: 0.0000806 seconds, Stopping threads took: 0.0000103 seconds
2020-04-30T03:12:29.476+0700: 13841.539: Total time for which application threads were stopped: 0.0000505 seconds, Stopping threads took: 0.0000048 seconds
2020-04-30T03:12:30.536+0700: 13842.599: Total time for which application threads were stopped: 0.0001675 seconds, Stopping threads took: 0.0000241 seconds
2020-04-30T03:12:43.271+0700: 13855.334: Total time for which application threads were stopped: 0.0001314 seconds, Stopping threads took: 0.0000193 seconds
2020-04-30T03:12:44.279+0700: 13856.342: Total time for which application threads were stopped: 0.0000952 seconds, Stopping threads took: 0.0000190 seconds
2020-04-30T03:12:47.163+0700: 13859.226: Total time for which application threads were stopped: 0.0001539 seconds, Stopping threads took: 0.0000221 seconds
2020-04-30T03:12:47.163+0700: 13859.226: Total time for which application threads were stopped: 0.0001155 seconds, Stopping threads took: 0.0000092 seconds
2020-04-30T03:12:47.163+0700: 13859.226: Total time for which application threads were stopped: 0.0000635 seconds, Stopping threads took: 0.0000081 seconds
2020-04-30T03:12:47.163+0700: 13859.226: Total time for which application threads were stopped: 0.0000638 seconds, Stopping threads took: 0.0000071 seconds
2020-04-30T03:12:53.196+0700: 13865.259: Total time for which application threads were stopped: 0.0001167 seconds, Stopping threads took: 0.0000195 seconds
2020-04-30T03:12:59.932+0700: 13871.994: Total time for which application threads were stopped: 0.0002535 seconds, Stopping threads took: 0.0000335 seconds
2020-04-30T03:13:05.311+0700: 13877.373: Total time for which application threads were stopped: 0.0001638 seconds, Stopping threads took: 0.0000227 seconds
2020-04-30T03:13:05.311+0700: 13877.373: Total time for which application threads were stopped: 0.0000633 seconds, Stopping threads took: 0.0000075 seconds
2020-04-30T03:13:05.311+0700: 13877.373: Total time for which application threads were stopped: 0.0000652 seconds, Stopping threads took: 0.0000083 seconds
2020-04-30T03:13:05.311+0700: 13877.373: Total time for which application threads were stopped: 0.0000469 seconds, Stopping threads took: 0.0000044 seconds
2020-04-30T03:13:15.983+0700: 13888.045: Total time for which application threads were stopped: 0.0001130 seconds, Stopping threads took: 0.0000331 seconds
2020-04-30T03:13:19.273+0700: 13891.335: Total time for which application threads were stopped: 0.0003233 seconds, Stopping threads took: 0.0000208 seconds
2020-04-30T03:13:19.273+0700: 13891.335: Total time for which application threads were stopped: 0.0000801 seconds, Stopping threads took: 0.0000101 seconds
2020-04-30T03:13:19.273+0700: 13891.336: Total time for which application threads were stopped: 0.0000610 seconds, Stopping threads took: 0.0000075 seconds
2020-04-30T03:13:19.274+0700: 13891.336: Total time for which application threads were stopped: 0.0000466 seconds, Stopping threads took: 0.0000042 seconds
2020-04-30T03:13:20.428+0700: 13892.490: Total time for which application threads were stopped: 0.0001563 seconds, Stopping threads took: 0.0000225 seconds
2020-04-30T03:13:32.318+0700: 13904.380: Total time for which application threads were stopped: 0.0001024 seconds, Stopping threads took: 0.0000172 seconds
2020-04-30T03:13:38.047+0700: 13910.109: Total time for which application threads were stopped: 0.0001662 seconds, Stopping threads took: 0.0000228 seconds
2020-04-30T03:13:38.047+0700: 13910.109: Total time for which application threads were stopped: 0.0000922 seconds, Stopping threads took: 0.0000086 seconds
2020-04-30T03:13:38.047+0700: 13910.109: Total time for which application threads were stopped: 0.0000784 seconds, Stopping threads took: 0.0000102 seconds
2020-04-30T03:13:38.047+0700: 13910.109: Total time for which application threads were stopped: 0.0000519 seconds, Stopping threads took: 0.0000047 seconds
2020-04-30T03:13:50.322+0700: 13922.384: Total time for which application threads were stopped: 0.0001699 seconds, Stopping threads took: 0.0000474 seconds
2020-04-30T03:13:50.322+0700: 13922.384: Total time for which application threads were stopped: 0.0001004 seconds, Stopping threads took: 0.0000172 seconds
2020-04-30T03:13:50.323+0700: 13922.385: Total time for which application threads were stopped: 0.0001812 seconds, Stopping threads took: 0.0000942 seconds
2020-04-30T03:13:50.324+0700: 13922.385: Total time for which application threads were stopped: 0.0002453 seconds, Stopping threads took: 0.0000562 seconds
2020-04-30T03:13:50.324+0700: 13922.386: Total time for which application threads were stopped: 0.0001116 seconds, Stopping threads took: 0.0000161 seconds
2020-04-30T03:13:50.324+0700: 13922.386: Total time for which application threads were stopped: 0.0000783 seconds, Stopping threads took: 0.0000165 seconds
2020-04-30T03:13:50.327+0700: 13922.389: Total time for which application threads were stopped: 0.0001262 seconds, Stopping threads took: 0.0000298 seconds
2020-04-30T03:13:50.328+0700: 13922.389: Total time for which application threads were stopped: 0.0001021 seconds, Stopping threads took: 0.0000266 seconds
2020-04-30T03:13:50.328+0700: 13922.389: Total time for which application threads were stopped: 0.0000949 seconds, Stopping threads took: 0.0000080 seconds
2020-04-30T03:13:50.328+0700: 13922.390: Total time for which application threads were stopped: 0.0000658 seconds, Stopping threads took: 0.0000078 seconds
2020-04-30T03:13:50.368+0700: 13922.429: Total time for which application threads were stopped: 0.0000862 seconds, Stopping threads took: 0.0000166 seconds
2020-04-30T03:13:50.369+0700: 13922.431: Total time for which application threads were stopped: 0.0000716 seconds, Stopping threads took: 0.0000122 seconds
2020-04-30T03:13:51.377+0700: 13923.439: Total time for which application threads were stopped: 0.0001482 seconds, Stopping threads took: 0.0000530 seconds
2020-04-30T03:13:52.992+0700: 13925.054: Total time for which application threads were stopped: 0.0001047 seconds, Stopping threads took: 0.0000191 seconds
2020-04-30T03:13:52.992+0700: 13925.054: Total time for which application threads were stopped: 0.0000518 seconds, Stopping threads took: 0.0000070 seconds
2020-04-30T03:13:52.992+0700: 13925.054: Total time for which application threads were stopped: 0.0001013 seconds, Stopping threads took: 0.0000080 seconds
2020-04-30T03:13:52.993+0700: 13925.054: Total time for which application threads were stopped: 0.0000443 seconds, Stopping threads took: 0.0000074 seconds
2020-04-30T03:13:52.993+0700: 13925.054: Total time for which application threads were stopped: 0.0000869 seconds, Stopping threads took: 0.0000052 seconds
2020-04-30T03:13:52.993+0700: 13925.054: Total time for which application threads were stopped: 0.0000433 seconds, Stopping threads took: 0.0000072 seconds
2020-04-30T03:13:52.993+0700: 13925.054: Total time for which application threads were stopped: 0.0000527 seconds, Stopping threads took: 0.0000053 seconds
2020-04-30T03:13:52.993+0700: 13925.054: Total time for which application threads were stopped: 0.0000501 seconds, Stopping threads took: 0.0000048 seconds
2020-04-30T03:13:52.993+0700: 13925.054: Total time for which application threads were stopped: 0.0000448 seconds, Stopping threads took: 0.0000072 seconds
2020-04-30T03:13:52.993+0700: 13925.054: Total time for which application threads were stopped: 0.0000505 seconds, Stopping threads took: 0.0000049 seconds
2020-04-30T03:13:52.993+0700: 13925.055: Total time for which application threads were stopped: 0.0000438 seconds, Stopping threads took: 0.0000072 seconds
2020-04-30T03:13:52.993+0700: 13925.055: Total time for which application threads were stopped: 0.0001655 seconds, Stopping threads took: 0.0000062 seconds
2020-04-30T03:13:57.222+0700: 13929.283: Total time for which application threads were stopped: 0.0001572 seconds, Stopping threads took: 0.0000207 seconds
2020-04-30T03:13:57.222+0700: 13929.283: Total time for which application threads were stopped: 0.0000808 seconds, Stopping threads took: 0.0000083 seconds
2020-04-30T03:13:57.222+0700: 13929.283: Total time for which application threads were stopped: 0.0000530 seconds, Stopping threads took: 0.0000064 seconds
2020-04-30T03:13:57.222+0700: 13929.283: Total time for which application threads were stopped: 0.0000389 seconds, Stopping threads took: 0.0000035 seconds
2020-04-30T03:14:05.771+0700: 13937.832: Total time for which application threads were stopped: 0.0002140 seconds, Stopping threads took: 0.0000205 seconds
2020-04-30T03:14:05.771+0700: 13937.832: Total time for which application threads were stopped: 0.0000657 seconds, Stopping threads took: 0.0000100 seconds
2020-04-30T03:14:05.771+0700: 13937.832: Total time for which application threads were stopped: 0.0000457 seconds, Stopping threads took: 0.0000058 seconds
2020-04-30T03:14:05.771+0700: 13937.832: Total time for which application threads were stopped: 0.0000393 seconds, Stopping threads took: 0.0000054 seconds
2020-04-30T03:14:05.771+0700: 13937.832: Total time for which application threads were stopped: 0.0000404 seconds, Stopping threads took: 0.0000062 seconds
2020-04-30T03:14:05.772+0700: 13937.833: Total time for which application threads were stopped: 0.0000555 seconds, Stopping threads took: 0.0000084 seconds
2020-04-30T03:14:05.772+0700: 13937.833: Total time for which application threads were stopped: 0.0001550 seconds, Stopping threads took: 0.0000072 seconds
2020-04-30T03:14:05.783+0700: 13937.844: Total time for which application threads were stopped: 0.0000925 seconds, Stopping threads took: 0.0000171 seconds
2020-04-30T03:14:05.795+0700: 13937.856: Total time for which application threads were stopped: 0.0001020 seconds, Stopping threads took: 0.0000312 seconds
2020-04-30T03:14:11.610+0700: 13943.671: Total time for which application threads were stopped: 0.0001631 seconds, Stopping threads took: 0.0000228 seconds
2020-04-30T03:14:11.610+0700: 13943.671: Total time for which application threads were stopped: 0.0000639 seconds, Stopping threads took: 0.0000069 seconds
2020-04-30T03:14:11.610+0700: 13943.671: Total time for which application threads were stopped: 0.0000692 seconds, Stopping threads took: 0.0000100 seconds
2020-04-30T03:14:11.610+0700: 13943.671: Total time for which application threads were stopped: 0.0000628 seconds, Stopping threads took: 0.0000045 seconds
2020-04-30T03:14:22.077+0700: 13954.138: Total time for which application threads were stopped: 0.0001221 seconds, Stopping threads took: 0.0000292 seconds
2020-04-30T03:14:25.620+0700: 13957.681: Total time for which application threads were stopped: 0.0001605 seconds, Stopping threads took: 0.0000216 seconds
2020-04-30T03:14:25.620+0700: 13957.681: Total time for which application threads were stopped: 0.0000941 seconds, Stopping threads took: 0.0000106 seconds
2020-04-30T03:14:25.621+0700: 13957.681: Total time for which application threads were stopped: 0.0000681 seconds, Stopping threads took: 0.0000090 seconds
2020-04-30T03:14:25.621+0700: 13957.681: Total time for which application threads were stopped: 0.0000477 seconds, Stopping threads took: 0.0000041 seconds
2020-04-30T03:14:38.811+0700: 13970.871: Total time for which application threads were stopped: 0.0001174 seconds, Stopping threads took: 0.0000336 seconds
2020-04-30T03:14:41.783+0700: 13973.843: Total time for which application threads were stopped: 0.0001447 seconds, Stopping threads took: 0.0000200 seconds
2020-04-30T03:14:41.783+0700: 13973.843: Total time for which application threads were stopped: 0.0000736 seconds, Stopping threads took: 0.0000086 seconds
2020-04-30T03:14:41.783+0700: 13973.844: Total time for which application threads were stopped: 0.0000533 seconds, Stopping threads took: 0.0000070 seconds
2020-04-30T03:14:41.783+0700: 13973.844: Total time for which application threads were stopped: 0.0000413 seconds, Stopping threads took: 0.0000039 seconds
2020-04-30T03:14:54.494+0700: 13986.554: Total time for which application threads were stopped: 0.0001267 seconds, Stopping threads took: 0.0000512 seconds
2020-04-30T03:15:02.195+0700: 13994.254: Total time for which application threads were stopped: 0.0001635 seconds, Stopping threads took: 0.0000215 seconds
2020-04-30T03:15:02.195+0700: 13994.255: Total time for which application threads were stopped: 0.0001016 seconds, Stopping threads took: 0.0000096 seconds
2020-04-30T03:15:02.195+0700: 13994.255: Total time for which application threads were stopped: 0.0000735 seconds, Stopping threads took: 0.0000106 seconds
2020-04-30T03:15:02.195+0700: 13994.255: Total time for which application threads were stopped: 0.0000488 seconds, Stopping threads took: 0.0000044 seconds
2020-04-30T03:15:15.758+0700: 14007.818: Total time for which application threads were stopped: 0.0001440 seconds, Stopping threads took: 0.0000180 seconds
2020-04-30T03:15:15.758+0700: 14007.818: Total time for which application threads were stopped: 0.0000432 seconds, Stopping threads took: 0.0000045 seconds
2020-04-30T03:15:15.765+0700: 14007.824: Total time for which application threads were stopped: 0.0000908 seconds, Stopping threads took: 0.0000126 seconds
2020-04-30T03:15:17.844+0700: 14009.903: Total time for which application threads were stopped: 0.0001506 seconds, Stopping threads took: 0.0000210 seconds
2020-04-30T03:15:17.844+0700: 14009.903: Total time for which application threads were stopped: 0.0000808 seconds, Stopping threads took: 0.0000082 seconds
2020-04-30T03:15:17.844+0700: 14009.903: Total time for which application threads were stopped: 0.0000586 seconds, Stopping threads took: 0.0000065 seconds
2020-04-30T03:15:17.844+0700: 14009.903: Total time for which application threads were stopped: 0.0000487 seconds, Stopping threads took: 0.0000076 seconds
2020-04-30T03:15:31.202+0700: 14023.261: Total time for which application threads were stopped: 0.0001088 seconds, Stopping threads took: 0.0000324 seconds
2020-04-30T03:15:33.581+0700: 14025.640: Total time for which application threads were stopped: 0.0001612 seconds, Stopping threads took: 0.0000211 seconds
2020-04-30T03:15:33.581+0700: 14025.640: Total time for which application threads were stopped: 0.0000837 seconds, Stopping threads took: 0.0000084 seconds
2020-04-30T03:15:33.581+0700: 14025.640: Total time for which application threads were stopped: 0.0000607 seconds, Stopping threads took: 0.0000067 seconds
2020-04-30T03:15:33.581+0700: 14025.640: Total time for which application threads were stopped: 0.0000458 seconds, Stopping threads took: 0.0000041 seconds
2020-04-30T03:15:46.305+0700: 14038.364: Total time for which application threads were stopped: 0.0001498 seconds, Stopping threads took: 0.0000169 seconds
2020-04-30T03:15:49.441+0700: 14041.500: Total time for which application threads were stopped: 0.0001591 seconds, Stopping threads took: 0.0000210 seconds
2020-04-30T03:15:49.441+0700: 14041.500: Total time for which application threads were stopped: 0.0000828 seconds, Stopping threads took: 0.0000084 seconds
2020-04-30T03:15:49.441+0700: 14041.500: Total time for which application threads were stopped: 0.0001883 seconds, Stopping threads took: 0.0000086 seconds
2020-04-30T03:15:49.442+0700: 14041.500: Total time for which application threads were stopped: 0.0001341 seconds, Stopping threads took: 0.0000045 seconds
2020-04-30T03:15:53.671+0700: 14045.730: Total time for which application threads were stopped: 0.0001487 seconds, Stopping threads took: 0.0000224 seconds
2020-04-30T03:15:53.671+0700: 14045.730: Total time for which application threads were stopped: 0.0000660 seconds, Stopping threads took: 0.0000074 seconds
2020-04-30T03:16:01.819+0700: 14053.878: Total time for which application threads were stopped: 0.0001287 seconds, Stopping threads took: 0.0000317 seconds
2020-04-30T03:16:05.191+0700: 14057.250: Total time for which application threads were stopped: 0.0001610 seconds, Stopping threads took: 0.0000210 seconds
2020-04-30T03:16:05.191+0700: 14057.250: Total time for which application threads were stopped: 0.0000994 seconds, Stopping threads took: 0.0000090 seconds
2020-04-30T03:16:05.191+0700: 14057.250: Total time for which application threads were stopped: 0.0000570 seconds, Stopping threads took: 0.0000062 seconds
2020-04-30T03:16:05.191+0700: 14057.250: Total time for which application threads were stopped: 0.0000424 seconds, Stopping threads took: 0.0000038 seconds
2020-04-30T03:16:18.280+0700: 14070.339: Total time for which application threads were stopped: 0.0001065 seconds, Stopping threads took: 0.0000171 seconds
2020-04-30T03:16:18.281+0700: 14070.339: Total time for which application threads were stopped: 0.0001156 seconds, Stopping threads took: 0.0000449 seconds
2020-04-30T03:16:18.281+0700: 14070.339: Total time for which application threads were stopped: 0.0000701 seconds, Stopping threads took: 0.0000082 seconds
2020-04-30T03:16:28.069+0700: 14080.127: Total time for which application threads were stopped: 0.0001647 seconds, Stopping threads took: 0.0000218 seconds
2020-04-30T03:16:28.069+0700: 14080.127: Total time for which application threads were stopped: 0.0000636 seconds, Stopping threads took: 0.0000069 seconds
2020-04-30T03:16:28.069+0700: 14080.128: Total time for which application threads were stopped: 0.0000659 seconds, Stopping threads took: 0.0000086 seconds
2020-04-30T03:16:28.070+0700: 14080.128: Total time for which application threads were stopped: 0.0000471 seconds, Stopping threads took: 0.0000043 seconds
2020-04-30T03:16:37.090+0700: 14089.148: Total time for which application threads were stopped: 0.0001311 seconds, Stopping threads took: 0.0000209 seconds
2020-04-30T03:16:37.091+0700: 14089.149: Total time for which application threads were stopped: 0.0000958 seconds, Stopping threads took: 0.0000142 seconds
2020-04-30T03:16:37.091+0700: 14089.149: Total time for which application threads were stopped: 0.0000492 seconds, Stopping threads took: 0.0000045 seconds
2020-04-30T03:16:37.093+0700: 14089.151: Total time for which application threads were stopped: 0.0001639 seconds, Stopping threads took: 0.0000599 seconds
2020-04-30T03:16:37.093+0700: 14089.151: Total time for which application threads were stopped: 0.0000926 seconds, Stopping threads took: 0.0000118 seconds
2020-04-30T03:16:37.093+0700: 14089.151: Total time for which application threads were stopped: 0.0001029 seconds, Stopping threads took: 0.0000328 seconds
2020-04-30T03:16:37.093+0700: 14089.151: Total time for which application threads were stopped: 0.0000904 seconds, Stopping threads took: 0.0000291 seconds
2020-04-30T03:16:37.094+0700: 14089.151: Total time for which application threads were stopped: 0.0001068 seconds, Stopping threads took: 0.0000336 seconds
2020-04-30T03:16:37.094+0700: 14089.152: Total time for which application threads were stopped: 0.0000751 seconds, Stopping threads took: 0.0000212 seconds
2020-04-30T03:16:37.094+0700: 14089.152: Total time for which application threads were stopped: 0.0000913 seconds, Stopping threads took: 0.0000197 seconds
2020-04-30T03:16:37.094+0700: 14089.152: Total time for which application threads were stopped: 0.0000862 seconds, Stopping threads took: 0.0000160 seconds
2020-04-30T03:16:37.094+0700: 14089.152: Total time for which application threads were stopped: 0.0000945 seconds, Stopping threads took: 0.0000338 seconds
2020-04-30T03:16:37.094+0700: 14089.152: Total time for which application threads were stopped: 0.0001014 seconds, Stopping threads took: 0.0000329 seconds
2020-04-30T03:16:37.094+0700: 14089.152: Total time for which application threads were stopped: 0.0000798 seconds, Stopping threads took: 0.0000251 seconds
2020-04-30T03:16:37.094+0700: 14089.152: Total time for which application threads were stopped: 0.0000848 seconds, Stopping threads took: 0.0000261 seconds
2020-04-30T03:16:37.095+0700: 14089.152: Total time for which application threads were stopped: 0.0000818 seconds, Stopping threads took: 0.0000282 seconds
2020-04-30T03:16:37.095+0700: 14089.153: Total time for which application threads were stopped: 0.0000769 seconds, Stopping threads took: 0.0000223 seconds
2020-04-30T03:16:37.095+0700: 14089.153: Total time for which application threads were stopped: 0.0000706 seconds, Stopping threads took: 0.0000197 seconds
2020-04-30T03:16:37.099+0700: 14089.157: Total time for which application threads were stopped: 0.0000842 seconds, Stopping threads took: 0.0000151 seconds
2020-04-30T03:16:37.105+0700: 14089.162: Total time for which application threads were stopped: 0.0000877 seconds, Stopping threads took: 0.0000145 seconds
2020-04-30T03:16:37.117+0700: 14089.175: Total time for which application threads were stopped: 0.0000818 seconds, Stopping threads took: 0.0000139 seconds
2020-04-30T03:16:37.117+0700: 14089.175: Total time for which application threads were stopped: 0.0000519 seconds, Stopping threads took: 0.0000072 seconds
2020-04-30T03:16:39.975+0700: 14092.033: Total time for which application threads were stopped: 0.0001292 seconds, Stopping threads took: 0.0000212 seconds
2020-04-30T03:16:39.975+0700: 14092.033: Total time for which application threads were stopped: 0.0000773 seconds, Stopping threads took: 0.0000082 seconds
2020-04-30T03:16:41.442+0700: 14093.500: Total time for which application threads were stopped: 0.0001641 seconds, Stopping threads took: 0.0000211 seconds
2020-04-30T03:16:52.106+0700: 14104.164: Total time for which application threads were stopped: 0.0001016 seconds, Stopping threads took: 0.0000174 seconds
2020-04-30T03:16:58.459+0700: 14110.516: Total time for which application threads were stopped: 0.0001577 seconds, Stopping threads took: 0.0000226 seconds
2020-04-30T03:16:58.459+0700: 14110.516: Total time for which application threads were stopped: 0.0000803 seconds, Stopping threads took: 0.0000084 seconds
2020-04-30T03:16:58.459+0700: 14110.516: Total time for which application threads were stopped: 0.0000611 seconds, Stopping threads took: 0.0000074 seconds
2020-04-30T03:16:58.459+0700: 14110.517: Total time for which application threads were stopped: 0.0000460 seconds, Stopping threads took: 0.0000043 seconds
2020-04-30T03:17:07.447+0700: 14119.504: Total time for which application threads were stopped: 0.0002069 seconds, Stopping threads took: 0.0000162 seconds
2020-04-30T03:17:09.845+0700: 14121.902: Total time for which application threads were stopped: 0.0001616 seconds, Stopping threads took: 0.0000216 seconds
2020-04-30T03:17:09.845+0700: 14121.902: Total time for which application threads were stopped: 0.0000826 seconds, Stopping threads took: 0.0000089 seconds
2020-04-30T03:17:09.845+0700: 14121.902: Total time for which application threads were stopped: 0.0000591 seconds, Stopping threads took: 0.0000065 seconds
2020-04-30T03:17:09.845+0700: 14121.902: Total time for which application threads were stopped: 0.0000455 seconds, Stopping threads took: 0.0000040 seconds
2020-04-30T03:17:27.529+0700: 14139.586: Total time for which application threads were stopped: 0.0001497 seconds, Stopping threads took: 0.0000202 seconds
2020-04-30T03:17:27.529+0700: 14139.586: Total time for which application threads were stopped: 0.0000784 seconds, Stopping threads took: 0.0000085 seconds
2020-04-30T03:17:27.529+0700: 14139.586: Total time for which application threads were stopped: 0.0000582 seconds, Stopping threads took: 0.0000069 seconds
2020-04-30T03:17:27.530+0700: 14139.586: Total time for which application threads were stopped: 0.0000452 seconds, Stopping threads took: 0.0000044 seconds
2020-04-30T03:17:44.362+0700: 14156.419: Total time for which application threads were stopped: 0.0001593 seconds, Stopping threads took: 0.0000301 seconds
2020-04-30T03:17:44.363+0700: 14156.419: Total time for which application threads were stopped: 0.0001039 seconds, Stopping threads took: 0.0000203 seconds
2020-04-30T03:17:44.363+0700: 14156.419: Total time for which application threads were stopped: 0.0000838 seconds, Stopping threads took: 0.0000199 seconds
2020-04-30T03:17:44.363+0700: 14156.419: Total time for which application threads were stopped: 0.0000678 seconds, Stopping threads took: 0.0000208 seconds
2020-04-30T03:17:57.175+0700: 14169.231: Total time for which application threads were stopped: 0.0001550 seconds, Stopping threads took: 0.0000328 seconds
2020-04-30T03:17:57.175+0700: 14169.231: Total time for which application threads were stopped: 0.0000906 seconds, Stopping threads took: 0.0000036 seconds
2020-04-30T03:18:02.217+0700: 14174.273: Total time for which application threads were stopped: 0.0001642 seconds, Stopping threads took: 0.0000234 seconds
2020-04-30T03:18:02.217+0700: 14174.273: Total time for which application threads were stopped: 0.0000617 seconds, Stopping threads took: 0.0000065 seconds
2020-04-30T03:18:02.217+0700: 14174.273: Total time for which application threads were stopped: 0.0000681 seconds, Stopping threads took: 0.0000091 seconds
2020-04-30T03:18:02.217+0700: 14174.273: Total time for which application threads were stopped: 0.0000478 seconds, Stopping threads took: 0.0000043 seconds
2020-04-30T03:18:18.291+0700: 14190.347: Total time for which application threads were stopped: 0.0001611 seconds, Stopping threads took: 0.0000205 seconds
2020-04-30T03:18:18.292+0700: 14190.348: Total time for which application threads were stopped: 0.0002791 seconds, Stopping threads took: 0.0000166 seconds
2020-04-30T03:18:18.292+0700: 14190.348: Total time for which application threads were stopped: 0.0000817 seconds, Stopping threads took: 0.0000101 seconds
2020-04-30T03:18:18.293+0700: 14190.348: Total time for which application threads were stopped: 0.0000740 seconds, Stopping threads took: 0.0000084 seconds
2020-04-30T03:18:20.240+0700: 14192.296: Total time for which application threads were stopped: 0.0001623 seconds, Stopping threads took: 0.0000227 seconds
2020-04-30T03:18:30.936+0700: 14202.991: Total time for which application threads were stopped: 0.0001178 seconds, Stopping threads took: 0.0000176 seconds
2020-04-30T03:18:30.936+0700: 14202.991: Total time for which application threads were stopped: 0.0000969 seconds, Stopping threads took: 0.0000286 seconds
2020-04-30T03:18:30.959+0700: 14203.014: Total time for which application threads were stopped: 0.0001009 seconds, Stopping threads took: 0.0000314 seconds
2020-04-30T03:18:31.007+0700: 14203.062: Total time for which application threads were stopped: 0.0000859 seconds, Stopping threads took: 0.0000145 seconds
2020-04-30T03:18:33.078+0700: 14205.133: Total time for which application threads were stopped: 0.0001580 seconds, Stopping threads took: 0.0000210 seconds
2020-04-30T03:18:33.078+0700: 14205.133: Total time for which application threads were stopped: 0.0000834 seconds, Stopping threads took: 0.0000085 seconds
2020-04-30T03:18:33.078+0700: 14205.134: Total time for which application threads were stopped: 0.0000705 seconds, Stopping threads took: 0.0000091 seconds
2020-04-30T03:18:33.078+0700: 14205.134: Total time for which application threads were stopped: 0.0000710 seconds, Stopping threads took: 0.0000043 seconds
2020-04-30T03:18:46.106+0700: 14218.161: Total time for which application threads were stopped: 0.0001137 seconds, Stopping threads took: 0.0000328 seconds
2020-04-30T03:18:46.106+0700: 14218.161: Total time for which application threads were stopped: 0.0000805 seconds, Stopping threads took: 0.0000071 seconds
2020-04-30T03:18:46.106+0700: 14218.161: Total time for which application threads were stopped: 0.0000777 seconds, Stopping threads took: 0.0000084 seconds
2020-04-30T03:18:46.107+0700: 14218.162: Total time for which application threads were stopped: 0.0002138 seconds, Stopping threads took: 0.0000547 seconds
2020-04-30T03:18:46.108+0700: 14218.163: Total time for which application threads were stopped: 0.0001365 seconds, Stopping threads took: 0.0000300 seconds
2020-04-30T03:18:46.111+0700: 14218.166: Total time for which application threads were stopped: 0.0001187 seconds, Stopping threads took: 0.0000285 seconds
2020-04-30T03:18:46.113+0700: 14218.169: Total time for which application threads were stopped: 0.0000607 seconds, Stopping threads took: 0.0000097 seconds
2020-04-30T03:18:53.495+0700: 14225.550: Total time for which application threads were stopped: 0.0003319 seconds, Stopping threads took: 0.0000212 seconds
2020-04-30T03:18:53.495+0700: 14225.550: Total time for which application threads were stopped: 0.0000726 seconds, Stopping threads took: 0.0000085 seconds
2020-04-30T03:18:53.495+0700: 14225.550: Total time for which application threads were stopped: 0.0000552 seconds, Stopping threads took: 0.0000067 seconds
2020-04-30T03:18:53.495+0700: 14225.550: Total time for which application threads were stopped: 0.0000423 seconds, Stopping threads took: 0.0000039 seconds
2020-04-30T03:18:55.514+0700: 14227.569: Total time for which application threads were stopped: 0.0001763 seconds, Stopping threads took: 0.0000398 seconds
2020-04-30T03:19:06.727+0700: 14238.782: Total time for which application threads were stopped: 0.0001297 seconds, Stopping threads took: 0.0000345 seconds
2020-04-30T03:19:06.727+0700: 14238.782: Total time for which application threads were stopped: 0.0000445 seconds, Stopping threads took: 0.0000040 seconds
2020-04-30T03:19:06.734+0700: 14238.789: Total time for which application threads were stopped: 0.0001984 seconds, Stopping threads took: 0.0000133 seconds
2020-04-30T03:19:09.853+0700: 14241.907: Total time for which application threads were stopped: 0.0001527 seconds, Stopping threads took: 0.0000215 seconds
2020-04-30T03:19:09.853+0700: 14241.907: Total time for which application threads were stopped: 0.0000807 seconds, Stopping threads took: 0.0000080 seconds
2020-04-30T03:19:09.853+0700: 14241.908: Total time for which application threads were stopped: 0.0000578 seconds, Stopping threads took: 0.0000066 seconds
2020-04-30T03:19:09.853+0700: 14241.908: Total time for which application threads were stopped: 0.0000448 seconds, Stopping threads took: 0.0000042 seconds
2020-04-30T03:19:30.610+0700: 14262.664: Total time for which application threads were stopped: 0.0001539 seconds, Stopping threads took: 0.0000202 seconds
2020-04-30T03:19:30.610+0700: 14262.664: Total time for which application threads were stopped: 0.0000754 seconds, Stopping threads took: 0.0000082 seconds
2020-04-30T03:19:30.610+0700: 14262.664: Total time for which application threads were stopped: 0.0000627 seconds, Stopping threads took: 0.0000075 seconds
2020-04-30T03:19:30.610+0700: 14262.664: Total time for which application threads were stopped: 0.0000409 seconds, Stopping threads took: 0.0000037 seconds
2020-04-30T03:19:42.879+0700: 14274.933: Total time for which application threads were stopped: 0.0002574 seconds, Stopping threads took: 0.0000553 seconds
2020-04-30T03:19:42.879+0700: 14274.933: Total time for which application threads were stopped: 0.0000944 seconds, Stopping threads took: 0.0000045 seconds
{Heap before GC invocations=34 (full 0):
 garbage-first heap   total 524288K, used 374279K [0x00000007a0000000, 0x00000007a0101000, 0x00000007c0000000)
  region size 1024K, 307 young (314368K), 7 survivors (7168K)
 Metaspace       used 53936K, capacity 56214K, committed 56392K, reserved 1099776K
  class space    used 6217K, capacity 6670K, committed 6732K, reserved 1048576K
2020-04-30T03:19:42.882+0700: 14274.936: [GC pause (G1 Evacuation Pause) (young)
Desired survivor size 20447232 bytes, new threshold 15 (max 15)
- age   1:    2504256 bytes,    2504256 total
- age   2:     516096 bytes,    3020352 total
- age   3:     105320 bytes,    3125672 total
- age   4:     155800 bytes,    3281472 total
- age   5:      88896 bytes,    3370368 total
- age   6:    1845432 bytes,    5215800 total
- age   7:      31360 bytes,    5247160 total
- age   8:       4392 bytes,    5251552 total
- age   9:      39000 bytes,    5290552 total
- age  10:       8720 bytes,    5299272 total
- age  11:      10328 bytes,    5309600 total
- age  12:      16136 bytes,    5325736 total
- age  13:      22040 bytes,    5347776 total
- age  14:      18936 bytes,    5366712 total
- age  15:      38896 bytes,    5405608 total
, 0.0053556 secs]
   [Parallel Time: 2.6 ms, GC Workers: 8]
      [GC Worker Start (ms): Min: 14274935.6, Avg: 14274935.7, Max: 14274935.7, Diff: 0.1]
      [Ext Root Scanning (ms): Min: 0.1, Avg: 0.4, Max: 1.0, Diff: 0.9, Sum: 2.9]
      [Update RS (ms): Min: 0.0, Avg: 0.3, Max: 0.7, Diff: 0.7, Sum: 2.2]
         [Processed Buffers: Min: 0, Avg: 3.2, Max: 13, Diff: 13, Sum: 26]
      [Scan RS (ms): Min: 0.0, Avg: 0.0, Max: 0.0, Diff: 0.0, Sum: 0.2]
      [Code Root Scanning (ms): Min: 0.0, Avg: 0.1, Max: 0.2, Diff: 0.2, Sum: 0.8]
      [Object Copy (ms): Min: 0.9, Avg: 1.2, Max: 1.7, Diff: 0.8, Sum: 9.6]
      [Termination (ms): Min: 0.0, Avg: 0.4, Max: 0.5, Diff: 0.5, Sum: 3.6]
         [Termination Attempts: Min: 1, Avg: 1.6, Max: 2, Diff: 1, Sum: 13]
      [GC Worker Other (ms): Min: 0.0, Avg: 0.0, Max: 0.0, Diff: 0.0, Sum: 0.2]
      [GC Worker Total (ms): Min: 2.4, Avg: 2.4, Max: 2.5, Diff: 0.1, Sum: 19.4]
      [GC Worker End (ms): Min: 14274938.1, Avg: 14274938.1, Max: 14274938.1, Diff: 0.0]
   [Code Root Fixup: 0.0 ms]
   [Code Root Purge: 0.0 ms]
   [Clear CT: 0.1 ms]
   [Other: 2.6 ms]
      [Choose CSet: 0.0 ms]
      [Ref Proc: 2.3 ms]
      [Ref Enq: 0.1 ms]
      [Redirty Cards: 0.1 ms]
      [Humongous Register: 0.0 ms]
      [Humongous Reclaim: 0.0 ms]
      [Free CSet: 0.1 ms]
   [Eden: 300.0M(300.0M)->0.0B(298.0M) Survivors: 7168.0K->9216.0K Heap: 365.5M(512.0M)->67.7M(512.0M)]
Heap after GC invocations=35 (full 0):
 garbage-first heap   total 524288K, used 69357K [0x00000007a0000000, 0x00000007a0101000, 0x00000007c0000000)
  region size 1024K, 9 young (9216K), 9 survivors (9216K)
 Metaspace       used 53936K, capacity 56214K, committed 56392K, reserved 1099776K
  class space    used 6217K, capacity 6670K, committed 6732K, reserved 1048576K
}
 [Times: user=0.02 sys=0.00, real=0.00 secs] 
2020-04-30T03:19:42.888+0700: 14274.942: Total time for which application threads were stopped: 0.0065053 seconds, Stopping threads took: 0.0000305 seconds
2020-04-30T03:19:42.888+0700: 14274.942: Total time for which application threads were stopped: 0.0002269 seconds, Stopping threads took: 0.0000337 seconds
2020-04-30T03:19:43.893+0700: 14275.947: Total time for which application threads were stopped: 0.0001328 seconds, Stopping threads took: 0.0000352 seconds
2020-04-30T03:19:45.370+0700: 14277.424: Total time for which application threads were stopped: 0.0001486 seconds, Stopping threads took: 0.0000190 seconds
2020-04-30T03:19:45.370+0700: 14277.424: Total time for which application threads were stopped: 0.0000742 seconds, Stopping threads took: 0.0000078 seconds
2020-04-30T03:19:45.370+0700: 14277.424: Total time for which application threads were stopped: 0.0000607 seconds, Stopping threads took: 0.0000076 seconds
2020-04-30T03:19:45.370+0700: 14277.424: Total time for which application threads were stopped: 0.0000401 seconds, Stopping threads took: 0.0000038 seconds
2020-04-30T03:19:59.432+0700: 14291.486: Total time for which application threads were stopped: 0.0001089 seconds, Stopping threads took: 0.0000187 seconds
2020-04-30T03:20:06.822+0700: 14298.876: Total time for which application threads were stopped: 0.0001548 seconds, Stopping threads took: 0.0000202 seconds
2020-04-30T03:20:06.822+0700: 14298.876: Total time for which application threads were stopped: 0.0000798 seconds, Stopping threads took: 0.0000084 seconds
2020-04-30T03:20:06.822+0700: 14298.876: Total time for which application threads were stopped: 0.0000537 seconds, Stopping threads took: 0.0000065 seconds
2020-04-30T03:20:06.822+0700: 14298.876: Total time for which application threads were stopped: 0.0000406 seconds, Stopping threads took: 0.0000036 seconds
2020-04-30T03:20:18.945+0700: 14310.998: Total time for which application threads were stopped: 0.0001056 seconds, Stopping threads took: 0.0000168 seconds
2020-04-30T03:20:18.945+0700: 14310.998: Total time for which application threads were stopped: 0.0000412 seconds, Stopping threads took: 0.0000042 seconds
2020-04-30T03:20:18.952+0700: 14311.005: Total time for which application threads were stopped: 0.0001346 seconds, Stopping threads took: 0.0000295 seconds
2020-04-30T03:20:33.615+0700: 14325.667: Total time for which application threads were stopped: 0.0001656 seconds, Stopping threads took: 0.0000215 seconds
2020-04-30T03:20:33.615+0700: 14325.668: Total time for which application threads were stopped: 0.0000781 seconds, Stopping threads took: 0.0000070 seconds
2020-04-30T03:20:33.615+0700: 14325.668: Total time for which application threads were stopped: 0.0001809 seconds, Stopping threads took: 0.0000062 seconds
2020-04-30T03:20:33.615+0700: 14325.668: Total time for which application threads were stopped: 0.0001339 seconds, Stopping threads took: 0.0000043 seconds
2020-04-30T03:20:36.237+0700: 14328.289: Total time for which application threads were stopped: 0.0001401 seconds, Stopping threads took: 0.0000227 seconds
2020-04-30T03:20:36.237+0700: 14328.289: Total time for which application threads were stopped: 0.0000596 seconds, Stopping threads took: 0.0000053 seconds
2020-04-30T03:20:46.103+0700: 14338.156: Total time for which application threads were stopped: 0.0001325 seconds, Stopping threads took: 0.0000328 seconds
2020-04-30T03:20:50.343+0700: 14342.396: Total time for which application threads were stopped: 0.0001618 seconds, Stopping threads took: 0.0000216 seconds
2020-04-30T03:20:50.344+0700: 14342.396: Total time for which application threads were stopped: 0.0000828 seconds, Stopping threads took: 0.0000082 seconds
2020-04-30T03:20:50.344+0700: 14342.396: Total time for which application threads were stopped: 0.0000580 seconds, Stopping threads took: 0.0000070 seconds
2020-04-30T03:20:50.344+0700: 14342.396: Total time for which application threads were stopped: 0.0000444 seconds, Stopping threads took: 0.0000040 seconds
2020-04-30T03:20:53.356+0700: 14345.409: Total time for which application threads were stopped: 0.0001656 seconds, Stopping threads took: 0.0000370 seconds
2020-04-30T03:21:02.553+0700: 14354.605: Total time for which application threads were stopped: 0.0001104 seconds, Stopping threads took: 0.0000332 seconds
2020-04-30T03:21:07.502+0700: 14359.554: Total time for which application threads were stopped: 0.0001528 seconds, Stopping threads took: 0.0000201 seconds
2020-04-30T03:21:07.502+0700: 14359.555: Total time for which application threads were stopped: 0.0000799 seconds, Stopping threads took: 0.0000082 seconds
2020-04-30T03:21:07.503+0700: 14359.555: Total time for which application threads were stopped: 0.0000685 seconds, Stopping threads took: 0.0000090 seconds
2020-04-30T03:21:07.503+0700: 14359.555: Total time for which application threads were stopped: 0.0000480 seconds, Stopping threads took: 0.0000043 seconds
2020-04-30T03:21:20.420+0700: 14372.472: Total time for which application threads were stopped: 0.0001128 seconds, Stopping threads took: 0.0000168 seconds
2020-04-30T03:21:20.420+0700: 14372.472: Total time for which application threads were stopped: 0.0000466 seconds, Stopping threads took: 0.0000041 seconds
2020-04-30T03:21:20.427+0700: 14372.479: Total time for which application threads were stopped: 0.0001617 seconds, Stopping threads took: 0.0000341 seconds
2020-04-30T03:21:20.427+0700: 14372.479: Total time for which application threads were stopped: 0.0001116 seconds, Stopping threads took: 0.0000185 seconds
2020-04-30T03:21:20.428+0700: 14372.480: Total time for which application threads were stopped: 0.0001754 seconds, Stopping threads took: 0.0000791 seconds
2020-04-30T03:21:20.428+0700: 14372.480: Total time for which application threads were stopped: 0.0001037 seconds, Stopping threads took: 0.0000351 seconds
2020-04-30T03:21:20.429+0700: 14372.480: Total time for which application threads were stopped: 0.0000809 seconds, Stopping threads took: 0.0000086 seconds
2020-04-30T03:21:20.429+0700: 14372.481: Total time for which application threads were stopped: 0.0000671 seconds, Stopping threads took: 0.0000064 seconds
2020-04-30T03:21:20.455+0700: 14372.507: Total time for which application threads were stopped: 0.0000815 seconds, Stopping threads took: 0.0000153 seconds
2020-04-30T03:21:20.456+0700: 14372.508: Total time for which application threads were stopped: 0.0000544 seconds, Stopping threads took: 0.0000078 seconds
2020-04-30T03:21:20.456+0700: 14372.508: Total time for which application threads were stopped: 0.0000374 seconds, Stopping threads took: 0.0000054 seconds
2020-04-30T03:21:20.510+0700: 14372.562: Total time for which application threads were stopped: 0.0000877 seconds, Stopping threads took: 0.0000168 seconds
2020-04-30T03:21:20.512+0700: 14372.564: Total time for which application threads were stopped: 0.0000730 seconds, Stopping threads took: 0.0000114 seconds
2020-04-30T03:21:25.118+0700: 14377.170: Total time for which application threads were stopped: 0.0001572 seconds, Stopping threads took: 0.0000222 seconds
2020-04-30T03:21:25.118+0700: 14377.170: Total time for which application threads were stopped: 0.0000628 seconds, Stopping threads took: 0.0000071 seconds
2020-04-30T03:21:25.118+0700: 14377.170: Total time for which application threads were stopped: 0.0000699 seconds, Stopping threads took: 0.0000089 seconds
2020-04-30T03:21:25.118+0700: 14377.170: Total time for which application threads were stopped: 0.0000491 seconds, Stopping threads took: 0.0000041 seconds
2020-04-30T03:21:36.437+0700: 14388.489: Total time for which application threads were stopped: 0.0001173 seconds, Stopping threads took: 0.0000344 seconds
2020-04-30T03:21:36.437+0700: 14388.489: Total time for which application threads were stopped: 0.0000847 seconds, Stopping threads took: 0.0000244 seconds
2020-04-30T03:21:36.437+0700: 14388.489: Total time for which application threads were stopped: 0.0000737 seconds, Stopping threads took: 0.0000053 seconds
2020-04-30T03:21:36.438+0700: 14388.489: Total time for which application threads were stopped: 0.0000867 seconds, Stopping threads took: 0.0000240 seconds
2020-04-30T03:21:36.438+0700: 14388.489: Total time for which application threads were stopped: 0.0000799 seconds, Stopping threads took: 0.0000084 seconds
2020-04-30T03:21:36.438+0700: 14388.489: Total time for which application threads were stopped: 0.0000727 seconds, Stopping threads took: 0.0000232 seconds
2020-04-30T03:21:36.438+0700: 14388.490: Total time for which application threads were stopped: 0.0000719 seconds, Stopping threads took: 0.0000055 seconds
2020-04-30T03:21:36.438+0700: 14388.490: Total time for which application threads were stopped: 0.0000726 seconds, Stopping threads took: 0.0000229 seconds
2020-04-30T03:21:36.438+0700: 14388.490: Total time for which application threads were stopped: 0.0000881 seconds, Stopping threads took: 0.0000212 seconds
2020-04-30T03:21:36.438+0700: 14388.490: Total time for which application threads were stopped: 0.0000731 seconds, Stopping threads took: 0.0000229 seconds
2020-04-30T03:21:36.439+0700: 14388.490: Total time for which application threads were stopped: 0.0000510 seconds, Stopping threads took: 0.0000052 seconds
2020-04-30T03:21:36.439+0700: 14388.490: Total time for which application threads were stopped: 0.0000568 seconds, Stopping threads took: 0.0000228 seconds
2020-04-30T03:21:36.439+0700: 14388.490: Total time for which application threads were stopped: 0.0000511 seconds, Stopping threads took: 0.0000053 seconds
2020-04-30T03:21:36.439+0700: 14388.491: Total time for which application threads were stopped: 0.0001790 seconds, Stopping threads took: 0.0000052 seconds
2020-04-30T03:21:36.441+0700: 14388.492: Total time for which application threads were stopped: 0.0000915 seconds, Stopping threads took: 0.0000283 seconds
2020-04-30T03:21:36.441+0700: 14388.493: Total time for which application threads were stopped: 0.0000983 seconds, Stopping threads took: 0.0000263 seconds
2020-04-30T03:21:36.449+0700: 14388.500: Total time for which application threads were stopped: 0.0000886 seconds, Stopping threads took: 0.0000284 seconds
2020-04-30T03:21:36.459+0700: 14388.511: Total time for which application threads were stopped: 0.0000829 seconds, Stopping threads took: 0.0000140 seconds
2020-04-30T03:21:42.107+0700: 14394.159: Total time for which application threads were stopped: 0.0001594 seconds, Stopping threads took: 0.0000197 seconds
2020-04-30T03:21:42.108+0700: 14394.159: Total time for which application threads were stopped: 0.0000810 seconds, Stopping threads took: 0.0000086 seconds
2020-04-30T03:21:42.108+0700: 14394.159: Total time for which application threads were stopped: 0.0000698 seconds, Stopping threads took: 0.0000094 seconds
2020-04-30T03:21:42.108+0700: 14394.159: Total time for which application threads were stopped: 0.0000477 seconds, Stopping threads took: 0.0000043 seconds
2020-04-30T03:21:55.673+0700: 14407.724: Total time for which application threads were stopped: 0.0001431 seconds, Stopping threads took: 0.0000371 seconds
2020-04-30T03:21:57.440+0700: 14409.491: Total time for which application threads were stopped: 0.0001501 seconds, Stopping threads took: 0.0000204 seconds
2020-04-30T03:21:57.441+0700: 14409.492: Total time for which application threads were stopped: 0.0000793 seconds, Stopping threads took: 0.0000087 seconds
2020-04-30T03:21:57.441+0700: 14409.492: Total time for which application threads were stopped: 0.0000617 seconds, Stopping threads took: 0.0000068 seconds
2020-04-30T03:21:57.441+0700: 14409.492: Total time for which application threads were stopped: 0.0000453 seconds, Stopping threads took: 0.0000040 seconds
2020-04-30T03:22:08.868+0700: 14420.919: Total time for which application threads were stopped: 0.0001524 seconds, Stopping threads took: 0.0000206 seconds
2020-04-30T03:22:08.874+0700: 14420.925: Total time for which application threads were stopped: 0.0001058 seconds, Stopping threads took: 0.0000230 seconds
2020-04-30T03:22:08.874+0700: 14420.925: Total time for which application threads were stopped: 0.0000773 seconds, Stopping threads took: 0.0000093 seconds
2020-04-30T03:22:08.874+0700: 14420.925: Total time for which application threads were stopped: 0.0000685 seconds, Stopping threads took: 0.0000177 seconds
2020-04-30T03:22:08.874+0700: 14420.925: Total time for which application threads were stopped: 0.0000634 seconds, Stopping threads took: 0.0000170 seconds
2020-04-30T03:22:08.875+0700: 14420.925: Total time for which application threads were stopped: 0.0000625 seconds, Stopping threads took: 0.0000079 seconds
2020-04-30T03:22:18.071+0700: 14430.122: Total time for which application threads were stopped: 0.0001509 seconds, Stopping threads took: 0.0000206 seconds
2020-04-30T03:22:18.071+0700: 14430.122: Total time for which application threads were stopped: 0.0000790 seconds, Stopping threads took: 0.0000086 seconds
2020-04-30T03:22:18.071+0700: 14430.122: Total time for which application threads were stopped: 0.0000589 seconds, Stopping threads took: 0.0000072 seconds
2020-04-30T03:22:18.072+0700: 14430.122: Total time for which application threads were stopped: 0.0000634 seconds, Stopping threads took: 0.0000071 seconds
2020-04-30T03:22:30.163+0700: 14442.214: Total time for which application threads were stopped: 0.0001491 seconds, Stopping threads took: 0.0000462 seconds
2020-04-30T03:22:30.163+0700: 14442.214: Total time for which application threads were stopped: 0.0000815 seconds, Stopping threads took: 0.0000042 seconds
2020-04-30T03:22:30.165+0700: 14442.216: Total time for which application threads were stopped: 0.0000713 seconds, Stopping threads took: 0.0000123 seconds
2020-04-30T03:22:30.170+0700: 14442.220: Total time for which application threads were stopped: 0.0000962 seconds, Stopping threads took: 0.0000304 seconds
2020-04-30T03:22:38.301+0700: 14450.351: Total time for which application threads were stopped: 0.0001628 seconds, Stopping threads took: 0.0000225 seconds
2020-04-30T03:22:38.301+0700: 14450.351: Total time for which application threads were stopped: 0.0000716 seconds, Stopping threads took: 0.0000082 seconds
2020-04-30T03:22:38.301+0700: 14450.351: Total time for which application threads were stopped: 0.0000663 seconds, Stopping threads took: 0.0000077 seconds
2020-04-30T03:22:38.301+0700: 14450.351: Total time for which application threads were stopped: 0.0000529 seconds, Stopping threads took: 0.0000047 seconds
2020-04-30T03:22:48.830+0700: 14460.880: Total time for which application threads were stopped: 0.0000990 seconds, Stopping threads took: 0.0000170 seconds
2020-04-30T03:22:55.708+0700: 14467.757: Total time for which application threads were stopped: 0.0001608 seconds, Stopping threads took: 0.0000215 seconds
2020-04-30T03:22:55.708+0700: 14467.757: Total time for which application threads were stopped: 0.0000648 seconds, Stopping threads took: 0.0000070 seconds
2020-04-30T03:22:55.708+0700: 14467.758: Total time for which application threads were stopped: 0.0000667 seconds, Stopping threads took: 0.0000088 seconds
2020-04-30T03:22:55.708+0700: 14467.758: Total time for which application threads were stopped: 0.0000471 seconds, Stopping threads took: 0.0000042 seconds
2020-04-30T03:23:04.710+0700: 14476.759: Total time for which application threads were stopped: 0.0001226 seconds, Stopping threads took: 0.0000298 seconds
2020-04-30T03:23:16.075+0700: 14488.124: Total time for which application threads were stopped: 0.0001570 seconds, Stopping threads took: 0.0000215 seconds
2020-04-30T03:23:16.075+0700: 14488.124: Total time for which application threads were stopped: 0.0000801 seconds, Stopping threads took: 0.0000083 seconds
2020-04-30T03:23:16.075+0700: 14488.124: Total time for which application threads were stopped: 0.0000605 seconds, Stopping threads took: 0.0000070 seconds
2020-04-30T03:23:16.075+0700: 14488.124: Total time for which application threads were stopped: 0.0000464 seconds, Stopping threads took: 0.0000042 seconds
2020-04-30T03:23:27.523+0700: 14499.572: Total time for which application threads were stopped: 0.0001253 seconds, Stopping threads took: 0.0000337 seconds
2020-04-30T03:23:27.523+0700: 14499.572: Total time for which application threads were stopped: 0.0001391 seconds, Stopping threads took: 0.0000232 seconds
2020-04-30T03:23:27.532+0700: 14499.581: Total time for which application threads were stopped: 0.0000952 seconds, Stopping threads took: 0.0000123 seconds
2020-04-30T03:23:29.092+0700: 14501.141: Total time for which application threads were stopped: 0.0001551 seconds, Stopping threads took: 0.0000215 seconds
2020-04-30T03:23:29.092+0700: 14501.141: Total time for which application threads were stopped: 0.0000809 seconds, Stopping threads took: 0.0000098 seconds
2020-04-30T03:23:29.092+0700: 14501.141: Total time for which application threads were stopped: 0.0000616 seconds, Stopping threads took: 0.0000073 seconds
2020-04-30T03:23:29.092+0700: 14501.141: Total time for which application threads were stopped: 0.0000464 seconds, Stopping threads took: 0.0000043 seconds
2020-04-30T03:23:42.946+0700: 14514.995: Total time for which application threads were stopped: 0.0001117 seconds, Stopping threads took: 0.0000337 seconds
2020-04-30T03:23:45.606+0700: 14517.655: Total time for which application threads were stopped: 0.0001564 seconds, Stopping threads took: 0.0000220 seconds
2020-04-30T03:23:45.606+0700: 14517.655: Total time for which application threads were stopped: 0.0000768 seconds, Stopping threads took: 0.0000088 seconds
2020-04-30T03:23:45.606+0700: 14517.655: Total time for which application threads were stopped: 0.0000813 seconds, Stopping threads took: 0.0000110 seconds
2020-04-30T03:23:45.606+0700: 14517.655: Total time for which application threads were stopped: 0.0000565 seconds, Stopping threads took: 0.0000051 seconds
2020-04-30T03:23:58.693+0700: 14530.742: Total time for which application threads were stopped: 0.0001718 seconds, Stopping threads took: 0.0000365 seconds
2020-04-30T03:23:58.693+0700: 14530.742: Total time for which application threads were stopped: 0.0001011 seconds, Stopping threads took: 0.0000056 seconds
2020-04-30T03:23:58.702+0700: 14530.750: Total time for which application threads were stopped: 0.0001556 seconds, Stopping threads took: 0.0000305 seconds
2020-04-30T03:23:58.702+0700: 14530.750: Total time for which application threads were stopped: 0.0001264 seconds, Stopping threads took: 0.0000450 seconds
2020-04-30T03:23:58.702+0700: 14530.751: Total time for which application threads were stopped: 0.0000877 seconds, Stopping threads took: 0.0000072 seconds
2020-04-30T03:23:58.788+0700: 14530.837: Total time for which application threads were stopped: 0.0000925 seconds, Stopping threads took: 0.0000168 seconds
2020-04-30T03:24:04.595+0700: 14536.643: Total time for which application threads were stopped: 0.0001704 seconds, Stopping threads took: 0.0000235 seconds
2020-04-30T03:24:04.595+0700: 14536.643: Total time for which application threads were stopped: 0.0000656 seconds, Stopping threads took: 0.0000075 seconds
2020-04-30T03:24:04.595+0700: 14536.644: Total time for which application threads were stopped: 0.0000719 seconds, Stopping threads took: 0.0000097 seconds
2020-04-30T03:24:04.595+0700: 14536.644: Total time for which application threads were stopped: 0.0000509 seconds, Stopping threads took: 0.0000046 seconds
2020-04-30T03:24:15.184+0700: 14547.232: Total time for which application threads were stopped: 0.0001394 seconds, Stopping threads took: 0.0000328 seconds
2020-04-30T03:24:15.185+0700: 14547.233: Total time for which application threads were stopped: 0.0001040 seconds, Stopping threads took: 0.0000312 seconds
2020-04-30T03:24:15.185+0700: 14547.233: Total time for which application threads were stopped: 0.0000582 seconds, Stopping threads took: 0.0000050 seconds
2020-04-30T03:24:15.185+0700: 14547.233: Total time for which application threads were stopped: 0.0000734 seconds, Stopping threads took: 0.0000053 seconds
2020-04-30T03:24:15.185+0700: 14547.233: Total time for which application threads were stopped: 0.0000851 seconds, Stopping threads took: 0.0000235 seconds
2020-04-30T03:24:15.185+0700: 14547.234: Total time for which application threads were stopped: 0.0000856 seconds, Stopping threads took: 0.0000050 seconds
2020-04-30T03:24:15.186+0700: 14547.234: Total time for which application threads were stopped: 0.0000826 seconds, Stopping threads took: 0.0000052 seconds
2020-04-30T03:24:15.186+0700: 14547.234: Total time for which application threads were stopped: 0.0000522 seconds, Stopping threads took: 0.0000194 seconds
2020-04-30T03:24:15.186+0700: 14547.234: Total time for which application threads were stopped: 0.0000770 seconds, Stopping threads took: 0.0000062 seconds
2020-04-30T03:24:15.186+0700: 14547.234: Total time for which application threads were stopped: 0.0000630 seconds, Stopping threads took: 0.0000086 seconds
2020-04-30T03:24:15.186+0700: 14547.234: Total time for which application threads were stopped: 0.0000867 seconds, Stopping threads took: 0.0000212 seconds
2020-04-30T03:24:15.186+0700: 14547.234: Total time for which application threads were stopped: 0.0000861 seconds, Stopping threads took: 0.0000237 seconds
2020-04-30T03:24:15.186+0700: 14547.234: Total time for which application threads were stopped: 0.0000633 seconds, Stopping threads took: 0.0000085 seconds
2020-04-30T03:24:15.186+0700: 14547.235: Total time for which application threads were stopped: 0.0000678 seconds, Stopping threads took: 0.0000046 seconds
2020-04-30T03:24:15.187+0700: 14547.235: Total time for which application threads were stopped: 0.0000727 seconds, Stopping threads took: 0.0000053 seconds
2020-04-30T03:24:15.187+0700: 14547.235: Total time for which application threads were stopped: 0.0000672 seconds, Stopping threads took: 0.0000049 seconds
2020-04-30T03:24:15.192+0700: 14547.240: Total time for which application threads were stopped: 0.0001027 seconds, Stopping threads took: 0.0000296 seconds
2020-04-30T03:24:15.204+0700: 14547.252: Total time for which application threads were stopped: 0.0000861 seconds, Stopping threads took: 0.0000147 seconds
2020-04-30T03:24:22.192+0700: 14554.240: Total time for which application threads were stopped: 0.0001601 seconds, Stopping threads took: 0.0000212 seconds
2020-04-30T03:24:22.192+0700: 14554.240: Total time for which application threads were stopped: 0.0000832 seconds, Stopping threads took: 0.0000095 seconds
2020-04-30T03:24:22.192+0700: 14554.240: Total time for which application threads were stopped: 0.0000680 seconds, Stopping threads took: 0.0000089 seconds
2020-04-30T03:24:22.192+0700: 14554.240: Total time for which application threads were stopped: 0.0000463 seconds, Stopping threads took: 0.0000042 seconds
2020-04-30T03:24:31.100+0700: 14563.148: Total time for which application threads were stopped: 0.0001095 seconds, Stopping threads took: 0.0000320 seconds
2020-04-30T03:24:35.691+0700: 14567.739: Total time for which application threads were stopped: 0.0001621 seconds, Stopping threads took: 0.0000235 seconds
2020-04-30T03:24:35.691+0700: 14567.739: Total time for which application threads were stopped: 0.0002107 seconds, Stopping threads took: 0.0000068 seconds
2020-04-30T03:24:35.691+0700: 14567.739: Total time for which application threads were stopped: 0.0000841 seconds, Stopping threads took: 0.0000239 seconds
2020-04-30T03:24:35.692+0700: 14567.739: Total time for which application threads were stopped: 0.0000532 seconds, Stopping threads took: 0.0000062 seconds
2020-04-30T03:24:39.956+0700: 14572.004: Total time for which application threads were stopped: 0.0001742 seconds, Stopping threads took: 0.0000231 seconds
2020-04-30T03:24:46.520+0700: 14578.568: Total time for which application threads were stopped: 0.0002060 seconds, Stopping threads took: 0.0000329 seconds
2020-04-30T03:24:46.521+0700: 14578.569: Total time for which application threads were stopped: 0.0001496 seconds, Stopping threads took: 0.0000269 seconds
2020-04-30T03:24:48.826+0700: 14580.873: Total time for which application threads were stopped: 0.0001578 seconds, Stopping threads took: 0.0000207 seconds
2020-04-30T03:24:48.826+0700: 14580.873: Total time for which application threads were stopped: 0.0000877 seconds, Stopping threads took: 0.0000101 seconds
2020-04-30T03:24:48.826+0700: 14580.874: Total time for which application threads were stopped: 0.0000833 seconds, Stopping threads took: 0.0000206 seconds
2020-04-30T03:24:48.826+0700: 14580.874: Total time for which application threads were stopped: 0.0000508 seconds, Stopping threads took: 0.0000044 seconds
2020-04-30T03:25:02.750+0700: 14594.797: Total time for which application threads were stopped: 0.0001313 seconds, Stopping threads took: 0.0000335 seconds
2020-04-30T03:25:06.305+0700: 14598.352: Total time for which application threads were stopped: 0.0003147 seconds, Stopping threads took: 0.0000224 seconds
2020-04-30T03:25:06.305+0700: 14598.352: Total time for which application threads were stopped: 0.0000727 seconds, Stopping threads took: 0.0000089 seconds
2020-04-30T03:25:06.305+0700: 14598.353: Total time for which application threads were stopped: 0.0000571 seconds, Stopping threads took: 0.0000070 seconds
2020-04-30T03:25:06.306+0700: 14598.353: Total time for which application threads were stopped: 0.0000435 seconds, Stopping threads took: 0.0000040 seconds
2020-04-30T03:25:10.495+0700: 14602.542: Total time for which application threads were stopped: 0.0001498 seconds, Stopping threads took: 0.0000209 seconds
2020-04-30T03:25:19.258+0700: 14611.305: Total time for which application threads were stopped: 0.0002386 seconds, Stopping threads took: 0.0000327 seconds
2020-04-30T03:25:23.306+0700: 14615.353: Total time for which application threads were stopped: 0.0001741 seconds, Stopping threads took: 0.0000222 seconds
2020-04-30T03:25:23.306+0700: 14615.353: Total time for which application threads were stopped: 0.0000734 seconds, Stopping threads took: 0.0000083 seconds
2020-04-30T03:25:23.306+0700: 14615.353: Total time for which application threads were stopped: 0.0002119 seconds, Stopping threads took: 0.0000077 seconds
2020-04-30T03:25:23.306+0700: 14615.353: Total time for which application threads were stopped: 0.0001461 seconds, Stopping threads took: 0.0000050 seconds
2020-04-30T03:25:24.369+0700: 14616.415: Total time for which application threads were stopped: 0.0001451 seconds, Stopping threads took: 0.0000218 seconds
2020-04-30T03:25:24.369+0700: 14616.415: Total time for which application threads were stopped: 0.0000600 seconds, Stopping threads took: 0.0000053 seconds
2020-04-30T03:25:35.259+0700: 14627.305: Total time for which application threads were stopped: 0.0001156 seconds, Stopping threads took: 0.0000338 seconds
2020-04-30T03:25:38.846+0700: 14630.893: Total time for which application threads were stopped: 0.0001759 seconds, Stopping threads took: 0.0000232 seconds
2020-04-30T03:25:38.847+0700: 14630.893: Total time for which application threads were stopped: 0.0000743 seconds, Stopping threads took: 0.0000084 seconds
2020-04-30T03:25:38.847+0700: 14630.893: Total time for which application threads were stopped: 0.0000711 seconds, Stopping threads took: 0.0000081 seconds
2020-04-30T03:25:38.847+0700: 14630.893: Total time for which application threads were stopped: 0.0000548 seconds, Stopping threads took: 0.0000050 seconds
2020-04-30T03:25:50.622+0700: 14642.668: Total time for which application threads were stopped: 0.0001539 seconds, Stopping threads took: 0.0000325 seconds
2020-04-30T03:25:50.622+0700: 14642.669: Total time for which application threads were stopped: 0.0000998 seconds, Stopping threads took: 0.0000070 seconds
2020-04-30T03:25:50.630+0700: 14642.676: Total time for which application threads were stopped: 0.0001111 seconds, Stopping threads took: 0.0000497 seconds
2020-04-30T03:25:58.834+0700: 14650.880: Total time for which application threads were stopped: 0.0001767 seconds, Stopping threads took: 0.0000212 seconds
2020-04-30T03:25:58.834+0700: 14650.880: Total time for which application threads were stopped: 0.0000790 seconds, Stopping threads took: 0.0000087 seconds
2020-04-30T03:25:58.834+0700: 14650.880: Total time for which application threads were stopped: 0.0000684 seconds, Stopping threads took: 0.0000087 seconds
2020-04-30T03:25:58.834+0700: 14650.880: Total time for which application threads were stopped: 0.0000726 seconds, Stopping threads took: 0.0000050 seconds
2020-04-30T03:26:07.686+0700: 14659.731: Total time for which application threads were stopped: 0.0001575 seconds, Stopping threads took: 0.0000344 seconds
2020-04-30T03:26:07.686+0700: 14659.731: Total time for which application threads were stopped: 0.0001000 seconds, Stopping threads took: 0.0000060 seconds
2020-04-30T03:26:07.694+0700: 14659.739: Total time for which application threads were stopped: 0.0001867 seconds, Stopping threads took: 0.0000293 seconds
2020-04-30T03:26:13.192+0700: 14665.238: Total time for which application threads were stopped: 0.0001554 seconds, Stopping threads took: 0.0000211 seconds
2020-04-30T03:26:13.192+0700: 14665.238: Total time for which application threads were stopped: 0.0000799 seconds, Stopping threads took: 0.0000080 seconds
2020-04-30T03:26:13.192+0700: 14665.238: Total time for which application threads were stopped: 0.0000688 seconds, Stopping threads took: 0.0000088 seconds
2020-04-30T03:26:13.192+0700: 14665.238: Total time for which application threads were stopped: 0.0000477 seconds, Stopping threads took: 0.0000043 seconds
2020-04-30T03:26:25.697+0700: 14677.742: Total time for which application threads were stopped: 0.0001879 seconds, Stopping threads took: 0.0000263 seconds
2020-04-30T03:26:25.697+0700: 14677.742: Total time for which application threads were stopped: 0.0000848 seconds, Stopping threads took: 0.0000189 seconds
2020-04-30T03:26:25.698+0700: 14677.743: Total time for which application threads were stopped: 0.0001070 seconds, Stopping threads took: 0.0000318 seconds
2020-04-30T03:26:31.862+0700: 14683.908: Total time for which application threads were stopped: 0.0001802 seconds, Stopping threads took: 0.0000219 seconds
2020-04-30T03:26:31.862+0700: 14683.908: Total time for which application threads were stopped: 0.0000808 seconds, Stopping threads took: 0.0000090 seconds
2020-04-30T03:26:31.863+0700: 14683.908: Total time for which application threads were stopped: 0.0000589 seconds, Stopping threads took: 0.0000073 seconds
2020-04-30T03:26:31.863+0700: 14683.908: Total time for which application threads were stopped: 0.0000465 seconds, Stopping threads took: 0.0000041 seconds
2020-04-30T03:26:45.549+0700: 14697.594: Total time for which application threads were stopped: 0.0001569 seconds, Stopping threads took: 0.0000441 seconds
2020-04-30T03:26:45.549+0700: 14697.594: Total time for which application threads were stopped: 0.0000883 seconds, Stopping threads took: 0.0000059 seconds
2020-04-30T03:26:45.550+0700: 14697.595: Total time for which application threads were stopped: 0.0000665 seconds, Stopping threads took: 0.0000109 seconds
2020-04-30T03:26:45.551+0700: 14697.595: Total time for which application threads were stopped: 0.0000842 seconds, Stopping threads took: 0.0000056 seconds
2020-04-30T03:26:45.551+0700: 14697.596: Total time for which application threads were stopped: 0.0000391 seconds, Stopping threads took: 0.0000053 seconds
2020-04-30T03:26:45.551+0700: 14697.596: Total time for which application threads were stopped: 0.0000795 seconds, Stopping threads took: 0.0000050 seconds
2020-04-30T03:26:45.551+0700: 14697.596: Total time for which application threads were stopped: 0.0001900 seconds, Stopping threads took: 0.0000070 seconds
2020-04-30T03:26:45.552+0700: 14697.597: Total time for which application threads were stopped: 0.0000892 seconds, Stopping threads took: 0.0000098 seconds
2020-04-30T03:26:45.561+0700: 14697.606: Total time for which application threads were stopped: 0.0000899 seconds, Stopping threads took: 0.0000285 seconds
2020-04-30T03:26:55.258+0700: 14707.303: Total time for which application threads were stopped: 0.0001655 seconds, Stopping threads took: 0.0000228 seconds
2020-04-30T03:26:55.258+0700: 14707.303: Total time for which application threads were stopped: 0.0000651 seconds, Stopping threads took: 0.0000073 seconds
2020-04-30T03:26:55.258+0700: 14707.303: Total time for which application threads were stopped: 0.0001463 seconds, Stopping threads took: 0.0000346 seconds
2020-04-30T03:26:55.259+0700: 14707.303: Total time for which application threads were stopped: 0.0000759 seconds, Stopping threads took: 0.0000120 seconds
2020-04-30T03:27:07.618+0700: 14719.662: Total time for which application threads were stopped: 0.0001669 seconds, Stopping threads took: 0.0000223 seconds
2020-04-30T03:27:07.618+0700: 14719.663: Total time for which application threads were stopped: 0.0000967 seconds, Stopping threads took: 0.0000103 seconds
2020-04-30T03:27:07.618+0700: 14719.663: Total time for which application threads were stopped: 0.0000662 seconds, Stopping threads took: 0.0000076 seconds
2020-04-30T03:27:07.618+0700: 14719.663: Total time for which application threads were stopped: 0.0000748 seconds, Stopping threads took: 0.0000080 seconds
2020-04-30T03:27:18.138+0700: 14730.183: Total time for which application threads were stopped: 0.0001042 seconds, Stopping threads took: 0.0000167 seconds
2020-04-30T03:27:18.138+0700: 14730.183: Total time for which application threads were stopped: 0.0000575 seconds, Stopping threads took: 0.0000093 seconds
2020-04-30T03:27:21.774+0700: 14733.818: Total time for which application threads were stopped: 0.0001590 seconds, Stopping threads took: 0.0000227 seconds
2020-04-30T03:27:21.774+0700: 14733.818: Total time for which application threads were stopped: 0.0000822 seconds, Stopping threads took: 0.0000078 seconds
2020-04-30T03:27:21.774+0700: 14733.818: Total time for which application threads were stopped: 0.0000706 seconds, Stopping threads took: 0.0000090 seconds
2020-04-30T03:27:21.774+0700: 14733.818: Total time for which application threads were stopped: 0.0000476 seconds, Stopping threads took: 0.0000042 seconds
2020-04-30T03:27:36.802+0700: 14748.846: Total time for which application threads were stopped: 0.0001475 seconds, Stopping threads took: 0.0000204 seconds
2020-04-30T03:27:36.802+0700: 14748.846: Total time for which application threads were stopped: 0.0000771 seconds, Stopping threads took: 0.0000080 seconds
2020-04-30T03:27:36.802+0700: 14748.846: Total time for which application threads were stopped: 0.0000526 seconds, Stopping threads took: 0.0000058 seconds
2020-04-30T03:27:36.802+0700: 14748.846: Total time for which application threads were stopped: 0.0000403 seconds, Stopping threads took: 0.0000035 seconds
{Heap before GC invocations=35 (full 0):
 garbage-first heap   total 524288K, used 374509K [0x00000007a0000000, 0x00000007a0101000, 0x00000007c0000000)
  region size 1024K, 307 young (314368K), 9 survivors (9216K)
 Metaspace       used 53938K, capacity 56214K, committed 56392K, reserved 1099776K
  class space    used 6217K, capacity 6670K, committed 6732K, reserved 1048576K
2020-04-30T03:27:43.351+0700: 14755.395: [GC pause (G1 Evacuation Pause) (young)
Desired survivor size 20447232 bytes, new threshold 15 (max 15)
- age   1:    2590376 bytes,    2590376 total
- age   2:      80432 bytes,    2670808 total
- age   3:     515840 bytes,    3186648 total
- age   4:     105152 bytes,    3291800 total
- age   5:     125408 bytes,    3417208 total
- age   6:      88872 bytes,    3506080 total
- age   7:    1799656 bytes,    5305736 total
- age   8:      31360 bytes,    5337096 total
- age   9:       4392 bytes,    5341488 total
- age  10:      39000 bytes,    5380488 total
- age  11:       8720 bytes,    5389208 total
- age  12:      10328 bytes,    5399536 total
- age  13:      16136 bytes,    5415672 total
- age  14:      22040 bytes,    5437712 total
- age  15:      18936 bytes,    5456648 total
, 0.0090012 secs]
   [Parallel Time: 3.4 ms, GC Workers: 8]
      [GC Worker Start (ms): Min: 14755394.7, Avg: 14755395.1, Max: 14755398.0, Diff: 3.2]
      [Ext Root Scanning (ms): Min: 0.0, Avg: 0.8, Max: 3.2, Diff: 3.2, Sum: 6.7]
      [Update RS (ms): Min: 0.0, Avg: 0.2, Max: 0.3, Diff: 0.3, Sum: 1.5]
         [Processed Buffers: Min: 0, Avg: 3.2, Max: 12, Diff: 12, Sum: 26]
      [Scan RS (ms): Min: 0.0, Avg: 0.0, Max: 0.1, Diff: 0.0, Sum: 0.2]
      [Code Root Scanning (ms): Min: 0.0, Avg: 0.1, Max: 0.2, Diff: 0.2, Sum: 0.6]
      [Object Copy (ms): Min: 0.0, Avg: 1.2, Max: 1.7, Diff: 1.7, Sum: 9.8]
      [Termination (ms): Min: 0.0, Avg: 0.5, Max: 0.7, Diff: 0.7, Sum: 4.1]
         [Termination Attempts: Min: 1, Avg: 1.1, Max: 2, Diff: 1, Sum: 9]
      [GC Worker Other (ms): Min: 0.0, Avg: 0.0, Max: 0.0, Diff: 0.0, Sum: 0.1]
      [GC Worker Total (ms): Min: 0.0, Avg: 2.9, Max: 3.3, Diff: 3.3, Sum: 23.0]
      [GC Worker End (ms): Min: 14755398.0, Avg: 14755398.0, Max: 14755398.1, Diff: 0.1]
   [Code Root Fixup: 0.0 ms]
   [Code Root Purge: 0.0 ms]
   [Clear CT: 0.1 ms]
   [Other: 5.5 ms]
      [Choose CSet: 0.0 ms]
      [Ref Proc: 5.1 ms]
      [Ref Enq: 0.1 ms]
      [Redirty Cards: 0.1 ms]
      [Humongous Register: 0.0 ms]
      [Humongous Reclaim: 0.0 ms]
      [Free CSet: 0.1 ms]
   [Eden: 298.0M(298.0M)->0.0B(293.0M) Survivors: 9216.0K->14.0M Heap: 365.7M(512.0M)->72.2M(512.0M)]
Heap after GC invocations=36 (full 0):
 garbage-first heap   total 524288K, used 73914K [0x00000007a0000000, 0x00000007a0101000, 0x00000007c0000000)
  region size 1024K, 14 young (14336K), 14 survivors (14336K)
 Metaspace       used 53938K, capacity 56214K, committed 56392K, reserved 1099776K
  class space    used 6217K, capacity 6670K, committed 6732K, reserved 1048576K
}
 [Times: user=0.04 sys=0.00, real=0.01 secs] 
2020-04-30T03:27:43.360+0700: 14755.404: Total time for which application threads were stopped: 0.0092864 seconds, Stopping threads took: 0.0000211 seconds
2020-04-30T03:27:53.680+0700: 14765.723: Total time for which application threads were stopped: 0.0001539 seconds, Stopping threads took: 0.0000224 seconds
2020-04-30T03:27:53.680+0700: 14765.723: Total time for which application threads were stopped: 0.0000789 seconds, Stopping threads took: 0.0000090 seconds
2020-04-30T03:27:53.680+0700: 14765.724: Total time for which application threads were stopped: 0.0000589 seconds, Stopping threads took: 0.0000073 seconds
2020-04-30T03:27:53.680+0700: 14765.724: Total time for which application threads were stopped: 0.0000455 seconds, Stopping threads took: 0.0000042 seconds
2020-04-30T03:28:08.707+0700: 14780.750: Total time for which application threads were stopped: 0.0001608 seconds, Stopping threads took: 0.0000218 seconds
2020-04-30T03:28:08.707+0700: 14780.751: Total time for which application threads were stopped: 0.0000760 seconds, Stopping threads took: 0.0000079 seconds
2020-04-30T03:28:08.708+0700: 14780.751: Total time for which application threads were stopped: 0.0000698 seconds, Stopping threads took: 0.0000146 seconds
2020-04-30T03:28:08.708+0700: 14780.751: Total time for which application threads were stopped: 0.0000684 seconds, Stopping threads took: 0.0000091 seconds
2020-04-30T03:28:22.842+0700: 14794.885: Total time for which application threads were stopped: 0.0001604 seconds, Stopping threads took: 0.0000331 seconds
2020-04-30T03:28:22.842+0700: 14794.885: Total time for which application threads were stopped: 0.0001008 seconds, Stopping threads took: 0.0000259 seconds
2020-04-30T03:28:28.310+0700: 14800.352: Total time for which application threads were stopped: 0.0001500 seconds, Stopping threads took: 0.0000203 seconds
2020-04-30T03:28:28.310+0700: 14800.352: Total time for which application threads were stopped: 0.0000792 seconds, Stopping threads took: 0.0000081 seconds
2020-04-30T03:28:28.310+0700: 14800.353: Total time for which application threads were stopped: 0.0000589 seconds, Stopping threads took: 0.0000073 seconds
2020-04-30T03:28:28.310+0700: 14800.353: Total time for which application threads were stopped: 0.0000459 seconds, Stopping threads took: 0.0000044 seconds
2020-04-30T03:28:49.636+0700: 14821.678: Total time for which application threads were stopped: 0.0001766 seconds, Stopping threads took: 0.0000242 seconds
2020-04-30T03:28:49.636+0700: 14821.679: Total time for which application threads were stopped: 0.0000814 seconds, Stopping threads took: 0.0000079 seconds
2020-04-30T03:28:49.636+0700: 14821.679: Total time for which application threads were stopped: 0.0000769 seconds, Stopping threads took: 0.0000103 seconds
2020-04-30T03:28:49.636+0700: 14821.679: Total time for which application threads were stopped: 0.0000501 seconds, Stopping threads took: 0.0000043 seconds
2020-04-30T03:28:58.097+0700: 14830.139: Total time for which application threads were stopped: 0.0001438 seconds, Stopping threads took: 0.0000234 seconds
2020-04-30T03:28:58.097+0700: 14830.139: Total time for which application threads were stopped: 0.0000826 seconds, Stopping threads took: 0.0000113 seconds
2020-04-30T03:28:58.107+0700: 14830.149: Total time for which application threads were stopped: 0.0001496 seconds, Stopping threads took: 0.0000667 seconds
2020-04-30T03:28:58.107+0700: 14830.149: Total time for which application threads were stopped: 0.0001084 seconds, Stopping threads took: 0.0000287 seconds
2020-04-30T03:28:58.107+0700: 14830.149: Total time for which application threads were stopped: 0.0001080 seconds, Stopping threads took: 0.0000347 seconds
2020-04-30T03:28:58.108+0700: 14830.150: Total time for which application threads were stopped: 0.0000627 seconds, Stopping threads took: 0.0000089 seconds
2020-04-30T03:28:58.139+0700: 14830.181: Total time for which application threads were stopped: 0.0000782 seconds, Stopping threads took: 0.0000141 seconds
2020-04-30T03:28:58.140+0700: 14830.182: Total time for which application threads were stopped: 0.0004252 seconds, Stopping threads took: 0.0000133 seconds
2020-04-30T03:28:58.215+0700: 14830.257: Total time for which application threads were stopped: 0.0000845 seconds, Stopping threads took: 0.0000147 seconds
2020-04-30T03:28:58.217+0700: 14830.259: Total time for which application threads were stopped: 0.0001057 seconds, Stopping threads took: 0.0000115 seconds
2020-04-30T03:29:02.456+0700: 14834.498: Total time for which application threads were stopped: 0.0001597 seconds, Stopping threads took: 0.0000216 seconds
2020-04-30T03:29:02.456+0700: 14834.498: Total time for which application threads were stopped: 0.0000803 seconds, Stopping threads took: 0.0000087 seconds
2020-04-30T03:29:02.456+0700: 14834.498: Total time for which application threads were stopped: 0.0000704 seconds, Stopping threads took: 0.0000087 seconds
2020-04-30T03:29:02.456+0700: 14834.498: Total time for which application threads were stopped: 0.0000483 seconds, Stopping threads took: 0.0000043 seconds
2020-04-30T03:29:16.442+0700: 14848.484: Total time for which application threads were stopped: 0.0001007 seconds, Stopping threads took: 0.0000191 seconds
2020-04-30T03:29:16.442+0700: 14848.484: Total time for which application threads were stopped: 0.0000512 seconds, Stopping threads took: 0.0000072 seconds
2020-04-30T03:29:16.442+0700: 14848.484: Total time for which application threads were stopped: 0.0000401 seconds, Stopping threads took: 0.0000056 seconds
2020-04-30T03:29:16.442+0700: 14848.484: Total time for which application threads were stopped: 0.0000359 seconds, Stopping threads took: 0.0000053 seconds
2020-04-30T03:29:16.442+0700: 14848.484: Total time for which application threads were stopped: 0.0000351 seconds, Stopping threads took: 0.0000053 seconds
2020-04-30T03:29:16.442+0700: 14848.484: Total time for which application threads were stopped: 0.0000348 seconds, Stopping threads took: 0.0000051 seconds
2020-04-30T03:29:16.442+0700: 14848.484: Total time for which application threads were stopped: 0.0000362 seconds, Stopping threads took: 0.0000055 seconds
2020-04-30T03:29:16.443+0700: 14848.484: Total time for which application threads were stopped: 0.0000346 seconds, Stopping threads took: 0.0000051 seconds
2020-04-30T03:29:16.443+0700: 14848.484: Total time for which application threads were stopped: 0.0000358 seconds, Stopping threads took: 0.0000051 seconds
2020-04-30T03:29:16.443+0700: 14848.484: Total time for which application threads were stopped: 0.0000355 seconds, Stopping threads took: 0.0000051 seconds
2020-04-30T03:29:16.443+0700: 14848.484: Total time for which application threads were stopped: 0.0000346 seconds, Stopping threads took: 0.0000054 seconds
2020-04-30T03:29:16.443+0700: 14848.485: Total time for which application threads were stopped: 0.0000348 seconds, Stopping threads took: 0.0000050 seconds
2020-04-30T03:29:16.443+0700: 14848.485: Total time for which application threads were stopped: 0.0000343 seconds, Stopping threads took: 0.0000051 seconds
2020-04-30T03:29:16.443+0700: 14848.485: Total time for which application threads were stopped: 0.0000370 seconds, Stopping threads took: 0.0000052 seconds
2020-04-30T03:29:16.443+0700: 14848.485: Total time for which application threads were stopped: 0.0001448 seconds, Stopping threads took: 0.0000051 seconds
2020-04-30T03:29:16.448+0700: 14848.490: Total time for which application threads were stopped: 0.0000857 seconds, Stopping threads took: 0.0000203 seconds
2020-04-30T03:29:16.450+0700: 14848.492: Total time for which application threads were stopped: 0.0001060 seconds, Stopping threads took: 0.0000182 seconds
2020-04-30T03:29:16.468+0700: 14848.510: Total time for which application threads were stopped: 0.0000861 seconds, Stopping threads took: 0.0000139 seconds
2020-04-30T03:29:20.608+0700: 14852.650: Total time for which application threads were stopped: 0.0001609 seconds, Stopping threads took: 0.0000222 seconds
2020-04-30T03:29:20.608+0700: 14852.650: Total time for which application threads were stopped: 0.0000618 seconds, Stopping threads took: 0.0000069 seconds
2020-04-30T03:29:20.609+0700: 14852.650: Total time for which application threads were stopped: 0.0000669 seconds, Stopping threads took: 0.0000093 seconds
2020-04-30T03:29:20.609+0700: 14852.650: Total time for which application threads were stopped: 0.0000476 seconds, Stopping threads took: 0.0000043 seconds
2020-04-30T03:29:31.662+0700: 14863.703: Total time for which application threads were stopped: 0.0000952 seconds, Stopping threads took: 0.0000161 seconds
2020-04-30T03:29:32.862+0700: 14864.904: Total time for which application threads were stopped: 0.0001590 seconds, Stopping threads took: 0.0000228 seconds
2020-04-30T03:29:32.862+0700: 14864.904: Total time for which application threads were stopped: 0.0000859 seconds, Stopping threads took: 0.0000101 seconds
2020-04-30T03:29:32.863+0700: 14864.904: Total time for which application threads were stopped: 0.0002103 seconds, Stopping threads took: 0.0000096 seconds
2020-04-30T03:29:32.863+0700: 14864.904: Total time for which application threads were stopped: 0.0001574 seconds, Stopping threads took: 0.0000048 seconds
2020-04-30T03:29:34.888+0700: 14866.929: Total time for which application threads were stopped: 0.0001362 seconds, Stopping threads took: 0.0000204 seconds
2020-04-30T03:29:34.888+0700: 14866.929: Total time for which application threads were stopped: 0.0000592 seconds, Stopping threads took: 0.0000048 seconds
2020-04-30T03:29:46.878+0700: 14878.919: Total time for which application threads were stopped: 0.0001470 seconds, Stopping threads took: 0.0000509 seconds
2020-04-30T03:29:53.430+0700: 14885.471: Total time for which application threads were stopped: 0.0001540 seconds, Stopping threads took: 0.0000214 seconds
2020-04-30T03:29:53.430+0700: 14885.471: Total time for which application threads were stopped: 0.0000583 seconds, Stopping threads took: 0.0000065 seconds
2020-04-30T03:29:53.430+0700: 14885.471: Total time for which application threads were stopped: 0.0000530 seconds, Stopping threads took: 0.0000061 seconds
2020-04-30T03:29:53.431+0700: 14885.472: Total time for which application threads were stopped: 0.0000428 seconds, Stopping threads took: 0.0000038 seconds
2020-04-30T03:30:03.049+0700: 14895.090: Total time for which application threads were stopped: 0.0002213 seconds, Stopping threads took: 0.0000190 seconds
2020-04-30T03:30:03.050+0700: 14895.091: Total time for which application threads were stopped: 0.0000719 seconds, Stopping threads took: 0.0000111 seconds
2020-04-30T03:30:05.784+0700: 14897.825: Total time for which application threads were stopped: 0.0001651 seconds, Stopping threads took: 0.0000218 seconds
2020-04-30T03:30:05.784+0700: 14897.825: Total time for which application threads were stopped: 0.0000899 seconds, Stopping threads took: 0.0000084 seconds
2020-04-30T03:30:05.784+0700: 14897.825: Total time for which application threads were stopped: 0.0000617 seconds, Stopping threads took: 0.0000071 seconds
2020-04-30T03:30:05.784+0700: 14897.825: Total time for which application threads were stopped: 0.0000480 seconds, Stopping threads took: 0.0000043 seconds
2020-04-30T03:30:19.899+0700: 14911.939: Total time for which application threads were stopped: 0.0001130 seconds, Stopping threads took: 0.0000336 seconds
2020-04-30T03:30:23.997+0700: 14916.037: Total time for which application threads were stopped: 0.0001532 seconds, Stopping threads took: 0.0000227 seconds
2020-04-30T03:30:23.997+0700: 14916.038: Total time for which application threads were stopped: 0.0002354 seconds, Stopping threads took: 0.0000089 seconds
2020-04-30T03:30:23.997+0700: 14916.038: Total time for which application threads were stopped: 0.0000711 seconds, Stopping threads took: 0.0000085 seconds
2020-04-30T03:30:23.997+0700: 14916.038: Total time for which application threads were stopped: 0.0000480 seconds, Stopping threads took: 0.0000049 seconds
2020-04-30T03:30:27.124+0700: 14919.164: Total time for which application threads were stopped: 0.0001550 seconds, Stopping threads took: 0.0000220 seconds
2020-04-30T03:30:36.875+0700: 14928.915: Total time for which application threads were stopped: 0.0001152 seconds, Stopping threads took: 0.0000316 seconds
2020-04-30T03:30:41.715+0700: 14933.755: Total time for which application threads were stopped: 0.0001610 seconds, Stopping threads took: 0.0000203 seconds
2020-04-30T03:30:41.715+0700: 14933.755: Total time for which application threads were stopped: 0.0000803 seconds, Stopping threads took: 0.0000089 seconds
2020-04-30T03:30:41.715+0700: 14933.755: Total time for which application threads were stopped: 0.0000603 seconds, Stopping threads took: 0.0000072 seconds
2020-04-30T03:30:41.715+0700: 14933.755: Total time for which application threads were stopped: 0.0000622 seconds, Stopping threads took: 0.0000069 seconds
2020-04-30T03:30:54.548+0700: 14946.588: Total time for which application threads were stopped: 0.0001833 seconds, Stopping threads took: 0.0000333 seconds
2020-04-30T03:30:56.875+0700: 14948.915: Total time for which application threads were stopped: 0.0003297 seconds, Stopping threads took: 0.0000229 seconds
2020-04-30T03:30:56.875+0700: 14948.915: Total time for which application threads were stopped: 0.0000780 seconds, Stopping threads took: 0.0000088 seconds
2020-04-30T03:30:56.875+0700: 14948.915: Total time for which application threads were stopped: 0.0000722 seconds, Stopping threads took: 0.0000091 seconds
2020-04-30T03:30:56.875+0700: 14948.915: Total time for which application threads were stopped: 0.0000499 seconds, Stopping threads took: 0.0000045 seconds
2020-04-30T03:31:04.274+0700: 14956.313: Total time for which application threads were stopped: 0.0001679 seconds, Stopping threads took: 0.0000229 seconds
2020-04-30T03:31:10.171+0700: 14962.210: Total time for which application threads were stopped: 0.0001105 seconds, Stopping threads took: 0.0000318 seconds
2020-04-30T03:31:22.065+0700: 14974.104: Total time for which application threads were stopped: 0.0001662 seconds, Stopping threads took: 0.0000239 seconds
2020-04-30T03:31:22.065+0700: 14974.104: Total time for which application threads were stopped: 0.0000647 seconds, Stopping threads took: 0.0000069 seconds
2020-04-30T03:31:22.065+0700: 14974.104: Total time for which application threads were stopped: 0.0000596 seconds, Stopping threads took: 0.0000068 seconds
2020-04-30T03:31:22.065+0700: 14974.104: Total time for which application threads were stopped: 0.0000463 seconds, Stopping threads took: 0.0000042 seconds
2020-04-30T03:31:33.262+0700: 14985.301: Total time for which application threads were stopped: 0.0001836 seconds, Stopping threads took: 0.0000556 seconds
2020-04-30T03:31:33.263+0700: 14985.301: Total time for which application threads were stopped: 0.0001032 seconds, Stopping threads took: 0.0000263 seconds
2020-04-30T03:31:33.270+0700: 14985.309: Total time for which application threads were stopped: 0.0001655 seconds, Stopping threads took: 0.0000622 seconds
2020-04-30T03:31:33.270+0700: 14985.309: Total time for which application threads were stopped: 0.0001029 seconds, Stopping threads took: 0.0000348 seconds
2020-04-30T03:31:33.271+0700: 14985.310: Total time for which application threads were stopped: 0.0001341 seconds, Stopping threads took: 0.0000452 seconds
2020-04-30T03:31:33.272+0700: 14985.311: Total time for which application threads were stopped: 0.0001512 seconds, Stopping threads took: 0.0000793 seconds
2020-04-30T03:31:33.385+0700: 14985.423: Total time for which application threads were stopped: 0.0000992 seconds, Stopping threads took: 0.0000185 seconds
2020-04-30T03:31:39.468+0700: 14991.506: Total time for which application threads were stopped: 0.0001652 seconds, Stopping threads took: 0.0000214 seconds
2020-04-30T03:31:39.468+0700: 14991.507: Total time for which application threads were stopped: 0.0000858 seconds, Stopping threads took: 0.0000090 seconds
2020-04-30T03:31:39.468+0700: 14991.507: Total time for which application threads were stopped: 0.0000736 seconds, Stopping threads took: 0.0000104 seconds
2020-04-30T03:31:39.468+0700: 14991.507: Total time for which application threads were stopped: 0.0000835 seconds, Stopping threads took: 0.0000045 seconds
2020-04-30T03:31:53.023+0700: 15005.061: Total time for which application threads were stopped: 0.0001168 seconds, Stopping threads took: 0.0000342 seconds
2020-04-30T03:31:53.023+0700: 15005.062: Total time for which application threads were stopped: 0.0000826 seconds, Stopping threads took: 0.0000254 seconds
2020-04-30T03:31:53.023+0700: 15005.062: Total time for which application threads were stopped: 0.0000558 seconds, Stopping threads took: 0.0000056 seconds
2020-04-30T03:31:53.023+0700: 15005.062: Total time for which application threads were stopped: 0.0000875 seconds, Stopping threads took: 0.0000213 seconds
2020-04-30T03:31:53.023+0700: 15005.062: Total time for which application threads were stopped: 0.0000875 seconds, Stopping threads took: 0.0000217 seconds
2020-04-30T03:31:53.024+0700: 15005.062: Total time for which application threads were stopped: 0.0000510 seconds, Stopping threads took: 0.0000050 seconds
2020-04-30T03:31:53.024+0700: 15005.062: Total time for which application threads were stopped: 0.0000934 seconds, Stopping threads took: 0.0000249 seconds
2020-04-30T03:31:53.024+0700: 15005.062: Total time for which application threads were stopped: 0.0000521 seconds, Stopping threads took: 0.0000052 seconds
2020-04-30T03:31:53.024+0700: 15005.062: Total time for which application threads were stopped: 0.0000713 seconds, Stopping threads took: 0.0000215 seconds
2020-04-30T03:31:53.024+0700: 15005.062: Total time for which application threads were stopped: 0.0000502 seconds, Stopping threads took: 0.0000081 seconds
2020-04-30T03:31:53.024+0700: 15005.063: Total time for which application threads were stopped: 0.0000378 seconds, Stopping threads took: 0.0000053 seconds
2020-04-30T03:31:53.024+0700: 15005.063: Total time for which application threads were stopped: 0.0000362 seconds, Stopping threads took: 0.0000052 seconds
2020-04-30T03:31:53.024+0700: 15005.063: Total time for which application threads were stopped: 0.0000346 seconds, Stopping threads took: 0.0000050 seconds
2020-04-30T03:31:53.024+0700: 15005.063: Total time for which application threads were stopped: 0.0000387 seconds, Stopping threads took: 0.0000053 seconds
2020-04-30T03:31:53.024+0700: 15005.063: Total time for which application threads were stopped: 0.0000351 seconds, Stopping threads took: 0.0000051 seconds
2020-04-30T03:31:53.027+0700: 15005.065: Total time for which application threads were stopped: 0.0001106 seconds, Stopping threads took: 0.0000140 seconds
2020-04-30T03:31:53.031+0700: 15005.070: Total time for which application threads were stopped: 0.0001273 seconds, Stopping threads took: 0.0000303 seconds
2020-04-30T03:31:53.040+0700: 15005.078: Total time for which application threads were stopped: 0.0000900 seconds, Stopping threads took: 0.0000164 seconds
2020-04-30T03:31:53.053+0700: 15005.091: Total time for which application threads were stopped: 0.0001064 seconds, Stopping threads took: 0.0000313 seconds
2020-04-30T03:31:55.812+0700: 15007.851: Total time for which application threads were stopped: 0.0001606 seconds, Stopping threads took: 0.0000210 seconds
2020-04-30T03:31:55.813+0700: 15007.851: Total time for which application threads were stopped: 0.0000797 seconds, Stopping threads took: 0.0000087 seconds
2020-04-30T03:31:55.813+0700: 15007.851: Total time for which application threads were stopped: 0.0000606 seconds, Stopping threads took: 0.0000072 seconds
2020-04-30T03:31:55.813+0700: 15007.851: Total time for which application threads were stopped: 0.0000455 seconds, Stopping threads took: 0.0000041 seconds
2020-04-30T03:32:09.545+0700: 15021.583: Total time for which application threads were stopped: 0.0002008 seconds, Stopping threads took: 0.0000329 seconds
2020-04-30T03:32:17.732+0700: 15029.770: Total time for which application threads were stopped: 0.0001501 seconds, Stopping threads took: 0.0000208 seconds
2020-04-30T03:32:17.732+0700: 15029.770: Total time for which application threads were stopped: 0.0000808 seconds, Stopping threads took: 0.0000097 seconds
2020-04-30T03:32:17.732+0700: 15029.770: Total time for which application threads were stopped: 0.0000611 seconds, Stopping threads took: 0.0000072 seconds
2020-04-30T03:32:17.732+0700: 15029.770: Total time for which application threads were stopped: 0.0000460 seconds, Stopping threads took: 0.0000043 seconds
2020-04-30T03:32:31.439+0700: 15043.477: Total time for which application threads were stopped: 0.0001926 seconds, Stopping threads took: 0.0000527 seconds
2020-04-30T03:32:31.439+0700: 15043.477: Total time for which application threads were stopped: 0.0000993 seconds, Stopping threads took: 0.0000232 seconds
2020-04-30T03:32:31.445+0700: 15043.483: Total time for which application threads were stopped: 0.0001340 seconds, Stopping threads took: 0.0000136 seconds
2020-04-30T03:32:36.715+0700: 15048.753: Total time for which application threads were stopped: 0.0001634 seconds, Stopping threads took: 0.0000240 seconds
2020-04-30T03:32:36.715+0700: 15048.753: Total time for which application threads were stopped: 0.0000711 seconds, Stopping threads took: 0.0000089 seconds
2020-04-30T03:32:36.715+0700: 15048.753: Total time for which application threads were stopped: 0.0000698 seconds, Stopping threads took: 0.0000087 seconds
2020-04-30T03:32:36.716+0700: 15048.753: Total time for which application threads were stopped: 0.0000489 seconds, Stopping threads took: 0.0000044 seconds
2020-04-30T03:32:48.279+0700: 15060.316: Total time for which application threads were stopped: 0.0001117 seconds, Stopping threads took: 0.0000319 seconds
2020-04-30T03:32:52.141+0700: 15064.178: Total time for which application threads were stopped: 0.0001562 seconds, Stopping threads took: 0.0000214 seconds
2020-04-30T03:32:52.141+0700: 15064.178: Total time for which application threads were stopped: 0.0000819 seconds, Stopping threads took: 0.0000085 seconds
2020-04-30T03:32:52.141+0700: 15064.178: Total time for which application threads were stopped: 0.0000705 seconds, Stopping threads took: 0.0000096 seconds
2020-04-30T03:32:52.141+0700: 15064.179: Total time for which application threads were stopped: 0.0000494 seconds, Stopping threads took: 0.0000044 seconds
2020-04-30T03:33:04.537+0700: 15076.574: Total time for which application threads were stopped: 0.0000988 seconds, Stopping threads took: 0.0000167 seconds
2020-04-30T03:33:13.062+0700: 15085.098: Total time for which application threads were stopped: 0.0001660 seconds, Stopping threads took: 0.0000226 seconds
2020-04-30T03:33:13.062+0700: 15085.099: Total time for which application threads were stopped: 0.0000655 seconds, Stopping threads took: 0.0000072 seconds
2020-04-30T03:33:13.062+0700: 15085.099: Total time for which application threads were stopped: 0.0000608 seconds, Stopping threads took: 0.0000066 seconds
2020-04-30T03:33:13.062+0700: 15085.099: Total time for which application threads were stopped: 0.0000469 seconds, Stopping threads took: 0.0000043 seconds
2020-04-30T03:33:20.085+0700: 15092.122: Total time for which application threads were stopped: 0.0001736 seconds, Stopping threads took: 0.0000550 seconds
2020-04-30T03:33:20.085+0700: 15092.122: Total time for which application threads were stopped: 0.0000962 seconds, Stopping threads took: 0.0000251 seconds
2020-04-30T03:33:20.093+0700: 15092.130: Total time for which application threads were stopped: 0.0000909 seconds, Stopping threads took: 0.0000289 seconds
2020-04-30T03:33:37.159+0700: 15109.195: Total time for which application threads were stopped: 0.0001630 seconds, Stopping threads took: 0.0000213 seconds
2020-04-30T03:33:37.159+0700: 15109.195: Total time for which application threads were stopped: 0.0000952 seconds, Stopping threads took: 0.0000128 seconds
2020-04-30T03:33:37.159+0700: 15109.195: Total time for which application threads were stopped: 0.0000681 seconds, Stopping threads took: 0.0000080 seconds
2020-04-30T03:33:37.159+0700: 15109.195: Total time for which application threads were stopped: 0.0000509 seconds, Stopping threads took: 0.0000043 seconds
2020-04-30T03:33:42.851+0700: 15114.887: Total time for which application threads were stopped: 0.0001496 seconds, Stopping threads took: 0.0000326 seconds
2020-04-30T03:33:46.819+0700: 15118.855: Total time for which application threads were stopped: 0.0001561 seconds, Stopping threads took: 0.0000197 seconds
2020-04-30T03:33:46.819+0700: 15118.855: Total time for which application threads were stopped: 0.0000732 seconds, Stopping threads took: 0.0000082 seconds
2020-04-30T03:33:46.820+0700: 15118.856: Total time for which application threads were stopped: 0.0000553 seconds, Stopping threads took: 0.0000069 seconds
2020-04-30T03:33:46.820+0700: 15118.856: Total time for which application threads were stopped: 0.0000411 seconds, Stopping threads took: 0.0000036 seconds
2020-04-30T03:33:59.324+0700: 15131.360: Total time for which application threads were stopped: 0.0001086 seconds, Stopping threads took: 0.0000325 seconds
2020-04-30T03:34:09.258+0700: 15141.294: Total time for which application threads were stopped: 0.0001533 seconds, Stopping threads took: 0.0000216 seconds
2020-04-30T03:34:09.258+0700: 15141.294: Total time for which application threads were stopped: 0.0000923 seconds, Stopping threads took: 0.0000106 seconds
2020-04-30T03:34:09.259+0700: 15141.294: Total time for which application threads were stopped: 0.0000604 seconds, Stopping threads took: 0.0000069 seconds
2020-04-30T03:34:09.259+0700: 15141.294: Total time for which application threads were stopped: 0.0000446 seconds, Stopping threads took: 0.0000039 seconds
2020-04-30T03:34:21.586+0700: 15153.620: Total time for which application threads were stopped: 0.0001263 seconds, Stopping threads took: 0.0000197 seconds
2020-04-30T03:34:21.586+0700: 15153.620: Total time for which application threads were stopped: 0.0001184 seconds, Stopping threads took: 0.0000253 seconds
2020-04-30T03:34:21.594+0700: 15153.628: Total time for which application threads were stopped: 0.0001233 seconds, Stopping threads took: 0.0000317 seconds
2020-04-30T03:34:21.594+0700: 15153.628: Total time for which application threads were stopped: 0.0001629 seconds, Stopping threads took: 0.0000727 seconds
2020-04-30T03:34:21.595+0700: 15153.629: Total time for which application threads were stopped: 0.0001242 seconds, Stopping threads took: 0.0000321 seconds
2020-04-30T03:34:22.597+0700: 15154.630: Total time for which application threads were stopped: 0.0001876 seconds, Stopping threads took: 0.0000539 seconds
2020-04-30T03:34:29.029+0700: 15161.060: Total time for which application threads were stopped: 0.0001528 seconds, Stopping threads took: 0.0000211 seconds
2020-04-30T03:34:29.029+0700: 15161.060: Total time for which application threads were stopped: 0.0000804 seconds, Stopping threads took: 0.0000090 seconds
2020-04-30T03:34:29.029+0700: 15161.060: Total time for which application threads were stopped: 0.0000699 seconds, Stopping threads took: 0.0000093 seconds
2020-04-30T03:34:29.029+0700: 15161.060: Total time for which application threads were stopped: 0.0000477 seconds, Stopping threads took: 0.0000043 seconds
2020-04-30T03:34:43.072+0700: 15175.099: Total time for which application threads were stopped: 0.0001137 seconds, Stopping threads took: 0.0000348 seconds
2020-04-30T03:34:43.072+0700: 15175.099: Total time for which application threads were stopped: 0.0000984 seconds, Stopping threads took: 0.0000225 seconds
2020-04-30T03:34:43.072+0700: 15175.100: Total time for which application threads were stopped: 0.0000742 seconds, Stopping threads took: 0.0000056 seconds
2020-04-30T03:34:43.072+0700: 15175.100: Total time for which application threads were stopped: 0.0000856 seconds, Stopping threads took: 0.0000050 seconds
2020-04-30T03:34:43.072+0700: 15175.100: Total time for which application threads were stopped: 0.0002121 seconds, Stopping threads took: 0.0000239 seconds
2020-04-30T03:34:43.074+0700: 15175.101: Total time for which application threads were stopped: 0.0001081 seconds, Stopping threads took: 0.0000262 seconds
2020-04-30T03:34:43.076+0700: 15175.104: Total time for which application threads were stopped: 0.0000952 seconds, Stopping threads took: 0.0000266 seconds
2020-04-30T03:34:43.096+0700: 15175.123: Total time for which application threads were stopped: 0.0000812 seconds, Stopping threads took: 0.0000141 seconds
2020-04-30T03:34:52.636+0700: 15184.662: Total time for which application threads were stopped: 0.0001619 seconds, Stopping threads took: 0.0000222 seconds
2020-04-30T03:34:52.636+0700: 15184.662: Total time for which application threads were stopped: 0.0000609 seconds, Stopping threads took: 0.0000072 seconds
2020-04-30T03:34:52.636+0700: 15184.663: Total time for which application threads were stopped: 0.0001906 seconds, Stopping threads took: 0.0000087 seconds
2020-04-30T03:34:52.636+0700: 15184.663: Total time for which application threads were stopped: 0.0001235 seconds, Stopping threads took: 0.0000042 seconds
2020-04-30T03:34:53.638+0700: 15185.665: Total time for which application threads were stopped: 0.0001883 seconds, Stopping threads took: 0.0000410 seconds
2020-04-30T03:34:53.672+0700: 15185.698: Total time for which application threads were stopped: 0.0001192 seconds, Stopping threads took: 0.0000173 seconds
2020-04-30T03:34:53.672+0700: 15185.698: Total time for which application threads were stopped: 0.0000602 seconds, Stopping threads took: 0.0000058 seconds
2020-04-30T03:35:04.067+0700: 15196.092: Total time for which application threads were stopped: 0.0001924 seconds, Stopping threads took: 0.0000165 seconds
2020-04-30T03:35:17.449+0700: 15209.474: Total time for which application threads were stopped: 0.0001669 seconds, Stopping threads took: 0.0000229 seconds
2020-04-30T03:35:17.449+0700: 15209.474: Total time for which application threads were stopped: 0.0000782 seconds, Stopping threads took: 0.0000085 seconds
2020-04-30T03:35:17.450+0700: 15209.474: Total time for which application threads were stopped: 0.0000833 seconds, Stopping threads took: 0.0000105 seconds
2020-04-30T03:35:17.450+0700: 15209.475: Total time for which application threads were stopped: 0.0000575 seconds, Stopping threads took: 0.0000051 seconds
2020-04-30T03:35:28.723+0700: 15220.747: Total time for which application threads were stopped: 0.0001311 seconds, Stopping threads took: 0.0000346 seconds
2020-04-30T03:35:28.723+0700: 15220.747: Total time for which application threads were stopped: 0.0000971 seconds, Stopping threads took: 0.0000206 seconds
{Heap before GC invocations=36 (full 0):
 garbage-first heap   total 524288K, used 373946K [0x00000007a0000000, 0x00000007a0101000, 0x00000007c0000000)
  region size 1024K, 307 young (314368K), 14 survivors (14336K)
 Metaspace       used 53940K, capacity 56214K, committed 56392K, reserved 1099776K
  class space    used 6217K, capacity 6670K, committed 6732K, reserved 1048576K
2020-04-30T03:35:28.724+0700: 15220.749: [GC pause (G1 Evacuation Pause) (young)
Desired survivor size 20447232 bytes, new threshold 15 (max 15)
- age   1:    5730720 bytes,    5730720 total
- age   2:      47792 bytes,    5778512 total
- age   3:      51328 bytes,    5829840 total
- age   4:      65344 bytes,    5895184 total
- age   5:      79568 bytes,    5974752 total
- age   6:      76472 bytes,    6051224 total
- age   7:      64600 bytes,    6115824 total
- age   8:    1766152 bytes,    7881976 total
- age   9:      31360 bytes,    7913336 total
- age  10:       4392 bytes,    7917728 total
- age  11:      38960 bytes,    7956688 total
- age  12:       8720 bytes,    7965408 total
- age  13:      10328 bytes,    7975736 total
- age  14:      16136 bytes,    7991872 total
- age  15:      22040 bytes,    8013912 total
, 0.0043820 secs]
   [Parallel Time: 2.5 ms, GC Workers: 8]
      [GC Worker Start (ms): Min: 15220748.7, Avg: 15220748.8, Max: 15220748.8, Diff: 0.1]
      [Ext Root Scanning (ms): Min: 0.2, Avg: 0.4, Max: 1.0, Diff: 0.8, Sum: 3.3]
      [Update RS (ms): Min: 0.0, Avg: 0.2, Max: 0.4, Diff: 0.4, Sum: 1.2]
         [Processed Buffers: Min: 0, Avg: 2.9, Max: 9, Diff: 9, Sum: 23]
      [Scan RS (ms): Min: 0.0, Avg: 0.0, Max: 0.0, Diff: 0.0, Sum: 0.2]
      [Code Root Scanning (ms): Min: 0.0, Avg: 0.3, Max: 1.7, Diff: 1.7, Sum: 2.2]
      [Object Copy (ms): Min: 0.1, Avg: 1.0, Max: 1.3, Diff: 1.2, Sum: 8.0]
      [Termination (ms): Min: 0.0, Avg: 0.4, Max: 0.6, Diff: 0.6, Sum: 3.6]
         [Termination Attempts: Min: 1, Avg: 1.0, Max: 1, Diff: 0, Sum: 8]
      [GC Worker Other (ms): Min: 0.0, Avg: 0.0, Max: 0.0, Diff: 0.0, Sum: 0.1]
      [GC Worker Total (ms): Min: 2.2, Avg: 2.3, Max: 2.4, Diff: 0.1, Sum: 18.6]
      [GC Worker End (ms): Min: 15220751.1, Avg: 15220751.1, Max: 15220751.2, Diff: 0.1]
   [Code Root Fixup: 0.0 ms]
   [Code Root Purge: 0.0 ms]
   [Clear CT: 0.1 ms]
   [Other: 1.8 ms]
      [Choose CSet: 0.0 ms]
      [Ref Proc: 1.4 ms]
      [Ref Enq: 0.1 ms]
      [Redirty Cards: 0.1 ms]
      [Humongous Register: 0.0 ms]
      [Humongous Reclaim: 0.0 ms]
      [Free CSet: 0.1 ms]
   [Eden: 293.0M(293.0M)->0.0B(297.0M) Survivors: 14.0M->10.0M Heap: 365.2M(512.0M)->68.8M(512.0M)]
Heap after GC invocations=37 (full 0):
 garbage-first heap   total 524288K, used 70463K [0x00000007a0000000, 0x00000007a0101000, 0x00000007c0000000)
  region size 1024K, 10 young (10240K), 10 survivors (10240K)
 Metaspace       used 53940K, capacity 56214K, committed 56392K, reserved 1099776K
  class space    used 6217K, capacity 6670K, committed 6732K, reserved 1048576K
}
 [Times: user=0.02 sys=0.00, real=0.00 secs] 
2020-04-30T03:35:28.729+0700: 15220.753: Total time for which application threads were stopped: 0.0045842 seconds, Stopping threads took: 0.0000259 seconds
2020-04-30T03:35:38.724+0700: 15230.748: Total time for which application threads were stopped: 0.0001536 seconds, Stopping threads took: 0.0000218 seconds
2020-04-30T03:35:38.724+0700: 15230.749: Total time for which application threads were stopped: 0.0000825 seconds, Stopping threads took: 0.0000091 seconds
2020-04-30T03:35:38.724+0700: 15230.749: Total time for which application threads were stopped: 0.0000583 seconds, Stopping threads took: 0.0000068 seconds
2020-04-30T03:35:38.724+0700: 15230.749: Total time for which application threads were stopped: 0.0000455 seconds, Stopping threads took: 0.0000041 seconds
2020-04-30T03:35:52.459+0700: 15244.483: Total time for which application threads were stopped: 0.0001088 seconds, Stopping threads took: 0.0000164 seconds
2020-04-30T03:35:52.459+0700: 15244.483: Total time for which application threads were stopped: 0.0000520 seconds, Stopping threads took: 0.0000066 seconds
2020-04-30T03:35:55.778+0700: 15247.802: Total time for which application threads were stopped: 0.0001549 seconds, Stopping threads took: 0.0000212 seconds
2020-04-30T03:35:55.778+0700: 15247.802: Total time for which application threads were stopped: 0.0000807 seconds, Stopping threads took: 0.0000092 seconds
2020-04-30T03:35:55.778+0700: 15247.802: Total time for which application threads were stopped: 0.0000576 seconds, Stopping threads took: 0.0000068 seconds
2020-04-30T03:35:55.778+0700: 15247.802: Total time for which application threads were stopped: 0.0000450 seconds, Stopping threads took: 0.0000040 seconds
2020-04-30T03:36:09.093+0700: 15261.117: Total time for which application threads were stopped: 0.0002210 seconds, Stopping threads took: 0.0000171 seconds
2020-04-30T03:36:10.872+0700: 15262.895: Total time for which application threads were stopped: 0.0001661 seconds, Stopping threads took: 0.0000236 seconds
2020-04-30T03:36:10.872+0700: 15262.896: Total time for which application threads were stopped: 0.0000804 seconds, Stopping threads took: 0.0000084 seconds
2020-04-30T03:36:10.872+0700: 15262.896: Total time for which application threads were stopped: 0.0000838 seconds, Stopping threads took: 0.0000089 seconds
2020-04-30T03:36:10.872+0700: 15262.896: Total time for which application threads were stopped: 0.0000505 seconds, Stopping threads took: 0.0000044 seconds
2020-04-30T03:36:33.759+0700: 15285.782: Total time for which application threads were stopped: 0.0001524 seconds, Stopping threads took: 0.0000207 seconds
2020-04-30T03:36:33.759+0700: 15285.782: Total time for which application threads were stopped: 0.0000744 seconds, Stopping threads took: 0.0000082 seconds
2020-04-30T03:36:33.759+0700: 15285.782: Total time for which application threads were stopped: 0.0000568 seconds, Stopping threads took: 0.0000067 seconds
2020-04-30T03:36:33.759+0700: 15285.782: Total time for which application threads were stopped: 0.0000435 seconds, Stopping threads took: 0.0000039 seconds
2020-04-30T03:36:45.988+0700: 15298.011: Total time for which application threads were stopped: 0.0001936 seconds, Stopping threads took: 0.0000289 seconds
2020-04-30T03:36:45.988+0700: 15298.011: Total time for which application threads were stopped: 0.0001739 seconds, Stopping threads took: 0.0000223 seconds
2020-04-30T03:36:48.697+0700: 15300.720: Total time for which application threads were stopped: 0.0001530 seconds, Stopping threads took: 0.0000195 seconds
2020-04-30T03:36:48.697+0700: 15300.720: Total time for which application threads were stopped: 0.0000766 seconds, Stopping threads took: 0.0000083 seconds
2020-04-30T03:36:48.698+0700: 15300.720: Total time for which application threads were stopped: 0.0000566 seconds, Stopping threads took: 0.0000072 seconds
2020-04-30T03:36:48.698+0700: 15300.720: Total time for which application threads were stopped: 0.0000429 seconds, Stopping threads took: 0.0000039 seconds
2020-04-30T03:37:03.516+0700: 15315.538: Total time for which application threads were stopped: 0.0001863 seconds, Stopping threads took: 0.0000205 seconds
2020-04-30T03:37:03.516+0700: 15315.539: Total time for which application threads were stopped: 0.0002281 seconds, Stopping threads took: 0.0000095 seconds
2020-04-30T03:37:03.516+0700: 15315.539: Total time for which application threads were stopped: 0.0000706 seconds, Stopping threads took: 0.0000097 seconds
2020-04-30T03:37:03.517+0700: 15315.539: Total time for which application threads were stopped: 0.0000479 seconds, Stopping threads took: 0.0000042 seconds
2020-04-30T03:37:08.422+0700: 15320.445: Total time for which application threads were stopped: 0.0001601 seconds, Stopping threads took: 0.0000211 seconds
2020-04-30T03:37:16.759+0700: 15328.781: Total time for which application threads were stopped: 0.0001493 seconds, Stopping threads took: 0.0000379 seconds
2020-04-30T03:37:16.759+0700: 15328.781: Total time for which application threads were stopped: 0.0001006 seconds, Stopping threads took: 0.0000247 seconds
2020-04-30T03:37:16.767+0700: 15328.789: Total time for which application threads were stopped: 0.0001088 seconds, Stopping threads took: 0.0000132 seconds
2020-04-30T03:37:16.767+0700: 15328.790: Total time for which application threads were stopped: 0.0001019 seconds, Stopping threads took: 0.0000099 seconds
2020-04-30T03:37:16.768+0700: 15328.790: Total time for which application threads were stopped: 0.0001259 seconds, Stopping threads took: 0.0000418 seconds
2020-04-30T03:37:16.768+0700: 15328.791: Total time for which application threads were stopped: 0.0002060 seconds, Stopping threads took: 0.0001254 seconds
2020-04-30T03:37:16.769+0700: 15328.791: Total time for which application threads were stopped: 0.0000986 seconds, Stopping threads took: 0.0000117 seconds
2020-04-30T03:37:16.808+0700: 15328.830: Total time for which application threads were stopped: 0.0001506 seconds, Stopping threads took: 0.0000308 seconds
2020-04-30T03:37:16.808+0700: 15328.831: Total time for which application threads were stopped: 0.0000750 seconds, Stopping threads took: 0.0000124 seconds
2020-04-30T03:37:16.901+0700: 15328.923: Total time for which application threads were stopped: 0.0000935 seconds, Stopping threads took: 0.0000161 seconds
2020-04-30T03:37:16.903+0700: 15328.925: Total time for which application threads were stopped: 0.0000740 seconds, Stopping threads took: 0.0000123 seconds
2020-04-30T03:37:21.577+0700: 15333.599: Total time for which application threads were stopped: 0.0003000 seconds, Stopping threads took: 0.0000195 seconds
2020-04-30T03:37:21.577+0700: 15333.599: Total time for which application threads were stopped: 0.0000753 seconds, Stopping threads took: 0.0000090 seconds
2020-04-30T03:37:21.577+0700: 15333.599: Total time for which application threads were stopped: 0.0000579 seconds, Stopping threads took: 0.0000075 seconds
2020-04-30T03:37:21.577+0700: 15333.599: Total time for which application threads were stopped: 0.0000463 seconds, Stopping threads took: 0.0000043 seconds
2020-04-30T03:37:26.342+0700: 15338.364: Total time for which application threads were stopped: 0.0001500 seconds, Stopping threads took: 0.0000213 seconds
2020-04-30T03:37:35.462+0700: 15347.484: Total time for which application threads were stopped: 0.0001592 seconds, Stopping threads took: 0.0000353 seconds
2020-04-30T03:37:35.462+0700: 15347.484: Total time for which application threads were stopped: 0.0000978 seconds, Stopping threads took: 0.0000249 seconds
2020-04-30T03:37:35.464+0700: 15347.486: Total time for which application threads were stopped: 0.0001138 seconds, Stopping threads took: 0.0000294 seconds
2020-04-30T03:37:35.464+0700: 15347.486: Total time for which application threads were stopped: 0.0000806 seconds, Stopping threads took: 0.0000256 seconds
2020-04-30T03:37:35.464+0700: 15347.486: Total time for which application threads were stopped: 0.0000891 seconds, Stopping threads took: 0.0000244 seconds
2020-04-30T03:37:35.464+0700: 15347.486: Total time for which application threads were stopped: 0.0000723 seconds, Stopping threads took: 0.0000051 seconds
2020-04-30T03:37:35.464+0700: 15347.486: Total time for which application threads were stopped: 0.0000840 seconds, Stopping threads took: 0.0000052 seconds
2020-04-30T03:37:35.465+0700: 15347.486: Total time for which application threads were stopped: 0.0000737 seconds, Stopping threads took: 0.0000072 seconds
2020-04-30T03:37:35.465+0700: 15347.486: Total time for which application threads were stopped: 0.0000710 seconds, Stopping threads took: 0.0000210 seconds
2020-04-30T03:37:35.465+0700: 15347.487: Total time for which application threads were stopped: 0.0000521 seconds, Stopping threads took: 0.0000055 seconds
2020-04-30T03:37:35.465+0700: 15347.487: Total time for which application threads were stopped: 0.0000713 seconds, Stopping threads took: 0.0000049 seconds
2020-04-30T03:37:35.465+0700: 15347.487: Total time for which application threads were stopped: 0.0000870 seconds, Stopping threads took: 0.0000053 seconds
2020-04-30T03:37:35.465+0700: 15347.487: Total time for which application threads were stopped: 0.0000897 seconds, Stopping threads took: 0.0000237 seconds
2020-04-30T03:37:35.465+0700: 15347.487: Total time for which application threads were stopped: 0.0000509 seconds, Stopping threads took: 0.0000050 seconds
2020-04-30T03:37:35.465+0700: 15347.487: Total time for which application threads were stopped: 0.0000863 seconds, Stopping threads took: 0.0000213 seconds
2020-04-30T03:37:35.465+0700: 15347.487: Total time for which application threads were stopped: 0.0000669 seconds, Stopping threads took: 0.0000051 seconds
2020-04-30T03:37:35.466+0700: 15347.487: Total time for which application threads were stopped: 0.0000523 seconds, Stopping threads took: 0.0000193 seconds
2020-04-30T03:37:35.466+0700: 15347.488: Total time for which application threads were stopped: 0.0001359 seconds, Stopping threads took: 0.0000050 seconds
2020-04-30T03:37:35.474+0700: 15347.496: Total time for which application threads were stopped: 0.0001005 seconds, Stopping threads took: 0.0000178 seconds
2020-04-30T03:37:35.477+0700: 15347.499: Total time for which application threads were stopped: 0.0000744 seconds, Stopping threads took: 0.0000136 seconds
2020-04-30T03:37:42.742+0700: 15354.764: Total time for which application threads were stopped: 0.0001728 seconds, Stopping threads took: 0.0000218 seconds
2020-04-30T03:37:42.742+0700: 15354.764: Total time for which application threads were stopped: 0.0000945 seconds, Stopping threads took: 0.0000101 seconds
2020-04-30T03:37:42.742+0700: 15354.764: Total time for which application threads were stopped: 0.0000706 seconds, Stopping threads took: 0.0000088 seconds
2020-04-30T03:37:42.743+0700: 15354.764: Total time for which application threads were stopped: 0.0000542 seconds, Stopping threads took: 0.0000048 seconds
2020-04-30T03:38:01.856+0700: 15373.877: Total time for which application threads were stopped: 0.0001766 seconds, Stopping threads took: 0.0000245 seconds
2020-04-30T03:38:01.856+0700: 15373.878: Total time for which application threads were stopped: 0.0000740 seconds, Stopping threads took: 0.0000080 seconds
2020-04-30T03:38:01.856+0700: 15373.878: Total time for which application threads were stopped: 0.0000682 seconds, Stopping threads took: 0.0000081 seconds
2020-04-30T03:38:01.857+0700: 15373.878: Total time for which application threads were stopped: 0.0001141 seconds, Stopping threads took: 0.0000048 seconds
2020-04-30T03:38:14.383+0700: 15386.404: Total time for which application threads were stopped: 0.0001706 seconds, Stopping threads took: 0.0000247 seconds
2020-04-30T03:38:14.383+0700: 15386.404: Total time for which application threads were stopped: 0.0000637 seconds, Stopping threads took: 0.0000075 seconds
2020-04-30T03:38:14.383+0700: 15386.404: Total time for which application threads were stopped: 0.0000686 seconds, Stopping threads took: 0.0000087 seconds
2020-04-30T03:38:14.383+0700: 15386.404: Total time for which application threads were stopped: 0.0000485 seconds, Stopping threads took: 0.0000043 seconds
2020-04-30T03:38:26.313+0700: 15398.334: Total time for which application threads were stopped: 0.0001123 seconds, Stopping threads took: 0.0000327 seconds
2020-04-30T03:38:32.002+0700: 15404.023: Total time for which application threads were stopped: 0.0001766 seconds, Stopping threads took: 0.0000237 seconds
2020-04-30T03:38:32.003+0700: 15404.023: Total time for which application threads were stopped: 0.0001020 seconds, Stopping threads took: 0.0000271 seconds
2020-04-30T03:38:32.003+0700: 15404.023: Total time for which application threads were stopped: 0.0000962 seconds, Stopping threads took: 0.0000203 seconds
2020-04-30T03:38:32.003+0700: 15404.023: Total time for which application threads were stopped: 0.0000751 seconds, Stopping threads took: 0.0000097 seconds
2020-04-30T03:38:33.009+0700: 15405.030: Total time for which application threads were stopped: 0.0000999 seconds, Stopping threads took: 0.0000199 seconds
2020-04-30T03:38:35.019+0700: 15407.040: Total time for which application threads were stopped: 0.0001249 seconds, Stopping threads took: 0.0000344 seconds
2020-04-30T03:38:43.968+0700: 15415.989: Total time for which application threads were stopped: 0.0001372 seconds, Stopping threads took: 0.0000172 seconds
2020-04-30T03:38:47.579+0700: 15419.599: Total time for which application threads were stopped: 0.0001542 seconds, Stopping threads took: 0.0000211 seconds
2020-04-30T03:38:47.579+0700: 15419.599: Total time for which application threads were stopped: 0.0000986 seconds, Stopping threads took: 0.0000110 seconds
2020-04-30T03:38:47.579+0700: 15419.599: Total time for which application threads were stopped: 0.0000751 seconds, Stopping threads took: 0.0000093 seconds
2020-04-30T03:38:47.579+0700: 15419.599: Total time for which application threads were stopped: 0.0000485 seconds, Stopping threads took: 0.0000042 seconds
2020-04-30T03:39:00.699+0700: 15432.719: Total time for which application threads were stopped: 0.0001002 seconds, Stopping threads took: 0.0000175 seconds
2020-04-30T03:39:04.013+0700: 15436.033: Total time for which application threads were stopped: 0.0001535 seconds, Stopping threads took: 0.0000209 seconds
2020-04-30T03:39:04.013+0700: 15436.033: Total time for which application threads were stopped: 0.0000790 seconds, Stopping threads took: 0.0000086 seconds
2020-04-30T03:39:04.013+0700: 15436.033: Total time for which application threads were stopped: 0.0000583 seconds, Stopping threads took: 0.0000068 seconds
2020-04-30T03:39:04.013+0700: 15436.033: Total time for which application threads were stopped: 0.0000475 seconds, Stopping threads took: 0.0000040 seconds
2020-04-30T03:39:16.789+0700: 15448.808: Total time for which application threads were stopped: 0.0001166 seconds, Stopping threads took: 0.0000173 seconds
2020-04-30T03:39:19.345+0700: 15451.365: Total time for which application threads were stopped: 0.0001584 seconds, Stopping threads took: 0.0000199 seconds
2020-04-30T03:39:19.345+0700: 15451.365: Total time for which application threads were stopped: 0.0000819 seconds, Stopping threads took: 0.0000081 seconds
2020-04-30T03:39:19.345+0700: 15451.365: Total time for which application threads were stopped: 0.0000689 seconds, Stopping threads took: 0.0000090 seconds
2020-04-30T03:39:19.345+0700: 15451.365: Total time for which application threads were stopped: 0.0000474 seconds, Stopping threads took: 0.0000043 seconds
2020-04-30T03:39:33.232+0700: 15465.251: Total time for which application threads were stopped: 0.0002784 seconds, Stopping threads took: 0.0000328 seconds
2020-04-30T03:39:33.232+0700: 15465.251: Total time for which application threads were stopped: 0.0001687 seconds, Stopping threads took: 0.0000254 seconds
2020-04-30T03:39:33.240+0700: 15465.259: Total time for which application threads were stopped: 0.0001110 seconds, Stopping threads took: 0.0000315 seconds
2020-04-30T03:39:36.903+0700: 15468.923: Total time for which application threads were stopped: 0.0001605 seconds, Stopping threads took: 0.0000216 seconds
2020-04-30T03:39:36.904+0700: 15468.923: Total time for which application threads were stopped: 0.0000952 seconds, Stopping threads took: 0.0000068 seconds
2020-04-30T03:39:36.904+0700: 15468.923: Total time for which application threads were stopped: 0.0000586 seconds, Stopping threads took: 0.0000068 seconds
2020-04-30T03:39:36.904+0700: 15468.923: Total time for which application threads were stopped: 0.0000457 seconds, Stopping threads took: 0.0000041 seconds
2020-04-30T03:39:48.824+0700: 15480.843: Total time for which application threads were stopped: 0.0001389 seconds, Stopping threads took: 0.0000519 seconds
2020-04-30T03:39:48.824+0700: 15480.843: Total time for which application threads were stopped: 0.0000994 seconds, Stopping threads took: 0.0000297 seconds
2020-04-30T03:39:48.824+0700: 15480.843: Total time for which application threads were stopped: 0.0000972 seconds, Stopping threads took: 0.0000087 seconds
2020-04-30T03:39:48.926+0700: 15480.945: Total time for which application threads were stopped: 0.0001213 seconds, Stopping threads took: 0.0000332 seconds
2020-04-30T03:39:51.358+0700: 15483.377: Total time for which application threads were stopped: 0.0001588 seconds, Stopping threads took: 0.0000217 seconds
2020-04-30T03:39:51.358+0700: 15483.377: Total time for which application threads were stopped: 0.0000825 seconds, Stopping threads took: 0.0000080 seconds
2020-04-30T03:39:51.358+0700: 15483.377: Total time for which application threads were stopped: 0.0000615 seconds, Stopping threads took: 0.0000075 seconds
2020-04-30T03:39:51.358+0700: 15483.377: Total time for which application threads were stopped: 0.0000459 seconds, Stopping threads took: 0.0000040 seconds
2020-04-30T03:39:53.334+0700: 15485.353: Total time for which application threads were stopped: 0.0001126 seconds, Stopping threads took: 0.0000340 seconds
2020-04-30T03:39:53.334+0700: 15485.353: Total time for which application threads were stopped: 0.0000696 seconds, Stopping threads took: 0.0000241 seconds
2020-04-30T03:39:53.334+0700: 15485.353: Total time for which application threads were stopped: 0.0000871 seconds, Stopping threads took: 0.0000049 seconds
2020-04-30T03:39:53.334+0700: 15485.353: Total time for which application threads were stopped: 0.0001046 seconds, Stopping threads took: 0.0000235 seconds
2020-04-30T03:39:53.334+0700: 15485.353: Total time for which application threads were stopped: 0.0000732 seconds, Stopping threads took: 0.0000228 seconds
2020-04-30T03:39:53.334+0700: 15485.353: Total time for which application threads were stopped: 0.0000871 seconds, Stopping threads took: 0.0000055 seconds
2020-04-30T03:39:53.334+0700: 15485.353: Total time for which application threads were stopped: 0.0001043 seconds, Stopping threads took: 0.0000237 seconds
2020-04-30T03:39:53.334+0700: 15485.353: Total time for which application threads were stopped: 0.0001042 seconds, Stopping threads took: 0.0000236 seconds
2020-04-30T03:39:53.335+0700: 15485.353: Total time for which application threads were stopped: 0.0001043 seconds, Stopping threads took: 0.0000237 seconds
2020-04-30T03:39:53.335+0700: 15485.354: Total time for which application threads were stopped: 0.0001017 seconds, Stopping threads took: 0.0000233 seconds
2020-04-30T03:39:53.335+0700: 15485.354: Total time for which application threads were stopped: 0.0001036 seconds, Stopping threads took: 0.0000233 seconds
2020-04-30T03:39:53.335+0700: 15485.354: Total time for which application threads were stopped: 0.0001037 seconds, Stopping threads took: 0.0000236 seconds
2020-04-30T03:39:53.335+0700: 15485.354: Total time for which application threads were stopped: 0.0000878 seconds, Stopping threads took: 0.0000237 seconds
2020-04-30T03:39:53.335+0700: 15485.354: Total time for which application threads were stopped: 0.0000583 seconds, Stopping threads took: 0.0000236 seconds
2020-04-30T03:39:53.335+0700: 15485.354: Total time for which application threads were stopped: 0.0000525 seconds, Stopping threads took: 0.0000052 seconds
2020-04-30T03:40:04.224+0700: 15496.243: Total time for which application threads were stopped: 0.0001483 seconds, Stopping threads took: 0.0000349 seconds
2020-04-30T03:40:04.232+0700: 15496.251: Total time for which application threads were stopped: 0.0000804 seconds, Stopping threads took: 0.0000141 seconds
2020-04-30T03:40:04.246+0700: 15496.265: Total time for which application threads were stopped: 0.0000833 seconds, Stopping threads took: 0.0000144 seconds
2020-04-30T03:40:07.889+0700: 15499.908: Total time for which application threads were stopped: 0.0001665 seconds, Stopping threads took: 0.0000217 seconds
2020-04-30T03:40:07.889+0700: 15499.908: Total time for which application threads were stopped: 0.0000833 seconds, Stopping threads took: 0.0000093 seconds
2020-04-30T03:40:07.889+0700: 15499.908: Total time for which application threads were stopped: 0.0000716 seconds, Stopping threads took: 0.0000100 seconds
2020-04-30T03:40:07.889+0700: 15499.908: Total time for which application threads were stopped: 0.0000491 seconds, Stopping threads took: 0.0000045 seconds
2020-04-30T03:40:20.779+0700: 15512.797: Total time for which application threads were stopped: 0.0001259 seconds, Stopping threads took: 0.0000478 seconds
2020-04-30T03:40:27.778+0700: 15519.796: Total time for which application threads were stopped: 0.0001603 seconds, Stopping threads took: 0.0000215 seconds
2020-04-30T03:40:27.778+0700: 15519.796: Total time for which application threads were stopped: 0.0000611 seconds, Stopping threads took: 0.0000068 seconds
2020-04-30T03:40:27.778+0700: 15519.796: Total time for which application threads were stopped: 0.0000675 seconds, Stopping threads took: 0.0000089 seconds
2020-04-30T03:40:27.778+0700: 15519.796: Total time for which application threads were stopped: 0.0000479 seconds, Stopping threads took: 0.0000043 seconds
2020-04-30T03:40:37.111+0700: 15529.129: Total time for which application threads were stopped: 0.0000980 seconds, Stopping threads took: 0.0000174 seconds
2020-04-30T03:40:40.720+0700: 15532.738: Total time for which application threads were stopped: 0.0001427 seconds, Stopping threads took: 0.0000197 seconds
2020-04-30T03:40:40.720+0700: 15532.738: Total time for which application threads were stopped: 0.0000757 seconds, Stopping threads took: 0.0000076 seconds
2020-04-30T03:40:40.721+0700: 15532.738: Total time for which application threads were stopped: 0.0000511 seconds, Stopping threads took: 0.0000061 seconds
2020-04-30T03:40:40.721+0700: 15532.738: Total time for which application threads were stopped: 0.0000399 seconds, Stopping threads took: 0.0000036 seconds
2020-04-30T03:40:53.730+0700: 15545.748: Total time for which application threads were stopped: 0.0001671 seconds, Stopping threads took: 0.0000547 seconds
2020-04-30T03:40:53.730+0700: 15545.748: Total time for which application threads were stopped: 0.0000988 seconds, Stopping threads took: 0.0000061 seconds
2020-04-30T03:40:53.737+0700: 15545.755: Total time for which application threads were stopped: 0.0001118 seconds, Stopping threads took: 0.0000320 seconds
2020-04-30T03:41:12.169+0700: 15564.186: Total time for which application threads were stopped: 0.0001709 seconds, Stopping threads took: 0.0000245 seconds
2020-04-30T03:41:12.169+0700: 15564.186: Total time for which application threads were stopped: 0.0000652 seconds, Stopping threads took: 0.0000075 seconds
2020-04-30T03:41:12.169+0700: 15564.186: Total time for which application threads were stopped: 0.0000601 seconds, Stopping threads took: 0.0000069 seconds
2020-04-30T03:41:12.169+0700: 15564.186: Total time for which application threads were stopped: 0.0000481 seconds, Stopping threads took: 0.0000043 seconds
2020-04-30T03:41:23.979+0700: 15575.996: Total time for which application threads were stopped: 0.0001099 seconds, Stopping threads took: 0.0000333 seconds
2020-04-30T03:41:54.238+0700: 15606.254: Total time for which application threads were stopped: 0.0001635 seconds, Stopping threads took: 0.0000212 seconds
2020-04-30T03:41:54.238+0700: 15606.254: Total time for which application threads were stopped: 0.0000721 seconds, Stopping threads took: 0.0000090 seconds
2020-04-30T03:41:54.238+0700: 15606.255: Total time for which application threads were stopped: 0.0000688 seconds, Stopping threads took: 0.0000088 seconds
2020-04-30T03:41:54.238+0700: 15606.255: Total time for which application threads were stopped: 0.0000475 seconds, Stopping threads took: 0.0000042 seconds
2020-04-30T03:42:05.137+0700: 15617.153: Total time for which application threads were stopped: 0.0001586 seconds, Stopping threads took: 0.0000520 seconds
2020-04-30T03:42:05.137+0700: 15617.153: Total time for which application threads were stopped: 0.0000997 seconds, Stopping threads took: 0.0000255 seconds
2020-04-30T03:42:05.143+0700: 15617.160: Total time for which application threads were stopped: 0.0001883 seconds, Stopping threads took: 0.0000293 seconds
2020-04-30T03:42:05.144+0700: 15617.161: Total time for which application threads were stopped: 0.0000944 seconds, Stopping threads took: 0.0000278 seconds
2020-04-30T03:42:12.311+0700: 15624.327: Total time for which application threads were stopped: 0.0001604 seconds, Stopping threads took: 0.0000215 seconds
2020-04-30T03:42:12.312+0700: 15624.328: Total time for which application threads were stopped: 0.0000846 seconds, Stopping threads took: 0.0000090 seconds
2020-04-30T03:42:12.312+0700: 15624.328: Total time for which application threads were stopped: 0.0000584 seconds, Stopping threads took: 0.0000065 seconds
2020-04-30T03:42:12.312+0700: 15624.328: Total time for which application threads were stopped: 0.0000450 seconds, Stopping threads took: 0.0000039 seconds
2020-04-30T03:42:25.580+0700: 15637.596: Total time for which application threads were stopped: 0.0001902 seconds, Stopping threads took: 0.0000847 seconds
2020-04-30T03:42:25.580+0700: 15637.596: Total time for which application threads were stopped: 0.0001086 seconds, Stopping threads took: 0.0000271 seconds
2020-04-30T03:42:25.588+0700: 15637.604: Total time for which application threads were stopped: 0.0001125 seconds, Stopping threads took: 0.0000137 seconds
2020-04-30T03:42:28.286+0700: 15640.301: Total time for which application threads were stopped: 0.0001620 seconds, Stopping threads took: 0.0000223 seconds
2020-04-30T03:42:28.286+0700: 15640.302: Total time for which application threads were stopped: 0.0000826 seconds, Stopping threads took: 0.0000087 seconds
2020-04-30T03:42:28.286+0700: 15640.302: Total time for which application threads were stopped: 0.0000722 seconds, Stopping threads took: 0.0000107 seconds
2020-04-30T03:42:28.286+0700: 15640.302: Total time for which application threads were stopped: 0.0000496 seconds, Stopping threads took: 0.0000044 seconds
2020-04-30T03:42:41.474+0700: 15653.490: Total time for which application threads were stopped: 0.0001004 seconds, Stopping threads took: 0.0000172 seconds
2020-04-30T03:42:48.746+0700: 15660.761: Total time for which application threads were stopped: 0.0001550 seconds, Stopping threads took: 0.0000218 seconds
2020-04-30T03:42:48.746+0700: 15660.761: Total time for which application threads were stopped: 0.0000822 seconds, Stopping threads took: 0.0000089 seconds
2020-04-30T03:42:48.746+0700: 15660.761: Total time for which application threads were stopped: 0.0000577 seconds, Stopping threads took: 0.0000068 seconds
2020-04-30T03:42:48.746+0700: 15660.762: Total time for which application threads were stopped: 0.0000454 seconds, Stopping threads took: 0.0000041 seconds
2020-04-30T03:43:01.133+0700: 15673.148: Total time for which application threads were stopped: 0.0001078 seconds, Stopping threads took: 0.0000176 seconds
2020-04-30T03:43:01.133+0700: 15673.148: Total time for which application threads were stopped: 0.0000481 seconds, Stopping threads took: 0.0000069 seconds
2020-04-30T03:43:01.140+0700: 15673.155: Total time for which application threads were stopped: 0.0001037 seconds, Stopping threads took: 0.0000132 seconds
2020-04-30T03:43:01.141+0700: 15673.156: Total time for which application threads were stopped: 0.0001168 seconds, Stopping threads took: 0.0000486 seconds
2020-04-30T03:43:01.141+0700: 15673.156: Total time for which application threads were stopped: 0.0001698 seconds, Stopping threads took: 0.0000388 seconds
{Heap before GC invocations=37 (full 0):
 garbage-first heap   total 524288K, used 374591K [0x00000007a0000000, 0x00000007a0101000, 0x00000007c0000000)
  region size 1024K, 307 young (314368K), 10 survivors (10240K)
 Metaspace       used 53956K, capacity 56214K, committed 56392K, reserved 1099776K
  class space    used 6217K, capacity 6670K, committed 6732K, reserved 1048576K
2020-04-30T03:43:01.291+0700: 15673.306: [GC pause (G1 Evacuation Pause) (young)
Desired survivor size 20447232 bytes, new threshold 15 (max 15)
- age   1:    3712496 bytes,    3712496 total
- age   2:    2083136 bytes,    5795632 total
- age   3:      30872 bytes,    5826504 total
- age   4:      36056 bytes,    5862560 total
- age   5:      47664 bytes,    5910224 total
- age   6:      66360 bytes,    5976584 total
- age   7:      40072 bytes,    6016656 total
- age   8:      54528 bytes,    6071184 total
- age   9:    1765912 bytes,    7837096 total
- age  10:      31360 bytes,    7868456 total
- age  11:       4392 bytes,    7872848 total
- age  12:      38960 bytes,    7911808 total
- age  13:       8720 bytes,    7920528 total
- age  14:      10328 bytes,    7930856 total
- age  15:      16136 bytes,    7946992 total
, 0.0087000 secs]
   [Parallel Time: 2.8 ms, GC Workers: 8]
      [GC Worker Start (ms): Min: 15673305.9, Avg: 15673306.3, Max: 15673308.6, Diff: 2.7]
      [Ext Root Scanning (ms): Min: 0.0, Avg: 0.4, Max: 1.1, Diff: 1.1, Sum: 3.0]
      [Update RS (ms): Min: 0.0, Avg: 0.2, Max: 0.3, Diff: 0.3, Sum: 1.2]
         [Processed Buffers: Min: 0, Avg: 2.8, Max: 11, Diff: 11, Sum: 22]
      [Scan RS (ms): Min: 0.0, Avg: 0.0, Max: 0.0, Diff: 0.0, Sum: 0.2]
      [Code Root Scanning (ms): Min: 0.0, Avg: 0.1, Max: 0.1, Diff: 0.1, Sum: 0.4]
      [Object Copy (ms): Min: 0.0, Avg: 1.3, Max: 1.6, Diff: 1.6, Sum: 10.3]
      [Termination (ms): Min: 0.0, Avg: 0.5, Max: 0.5, Diff: 0.5, Sum: 3.8]
         [Termination Attempts: Min: 1, Avg: 1.0, Max: 1, Diff: 0, Sum: 8]
      [GC Worker Other (ms): Min: 0.0, Avg: 0.0, Max: 0.0, Diff: 0.0, Sum: 0.1]
      [GC Worker Total (ms): Min: 0.0, Avg: 2.4, Max: 2.8, Diff: 2.8, Sum: 19.1]
      [GC Worker End (ms): Min: 15673308.6, Avg: 15673308.7, Max: 15673308.7, Diff: 0.0]
   [Code Root Fixup: 0.0 ms]
   [Code Root Purge: 0.0 ms]
   [Clear CT: 0.2 ms]
   [Other: 5.7 ms]
      [Choose CSet: 0.0 ms]
      [Ref Proc: 5.1 ms]
      [Ref Enq: 0.2 ms]
      [Redirty Cards: 0.2 ms]
      [Humongous Register: 0.0 ms]
      [Humongous Reclaim: 0.0 ms]
      [Free CSet: 0.1 ms]
   [Eden: 297.0M(297.0M)->0.0B(294.0M) Survivors: 10.0M->13.0M Heap: 365.8M(512.0M)->71.8M(512.0M)]
Heap after GC invocations=38 (full 0):
 garbage-first heap   total 524288K, used 73559K [0x00000007a0000000, 0x00000007a0101000, 0x00000007c0000000)
  region size 1024K, 13 young (13312K), 13 survivors (13312K)
 Metaspace       used 53956K, capacity 56214K, committed 56392K, reserved 1099776K
  class space    used 6217K, capacity 6670K, committed 6732K, reserved 1048576K
}
 [Times: user=0.06 sys=0.00, real=0.01 secs] 
2020-04-30T03:43:01.300+0700: 15673.315: Total time for which application threads were stopped: 0.0090069 seconds, Stopping threads took: 0.0000192 seconds
2020-04-30T03:43:01.300+0700: 15673.315: Total time for which application threads were stopped: 0.0002353 seconds, Stopping threads took: 0.0000434 seconds
2020-04-30T03:43:04.245+0700: 15676.260: Total time for which application threads were stopped: 0.0001613 seconds, Stopping threads took: 0.0000213 seconds
2020-04-30T03:43:04.245+0700: 15676.260: Total time for which application threads were stopped: 0.0000804 seconds, Stopping threads took: 0.0000080 seconds
2020-04-30T03:43:04.245+0700: 15676.260: Total time for which application threads were stopped: 0.0000691 seconds, Stopping threads took: 0.0000096 seconds
2020-04-30T03:43:04.245+0700: 15676.260: Total time for which application threads were stopped: 0.0000657 seconds, Stopping threads took: 0.0000043 seconds
2020-04-30T03:43:16.657+0700: 15688.671: Total time for which application threads were stopped: 0.0000989 seconds, Stopping threads took: 0.0000176 seconds
2020-04-30T03:43:16.657+0700: 15688.672: Total time for which application threads were stopped: 0.0000467 seconds, Stopping threads took: 0.0000064 seconds
2020-04-30T03:43:16.657+0700: 15688.672: Total time for which application threads were stopped: 0.0000390 seconds, Stopping threads took: 0.0000057 seconds
2020-04-30T03:43:16.657+0700: 15688.672: Total time for which application threads were stopped: 0.0000356 seconds, Stopping threads took: 0.0000056 seconds
2020-04-30T03:43:16.657+0700: 15688.672: Total time for which application threads were stopped: 0.0001567 seconds, Stopping threads took: 0.0000086 seconds
2020-04-30T03:43:16.661+0700: 15688.676: Total time for which application threads were stopped: 0.0001086 seconds, Stopping threads took: 0.0000118 seconds
2020-04-30T03:43:16.663+0700: 15688.678: Total time for which application threads were stopped: 0.0000908 seconds, Stopping threads took: 0.0000297 seconds
2020-04-30T03:43:16.665+0700: 15688.680: Total time for which application threads were stopped: 0.0000897 seconds, Stopping threads took: 0.0000146 seconds
2020-04-30T03:43:16.684+0700: 15688.699: Total time for which application threads were stopped: 0.0000911 seconds, Stopping threads took: 0.0000156 seconds
2020-04-30T03:43:18.695+0700: 15690.709: Total time for which application threads were stopped: 0.0001115 seconds, Stopping threads took: 0.0000339 seconds
2020-04-30T03:43:19.226+0700: 15691.241: Total time for which application threads were stopped: 0.0001519 seconds, Stopping threads took: 0.0000200 seconds
2020-04-30T03:43:19.226+0700: 15691.241: Total time for which application threads were stopped: 0.0000815 seconds, Stopping threads took: 0.0000081 seconds
2020-04-30T03:43:19.226+0700: 15691.241: Total time for which application threads were stopped: 0.0000615 seconds, Stopping threads took: 0.0000081 seconds
2020-04-30T03:43:19.227+0700: 15691.241: Total time for which application threads were stopped: 0.0000453 seconds, Stopping threads took: 0.0000041 seconds
2020-04-30T03:43:32.765+0700: 15704.779: Total time for which application threads were stopped: 0.0001032 seconds, Stopping threads took: 0.0000176 seconds
2020-04-30T03:43:35.068+0700: 15707.082: Total time for which application threads were stopped: 0.0001651 seconds, Stopping threads took: 0.0000229 seconds
2020-04-30T03:43:35.068+0700: 15707.082: Total time for which application threads were stopped: 0.0002290 seconds, Stopping threads took: 0.0000085 seconds
2020-04-30T03:43:35.068+0700: 15707.082: Total time for which application threads were stopped: 0.0000715 seconds, Stopping threads took: 0.0000088 seconds
2020-04-30T03:43:35.068+0700: 15707.083: Total time for which application threads were stopped: 0.0000471 seconds, Stopping threads took: 0.0000042 seconds
2020-04-30T03:43:39.987+0700: 15712.001: Total time for which application threads were stopped: 0.0001402 seconds, Stopping threads took: 0.0000202 seconds
2020-04-30T03:43:48.297+0700: 15720.311: Total time for which application threads were stopped: 0.0001161 seconds, Stopping threads took: 0.0000164 seconds
2020-04-30T03:43:51.343+0700: 15723.357: Total time for which application threads were stopped: 0.0003233 seconds, Stopping threads took: 0.0000200 seconds
2020-04-30T03:43:51.343+0700: 15723.357: Total time for which application threads were stopped: 0.0000772 seconds, Stopping threads took: 0.0000105 seconds
2020-04-30T03:43:51.343+0700: 15723.357: Total time for which application threads were stopped: 0.0000676 seconds, Stopping threads took: 0.0000091 seconds
2020-04-30T03:43:51.343+0700: 15723.357: Total time for which application threads were stopped: 0.0000461 seconds, Stopping threads took: 0.0000043 seconds
2020-04-30T03:43:56.421+0700: 15728.435: Total time for which application threads were stopped: 0.0001704 seconds, Stopping threads took: 0.0000229 seconds
2020-04-30T03:44:04.568+0700: 15736.581: Total time for which application threads were stopped: 0.0001445 seconds, Stopping threads took: 0.0000424 seconds
2020-04-30T03:44:04.568+0700: 15736.581: Total time for which application threads were stopped: 0.0000852 seconds, Stopping threads took: 0.0000060 seconds
2020-04-30T03:44:04.574+0700: 15736.588: Total time for which application threads were stopped: 0.0000909 seconds, Stopping threads took: 0.0000283 seconds
2020-04-30T03:44:07.223+0700: 15739.236: Total time for which application threads were stopped: 0.0001655 seconds, Stopping threads took: 0.0000225 seconds
2020-04-30T03:44:07.223+0700: 15739.236: Total time for which application threads were stopped: 0.0000865 seconds, Stopping threads took: 0.0000092 seconds
2020-04-30T03:44:07.223+0700: 15739.236: Total time for which application threads were stopped: 0.0000628 seconds, Stopping threads took: 0.0000073 seconds
2020-04-30T03:44:07.223+0700: 15739.236: Total time for which application threads were stopped: 0.0000485 seconds, Stopping threads took: 0.0000043 seconds
2020-04-30T03:44:20.475+0700: 15752.488: Total time for which application threads were stopped: 0.0001990 seconds, Stopping threads took: 0.0000334 seconds
2020-04-30T03:44:27.527+0700: 15759.540: Total time for which application threads were stopped: 0.0001183 seconds, Stopping threads took: 0.0000375 seconds
2020-04-30T03:44:36.294+0700: 15768.307: Total time for which application threads were stopped: 0.0001863 seconds, Stopping threads took: 0.0000253 seconds
2020-04-30T03:44:36.294+0700: 15768.307: Total time for which application threads were stopped: 0.0000826 seconds, Stopping threads took: 0.0000090 seconds
2020-04-30T03:44:36.294+0700: 15768.307: Total time for which application threads were stopped: 0.0000715 seconds, Stopping threads took: 0.0000093 seconds
2020-04-30T03:44:36.295+0700: 15768.307: Total time for which application threads were stopped: 0.0000479 seconds, Stopping threads took: 0.0000042 seconds
2020-04-30T03:44:41.720+0700: 15773.732: Total time for which application threads were stopped: 0.0002261 seconds, Stopping threads took: 0.0000188 seconds
2020-04-30T03:44:41.720+0700: 15773.733: Total time for which application threads were stopped: 0.0001745 seconds, Stopping threads took: 0.0000237 seconds
2020-04-30T03:44:46.624+0700: 15778.637: Total time for which application threads were stopped: 0.0001532 seconds, Stopping threads took: 0.0000218 seconds
2020-04-30T03:44:46.624+0700: 15778.637: Total time for which application threads were stopped: 0.0000786 seconds, Stopping threads took: 0.0000087 seconds
2020-04-30T03:44:46.624+0700: 15778.637: Total time for which application threads were stopped: 0.0000602 seconds, Stopping threads took: 0.0000071 seconds
2020-04-30T03:44:46.625+0700: 15778.637: Total time for which application threads were stopped: 0.0000447 seconds, Stopping threads took: 0.0000041 seconds
2020-04-30T03:44:53.668+0700: 15785.680: Total time for which application threads were stopped: 0.0001007 seconds, Stopping threads took: 0.0000264 seconds
2020-04-30T03:44:59.535+0700: 15791.548: Total time for which application threads were stopped: 0.0001577 seconds, Stopping threads took: 0.0000520 seconds
2020-04-30T03:44:59.536+0700: 15791.548: Total time for which application threads were stopped: 0.0001015 seconds, Stopping threads took: 0.0000256 seconds
2020-04-30T03:45:04.513+0700: 15796.525: Total time for which application threads were stopped: 0.0001575 seconds, Stopping threads took: 0.0000202 seconds
2020-04-30T03:45:04.513+0700: 15796.525: Total time for which application threads were stopped: 0.0000790 seconds, Stopping threads took: 0.0000084 seconds
2020-04-30T03:45:04.513+0700: 15796.525: Total time for which application threads were stopped: 0.0000575 seconds, Stopping threads took: 0.0000073 seconds
2020-04-30T03:45:04.513+0700: 15796.526: Total time for which application threads were stopped: 0.0000421 seconds, Stopping threads took: 0.0000037 seconds
2020-04-30T03:45:23.255+0700: 15815.267: Total time for which application threads were stopped: 0.0001453 seconds, Stopping threads took: 0.0000200 seconds
2020-04-30T03:45:23.255+0700: 15815.267: Total time for which application threads were stopped: 0.0000721 seconds, Stopping threads took: 0.0000075 seconds
2020-04-30T03:45:23.255+0700: 15815.267: Total time for which application threads were stopped: 0.0000511 seconds, Stopping threads took: 0.0000064 seconds
2020-04-30T03:45:23.255+0700: 15815.267: Total time for which application threads were stopped: 0.0000392 seconds, Stopping threads took: 0.0000034 seconds
2020-04-30T03:45:35.533+0700: 15827.544: Total time for which application threads were stopped: 0.0001725 seconds, Stopping threads took: 0.0000629 seconds
2020-04-30T03:45:35.533+0700: 15827.545: Total time for which application threads were stopped: 0.0000858 seconds, Stopping threads took: 0.0000071 seconds
2020-04-30T03:45:35.534+0700: 15827.545: Total time for which application threads were stopped: 0.0001473 seconds, Stopping threads took: 0.0000485 seconds
2020-04-30T03:45:35.534+0700: 15827.546: Total time for which application threads were stopped: 0.0000978 seconds, Stopping threads took: 0.0000526 seconds
2020-04-30T03:45:35.534+0700: 15827.546: Total time for which application threads were stopped: 0.0000534 seconds, Stopping threads took: 0.0000070 seconds
2020-04-30T03:45:35.578+0700: 15827.590: Total time for which application threads were stopped: 0.0001118 seconds, Stopping threads took: 0.0000320 seconds
2020-04-30T03:45:35.579+0700: 15827.591: Total time for which application threads were stopped: 0.0000958 seconds, Stopping threads took: 0.0000281 seconds
2020-04-30T03:45:35.690+0700: 15827.701: Total time for which application threads were stopped: 0.0001349 seconds, Stopping threads took: 0.0000196 seconds
2020-04-30T03:45:35.692+0700: 15827.704: Total time for which application threads were stopped: 0.0001033 seconds, Stopping threads took: 0.0000312 seconds
2020-04-30T03:45:40.408+0700: 15832.420: Total time for which application threads were stopped: 0.0001631 seconds, Stopping threads took: 0.0000221 seconds
2020-04-30T03:45:40.409+0700: 15832.420: Total time for which application threads were stopped: 0.0000620 seconds, Stopping threads took: 0.0000070 seconds
2020-04-30T03:45:40.409+0700: 15832.420: Total time for which application threads were stopped: 0.0000581 seconds, Stopping threads took: 0.0000067 seconds
2020-04-30T03:45:40.409+0700: 15832.420: Total time for which application threads were stopped: 0.0000458 seconds, Stopping threads took: 0.0000041 seconds
2020-04-30T03:45:51.350+0700: 15843.362: Total time for which application threads were stopped: 0.0001105 seconds, Stopping threads took: 0.0000167 seconds
2020-04-30T03:45:51.351+0700: 15843.362: Total time for which application threads were stopped: 0.0000452 seconds, Stopping threads took: 0.0000039 seconds
2020-04-30T03:45:51.353+0700: 15843.364: Total time for which application threads were stopped: 0.0000746 seconds, Stopping threads took: 0.0000131 seconds
2020-04-30T03:45:51.353+0700: 15843.364: Total time for which application threads were stopped: 0.0000483 seconds, Stopping threads took: 0.0000064 seconds
2020-04-30T03:45:51.353+0700: 15843.364: Total time for which application threads were stopped: 0.0000392 seconds, Stopping threads took: 0.0000055 seconds
2020-04-30T03:45:51.353+0700: 15843.365: Total time for which application threads were stopped: 0.0000503 seconds, Stopping threads took: 0.0000083 seconds
2020-04-30T03:45:51.353+0700: 15843.365: Total time for which application threads were stopped: 0.0000371 seconds, Stopping threads took: 0.0000051 seconds
2020-04-30T03:45:51.353+0700: 15843.365: Total time for which application threads were stopped: 0.0000350 seconds, Stopping threads took: 0.0000050 seconds
2020-04-30T03:45:51.353+0700: 15843.365: Total time for which application threads were stopped: 0.0000367 seconds, Stopping threads took: 0.0000050 seconds
2020-04-30T03:45:51.354+0700: 15843.365: Total time for which application threads were stopped: 0.0000345 seconds, Stopping threads took: 0.0000052 seconds
2020-04-30T03:45:51.354+0700: 15843.365: Total time for which application threads were stopped: 0.0000355 seconds, Stopping threads took: 0.0000053 seconds
2020-04-30T03:45:51.354+0700: 15843.365: Total time for which application threads were stopped: 0.0000352 seconds, Stopping threads took: 0.0000052 seconds
2020-04-30T03:45:51.354+0700: 15843.365: Total time for which application threads were stopped: 0.0000345 seconds, Stopping threads took: 0.0000048 seconds
2020-04-30T03:45:51.354+0700: 15843.365: Total time for which application threads were stopped: 0.0000352 seconds, Stopping threads took: 0.0000050 seconds
2020-04-30T03:45:51.354+0700: 15843.365: Total time for which application threads were stopped: 0.0000345 seconds, Stopping threads took: 0.0000048 seconds
2020-04-30T03:45:51.354+0700: 15843.365: Total time for which application threads were stopped: 0.0000378 seconds, Stopping threads took: 0.0000049 seconds
2020-04-30T03:45:51.354+0700: 15843.365: Total time for which application threads were stopped: 0.0001437 seconds, Stopping threads took: 0.0000049 seconds
2020-04-30T03:45:51.364+0700: 15843.376: Total time for which application threads were stopped: 0.0000741 seconds, Stopping threads took: 0.0000131 seconds
2020-04-30T03:45:54.295+0700: 15846.306: Total time for which application threads were stopped: 0.0001695 seconds, Stopping threads took: 0.0000216 seconds
2020-04-30T03:45:54.295+0700: 15846.306: Total time for which application threads were stopped: 0.0000855 seconds, Stopping threads took: 0.0000084 seconds
2020-04-30T03:45:54.295+0700: 15846.306: Total time for which application threads were stopped: 0.0000705 seconds, Stopping threads took: 0.0000097 seconds
2020-04-30T03:45:54.295+0700: 15846.306: Total time for which application threads were stopped: 0.0000489 seconds, Stopping threads took: 0.0000043 seconds
2020-04-30T03:46:06.628+0700: 15858.639: Total time for which application threads were stopped: 0.0001066 seconds, Stopping threads took: 0.0000183 seconds
2020-04-30T03:46:06.628+0700: 15858.639: Total time for which application threads were stopped: 0.0000581 seconds, Stopping threads took: 0.0000084 seconds
2020-04-30T03:46:14.957+0700: 15866.968: Total time for which application threads were stopped: 0.0002051 seconds, Stopping threads took: 0.0000238 seconds
2020-04-30T03:46:14.958+0700: 15866.968: Total time for which application threads were stopped: 0.0000780 seconds, Stopping threads took: 0.0000089 seconds
2020-04-30T03:46:14.958+0700: 15866.969: Total time for which application threads were stopped: 0.0000720 seconds, Stopping threads took: 0.0000093 seconds
2020-04-30T03:46:14.958+0700: 15866.969: Total time for which application threads were stopped: 0.0000498 seconds, Stopping threads took: 0.0000047 seconds
2020-04-30T03:46:23.120+0700: 15875.131: Total time for which application threads were stopped: 0.0001026 seconds, Stopping threads took: 0.0000163 seconds
2020-04-30T03:46:23.120+0700: 15875.131: Total time for which application threads were stopped: 0.0000479 seconds, Stopping threads took: 0.0000063 seconds
2020-04-30T03:46:26.881+0700: 15878.892: Total time for which application threads were stopped: 0.0002020 seconds, Stopping threads took: 0.0000221 seconds
2020-04-30T03:46:26.881+0700: 15878.892: Total time for which application threads were stopped: 0.0000678 seconds, Stopping threads took: 0.0000079 seconds
2020-04-30T03:46:26.881+0700: 15878.892: Total time for which application threads were stopped: 0.0000695 seconds, Stopping threads took: 0.0000092 seconds
2020-04-30T03:46:26.881+0700: 15878.892: Total time for which application threads were stopped: 0.0000488 seconds, Stopping threads took: 0.0000044 seconds
2020-04-30T03:46:44.191+0700: 15896.201: Total time for which application threads were stopped: 0.0001511 seconds, Stopping threads took: 0.0000198 seconds
2020-04-30T03:46:44.191+0700: 15896.202: Total time for which application threads were stopped: 0.0000785 seconds, Stopping threads took: 0.0000085 seconds
2020-04-30T03:46:44.192+0700: 15896.202: Total time for which application threads were stopped: 0.0000707 seconds, Stopping threads took: 0.0000090 seconds
2020-04-30T03:46:44.192+0700: 15896.202: Total time for which application threads were stopped: 0.0000481 seconds, Stopping threads took: 0.0000043 seconds
2020-04-30T03:46:54.438+0700: 15906.448: Total time for which application threads were stopped: 0.0001120 seconds, Stopping threads took: 0.0000269 seconds
2020-04-30T03:46:54.438+0700: 15906.448: Total time for which application threads were stopped: 0.0001107 seconds, Stopping threads took: 0.0000171 seconds
2020-04-30T03:47:01.594+0700: 15913.604: Total time for which application threads were stopped: 0.0001638 seconds, Stopping threads took: 0.0000222 seconds
2020-04-30T03:47:01.595+0700: 15913.604: Total time for which application threads were stopped: 0.0000613 seconds, Stopping threads took: 0.0000067 seconds
2020-04-30T03:47:01.595+0700: 15913.604: Total time for which application threads were stopped: 0.0000572 seconds, Stopping threads took: 0.0000066 seconds
2020-04-30T03:47:01.595+0700: 15913.605: Total time for which application threads were stopped: 0.0000458 seconds, Stopping threads took: 0.0000041 seconds
2020-04-30T03:47:11.755+0700: 15923.764: Total time for which application threads were stopped: 0.0001093 seconds, Stopping threads took: 0.0000185 seconds
2020-04-30T03:47:11.755+0700: 15923.764: Total time for which application threads were stopped: 0.0000488 seconds, Stopping threads took: 0.0000069 seconds
2020-04-30T03:47:18.210+0700: 15930.219: Total time for which application threads were stopped: 0.0001613 seconds, Stopping threads took: 0.0000202 seconds
2020-04-30T03:47:18.210+0700: 15930.219: Total time for which application threads were stopped: 0.0000813 seconds, Stopping threads took: 0.0000076 seconds
2020-04-30T03:47:18.210+0700: 15930.219: Total time for which application threads were stopped: 0.0000698 seconds, Stopping threads took: 0.0000092 seconds
2020-04-30T03:47:18.210+0700: 15930.219: Total time for which application threads were stopped: 0.0000477 seconds, Stopping threads took: 0.0000041 seconds
2020-04-30T03:47:30.518+0700: 15942.528: Total time for which application threads were stopped: 0.0002104 seconds, Stopping threads took: 0.0000331 seconds
2020-04-30T03:47:30.520+0700: 15942.529: Total time for which application threads were stopped: 0.0001001 seconds, Stopping threads took: 0.0000289 seconds
2020-04-30T03:47:34.885+0700: 15946.894: Total time for which application threads were stopped: 0.0001734 seconds, Stopping threads took: 0.0000232 seconds
2020-04-30T03:47:34.885+0700: 15946.894: Total time for which application threads were stopped: 0.0000953 seconds, Stopping threads took: 0.0000109 seconds
2020-04-30T03:47:34.885+0700: 15946.894: Total time for which application threads were stopped: 0.0000696 seconds, Stopping threads took: 0.0000088 seconds
2020-04-30T03:47:34.885+0700: 15946.894: Total time for which application threads were stopped: 0.0000547 seconds, Stopping threads took: 0.0000048 seconds
2020-04-30T03:47:46.656+0700: 15958.665: Total time for which application threads were stopped: 0.0001151 seconds, Stopping threads took: 0.0000326 seconds
2020-04-30T03:47:48.762+0700: 15960.771: Total time for which application threads were stopped: 0.0001568 seconds, Stopping threads took: 0.0000211 seconds
2020-04-30T03:47:48.762+0700: 15960.771: Total time for which application threads were stopped: 0.0000833 seconds, Stopping threads took: 0.0000090 seconds
2020-04-30T03:47:48.763+0700: 15960.771: Total time for which application threads were stopped: 0.0000740 seconds, Stopping threads took: 0.0000099 seconds
2020-04-30T03:47:48.763+0700: 15960.771: Total time for which application threads were stopped: 0.0000503 seconds, Stopping threads took: 0.0000045 seconds
2020-04-30T03:48:02.713+0700: 15974.722: Total time for which application threads were stopped: 0.0001336 seconds, Stopping threads took: 0.0000329 seconds
2020-04-30T03:48:02.713+0700: 15974.722: Total time for which application threads were stopped: 0.0001316 seconds, Stopping threads took: 0.0000486 seconds
2020-04-30T03:48:02.714+0700: 15974.722: Total time for which application threads were stopped: 0.0000987 seconds, Stopping threads took: 0.0000335 seconds
2020-04-30T03:48:02.878+0700: 15974.886: Total time for which application threads were stopped: 0.0000964 seconds, Stopping threads took: 0.0000173 seconds
2020-04-30T03:48:03.886+0700: 15975.895: Total time for which application threads were stopped: 0.0001728 seconds, Stopping threads took: 0.0000400 seconds
2020-04-30T03:48:05.418+0700: 15977.426: Total time for which application threads were stopped: 0.0001499 seconds, Stopping threads took: 0.0000199 seconds
2020-04-30T03:48:05.418+0700: 15977.426: Total time for which application threads were stopped: 0.0000776 seconds, Stopping threads took: 0.0000088 seconds
2020-04-30T03:48:05.418+0700: 15977.427: Total time for which application threads were stopped: 0.0000583 seconds, Stopping threads took: 0.0000071 seconds
2020-04-30T03:48:05.418+0700: 15977.427: Total time for which application threads were stopped: 0.0000457 seconds, Stopping threads took: 0.0000042 seconds
2020-04-30T03:48:19.036+0700: 15991.045: Total time for which application threads were stopped: 0.0001000 seconds, Stopping threads took: 0.0000164 seconds
2020-04-30T03:48:19.036+0700: 15991.045: Total time for which application threads were stopped: 0.0000492 seconds, Stopping threads took: 0.0000069 seconds
2020-04-30T03:48:19.037+0700: 15991.045: Total time for which application threads were stopped: 0.0000406 seconds, Stopping threads took: 0.0000057 seconds
2020-04-30T03:48:19.037+0700: 15991.045: Total time for which application threads were stopped: 0.0000375 seconds, Stopping threads took: 0.0000054 seconds
2020-04-30T03:48:19.037+0700: 15991.045: Total time for which application threads were stopped: 0.0000384 seconds, Stopping threads took: 0.0000054 seconds
2020-04-30T03:48:19.037+0700: 15991.045: Total time for which application threads were stopped: 0.0000380 seconds, Stopping threads took: 0.0000054 seconds
2020-04-30T03:48:19.037+0700: 15991.045: Total time for which application threads were stopped: 0.0000386 seconds, Stopping threads took: 0.0000055 seconds
2020-04-30T03:48:19.037+0700: 15991.045: Total time for which application threads were stopped: 0.0000371 seconds, Stopping threads took: 0.0000052 seconds
2020-04-30T03:48:19.037+0700: 15991.045: Total time for which application threads were stopped: 0.0000458 seconds, Stopping threads took: 0.0000069 seconds
2020-04-30T03:48:19.037+0700: 15991.045: Total time for which application threads were stopped: 0.0000385 seconds, Stopping threads took: 0.0000054 seconds
2020-04-30T03:48:19.037+0700: 15991.045: Total time for which application threads were stopped: 0.0000370 seconds, Stopping threads took: 0.0000052 seconds
2020-04-30T03:48:19.037+0700: 15991.045: Total time for which application threads were stopped: 0.0000369 seconds, Stopping threads took: 0.0000053 seconds
2020-04-30T03:48:19.037+0700: 15991.045: Total time for which application threads were stopped: 0.0000534 seconds, Stopping threads took: 0.0000093 seconds
2020-04-30T03:48:19.037+0700: 15991.046: Total time for which application threads were stopped: 0.0000403 seconds, Stopping threads took: 0.0000055 seconds
2020-04-30T03:48:19.037+0700: 15991.046: Total time for which application threads were stopped: 0.0000621 seconds, Stopping threads took: 0.0000181 seconds
2020-04-30T03:48:19.047+0700: 15991.055: Total time for which application threads were stopped: 0.0000915 seconds, Stopping threads took: 0.0000139 seconds
2020-04-30T03:48:19.061+0700: 15991.069: Total time for which application threads were stopped: 0.0000815 seconds, Stopping threads took: 0.0000133 seconds
2020-04-30T03:48:22.784+0700: 15994.792: Total time for which application threads were stopped: 0.0001598 seconds, Stopping threads took: 0.0000197 seconds
2020-04-30T03:48:22.784+0700: 15994.792: Total time for which application threads were stopped: 0.0000784 seconds, Stopping threads took: 0.0000081 seconds
2020-04-30T03:48:22.784+0700: 15994.792: Total time for which application threads were stopped: 0.0000584 seconds, Stopping threads took: 0.0000066 seconds
2020-04-30T03:48:22.784+0700: 15994.792: Total time for which application threads were stopped: 0.0000438 seconds, Stopping threads took: 0.0000038 seconds
2020-04-30T03:48:35.569+0700: 16007.576: Total time for which application threads were stopped: 0.0002804 seconds, Stopping threads took: 0.0000543 seconds
2020-04-30T03:48:38.245+0700: 16010.252: Total time for which application threads were stopped: 0.0001483 seconds, Stopping threads took: 0.0000201 seconds
2020-04-30T03:48:38.245+0700: 16010.253: Total time for which application threads were stopped: 0.0000969 seconds, Stopping threads took: 0.0000085 seconds
2020-04-30T03:48:38.245+0700: 16010.253: Total time for which application threads were stopped: 0.0000555 seconds, Stopping threads took: 0.0000065 seconds
2020-04-30T03:48:38.245+0700: 16010.253: Total time for which application threads were stopped: 0.0000421 seconds, Stopping threads took: 0.0000037 seconds
2020-04-30T03:48:50.982+0700: 16022.989: Total time for which application threads were stopped: 0.0001031 seconds, Stopping threads took: 0.0000182 seconds
2020-04-30T03:48:53.032+0700: 16025.040: Total time for which application threads were stopped: 0.0001533 seconds, Stopping threads took: 0.0000214 seconds
2020-04-30T03:48:53.032+0700: 16025.040: Total time for which application threads were stopped: 0.0000813 seconds, Stopping threads took: 0.0000085 seconds
2020-04-30T03:48:53.032+0700: 16025.040: Total time for which application threads were stopped: 0.0000674 seconds, Stopping threads took: 0.0000089 seconds
2020-04-30T03:48:53.032+0700: 16025.040: Total time for which application threads were stopped: 0.0000475 seconds, Stopping threads took: 0.0000043 seconds
2020-04-30T03:49:06.864+0700: 16038.871: Total time for which application threads were stopped: 0.0001794 seconds, Stopping threads took: 0.0000319 seconds
2020-04-30T03:49:08.804+0700: 16040.811: Total time for which application threads were stopped: 0.0001500 seconds, Stopping threads took: 0.0000196 seconds
2020-04-30T03:49:08.804+0700: 16040.811: Total time for which application threads were stopped: 0.0000842 seconds, Stopping threads took: 0.0000089 seconds
2020-04-30T03:49:08.804+0700: 16040.811: Total time for which application threads were stopped: 0.0001930 seconds, Stopping threads took: 0.0000094 seconds
2020-04-30T03:49:08.804+0700: 16040.812: Total time for which application threads were stopped: 0.0001444 seconds, Stopping threads took: 0.0000054 seconds
2020-04-30T03:49:14.290+0700: 16046.297: Total time for which application threads were stopped: 0.0001466 seconds, Stopping threads took: 0.0000228 seconds
2020-04-30T03:49:14.290+0700: 16046.297: Total time for which application threads were stopped: 0.0000476 seconds, Stopping threads took: 0.0000043 seconds
2020-04-30T03:49:14.294+0700: 16046.301: Total time for which application threads were stopped: 0.0001056 seconds, Stopping threads took: 0.0000147 seconds
2020-04-30T03:49:14.299+0700: 16046.306: Total time for which application threads were stopped: 0.0001333 seconds, Stopping threads took: 0.0000350 seconds
2020-04-30T03:49:14.300+0700: 16046.307: Total time for which application threads were stopped: 0.0002231 seconds, Stopping threads took: 0.0000200 seconds
2020-04-30T03:49:19.344+0700: 16051.351: Total time for which application threads were stopped: 0.0001556 seconds, Stopping threads took: 0.0000212 seconds
2020-04-30T03:49:19.344+0700: 16051.351: Total time for which application threads were stopped: 0.0002233 seconds, Stopping threads took: 0.0000083 seconds
2020-04-30T03:49:19.345+0700: 16051.352: Total time for which application threads were stopped: 0.0000694 seconds, Stopping threads took: 0.0000090 seconds
2020-04-30T03:49:19.345+0700: 16051.352: Total time for which application threads were stopped: 0.0000516 seconds, Stopping threads took: 0.0000053 seconds
2020-04-30T03:49:20.580+0700: 16052.586: Total time for which application threads were stopped: 0.0001570 seconds, Stopping threads took: 0.0000289 seconds
2020-04-30T03:49:32.784+0700: 16064.790: Total time for which application threads were stopped: 0.0001548 seconds, Stopping threads took: 0.0000533 seconds
2020-04-30T03:49:32.784+0700: 16064.790: Total time for which application threads were stopped: 0.0000981 seconds, Stopping threads took: 0.0000247 seconds
2020-04-30T03:49:32.785+0700: 16064.792: Total time for which application threads were stopped: 0.0001126 seconds, Stopping threads took: 0.0000473 seconds
2020-04-30T03:49:32.792+0700: 16064.798: Total time for which application threads were stopped: 0.0000950 seconds, Stopping threads took: 0.0000294 seconds
2020-04-30T03:49:35.910+0700: 16067.917: Total time for which application threads were stopped: 0.0003027 seconds, Stopping threads took: 0.0000213 seconds
2020-04-30T03:49:35.910+0700: 16067.917: Total time for which application threads were stopped: 0.0000755 seconds, Stopping threads took: 0.0000096 seconds
2020-04-30T03:49:35.911+0700: 16067.917: Total time for which application threads were stopped: 0.0000691 seconds, Stopping threads took: 0.0000096 seconds
2020-04-30T03:49:35.911+0700: 16067.917: Total time for which application threads were stopped: 0.0000478 seconds, Stopping threads took: 0.0000042 seconds
2020-04-30T03:49:39.320+0700: 16071.327: Total time for which application threads were stopped: 0.0001712 seconds, Stopping threads took: 0.0000225 seconds
2020-04-30T03:49:47.350+0700: 16079.357: Total time for which application threads were stopped: 0.0000962 seconds, Stopping threads took: 0.0000184 seconds
2020-04-30T03:49:49.921+0700: 16081.927: Total time for which application threads were stopped: 0.0001120 seconds, Stopping threads took: 0.0000335 seconds
2020-04-30T03:49:54.842+0700: 16086.848: Total time for which application threads were stopped: 0.0001541 seconds, Stopping threads took: 0.0000209 seconds
2020-04-30T03:49:54.842+0700: 16086.848: Total time for which application threads were stopped: 0.0000776 seconds, Stopping threads took: 0.0000086 seconds
2020-04-30T03:49:54.842+0700: 16086.848: Total time for which application threads were stopped: 0.0000578 seconds, Stopping threads took: 0.0000066 seconds
2020-04-30T03:49:54.842+0700: 16086.848: Total time for which application threads were stopped: 0.0000449 seconds, Stopping threads took: 0.0000041 seconds
2020-04-30T03:50:08.925+0700: 16100.931: Total time for which application threads were stopped: 0.0001340 seconds, Stopping threads took: 0.0000325 seconds
2020-04-30T03:50:11.604+0700: 16103.610: Total time for which application threads were stopped: 0.0001626 seconds, Stopping threads took: 0.0000225 seconds
2020-04-30T03:50:11.604+0700: 16103.610: Total time for which application threads were stopped: 0.0000861 seconds, Stopping threads took: 0.0000097 seconds
2020-04-30T03:50:11.604+0700: 16103.610: Total time for which application threads were stopped: 0.0000657 seconds, Stopping threads took: 0.0000083 seconds
2020-04-30T03:50:11.604+0700: 16103.610: Total time for which application threads were stopped: 0.0000805 seconds, Stopping threads took: 0.0000043 seconds
2020-04-30T03:50:20.660+0700: 16112.665: Total time for which application threads were stopped: 0.0001122 seconds, Stopping threads took: 0.0000189 seconds
2020-04-30T03:50:24.200+0700: 16116.205: Total time for which application threads were stopped: 0.0001342 seconds, Stopping threads took: 0.0000321 seconds
2020-04-30T03:50:24.200+0700: 16116.206: Total time for which application threads were stopped: 0.0001608 seconds, Stopping threads took: 0.0000657 seconds
2020-04-30T03:50:24.201+0700: 16116.206: Total time for which application threads were stopped: 0.0001212 seconds, Stopping threads took: 0.0000607 seconds
{Heap before GC invocations=38 (full 0):
 garbage-first heap   total 524288K, used 374615K [0x00000007a0000000, 0x00000007a0101000, 0x00000007c0000000)
  region size 1024K, 307 young (314368K), 13 survivors (13312K)
 Metaspace       used 53960K, capacity 56214K, committed 56392K, reserved 1099776K
  class space    used 6217K, capacity 6670K, committed 6732K, reserved 1048576K
2020-04-30T03:50:24.269+0700: 16116.275: [GC pause (G1 Evacuation Pause) (young)
Desired survivor size 20447232 bytes, new threshold 15 (max 15)
- age   1:    7239848 bytes,    7239848 total
- age   2:     133896 bytes,    7373744 total
- age   3:    2056784 bytes,    9430528 total
- age   4:      30872 bytes,    9461400 total
- age   5:      36056 bytes,    9497456 total
- age   6:      47392 bytes,    9544848 total
- age   7:      61032 bytes,    9605880 total
- age   8:      20360 bytes,    9626240 total
- age   9:      54528 bytes,    9680768 total
- age  10:    1765912 bytes,   11446680 total
- age  11:      31360 bytes,   11478040 total
- age  12:       4392 bytes,   11482432 total
- age  13:      38960 bytes,   11521392 total
- age  14:       8720 bytes,   11530112 total
- age  15:      10328 bytes,   11540440 total
, 0.0035037 secs]
   [Parallel Time: 1.9 ms, GC Workers: 8]
      [GC Worker Start (ms): Min: 16116274.8, Avg: 16116274.9, Max: 16116274.9, Diff: 0.1]
      [Ext Root Scanning (ms): Min: 0.2, Avg: 0.4, Max: 1.0, Diff: 0.8, Sum: 2.9]
      [Update RS (ms): Min: 0.0, Avg: 0.2, Max: 0.3, Diff: 0.3, Sum: 1.3]
         [Processed Buffers: Min: 0, Avg: 3.0, Max: 8, Diff: 8, Sum: 24]
      [Scan RS (ms): Min: 0.0, Avg: 0.0, Max: 0.1, Diff: 0.1, Sum: 0.2]
      [Code Root Scanning (ms): Min: 0.0, Avg: 0.1, Max: 0.3, Diff: 0.3, Sum: 0.5]
      [Object Copy (ms): Min: 0.8, Avg: 1.2, Max: 1.3, Diff: 0.5, Sum: 9.2]
      [Termination (ms): Min: 0.0, Avg: 0.0, Max: 0.0, Diff: 0.0, Sum: 0.0]
         [Termination Attempts: Min: 1, Avg: 1.0, Max: 1, Diff: 0, Sum: 8]
      [GC Worker Other (ms): Min: 0.0, Avg: 0.0, Max: 0.1, Diff: 0.0, Sum: 0.3]
      [GC Worker Total (ms): Min: 1.7, Avg: 1.8, Max: 1.9, Diff: 0.1, Sum: 14.4]
      [GC Worker End (ms): Min: 16116276.7, Avg: 16116276.7, Max: 16116276.7, Diff: 0.0]
   [Code Root Fixup: 0.0 ms]
   [Code Root Purge: 0.0 ms]
   [Clear CT: 0.0 ms]
   [Other: 1.5 ms]
      [Choose CSet: 0.0 ms]
      [Ref Proc: 1.2 ms]
      [Ref Enq: 0.1 ms]
      [Redirty Cards: 0.1 ms]
      [Humongous Register: 0.0 ms]
      [Humongous Reclaim: 0.0 ms]
      [Free CSet: 0.1 ms]
   [Eden: 294.0M(294.0M)->0.0B(293.0M) Survivors: 13.0M->14.0M Heap: 365.8M(512.0M)->72.9M(512.0M)]
Heap after GC invocations=39 (full 0):
 garbage-first heap   total 524288K, used 74606K [0x00000007a0000000, 0x00000007a0101000, 0x00000007c0000000)
  region size 1024K, 14 young (14336K), 14 survivors (14336K)
 Metaspace       used 53960K, capacity 56214K, committed 56392K, reserved 1099776K
  class space    used 6217K, capacity 6670K, committed 6732K, reserved 1048576K
}
 [Times: user=0.02 sys=0.01, real=0.01 secs] 
2020-04-30T03:50:24.273+0700: 16116.278: Total time for which application threads were stopped: 0.0037078 seconds, Stopping threads took: 0.0000168 seconds
2020-04-30T03:50:25.279+0700: 16117.284: Total time for which application threads were stopped: 0.0001098 seconds, Stopping threads took: 0.0000310 seconds
2020-04-30T03:50:27.500+0700: 16119.505: Total time for which application threads were stopped: 0.0001552 seconds, Stopping threads took: 0.0000234 seconds
2020-04-30T03:50:27.500+0700: 16119.506: Total time for which application threads were stopped: 0.0000814 seconds, Stopping threads took: 0.0000089 seconds
2020-04-30T03:50:27.500+0700: 16119.506: Total time for which application threads were stopped: 0.0000689 seconds, Stopping threads took: 0.0000092 seconds
2020-04-30T03:50:27.500+0700: 16119.506: Total time for which application threads were stopped: 0.0000475 seconds, Stopping threads took: 0.0000041 seconds
2020-04-30T03:50:41.597+0700: 16133.602: Total time for which application threads were stopped: 0.0000987 seconds, Stopping threads took: 0.0000195 seconds
2020-04-30T03:50:41.597+0700: 16133.602: Total time for which application threads were stopped: 0.0000467 seconds, Stopping threads took: 0.0000061 seconds
2020-04-30T03:50:41.597+0700: 16133.602: Total time for which application threads were stopped: 0.0000399 seconds, Stopping threads took: 0.0000063 seconds
2020-04-30T03:50:41.597+0700: 16133.602: Total time for which application threads were stopped: 0.0000361 seconds, Stopping threads took: 0.0000054 seconds
2020-04-30T03:50:41.597+0700: 16133.603: Total time for which application threads were stopped: 0.0001466 seconds, Stopping threads took: 0.0000051 seconds
2020-04-30T03:50:41.603+0700: 16133.608: Total time for which application threads were stopped: 0.0001635 seconds, Stopping threads took: 0.0000133 seconds
2020-04-30T03:50:41.613+0700: 16133.619: Total time for which application threads were stopped: 0.0001018 seconds, Stopping threads took: 0.0000328 seconds
2020-04-30T03:50:45.579+0700: 16137.584: Total time for which application threads were stopped: 0.0001545 seconds, Stopping threads took: 0.0000228 seconds
2020-04-30T03:50:45.579+0700: 16137.584: Total time for which application threads were stopped: 0.0000809 seconds, Stopping threads took: 0.0000088 seconds
2020-04-30T03:50:45.579+0700: 16137.584: Total time for which application threads were stopped: 0.0000575 seconds, Stopping threads took: 0.0000067 seconds
2020-04-30T03:50:45.579+0700: 16137.584: Total time for which application threads were stopped: 0.0000442 seconds, Stopping threads took: 0.0000039 seconds
2020-04-30T03:50:58.423+0700: 16150.427: Total time for which application threads were stopped: 0.0001515 seconds, Stopping threads took: 0.0000164 seconds
2020-04-30T03:51:01.715+0700: 16153.719: Total time for which application threads were stopped: 0.0001601 seconds, Stopping threads took: 0.0000213 seconds
2020-04-30T03:51:01.715+0700: 16153.719: Total time for which application threads were stopped: 0.0000838 seconds, Stopping threads took: 0.0000093 seconds
2020-04-30T03:51:01.715+0700: 16153.720: Total time for which application threads were stopped: 0.0000707 seconds, Stopping threads took: 0.0000101 seconds
2020-04-30T03:51:01.715+0700: 16153.720: Total time for which application threads were stopped: 0.0000488 seconds, Stopping threads took: 0.0000044 seconds
2020-04-30T03:51:14.933+0700: 16166.937: Total time for which application threads were stopped: 0.0001332 seconds, Stopping threads took: 0.0000485 seconds
2020-04-30T03:51:29.866+0700: 16181.870: Total time for which application threads were stopped: 0.0001547 seconds, Stopping threads took: 0.0000208 seconds
2020-04-30T03:51:29.866+0700: 16181.870: Total time for which application threads were stopped: 0.0000807 seconds, Stopping threads took: 0.0000086 seconds
2020-04-30T03:51:29.866+0700: 16181.870: Total time for which application threads were stopped: 0.0000690 seconds, Stopping threads took: 0.0000091 seconds
2020-04-30T03:51:29.866+0700: 16181.870: Total time for which application threads were stopped: 0.0000824 seconds, Stopping threads took: 0.0000043 seconds
2020-04-30T03:51:40.844+0700: 16192.848: Total time for which application threads were stopped: 0.0001888 seconds, Stopping threads took: 0.0000519 seconds
2020-04-30T03:51:40.844+0700: 16192.848: Total time for which application threads were stopped: 0.0001019 seconds, Stopping threads took: 0.0000066 seconds
2020-04-30T03:51:40.851+0700: 16192.855: Total time for which application threads were stopped: 0.0000897 seconds, Stopping threads took: 0.0000290 seconds
2020-04-30T03:51:45.977+0700: 16197.981: Total time for which application threads were stopped: 0.0001561 seconds, Stopping threads took: 0.0000199 seconds
2020-04-30T03:51:45.977+0700: 16197.981: Total time for which application threads were stopped: 0.0000750 seconds, Stopping threads took: 0.0000081 seconds
2020-04-30T03:51:45.977+0700: 16197.981: Total time for which application threads were stopped: 0.0000563 seconds, Stopping threads took: 0.0000070 seconds
2020-04-30T03:51:45.977+0700: 16197.981: Total time for which application threads were stopped: 0.0000421 seconds, Stopping threads took: 0.0000038 seconds
2020-04-30T03:51:58.263+0700: 16210.266: Total time for which application threads were stopped: 0.0001354 seconds, Stopping threads took: 0.0000167 seconds
2020-04-30T03:52:02.941+0700: 16214.944: Total time for which application threads were stopped: 0.0001528 seconds, Stopping threads took: 0.0000205 seconds
2020-04-30T03:52:02.941+0700: 16214.944: Total time for which application threads were stopped: 0.0000770 seconds, Stopping threads took: 0.0000083 seconds
2020-04-30T03:52:02.941+0700: 16214.944: Total time for which application threads were stopped: 0.0000593 seconds, Stopping threads took: 0.0000075 seconds
2020-04-30T03:52:02.941+0700: 16214.944: Total time for which application threads were stopped: 0.0000454 seconds, Stopping threads took: 0.0000041 seconds
2020-04-30T03:52:13.601+0700: 16225.605: Total time for which application threads were stopped: 0.0001187 seconds, Stopping threads took: 0.0000347 seconds
2020-04-30T03:52:19.477+0700: 16231.480: Total time for which application threads were stopped: 0.0001630 seconds, Stopping threads took: 0.0000228 seconds
2020-04-30T03:52:19.477+0700: 16231.480: Total time for which application threads were stopped: 0.0000618 seconds, Stopping threads took: 0.0000069 seconds
2020-04-30T03:52:19.477+0700: 16231.480: Total time for which application threads were stopped: 0.0000790 seconds, Stopping threads took: 0.0000109 seconds
2020-04-30T03:52:19.477+0700: 16231.480: Total time for which application threads were stopped: 0.0000477 seconds, Stopping threads took: 0.0000042 seconds
2020-04-30T03:52:31.401+0700: 16243.404: Total time for which application threads were stopped: 0.0001561 seconds, Stopping threads took: 0.0000519 seconds
2020-04-30T03:52:31.402+0700: 16243.404: Total time for which application threads were stopped: 0.0000999 seconds, Stopping threads took: 0.0000228 seconds
2020-04-30T03:52:31.409+0700: 16243.412: Total time for which application threads were stopped: 0.0000783 seconds, Stopping threads took: 0.0000127 seconds
2020-04-30T03:52:33.800+0700: 16245.803: Total time for which application threads were stopped: 0.0001636 seconds, Stopping threads took: 0.0000226 seconds
2020-04-30T03:52:33.800+0700: 16245.803: Total time for which application threads were stopped: 0.0000839 seconds, Stopping threads took: 0.0000084 seconds
2020-04-30T03:52:33.800+0700: 16245.803: Total time for which application threads were stopped: 0.0000729 seconds, Stopping threads took: 0.0000101 seconds
2020-04-30T03:52:33.800+0700: 16245.803: Total time for which application threads were stopped: 0.0000488 seconds, Stopping threads took: 0.0000044 seconds
2020-04-30T03:52:46.794+0700: 16258.797: Total time for which application threads were stopped: 0.0002321 seconds, Stopping threads took: 0.0000348 seconds
2020-04-30T03:52:46.796+0700: 16258.798: Total time for which application threads were stopped: 0.0001398 seconds, Stopping threads took: 0.0000091 seconds
2020-04-30T03:52:48.958+0700: 16260.960: Total time for which application threads were stopped: 0.0001607 seconds, Stopping threads took: 0.0000215 seconds
2020-04-30T03:52:48.958+0700: 16260.960: Total time for which application threads were stopped: 0.0000802 seconds, Stopping threads took: 0.0000091 seconds
2020-04-30T03:52:48.958+0700: 16260.960: Total time for which application threads were stopped: 0.0000607 seconds, Stopping threads took: 0.0000071 seconds
2020-04-30T03:52:48.958+0700: 16260.960: Total time for which application threads were stopped: 0.0000455 seconds, Stopping threads took: 0.0000041 seconds
2020-04-30T03:53:02.236+0700: 16274.238: Total time for which application threads were stopped: 0.0001563 seconds, Stopping threads took: 0.0000428 seconds
2020-04-30T03:53:02.236+0700: 16274.239: Total time for which application threads were stopped: 0.0000724 seconds, Stopping threads took: 0.0000089 seconds
2020-04-30T03:53:02.237+0700: 16274.239: Total time for which application threads were stopped: 0.0000988 seconds, Stopping threads took: 0.0000288 seconds
2020-04-30T03:53:02.237+0700: 16274.239: Total time for which application threads were stopped: 0.0000721 seconds, Stopping threads took: 0.0000237 seconds
2020-04-30T03:53:02.238+0700: 16274.240: Total time for which application threads were stopped: 0.0000604 seconds, Stopping threads took: 0.0000072 seconds
2020-04-30T03:53:02.289+0700: 16274.291: Total time for which application threads were stopped: 0.0000807 seconds, Stopping threads took: 0.0000139 seconds
2020-04-30T03:53:02.290+0700: 16274.292: Total time for which application threads were stopped: 0.0000600 seconds, Stopping threads took: 0.0000089 seconds
2020-04-30T03:53:02.426+0700: 16274.428: Total time for which application threads were stopped: 0.0000934 seconds, Stopping threads took: 0.0000171 seconds
2020-04-30T03:53:02.429+0700: 16274.431: Total time for which application threads were stopped: 0.0000709 seconds, Stopping threads took: 0.0000133 seconds
2020-04-30T03:53:07.077+0700: 16279.079: Total time for which application threads were stopped: 0.0001542 seconds, Stopping threads took: 0.0000223 seconds
2020-04-30T03:53:07.077+0700: 16279.079: Total time for which application threads were stopped: 0.0000842 seconds, Stopping threads took: 0.0000091 seconds
2020-04-30T03:53:07.077+0700: 16279.079: Total time for which application threads were stopped: 0.0000607 seconds, Stopping threads took: 0.0000071 seconds
2020-04-30T03:53:07.077+0700: 16279.079: Total time for which application threads were stopped: 0.0000482 seconds, Stopping threads took: 0.0000044 seconds
2020-04-30T03:53:21.074+0700: 16293.076: Total time for which application threads were stopped: 0.0001184 seconds, Stopping threads took: 0.0000173 seconds
2020-04-30T03:53:21.076+0700: 16293.077: Total time for which application threads were stopped: 0.0001209 seconds, Stopping threads took: 0.0000112 seconds
2020-04-30T03:53:21.076+0700: 16293.077: Total time for which application threads were stopped: 0.0000827 seconds, Stopping threads took: 0.0000054 seconds
2020-04-30T03:53:21.077+0700: 16293.079: Total time for which application threads were stopped: 0.0000744 seconds, Stopping threads took: 0.0000135 seconds
2020-04-30T03:53:21.077+0700: 16293.079: Total time for which application threads were stopped: 0.0000478 seconds, Stopping threads took: 0.0000065 seconds
2020-04-30T03:53:21.078+0700: 16293.079: Total time for which application threads were stopped: 0.0000405 seconds, Stopping threads took: 0.0000057 seconds
2020-04-30T03:53:21.078+0700: 16293.079: Total time for which application threads were stopped: 0.0000360 seconds, Stopping threads took: 0.0000054 seconds
2020-04-30T03:53:21.078+0700: 16293.079: Total time for which application threads were stopped: 0.0000364 seconds, Stopping threads took: 0.0000052 seconds
2020-04-30T03:53:21.078+0700: 16293.079: Total time for which application threads were stopped: 0.0000356 seconds, Stopping threads took: 0.0000050 seconds
2020-04-30T03:53:21.078+0700: 16293.080: Total time for which application threads were stopped: 0.0000391 seconds, Stopping threads took: 0.0000055 seconds
2020-04-30T03:53:21.078+0700: 16293.080: Total time for which application threads were stopped: 0.0000370 seconds, Stopping threads took: 0.0000053 seconds
2020-04-30T03:53:21.078+0700: 16293.080: Total time for which application threads were stopped: 0.0000447 seconds, Stopping threads took: 0.0000069 seconds
2020-04-30T03:53:21.078+0700: 16293.080: Total time for which application threads were stopped: 0.0000372 seconds, Stopping threads took: 0.0000051 seconds
2020-04-30T03:53:21.078+0700: 16293.080: Total time for which application threads were stopped: 0.0000351 seconds, Stopping threads took: 0.0000050 seconds
2020-04-30T03:53:21.078+0700: 16293.080: Total time for which application threads were stopped: 0.0000358 seconds, Stopping threads took: 0.0000050 seconds
2020-04-30T03:53:21.078+0700: 16293.080: Total time for which application threads were stopped: 0.0000345 seconds, Stopping threads took: 0.0000051 seconds
2020-04-30T03:53:21.078+0700: 16293.080: Total time for which application threads were stopped: 0.0000384 seconds, Stopping threads took: 0.0000054 seconds
2020-04-30T03:53:21.078+0700: 16293.080: Total time for which application threads were stopped: 0.0001459 seconds, Stopping threads took: 0.0000049 seconds
2020-04-30T03:53:21.086+0700: 16293.088: Total time for which application threads were stopped: 0.0001273 seconds, Stopping threads took: 0.0000327 seconds
2020-04-30T03:53:21.095+0700: 16293.097: Total time for which application threads were stopped: 0.0001178 seconds, Stopping threads took: 0.0000328 seconds
2020-04-30T03:53:26.845+0700: 16298.847: Total time for which application threads were stopped: 0.0001527 seconds, Stopping threads took: 0.0000208 seconds
2020-04-30T03:53:26.845+0700: 16298.847: Total time for which application threads were stopped: 0.0000802 seconds, Stopping threads took: 0.0000080 seconds
2020-04-30T03:53:26.846+0700: 16298.847: Total time for which application threads were stopped: 0.0000594 seconds, Stopping threads took: 0.0000068 seconds
2020-04-30T03:53:26.846+0700: 16298.847: Total time for which application threads were stopped: 0.0000463 seconds, Stopping threads took: 0.0000040 seconds
2020-04-30T03:53:56.068+0700: 16328.069: Total time for which application threads were stopped: 0.0001444 seconds, Stopping threads took: 0.0000205 seconds
2020-04-30T03:53:56.068+0700: 16328.069: Total time for which application threads were stopped: 0.0000764 seconds, Stopping threads took: 0.0000088 seconds
2020-04-30T03:53:56.068+0700: 16328.069: Total time for which application threads were stopped: 0.0000571 seconds, Stopping threads took: 0.0000077 seconds
2020-04-30T03:53:56.068+0700: 16328.069: Total time for which application threads were stopped: 0.0000431 seconds, Stopping threads took: 0.0000041 seconds
2020-04-30T03:54:08.831+0700: 16340.832: Total time for which application threads were stopped: 0.0001690 seconds, Stopping threads took: 0.0000394 seconds
2020-04-30T03:54:08.832+0700: 16340.832: Total time for which application threads were stopped: 0.0001032 seconds, Stopping threads took: 0.0000262 seconds
2020-04-30T03:55:05.780+0700: 16397.780: Total time for which application threads were stopped: 0.0004093 seconds, Stopping threads took: 0.0000827 seconds
2020-04-30T03:55:05.781+0700: 16397.780: Total time for which application threads were stopped: 0.0001086 seconds, Stopping threads took: 0.0000084 seconds
2020-04-30T03:55:05.781+0700: 16397.780: Total time for which application threads were stopped: 0.0001958 seconds, Stopping threads took: 0.0000063 seconds
2020-04-30T03:55:05.781+0700: 16397.781: Total time for which application threads were stopped: 0.0001304 seconds, Stopping threads took: 0.0000037 seconds
2020-04-30T03:55:08.256+0700: 16400.256: Total time for which application threads were stopped: 0.0001373 seconds, Stopping threads took: 0.0000211 seconds
2020-04-30T03:55:08.256+0700: 16400.257: Total time for which application threads were stopped: 0.0008839 seconds, Stopping threads took: 0.0000056 seconds
2020-04-30T03:55:23.361+0700: 16415.360: Total time for which application threads were stopped: 0.0001768 seconds, Stopping threads took: 0.0000236 seconds
2020-04-30T03:55:23.361+0700: 16415.360: Total time for which application threads were stopped: 0.0000720 seconds, Stopping threads took: 0.0000078 seconds
2020-04-30T03:55:23.361+0700: 16415.361: Total time for which application threads were stopped: 0.0000682 seconds, Stopping threads took: 0.0000080 seconds
2020-04-30T03:55:23.361+0700: 16415.361: Total time for which application threads were stopped: 0.0000538 seconds, Stopping threads took: 0.0000048 seconds
2020-04-30T03:55:33.997+0700: 16425.996: Total time for which application threads were stopped: 0.0001609 seconds, Stopping threads took: 0.0000515 seconds
2020-04-30T03:55:33.997+0700: 16425.996: Total time for which application threads were stopped: 0.0000991 seconds, Stopping threads took: 0.0000063 seconds
2020-04-30T03:55:35.513+0700: 16427.512: Total time for which application threads were stopped: 0.0001517 seconds, Stopping threads took: 0.0000216 seconds
2020-04-30T03:55:35.514+0700: 16427.513: Total time for which application threads were stopped: 0.0000786 seconds, Stopping threads took: 0.0000090 seconds
2020-04-30T03:55:35.514+0700: 16427.513: Total time for which application threads were stopped: 0.0000583 seconds, Stopping threads took: 0.0000072 seconds
2020-04-30T03:55:35.514+0700: 16427.513: Total time for which application threads were stopped: 0.0000453 seconds, Stopping threads took: 0.0000042 seconds
2020-04-30T03:55:53.052+0700: 16445.051: Total time for which application threads were stopped: 0.0001514 seconds, Stopping threads took: 0.0000206 seconds
2020-04-30T03:55:53.053+0700: 16445.051: Total time for which application threads were stopped: 0.0000802 seconds, Stopping threads took: 0.0000089 seconds
2020-04-30T03:55:53.053+0700: 16445.051: Total time for which application threads were stopped: 0.0000609 seconds, Stopping threads took: 0.0000077 seconds
2020-04-30T03:55:53.053+0700: 16445.051: Total time for which application threads were stopped: 0.0000461 seconds, Stopping threads took: 0.0000042 seconds
2020-04-30T03:56:06.604+0700: 16458.602: Total time for which application threads were stopped: 0.0001562 seconds, Stopping threads took: 0.0000524 seconds
2020-04-30T03:56:06.604+0700: 16458.602: Total time for which application threads were stopped: 0.0000982 seconds, Stopping threads took: 0.0000227 seconds
2020-04-30T03:56:15.541+0700: 16467.539: Total time for which application threads were stopped: 0.0001751 seconds, Stopping threads took: 0.0000242 seconds
2020-04-30T03:56:15.541+0700: 16467.539: Total time for which application threads were stopped: 0.0000723 seconds, Stopping threads took: 0.0000080 seconds
2020-04-30T03:56:15.541+0700: 16467.539: Total time for which application threads were stopped: 0.0000671 seconds, Stopping threads took: 0.0000076 seconds
2020-04-30T03:56:15.541+0700: 16467.539: Total time for which application threads were stopped: 0.0000535 seconds, Stopping threads took: 0.0000050 seconds
2020-04-30T03:56:26.262+0700: 16478.260: Total time for which application threads were stopped: 0.0001499 seconds, Stopping threads took: 0.0000194 seconds
2020-04-30T03:56:26.263+0700: 16478.260: Total time for which application threads were stopped: 0.0002282 seconds, Stopping threads took: 0.0000094 seconds
2020-04-30T03:56:26.263+0700: 16478.261: Total time for which application threads were stopped: 0.0000608 seconds, Stopping threads took: 0.0000071 seconds
2020-04-30T03:56:26.263+0700: 16478.261: Total time for which application threads were stopped: 0.0000452 seconds, Stopping threads took: 0.0000040 seconds
2020-04-30T03:56:27.896+0700: 16479.894: Total time for which application threads were stopped: 0.0001385 seconds, Stopping threads took: 0.0000182 seconds
2020-04-30T03:56:39.806+0700: 16491.803: Total time for which application threads were stopped: 0.0002626 seconds, Stopping threads took: 0.0000768 seconds
2020-04-30T03:56:39.806+0700: 16491.804: Total time for which application threads were stopped: 0.0001861 seconds, Stopping threads took: 0.0000337 seconds
2020-04-30T03:56:40.012+0700: 16492.010: Total time for which application threads were stopped: 0.0001010 seconds, Stopping threads took: 0.0000179 seconds
2020-04-30T03:56:41.013+0700: 16493.010: Total time for which application threads were stopped: 0.0000984 seconds, Stopping threads took: 0.0000198 seconds
2020-04-30T03:56:43.666+0700: 16495.664: Total time for which application threads were stopped: 0.0002965 seconds, Stopping threads took: 0.0000198 seconds
2020-04-30T03:56:43.667+0700: 16495.664: Total time for which application threads were stopped: 0.0000728 seconds, Stopping threads took: 0.0000085 seconds
2020-04-30T03:56:43.667+0700: 16495.664: Total time for which application threads were stopped: 0.0000699 seconds, Stopping threads took: 0.0000091 seconds
2020-04-30T03:56:43.667+0700: 16495.664: Total time for which application threads were stopped: 0.0000473 seconds, Stopping threads took: 0.0000043 seconds
2020-04-30T03:56:44.942+0700: 16496.940: Total time for which application threads were stopped: 0.0001594 seconds, Stopping threads took: 0.0000216 seconds
2020-04-30T03:56:53.551+0700: 16505.548: Total time for which application threads were stopped: 0.0001053 seconds, Stopping threads took: 0.0000161 seconds
2020-04-30T03:56:53.551+0700: 16505.549: Total time for which application threads were stopped: 0.0000929 seconds, Stopping threads took: 0.0000205 seconds
2020-04-30T03:56:53.551+0700: 16505.549: Total time for which application threads were stopped: 0.0000575 seconds, Stopping threads took: 0.0000229 seconds
2020-04-30T03:56:53.551+0700: 16505.549: Total time for which application threads were stopped: 0.0000872 seconds, Stopping threads took: 0.0000239 seconds
2020-04-30T03:56:53.552+0700: 16505.549: Total time for which application threads were stopped: 0.0001044 seconds, Stopping threads took: 0.0000236 seconds
2020-04-30T03:56:53.552+0700: 16505.549: Total time for which application threads were stopped: 0.0001037 seconds, Stopping threads took: 0.0000234 seconds
2020-04-30T03:56:53.552+0700: 16505.549: Total time for which application threads were stopped: 0.0001041 seconds, Stopping threads took: 0.0000236 seconds
2020-04-30T03:56:53.552+0700: 16505.549: Total time for which application threads were stopped: 0.0001036 seconds, Stopping threads took: 0.0000236 seconds
2020-04-30T03:56:53.552+0700: 16505.549: Total time for which application threads were stopped: 0.0001033 seconds, Stopping threads took: 0.0000234 seconds
2020-04-30T03:56:53.552+0700: 16505.549: Total time for which application threads were stopped: 0.0001036 seconds, Stopping threads took: 0.0000236 seconds
2020-04-30T03:56:53.552+0700: 16505.550: Total time for which application threads were stopped: 0.0000873 seconds, Stopping threads took: 0.0000046 seconds
2020-04-30T03:56:53.552+0700: 16505.550: Total time for which application threads were stopped: 0.0001034 seconds, Stopping threads took: 0.0000235 seconds
2020-04-30T03:56:53.552+0700: 16505.550: Total time for which application threads were stopped: 0.0000988 seconds, Stopping threads took: 0.0000234 seconds
2020-04-30T03:56:53.553+0700: 16505.550: Total time for which application threads were stopped: 0.0000577 seconds, Stopping threads took: 0.0000232 seconds
2020-04-30T03:56:53.553+0700: 16505.550: Total time for which application threads were stopped: 0.0000663 seconds, Stopping threads took: 0.0000053 seconds
2020-04-30T03:56:57.362+0700: 16509.360: Total time for which application threads were stopped: 0.0001269 seconds, Stopping threads took: 0.0000333 seconds
2020-04-30T03:56:57.365+0700: 16509.362: Total time for which application threads were stopped: 0.0000898 seconds, Stopping threads took: 0.0000123 seconds
2020-04-30T03:56:57.373+0700: 16509.370: Total time for which application threads were stopped: 0.0001368 seconds, Stopping threads took: 0.0000312 seconds
2020-04-30T03:56:57.375+0700: 16509.373: Total time for which application threads were stopped: 0.0001842 seconds, Stopping threads took: 0.0000151 seconds
2020-04-30T03:56:57.392+0700: 16509.390: Total time for which application threads were stopped: 0.0001138 seconds, Stopping threads took: 0.0000172 seconds
2020-04-30T03:56:59.386+0700: 16511.384: Total time for which application threads were stopped: 0.0001489 seconds, Stopping threads took: 0.0000201 seconds
2020-04-30T03:56:59.387+0700: 16511.384: Total time for which application threads were stopped: 0.0000807 seconds, Stopping threads took: 0.0000084 seconds
2020-04-30T03:56:59.387+0700: 16511.384: Total time for which application threads were stopped: 0.0000715 seconds, Stopping threads took: 0.0000109 seconds
2020-04-30T03:56:59.387+0700: 16511.384: Total time for which application threads were stopped: 0.0000547 seconds, Stopping threads took: 0.0000063 seconds
2020-04-30T03:57:12.749+0700: 16524.746: Total time for which application threads were stopped: 0.0000966 seconds, Stopping threads took: 0.0000160 seconds
2020-04-30T03:57:21.005+0700: 16533.002: Total time for which application threads were stopped: 0.0001731 seconds, Stopping threads took: 0.0000231 seconds
2020-04-30T03:57:21.006+0700: 16533.002: Total time for which application threads were stopped: 0.0000729 seconds, Stopping threads took: 0.0000086 seconds
2020-04-30T03:57:21.006+0700: 16533.002: Total time for which application threads were stopped: 0.0000669 seconds, Stopping threads took: 0.0000076 seconds
2020-04-30T03:57:21.006+0700: 16533.002: Total time for which application threads were stopped: 0.0000532 seconds, Stopping threads took: 0.0000047 seconds
2020-04-30T03:57:31.608+0700: 16543.605: Total time for which application threads were stopped: 0.0001094 seconds, Stopping threads took: 0.0000325 seconds
2020-04-30T03:57:37.008+0700: 16549.004: Total time for which application threads were stopped: 0.0001618 seconds, Stopping threads took: 0.0000202 seconds
2020-04-30T03:57:37.008+0700: 16549.005: Total time for which application threads were stopped: 0.0000768 seconds, Stopping threads took: 0.0000077 seconds
2020-04-30T03:57:37.008+0700: 16549.005: Total time for which application threads were stopped: 0.0000778 seconds, Stopping threads took: 0.0000083 seconds
2020-04-30T03:57:37.008+0700: 16549.005: Total time for which application threads were stopped: 0.0000489 seconds, Stopping threads took: 0.0000044 seconds
2020-04-30T03:57:50.095+0700: 16562.092: Total time for which application threads were stopped: 0.0001185 seconds, Stopping threads took: 0.0000198 seconds
2020-04-30T03:57:51.844+0700: 16563.840: Total time for which application threads were stopped: 0.0001600 seconds, Stopping threads took: 0.0000208 seconds
2020-04-30T03:57:51.845+0700: 16563.841: Total time for which application threads were stopped: 0.0000838 seconds, Stopping threads took: 0.0000088 seconds
2020-04-30T03:57:51.845+0700: 16563.841: Total time for which application threads were stopped: 0.0000603 seconds, Stopping threads took: 0.0000073 seconds
2020-04-30T03:57:51.845+0700: 16563.841: Total time for which application threads were stopped: 0.0000461 seconds, Stopping threads took: 0.0000040 seconds
2020-04-30T03:58:05.171+0700: 16577.167: Total time for which application threads were stopped: 0.0001078 seconds, Stopping threads took: 0.0000324 seconds
2020-04-30T03:58:13.315+0700: 16585.310: Total time for which application threads were stopped: 0.0001726 seconds, Stopping threads took: 0.0000225 seconds
2020-04-30T03:58:13.315+0700: 16585.310: Total time for which application threads were stopped: 0.0000736 seconds, Stopping threads took: 0.0000083 seconds
2020-04-30T03:58:13.315+0700: 16585.311: Total time for which application threads were stopped: 0.0000691 seconds, Stopping threads took: 0.0000080 seconds
2020-04-30T03:58:13.315+0700: 16585.311: Total time for which application threads were stopped: 0.0000541 seconds, Stopping threads took: 0.0000047 seconds
{Heap before GC invocations=39 (full 0):
 garbage-first heap   total 524288K, used 374638K [0x00000007a0000000, 0x00000007a0101000, 0x00000007c0000000)
  region size 1024K, 307 young (314368K), 14 survivors (14336K)
 Metaspace       used 53960K, capacity 56214K, committed 56392K, reserved 1099776K
  class space    used 6217K, capacity 6670K, committed 6732K, reserved 1048576K
2020-04-30T03:58:22.803+0700: 16594.799: [GC pause (G1 Evacuation Pause) (young)
Desired survivor size 20447232 bytes, new threshold 15 (max 15)
- age   1:    7556200 bytes,    7556200 total
- age   2:      40032 bytes,    7596232 total
- age   3:      91888 bytes,    7688120 total
- age   4:     113872 bytes,    7801992 total
- age   5:        624 bytes,    7802616 total
- age   6:       8104 bytes,    7810720 total
- age   7:       8072 bytes,    7818792 total
- age   8:      40240 bytes,    7859032 total
- age   9:      19512 bytes,    7878544 total
- age  10:      54528 bytes,    7933072 total
- age  11:    1765912 bytes,    9698984 total
- age  12:      31360 bytes,    9730344 total
- age  13:       4392 bytes,    9734736 total
- age  14:      38960 bytes,    9773696 total
- age  15:       8720 bytes,    9782416 total
, 0.0035706 secs]
   [Parallel Time: 2.4 ms, GC Workers: 8]
      [GC Worker Start (ms): Min: 16594798.6, Avg: 16594798.7, Max: 16594798.7, Diff: 0.1]
      [Ext Root Scanning (ms): Min: 0.2, Avg: 0.5, Max: 1.7, Diff: 1.5, Sum: 4.0]
      [Update RS (ms): Min: 0.0, Avg: 0.3, Max: 0.6, Diff: 0.6, Sum: 2.1]
         [Processed Buffers: Min: 0, Avg: 2.8, Max: 11, Diff: 11, Sum: 22]
      [Scan RS (ms): Min: 0.0, Avg: 0.0, Max: 0.0, Diff: 0.0, Sum: 0.2]
      [Code Root Scanning (ms): Min: 0.0, Avg: 0.1, Max: 0.1, Diff: 0.1, Sum: 0.4]
      [Object Copy (ms): Min: 0.6, Avg: 1.4, Max: 1.6, Diff: 1.0, Sum: 11.3]
      [Termination (ms): Min: 0.0, Avg: 0.0, Max: 0.0, Diff: 0.0, Sum: 0.0]
         [Termination Attempts: Min: 1, Avg: 1.0, Max: 1, Diff: 0, Sum: 8]
      [GC Worker Other (ms): Min: 0.0, Avg: 0.0, Max: 0.1, Diff: 0.0, Sum: 0.3]
      [GC Worker Total (ms): Min: 2.3, Avg: 2.3, Max: 2.3, Diff: 0.1, Sum: 18.2]
      [GC Worker End (ms): Min: 16594800.9, Avg: 16594801.0, Max: 16594801.0, Diff: 0.0]
   [Code Root Fixup: 0.0 ms]
   [Code Root Purge: 0.0 ms]
   [Clear CT: 0.1 ms]
   [Other: 1.1 ms]
      [Choose CSet: 0.0 ms]
      [Ref Proc: 0.8 ms]
      [Ref Enq: 0.1 ms]
      [Redirty Cards: 0.1 ms]
      [Humongous Register: 0.0 ms]
      [Humongous Reclaim: 0.0 ms]
      [Free CSet: 0.1 ms]
   [Eden: 293.0M(293.0M)->0.0B(293.0M) Survivors: 14.0M->14.0M Heap: 365.9M(512.0M)->72.4M(512.0M)]
Heap after GC invocations=40 (full 0):
 garbage-first heap   total 524288K, used 74112K [0x00000007a0000000, 0x00000007a0101000, 0x00000007c0000000)
  region size 1024K, 14 young (14336K), 14 survivors (14336K)
 Metaspace       used 53960K, capacity 56214K, committed 56392K, reserved 1099776K
  class space    used 6217K, capacity 6670K, committed 6732K, reserved 1048576K
}
 [Times: user=0.02 sys=0.00, real=0.00 secs] 
2020-04-30T03:58:22.807+0700: 16594.802: Total time for which application threads were stopped: 0.0038177 seconds, Stopping threads took: 0.0000171 seconds
2020-04-30T03:58:22.807+0700: 16594.803: Total time for which application threads were stopped: 0.0002002 seconds, Stopping threads took: 0.0000298 seconds
2020-04-30T03:58:22.813+0700: 16594.808: Total time for which application threads were stopped: 0.0001236 seconds, Stopping threads took: 0.0000462 seconds
2020-04-30T03:58:35.767+0700: 16607.762: Total time for which application threads were stopped: 0.0001502 seconds, Stopping threads took: 0.0000207 seconds
2020-04-30T03:58:35.767+0700: 16607.762: Total time for which application threads were stopped: 0.0000779 seconds, Stopping threads took: 0.0000080 seconds
2020-04-30T03:58:35.767+0700: 16607.762: Total time for which application threads were stopped: 0.0000987 seconds, Stopping threads took: 0.0000062 seconds
2020-04-30T03:58:35.767+0700: 16607.762: Total time for which application threads were stopped: 0.0000893 seconds, Stopping threads took: 0.0000236 seconds
2020-04-30T03:58:40.856+0700: 16612.851: Total time for which application threads were stopped: 0.0001073 seconds, Stopping threads took: 0.0000196 seconds
2020-04-30T03:58:40.856+0700: 16612.851: Total time for which application threads were stopped: 0.0000498 seconds, Stopping threads took: 0.0000063 seconds
2020-04-30T03:58:40.863+0700: 16612.858: Total time for which application threads were stopped: 0.0000935 seconds, Stopping threads took: 0.0000291 seconds
2020-04-30T03:58:47.857+0700: 16619.852: Total time for which application threads were stopped: 0.0001604 seconds, Stopping threads took: 0.0000214 seconds
2020-04-30T03:58:47.858+0700: 16619.852: Total time for which application threads were stopped: 0.0000612 seconds, Stopping threads took: 0.0000067 seconds
2020-04-30T03:58:47.858+0700: 16619.853: Total time for which application threads were stopped: 0.0000834 seconds, Stopping threads took: 0.0000238 seconds
2020-04-30T03:58:47.858+0700: 16619.853: Total time for which application threads were stopped: 0.0000546 seconds, Stopping threads took: 0.0000065 seconds
2020-04-30T03:58:57.612+0700: 16629.607: Total time for which application threads were stopped: 0.0001138 seconds, Stopping threads took: 0.0000188 seconds
2020-04-30T03:59:01.389+0700: 16633.384: Total time for which application threads were stopped: 0.0001747 seconds, Stopping threads took: 0.0000243 seconds
2020-04-30T03:59:01.390+0700: 16633.384: Total time for which application threads were stopped: 0.0000737 seconds, Stopping threads took: 0.0000083 seconds
2020-04-30T03:59:01.390+0700: 16633.384: Total time for which application threads were stopped: 0.0000674 seconds, Stopping threads took: 0.0000079 seconds
2020-04-30T03:59:01.390+0700: 16633.384: Total time for which application threads were stopped: 0.0000544 seconds, Stopping threads took: 0.0000050 seconds
2020-04-30T03:59:12.909+0700: 16644.904: Total time for which application threads were stopped: 0.0001238 seconds, Stopping threads took: 0.0000333 seconds
2020-04-30T03:59:12.910+0700: 16644.904: Total time for which application threads were stopped: 0.0001896 seconds, Stopping threads took: 0.0000284 seconds
2020-04-30T03:59:12.910+0700: 16644.905: Total time for which application threads were stopped: 0.0001024 seconds, Stopping threads took: 0.0000340 seconds
2020-04-30T03:59:12.911+0700: 16644.905: Total time for which application threads were stopped: 0.0001229 seconds, Stopping threads took: 0.0000526 seconds
2020-04-30T03:59:13.916+0700: 16645.911: Total time for which application threads were stopped: 0.0001932 seconds, Stopping threads took: 0.0000345 seconds
2020-04-30T03:59:15.634+0700: 16647.629: Total time for which application threads were stopped: 0.0001503 seconds, Stopping threads took: 0.0000205 seconds
2020-04-30T03:59:15.634+0700: 16647.629: Total time for which application threads were stopped: 0.0000765 seconds, Stopping threads took: 0.0000085 seconds
2020-04-30T03:59:15.634+0700: 16647.629: Total time for which application threads were stopped: 0.0001010 seconds, Stopping threads took: 0.0000096 seconds
2020-04-30T03:59:15.635+0700: 16647.629: Total time for which application threads were stopped: 0.0000518 seconds, Stopping threads took: 0.0000046 seconds
2020-04-30T03:59:28.978+0700: 16660.972: Total time for which application threads were stopped: 0.0001804 seconds, Stopping threads took: 0.0000624 seconds
2020-04-30T03:59:28.978+0700: 16660.972: Total time for which application threads were stopped: 0.0001069 seconds, Stopping threads took: 0.0000269 seconds
2020-04-30T03:59:28.980+0700: 16660.974: Total time for which application threads were stopped: 0.0000923 seconds, Stopping threads took: 0.0000296 seconds
2020-04-30T03:59:28.980+0700: 16660.974: Total time for which application threads were stopped: 0.0000833 seconds, Stopping threads took: 0.0000254 seconds
2020-04-30T03:59:28.980+0700: 16660.974: Total time for which application threads were stopped: 0.0000737 seconds, Stopping threads took: 0.0000246 seconds
2020-04-30T03:59:28.980+0700: 16660.974: Total time for which application threads were stopped: 0.0000516 seconds, Stopping threads took: 0.0000051 seconds
2020-04-30T03:59:28.980+0700: 16660.974: Total time for which application threads were stopped: 0.0001527 seconds, Stopping threads took: 0.0000054 seconds
2020-04-30T03:59:28.989+0700: 16660.983: Total time for which application threads were stopped: 0.0000794 seconds, Stopping threads took: 0.0000146 seconds
2020-04-30T03:59:28.990+0700: 16660.984: Total time for which application threads were stopped: 0.0000925 seconds, Stopping threads took: 0.0000153 seconds
2020-04-30T03:59:28.996+0700: 16660.990: Total time for which application threads were stopped: 0.0000799 seconds, Stopping threads took: 0.0000148 seconds
2020-04-30T03:59:29.010+0700: 16661.004: Total time for which application threads were stopped: 0.0001024 seconds, Stopping threads took: 0.0000318 seconds
2020-04-30T03:59:36.849+0700: 16668.843: Total time for which application threads were stopped: 0.0001764 seconds, Stopping threads took: 0.0000235 seconds
2020-04-30T03:59:36.849+0700: 16668.843: Total time for which application threads were stopped: 0.0000734 seconds, Stopping threads took: 0.0000084 seconds
2020-04-30T03:59:36.849+0700: 16668.843: Total time for which application threads were stopped: 0.0000679 seconds, Stopping threads took: 0.0000077 seconds
2020-04-30T03:59:36.850+0700: 16668.843: Total time for which application threads were stopped: 0.0000543 seconds, Stopping threads took: 0.0000047 seconds
2020-04-30T03:59:48.317+0700: 16680.311: Total time for which application threads were stopped: 0.0002527 seconds, Stopping threads took: 0.0000312 seconds
2020-04-30T03:59:48.317+0700: 16680.311: Total time for which application threads were stopped: 0.0001633 seconds, Stopping threads took: 0.0000259 seconds
2020-04-30T03:59:48.324+0700: 16680.317: Total time for which application threads were stopped: 0.0000920 seconds, Stopping threads took: 0.0000292 seconds
2020-04-30T04:00:01.414+0700: 16693.408: Total time for which application threads were stopped: 0.0001691 seconds, Stopping threads took: 0.0000288 seconds
2020-04-30T04:00:01.414+0700: 16693.408: Total time for which application threads were stopped: 0.0000904 seconds, Stopping threads took: 0.0000112 seconds
2020-04-30T04:00:01.415+0700: 16693.408: Total time for which application threads were stopped: 0.0000841 seconds, Stopping threads took: 0.0000224 seconds
2020-04-30T04:00:01.415+0700: 16693.408: Total time for which application threads were stopped: 0.0000637 seconds, Stopping threads took: 0.0000095 seconds
2020-04-30T04:00:13.519+0700: 16705.512: Total time for which application threads were stopped: 0.0001614 seconds, Stopping threads took: 0.0000333 seconds
2020-04-30T04:00:13.519+0700: 16705.512: Total time for which application threads were stopped: 0.0000627 seconds, Stopping threads took: 0.0000093 seconds
2020-04-30T04:00:13.525+0700: 16705.518: Total time for which application threads were stopped: 0.0001999 seconds, Stopping threads took: 0.0000298 seconds
2020-04-30T04:00:17.801+0700: 16709.794: Total time for which application threads were stopped: 0.0001769 seconds, Stopping threads took: 0.0000232 seconds
2020-04-30T04:00:17.801+0700: 16709.794: Total time for which application threads were stopped: 0.0000791 seconds, Stopping threads took: 0.0000082 seconds
2020-04-30T04:00:17.801+0700: 16709.794: Total time for which application threads were stopped: 0.0000684 seconds, Stopping threads took: 0.0000077 seconds
2020-04-30T04:00:17.802+0700: 16709.795: Total time for which application threads were stopped: 0.0000540 seconds, Stopping threads took: 0.0000048 seconds
2020-04-30T04:00:28.776+0700: 16720.769: Total time for which application threads were stopped: 0.0001493 seconds, Stopping threads took: 0.0000308 seconds
2020-04-30T04:00:28.776+0700: 16720.769: Total time for which application threads were stopped: 0.0000957 seconds, Stopping threads took: 0.0000069 seconds
2020-04-30T04:00:28.783+0700: 16720.776: Total time for which application threads were stopped: 0.0001277 seconds, Stopping threads took: 0.0000490 seconds
2020-04-30T04:00:30.371+0700: 16722.364: Total time for which application threads were stopped: 0.0001633 seconds, Stopping threads took: 0.0000220 seconds
2020-04-30T04:00:30.371+0700: 16722.364: Total time for which application threads were stopped: 0.0000835 seconds, Stopping threads took: 0.0000099 seconds
2020-04-30T04:00:30.371+0700: 16722.364: Total time for which application threads were stopped: 0.0000695 seconds, Stopping threads took: 0.0000095 seconds
2020-04-30T04:00:30.371+0700: 16722.364: Total time for which application threads were stopped: 0.0000496 seconds, Stopping threads took: 0.0000044 seconds
2020-04-30T04:00:44.066+0700: 16736.059: Total time for which application threads were stopped: 0.0001251 seconds, Stopping threads took: 0.0000486 seconds
2020-04-30T04:00:53.704+0700: 16745.696: Total time for which application threads were stopped: 0.0001479 seconds, Stopping threads took: 0.0000207 seconds
2020-04-30T04:00:53.704+0700: 16745.696: Total time for which application threads were stopped: 0.0000749 seconds, Stopping threads took: 0.0000085 seconds
2020-04-30T04:00:53.704+0700: 16745.696: Total time for which application threads were stopped: 0.0000643 seconds, Stopping threads took: 0.0000086 seconds
2020-04-30T04:00:53.704+0700: 16745.696: Total time for which application threads were stopped: 0.0000583 seconds, Stopping threads took: 0.0000064 seconds
2020-04-30T04:01:01.389+0700: 16753.381: Total time for which application threads were stopped: 0.0001105 seconds, Stopping threads took: 0.0000317 seconds
2020-04-30T04:01:12.723+0700: 16764.715: Total time for which application threads were stopped: 0.0001596 seconds, Stopping threads took: 0.0000210 seconds
2020-04-30T04:01:12.723+0700: 16764.715: Total time for which application threads were stopped: 0.0000833 seconds, Stopping threads took: 0.0000091 seconds
2020-04-30T04:01:12.723+0700: 16764.715: Total time for which application threads were stopped: 0.0000702 seconds, Stopping threads took: 0.0000092 seconds
2020-04-30T04:01:12.723+0700: 16764.715: Total time for which application threads were stopped: 0.0000643 seconds, Stopping threads took: 0.0000041 seconds
2020-04-30T04:01:16.948+0700: 16768.940: Total time for which application threads were stopped: 0.0001123 seconds, Stopping threads took: 0.0000333 seconds
2020-04-30T04:01:29.908+0700: 16781.899: Total time for which application threads were stopped: 0.0001616 seconds, Stopping threads took: 0.0000223 seconds
2020-04-30T04:01:29.908+0700: 16781.899: Total time for which application threads were stopped: 0.0000635 seconds, Stopping threads took: 0.0000072 seconds
2020-04-30T04:01:29.908+0700: 16781.899: Total time for which application threads were stopped: 0.0000676 seconds, Stopping threads took: 0.0000084 seconds
2020-04-30T04:01:29.908+0700: 16781.899: Total time for which application threads were stopped: 0.0000467 seconds, Stopping threads took: 0.0000042 seconds
2020-04-30T04:01:37.757+0700: 16789.748: Total time for which application threads were stopped: 0.0001663 seconds, Stopping threads took: 0.0000337 seconds
2020-04-30T04:01:37.757+0700: 16789.748: Total time for which application threads were stopped: 0.0001034 seconds, Stopping threads took: 0.0000253 seconds
2020-04-30T04:01:37.765+0700: 16789.756: Total time for which application threads were stopped: 0.0000923 seconds, Stopping threads took: 0.0000291 seconds
2020-04-30T04:01:43.334+0700: 16795.325: Total time for which application threads were stopped: 0.0001484 seconds, Stopping threads took: 0.0000216 seconds
2020-04-30T04:01:43.334+0700: 16795.325: Total time for which application threads were stopped: 0.0000776 seconds, Stopping threads took: 0.0000081 seconds
2020-04-30T04:01:43.334+0700: 16795.325: Total time for which application threads were stopped: 0.0000596 seconds, Stopping threads took: 0.0000067 seconds
2020-04-30T04:01:43.334+0700: 16795.325: Total time for which application threads were stopped: 0.0000452 seconds, Stopping threads took: 0.0000040 seconds
2020-04-30T04:01:56.678+0700: 16808.669: Total time for which application threads were stopped: 0.0001852 seconds, Stopping threads took: 0.0000633 seconds
2020-04-30T04:01:56.678+0700: 16808.669: Total time for which application threads were stopped: 0.0000869 seconds, Stopping threads took: 0.0000156 seconds
2020-04-30T04:01:56.679+0700: 16808.670: Total time for which application threads were stopped: 0.0000715 seconds, Stopping threads took: 0.0000083 seconds
2020-04-30T04:01:56.679+0700: 16808.670: Total time for which application threads were stopped: 0.0000853 seconds, Stopping threads took: 0.0000278 seconds
2020-04-30T04:01:56.679+0700: 16808.670: Total time for which application threads were stopped: 0.0000632 seconds, Stopping threads took: 0.0000082 seconds
2020-04-30T04:01:56.679+0700: 16808.670: Total time for which application threads were stopped: 0.0000570 seconds, Stopping threads took: 0.0000060 seconds
2020-04-30T04:01:56.682+0700: 16808.673: Total time for which application threads were stopped: 0.0001232 seconds, Stopping threads took: 0.0000296 seconds
2020-04-30T04:01:56.683+0700: 16808.674: Total time for which application threads were stopped: 0.0000659 seconds, Stopping threads took: 0.0000093 seconds
2020-04-30T04:01:56.846+0700: 16808.836: Total time for which application threads were stopped: 0.0000976 seconds, Stopping threads took: 0.0000186 seconds
2020-04-30T04:01:56.849+0700: 16808.840: Total time for which application threads were stopped: 0.0001200 seconds, Stopping threads took: 0.0000120 seconds
2020-04-30T04:02:03.226+0700: 16815.216: Total time for which application threads were stopped: 0.0001572 seconds, Stopping threads took: 0.0000219 seconds
2020-04-30T04:02:03.226+0700: 16815.217: Total time for which application threads were stopped: 0.0000754 seconds, Stopping threads took: 0.0000081 seconds
2020-04-30T04:02:03.226+0700: 16815.217: Total time for which application threads were stopped: 0.0000632 seconds, Stopping threads took: 0.0000082 seconds
2020-04-30T04:02:03.226+0700: 16815.217: Total time for which application threads were stopped: 0.0000454 seconds, Stopping threads took: 0.0000040 seconds
2020-04-30T04:02:15.491+0700: 16827.481: Total time for which application threads were stopped: 0.0001564 seconds, Stopping threads took: 0.0000340 seconds
2020-04-30T04:02:15.491+0700: 16827.481: Total time for which application threads were stopped: 0.0001019 seconds, Stopping threads took: 0.0000248 seconds
2020-04-30T04:02:15.493+0700: 16827.483: Total time for which application threads were stopped: 0.0001015 seconds, Stopping threads took: 0.0000299 seconds
2020-04-30T04:02:15.493+0700: 16827.483: Total time for which application threads were stopped: 0.0000950 seconds, Stopping threads took: 0.0000250 seconds
2020-04-30T04:02:15.493+0700: 16827.484: Total time for which application threads were stopped: 0.0000722 seconds, Stopping threads took: 0.0000054 seconds
2020-04-30T04:02:15.493+0700: 16827.484: Total time for which application threads were stopped: 0.0001031 seconds, Stopping threads took: 0.0000051 seconds
2020-04-30T04:02:15.493+0700: 16827.484: Total time for which application threads were stopped: 0.0000871 seconds, Stopping threads took: 0.0000053 seconds
2020-04-30T04:02:15.493+0700: 16827.484: Total time for which application threads were stopped: 0.0000832 seconds, Stopping threads took: 0.0000052 seconds
2020-04-30T04:02:15.494+0700: 16827.484: Total time for which application threads were stopped: 0.0000503 seconds, Stopping threads took: 0.0000195 seconds
2020-04-30T04:02:15.494+0700: 16827.484: Total time for which application threads were stopped: 0.0000767 seconds, Stopping threads took: 0.0000263 seconds
2020-04-30T04:02:15.494+0700: 16827.484: Total time for which application threads were stopped: 0.0000501 seconds, Stopping threads took: 0.0000081 seconds
2020-04-30T04:02:15.494+0700: 16827.484: Total time for which application threads were stopped: 0.0000709 seconds, Stopping threads took: 0.0000052 seconds
2020-04-30T04:02:15.494+0700: 16827.484: Total time for which application threads were stopped: 0.0000860 seconds, Stopping threads took: 0.0000050 seconds
2020-04-30T04:02:15.494+0700: 16827.485: Total time for which application threads were stopped: 0.0000482 seconds, Stopping threads took: 0.0000082 seconds
2020-04-30T04:02:15.494+0700: 16827.485: Total time for which application threads were stopped: 0.0000846 seconds, Stopping threads took: 0.0000211 seconds
2020-04-30T04:02:15.494+0700: 16827.485: Total time for which application threads were stopped: 0.0000723 seconds, Stopping threads took: 0.0000050 seconds
2020-04-30T04:02:15.495+0700: 16827.485: Total time for which application threads were stopped: 0.0001710 seconds, Stopping threads took: 0.0000049 seconds
2020-04-30T04:02:15.499+0700: 16827.490: Total time for which application threads were stopped: 0.0000693 seconds, Stopping threads took: 0.0000126 seconds
2020-04-30T04:02:15.509+0700: 16827.500: Total time for which application threads were stopped: 0.0000795 seconds, Stopping threads took: 0.0000132 seconds
2020-04-30T04:02:15.521+0700: 16827.511: Total time for which application threads were stopped: 0.0002132 seconds, Stopping threads took: 0.0000157 seconds
2020-04-30T04:02:18.707+0700: 16830.698: Total time for which application threads were stopped: 0.0001600 seconds, Stopping threads took: 0.0000217 seconds
2020-04-30T04:02:18.707+0700: 16830.698: Total time for which application threads were stopped: 0.0000814 seconds, Stopping threads took: 0.0000078 seconds
2020-04-30T04:02:18.707+0700: 16830.698: Total time for which application threads were stopped: 0.0000720 seconds, Stopping threads took: 0.0000085 seconds
2020-04-30T04:02:18.707+0700: 16830.698: Total time for which application threads were stopped: 0.0000487 seconds, Stopping threads took: 0.0000046 seconds
2020-04-30T04:02:32.221+0700: 16844.211: Total time for which application threads were stopped: 0.0002082 seconds, Stopping threads took: 0.0000339 seconds
2020-04-30T04:02:34.888+0700: 16846.879: Total time for which application threads were stopped: 0.0001533 seconds, Stopping threads took: 0.0000212 seconds
2020-04-30T04:02:34.889+0700: 16846.879: Total time for which application threads were stopped: 0.0002187 seconds, Stopping threads took: 0.0000091 seconds
2020-04-30T04:02:34.889+0700: 16846.879: Total time for which application threads were stopped: 0.0000622 seconds, Stopping threads took: 0.0000075 seconds
2020-04-30T04:02:34.889+0700: 16846.879: Total time for which application threads were stopped: 0.0000489 seconds, Stopping threads took: 0.0000049 seconds
2020-04-30T04:02:38.421+0700: 16850.411: Total time for which application threads were stopped: 0.0001503 seconds, Stopping threads took: 0.0000200 seconds
2020-04-30T04:02:57.468+0700: 16869.458: Total time for which application threads were stopped: 0.0003213 seconds, Stopping threads took: 0.0000217 seconds
2020-04-30T04:02:57.468+0700: 16869.458: Total time for which application threads were stopped: 0.0000745 seconds, Stopping threads took: 0.0000091 seconds
2020-04-30T04:02:57.468+0700: 16869.458: Total time for which application threads were stopped: 0.0000676 seconds, Stopping threads took: 0.0000090 seconds
2020-04-30T04:02:57.468+0700: 16869.458: Total time for which application threads were stopped: 0.0000471 seconds, Stopping threads took: 0.0000044 seconds
2020-04-30T04:02:58.424+0700: 16870.414: Total time for which application threads were stopped: 0.0001596 seconds, Stopping threads took: 0.0000223 seconds
2020-04-30T04:03:11.283+0700: 16883.273: Total time for which application threads were stopped: 0.0001128 seconds, Stopping threads took: 0.0000178 seconds
2020-04-30T04:03:11.283+0700: 16883.273: Total time for which application threads were stopped: 0.0000515 seconds, Stopping threads took: 0.0000070 seconds
2020-04-30T04:03:15.203+0700: 16887.192: Total time for which application threads were stopped: 0.0001569 seconds, Stopping threads took: 0.0000204 seconds
2020-04-30T04:03:15.203+0700: 16887.192: Total time for which application threads were stopped: 0.0000770 seconds, Stopping threads took: 0.0000074 seconds
2020-04-30T04:03:15.203+0700: 16887.192: Total time for which application threads were stopped: 0.0000600 seconds, Stopping threads took: 0.0000073 seconds
2020-04-30T04:03:15.203+0700: 16887.192: Total time for which application threads were stopped: 0.0000451 seconds, Stopping threads took: 0.0000040 seconds
2020-04-30T04:03:28.601+0700: 16900.590: Total time for which application threads were stopped: 0.0001592 seconds, Stopping threads took: 0.0000376 seconds
2020-04-30T04:03:28.601+0700: 16900.590: Total time for which application threads were stopped: 0.0000851 seconds, Stopping threads took: 0.0000262 seconds
2020-04-30T04:03:31.561+0700: 16903.550: Total time for which application threads were stopped: 0.0001585 seconds, Stopping threads took: 0.0000209 seconds
2020-04-30T04:03:31.562+0700: 16903.550: Total time for which application threads were stopped: 0.0000817 seconds, Stopping threads took: 0.0000085 seconds
2020-04-30T04:03:31.562+0700: 16903.551: Total time for which application threads were stopped: 0.0000588 seconds, Stopping threads took: 0.0000068 seconds
2020-04-30T04:03:31.562+0700: 16903.551: Total time for which application threads were stopped: 0.0000445 seconds, Stopping threads took: 0.0000041 seconds
2020-04-30T04:03:47.749+0700: 16919.737: Total time for which application threads were stopped: 0.0001622 seconds, Stopping threads took: 0.0000219 seconds
2020-04-30T04:03:47.749+0700: 16919.737: Total time for which application threads were stopped: 0.0000815 seconds, Stopping threads took: 0.0000083 seconds
2020-04-30T04:03:47.749+0700: 16919.737: Total time for which application threads were stopped: 0.0000696 seconds, Stopping threads took: 0.0000095 seconds
2020-04-30T04:03:47.749+0700: 16919.738: Total time for which application threads were stopped: 0.0000498 seconds, Stopping threads took: 0.0000043 seconds
2020-04-30T04:04:03.573+0700: 16935.559: Total time for which application threads were stopped: 0.0001574 seconds, Stopping threads took: 0.0000214 seconds
2020-04-30T04:04:03.573+0700: 16935.560: Total time for which application threads were stopped: 0.0001003 seconds, Stopping threads took: 0.0000090 seconds
2020-04-30T04:04:03.573+0700: 16935.560: Total time for which application threads were stopped: 0.0001947 seconds, Stopping threads took: 0.0000088 seconds
2020-04-30T04:04:03.573+0700: 16935.560: Total time for which application threads were stopped: 0.0001387 seconds, Stopping threads took: 0.0000044 seconds
2020-04-30T04:04:05.631+0700: 16937.617: Total time for which application threads were stopped: 0.0001465 seconds, Stopping threads took: 0.0000217 seconds
2020-04-30T04:04:05.631+0700: 16937.617: Total time for which application threads were stopped: 0.0000623 seconds, Stopping threads took: 0.0000050 seconds
2020-04-30T04:04:25.148+0700: 16957.127: Total time for which application threads were stopped: 0.0001528 seconds, Stopping threads took: 0.0000203 seconds
2020-04-30T04:04:25.148+0700: 16957.127: Total time for which application threads were stopped: 0.0000892 seconds, Stopping threads took: 0.0000089 seconds
2020-04-30T04:04:25.148+0700: 16957.127: Total time for which application threads were stopped: 0.0000585 seconds, Stopping threads took: 0.0000069 seconds
2020-04-30T04:04:25.148+0700: 16957.127: Total time for which application threads were stopped: 0.0000449 seconds, Stopping threads took: 0.0000039 seconds
2020-04-30T04:04:38.854+0700: 16970.832: Total time for which application threads were stopped: 0.0001138 seconds, Stopping threads took: 0.0000206 seconds
2020-04-30T04:04:38.855+0700: 16970.832: Total time for which application threads were stopped: 0.0000527 seconds, Stopping threads took: 0.0000064 seconds
2020-04-30T04:04:38.862+0700: 16970.839: Total time for which application threads were stopped: 0.0001082 seconds, Stopping threads took: 0.0000188 seconds
2020-04-30T04:04:38.862+0700: 16970.839: Total time for which application threads were stopped: 0.0000708 seconds, Stopping threads took: 0.0000090 seconds
2020-04-30T04:04:38.863+0700: 16970.840: Total time for which application threads were stopped: 0.0000954 seconds, Stopping threads took: 0.0000293 seconds
{Heap before GC invocations=40 (full 0):
 garbage-first heap   total 524288K, used 374144K [0x00000007a0000000, 0x00000007a0101000, 0x00000007c0000000)
  region size 1024K, 307 young (314368K), 14 survivors (14336K)
 Metaspace       used 53960K, capacity 56214K, committed 56392K, reserved 1099776K
  class space    used 6217K, capacity 6670K, committed 6732K, reserved 1048576K
2020-04-30T04:04:39.085+0700: 16971.062: [GC pause (G1 Evacuation Pause) (young)
Desired survivor size 20447232 bytes, new threshold 15 (max 15)
- age   1:    5290600 bytes,    5290600 total
- age   2:    3722944 bytes,    9013544 total
- age   3:      39320 bytes,    9052864 total
- age   4:      80240 bytes,    9133104 total
- age   5:      90592 bytes,    9223696 total
- age   6:        496 bytes,    9224192 total
- age   7:       8104 bytes,    9232296 total
- age   8:       8072 bytes,    9240368 total
- age   9:      40048 bytes,    9280416 total
- age  10:      19512 bytes,    9299928 total
- age  11:      53344 bytes,    9353272 total
- age  12:    1765912 bytes,   11119184 total
- age  13:      31360 bytes,   11150544 total
- age  14:       4392 bytes,   11154936 total
- age  15:      38960 bytes,   11193896 total
, 0.0058348 secs]
   [Parallel Time: 3.7 ms, GC Workers: 8]
      [GC Worker Start (ms): Min: 16971062.3, Avg: 16971062.4, Max: 16971062.4, Diff: 0.1]
      [Ext Root Scanning (ms): Min: 0.1, Avg: 0.4, Max: 1.1, Diff: 1.0, Sum: 3.0]
      [Update RS (ms): Min: 0.0, Avg: 0.1, Max: 0.3, Diff: 0.3, Sum: 1.1]
         [Processed Buffers: Min: 0, Avg: 3.0, Max: 9, Diff: 9, Sum: 24]
      [Scan RS (ms): Min: 0.0, Avg: 0.0, Max: 0.0, Diff: 0.0, Sum: 0.2]
      [Code Root Scanning (ms): Min: 0.0, Avg: 0.0, Max: 0.1, Diff: 0.1, Sum: 0.3]
      [Object Copy (ms): Min: 2.5, Avg: 3.0, Max: 3.4, Diff: 1.0, Sum: 23.9]
      [Termination (ms): Min: 0.0, Avg: 0.0, Max: 0.0, Diff: 0.0, Sum: 0.2]
         [Termination Attempts: Min: 1, Avg: 1.0, Max: 1, Diff: 0, Sum: 8]
      [GC Worker Other (ms): Min: 0.0, Avg: 0.0, Max: 0.0, Diff: 0.0, Sum: 0.1]
      [GC Worker Total (ms): Min: 3.6, Avg: 3.6, Max: 3.7, Diff: 0.1, Sum: 28.9]
      [GC Worker End (ms): Min: 16971066.0, Avg: 16971066.0, Max: 16971066.0, Diff: 0.0]
   [Code Root Fixup: 0.0 ms]
   [Code Root Purge: 0.0 ms]
   [Clear CT: 0.1 ms]
   [Other: 2.1 ms]
      [Choose CSet: 0.0 ms]
      [Ref Proc: 1.7 ms]
      [Ref Enq: 0.1 ms]
      [Redirty Cards: 0.1 ms]
      [Humongous Register: 0.0 ms]
      [Humongous Reclaim: 0.0 ms]
      [Free CSet: 0.1 ms]
   [Eden: 293.0M(293.0M)->0.0B(289.0M) Survivors: 14.0M->18.0M Heap: 365.4M(512.0M)->76.4M(512.0M)]
Heap after GC invocations=41 (full 0):
 garbage-first heap   total 524288K, used 78256K [0x00000007a0000000, 0x00000007a0101000, 0x00000007c0000000)
  region size 1024K, 18 young (18432K), 18 survivors (18432K)
 Metaspace       used 53960K, capacity 56214K, committed 56392K, reserved 1099776K
  class space    used 6217K, capacity 6670K, committed 6732K, reserved 1048576K
}
 [Times: user=0.02 sys=0.01, real=0.01 secs] 
2020-04-30T04:04:39.091+0700: 16971.068: Total time for which application threads were stopped: 0.0060742 seconds, Stopping threads took: 0.0000372 seconds
2020-04-30T04:04:39.096+0700: 16971.074: Total time for which application threads were stopped: 0.0000998 seconds, Stopping threads took: 0.0000309 seconds
2020-04-30T04:04:43.624+0700: 16975.601: Total time for which application threads were stopped: 0.0001514 seconds, Stopping threads took: 0.0000207 seconds
2020-04-30T04:04:43.624+0700: 16975.601: Total time for which application threads were stopped: 0.0000824 seconds, Stopping threads took: 0.0000089 seconds
2020-04-30T04:04:43.624+0700: 16975.601: Total time for which application threads were stopped: 0.0000596 seconds, Stopping threads took: 0.0000071 seconds
2020-04-30T04:04:43.625+0700: 16975.601: Total time for which application threads were stopped: 0.0000460 seconds, Stopping threads took: 0.0000041 seconds
2020-04-30T04:04:53.681+0700: 16985.657: Total time for which application threads were stopped: 0.0001150 seconds, Stopping threads took: 0.0000345 seconds
2020-04-30T04:04:53.681+0700: 16985.657: Total time for which application threads were stopped: 0.0000563 seconds, Stopping threads took: 0.0000099 seconds
2020-04-30T04:04:53.681+0700: 16985.657: Total time for which application threads were stopped: 0.0000508 seconds, Stopping threads took: 0.0000053 seconds
2020-04-30T04:04:53.681+0700: 16985.657: Total time for which application threads were stopped: 0.0000767 seconds, Stopping threads took: 0.0000049 seconds
2020-04-30T04:04:53.681+0700: 16985.657: Total time for which application threads were stopped: 0.0000582 seconds, Stopping threads took: 0.0000230 seconds
2020-04-30T04:04:53.681+0700: 16985.657: Total time for which application threads were stopped: 0.0000785 seconds, Stopping threads took: 0.0000050 seconds
2020-04-30T04:04:53.681+0700: 16985.657: Total time for which application threads were stopped: 0.0000769 seconds, Stopping threads took: 0.0000049 seconds
2020-04-30T04:04:53.681+0700: 16985.657: Total time for which application threads were stopped: 0.0000509 seconds, Stopping threads took: 0.0000085 seconds
2020-04-30T04:04:53.681+0700: 16985.658: Total time for which application threads were stopped: 0.0000509 seconds, Stopping threads took: 0.0000050 seconds
2020-04-30T04:04:53.681+0700: 16985.658: Total time for which application threads were stopped: 0.0000496 seconds, Stopping threads took: 0.0000081 seconds
2020-04-30T04:04:53.681+0700: 16985.658: Total time for which application threads were stopped: 0.0000503 seconds, Stopping threads took: 0.0000048 seconds
2020-04-30T04:04:53.681+0700: 16985.658: Total time for which application threads were stopped: 0.0000499 seconds, Stopping threads took: 0.0000081 seconds
2020-04-30T04:04:53.682+0700: 16985.658: Total time for which application threads were stopped: 0.0000505 seconds, Stopping threads took: 0.0000050 seconds
2020-04-30T04:04:53.682+0700: 16985.658: Total time for which application threads were stopped: 0.0000505 seconds, Stopping threads took: 0.0000082 seconds
2020-04-30T04:04:53.682+0700: 16985.658: Total time for which application threads were stopped: 0.0000503 seconds, Stopping threads took: 0.0000050 seconds
2020-04-30T04:04:57.294+0700: 16989.270: Total time for which application threads were stopped: 0.0001207 seconds, Stopping threads took: 0.0000172 seconds
2020-04-30T04:04:57.294+0700: 16989.270: Total time for which application threads were stopped: 0.0000955 seconds, Stopping threads took: 0.0000251 seconds
2020-04-30T04:04:57.296+0700: 16989.272: Total time for which application threads were stopped: 0.0001898 seconds, Stopping threads took: 0.0000118 seconds
2020-04-30T04:04:57.312+0700: 16989.288: Total time for which application threads were stopped: 0.0000775 seconds, Stopping threads took: 0.0000129 seconds
2020-04-30T04:05:00.469+0700: 16992.445: Total time for which application threads were stopped: 0.0001509 seconds, Stopping threads took: 0.0000208 seconds
2020-04-30T04:05:00.469+0700: 16992.446: Total time for which application threads were stopped: 0.0001095 seconds, Stopping threads took: 0.0000082 seconds
2020-04-30T04:05:00.470+0700: 16992.446: Total time for which application threads were stopped: 0.0000684 seconds, Stopping threads took: 0.0000086 seconds
2020-04-30T04:05:00.470+0700: 16992.446: Total time for which application threads were stopped: 0.0000480 seconds, Stopping threads took: 0.0000042 seconds
2020-04-30T04:05:18.151+0700: 17010.126: Total time for which application threads were stopped: 0.0001574 seconds, Stopping threads took: 0.0000224 seconds
2020-04-30T04:05:18.151+0700: 17010.126: Total time for which application threads were stopped: 0.0000831 seconds, Stopping threads took: 0.0000096 seconds
2020-04-30T04:05:18.151+0700: 17010.126: Total time for which application threads were stopped: 0.0000714 seconds, Stopping threads took: 0.0000100 seconds
2020-04-30T04:05:18.151+0700: 17010.126: Total time for which application threads were stopped: 0.0000491 seconds, Stopping threads took: 0.0000047 seconds
2020-04-30T04:05:40.668+0700: 17032.643: Total time for which application threads were stopped: 0.0001498 seconds, Stopping threads took: 0.0000195 seconds
2020-04-30T04:05:40.668+0700: 17032.643: Total time for which application threads were stopped: 0.0000782 seconds, Stopping threads took: 0.0000086 seconds
2020-04-30T04:05:40.668+0700: 17032.643: Total time for which application threads were stopped: 0.0000588 seconds, Stopping threads took: 0.0000075 seconds
2020-04-30T04:05:40.668+0700: 17032.643: Total time for which application threads were stopped: 0.0000446 seconds, Stopping threads took: 0.0000041 seconds
2020-04-30T04:05:53.759+0700: 17045.734: Total time for which application threads were stopped: 0.0001338 seconds, Stopping threads took: 0.0000162 seconds
2020-04-30T04:05:53.759+0700: 17045.734: Total time for which application threads were stopped: 0.0000981 seconds, Stopping threads took: 0.0000249 seconds
2020-04-30T04:05:53.766+0700: 17045.741: Total time for which application threads were stopped: 0.0001108 seconds, Stopping threads took: 0.0000312 seconds
2020-04-30T04:05:58.831+0700: 17050.806: Total time for which application threads were stopped: 0.0001629 seconds, Stopping threads took: 0.0000218 seconds
2020-04-30T04:05:58.831+0700: 17050.806: Total time for which application threads were stopped: 0.0000619 seconds, Stopping threads took: 0.0000071 seconds
2020-04-30T04:05:58.831+0700: 17050.806: Total time for which application threads were stopped: 0.0000666 seconds, Stopping threads took: 0.0000087 seconds
2020-04-30T04:05:58.831+0700: 17050.806: Total time for which application threads were stopped: 0.0000476 seconds, Stopping threads took: 0.0000041 seconds
2020-04-30T04:06:10.004+0700: 17061.978: Total time for which application threads were stopped: 0.0001694 seconds, Stopping threads took: 0.0000341 seconds
2020-04-30T04:06:18.225+0700: 17070.199: Total time for which application threads were stopped: 0.0001633 seconds, Stopping threads took: 0.0000230 seconds
2020-04-30T04:06:18.225+0700: 17070.199: Total time for which application threads were stopped: 0.0000630 seconds, Stopping threads took: 0.0000066 seconds
2020-04-30T04:06:18.225+0700: 17070.199: Total time for which application threads were stopped: 0.0000660 seconds, Stopping threads took: 0.0000084 seconds
2020-04-30T04:06:18.225+0700: 17070.199: Total time for which application threads were stopped: 0.0000471 seconds, Stopping threads took: 0.0000043 seconds
2020-04-30T04:06:25.415+0700: 17077.389: Total time for which application threads were stopped: 0.0001063 seconds, Stopping threads took: 0.0000182 seconds
2020-04-30T04:06:25.415+0700: 17077.389: Total time for which application threads were stopped: 0.0000497 seconds, Stopping threads took: 0.0000065 seconds
2020-04-30T04:06:25.422+0700: 17077.396: Total time for which application threads were stopped: 0.0001322 seconds, Stopping threads took: 0.0000297 seconds
2020-04-30T04:06:28.926+0700: 17080.900: Total time for which application threads were stopped: 0.0001504 seconds, Stopping threads took: 0.0000213 seconds
2020-04-30T04:06:28.927+0700: 17080.900: Total time for which application threads were stopped: 0.0000863 seconds, Stopping threads took: 0.0000088 seconds
2020-04-30T04:06:28.927+0700: 17080.901: Total time for which application threads were stopped: 0.0000580 seconds, Stopping threads took: 0.0000065 seconds
2020-04-30T04:06:28.927+0700: 17080.901: Total time for which application threads were stopped: 0.0000611 seconds, Stopping threads took: 0.0000068 seconds
2020-04-30T04:06:42.910+0700: 17094.884: Total time for which application threads were stopped: 0.0001116 seconds, Stopping threads took: 0.0000324 seconds
2020-04-30T04:06:46.940+0700: 17098.914: Total time for which application threads were stopped: 0.0001745 seconds, Stopping threads took: 0.0000237 seconds
2020-04-30T04:06:46.940+0700: 17098.914: Total time for which application threads were stopped: 0.0000731 seconds, Stopping threads took: 0.0000084 seconds
2020-04-30T04:06:46.941+0700: 17098.914: Total time for which application threads were stopped: 0.0000683 seconds, Stopping threads took: 0.0000081 seconds
2020-04-30T04:06:46.941+0700: 17098.914: Total time for which application threads were stopped: 0.0000533 seconds, Stopping threads took: 0.0000048 seconds
2020-04-30T04:06:58.814+0700: 17110.788: Total time for which application threads were stopped: 0.0001128 seconds, Stopping threads took: 0.0000331 seconds
2020-04-30T04:07:01.289+0700: 17113.262: Total time for which application threads were stopped: 0.0001691 seconds, Stopping threads took: 0.0000366 seconds
2020-04-30T04:07:01.289+0700: 17113.262: Total time for which application threads were stopped: 0.0000924 seconds, Stopping threads took: 0.0000104 seconds
2020-04-30T04:07:01.289+0700: 17113.263: Total time for which application threads were stopped: 0.0000716 seconds, Stopping threads took: 0.0000103 seconds
2020-04-30T04:07:01.290+0700: 17113.263: Total time for which application threads were stopped: 0.0000667 seconds, Stopping threads took: 0.0000089 seconds
2020-04-30T04:07:04.309+0700: 17116.283: Total time for which application threads were stopped: 0.0001113 seconds, Stopping threads took: 0.0000197 seconds
2020-04-30T04:07:14.265+0700: 17126.238: Total time for which application threads were stopped: 0.0001679 seconds, Stopping threads took: 0.0000422 seconds
2020-04-30T04:07:14.265+0700: 17126.238: Total time for which application threads were stopped: 0.0000830 seconds, Stopping threads took: 0.0000190 seconds
2020-04-30T04:07:14.266+0700: 17126.239: Total time for which application threads were stopped: 0.0001529 seconds, Stopping threads took: 0.0000063 seconds
2020-04-30T04:07:14.266+0700: 17126.239: Total time for which application threads were stopped: 0.0000720 seconds, Stopping threads took: 0.0000069 seconds
2020-04-30T04:07:18.443+0700: 17130.416: Total time for which application threads were stopped: 0.0001915 seconds, Stopping threads took: 0.0000223 seconds
2020-04-30T04:07:18.443+0700: 17130.416: Total time for which application threads were stopped: 0.0000748 seconds, Stopping threads took: 0.0000084 seconds
2020-04-30T04:07:18.443+0700: 17130.416: Total time for which application threads were stopped: 0.0000682 seconds, Stopping threads took: 0.0000080 seconds
2020-04-30T04:07:18.443+0700: 17130.416: Total time for which application threads were stopped: 0.0000540 seconds, Stopping threads took: 0.0000050 seconds
2020-04-30T04:07:29.877+0700: 17141.849: Total time for which application threads were stopped: 0.0001149 seconds, Stopping threads took: 0.0000340 seconds
2020-04-30T04:07:29.882+0700: 17141.854: Total time for which application threads were stopped: 0.0000867 seconds, Stopping threads took: 0.0000283 seconds
2020-04-30T04:07:29.894+0700: 17141.867: Total time for which application threads were stopped: 0.0001187 seconds, Stopping threads took: 0.0000133 seconds
2020-04-30T04:07:38.636+0700: 17150.608: Total time for which application threads were stopped: 0.0001639 seconds, Stopping threads took: 0.0000229 seconds
2020-04-30T04:07:38.636+0700: 17150.608: Total time for which application threads were stopped: 0.0000655 seconds, Stopping threads took: 0.0000076 seconds
2020-04-30T04:07:38.636+0700: 17150.609: Total time for which application threads were stopped: 0.0000665 seconds, Stopping threads took: 0.0000086 seconds
2020-04-30T04:07:38.636+0700: 17150.609: Total time for which application threads were stopped: 0.0000472 seconds, Stopping threads took: 0.0000042 seconds
2020-04-30T04:07:49.082+0700: 17161.054: Total time for which application threads were stopped: 0.0001128 seconds, Stopping threads took: 0.0000318 seconds
2020-04-30T04:07:56.832+0700: 17168.804: Total time for which application threads were stopped: 0.0001464 seconds, Stopping threads took: 0.0000191 seconds
2020-04-30T04:07:56.832+0700: 17168.804: Total time for which application threads were stopped: 0.0000775 seconds, Stopping threads took: 0.0000079 seconds
2020-04-30T04:07:56.832+0700: 17168.804: Total time for which application threads were stopped: 0.0000561 seconds, Stopping threads took: 0.0000066 seconds
2020-04-30T04:07:56.832+0700: 17168.804: Total time for which application threads were stopped: 0.0000419 seconds, Stopping threads took: 0.0000038 seconds
2020-04-30T04:08:04.640+0700: 17176.612: Total time for which application threads were stopped: 0.0001125 seconds, Stopping threads took: 0.0000289 seconds
2020-04-30T04:08:09.933+0700: 17181.905: Total time for which application threads were stopped: 0.0001466 seconds, Stopping threads took: 0.0000195 seconds
2020-04-30T04:08:09.933+0700: 17181.905: Total time for which application threads were stopped: 0.0000789 seconds, Stopping threads took: 0.0000080 seconds
2020-04-30T04:08:09.933+0700: 17181.905: Total time for which application threads were stopped: 0.0000568 seconds, Stopping threads took: 0.0000067 seconds
2020-04-30T04:08:09.934+0700: 17181.905: Total time for which application threads were stopped: 0.0000432 seconds, Stopping threads took: 0.0000040 seconds
2020-04-30T04:08:22.648+0700: 17194.619: Total time for which application threads were stopped: 0.0001191 seconds, Stopping threads took: 0.0000204 seconds
2020-04-30T04:08:32.490+0700: 17204.461: Total time for which application threads were stopped: 0.0001852 seconds, Stopping threads took: 0.0000216 seconds
2020-04-30T04:08:32.490+0700: 17204.461: Total time for which application threads were stopped: 0.0000680 seconds, Stopping threads took: 0.0000084 seconds
2020-04-30T04:08:32.490+0700: 17204.461: Total time for which application threads were stopped: 0.0000581 seconds, Stopping threads took: 0.0000073 seconds
2020-04-30T04:08:32.490+0700: 17204.461: Total time for which application threads were stopped: 0.0000427 seconds, Stopping threads took: 0.0000039 seconds
2020-04-30T04:08:37.710+0700: 17209.681: Total time for which application threads were stopped: 0.0001149 seconds, Stopping threads took: 0.0000214 seconds
2020-04-30T04:08:37.710+0700: 17209.681: Total time for which application threads were stopped: 0.0000516 seconds, Stopping threads took: 0.0000066 seconds
2020-04-30T04:08:37.716+0700: 17209.688: Total time for which application threads were stopped: 0.0000808 seconds, Stopping threads took: 0.0000150 seconds
2020-04-30T04:08:43.185+0700: 17215.156: Total time for which application threads were stopped: 0.0001580 seconds, Stopping threads took: 0.0000203 seconds
2020-04-30T04:08:43.185+0700: 17215.156: Total time for which application threads were stopped: 0.0002130 seconds, Stopping threads took: 0.0000068 seconds
2020-04-30T04:08:43.185+0700: 17215.156: Total time for which application threads were stopped: 0.0001466 seconds, Stopping threads took: 0.0000085 seconds
2020-04-30T04:08:43.185+0700: 17215.156: Total time for which application threads were stopped: 0.0001184 seconds, Stopping threads took: 0.0000043 seconds
2020-04-30T04:08:45.717+0700: 17217.688: Total time for which application threads were stopped: 0.0001476 seconds, Stopping threads took: 0.0000192 seconds
2020-04-30T04:08:45.717+0700: 17217.688: Total time for which application threads were stopped: 0.0001016 seconds, Stopping threads took: 0.0000081 seconds
2020-04-30T04:08:45.717+0700: 17217.688: Total time for which application threads were stopped: 0.0000468 seconds, Stopping threads took: 0.0000044 seconds
2020-04-30T04:08:55.005+0700: 17226.976: Total time for which application threads were stopped: 0.0002091 seconds, Stopping threads took: 0.0000589 seconds
2020-04-30T04:08:57.738+0700: 17229.709: Total time for which application threads were stopped: 0.0003035 seconds, Stopping threads took: 0.0000200 seconds
2020-04-30T04:08:57.739+0700: 17229.709: Total time for which application threads were stopped: 0.0000652 seconds, Stopping threads took: 0.0000075 seconds
2020-04-30T04:08:57.739+0700: 17229.710: Total time for which application threads were stopped: 0.0000518 seconds, Stopping threads took: 0.0000059 seconds
2020-04-30T04:08:57.739+0700: 17229.710: Total time for which application threads were stopped: 0.0000385 seconds, Stopping threads took: 0.0000034 seconds
2020-04-30T04:09:03.163+0700: 17235.134: Total time for which application threads were stopped: 0.0001726 seconds, Stopping threads took: 0.0000225 seconds
2020-04-30T04:09:10.494+0700: 17242.464: Total time for which application threads were stopped: 0.0001428 seconds, Stopping threads took: 0.0000321 seconds
2020-04-30T04:09:10.494+0700: 17242.464: Total time for which application threads were stopped: 0.0000546 seconds, Stopping threads took: 0.0000071 seconds
2020-04-30T04:09:10.501+0700: 17242.471: Total time for which application threads were stopped: 0.0000914 seconds, Stopping threads took: 0.0000293 seconds
2020-04-30T04:09:28.107+0700: 17260.077: Total time for which application threads were stopped: 0.0001156 seconds, Stopping threads took: 0.0000340 seconds
2020-04-30T04:09:28.113+0700: 17260.084: Total time for which application threads were stopped: 0.0000930 seconds, Stopping threads took: 0.0000287 seconds
2020-04-30T04:09:28.113+0700: 17260.084: Total time for which application threads were stopped: 0.0000853 seconds, Stopping threads took: 0.0000265 seconds
2020-04-30T04:09:28.114+0700: 17260.084: Total time for which application threads were stopped: 0.0001043 seconds, Stopping threads took: 0.0000224 seconds
2020-04-30T04:09:28.114+0700: 17260.084: Total time for which application threads were stopped: 0.0000735 seconds, Stopping threads took: 0.0000051 seconds
2020-04-30T04:09:38.732+0700: 17270.702: Total time for which application threads were stopped: 0.0001525 seconds, Stopping threads took: 0.0000229 seconds
2020-04-30T04:09:38.733+0700: 17270.703: Total time for which application threads were stopped: 0.0000611 seconds, Stopping threads took: 0.0000067 seconds
2020-04-30T04:09:38.733+0700: 17270.703: Total time for which application threads were stopped: 0.0000562 seconds, Stopping threads took: 0.0000063 seconds
2020-04-30T04:09:38.733+0700: 17270.703: Total time for which application threads were stopped: 0.0000444 seconds, Stopping threads took: 0.0000040 seconds
2020-04-30T04:09:49.848+0700: 17281.817: Total time for which application threads were stopped: 0.0001124 seconds, Stopping threads took: 0.0000183 seconds
2020-04-30T04:09:49.848+0700: 17281.818: Total time for which application threads were stopped: 0.0000502 seconds, Stopping threads took: 0.0000066 seconds
2020-04-30T04:09:49.855+0700: 17281.824: Total time for which application threads were stopped: 0.0001506 seconds, Stopping threads took: 0.0000230 seconds
2020-04-30T04:09:49.855+0700: 17281.825: Total time for which application threads were stopped: 0.0000834 seconds, Stopping threads took: 0.0000073 seconds
2020-04-30T04:09:49.856+0700: 17281.825: Total time for which application threads were stopped: 0.0001644 seconds, Stopping threads took: 0.0000785 seconds
2020-04-30T04:09:49.856+0700: 17281.826: Total time for which application threads were stopped: 0.0000733 seconds, Stopping threads took: 0.0000090 seconds
2020-04-30T04:09:50.860+0700: 17282.830: Total time for which application threads were stopped: 0.0001960 seconds, Stopping threads took: 0.0000251 seconds
2020-04-30T04:09:52.908+0700: 17284.877: Total time for which application threads were stopped: 0.0001528 seconds, Stopping threads took: 0.0000218 seconds
2020-04-30T04:09:52.908+0700: 17284.877: Total time for which application threads were stopped: 0.0000782 seconds, Stopping threads took: 0.0000084 seconds
2020-04-30T04:09:52.908+0700: 17284.878: Total time for which application threads were stopped: 0.0000582 seconds, Stopping threads took: 0.0000073 seconds
2020-04-30T04:09:52.908+0700: 17284.878: Total time for which application threads were stopped: 0.0000455 seconds, Stopping threads took: 0.0000042 seconds
2020-04-30T04:10:06.144+0700: 17298.114: Total time for which application threads were stopped: 0.0001494 seconds, Stopping threads took: 0.0000345 seconds
2020-04-30T04:10:06.144+0700: 17298.114: Total time for which application threads were stopped: 0.0000976 seconds, Stopping threads took: 0.0000242 seconds
2020-04-30T04:10:06.146+0700: 17298.116: Total time for which application threads were stopped: 0.0000839 seconds, Stopping threads took: 0.0000279 seconds
2020-04-30T04:10:06.152+0700: 17298.121: Total time for which application threads were stopped: 0.0000871 seconds, Stopping threads took: 0.0000285 seconds
2020-04-30T04:10:06.163+0700: 17298.133: Total time for which application threads were stopped: 0.0000828 seconds, Stopping threads took: 0.0000141 seconds
2020-04-30T04:10:20.191+0700: 17312.160: Total time for which application threads were stopped: 0.0001471 seconds, Stopping threads took: 0.0000197 seconds
2020-04-30T04:10:20.191+0700: 17312.160: Total time for which application threads were stopped: 0.0000763 seconds, Stopping threads took: 0.0000078 seconds
2020-04-30T04:10:20.191+0700: 17312.161: Total time for which application threads were stopped: 0.0000539 seconds, Stopping threads took: 0.0000063 seconds
2020-04-30T04:10:20.191+0700: 17312.161: Total time for which application threads were stopped: 0.0000421 seconds, Stopping threads took: 0.0000037 seconds
2020-04-30T04:10:29.062+0700: 17321.031: Total time for which application threads were stopped: 0.0001572 seconds, Stopping threads took: 0.0000359 seconds
2020-04-30T04:10:29.062+0700: 17321.031: Total time for which application threads were stopped: 0.0000994 seconds, Stopping threads took: 0.0000249 seconds
2020-04-30T04:10:29.069+0700: 17321.037: Total time for which application threads were stopped: 0.0002164 seconds, Stopping threads took: 0.0000323 seconds
2020-04-30T04:10:29.070+0700: 17321.038: Total time for which application threads were stopped: 0.0000992 seconds, Stopping threads took: 0.0000276 seconds
2020-04-30T04:10:35.224+0700: 17327.192: Total time for which application threads were stopped: 0.0001582 seconds, Stopping threads took: 0.0000217 seconds
2020-04-30T04:10:35.224+0700: 17327.193: Total time for which application threads were stopped: 0.0000920 seconds, Stopping threads took: 0.0000100 seconds
2020-04-30T04:10:35.224+0700: 17327.193: Total time for which application threads were stopped: 0.0000768 seconds, Stopping threads took: 0.0000108 seconds
2020-04-30T04:10:35.224+0700: 17327.193: Total time for which application threads were stopped: 0.0000542 seconds, Stopping threads took: 0.0000052 seconds
2020-04-30T04:10:45.538+0700: 17337.506: Total time for which application threads were stopped: 0.0001104 seconds, Stopping threads took: 0.0000317 seconds
2020-04-30T04:10:54.586+0700: 17346.555: Total time for which application threads were stopped: 0.0001584 seconds, Stopping threads took: 0.0000535 seconds
2020-04-30T04:10:57.968+0700: 17349.937: Total time for which application threads were stopped: 0.0002141 seconds, Stopping threads took: 0.0000214 seconds
2020-04-30T04:10:57.968+0700: 17349.937: Total time for which application threads were stopped: 0.0000918 seconds, Stopping threads took: 0.0000102 seconds
2020-04-30T04:10:57.969+0700: 17349.937: Total time for which application threads were stopped: 0.0000839 seconds, Stopping threads took: 0.0000097 seconds
2020-04-30T04:10:57.969+0700: 17349.937: Total time for which application threads were stopped: 0.0000692 seconds, Stopping threads took: 0.0000065 seconds
2020-04-30T04:11:08.957+0700: 17360.925: Total time for which application threads were stopped: 0.0001262 seconds, Stopping threads took: 0.0000334 seconds
2020-04-30T04:11:08.957+0700: 17360.925: Total time for which application threads were stopped: 0.0000593 seconds, Stopping threads took: 0.0000040 seconds
2020-04-30T04:11:08.965+0700: 17360.933: Total time for which application threads were stopped: 0.0000812 seconds, Stopping threads took: 0.0000136 seconds
2020-04-30T04:11:20.741+0700: 17372.709: Total time for which application threads were stopped: 0.0001637 seconds, Stopping threads took: 0.0000225 seconds
2020-04-30T04:11:20.741+0700: 17372.709: Total time for which application threads were stopped: 0.0000659 seconds, Stopping threads took: 0.0000073 seconds
2020-04-30T04:11:20.742+0700: 17372.709: Total time for which application threads were stopped: 0.0000695 seconds, Stopping threads took: 0.0000092 seconds
2020-04-30T04:11:20.742+0700: 17372.709: Total time for which application threads were stopped: 0.0000499 seconds, Stopping threads took: 0.0000046 seconds
2020-04-30T04:11:32.100+0700: 17384.068: Total time for which application threads were stopped: 0.0001997 seconds, Stopping threads took: 0.0000404 seconds
2020-04-30T04:11:32.100+0700: 17384.068: Total time for which application threads were stopped: 0.0001066 seconds, Stopping threads took: 0.0000308 seconds
2020-04-30T04:11:32.110+0700: 17384.077: Total time for which application threads were stopped: 0.0001151 seconds, Stopping threads took: 0.0000185 seconds
2020-04-30T04:11:32.111+0700: 17384.079: Total time for which application threads were stopped: 0.0000852 seconds, Stopping threads took: 0.0000144 seconds
2020-04-30T04:11:32.111+0700: 17384.079: Total time for which application threads were stopped: 0.0001672 seconds, Stopping threads took: 0.0000094 seconds
2020-04-30T04:11:34.041+0700: 17386.009: Total time for which application threads were stopped: 0.0001233 seconds, Stopping threads took: 0.0000196 seconds
2020-04-30T04:11:34.041+0700: 17386.009: Total time for which application threads were stopped: 0.0000580 seconds, Stopping threads took: 0.0000045 seconds
2020-04-30T04:11:35.035+0700: 17387.002: Total time for which application threads were stopped: 0.0001545 seconds, Stopping threads took: 0.0000208 seconds
2020-04-30T04:11:54.137+0700: 17406.104: Total time for which application threads were stopped: 0.0001086 seconds, Stopping threads took: 0.0000350 seconds
2020-04-30T04:12:02.518+0700: 17414.485: Total time for which application threads were stopped: 0.0001043 seconds, Stopping threads took: 0.0000189 seconds
2020-04-30T04:12:02.524+0700: 17414.491: Total time for which application threads were stopped: 0.0001269 seconds, Stopping threads took: 0.0000283 seconds
2020-04-30T04:12:02.524+0700: 17414.491: Total time for which application threads were stopped: 0.0000819 seconds, Stopping threads took: 0.0000069 seconds
2020-04-30T04:12:02.524+0700: 17414.491: Total time for which application threads were stopped: 0.0000503 seconds, Stopping threads took: 0.0000077 seconds
2020-04-30T04:12:15.814+0700: 17427.781: Total time for which application threads were stopped: 0.0001613 seconds, Stopping threads took: 0.0000217 seconds
2020-04-30T04:12:15.814+0700: 17427.781: Total time for which application threads were stopped: 0.0000617 seconds, Stopping threads took: 0.0000070 seconds
2020-04-30T04:12:15.814+0700: 17427.781: Total time for which application threads were stopped: 0.0000677 seconds, Stopping threads took: 0.0000086 seconds
2020-04-30T04:12:15.814+0700: 17427.781: Total time for which application threads were stopped: 0.0000482 seconds, Stopping threads took: 0.0000042 seconds
2020-04-30T04:12:25.015+0700: 17436.981: Total time for which application threads were stopped: 0.0002028 seconds, Stopping threads took: 0.0000322 seconds
2020-04-30T04:12:25.015+0700: 17436.982: Total time for which application threads were stopped: 0.0001087 seconds, Stopping threads took: 0.0000275 seconds
{Heap before GC invocations=41 (full 0):
 garbage-first heap   total 524288K, used 374192K [0x00000007a0000000, 0x00000007a0101000, 0x00000007c0000000)
  region size 1024K, 307 young (314368K), 18 survivors (18432K)
 Metaspace       used 53975K, capacity 56278K, committed 56392K, reserved 1099776K
  class space    used 6218K, capacity 6670K, committed 6732K, reserved 1048576K
2020-04-30T04:12:25.019+0700: 17436.985: [GC pause (G1 Evacuation Pause) (young)
Desired survivor size 20447232 bytes, new threshold 15 (max 15)
- age   1:    9780656 bytes,    9780656 total
- age   2:      63200 bytes,    9843856 total
- age   3:    3700384 bytes,   13544240 total
- age   4:      39296 bytes,   13583536 total
- age   5:      69472 bytes,   13653008 total
- age   6:      68984 bytes,   13721992 total
- age   7:        496 bytes,   13722488 total
- age   8:       8104 bytes,   13730592 total
- age   9:       6568 bytes,   13737160 total
- age  10:      39968 bytes,   13777128 total
- age  11:      19128 bytes,   13796256 total
- age  12:      53344 bytes,   13849600 total
- age  13:    1765912 bytes,   15615512 total
- age  14:      31360 bytes,   15646872 total
- age  15:       4392 bytes,   15651264 total
, 0.0047780 secs]
   [Parallel Time: 2.0 ms, GC Workers: 8]
      [GC Worker Start (ms): Min: 17436985.1, Avg: 17436985.1, Max: 17436985.1, Diff: 0.1]
      [Ext Root Scanning (ms): Min: 0.2, Avg: 0.4, Max: 1.0, Diff: 0.8, Sum: 3.5]
      [Update RS (ms): Min: 0.0, Avg: 0.1, Max: 0.3, Diff: 0.3, Sum: 1.2]
         [Processed Buffers: Min: 0, Avg: 3.0, Max: 14, Diff: 14, Sum: 24]
      [Scan RS (ms): Min: 0.0, Avg: 0.0, Max: 0.1, Diff: 0.1, Sum: 0.2]
      [Code Root Scanning (ms): Min: 0.0, Avg: 0.0, Max: 0.1, Diff: 0.1, Sum: 0.3]
      [Object Copy (ms): Min: 0.8, Avg: 1.2, Max: 1.3, Diff: 0.5, Sum: 9.5]
      [Termination (ms): Min: 0.0, Avg: 0.0, Max: 0.0, Diff: 0.0, Sum: 0.0]
         [Termination Attempts: Min: 1, Avg: 1.0, Max: 1, Diff: 0, Sum: 8]
      [GC Worker Other (ms): Min: 0.0, Avg: 0.0, Max: 0.0, Diff: 0.0, Sum: 0.2]
      [GC Worker Total (ms): Min: 1.8, Avg: 1.9, Max: 1.9, Diff: 0.1, Sum: 14.9]
      [GC Worker End (ms): Min: 17436986.9, Avg: 17436987.0, Max: 17436987.0, Diff: 0.0]
   [Code Root Fixup: 0.0 ms]
   [Code Root Purge: 0.0 ms]
   [Clear CT: 0.2 ms]
   [Other: 2.6 ms]
      [Choose CSet: 0.0 ms]
      [Ref Proc: 2.2 ms]
      [Ref Enq: 0.1 ms]
      [Redirty Cards: 0.1 ms]
      [Humongous Register: 0.0 ms]
      [Humongous Reclaim: 0.0 ms]
      [Free CSet: 0.1 ms]
   [Eden: 289.0M(289.0M)->0.0B(296.0M) Survivors: 18.0M->11.0M Heap: 365.4M(512.0M)->69.4M(512.0M)]
Heap after GC invocations=42 (full 0):
 garbage-first heap   total 524288K, used 71104K [0x00000007a0000000, 0x00000007a0101000, 0x00000007c0000000)
  region size 1024K, 11 young (11264K), 11 survivors (11264K)
 Metaspace       used 53975K, capacity 56278K, committed 56392K, reserved 1099776K
  class space    used 6218K, capacity 6670K, committed 6732K, reserved 1048576K
}
 [Times: user=0.02 sys=0.00, real=0.01 secs] 
2020-04-30T04:12:25.024+0700: 17436.990: Total time for which application threads were stopped: 0.0051182 seconds, Stopping threads took: 0.0000176 seconds
2020-04-30T04:12:25.028+0700: 17436.994: Total time for which application threads were stopped: 0.0001737 seconds, Stopping threads took: 0.0000370 seconds
2020-04-30T04:12:25.028+0700: 17436.995: Total time for which application threads were stopped: 0.0001509 seconds, Stopping threads took: 0.0000716 seconds
2020-04-30T04:12:25.029+0700: 17436.996: Total time for which application threads were stopped: 0.0003032 seconds, Stopping threads took: 0.0002298 seconds
2020-04-30T04:12:25.129+0700: 17437.096: Total time for which application threads were stopped: 0.0001470 seconds, Stopping threads took: 0.0000330 seconds
2020-04-30T04:12:25.316+0700: 17437.282: Total time for which application threads were stopped: 0.0001418 seconds, Stopping threads took: 0.0000337 seconds
2020-04-30T04:12:34.751+0700: 17446.717: Total time for which application threads were stopped: 0.0001533 seconds, Stopping threads took: 0.0000210 seconds
2020-04-30T04:12:34.751+0700: 17446.717: Total time for which application threads were stopped: 0.0000690 seconds, Stopping threads took: 0.0000074 seconds
2020-04-30T04:12:34.751+0700: 17446.718: Total time for which application threads were stopped: 0.0000703 seconds, Stopping threads took: 0.0000093 seconds
2020-04-30T04:12:34.751+0700: 17446.718: Total time for which application threads were stopped: 0.0000482 seconds, Stopping threads took: 0.0000045 seconds
2020-04-30T04:12:40.382+0700: 17452.348: Total time for which application threads were stopped: 0.0001582 seconds, Stopping threads took: 0.0000526 seconds
2020-04-30T04:12:40.382+0700: 17452.348: Total time for which application threads were stopped: 0.0000991 seconds, Stopping threads took: 0.0000057 seconds
2020-04-30T04:12:40.384+0700: 17452.350: Total time for which application threads were stopped: 0.0000859 seconds, Stopping threads took: 0.0000110 seconds
2020-04-30T04:12:40.389+0700: 17452.355: Total time for which application threads were stopped: 0.0001670 seconds, Stopping threads took: 0.0000534 seconds
2020-04-30T04:12:44.446+0700: 17456.412: Total time for which application threads were stopped: 0.0001610 seconds, Stopping threads took: 0.0000229 seconds
2020-04-30T04:12:44.446+0700: 17456.412: Total time for which application threads were stopped: 0.0000837 seconds, Stopping threads took: 0.0000087 seconds
2020-04-30T04:12:44.446+0700: 17456.412: Total time for which application threads were stopped: 0.0001935 seconds, Stopping threads took: 0.0000071 seconds
2020-04-30T04:12:44.446+0700: 17456.412: Total time for which application threads were stopped: 0.0001404 seconds, Stopping threads took: 0.0000045 seconds
2020-04-30T04:12:47.919+0700: 17459.885: Total time for which application threads were stopped: 0.0001566 seconds, Stopping threads took: 0.0000247 seconds
2020-04-30T04:12:47.919+0700: 17459.885: Total time for which application threads were stopped: 0.0000561 seconds, Stopping threads took: 0.0000049 seconds
2020-04-30T04:12:57.926+0700: 17469.892: Total time for which application threads were stopped: 0.0001612 seconds, Stopping threads took: 0.0000216 seconds
2020-04-30T04:12:57.926+0700: 17469.892: Total time for which application threads were stopped: 0.0000819 seconds, Stopping threads took: 0.0000094 seconds
2020-04-30T04:12:57.926+0700: 17469.892: Total time for which application threads were stopped: 0.0000592 seconds, Stopping threads took: 0.0000071 seconds
2020-04-30T04:12:57.926+0700: 17469.892: Total time for which application threads were stopped: 0.0000444 seconds, Stopping threads took: 0.0000039 seconds
2020-04-30T04:13:17.045+0700: 17489.010: Total time for which application threads were stopped: 0.0001147 seconds, Stopping threads took: 0.0000360 seconds
2020-04-30T04:13:19.525+0700: 17491.490: Total time for which application threads were stopped: 0.0001446 seconds, Stopping threads took: 0.0000182 seconds
2020-04-30T04:13:19.525+0700: 17491.491: Total time for which application threads were stopped: 0.0001094 seconds, Stopping threads took: 0.0000088 seconds
2020-04-30T04:13:19.525+0700: 17491.491: Total time for which application threads were stopped: 0.0000589 seconds, Stopping threads took: 0.0000073 seconds
2020-04-30T04:13:19.525+0700: 17491.491: Total time for which application threads were stopped: 0.0000429 seconds, Stopping threads took: 0.0000039 seconds
2020-04-30T04:13:32.614+0700: 17504.579: Total time for which application threads were stopped: 0.0001305 seconds, Stopping threads took: 0.0000254 seconds
2020-04-30T04:13:37.511+0700: 17509.476: Total time for which application threads were stopped: 0.0001729 seconds, Stopping threads took: 0.0000224 seconds
2020-04-30T04:13:37.511+0700: 17509.476: Total time for which application threads were stopped: 0.0000948 seconds, Stopping threads took: 0.0000106 seconds
2020-04-30T04:13:37.511+0700: 17509.476: Total time for which application threads were stopped: 0.0000702 seconds, Stopping threads took: 0.0000084 seconds
2020-04-30T04:13:37.511+0700: 17509.476: Total time for which application threads were stopped: 0.0000542 seconds, Stopping threads took: 0.0000048 seconds
2020-04-30T04:13:56.361+0700: 17528.326: Total time for which application threads were stopped: 0.0001520 seconds, Stopping threads took: 0.0000219 seconds
2020-04-30T04:13:56.361+0700: 17528.326: Total time for which application threads were stopped: 0.0000828 seconds, Stopping threads took: 0.0000088 seconds
2020-04-30T04:13:56.362+0700: 17528.326: Total time for which application threads were stopped: 0.0000598 seconds, Stopping threads took: 0.0000077 seconds
2020-04-30T04:13:56.362+0700: 17528.326: Total time for which application threads were stopped: 0.0000450 seconds, Stopping threads took: 0.0000040 seconds
2020-04-30T04:14:08.498+0700: 17540.462: Total time for which application threads were stopped: 0.0001602 seconds, Stopping threads took: 0.0000322 seconds
2020-04-30T04:14:08.498+0700: 17540.462: Total time for which application threads were stopped: 0.0001039 seconds, Stopping threads took: 0.0000232 seconds
2020-04-30T04:14:11.520+0700: 17543.484: Total time for which application threads were stopped: 0.0001609 seconds, Stopping threads took: 0.0000211 seconds
2020-04-30T04:14:11.520+0700: 17543.484: Total time for which application threads were stopped: 0.0000785 seconds, Stopping threads took: 0.0000085 seconds
2020-04-30T04:14:11.520+0700: 17543.484: Total time for which application threads were stopped: 0.0000824 seconds, Stopping threads took: 0.0000302 seconds
2020-04-30T04:14:11.520+0700: 17543.484: Total time for which application threads were stopped: 0.0000444 seconds, Stopping threads took: 0.0000041 seconds
2020-04-30T04:14:26.627+0700: 17558.591: Total time for which application threads were stopped: 0.0001527 seconds, Stopping threads took: 0.0000205 seconds
2020-04-30T04:14:26.627+0700: 17558.591: Total time for which application threads were stopped: 0.0000802 seconds, Stopping threads took: 0.0000083 seconds
2020-04-30T04:14:26.627+0700: 17558.591: Total time for which application threads were stopped: 0.0000587 seconds, Stopping threads took: 0.0000075 seconds
2020-04-30T04:14:26.627+0700: 17558.591: Total time for which application threads were stopped: 0.0000461 seconds, Stopping threads took: 0.0000042 seconds
2020-04-30T04:14:39.934+0700: 17571.898: Total time for which application threads were stopped: 0.0001633 seconds, Stopping threads took: 0.0000522 seconds
2020-04-30T04:14:39.934+0700: 17571.898: Total time for which application threads were stopped: 0.0000635 seconds, Stopping threads took: 0.0000061 seconds
2020-04-30T04:14:42.485+0700: 17574.448: Total time for which application threads were stopped: 0.0003153 seconds, Stopping threads took: 0.0000213 seconds
2020-04-30T04:14:42.485+0700: 17574.448: Total time for which application threads were stopped: 0.0000748 seconds, Stopping threads took: 0.0000090 seconds
2020-04-30T04:14:42.485+0700: 17574.448: Total time for which application threads were stopped: 0.0000669 seconds, Stopping threads took: 0.0000092 seconds
2020-04-30T04:14:42.485+0700: 17574.448: Total time for which application threads were stopped: 0.0000504 seconds, Stopping threads took: 0.0000045 seconds
2020-04-30T04:14:44.402+0700: 17576.366: Total time for which application threads were stopped: 0.0001523 seconds, Stopping threads took: 0.0000207 seconds
2020-04-30T04:14:56.293+0700: 17588.256: Total time for which application threads were stopped: 0.0002021 seconds, Stopping threads took: 0.0000436 seconds
2020-04-30T04:14:56.293+0700: 17588.256: Total time for which application threads were stopped: 0.0000925 seconds, Stopping threads took: 0.0000273 seconds
2020-04-30T04:14:56.294+0700: 17588.257: Total time for which application threads were stopped: 0.0000798 seconds, Stopping threads took: 0.0000226 seconds
2020-04-30T04:14:56.294+0700: 17588.257: Total time for which application threads were stopped: 0.0000691 seconds, Stopping threads took: 0.0000079 seconds
2020-04-30T04:14:57.302+0700: 17589.265: Total time for which application threads were stopped: 0.0001376 seconds, Stopping threads took: 0.0000484 seconds
2020-04-30T04:14:57.818+0700: 17589.781: Total time for which application threads were stopped: 0.0001661 seconds, Stopping threads took: 0.0000231 seconds
2020-04-30T04:14:57.819+0700: 17589.782: Total time for which application threads were stopped: 0.0002490 seconds, Stopping threads took: 0.0000100 seconds
2020-04-30T04:14:57.819+0700: 17589.782: Total time for which application threads were stopped: 0.0000760 seconds, Stopping threads took: 0.0000097 seconds
2020-04-30T04:14:57.819+0700: 17589.782: Total time for which application threads were stopped: 0.0000517 seconds, Stopping threads took: 0.0000048 seconds
2020-04-30T04:14:59.642+0700: 17591.605: Total time for which application threads were stopped: 0.0001581 seconds, Stopping threads took: 0.0000215 seconds
2020-04-30T04:15:11.714+0700: 17603.677: Total time for which application threads were stopped: 0.0001121 seconds, Stopping threads took: 0.0000354 seconds
2020-04-30T04:15:11.732+0700: 17603.695: Total time for which application threads were stopped: 0.0000872 seconds, Stopping threads took: 0.0000142 seconds
2020-04-30T04:15:21.309+0700: 17613.272: Total time for which application threads were stopped: 0.0001621 seconds, Stopping threads took: 0.0000231 seconds
2020-04-30T04:15:21.309+0700: 17613.272: Total time for which application threads were stopped: 0.0000631 seconds, Stopping threads took: 0.0000070 seconds
2020-04-30T04:15:21.309+0700: 17613.272: Total time for which application threads were stopped: 0.0000664 seconds, Stopping threads took: 0.0000087 seconds
2020-04-30T04:15:21.309+0700: 17613.272: Total time for which application threads were stopped: 0.0000471 seconds, Stopping threads took: 0.0000043 seconds
2020-04-30T04:15:31.185+0700: 17623.148: Total time for which application threads were stopped: 0.0001044 seconds, Stopping threads took: 0.0000189 seconds
2020-04-30T04:15:31.185+0700: 17623.148: Total time for which application threads were stopped: 0.0000503 seconds, Stopping threads took: 0.0000067 seconds
2020-04-30T04:15:31.190+0700: 17623.153: Total time for which application threads were stopped: 0.0001360 seconds, Stopping threads took: 0.0000133 seconds
2020-04-30T04:15:34.066+0700: 17626.029: Total time for which application threads were stopped: 0.0001609 seconds, Stopping threads took: 0.0000222 seconds
2020-04-30T04:15:34.067+0700: 17626.029: Total time for which application threads were stopped: 0.0000800 seconds, Stopping threads took: 0.0000082 seconds
2020-04-30T04:15:34.067+0700: 17626.029: Total time for which application threads were stopped: 0.0000622 seconds, Stopping threads took: 0.0000074 seconds
2020-04-30T04:15:34.067+0700: 17626.029: Total time for which application threads were stopped: 0.0000454 seconds, Stopping threads took: 0.0000041 seconds
2020-04-30T04:15:46.641+0700: 17638.603: Total time for which application threads were stopped: 0.0002303 seconds, Stopping threads took: 0.0000355 seconds
2020-04-30T04:15:46.642+0700: 17638.604: Total time for which application threads were stopped: 0.0000971 seconds, Stopping threads took: 0.0000287 seconds
2020-04-30T04:15:48.620+0700: 17640.582: Total time for which application threads were stopped: 0.0001628 seconds, Stopping threads took: 0.0000213 seconds
2020-04-30T04:15:48.620+0700: 17640.582: Total time for which application threads were stopped: 0.0000854 seconds, Stopping threads took: 0.0000091 seconds
2020-04-30T04:15:48.620+0700: 17640.582: Total time for which application threads were stopped: 0.0000731 seconds, Stopping threads took: 0.0000097 seconds
2020-04-30T04:15:48.620+0700: 17640.582: Total time for which application threads were stopped: 0.0000491 seconds, Stopping threads took: 0.0000043 seconds
2020-04-30T04:15:50.631+0700: 17642.593: Total time for which application threads were stopped: 0.0001159 seconds, Stopping threads took: 0.0000349 seconds
2020-04-30T04:16:01.833+0700: 17653.794: Total time for which application threads were stopped: 0.0001004 seconds, Stopping threads took: 0.0000190 seconds
2020-04-30T04:16:07.906+0700: 17659.868: Total time for which application threads were stopped: 0.0001692 seconds, Stopping threads took: 0.0000241 seconds
2020-04-30T04:16:07.906+0700: 17659.868: Total time for which application threads were stopped: 0.0000668 seconds, Stopping threads took: 0.0000076 seconds
2020-04-30T04:16:07.906+0700: 17659.868: Total time for which application threads were stopped: 0.0001033 seconds, Stopping threads took: 0.0000093 seconds
2020-04-30T04:16:07.906+0700: 17659.868: Total time for which application threads were stopped: 0.0000562 seconds, Stopping threads took: 0.0000052 seconds
2020-04-30T04:16:17.913+0700: 17669.874: Total time for which application threads were stopped: 0.0001046 seconds, Stopping threads took: 0.0000175 seconds
2020-04-30T04:16:24.179+0700: 17676.140: Total time for which application threads were stopped: 0.0001629 seconds, Stopping threads took: 0.0000212 seconds
2020-04-30T04:16:24.179+0700: 17676.140: Total time for which application threads were stopped: 0.0000857 seconds, Stopping threads took: 0.0000088 seconds
2020-04-30T04:16:24.179+0700: 17676.140: Total time for which application threads were stopped: 0.0000606 seconds, Stopping threads took: 0.0000072 seconds
2020-04-30T04:16:24.179+0700: 17676.140: Total time for which application threads were stopped: 0.0000459 seconds, Stopping threads took: 0.0000040 seconds
2020-04-30T04:16:35.310+0700: 17687.271: Total time for which application threads were stopped: 0.0001110 seconds, Stopping threads took: 0.0000325 seconds
2020-04-30T04:16:36.954+0700: 17688.915: Total time for which application threads were stopped: 0.0001510 seconds, Stopping threads took: 0.0000215 seconds
2020-04-30T04:16:36.954+0700: 17688.915: Total time for which application threads were stopped: 0.0000808 seconds, Stopping threads took: 0.0000087 seconds
2020-04-30T04:16:36.954+0700: 17688.916: Total time for which application threads were stopped: 0.0000819 seconds, Stopping threads took: 0.0000126 seconds
2020-04-30T04:16:36.954+0700: 17688.916: Total time for which application threads were stopped: 0.0000474 seconds, Stopping threads took: 0.0000043 seconds
2020-04-30T04:16:50.546+0700: 17702.507: Total time for which application threads were stopped: 0.0001273 seconds, Stopping threads took: 0.0000341 seconds
2020-04-30T04:16:50.546+0700: 17702.507: Total time for which application threads were stopped: 0.0000969 seconds, Stopping threads took: 0.0000039 seconds
2020-04-30T04:16:50.555+0700: 17702.516: Total time for which application threads were stopped: 0.0000919 seconds, Stopping threads took: 0.0000289 seconds
2020-04-30T04:16:53.006+0700: 17704.966: Total time for which application threads were stopped: 0.0001642 seconds, Stopping threads took: 0.0000208 seconds
2020-04-30T04:16:53.006+0700: 17704.966: Total time for which application threads were stopped: 0.0000812 seconds, Stopping threads took: 0.0000083 seconds
2020-04-30T04:16:53.006+0700: 17704.967: Total time for which application threads were stopped: 0.0001080 seconds, Stopping threads took: 0.0000094 seconds
2020-04-30T04:16:53.006+0700: 17704.967: Total time for which application threads were stopped: 0.0000533 seconds, Stopping threads took: 0.0000049 seconds
2020-04-30T04:17:06.129+0700: 17718.089: Total time for which application threads were stopped: 0.0000990 seconds, Stopping threads took: 0.0000168 seconds
2020-04-30T04:22:04.803+0700: 18016.757: Total time for which application threads were stopped: 0.0002224 seconds, Stopping threads took: 0.0000187 seconds
2020-04-30T04:22:04.804+0700: 18016.758: Total time for which application threads were stopped: 0.0000986 seconds, Stopping threads took: 0.0000100 seconds
2020-04-30T04:22:04.804+0700: 18016.758: Total time for which application threads were stopped: 0.0000597 seconds, Stopping threads took: 0.0000073 seconds
2020-04-30T04:22:04.804+0700: 18016.758: Total time for which application threads were stopped: 0.0000546 seconds, Stopping threads took: 0.0000068 seconds
2020-04-30T04:22:04.804+0700: 18016.758: Total time for which application threads were stopped: 0.0000432 seconds, Stopping threads took: 0.0000040 seconds
2020-04-30T04:22:07.386+0700: 18019.340: Total time for which application threads were stopped: 0.0001042 seconds, Stopping threads took: 0.0000188 seconds
2020-04-30T04:22:08.730+0700: 18020.684: Total time for which application threads were stopped: 0.0001269 seconds, Stopping threads took: 0.0000189 seconds
2020-04-30T04:22:08.736+0700: 18020.690: Total time for which application threads were stopped: 0.0001494 seconds, Stopping threads took: 0.0000435 seconds
2020-04-30T04:22:08.737+0700: 18020.691: Total time for which application threads were stopped: 0.0001331 seconds, Stopping threads took: 0.0000365 seconds
2020-04-30T04:22:09.742+0700: 18021.696: Total time for which application threads were stopped: 0.0000992 seconds, Stopping threads took: 0.0000192 seconds
2020-04-30T04:22:21.255+0700: 18033.209: Total time for which application threads were stopped: 0.0001638 seconds, Stopping threads took: 0.0000239 seconds
2020-04-30T04:22:21.255+0700: 18033.209: Total time for which application threads were stopped: 0.0000616 seconds, Stopping threads took: 0.0000070 seconds
2020-04-30T04:22:21.256+0700: 18033.209: Total time for which application threads were stopped: 0.0001929 seconds, Stopping threads took: 0.0000065 seconds
2020-04-30T04:22:21.256+0700: 18033.210: Total time for which application threads were stopped: 0.0001849 seconds, Stopping threads took: 0.0000042 seconds
2020-04-30T04:22:26.859+0700: 18038.813: Total time for which application threads were stopped: 0.0000996 seconds, Stopping threads took: 0.0000175 seconds
2020-04-30T04:22:26.864+0700: 18038.817: Total time for which application threads were stopped: 0.0000957 seconds, Stopping threads took: 0.0000132 seconds
2020-04-30T04:22:26.864+0700: 18038.817: Total time for which application threads were stopped: 0.0000557 seconds, Stopping threads took: 0.0000079 seconds
2020-04-30T04:22:26.864+0700: 18038.818: Total time for which application threads were stopped: 0.0000418 seconds, Stopping threads took: 0.0000055 seconds
2020-04-30T04:22:42.264+0700: 18054.218: Total time for which application threads were stopped: 0.0001583 seconds, Stopping threads took: 0.0000207 seconds
2020-04-30T04:22:42.264+0700: 18054.218: Total time for which application threads were stopped: 0.0000852 seconds, Stopping threads took: 0.0000086 seconds
2020-04-30T04:22:42.264+0700: 18054.218: Total time for which application threads were stopped: 0.0000702 seconds, Stopping threads took: 0.0000087 seconds
2020-04-30T04:22:42.264+0700: 18054.218: Total time for which application threads were stopped: 0.0000467 seconds, Stopping threads took: 0.0000042 seconds
2020-04-30T04:22:51.127+0700: 18063.080: Total time for which application threads were stopped: 0.0001193 seconds, Stopping threads took: 0.0000176 seconds
2020-04-30T04:22:51.127+0700: 18063.080: Total time for which application threads were stopped: 0.0000561 seconds, Stopping threads took: 0.0000066 seconds
2020-04-30T04:22:51.134+0700: 18063.087: Total time for which application threads were stopped: 0.0000852 seconds, Stopping threads took: 0.0000138 seconds
2020-04-30T04:23:03.656+0700: 18075.609: Total time for which application threads were stopped: 0.0001746 seconds, Stopping threads took: 0.0000232 seconds
2020-04-30T04:23:03.656+0700: 18075.609: Total time for which application threads were stopped: 0.0000746 seconds, Stopping threads took: 0.0000086 seconds
2020-04-30T04:23:03.656+0700: 18075.609: Total time for which application threads were stopped: 0.0000674 seconds, Stopping threads took: 0.0000081 seconds
2020-04-30T04:23:03.656+0700: 18075.609: Total time for which application threads were stopped: 0.0000536 seconds, Stopping threads took: 0.0000049 seconds
2020-04-30T04:23:15.598+0700: 18087.551: Total time for which application threads were stopped: 0.0001425 seconds, Stopping threads took: 0.0000172 seconds
2020-04-30T04:23:15.598+0700: 18087.551: Total time for which application threads were stopped: 0.0000928 seconds, Stopping threads took: 0.0000061 seconds
{Heap before GC invocations=42 (full 0):
 garbage-first heap   total 524288K, used 374208K [0x00000007a0000000, 0x00000007a0101000, 0x00000007c0000000)
  region size 1024K, 307 young (314368K), 11 survivors (11264K)
 Metaspace       used 54006K, capacity 56278K, committed 56392K, reserved 1099776K
  class space    used 6218K, capacity 6670K, committed 6732K, reserved 1048576K
2020-04-30T04:23:15.598+0700: 18087.551: [GC pause (G1 Evacuation Pause) (young)
Desired survivor size 20447232 bytes, new threshold 15 (max 15)
- age   1:    1231696 bytes,    1231696 total
- age   2:      59160 bytes,    1290856 total
- age   3:      61280 bytes,    1352136 total
- age   4:    3680320 bytes,    5032456 total
- age   5:      39296 bytes,    5071752 total
- age   6:      58952 bytes,    5130704 total
- age   7:      48472 bytes,    5179176 total
- age   8:        472 bytes,    5179648 total
- age   9:       8104 bytes,    5187752 total
- age  10:       6528 bytes,    5194280 total
- age  11:      39968 bytes,    5234248 total
- age  12:      18968 bytes,    5253216 total
- age  13:      53344 bytes,    5306560 total
- age  14:    1765912 bytes,    7072472 total
- age  15:      31360 bytes,    7103832 total
, 0.0047501 secs]
   [Parallel Time: 2.4 ms, GC Workers: 8]
      [GC Worker Start (ms): Min: 18087551.2, Avg: 18087551.2, Max: 18087551.3, Diff: 0.1]
      [Ext Root Scanning (ms): Min: 0.2, Avg: 0.6, Max: 2.2, Diff: 2.0, Sum: 5.0]
      [Update RS (ms): Min: 0.0, Avg: 0.1, Max: 0.2, Diff: 0.2, Sum: 1.2]
         [Processed Buffers: Min: 0, Avg: 3.5, Max: 17, Diff: 17, Sum: 28]
      [Scan RS (ms): Min: 0.0, Avg: 0.0, Max: 0.0, Diff: 0.0, Sum: 0.2]
      [Code Root Scanning (ms): Min: 0.0, Avg: 0.0, Max: 0.2, Diff: 0.2, Sum: 0.3]
      [Object Copy (ms): Min: 0.0, Avg: 0.9, Max: 1.2, Diff: 1.2, Sum: 7.5]
      [Termination (ms): Min: 0.0, Avg: 0.5, Max: 0.5, Diff: 0.5, Sum: 3.8]
         [Termination Attempts: Min: 1, Avg: 1.1, Max: 2, Diff: 1, Sum: 9]
      [GC Worker Other (ms): Min: 0.0, Avg: 0.0, Max: 0.0, Diff: 0.0, Sum: 0.1]
      [GC Worker Total (ms): Min: 2.2, Avg: 2.3, Max: 2.3, Diff: 0.1, Sum: 18.1]
      [GC Worker End (ms): Min: 18087553.5, Avg: 18087553.5, Max: 18087553.5, Diff: 0.0]
   [Code Root Fixup: 0.0 ms]
   [Code Root Purge: 0.0 ms]
   [Clear CT: 0.1 ms]
   [Other: 2.2 ms]
      [Choose CSet: 0.0 ms]
      [Ref Proc: 1.9 ms]
      [Ref Enq: 0.1 ms]
      [Redirty Cards: 0.1 ms]
      [Humongous Register: 0.0 ms]
      [Humongous Reclaim: 0.0 ms]
      [Free CSet: 0.1 ms]
   [Eden: 296.0M(296.0M)->0.0B(301.0M) Survivors: 11.0M->6144.0K Heap: 365.4M(512.0M)->65.0M(512.0M)]
Heap after GC invocations=43 (full 0):
 garbage-first heap   total 524288K, used 66533K [0x00000007a0000000, 0x00000007a0101000, 0x00000007c0000000)
  region size 1024K, 6 young (6144K), 6 survivors (6144K)
 Metaspace       used 54006K, capacity 56278K, committed 56392K, reserved 1099776K
  class space    used 6218K, capacity 6670K, committed 6732K, reserved 1048576K
}
 [Times: user=0.02 sys=0.00, real=0.01 secs] 
2020-04-30T04:23:15.603+0700: 18087.556: Total time for which application threads were stopped: 0.0049160 seconds, Stopping threads took: 0.0000063 seconds
2020-04-30T04:23:15.603+0700: 18087.556: Total time for which application threads were stopped: 0.0002398 seconds, Stopping threads took: 0.0000452 seconds
2020-04-30T04:23:15.609+0700: 18087.562: Total time for which application threads were stopped: 0.0000910 seconds, Stopping threads took: 0.0000128 seconds
2020-04-30T04:23:19.839+0700: 18091.792: Total time for which application threads were stopped: 0.0001555 seconds, Stopping threads took: 0.0000208 seconds
2020-04-30T04:23:19.840+0700: 18091.792: Total time for which application threads were stopped: 0.0000836 seconds, Stopping threads took: 0.0000087 seconds
2020-04-30T04:23:19.840+0700: 18091.792: Total time for which application threads were stopped: 0.0000599 seconds, Stopping threads took: 0.0000070 seconds
2020-04-30T04:23:19.840+0700: 18091.792: Total time for which application threads were stopped: 0.0000468 seconds, Stopping threads took: 0.0000042 seconds
2020-04-30T04:23:32.700+0700: 18104.653: Total time for which application threads were stopped: 0.0001178 seconds, Stopping threads took: 0.0000335 seconds
2020-04-30T04:23:53.816+0700: 18125.768: Total time for which application threads were stopped: 0.0001215 seconds, Stopping threads took: 0.0000331 seconds
2020-04-30T04:23:53.821+0700: 18125.773: Total time for which application threads were stopped: 0.0001071 seconds, Stopping threads took: 0.0000459 seconds
2020-04-30T04:23:53.822+0700: 18125.774: Total time for which application threads were stopped: 0.0000857 seconds, Stopping threads took: 0.0000245 seconds
2020-04-30T04:23:53.822+0700: 18125.774: Total time for which application threads were stopped: 0.0000830 seconds, Stopping threads took: 0.0000034 seconds
2020-04-30T04:23:53.822+0700: 18125.774: Total time for which application threads were stopped: 0.0000745 seconds, Stopping threads took: 0.0000053 seconds
2020-04-30T04:24:22.463+0700: 18154.415: Total time for which application threads were stopped: 0.0001763 seconds, Stopping threads took: 0.0000230 seconds
2020-04-30T04:24:22.463+0700: 18154.415: Total time for which application threads were stopped: 0.0000740 seconds, Stopping threads took: 0.0000080 seconds
2020-04-30T04:24:22.464+0700: 18154.415: Total time for which application threads were stopped: 0.0000682 seconds, Stopping threads took: 0.0000079 seconds
2020-04-30T04:24:22.464+0700: 18154.415: Total time for which application threads were stopped: 0.0000538 seconds, Stopping threads took: 0.0000049 seconds
2020-04-30T04:24:31.333+0700: 18163.285: Total time for which application threads were stopped: 0.0001431 seconds, Stopping threads took: 0.0000364 seconds
2020-04-30T04:24:31.334+0700: 18163.285: Total time for which application threads were stopped: 0.0000972 seconds, Stopping threads took: 0.0000039 seconds
2020-04-30T04:24:31.342+0700: 18163.293: Total time for which application threads were stopped: 0.0000981 seconds, Stopping threads took: 0.0000298 seconds
2020-04-30T04:24:34.355+0700: 18166.306: Total time for which application threads were stopped: 0.0001483 seconds, Stopping threads took: 0.0000185 seconds
2020-04-30T04:24:36.516+0700: 18168.467: Total time for which application threads were stopped: 0.0001378 seconds, Stopping threads took: 0.0000190 seconds
2020-04-30T04:24:36.516+0700: 18168.468: Total time for which application threads were stopped: 0.0000681 seconds, Stopping threads took: 0.0000068 seconds
2020-04-30T04:24:36.517+0700: 18168.468: Total time for which application threads were stopped: 0.0000509 seconds, Stopping threads took: 0.0000067 seconds
2020-04-30T04:24:36.517+0700: 18168.468: Total time for which application threads were stopped: 0.0000385 seconds, Stopping threads took: 0.0000036 seconds
2020-04-30T04:24:48.506+0700: 18180.457: Total time for which application threads were stopped: 0.0001747 seconds, Stopping threads took: 0.0000564 seconds
2020-04-30T04:24:48.506+0700: 18180.457: Total time for which application threads were stopped: 0.0001113 seconds, Stopping threads took: 0.0000247 seconds
2020-04-30T04:24:48.514+0700: 18180.465: Total time for which application threads were stopped: 0.0000927 seconds, Stopping threads took: 0.0000287 seconds
2020-04-30T04:24:52.697+0700: 18184.648: Total time for which application threads were stopped: 0.0001568 seconds, Stopping threads took: 0.0000219 seconds
2020-04-30T04:24:52.697+0700: 18184.648: Total time for which application threads were stopped: 0.0000818 seconds, Stopping threads took: 0.0000094 seconds
2020-04-30T04:24:52.697+0700: 18184.648: Total time for which application threads were stopped: 0.0000739 seconds, Stopping threads took: 0.0000098 seconds
2020-04-30T04:24:52.697+0700: 18184.648: Total time for which application threads were stopped: 0.0000492 seconds, Stopping threads took: 0.0000044 seconds
2020-04-30T04:25:06.707+0700: 18198.658: Total time for which application threads were stopped: 0.0000998 seconds, Stopping threads took: 0.0000169 seconds
2020-04-30T04:25:08.313+0700: 18200.264: Total time for which application threads were stopped: 0.0001479 seconds, Stopping threads took: 0.0000200 seconds
2020-04-30T04:25:08.314+0700: 18200.264: Total time for which application threads were stopped: 0.0000795 seconds, Stopping threads took: 0.0000084 seconds
2020-04-30T04:25:08.314+0700: 18200.264: Total time for which application threads were stopped: 0.0000528 seconds, Stopping threads took: 0.0000063 seconds
2020-04-30T04:25:08.314+0700: 18200.264: Total time for which application threads were stopped: 0.0000387 seconds, Stopping threads took: 0.0000034 seconds
2020-04-30T04:25:21.898+0700: 18213.848: Total time for which application threads were stopped: 0.0001132 seconds, Stopping threads took: 0.0000231 seconds
2020-04-30T04:25:21.898+0700: 18213.848: Total time for which application threads were stopped: 0.0001007 seconds, Stopping threads took: 0.0000293 seconds
2020-04-30T04:25:21.899+0700: 18213.849: Total time for which application threads were stopped: 0.0000607 seconds, Stopping threads took: 0.0000076 seconds
2020-04-30T04:25:26.226+0700: 18218.176: Total time for which application threads were stopped: 0.0001638 seconds, Stopping threads took: 0.0000220 seconds
2020-04-30T04:25:26.226+0700: 18218.176: Total time for which application threads were stopped: 0.0000825 seconds, Stopping threads took: 0.0000085 seconds
2020-04-30T04:25:26.226+0700: 18218.176: Total time for which application threads were stopped: 0.0000710 seconds, Stopping threads took: 0.0000099 seconds
2020-04-30T04:25:26.227+0700: 18218.177: Total time for which application threads were stopped: 0.0000635 seconds, Stopping threads took: 0.0000079 seconds
2020-04-30T04:25:38.710+0700: 18230.659: Total time for which application threads were stopped: 0.0001178 seconds, Stopping threads took: 0.0000344 seconds
2020-04-30T04:25:38.729+0700: 18230.679: Total time for which application threads were stopped: 0.0000866 seconds, Stopping threads took: 0.0000147 seconds
2020-04-30T04:25:44.130+0700: 18236.080: Total time for which application threads were stopped: 0.0001625 seconds, Stopping threads took: 0.0000174 seconds
2020-04-30T04:25:44.130+0700: 18236.080: Total time for which application threads were stopped: 0.0000845 seconds, Stopping threads took: 0.0000094 seconds
2020-04-30T04:25:44.130+0700: 18236.080: Total time for which application threads were stopped: 0.0000661 seconds, Stopping threads took: 0.0000090 seconds
2020-04-30T04:25:44.130+0700: 18236.080: Total time for which application threads were stopped: 0.0000464 seconds, Stopping threads took: 0.0000044 seconds
2020-04-30T04:25:56.354+0700: 18248.303: Total time for which application threads were stopped: 0.0002120 seconds, Stopping threads took: 0.0000333 seconds
2020-04-30T04:25:58.968+0700: 18250.917: Total time for which application threads were stopped: 0.0002722 seconds, Stopping threads took: 0.0000184 seconds
2020-04-30T04:25:58.968+0700: 18250.918: Total time for which application threads were stopped: 0.0000583 seconds, Stopping threads took: 0.0000065 seconds
2020-04-30T04:25:58.968+0700: 18250.918: Total time for which application threads were stopped: 0.0000830 seconds, Stopping threads took: 0.0000245 seconds
2020-04-30T04:25:58.968+0700: 18250.918: Total time for which application threads were stopped: 0.0000788 seconds, Stopping threads took: 0.0000032 seconds
2020-04-30T04:26:05.774+0700: 18257.723: Total time for which application threads were stopped: 0.0001527 seconds, Stopping threads took: 0.0000206 seconds
2020-04-30T04:26:15.695+0700: 18267.644: Total time for which application threads were stopped: 0.0001558 seconds, Stopping threads took: 0.0000184 seconds
2020-04-30T04:26:15.695+0700: 18267.644: Total time for which application threads were stopped: 0.0002278 seconds, Stopping threads took: 0.0000077 seconds
2020-04-30T04:26:15.695+0700: 18267.644: Total time for which application threads were stopped: 0.0000612 seconds, Stopping threads took: 0.0000066 seconds
2020-04-30T04:26:15.695+0700: 18267.644: Total time for which application threads were stopped: 0.0000455 seconds, Stopping threads took: 0.0000040 seconds
2020-04-30T04:26:17.454+0700: 18269.403: Total time for which application threads were stopped: 0.0001428 seconds, Stopping threads took: 0.0000196 seconds
2020-04-30T04:26:28.909+0700: 18280.858: Total time for which application threads were stopped: 0.0002034 seconds, Stopping threads took: 0.0000167 seconds
2020-04-30T04:26:32.598+0700: 18284.547: Total time for which application threads were stopped: 0.0001644 seconds, Stopping threads took: 0.0000209 seconds
2020-04-30T04:26:32.598+0700: 18284.547: Total time for which application threads were stopped: 0.0000811 seconds, Stopping threads took: 0.0000084 seconds
2020-04-30T04:26:32.598+0700: 18284.547: Total time for which application threads were stopped: 0.0000591 seconds, Stopping threads took: 0.0000068 seconds
2020-04-30T04:26:32.599+0700: 18284.547: Total time for which application threads were stopped: 0.0000457 seconds, Stopping threads took: 0.0000041 seconds
2020-04-30T04:26:47.949+0700: 18299.898: Total time for which application threads were stopped: 0.0001491 seconds, Stopping threads took: 0.0000210 seconds
2020-04-30T04:26:47.949+0700: 18299.898: Total time for which application threads were stopped: 0.0000785 seconds, Stopping threads took: 0.0000082 seconds
2020-04-30T04:26:47.950+0700: 18299.898: Total time for which application threads were stopped: 0.0000865 seconds, Stopping threads took: 0.0000250 seconds
2020-04-30T04:26:47.950+0700: 18299.898: Total time for which application threads were stopped: 0.0000472 seconds, Stopping threads took: 0.0000042 seconds
2020-04-30T04:27:11.246+0700: 18323.194: Total time for which application threads were stopped: 0.0002045 seconds, Stopping threads took: 0.0000217 seconds
2020-04-30T04:27:11.246+0700: 18323.194: Total time for which application threads were stopped: 0.0000909 seconds, Stopping threads took: 0.0000100 seconds
2020-04-30T04:27:11.247+0700: 18323.194: Total time for which application threads were stopped: 0.0000704 seconds, Stopping threads took: 0.0000079 seconds
2020-04-30T04:27:11.247+0700: 18323.194: Total time for which application threads were stopped: 0.0000728 seconds, Stopping threads took: 0.0000085 seconds
2020-04-30T04:27:20.701+0700: 18332.649: Total time for which application threads were stopped: 0.0001518 seconds, Stopping threads took: 0.0000212 seconds
2020-04-30T04:27:20.701+0700: 18332.649: Total time for which application threads were stopped: 0.0000811 seconds, Stopping threads took: 0.0000083 seconds
2020-04-30T04:27:20.701+0700: 18332.649: Total time for which application threads were stopped: 0.0000603 seconds, Stopping threads took: 0.0000070 seconds
2020-04-30T04:27:20.701+0700: 18332.649: Total time for which application threads were stopped: 0.0000447 seconds, Stopping threads took: 0.0000040 seconds
2020-04-30T04:27:38.408+0700: 18350.355: Total time for which application threads were stopped: 0.0001502 seconds, Stopping threads took: 0.0000201 seconds
2020-04-30T04:27:38.408+0700: 18350.355: Total time for which application threads were stopped: 0.0000796 seconds, Stopping threads took: 0.0000088 seconds
2020-04-30T04:27:38.408+0700: 18350.356: Total time for which application threads were stopped: 0.0001869 seconds, Stopping threads took: 0.0000078 seconds
2020-04-30T04:27:38.409+0700: 18350.356: Total time for which application threads were stopped: 0.0001279 seconds, Stopping threads took: 0.0000042 seconds
2020-04-30T04:27:40.190+0700: 18352.137: Total time for which application threads were stopped: 0.0001344 seconds, Stopping threads took: 0.0000194 seconds
2020-04-30T04:27:40.190+0700: 18352.137: Total time for which application threads were stopped: 0.0000593 seconds, Stopping threads took: 0.0000052 seconds
2020-04-30T04:27:51.392+0700: 18363.339: Total time for which application threads were stopped: 0.0002128 seconds, Stopping threads took: 0.0000570 seconds
2020-04-30T04:27:51.392+0700: 18363.339: Total time for which application threads were stopped: 0.0001085 seconds, Stopping threads took: 0.0000356 seconds
2020-04-30T04:27:51.393+0700: 18363.340: Total time for which application threads were stopped: 0.0001984 seconds, Stopping threads took: 0.0000707 seconds
2020-04-30T04:27:56.826+0700: 18368.772: Total time for which application threads were stopped: 0.0001726 seconds, Stopping threads took: 0.0000223 seconds
2020-04-30T04:27:56.826+0700: 18368.773: Total time for which application threads were stopped: 0.0000727 seconds, Stopping threads took: 0.0000080 seconds
2020-04-30T04:27:56.826+0700: 18368.773: Total time for which application threads were stopped: 0.0000680 seconds, Stopping threads took: 0.0000077 seconds
2020-04-30T04:27:56.826+0700: 18368.773: Total time for which application threads were stopped: 0.0000539 seconds, Stopping threads took: 0.0000047 seconds
2020-04-30T04:28:07.722+0700: 18379.669: Total time for which application threads were stopped: 0.0000994 seconds, Stopping threads took: 0.0000192 seconds
2020-04-30T04:28:07.727+0700: 18379.674: Total time for which application threads were stopped: 0.0000759 seconds, Stopping threads took: 0.0000137 seconds
2020-04-30T04:28:09.876+0700: 18381.823: Total time for which application threads were stopped: 0.0001611 seconds, Stopping threads took: 0.0000203 seconds
2020-04-30T04:28:09.876+0700: 18381.823: Total time for which application threads were stopped: 0.0000812 seconds, Stopping threads took: 0.0000091 seconds
2020-04-30T04:28:09.876+0700: 18381.823: Total time for which application threads were stopped: 0.0000704 seconds, Stopping threads took: 0.0000089 seconds
2020-04-30T04:28:09.876+0700: 18381.823: Total time for which application threads were stopped: 0.0000481 seconds, Stopping threads took: 0.0000043 seconds
2020-04-30T04:28:31.383+0700: 18403.329: Total time for which application threads were stopped: 0.0001754 seconds, Stopping threads took: 0.0000239 seconds
2020-04-30T04:28:31.383+0700: 18403.329: Total time for which application threads were stopped: 0.0000737 seconds, Stopping threads took: 0.0000081 seconds
2020-04-30T04:28:31.383+0700: 18403.329: Total time for which application threads were stopped: 0.0000683 seconds, Stopping threads took: 0.0000075 seconds
2020-04-30T04:28:31.383+0700: 18403.329: Total time for which application threads were stopped: 0.0000540 seconds, Stopping threads took: 0.0000049 seconds
2020-04-30T04:28:43.342+0700: 18415.288: Total time for which application threads were stopped: 0.0001935 seconds, Stopping threads took: 0.0000178 seconds
2020-04-30T04:28:43.342+0700: 18415.288: Total time for which application threads were stopped: 0.0000736 seconds, Stopping threads took: 0.0000084 seconds
2020-04-30T04:28:50.440+0700: 18422.385: Total time for which application threads were stopped: 0.0001490 seconds, Stopping threads took: 0.0000203 seconds
2020-04-30T04:28:50.440+0700: 18422.385: Total time for which application threads were stopped: 0.0000613 seconds, Stopping threads took: 0.0000069 seconds
2020-04-30T04:28:50.440+0700: 18422.386: Total time for which application threads were stopped: 0.0001011 seconds, Stopping threads took: 0.0000088 seconds
2020-04-30T04:28:50.440+0700: 18422.386: Total time for which application threads were stopped: 0.0000506 seconds, Stopping threads took: 0.0000049 seconds
2020-04-30T04:29:00.021+0700: 18431.967: Total time for which application threads were stopped: 0.0001308 seconds, Stopping threads took: 0.0000506 seconds
2020-04-30T04:29:05.569+0700: 18437.515: Total time for which application threads were stopped: 0.0001636 seconds, Stopping threads took: 0.0000225 seconds
2020-04-30T04:29:05.570+0700: 18437.515: Total time for which application threads were stopped: 0.0000624 seconds, Stopping threads took: 0.0000070 seconds
2020-04-30T04:29:05.570+0700: 18437.515: Total time for which application threads were stopped: 0.0000695 seconds, Stopping threads took: 0.0000094 seconds
2020-04-30T04:29:05.570+0700: 18437.515: Total time for which application threads were stopped: 0.0000488 seconds, Stopping threads took: 0.0000042 seconds
2020-04-30T04:29:16.481+0700: 18448.426: Total time for which application threads were stopped: 0.0001733 seconds, Stopping threads took: 0.0000553 seconds
2020-04-30T04:29:16.481+0700: 18448.426: Total time for which application threads were stopped: 0.0001004 seconds, Stopping threads took: 0.0000069 seconds
2020-04-30T04:29:16.488+0700: 18448.433: Total time for which application threads were stopped: 0.0000957 seconds, Stopping threads took: 0.0000296 seconds
2020-04-30T04:29:25.922+0700: 18457.867: Total time for which application threads were stopped: 0.0001497 seconds, Stopping threads took: 0.0000201 seconds
2020-04-30T04:29:25.923+0700: 18457.867: Total time for which application threads were stopped: 0.0000725 seconds, Stopping threads took: 0.0000076 seconds
2020-04-30T04:29:25.923+0700: 18457.868: Total time for which application threads were stopped: 0.0000522 seconds, Stopping threads took: 0.0000060 seconds
2020-04-30T04:29:25.923+0700: 18457.868: Total time for which application threads were stopped: 0.0000394 seconds, Stopping threads took: 0.0000035 seconds
2020-04-30T04:29:39.603+0700: 18471.548: Total time for which application threads were stopped: 0.0001272 seconds, Stopping threads took: 0.0000346 seconds
2020-04-30T04:29:39.603+0700: 18471.548: Total time for which application threads were stopped: 0.0000548 seconds, Stopping threads took: 0.0000068 seconds
2020-04-30T04:29:39.610+0700: 18471.555: Total time for which application threads were stopped: 0.0000941 seconds, Stopping threads took: 0.0000296 seconds
2020-04-30T04:29:49.669+0700: 18481.614: Total time for which application threads were stopped: 0.0001464 seconds, Stopping threads took: 0.0000369 seconds
2020-04-30T04:29:53.831+0700: 18485.776: Total time for which application threads were stopped: 0.0001610 seconds, Stopping threads took: 0.0000217 seconds
2020-04-30T04:29:53.832+0700: 18485.776: Total time for which application threads were stopped: 0.0001299 seconds, Stopping threads took: 0.0000454 seconds
2020-04-30T04:29:53.832+0700: 18485.776: Total time for which application threads were stopped: 0.0000981 seconds, Stopping threads took: 0.0000261 seconds
2020-04-30T04:29:53.832+0700: 18485.776: Total time for which application threads were stopped: 0.0000803 seconds, Stopping threads took: 0.0000183 seconds
2020-04-30T04:29:56.277+0700: 18488.221: Total time for which application threads were stopped: 0.0001093 seconds, Stopping threads took: 0.0000163 seconds
2020-04-30T04:30:03.810+0700: 18495.754: Total time for which application threads were stopped: 0.0001583 seconds, Stopping threads took: 0.0000208 seconds
2020-04-30T04:30:03.810+0700: 18495.754: Total time for which application threads were stopped: 0.0000615 seconds, Stopping threads took: 0.0000066 seconds
2020-04-30T04:30:03.810+0700: 18495.754: Total time for which application threads were stopped: 0.0000655 seconds, Stopping threads took: 0.0000086 seconds
2020-04-30T04:30:03.810+0700: 18495.754: Total time for which application threads were stopped: 0.0000471 seconds, Stopping threads took: 0.0000041 seconds
2020-04-30T04:30:13.961+0700: 18505.905: Total time for which application threads were stopped: 0.0001522 seconds, Stopping threads took: 0.0000437 seconds
2020-04-30T04:30:13.961+0700: 18505.905: Total time for which application threads were stopped: 0.0000897 seconds, Stopping threads took: 0.0000061 seconds
2020-04-30T04:30:13.969+0700: 18505.913: Total time for which application threads were stopped: 0.0000914 seconds, Stopping threads took: 0.0000290 seconds
2020-04-30T04:30:17.775+0700: 18509.718: Total time for which application threads were stopped: 0.0001648 seconds, Stopping threads took: 0.0000223 seconds
2020-04-30T04:30:17.775+0700: 18509.719: Total time for which application threads were stopped: 0.0000869 seconds, Stopping threads took: 0.0000095 seconds
2020-04-30T04:30:17.775+0700: 18509.719: Total time for which application threads were stopped: 0.0000708 seconds, Stopping threads took: 0.0000091 seconds
2020-04-30T04:30:17.775+0700: 18509.719: Total time for which application threads were stopped: 0.0000494 seconds, Stopping threads took: 0.0000044 seconds
2020-04-30T04:30:30.722+0700: 18522.665: Total time for which application threads were stopped: 0.0001570 seconds, Stopping threads took: 0.0000318 seconds
2020-04-30T04:30:30.722+0700: 18522.666: Total time for which application threads were stopped: 0.0000990 seconds, Stopping threads took: 0.0000280 seconds
2020-04-30T04:30:30.722+0700: 18522.666: Total time for which application threads were stopped: 0.0000610 seconds, Stopping threads took: 0.0000073 seconds
{Heap before GC invocations=43 (full 0):
 garbage-first heap   total 524288K, used 374757K [0x00000007a0000000, 0x00000007a0101000, 0x00000007c0000000)
  region size 1024K, 307 young (314368K), 6 survivors (6144K)
 Metaspace       used 54007K, capacity 56278K, committed 56392K, reserved 1099776K
  class space    used 6218K, capacity 6670K, committed 6732K, reserved 1048576K
2020-04-30T04:30:30.890+0700: 18522.834: [GC pause (G1 Evacuation Pause) (young)
Desired survivor size 20447232 bytes, new threshold 15 (max 15)
- age   1:    1604752 bytes,    1604752 total
- age   2:      57464 bytes,    1662216 total
- age   3:      57872 bytes,    1720088 total
- age   4:      61200 bytes,    1781288 total
- age   5:     152224 bytes,    1933512 total
- age   6:      39104 bytes,    1972616 total
- age   7:      47088 bytes,    2019704 total
- age   8:      25056 bytes,    2044760 total
- age   9:        472 bytes,    2045232 total
- age  10:       8104 bytes,    2053336 total
- age  11:       5872 bytes,    2059208 total
- age  12:      39968 bytes,    2099176 total
- age  13:      18968 bytes,    2118144 total
- age  14:      53344 bytes,    2171488 total
- age  15:    1752952 bytes,    3924440 total
, 0.0035323 secs]
   [Parallel Time: 2.2 ms, GC Workers: 8]
      [GC Worker Start (ms): Min: 18522834.0, Avg: 18522834.0, Max: 18522834.0, Diff: 0.1]
      [Ext Root Scanning (ms): Min: 0.2, Avg: 0.4, Max: 1.1, Diff: 0.8, Sum: 3.1]
      [Update RS (ms): Min: 0.0, Avg: 0.2, Max: 0.2, Diff: 0.2, Sum: 1.2]
         [Processed Buffers: Min: 0, Avg: 3.0, Max: 8, Diff: 8, Sum: 24]
      [Scan RS (ms): Min: 0.0, Avg: 0.0, Max: 0.0, Diff: 0.0, Sum: 0.2]
      [Code Root Scanning (ms): Min: 0.0, Avg: 0.0, Max: 0.1, Diff: 0.1, Sum: 0.2]
      [Object Copy (ms): Min: 1.1, Avg: 1.4, Max: 1.5, Diff: 0.5, Sum: 11.5]
      [Termination (ms): Min: 0.0, Avg: 0.1, Max: 0.1, Diff: 0.1, Sum: 0.6]
         [Termination Attempts: Min: 1, Avg: 1.0, Max: 1, Diff: 0, Sum: 8]
      [GC Worker Other (ms): Min: 0.0, Avg: 0.0, Max: 0.0, Diff: 0.0, Sum: 0.1]
      [GC Worker Total (ms): Min: 2.1, Avg: 2.1, Max: 2.1, Diff: 0.0, Sum: 17.0]
      [GC Worker End (ms): Min: 18522836.1, Avg: 18522836.1, Max: 18522836.1, Diff: 0.0]
   [Code Root Fixup: 0.0 ms]
   [Code Root Purge: 0.0 ms]
   [Clear CT: 0.1 ms]
   [Other: 1.2 ms]
      [Choose CSet: 0.0 ms]
      [Ref Proc: 1.0 ms]
      [Ref Enq: 0.1 ms]
      [Redirty Cards: 0.1 ms]
      [Humongous Register: 0.0 ms]
      [Humongous Reclaim: 0.0 ms]
      [Free CSet: 0.1 ms]
   [Eden: 301.0M(301.0M)->0.0B(301.0M) Survivors: 6144.0K->6144.0K Heap: 366.0M(512.0M)->66.2M(512.0M)]
Heap after GC invocations=44 (full 0):
 garbage-first heap   total 524288K, used 67770K [0x00000007a0000000, 0x00000007a0101000, 0x00000007c0000000)
  region size 1024K, 6 young (6144K), 6 survivors (6144K)
 Metaspace       used 54007K, capacity 56278K, committed 56392K, reserved 1099776K
  class space    used 6218K, capacity 6670K, committed 6732K, reserved 1048576K
}
 [Times: user=0.01 sys=0.00, real=0.00 secs] 
2020-04-30T04:30:30.894+0700: 18522.838: Total time for which application threads were stopped: 0.0037730 seconds, Stopping threads took: 0.0000194 seconds
2020-04-30T04:30:36.997+0700: 18528.941: Total time for which application threads were stopped: 0.0001727 seconds, Stopping threads took: 0.0000224 seconds
2020-04-30T04:30:36.998+0700: 18528.941: Total time for which application threads were stopped: 0.0000767 seconds, Stopping threads took: 0.0000084 seconds
2020-04-30T04:30:36.998+0700: 18528.941: Total time for which application threads were stopped: 0.0000681 seconds, Stopping threads took: 0.0000077 seconds
2020-04-30T04:30:36.998+0700: 18528.941: Total time for which application threads were stopped: 0.0000534 seconds, Stopping threads took: 0.0000050 seconds
2020-04-30T04:30:48.069+0700: 18540.012: Total time for which application threads were stopped: 0.0001420 seconds, Stopping threads took: 0.0000513 seconds
2020-04-30T04:30:48.069+0700: 18540.012: Total time for which application threads were stopped: 0.0001127 seconds, Stopping threads took: 0.0000232 seconds
2020-04-30T04:30:48.071+0700: 18540.015: Total time for which application threads were stopped: 0.0001020 seconds, Stopping threads took: 0.0000308 seconds
2020-04-30T04:30:48.088+0700: 18540.031: Total time for which application threads were stopped: 0.0000836 seconds, Stopping threads took: 0.0000145 seconds
2020-04-30T04:30:52.618+0700: 18544.561: Total time for which application threads were stopped: 0.0001624 seconds, Stopping threads took: 0.0000219 seconds
2020-04-30T04:30:52.618+0700: 18544.562: Total time for which application threads were stopped: 0.0000801 seconds, Stopping threads took: 0.0000091 seconds
2020-04-30T04:30:52.619+0700: 18544.562: Total time for which application threads were stopped: 0.0000589 seconds, Stopping threads took: 0.0000069 seconds
2020-04-30T04:30:52.619+0700: 18544.562: Total time for which application threads were stopped: 0.0000455 seconds, Stopping threads took: 0.0000040 seconds
2020-04-30T04:31:06.076+0700: 18558.019: Total time for which application threads were stopped: 0.0001588 seconds, Stopping threads took: 0.0000519 seconds
2020-04-30T04:31:06.076+0700: 18558.019: Total time for which application threads were stopped: 0.0000642 seconds, Stopping threads took: 0.0000062 seconds
2020-04-30T04:31:06.083+0700: 18558.025: Total time for which application threads were stopped: 0.0000922 seconds, Stopping threads took: 0.0000288 seconds
2020-04-30T04:31:09.518+0700: 18561.461: Total time for which application threads were stopped: 0.0001507 seconds, Stopping threads took: 0.0000208 seconds
2020-04-30T04:31:09.518+0700: 18561.461: Total time for which application threads were stopped: 0.0000840 seconds, Stopping threads took: 0.0000087 seconds
2020-04-30T04:31:09.518+0700: 18561.461: Total time for which application threads were stopped: 0.0000797 seconds, Stopping threads took: 0.0000145 seconds
2020-04-30T04:31:09.518+0700: 18561.461: Total time for which application threads were stopped: 0.0000562 seconds, Stopping threads took: 0.0000070 seconds
2020-04-30T04:31:21.761+0700: 18573.703: Total time for which application threads were stopped: 0.0001463 seconds, Stopping threads took: 0.0000320 seconds
2020-04-30T04:31:26.823+0700: 18578.766: Total time for which application threads were stopped: 0.0001470 seconds, Stopping threads took: 0.0000201 seconds
2020-04-30T04:31:26.824+0700: 18578.766: Total time for which application threads were stopped: 0.0000784 seconds, Stopping threads took: 0.0000087 seconds
2020-04-30T04:31:26.824+0700: 18578.766: Total time for which application threads were stopped: 0.0000595 seconds, Stopping threads took: 0.0000077 seconds
2020-04-30T04:31:26.824+0700: 18578.766: Total time for which application threads were stopped: 0.0000451 seconds, Stopping threads took: 0.0000040 seconds
2020-04-30T04:31:37.487+0700: 18589.429: Total time for which application threads were stopped: 0.0001136 seconds, Stopping threads took: 0.0000333 seconds
2020-04-30T04:31:41.001+0700: 18592.943: Total time for which application threads were stopped: 0.0001852 seconds, Stopping threads took: 0.0000211 seconds
2020-04-30T04:31:41.001+0700: 18592.944: Total time for which application threads were stopped: 0.0000863 seconds, Stopping threads took: 0.0000088 seconds
2020-04-30T04:31:41.001+0700: 18592.944: Total time for which application threads were stopped: 0.0000594 seconds, Stopping threads took: 0.0000075 seconds
2020-04-30T04:31:41.002+0700: 18592.944: Total time for which application threads were stopped: 0.0000446 seconds, Stopping threads took: 0.0000041 seconds
2020-04-30T04:31:54.471+0700: 18606.413: Total time for which application threads were stopped: 0.0002478 seconds, Stopping threads took: 0.0000331 seconds
2020-04-30T04:31:54.472+0700: 18606.414: Total time for which application threads were stopped: 0.0000716 seconds, Stopping threads took: 0.0000114 seconds
2020-04-30T04:32:04.766+0700: 18616.708: Total time for which application threads were stopped: 0.0003084 seconds, Stopping threads took: 0.0000231 seconds
2020-04-30T04:32:04.766+0700: 18616.708: Total time for which application threads were stopped: 0.0000679 seconds, Stopping threads took: 0.0000078 seconds
2020-04-30T04:32:04.766+0700: 18616.708: Total time for which application threads were stopped: 0.0002067 seconds, Stopping threads took: 0.0000414 seconds
2020-04-30T04:32:04.767+0700: 18616.708: Total time for which application threads were stopped: 0.0001314 seconds, Stopping threads took: 0.0000055 seconds
2020-04-30T04:32:07.014+0700: 18618.956: Total time for which application threads were stopped: 0.0001591 seconds, Stopping threads took: 0.0000199 seconds
2020-04-30T04:32:07.014+0700: 18618.956: Total time for which application threads were stopped: 0.0000752 seconds, Stopping threads took: 0.0000080 seconds
2020-04-30T04:32:07.015+0700: 18618.956: Total time for which application threads were stopped: 0.0000429 seconds, Stopping threads took: 0.0000045 seconds
2020-04-30T04:32:14.156+0700: 18626.098: Total time for which application threads were stopped: 0.0001570 seconds, Stopping threads took: 0.0000347 seconds
2020-04-30T04:32:14.156+0700: 18626.098: Total time for which application threads were stopped: 0.0000955 seconds, Stopping threads took: 0.0000247 seconds
2020-04-30T04:32:14.163+0700: 18626.105: Total time for which application threads were stopped: 0.0000918 seconds, Stopping threads took: 0.0000288 seconds
2020-04-30T04:32:16.950+0700: 18628.892: Total time for which application threads were stopped: 0.0001529 seconds, Stopping threads took: 0.0000209 seconds
2020-04-30T04:32:16.951+0700: 18628.892: Total time for which application threads were stopped: 0.0002247 seconds, Stopping threads took: 0.0000084 seconds
2020-04-30T04:32:16.951+0700: 18628.892: Total time for which application threads were stopped: 0.0000626 seconds, Stopping threads took: 0.0000076 seconds
2020-04-30T04:32:16.951+0700: 18628.892: Total time for which application threads were stopped: 0.0000641 seconds, Stopping threads took: 0.0000073 seconds
2020-04-30T04:32:19.285+0700: 18631.226: Total time for which application threads were stopped: 0.0001514 seconds, Stopping threads took: 0.0000222 seconds
2020-04-30T04:32:30.776+0700: 18642.717: Total time for which application threads were stopped: 0.0001109 seconds, Stopping threads took: 0.0000207 seconds
2020-04-30T04:32:30.776+0700: 18642.717: Total time for which application threads were stopped: 0.0000512 seconds, Stopping threads took: 0.0000069 seconds
2020-04-30T04:32:30.783+0700: 18642.725: Total time for which application threads were stopped: 0.0000839 seconds, Stopping threads took: 0.0000136 seconds
2020-04-30T04:32:37.502+0700: 18649.443: Total time for which application threads were stopped: 0.0001475 seconds, Stopping threads took: 0.0000209 seconds
2020-04-30T04:32:37.502+0700: 18649.443: Total time for which application threads were stopped: 0.0000809 seconds, Stopping threads took: 0.0000087 seconds
2020-04-30T04:32:37.502+0700: 18649.443: Total time for which application threads were stopped: 0.0000661 seconds, Stopping threads took: 0.0000090 seconds
2020-04-30T04:32:37.502+0700: 18649.443: Total time for which application threads were stopped: 0.0000479 seconds, Stopping threads took: 0.0000046 seconds
2020-04-30T04:32:46.771+0700: 18658.712: Total time for which application threads were stopped: 0.0001474 seconds, Stopping threads took: 0.0000334 seconds
2020-04-30T04:32:53.446+0700: 18665.387: Total time for which application threads were stopped: 0.0001705 seconds, Stopping threads took: 0.0000226 seconds
2020-04-30T04:32:53.446+0700: 18665.387: Total time for which application threads were stopped: 0.0000935 seconds, Stopping threads took: 0.0000104 seconds
2020-04-30T04:32:53.446+0700: 18665.387: Total time for which application threads were stopped: 0.0000700 seconds, Stopping threads took: 0.0000093 seconds
2020-04-30T04:32:53.446+0700: 18665.387: Total time for which application threads were stopped: 0.0000539 seconds, Stopping threads took: 0.0000047 seconds
2020-04-30T04:33:04.872+0700: 18676.813: Total time for which application threads were stopped: 0.0001597 seconds, Stopping threads took: 0.0000345 seconds
2020-04-30T04:33:04.872+0700: 18676.813: Total time for which application threads were stopped: 0.0000973 seconds, Stopping threads took: 0.0000065 seconds
2020-04-30T04:33:04.879+0700: 18676.820: Total time for which application threads were stopped: 0.0001621 seconds, Stopping threads took: 0.0000580 seconds
2020-04-30T04:33:04.880+0700: 18676.820: Total time for which application threads were stopped: 0.0001073 seconds, Stopping threads took: 0.0000328 seconds
2020-04-30T04:33:04.880+0700: 18676.821: Total time for which application threads were stopped: 0.0001546 seconds, Stopping threads took: 0.0000441 seconds
2020-04-30T04:33:04.881+0700: 18676.821: Total time for which application threads were stopped: 0.0000930 seconds, Stopping threads took: 0.0000072 seconds
2020-04-30T04:33:05.889+0700: 18677.829: Total time for which application threads were stopped: 0.0001072 seconds, Stopping threads took: 0.0000207 seconds
2020-04-30T04:33:12.163+0700: 18684.103: Total time for which application threads were stopped: 0.0001634 seconds, Stopping threads took: 0.0000234 seconds
2020-04-30T04:33:12.163+0700: 18684.103: Total time for which application threads were stopped: 0.0000624 seconds, Stopping threads took: 0.0000067 seconds
2020-04-30T04:33:12.163+0700: 18684.103: Total time for which application threads were stopped: 0.0000572 seconds, Stopping threads took: 0.0000063 seconds
2020-04-30T04:33:12.163+0700: 18684.104: Total time for which application threads were stopped: 0.0000452 seconds, Stopping threads took: 0.0000040 seconds
2020-04-30T04:33:23.295+0700: 18695.235: Total time for which application threads were stopped: 0.0001108 seconds, Stopping threads took: 0.0000189 seconds
2020-04-30T04:33:23.296+0700: 18695.236: Total time for which application threads were stopped: 0.0000512 seconds, Stopping threads took: 0.0000066 seconds
2020-04-30T04:33:23.297+0700: 18695.237: Total time for which application threads were stopped: 0.0000679 seconds, Stopping threads took: 0.0000118 seconds
2020-04-30T04:33:23.302+0700: 18695.242: Total time for which application threads were stopped: 0.0000746 seconds, Stopping threads took: 0.0000140 seconds
2020-04-30T04:33:23.314+0700: 18695.254: Total time for which application threads were stopped: 0.0000998 seconds, Stopping threads took: 0.0000305 seconds
2020-04-30T04:33:26.672+0700: 18698.612: Total time for which application threads were stopped: 0.0001637 seconds, Stopping threads took: 0.0000219 seconds
2020-04-30T04:33:26.673+0700: 18698.612: Total time for which application threads were stopped: 0.0000839 seconds, Stopping threads took: 0.0000094 seconds
2020-04-30T04:33:26.673+0700: 18698.613: Total time for which application threads were stopped: 0.0000596 seconds, Stopping threads took: 0.0000076 seconds
2020-04-30T04:33:26.673+0700: 18698.613: Total time for which application threads were stopped: 0.0000451 seconds, Stopping threads took: 0.0000040 seconds
2020-04-30T04:33:40.776+0700: 18712.716: Total time for which application threads were stopped: 0.0001088 seconds, Stopping threads took: 0.0000326 seconds
2020-04-30T04:33:54.704+0700: 18726.643: Total time for which application threads were stopped: 0.0001610 seconds, Stopping threads took: 0.0000216 seconds
2020-04-30T04:33:54.704+0700: 18726.643: Total time for which application threads were stopped: 0.0001012 seconds, Stopping threads took: 0.0000108 seconds
2020-04-30T04:33:54.704+0700: 18726.644: Total time for which application threads were stopped: 0.0000709 seconds, Stopping threads took: 0.0000080 seconds
2020-04-30T04:33:54.704+0700: 18726.644: Total time for which application threads were stopped: 0.0000537 seconds, Stopping threads took: 0.0000047 seconds
2020-04-30T04:34:08.534+0700: 18740.473: Total time for which application threads were stopped: 0.0001614 seconds, Stopping threads took: 0.0000549 seconds
2020-04-30T04:34:08.534+0700: 18740.473: Total time for which application threads were stopped: 0.0001036 seconds, Stopping threads took: 0.0000263 seconds
2020-04-30T04:34:08.542+0700: 18740.481: Total time for which application threads were stopped: 0.0000985 seconds, Stopping threads took: 0.0000293 seconds
2020-04-30T04:34:16.037+0700: 18747.976: Total time for which application threads were stopped: 0.0001530 seconds, Stopping threads took: 0.0000221 seconds
2020-04-30T04:34:16.037+0700: 18747.976: Total time for which application threads were stopped: 0.0000773 seconds, Stopping threads took: 0.0000082 seconds
2020-04-30T04:34:16.038+0700: 18747.976: Total time for which application threads were stopped: 0.0000582 seconds, Stopping threads took: 0.0000067 seconds
2020-04-30T04:34:16.038+0700: 18747.977: Total time for which application threads were stopped: 0.0000463 seconds, Stopping threads took: 0.0000046 seconds
2020-04-30T04:34:30.073+0700: 18762.011: Total time for which application threads were stopped: 0.0001583 seconds, Stopping threads took: 0.0000548 seconds
2020-04-30T04:34:30.073+0700: 18762.012: Total time for which application threads were stopped: 0.0000980 seconds, Stopping threads took: 0.0000248 seconds
2020-04-30T04:34:30.080+0700: 18762.018: Total time for which application threads were stopped: 0.0001888 seconds, Stopping threads took: 0.0000351 seconds
2020-04-30T04:34:32.381+0700: 18764.320: Total time for which application threads were stopped: 0.0001563 seconds, Stopping threads took: 0.0000210 seconds
2020-04-30T04:34:32.381+0700: 18764.320: Total time for which application threads were stopped: 0.0000842 seconds, Stopping threads took: 0.0000091 seconds
2020-04-30T04:34:32.382+0700: 18764.320: Total time for which application threads were stopped: 0.0000594 seconds, Stopping threads took: 0.0000076 seconds
2020-04-30T04:34:32.382+0700: 18764.320: Total time for which application threads were stopped: 0.0000464 seconds, Stopping threads took: 0.0000042 seconds
2020-04-30T04:34:45.218+0700: 18777.156: Total time for which application threads were stopped: 0.0002326 seconds, Stopping threads took: 0.0000317 seconds
2020-04-30T04:34:50.932+0700: 18782.868: Total time for which application threads were stopped: 0.0001606 seconds, Stopping threads took: 0.0000211 seconds
2020-04-30T04:34:50.932+0700: 18782.868: Total time for which application threads were stopped: 0.0000788 seconds, Stopping threads took: 0.0000083 seconds
2020-04-30T04:34:50.932+0700: 18782.868: Total time for which application threads were stopped: 0.0000595 seconds, Stopping threads took: 0.0000073 seconds
2020-04-30T04:34:50.932+0700: 18782.868: Total time for which application threads were stopped: 0.0000448 seconds, Stopping threads took: 0.0000041 seconds
2020-04-30T04:35:04.011+0700: 18795.942: Total time for which application threads were stopped: 0.0001241 seconds, Stopping threads took: 0.0000403 seconds
2020-04-30T04:35:04.281+0700: 18796.212: Total time for which application threads were stopped: 0.0001344 seconds, Stopping threads took: 0.0000488 seconds
2020-04-30T04:35:04.282+0700: 18796.213: Total time for which application threads were stopped: 0.0001795 seconds, Stopping threads took: 0.0000275 seconds
2020-04-30T04:35:08.156+0700: 18800.087: Total time for which application threads were stopped: 0.0001507 seconds, Stopping threads took: 0.0000193 seconds
2020-04-30T04:35:08.157+0700: 18800.087: Total time for which application threads were stopped: 0.0000797 seconds, Stopping threads took: 0.0000079 seconds
2020-04-30T04:35:08.157+0700: 18800.087: Total time for which application threads were stopped: 0.0000586 seconds, Stopping threads took: 0.0000067 seconds
2020-04-30T04:35:08.157+0700: 18800.087: Total time for which application threads were stopped: 0.0000771 seconds, Stopping threads took: 0.0000104 seconds
2020-04-30T04:35:26.781+0700: 18818.709: Total time for which application threads were stopped: 0.0001519 seconds, Stopping threads took: 0.0000200 seconds
2020-04-30T04:35:26.781+0700: 18818.709: Total time for which application threads were stopped: 0.0000799 seconds, Stopping threads took: 0.0000074 seconds
2020-04-30T04:35:26.781+0700: 18818.709: Total time for which application threads were stopped: 0.0000671 seconds, Stopping threads took: 0.0000094 seconds
2020-04-30T04:35:26.781+0700: 18818.709: Total time for which application threads were stopped: 0.0000458 seconds, Stopping threads took: 0.0000040 seconds
2020-04-30T04:35:38.821+0700: 18830.748: Total time for which application threads were stopped: 0.0002808 seconds, Stopping threads took: 0.0000372 seconds
2020-04-30T04:35:38.821+0700: 18830.748: Total time for which application threads were stopped: 0.0000860 seconds, Stopping threads took: 0.0000244 seconds
2020-04-30T04:35:41.579+0700: 18833.506: Total time for which application threads were stopped: 0.0001597 seconds, Stopping threads took: 0.0000211 seconds
2020-04-30T04:35:41.579+0700: 18833.506: Total time for which application threads were stopped: 0.0000839 seconds, Stopping threads took: 0.0000088 seconds
2020-04-30T04:35:41.579+0700: 18833.506: Total time for which application threads were stopped: 0.0000698 seconds, Stopping threads took: 0.0000097 seconds
2020-04-30T04:35:41.579+0700: 18833.506: Total time for which application threads were stopped: 0.0000470 seconds, Stopping threads took: 0.0000041 seconds
2020-04-30T04:35:54.893+0700: 18846.820: Total time for which application threads were stopped: 0.0001197 seconds, Stopping threads took: 0.0000325 seconds
2020-04-30T04:35:54.893+0700: 18846.820: Total time for which application threads were stopped: 0.0001009 seconds, Stopping threads took: 0.0000326 seconds
2020-04-30T04:35:55.898+0700: 18847.825: Total time for which application threads were stopped: 0.0001102 seconds, Stopping threads took: 0.0000201 seconds
2020-04-30T04:35:59.050+0700: 18850.976: Total time for which application threads were stopped: 0.0001508 seconds, Stopping threads took: 0.0000195 seconds
2020-04-30T04:35:59.050+0700: 18850.976: Total time for which application threads were stopped: 0.0000808 seconds, Stopping threads took: 0.0000086 seconds
2020-04-30T04:35:59.050+0700: 18850.976: Total time for which application threads were stopped: 0.0000687 seconds, Stopping threads took: 0.0000092 seconds
2020-04-30T04:35:59.050+0700: 18850.976: Total time for which application threads were stopped: 0.0000473 seconds, Stopping threads took: 0.0000042 seconds
2020-04-30T04:36:11.165+0700: 18863.091: Total time for which application threads were stopped: 0.0002523 seconds, Stopping threads took: 0.0000551 seconds
2020-04-30T04:36:11.166+0700: 18863.092: Total time for which application threads were stopped: 0.0001615 seconds, Stopping threads took: 0.0000255 seconds
2020-04-30T04:36:11.168+0700: 18863.094: Total time for which application threads were stopped: 0.0001952 seconds, Stopping threads took: 0.0000294 seconds
2020-04-30T04:36:12.171+0700: 18864.097: Total time for which application threads were stopped: 0.0001695 seconds, Stopping threads took: 0.0000561 seconds
2020-04-30T04:36:16.173+0700: 18868.099: Total time for which application threads were stopped: 0.0001511 seconds, Stopping threads took: 0.0000200 seconds
2020-04-30T04:36:16.174+0700: 18868.100: Total time for which application threads were stopped: 0.0000885 seconds, Stopping threads took: 0.0000089 seconds
2020-04-30T04:36:16.174+0700: 18868.100: Total time for which application threads were stopped: 0.0000699 seconds, Stopping threads took: 0.0000093 seconds
2020-04-30T04:36:16.174+0700: 18868.100: Total time for which application threads were stopped: 0.0000484 seconds, Stopping threads took: 0.0000046 seconds
2020-04-30T04:36:32.251+0700: 18884.177: Total time for which application threads were stopped: 0.0001507 seconds, Stopping threads took: 0.0000206 seconds
2020-04-30T04:36:32.251+0700: 18884.177: Total time for which application threads were stopped: 0.0000808 seconds, Stopping threads took: 0.0000086 seconds
2020-04-30T04:36:32.251+0700: 18884.177: Total time for which application threads were stopped: 0.0000685 seconds, Stopping threads took: 0.0000090 seconds
2020-04-30T04:36:32.251+0700: 18884.177: Total time for which application threads were stopped: 0.0000467 seconds, Stopping threads took: 0.0000043 seconds
2020-04-30T04:36:45.173+0700: 18897.098: Total time for which application threads were stopped: 0.0001458 seconds, Stopping threads took: 0.0000390 seconds
2020-04-30T04:36:45.173+0700: 18897.098: Total time for which application threads were stopped: 0.0000987 seconds, Stopping threads took: 0.0000301 seconds
2020-04-30T04:36:48.780+0700: 18900.705: Total time for which application threads were stopped: 0.0001617 seconds, Stopping threads took: 0.0000214 seconds
2020-04-30T04:36:48.780+0700: 18900.706: Total time for which application threads were stopped: 0.0000849 seconds, Stopping threads took: 0.0000094 seconds
2020-04-30T04:36:48.780+0700: 18900.706: Total time for which application threads were stopped: 0.0000709 seconds, Stopping threads took: 0.0000094 seconds
2020-04-30T04:36:48.780+0700: 18900.706: Total time for which application threads were stopped: 0.0000489 seconds, Stopping threads took: 0.0000043 seconds
2020-04-30T04:37:03.930+0700: 18915.854: Total time for which application threads were stopped: 0.0001592 seconds, Stopping threads took: 0.0000196 seconds
2020-04-30T04:37:03.930+0700: 18915.855: Total time for which application threads were stopped: 0.0000792 seconds, Stopping threads took: 0.0000086 seconds
2020-04-30T04:37:03.930+0700: 18915.855: Total time for which application threads were stopped: 0.0000695 seconds, Stopping threads took: 0.0000098 seconds
2020-04-30T04:37:03.930+0700: 18915.855: Total time for which application threads were stopped: 0.0000474 seconds, Stopping threads took: 0.0000042 seconds
2020-04-30T04:37:24.215+0700: 18936.139: Total time for which application threads were stopped: 0.0001541 seconds, Stopping threads took: 0.0000200 seconds
2020-04-30T04:37:24.215+0700: 18936.139: Total time for which application threads were stopped: 0.0000903 seconds, Stopping threads took: 0.0000094 seconds
2020-04-30T04:37:24.215+0700: 18936.139: Total time for which application threads were stopped: 0.0000691 seconds, Stopping threads took: 0.0000092 seconds
2020-04-30T04:37:24.215+0700: 18936.139: Total time for which application threads were stopped: 0.0000481 seconds, Stopping threads took: 0.0000043 seconds
2020-04-30T04:37:35.280+0700: 18947.204: Total time for which application threads were stopped: 0.0000946 seconds, Stopping threads took: 0.0000189 seconds
2020-04-30T04:37:36.296+0700: 18948.220: Total time for which application threads were stopped: 0.0001467 seconds, Stopping threads took: 0.0000381 seconds
2020-04-30T04:37:36.296+0700: 18948.220: Total time for which application threads were stopped: 0.0000980 seconds, Stopping threads took: 0.0000253 seconds
{Heap before GC invocations=44 (full 0):
 garbage-first heap   total 524288K, used 375994K [0x00000007a0000000, 0x00000007a0101000, 0x00000007c0000000)
  region size 1024K, 307 young (314368K), 6 survivors (6144K)
 Metaspace       used 54007K, capacity 56278K, committed 56392K, reserved 1099776K
  class space    used 6218K, capacity 6670K, committed 6732K, reserved 1048576K
2020-04-30T04:37:36.297+0700: 18948.221: [GC pause (G1 Evacuation Pause) (young)
Desired survivor size 20447232 bytes, new threshold 15 (max 15)
- age   1:    2136896 bytes,    2136896 total
- age   2:     468608 bytes,    2605504 total
- age   3:      24688 bytes,    2630192 total
- age   4:      24464 bytes,    2654656 total
- age   5:      26376 bytes,    2681032 total
- age   6:      82832 bytes,    2763864 total
- age   7:        744 bytes,    2764608 total
- age   8:        776 bytes,    2765384 total
- age   9:       4096 bytes,    2769480 total
- age  10:        472 bytes,    2769952 total
- age  11:       8072 bytes,    2778024 total
- age  12:       5768 bytes,    2783792 total
- age  13:      39968 bytes,    2823760 total
- age  14:      18272 bytes,    2842032 total
- age  15:      53344 bytes,    2895376 total
, 0.0050522 secs]
   [Parallel Time: 2.4 ms, GC Workers: 8]
      [GC Worker Start (ms): Min: 18948221.4, Avg: 18948221.5, Max: 18948221.5, Diff: 0.1]
      [Ext Root Scanning (ms): Min: 0.3, Avg: 0.4, Max: 1.0, Diff: 0.7, Sum: 3.3]
      [Update RS (ms): Min: 0.0, Avg: 0.6, Max: 1.9, Diff: 1.9, Sum: 4.8]
         [Processed Buffers: Min: 0, Avg: 3.2, Max: 8, Diff: 8, Sum: 26]
      [Scan RS (ms): Min: 0.0, Avg: 0.0, Max: 0.0, Diff: 0.0, Sum: 0.2]
      [Code Root Scanning (ms): Min: 0.0, Avg: 0.0, Max: 0.1, Diff: 0.1, Sum: 0.2]
      [Object Copy (ms): Min: 0.1, Avg: 0.6, Max: 0.8, Diff: 0.7, Sum: 4.9]
      [Termination (ms): Min: 0.0, Avg: 0.6, Max: 0.7, Diff: 0.7, Sum: 4.7]
         [Termination Attempts: Min: 1, Avg: 1.6, Max: 2, Diff: 1, Sum: 13]
      [GC Worker Other (ms): Min: 0.0, Avg: 0.0, Max: 0.1, Diff: 0.1, Sum: 0.2]
      [GC Worker Total (ms): Min: 2.2, Avg: 2.3, Max: 2.3, Diff: 0.1, Sum: 18.3]
      [GC Worker End (ms): Min: 18948223.7, Avg: 18948223.7, Max: 18948223.8, Diff: 0.0]
   [Code Root Fixup: 0.0 ms]
   [Code Root Purge: 0.0 ms]
   [Clear CT: 0.1 ms]
   [Other: 2.5 ms]
      [Choose CSet: 0.0 ms]
      [Ref Proc: 1.9 ms]
      [Ref Enq: 0.2 ms]
      [Redirty Cards: 0.2 ms]
      [Humongous Register: 0.0 ms]
      [Humongous Reclaim: 0.0 ms]
      [Free CSet: 0.1 ms]
   [Eden: 301.0M(301.0M)->0.0B(302.0M) Survivors: 6144.0K->5120.0K Heap: 367.2M(512.0M)->65.6M(512.0M)]
Heap after GC invocations=45 (full 0):
 garbage-first heap   total 524288K, used 67204K [0x00000007a0000000, 0x00000007a0101000, 0x00000007c0000000)
  region size 1024K, 5 young (5120K), 5 survivors (5120K)
 Metaspace       used 54007K, capacity 56278K, committed 56392K, reserved 1099776K
  class space    used 6218K, capacity 6670K, committed 6732K, reserved 1048576K
}
 [Times: user=0.02 sys=0.00, real=0.01 secs] 
2020-04-30T04:37:36.302+0700: 18948.226: Total time for which application threads were stopped: 0.0052942 seconds, Stopping threads took: 0.0000314 seconds
2020-04-30T04:37:36.307+0700: 18948.232: Total time for which application threads were stopped: 0.0001914 seconds, Stopping threads took: 0.0000311 seconds
2020-04-30T04:37:39.770+0700: 18951.694: Total time for which application threads were stopped: 0.0001520 seconds, Stopping threads took: 0.0000202 seconds
2020-04-30T04:37:39.770+0700: 18951.694: Total time for which application threads were stopped: 0.0000815 seconds, Stopping threads took: 0.0000083 seconds
2020-04-30T04:37:39.770+0700: 18951.694: Total time for which application threads were stopped: 0.0000579 seconds, Stopping threads took: 0.0000073 seconds
2020-04-30T04:37:39.770+0700: 18951.694: Total time for which application threads were stopped: 0.0000445 seconds, Stopping threads took: 0.0000041 seconds
2020-04-30T04:37:53.116+0700: 18965.040: Total time for which application threads were stopped: 0.0001831 seconds, Stopping threads took: 0.0000176 seconds
2020-04-30T04:37:54.123+0700: 18966.047: Total time for which application threads were stopped: 0.0001163 seconds, Stopping threads took: 0.0000210 seconds
2020-04-30T04:37:55.125+0700: 18967.049: Total time for which application threads were stopped: 0.0001744 seconds, Stopping threads took: 0.0000818 seconds
2020-04-30T04:37:56.161+0700: 18968.085: Total time for which application threads were stopped: 0.0001606 seconds, Stopping threads took: 0.0000211 seconds
2020-04-30T04:37:56.161+0700: 18968.085: Total time for which application threads were stopped: 0.0000797 seconds, Stopping threads took: 0.0000085 seconds
2020-04-30T04:37:56.161+0700: 18968.085: Total time for which application threads were stopped: 0.0000688 seconds, Stopping threads took: 0.0000087 seconds
2020-04-30T04:37:56.161+0700: 18968.085: Total time for which application threads were stopped: 0.0000473 seconds, Stopping threads took: 0.0000041 seconds
2020-04-30T04:38:09.382+0700: 18981.305: Total time for which application threads were stopped: 0.0001101 seconds, Stopping threads took: 0.0000316 seconds
2020-04-30T04:38:29.356+0700: 19001.279: Total time for which application threads were stopped: 0.0003030 seconds, Stopping threads took: 0.0000207 seconds
2020-04-30T04:38:29.356+0700: 19001.280: Total time for which application threads were stopped: 0.0000738 seconds, Stopping threads took: 0.0000086 seconds
2020-04-30T04:38:29.357+0700: 19001.280: Total time for which application threads were stopped: 0.0000575 seconds, Stopping threads took: 0.0000072 seconds
2020-04-30T04:38:29.357+0700: 19001.280: Total time for which application threads were stopped: 0.0000447 seconds, Stopping threads took: 0.0000041 seconds
2020-04-30T04:38:31.687+0700: 19003.610: Total time for which application threads were stopped: 0.0001618 seconds, Stopping threads took: 0.0000207 seconds
2020-04-30T04:38:42.488+0700: 19014.411: Total time for which application threads were stopped: 0.0001100 seconds, Stopping threads took: 0.0000200 seconds
2020-04-30T04:38:42.488+0700: 19014.411: Total time for which application threads were stopped: 0.0000469 seconds, Stopping threads took: 0.0000063 seconds
2020-04-30T04:38:42.495+0700: 19014.418: Total time for which application threads were stopped: 0.0001314 seconds, Stopping threads took: 0.0000526 seconds
2020-04-30T04:38:42.495+0700: 19014.418: Total time for which application threads were stopped: 0.0001051 seconds, Stopping threads took: 0.0000242 seconds
2020-04-30T04:38:42.496+0700: 19014.419: Total time for which application threads were stopped: 0.0001100 seconds, Stopping threads took: 0.0000276 seconds
2020-04-30T04:38:42.497+0700: 19014.420: Total time for which application threads were stopped: 0.0000706 seconds, Stopping threads took: 0.0000095 seconds
2020-04-30T04:38:45.510+0700: 19017.432: Total time for which application threads were stopped: 0.0001020 seconds, Stopping threads took: 0.0000199 seconds
2020-04-30T04:38:46.437+0700: 19018.360: Total time for which application threads were stopped: 0.0002127 seconds, Stopping threads took: 0.0000209 seconds
2020-04-30T04:38:46.437+0700: 19018.360: Total time for which application threads were stopped: 0.0002520 seconds, Stopping threads took: 0.0000099 seconds
2020-04-30T04:38:46.437+0700: 19018.360: Total time for which application threads were stopped: 0.0000926 seconds, Stopping threads took: 0.0000205 seconds
2020-04-30T04:38:46.437+0700: 19018.360: Total time for which application threads were stopped: 0.0000519 seconds, Stopping threads took: 0.0000046 seconds
2020-04-30T04:38:47.440+0700: 19019.363: Total time for which application threads were stopped: 0.0002109 seconds, Stopping threads took: 0.0000873 seconds
2020-04-30T04:38:48.261+0700: 19020.183: Total time for which application threads were stopped: 0.0001477 seconds, Stopping threads took: 0.0000202 seconds
2020-04-30T04:38:59.813+0700: 19031.735: Total time for which application threads were stopped: 0.0001492 seconds, Stopping threads took: 0.0000350 seconds
2020-04-30T04:38:59.818+0700: 19031.740: Total time for which application threads were stopped: 0.0000731 seconds, Stopping threads took: 0.0000129 seconds
2020-04-30T04:38:59.829+0700: 19031.751: Total time for which application threads were stopped: 0.0000897 seconds, Stopping threads took: 0.0000148 seconds
2020-04-30T04:39:09.420+0700: 19041.342: Total time for which application threads were stopped: 0.0001739 seconds, Stopping threads took: 0.0000228 seconds
2020-04-30T04:39:09.420+0700: 19041.343: Total time for which application threads were stopped: 0.0000721 seconds, Stopping threads took: 0.0000080 seconds
2020-04-30T04:39:09.420+0700: 19041.343: Total time for which application threads were stopped: 0.0000673 seconds, Stopping threads took: 0.0000076 seconds
2020-04-30T04:39:09.420+0700: 19041.343: Total time for which application threads were stopped: 0.0000539 seconds, Stopping threads took: 0.0000048 seconds
2020-04-30T04:39:20.960+0700: 19052.882: Total time for which application threads were stopped: 0.0001614 seconds, Stopping threads took: 0.0000362 seconds
2020-04-30T04:39:20.960+0700: 19052.882: Total time for which application threads were stopped: 0.0000876 seconds, Stopping threads took: 0.0000248 seconds
2020-04-30T04:39:20.967+0700: 19052.889: Total time for which application threads were stopped: 0.0000893 seconds, Stopping threads took: 0.0000264 seconds
2020-04-30T04:39:23.263+0700: 19055.185: Total time for which application threads were stopped: 0.0001578 seconds, Stopping threads took: 0.0000202 seconds
2020-04-30T04:39:23.264+0700: 19055.186: Total time for which application threads were stopped: 0.0000808 seconds, Stopping threads took: 0.0000088 seconds
2020-04-30T04:39:23.264+0700: 19055.186: Total time for which application threads were stopped: 0.0000696 seconds, Stopping threads took: 0.0000094 seconds
2020-04-30T04:39:23.264+0700: 19055.186: Total time for which application threads were stopped: 0.0000475 seconds, Stopping threads took: 0.0000043 seconds
2020-04-30T04:39:33.315+0700: 19065.237: Total time for which application threads were stopped: 0.0001142 seconds, Stopping threads took: 0.0000358 seconds
2020-04-30T04:39:36.432+0700: 19068.354: Total time for which application threads were stopped: 0.0001081 seconds, Stopping threads took: 0.0000318 seconds
2020-04-30T04:39:42.330+0700: 19074.252: Total time for which application threads were stopped: 0.0001640 seconds, Stopping threads took: 0.0000227 seconds
2020-04-30T04:39:42.331+0700: 19074.252: Total time for which application threads were stopped: 0.0000626 seconds, Stopping threads took: 0.0000074 seconds
2020-04-30T04:39:42.331+0700: 19074.252: Total time for which application threads were stopped: 0.0000717 seconds, Stopping threads took: 0.0000108 seconds
2020-04-30T04:39:42.331+0700: 19074.252: Total time for which application threads were stopped: 0.0000467 seconds, Stopping threads took: 0.0000041 seconds
2020-04-30T04:39:53.117+0700: 19085.038: Total time for which application threads were stopped: 0.0001857 seconds, Stopping threads took: 0.0000336 seconds
2020-04-30T04:39:54.125+0700: 19086.047: Total time for which application threads were stopped: 0.0001008 seconds, Stopping threads took: 0.0000193 seconds
2020-04-30T04:39:56.738+0700: 19088.659: Total time for which application threads were stopped: 0.0001630 seconds, Stopping threads took: 0.0000218 seconds
2020-04-30T04:39:56.738+0700: 19088.659: Total time for which application threads were stopped: 0.0000995 seconds, Stopping threads took: 0.0000088 seconds
2020-04-30T04:39:56.738+0700: 19088.659: Total time for which application threads were stopped: 0.0000583 seconds, Stopping threads took: 0.0000080 seconds
2020-04-30T04:39:56.738+0700: 19088.659: Total time for which application threads were stopped: 0.0000426 seconds, Stopping threads took: 0.0000040 seconds
2020-04-30T04:40:08.979+0700: 19100.900: Total time for which application threads were stopped: 0.0001132 seconds, Stopping threads took: 0.0000180 seconds
2020-04-30T04:40:15.351+0700: 19107.272: Total time for which application threads were stopped: 0.0001635 seconds, Stopping threads took: 0.0000222 seconds
2020-04-30T04:40:15.351+0700: 19107.272: Total time for which application threads were stopped: 0.0000610 seconds, Stopping threads took: 0.0000064 seconds
2020-04-30T04:40:15.351+0700: 19107.272: Total time for which application threads were stopped: 0.0000673 seconds, Stopping threads took: 0.0000089 seconds
2020-04-30T04:40:15.351+0700: 19107.272: Total time for which application threads were stopped: 0.0000467 seconds, Stopping threads took: 0.0000041 seconds
2020-04-30T04:40:25.674+0700: 19117.595: Total time for which application threads were stopped: 0.0001122 seconds, Stopping threads took: 0.0000342 seconds
2020-04-30T04:40:29.033+0700: 19120.953: Total time for which application threads were stopped: 0.0001530 seconds, Stopping threads took: 0.0000199 seconds
2020-04-30T04:40:29.033+0700: 19120.954: Total time for which application threads were stopped: 0.0000936 seconds, Stopping threads took: 0.0000106 seconds
2020-04-30T04:40:29.033+0700: 19120.954: Total time for which application threads were stopped: 0.0000624 seconds, Stopping threads took: 0.0000071 seconds
2020-04-30T04:40:29.033+0700: 19120.954: Total time for which application threads were stopped: 0.0000472 seconds, Stopping threads took: 0.0000042 seconds
2020-04-30T04:40:41.473+0700: 19133.393: Total time for which application threads were stopped: 0.0001122 seconds, Stopping threads took: 0.0000177 seconds
2020-04-30T04:40:44.335+0700: 19136.255: Total time for which application threads were stopped: 0.0001556 seconds, Stopping threads took: 0.0000205 seconds
2020-04-30T04:40:44.335+0700: 19136.256: Total time for which application threads were stopped: 0.0000838 seconds, Stopping threads took: 0.0000087 seconds
2020-04-30T04:40:44.335+0700: 19136.256: Total time for which application threads were stopped: 0.0000606 seconds, Stopping threads took: 0.0000069 seconds
2020-04-30T04:40:44.335+0700: 19136.256: Total time for which application threads were stopped: 0.0000454 seconds, Stopping threads took: 0.0000041 seconds
2020-04-30T04:40:49.362+0700: 19141.283: Total time for which application threads were stopped: 0.0001204 seconds, Stopping threads took: 0.0000261 seconds
2020-04-30T04:40:58.084+0700: 19150.004: Total time for which application threads were stopped: 0.0001100 seconds, Stopping threads took: 0.0000326 seconds
2020-04-30T04:41:11.686+0700: 19163.606: Total time for which application threads were stopped: 0.0001652 seconds, Stopping threads took: 0.0000233 seconds
2020-04-30T04:41:11.686+0700: 19163.606: Total time for which application threads were stopped: 0.0000651 seconds, Stopping threads took: 0.0000071 seconds
2020-04-30T04:41:11.686+0700: 19163.606: Total time for which application threads were stopped: 0.0000722 seconds, Stopping threads took: 0.0000095 seconds
2020-04-30T04:41:11.687+0700: 19163.606: Total time for which application threads were stopped: 0.0000510 seconds, Stopping threads took: 0.0000044 seconds
2020-04-30T04:41:15.949+0700: 19167.869: Total time for which application threads were stopped: 0.0001425 seconds, Stopping threads took: 0.0000475 seconds
2020-04-30T04:41:15.949+0700: 19167.869: Total time for which application threads were stopped: 0.0000860 seconds, Stopping threads took: 0.0000083 seconds
2020-04-30T04:41:16.670+0700: 19168.590: Total time for which application threads were stopped: 0.0001182 seconds, Stopping threads took: 0.0000187 seconds
2020-04-30T04:41:31.415+0700: 19183.335: Total time for which application threads were stopped: 0.0001509 seconds, Stopping threads took: 0.0000201 seconds
2020-04-30T04:41:31.415+0700: 19183.335: Total time for which application threads were stopped: 0.0000764 seconds, Stopping threads took: 0.0000082 seconds
2020-04-30T04:41:31.416+0700: 19183.335: Total time for which application threads were stopped: 0.0001873 seconds, Stopping threads took: 0.0000066 seconds
2020-04-30T04:41:31.416+0700: 19183.335: Total time for which application threads were stopped: 0.0001419 seconds, Stopping threads took: 0.0000044 seconds
2020-04-30T04:41:39.141+0700: 19191.060: Total time for which application threads were stopped: 0.0001151 seconds, Stopping threads took: 0.0000336 seconds
2020-04-30T04:41:39.157+0700: 19191.076: Total time for which application threads were stopped: 0.0001014 seconds, Stopping threads took: 0.0000311 seconds
2020-04-30T04:41:39.157+0700: 19191.076: Total time for which application threads were stopped: 0.0000907 seconds, Stopping threads took: 0.0000041 seconds
2020-04-30T04:41:39.157+0700: 19191.077: Total time for which application threads were stopped: 0.0000796 seconds, Stopping threads took: 0.0000256 seconds
2020-04-30T04:41:54.601+0700: 19206.520: Total time for which application threads were stopped: 0.0001596 seconds, Stopping threads took: 0.0000217 seconds
2020-04-30T04:41:54.601+0700: 19206.520: Total time for which application threads were stopped: 0.0000615 seconds, Stopping threads took: 0.0000072 seconds
2020-04-30T04:41:54.601+0700: 19206.520: Total time for which application threads were stopped: 0.0000669 seconds, Stopping threads took: 0.0000088 seconds
2020-04-30T04:41:54.601+0700: 19206.520: Total time for which application threads were stopped: 0.0000482 seconds, Stopping threads took: 0.0000044 seconds
2020-04-30T04:42:02.656+0700: 19214.575: Total time for which application threads were stopped: 0.0001100 seconds, Stopping threads took: 0.0000328 seconds
2020-04-30T04:42:10.345+0700: 19222.264: Total time for which application threads were stopped: 0.0001482 seconds, Stopping threads took: 0.0000200 seconds
2020-04-30T04:42:10.346+0700: 19222.264: Total time for which application threads were stopped: 0.0000757 seconds, Stopping threads took: 0.0000080 seconds
2020-04-30T04:42:10.346+0700: 19222.264: Total time for which application threads were stopped: 0.0000560 seconds, Stopping threads took: 0.0000066 seconds
2020-04-30T04:42:10.346+0700: 19222.264: Total time for which application threads were stopped: 0.0000428 seconds, Stopping threads took: 0.0000037 seconds
2020-04-30T04:42:22.629+0700: 19234.548: Total time for which application threads were stopped: 0.0001741 seconds, Stopping threads took: 0.0000515 seconds
2020-04-30T04:42:22.630+0700: 19234.548: Total time for which application threads were stopped: 0.0001104 seconds, Stopping threads took: 0.0000252 seconds
2020-04-30T04:42:22.635+0700: 19234.554: Total time for which application threads were stopped: 0.0000985 seconds, Stopping threads took: 0.0000296 seconds
2020-04-30T04:42:29.985+0700: 19241.903: Total time for which application threads were stopped: 0.0001516 seconds, Stopping threads took: 0.0000219 seconds
2020-04-30T04:42:29.985+0700: 19241.903: Total time for which application threads were stopped: 0.0000806 seconds, Stopping threads took: 0.0000083 seconds
2020-04-30T04:42:29.985+0700: 19241.903: Total time for which application threads were stopped: 0.0000600 seconds, Stopping threads took: 0.0000070 seconds
2020-04-30T04:42:29.985+0700: 19241.903: Total time for which application threads were stopped: 0.0000786 seconds, Stopping threads took: 0.0000039 seconds
2020-04-30T04:42:43.102+0700: 19255.020: Total time for which application threads were stopped: 0.0001087 seconds, Stopping threads took: 0.0000212 seconds
2020-04-30T04:42:43.102+0700: 19255.020: Total time for which application threads were stopped: 0.0000500 seconds, Stopping threads took: 0.0000072 seconds
2020-04-30T04:42:43.108+0700: 19255.026: Total time for which application threads were stopped: 0.0001050 seconds, Stopping threads took: 0.0000137 seconds
2020-04-30T04:42:47.903+0700: 19259.820: Total time for which application threads were stopped: 0.0001632 seconds, Stopping threads took: 0.0000242 seconds
2020-04-30T04:42:47.903+0700: 19259.821: Total time for which application threads were stopped: 0.0000614 seconds, Stopping threads took: 0.0000067 seconds
2020-04-30T04:42:47.903+0700: 19259.821: Total time for which application threads were stopped: 0.0000666 seconds, Stopping threads took: 0.0000087 seconds
2020-04-30T04:42:47.903+0700: 19259.821: Total time for which application threads were stopped: 0.0000474 seconds, Stopping threads took: 0.0000043 seconds
2020-04-30T04:42:58.670+0700: 19270.588: Total time for which application threads were stopped: 0.0001105 seconds, Stopping threads took: 0.0000327 seconds
2020-04-30T04:43:03.175+0700: 19275.092: Total time for which application threads were stopped: 0.0001527 seconds, Stopping threads took: 0.0000208 seconds
2020-04-30T04:43:03.175+0700: 19275.092: Total time for which application threads were stopped: 0.0000782 seconds, Stopping threads took: 0.0000080 seconds
2020-04-30T04:43:03.175+0700: 19275.093: Total time for which application threads were stopped: 0.0000573 seconds, Stopping threads took: 0.0000067 seconds
2020-04-30T04:43:03.175+0700: 19275.093: Total time for which application threads were stopped: 0.0000450 seconds, Stopping threads took: 0.0000041 seconds
2020-04-30T04:43:15.089+0700: 19287.006: Total time for which application threads were stopped: 0.0001074 seconds, Stopping threads took: 0.0000209 seconds
2020-04-30T04:43:15.089+0700: 19287.006: Total time for which application threads were stopped: 0.0000495 seconds, Stopping threads took: 0.0000058 seconds
2020-04-30T04:43:15.096+0700: 19287.013: Total time for which application threads were stopped: 0.0000938 seconds, Stopping threads took: 0.0000129 seconds
2020-04-30T04:43:19.668+0700: 19291.585: Total time for which application threads were stopped: 0.0001511 seconds, Stopping threads took: 0.0000207 seconds
2020-04-30T04:43:19.668+0700: 19291.586: Total time for which application threads were stopped: 0.0000807 seconds, Stopping threads took: 0.0000093 seconds
2020-04-30T04:43:19.669+0700: 19291.586: Total time for which application threads were stopped: 0.0000697 seconds, Stopping threads took: 0.0000088 seconds
2020-04-30T04:43:19.669+0700: 19291.586: Total time for which application threads were stopped: 0.0000482 seconds, Stopping threads took: 0.0000043 seconds
2020-04-30T04:43:32.884+0700: 19304.800: Total time for which application threads were stopped: 0.0001733 seconds, Stopping threads took: 0.0000352 seconds
2020-04-30T04:43:32.884+0700: 19304.801: Total time for which application threads were stopped: 0.0001248 seconds, Stopping threads took: 0.0000067 seconds
2020-04-30T04:43:32.891+0700: 19304.808: Total time for which application threads were stopped: 0.0001775 seconds, Stopping threads took: 0.0000146 seconds
2020-04-30T04:43:32.892+0700: 19304.809: Total time for which application threads were stopped: 0.0000796 seconds, Stopping threads took: 0.0000266 seconds
2020-04-30T04:43:41.198+0700: 19313.115: Total time for which application threads were stopped: 0.0001591 seconds, Stopping threads took: 0.0000240 seconds
2020-04-30T04:43:41.199+0700: 19313.115: Total time for which application threads were stopped: 0.0000643 seconds, Stopping threads took: 0.0000079 seconds
2020-04-30T04:43:41.199+0700: 19313.115: Total time for which application threads were stopped: 0.0000594 seconds, Stopping threads took: 0.0000069 seconds
2020-04-30T04:43:41.200+0700: 19313.117: Total time for which application threads were stopped: 0.0002457 seconds, Stopping threads took: 0.0000364 seconds
2020-04-30T04:43:50.265+0700: 19322.181: Total time for which application threads were stopped: 0.0002329 seconds, Stopping threads took: 0.0000336 seconds
2020-04-30T04:43:55.590+0700: 19327.506: Total time for which application threads were stopped: 0.0001622 seconds, Stopping threads took: 0.0000223 seconds
2020-04-30T04:43:55.590+0700: 19327.507: Total time for which application threads were stopped: 0.0000617 seconds, Stopping threads took: 0.0000065 seconds
2020-04-30T04:43:55.590+0700: 19327.507: Total time for which application threads were stopped: 0.0000574 seconds, Stopping threads took: 0.0000066 seconds
2020-04-30T04:43:55.590+0700: 19327.507: Total time for which application threads were stopped: 0.0000443 seconds, Stopping threads took: 0.0000039 seconds
2020-04-30T04:44:05.535+0700: 19337.451: Total time for which application threads were stopped: 0.0001080 seconds, Stopping threads took: 0.0000196 seconds
2020-04-30T04:44:05.535+0700: 19337.451: Total time for which application threads were stopped: 0.0000501 seconds, Stopping threads took: 0.0000069 seconds
2020-04-30T04:44:05.541+0700: 19337.458: Total time for which application threads were stopped: 0.0001338 seconds, Stopping threads took: 0.0000391 seconds
2020-04-30T04:44:05.542+0700: 19337.458: Total time for which application threads were stopped: 0.0000804 seconds, Stopping threads took: 0.0000068 seconds
2020-04-30T04:44:05.542+0700: 19337.459: Total time for which application threads were stopped: 0.0001555 seconds, Stopping threads took: 0.0000574 seconds
2020-04-30T04:44:06.551+0700: 19338.467: Total time for which application threads were stopped: 0.0001587 seconds, Stopping threads took: 0.0000377 seconds
2020-04-30T04:44:23.199+0700: 19355.115: Total time for which application threads were stopped: 0.0001525 seconds, Stopping threads took: 0.0000197 seconds
2020-04-30T04:44:23.199+0700: 19355.115: Total time for which application threads were stopped: 0.0000827 seconds, Stopping threads took: 0.0000090 seconds
2020-04-30T04:44:23.199+0700: 19355.115: Total time for which application threads were stopped: 0.0000718 seconds, Stopping threads took: 0.0000095 seconds
2020-04-30T04:44:23.199+0700: 19355.115: Total time for which application threads were stopped: 0.0000474 seconds, Stopping threads took: 0.0000042 seconds
{Heap before GC invocations=45 (full 0):
 garbage-first heap   total 524288K, used 376452K [0x00000007a0000000, 0x00000007a0101000, 0x00000007c0000000)
  region size 1024K, 307 young (314368K), 5 survivors (5120K)
 Metaspace       used 54009K, capacity 56278K, committed 56392K, reserved 1099776K
  class space    used 6218K, capacity 6670K, committed 6732K, reserved 1048576K
2020-04-30T04:44:34.200+0700: 19366.115: [GC pause (G1 Evacuation Pause) (young)
Desired survivor size 20447232 bytes, new threshold 15 (max 15)
- age   1:    1436176 bytes,    1436176 total
- age   2:     278680 bytes,    1714856 total
- age   3:     467280 bytes,    2182136 total
- age   4:      24568 bytes,    2206704 total
- age   5:      24392 bytes,    2231096 total
- age   6:      26376 bytes,    2257472 total
- age   7:      55320 bytes,    2312792 total
- age   8:        744 bytes,    2313536 total
- age   9:        776 bytes,    2314312 total
- age  10:       4096 bytes,    2318408 total
- age  11:        472 bytes,    2318880 total
- age  12:       8072 bytes,    2326952 total
- age  13:       5768 bytes,    2332720 total
- age  14:      39968 bytes,    2372688 total
- age  15:      18272 bytes,    2390960 total
, 0.0044791 secs]
   [Parallel Time: 2.1 ms, GC Workers: 8]
      [GC Worker Start (ms): Min: 19366115.4, Avg: 19366115.5, Max: 19366115.5, Diff: 0.1]
      [Ext Root Scanning (ms): Min: 0.3, Avg: 0.6, Max: 1.9, Diff: 1.6, Sum: 4.6]
      [Update RS (ms): Min: 0.0, Avg: 0.1, Max: 0.2, Diff: 0.2, Sum: 1.0]
         [Processed Buffers: Min: 0, Avg: 3.1, Max: 8, Diff: 8, Sum: 25]
      [Scan RS (ms): Min: 0.0, Avg: 0.0, Max: 0.0, Diff: 0.0, Sum: 0.2]
      [Code Root Scanning (ms): Min: 0.0, Avg: 0.0, Max: 0.1, Diff: 0.1, Sum: 0.2]
      [Object Copy (ms): Min: 0.0, Avg: 0.7, Max: 0.9, Diff: 0.9, Sum: 5.3]
      [Termination (ms): Min: 0.0, Avg: 0.5, Max: 0.6, Diff: 0.6, Sum: 3.8]
         [Termination Attempts: Min: 1, Avg: 1.0, Max: 1, Diff: 0, Sum: 8]
      [GC Worker Other (ms): Min: 0.0, Avg: 0.0, Max: 0.0, Diff: 0.0, Sum: 0.1]
      [GC Worker Total (ms): Min: 1.9, Avg: 1.9, Max: 2.0, Diff: 0.1, Sum: 15.3]
      [GC Worker End (ms): Min: 19366117.4, Avg: 19366117.4, Max: 19366117.4, Diff: 0.0]
   [Code Root Fixup: 0.0 ms]
   [Code Root Purge: 0.0 ms]
   [Clear CT: 0.1 ms]
   [Other: 2.4 ms]
      [Choose CSet: 0.0 ms]
      [Ref Proc: 2.1 ms]
      [Ref Enq: 0.1 ms]
      [Redirty Cards: 0.1 ms]
      [Humongous Register: 0.0 ms]
      [Humongous Reclaim: 0.0 ms]
      [Free CSet: 0.1 ms]
   [Eden: 302.0M(302.0M)->0.0B(303.0M) Survivors: 5120.0K->4096.0K Heap: 367.6M(512.0M)->65.3M(512.0M)]
Heap after GC invocations=46 (full 0):
 garbage-first heap   total 524288K, used 66903K [0x00000007a0000000, 0x00000007a0101000, 0x00000007c0000000)
  region size 1024K, 4 young (4096K), 4 survivors (4096K)
 Metaspace       used 54009K, capacity 56278K, committed 56392K, reserved 1099776K
  class space    used 6218K, capacity 6670K, committed 6732K, reserved 1048576K
}
 [Times: user=0.02 sys=0.00, real=0.00 secs] 
2020-04-30T04:44:34.204+0700: 19366.120: Total time for which application threads were stopped: 0.0047164 seconds, Stopping threads took: 0.0000341 seconds
2020-04-30T04:44:34.205+0700: 19366.120: Total time for which application threads were stopped: 0.0002162 seconds, Stopping threads took: 0.0000353 seconds
2020-04-30T04:44:34.205+0700: 19366.121: Total time for which application threads were stopped: 0.0000555 seconds, Stopping threads took: 0.0000069 seconds
2020-04-30T04:44:34.206+0700: 19366.121: Total time for which application threads were stopped: 0.0000376 seconds, Stopping threads took: 0.0000057 seconds
2020-04-30T04:44:34.207+0700: 19366.123: Total time for which application threads were stopped: 0.0000594 seconds, Stopping threads took: 0.0000092 seconds
2020-04-30T04:44:34.207+0700: 19366.123: Total time for which application threads were stopped: 0.0000431 seconds, Stopping threads took: 0.0000058 seconds
2020-04-30T04:44:34.207+0700: 19366.123: Total time for which application threads were stopped: 0.0001242 seconds, Stopping threads took: 0.0000052 seconds
2020-04-30T04:44:34.212+0700: 19366.128: Total time for which application threads were stopped: 0.0000757 seconds, Stopping threads took: 0.0000122 seconds
2020-04-30T04:44:37.937+0700: 19369.853: Total time for which application threads were stopped: 0.0001498 seconds, Stopping threads took: 0.0000201 seconds
2020-04-30T04:44:37.937+0700: 19369.853: Total time for which application threads were stopped: 0.0000816 seconds, Stopping threads took: 0.0000083 seconds
2020-04-30T04:44:37.938+0700: 19369.853: Total time for which application threads were stopped: 0.0000597 seconds, Stopping threads took: 0.0000072 seconds
2020-04-30T04:44:37.938+0700: 19369.853: Total time for which application threads were stopped: 0.0000457 seconds, Stopping threads took: 0.0000043 seconds
2020-04-30T04:44:51.052+0700: 19382.967: Total time for which application threads were stopped: 0.0001086 seconds, Stopping threads took: 0.0000198 seconds
2020-04-30T04:44:51.052+0700: 19382.967: Total time for which application threads were stopped: 0.0000472 seconds, Stopping threads took: 0.0000058 seconds
2020-04-30T04:44:56.978+0700: 19388.893: Total time for which application threads were stopped: 0.0003305 seconds, Stopping threads took: 0.0000344 seconds
2020-04-30T04:44:56.978+0700: 19388.894: Total time for which application threads were stopped: 0.0000893 seconds, Stopping threads took: 0.0000198 seconds
2020-04-30T04:44:56.979+0700: 19388.894: Total time for which application threads were stopped: 0.0000854 seconds, Stopping threads took: 0.0000201 seconds
2020-04-30T04:44:56.979+0700: 19388.894: Total time for which application threads were stopped: 0.0000580 seconds, Stopping threads took: 0.0000119 seconds
2020-04-30T04:45:01.543+0700: 19393.458: Total time for which application threads were stopped: 0.0001601 seconds, Stopping threads took: 0.0000207 seconds
2020-04-30T04:45:13.045+0700: 19404.960: Total time for which application threads were stopped: 0.0001715 seconds, Stopping threads took: 0.0000264 seconds
2020-04-30T04:45:13.045+0700: 19404.960: Total time for which application threads were stopped: 0.0002254 seconds, Stopping threads took: 0.0000095 seconds
2020-04-30T04:45:13.045+0700: 19404.960: Total time for which application threads were stopped: 0.0000618 seconds, Stopping threads took: 0.0000068 seconds
2020-04-30T04:45:13.045+0700: 19404.960: Total time for which application threads were stopped: 0.0000452 seconds, Stopping threads took: 0.0000040 seconds
2020-04-30T04:45:16.913+0700: 19408.828: Total time for which application threads were stopped: 0.0001483 seconds, Stopping threads took: 0.0000203 seconds
2020-04-30T04:45:28.335+0700: 19420.250: Total time for which application threads were stopped: 0.0001582 seconds, Stopping threads took: 0.0000208 seconds
2020-04-30T04:45:28.336+0700: 19420.250: Total time for which application threads were stopped: 0.0000823 seconds, Stopping threads took: 0.0000087 seconds
2020-04-30T04:45:28.336+0700: 19420.250: Total time for which application threads were stopped: 0.0000931 seconds, Stopping threads took: 0.0000071 seconds
2020-04-30T04:45:28.336+0700: 19420.250: Total time for which application threads were stopped: 0.0000488 seconds, Stopping threads took: 0.0000044 seconds
2020-04-30T04:45:42.421+0700: 19434.335: Total time for which application threads were stopped: 0.0001110 seconds, Stopping threads took: 0.0000351 seconds
2020-04-30T04:45:44.817+0700: 19436.731: Total time for which application threads were stopped: 0.0001502 seconds, Stopping threads took: 0.0000208 seconds
2020-04-30T04:45:44.817+0700: 19436.732: Total time for which application threads were stopped: 0.0000850 seconds, Stopping threads took: 0.0000093 seconds
2020-04-30T04:45:44.818+0700: 19436.732: Total time for which application threads were stopped: 0.0002086 seconds, Stopping threads took: 0.0000127 seconds
2020-04-30T04:45:44.818+0700: 19436.732: Total time for which application threads were stopped: 0.0001532 seconds, Stopping threads took: 0.0000067 seconds
2020-04-30T04:45:54.708+0700: 19446.622: Total time for which application threads were stopped: 0.0001424 seconds, Stopping threads took: 0.0000214 seconds
2020-04-30T04:45:54.708+0700: 19446.622: Total time for which application threads were stopped: 0.0000484 seconds, Stopping threads took: 0.0000043 seconds
2020-04-30T04:45:59.561+0700: 19451.475: Total time for which application threads were stopped: 0.0001480 seconds, Stopping threads took: 0.0000202 seconds
2020-04-30T04:45:59.561+0700: 19451.475: Total time for which application threads were stopped: 0.0000759 seconds, Stopping threads took: 0.0000083 seconds
2020-04-30T04:45:59.561+0700: 19451.475: Total time for which application threads were stopped: 0.0000703 seconds, Stopping threads took: 0.0000098 seconds
2020-04-30T04:45:59.561+0700: 19451.475: Total time for which application threads were stopped: 0.0000475 seconds, Stopping threads took: 0.0000043 seconds
2020-04-30T04:46:14.803+0700: 19466.717: Total time for which application threads were stopped: 0.0001996 seconds, Stopping threads took: 0.0000270 seconds
2020-04-30T04:46:14.803+0700: 19466.717: Total time for which application threads were stopped: 0.0000950 seconds, Stopping threads took: 0.0000101 seconds
2020-04-30T04:46:14.804+0700: 19466.717: Total time for which application threads were stopped: 0.0000682 seconds, Stopping threads took: 0.0000088 seconds
2020-04-30T04:46:14.804+0700: 19466.717: Total time for which application threads were stopped: 0.0000535 seconds, Stopping threads took: 0.0000049 seconds
2020-04-30T04:46:27.867+0700: 19479.780: Total time for which application threads were stopped: 0.0001579 seconds, Stopping threads took: 0.0000176 seconds
2020-04-30T04:46:34.129+0700: 19486.042: Total time for which application threads were stopped: 0.0001599 seconds, Stopping threads took: 0.0000210 seconds
2020-04-30T04:46:34.129+0700: 19486.042: Total time for which application threads were stopped: 0.0000849 seconds, Stopping threads took: 0.0000084 seconds
2020-04-30T04:46:34.129+0700: 19486.042: Total time for which application threads were stopped: 0.0000673 seconds, Stopping threads took: 0.0000084 seconds
2020-04-30T04:46:34.129+0700: 19486.042: Total time for which application threads were stopped: 0.0000467 seconds, Stopping threads took: 0.0000042 seconds
2020-04-30T04:46:46.148+0700: 19498.060: Total time for which application threads were stopped: 0.0001390 seconds, Stopping threads took: 0.0000332 seconds
2020-04-30T04:46:46.148+0700: 19498.061: Total time for which application threads were stopped: 0.0001720 seconds, Stopping threads took: 0.0000505 seconds
2020-04-30T04:46:46.148+0700: 19498.061: Total time for which application threads were stopped: 0.0001632 seconds, Stopping threads took: 0.0000630 seconds
2020-04-30T04:46:47.157+0700: 19499.069: Total time for which application threads were stopped: 0.0001528 seconds, Stopping threads took: 0.0000372 seconds
2020-04-30T04:46:52.930+0700: 19504.843: Total time for which application threads were stopped: 0.0001735 seconds, Stopping threads took: 0.0000205 seconds
2020-04-30T04:46:52.931+0700: 19504.843: Total time for which application threads were stopped: 0.0000651 seconds, Stopping threads took: 0.0000071 seconds
2020-04-30T04:46:52.931+0700: 19504.843: Total time for which application threads were stopped: 0.0000680 seconds, Stopping threads took: 0.0000091 seconds
2020-04-30T04:46:52.931+0700: 19504.844: Total time for which application threads were stopped: 0.0000478 seconds, Stopping threads took: 0.0000043 seconds
2020-04-30T04:46:54.285+0700: 19506.198: Total time for which application threads were stopped: 0.0001143 seconds, Stopping threads took: 0.0000336 seconds
2020-04-30T04:46:54.285+0700: 19506.198: Total time for which application threads were stopped: 0.0000808 seconds, Stopping threads took: 0.0000068 seconds
2020-04-30T04:46:54.285+0700: 19506.198: Total time for which application threads were stopped: 0.0000602 seconds, Stopping threads took: 0.0000235 seconds
2020-04-30T04:46:55.292+0700: 19507.205: Total time for which application threads were stopped: 0.0001447 seconds, Stopping threads took: 0.0000538 seconds
2020-04-30T04:47:02.070+0700: 19513.983: Total time for which application threads were stopped: 0.0001006 seconds, Stopping threads took: 0.0000182 seconds
2020-04-30T04:47:02.088+0700: 19514.000: Total time for which application threads were stopped: 0.0000900 seconds, Stopping threads took: 0.0000145 seconds
2020-04-30T04:47:07.527+0700: 19519.439: Total time for which application threads were stopped: 0.0001794 seconds, Stopping threads took: 0.0000233 seconds
2020-04-30T04:47:07.527+0700: 19519.439: Total time for which application threads were stopped: 0.0000720 seconds, Stopping threads took: 0.0000078 seconds
2020-04-30T04:47:07.527+0700: 19519.439: Total time for which application threads were stopped: 0.0000669 seconds, Stopping threads took: 0.0000079 seconds
2020-04-30T04:47:07.527+0700: 19519.439: Total time for which application threads were stopped: 0.0000528 seconds, Stopping threads took: 0.0000048 seconds
2020-04-30T04:47:18.932+0700: 19530.844: Total time for which application threads were stopped: 0.0001568 seconds, Stopping threads took: 0.0000335 seconds
2020-04-30T04:47:18.932+0700: 19530.844: Total time for which application threads were stopped: 0.0001010 seconds, Stopping threads took: 0.0000224 seconds
2020-04-30T04:47:18.938+0700: 19530.851: Total time for which application threads were stopped: 0.0001183 seconds, Stopping threads took: 0.0000413 seconds
2020-04-30T04:47:21.608+0700: 19533.520: Total time for which application threads were stopped: 0.0001536 seconds, Stopping threads took: 0.0000204 seconds
2020-04-30T04:47:21.608+0700: 19533.520: Total time for which application threads were stopped: 0.0000819 seconds, Stopping threads took: 0.0000092 seconds
2020-04-30T04:47:21.608+0700: 19533.521: Total time for which application threads were stopped: 0.0000746 seconds, Stopping threads took: 0.0000102 seconds
2020-04-30T04:47:21.608+0700: 19533.521: Total time for which application threads were stopped: 0.0000538 seconds, Stopping threads took: 0.0000058 seconds
2020-04-30T04:47:35.032+0700: 19546.944: Total time for which application threads were stopped: 0.0001112 seconds, Stopping threads took: 0.0000152 seconds
2020-04-30T04:47:38.835+0700: 19550.747: Total time for which application threads were stopped: 0.0001745 seconds, Stopping threads took: 0.0000199 seconds
2020-04-30T04:47:38.835+0700: 19550.747: Total time for which application threads were stopped: 0.0000777 seconds, Stopping threads took: 0.0000085 seconds
2020-04-30T04:47:38.835+0700: 19550.747: Total time for which application threads were stopped: 0.0000691 seconds, Stopping threads took: 0.0000092 seconds
2020-04-30T04:47:38.835+0700: 19550.747: Total time for which application threads were stopped: 0.0000452 seconds, Stopping threads took: 0.0000041 seconds
2020-04-30T04:47:50.959+0700: 19562.870: Total time for which application threads were stopped: 0.0001140 seconds, Stopping threads took: 0.0000326 seconds
2020-04-30T04:47:54.985+0700: 19566.896: Total time for which application threads were stopped: 0.0000956 seconds, Stopping threads took: 0.0000195 seconds
2020-04-30T04:47:56.140+0700: 19568.051: Total time for which application threads were stopped: 0.0001710 seconds, Stopping threads took: 0.0000232 seconds
2020-04-30T04:47:56.140+0700: 19568.051: Total time for which application threads were stopped: 0.0000721 seconds, Stopping threads took: 0.0000078 seconds
2020-04-30T04:47:56.140+0700: 19568.051: Total time for which application threads were stopped: 0.0000670 seconds, Stopping threads took: 0.0000075 seconds
2020-04-30T04:47:56.140+0700: 19568.051: Total time for which application threads were stopped: 0.0000532 seconds, Stopping threads took: 0.0000048 seconds
2020-04-30T04:48:06.847+0700: 19578.758: Total time for which application threads were stopped: 0.0001332 seconds, Stopping threads took: 0.0000323 seconds
2020-04-30T04:48:19.519+0700: 19591.430: Total time for which application threads were stopped: 0.0001733 seconds, Stopping threads took: 0.0000241 seconds
2020-04-30T04:48:19.520+0700: 19591.431: Total time for which application threads were stopped: 0.0000748 seconds, Stopping threads took: 0.0000085 seconds
2020-04-30T04:48:19.520+0700: 19591.431: Total time for which application threads were stopped: 0.0000721 seconds, Stopping threads took: 0.0000083 seconds
2020-04-30T04:48:19.520+0700: 19591.431: Total time for which application threads were stopped: 0.0000454 seconds, Stopping threads took: 0.0000042 seconds
2020-04-30T04:48:23.643+0700: 19595.554: Total time for which application threads were stopped: 0.0001295 seconds, Stopping threads took: 0.0000513 seconds
2020-04-30T04:48:27.626+0700: 19599.536: Total time for which application threads were stopped: 0.0001620 seconds, Stopping threads took: 0.0000220 seconds
2020-04-30T04:48:27.626+0700: 19599.537: Total time for which application threads were stopped: 0.0000723 seconds, Stopping threads took: 0.0000083 seconds
2020-04-30T04:48:27.626+0700: 19599.537: Total time for which application threads were stopped: 0.0000666 seconds, Stopping threads took: 0.0000080 seconds
2020-04-30T04:48:27.626+0700: 19599.537: Total time for which application threads were stopped: 0.0000532 seconds, Stopping threads took: 0.0000048 seconds
2020-04-30T04:48:39.160+0700: 19611.070: Total time for which application threads were stopped: 0.0001360 seconds, Stopping threads took: 0.0000406 seconds
2020-04-30T04:48:39.160+0700: 19611.070: Total time for which application threads were stopped: 0.0001139 seconds, Stopping threads took: 0.0000274 seconds
2020-04-30T04:48:39.167+0700: 19611.078: Total time for which application threads were stopped: 0.0000758 seconds, Stopping threads took: 0.0000126 seconds
2020-04-30T04:48:47.343+0700: 19619.254: Total time for which application threads were stopped: 0.0001549 seconds, Stopping threads took: 0.0000212 seconds
2020-04-30T04:48:47.344+0700: 19619.254: Total time for which application threads were stopped: 0.0000579 seconds, Stopping threads took: 0.0000068 seconds
2020-04-30T04:48:47.344+0700: 19619.254: Total time for which application threads were stopped: 0.0000536 seconds, Stopping threads took: 0.0000063 seconds
2020-04-30T04:48:47.344+0700: 19619.254: Total time for which application threads were stopped: 0.0000426 seconds, Stopping threads took: 0.0000039 seconds
2020-04-30T04:48:58.245+0700: 19630.155: Total time for which application threads were stopped: 0.0002358 seconds, Stopping threads took: 0.0000484 seconds
2020-04-30T04:48:58.246+0700: 19630.156: Total time for which application threads were stopped: 0.0001028 seconds, Stopping threads took: 0.0000296 seconds
2020-04-30T04:49:01.911+0700: 19633.821: Total time for which application threads were stopped: 0.0001552 seconds, Stopping threads took: 0.0000202 seconds
2020-04-30T04:49:01.911+0700: 19633.821: Total time for which application threads were stopped: 0.0000718 seconds, Stopping threads took: 0.0000074 seconds
2020-04-30T04:49:01.911+0700: 19633.821: Total time for which application threads were stopped: 0.0000848 seconds, Stopping threads took: 0.0000064 seconds
2020-04-30T04:49:01.911+0700: 19633.821: Total time for which application threads were stopped: 0.0000413 seconds, Stopping threads took: 0.0000037 seconds
2020-04-30T04:49:14.394+0700: 19646.304: Total time for which application threads were stopped: 0.0001751 seconds, Stopping threads took: 0.0000476 seconds
2020-04-30T04:49:14.395+0700: 19646.304: Total time for which application threads were stopped: 0.0000741 seconds, Stopping threads took: 0.0000085 seconds
2020-04-30T04:49:14.395+0700: 19646.305: Total time for which application threads were stopped: 0.0001208 seconds, Stopping threads took: 0.0000342 seconds
2020-04-30T04:49:14.396+0700: 19646.306: Total time for which application threads were stopped: 0.0001780 seconds, Stopping threads took: 0.0000431 seconds
2020-04-30T04:49:15.405+0700: 19647.315: Total time for which application threads were stopped: 0.0001572 seconds, Stopping threads took: 0.0000454 seconds
2020-04-30T04:49:19.380+0700: 19651.289: Total time for which application threads were stopped: 0.0001611 seconds, Stopping threads took: 0.0000218 seconds
2020-04-30T04:49:19.380+0700: 19651.289: Total time for which application threads were stopped: 0.0000723 seconds, Stopping threads took: 0.0000085 seconds
2020-04-30T04:49:19.380+0700: 19651.290: Total time for which application threads were stopped: 0.0000672 seconds, Stopping threads took: 0.0000079 seconds
2020-04-30T04:49:19.380+0700: 19651.290: Total time for which application threads were stopped: 0.0000538 seconds, Stopping threads took: 0.0000049 seconds
2020-04-30T04:49:29.994+0700: 19661.903: Total time for which application threads were stopped: 0.0000983 seconds, Stopping threads took: 0.0000178 seconds
2020-04-30T04:49:29.994+0700: 19661.904: Total time for which application threads were stopped: 0.0000908 seconds, Stopping threads took: 0.0000327 seconds
2020-04-30T04:49:29.994+0700: 19661.904: Total time for which application threads were stopped: 0.0000745 seconds, Stopping threads took: 0.0000274 seconds
2020-04-30T04:49:29.996+0700: 19661.906: Total time for which application threads were stopped: 0.0000807 seconds, Stopping threads took: 0.0000276 seconds
2020-04-30T04:49:30.000+0700: 19661.909: Total time for which application threads were stopped: 0.0000729 seconds, Stopping threads took: 0.0000123 seconds
2020-04-30T04:49:30.010+0700: 19661.920: Total time for which application threads were stopped: 0.0000824 seconds, Stopping threads took: 0.0000132 seconds
2020-04-30T04:49:32.025+0700: 19663.935: Total time for which application threads were stopped: 0.0001632 seconds, Stopping threads took: 0.0000648 seconds
2020-04-30T04:49:33.701+0700: 19665.611: Total time for which application threads were stopped: 0.0001486 seconds, Stopping threads took: 0.0000201 seconds
2020-04-30T04:49:33.701+0700: 19665.611: Total time for which application threads were stopped: 0.0000776 seconds, Stopping threads took: 0.0000085 seconds
2020-04-30T04:49:33.701+0700: 19665.611: Total time for which application threads were stopped: 0.0000580 seconds, Stopping threads took: 0.0000070 seconds
2020-04-30T04:49:33.701+0700: 19665.611: Total time for which application threads were stopped: 0.0000430 seconds, Stopping threads took: 0.0000041 seconds
2020-04-30T04:49:46.378+0700: 19678.287: Total time for which application threads were stopped: 0.0001016 seconds, Stopping threads took: 0.0000169 seconds
2020-04-30T04:49:54.783+0700: 19686.692: Total time for which application threads were stopped: 0.0001583 seconds, Stopping threads took: 0.0000214 seconds
2020-04-30T04:49:54.783+0700: 19686.692: Total time for which application threads were stopped: 0.0000636 seconds, Stopping threads took: 0.0000068 seconds
2020-04-30T04:49:54.783+0700: 19686.692: Total time for which application threads were stopped: 0.0000671 seconds, Stopping threads took: 0.0000091 seconds
2020-04-30T04:49:54.783+0700: 19686.692: Total time for which application threads were stopped: 0.0000466 seconds, Stopping threads took: 0.0000042 seconds
2020-04-30T04:50:02.838+0700: 19694.747: Total time for which application threads were stopped: 0.0001286 seconds, Stopping threads took: 0.0000207 seconds
2020-04-30T04:50:05.679+0700: 19697.587: Total time for which application threads were stopped: 0.0001559 seconds, Stopping threads took: 0.0000533 seconds
2020-04-30T04:50:05.679+0700: 19697.588: Total time for which application threads were stopped: 0.0000988 seconds, Stopping threads took: 0.0000247 seconds
2020-04-30T04:50:05.686+0700: 19697.594: Total time for which application threads were stopped: 0.0000990 seconds, Stopping threads took: 0.0000294 seconds
2020-04-30T04:50:10.646+0700: 19702.555: Total time for which application threads were stopped: 0.0001600 seconds, Stopping threads took: 0.0000207 seconds
2020-04-30T04:50:10.646+0700: 19702.555: Total time for which application threads were stopped: 0.0000794 seconds, Stopping threads took: 0.0000079 seconds
2020-04-30T04:50:10.647+0700: 19702.555: Total time for which application threads were stopped: 0.0000590 seconds, Stopping threads took: 0.0000070 seconds
2020-04-30T04:50:10.647+0700: 19702.555: Total time for which application threads were stopped: 0.0000451 seconds, Stopping threads took: 0.0000040 seconds
2020-04-30T04:50:22.723+0700: 19714.632: Total time for which application threads were stopped: 0.0001098 seconds, Stopping threads took: 0.0000320 seconds
2020-04-30T04:50:25.863+0700: 19717.772: Total time for which application threads were stopped: 0.0001589 seconds, Stopping threads took: 0.0000204 seconds
2020-04-30T04:50:25.864+0700: 19717.772: Total time for which application threads were stopped: 0.0000800 seconds, Stopping threads took: 0.0000080 seconds
2020-04-30T04:50:25.864+0700: 19717.772: Total time for which application threads were stopped: 0.0000704 seconds, Stopping threads took: 0.0000092 seconds
2020-04-30T04:50:25.864+0700: 19717.772: Total time for which application threads were stopped: 0.0000480 seconds, Stopping threads took: 0.0000043 seconds
2020-04-30T04:50:36.041+0700: 19727.949: Total time for which application threads were stopped: 0.0002580 seconds, Stopping threads took: 0.0000213 seconds
2020-04-30T04:50:36.041+0700: 19727.949: Total time for which application threads were stopped: 0.0001474 seconds, Stopping threads took: 0.0000075 seconds
2020-04-30T04:50:36.043+0700: 19727.951: Total time for which application threads were stopped: 0.0000839 seconds, Stopping threads took: 0.0000125 seconds
2020-04-30T04:50:36.049+0700: 19727.957: Total time for which application threads were stopped: 0.0000929 seconds, Stopping threads took: 0.0000133 seconds
2020-04-30T04:50:36.049+0700: 19727.957: Total time for which application threads were stopped: 0.0000661 seconds, Stopping threads took: 0.0000060 seconds
2020-04-30T04:50:36.049+0700: 19727.957: Total time for which application threads were stopped: 0.0000482 seconds, Stopping threads took: 0.0000059 seconds
2020-04-30T04:50:36.049+0700: 19727.957: Total time for which application threads were stopped: 0.0000447 seconds, Stopping threads took: 0.0000053 seconds
2020-04-30T04:50:36.049+0700: 19727.958: Total time for which application threads were stopped: 0.0000443 seconds, Stopping threads took: 0.0000054 seconds
2020-04-30T04:50:36.049+0700: 19727.958: Total time for which application threads were stopped: 0.0000444 seconds, Stopping threads took: 0.0000056 seconds
2020-04-30T04:50:36.050+0700: 19727.958: Total time for which application threads were stopped: 0.0000530 seconds, Stopping threads took: 0.0000075 seconds
2020-04-30T04:50:36.050+0700: 19727.958: Total time for which application threads were stopped: 0.0000466 seconds, Stopping threads took: 0.0000055 seconds
2020-04-30T04:50:36.050+0700: 19727.958: Total time for which application threads were stopped: 0.0000461 seconds, Stopping threads took: 0.0000057 seconds
2020-04-30T04:50:36.050+0700: 19727.958: Total time for which application threads were stopped: 0.0001718 seconds, Stopping threads took: 0.0000055 seconds
2020-04-30T04:50:50.596+0700: 19742.504: Total time for which application threads were stopped: 0.0002913 seconds, Stopping threads took: 0.0000197 seconds
2020-04-30T04:50:50.596+0700: 19742.504: Total time for which application threads were stopped: 0.0000696 seconds, Stopping threads took: 0.0000088 seconds
2020-04-30T04:50:50.597+0700: 19742.504: Total time for which application threads were stopped: 0.0000541 seconds, Stopping threads took: 0.0000062 seconds
2020-04-30T04:50:50.597+0700: 19742.504: Total time for which application threads were stopped: 0.0000416 seconds, Stopping threads took: 0.0000038 seconds
2020-04-30T04:50:52.288+0700: 19744.195: Total time for which application threads were stopped: 0.0001484 seconds, Stopping threads took: 0.0000203 seconds
2020-04-30T04:51:02.674+0700: 19754.582: Total time for which application threads were stopped: 0.0001098 seconds, Stopping threads took: 0.0000184 seconds
2020-04-30T04:51:02.674+0700: 19754.582: Total time for which application threads were stopped: 0.0000525 seconds, Stopping threads took: 0.0000064 seconds
2020-04-30T04:51:02.676+0700: 19754.584: Total time for which application threads were stopped: 0.0000841 seconds, Stopping threads took: 0.0000139 seconds
2020-04-30T04:51:02.682+0700: 19754.589: Total time for which application threads were stopped: 0.0000794 seconds, Stopping threads took: 0.0000125 seconds
2020-04-30T04:51:08.813+0700: 19760.721: Total time for which application threads were stopped: 0.0001583 seconds, Stopping threads took: 0.0000219 seconds
2020-04-30T04:51:08.813+0700: 19760.721: Total time for which application threads were stopped: 0.0002116 seconds, Stopping threads took: 0.0000066 seconds
2020-04-30T04:51:08.814+0700: 19760.721: Total time for which application threads were stopped: 0.0000718 seconds, Stopping threads took: 0.0000097 seconds
2020-04-30T04:51:08.814+0700: 19760.721: Total time for which application threads were stopped: 0.0000468 seconds, Stopping threads took: 0.0000044 seconds
2020-04-30T04:51:10.403+0700: 19762.310: Total time for which application threads were stopped: 0.0001454 seconds, Stopping threads took: 0.0000198 seconds
2020-04-30T04:51:19.362+0700: 19771.269: Total time for which application threads were stopped: 0.0001042 seconds, Stopping threads took: 0.0000191 seconds
2020-04-30T04:51:19.362+0700: 19771.269: Total time for which application threads were stopped: 0.0000570 seconds, Stopping threads took: 0.0000084 seconds
2020-04-30T04:51:19.369+0700: 19771.276: Total time for which application threads were stopped: 0.0000947 seconds, Stopping threads took: 0.0000130 seconds
2020-04-30T04:51:28.926+0700: 19780.833: Total time for which application threads were stopped: 0.0001804 seconds, Stopping threads took: 0.0000184 seconds
2020-04-30T04:51:28.926+0700: 19780.833: Total time for which application threads were stopped: 0.0000789 seconds, Stopping threads took: 0.0000084 seconds
2020-04-30T04:51:28.926+0700: 19780.833: Total time for which application threads were stopped: 0.0000574 seconds, Stopping threads took: 0.0000065 seconds
2020-04-30T04:51:28.926+0700: 19780.833: Total time for which application threads were stopped: 0.0000444 seconds, Stopping threads took: 0.0000040 seconds
2020-04-30T04:51:34.552+0700: 19786.459: Total time for which application threads were stopped: 0.0000997 seconds, Stopping threads took: 0.0000164 seconds
2020-04-30T04:51:40.723+0700: 19792.630: Total time for which application threads were stopped: 0.0001403 seconds, Stopping threads took: 0.0000193 seconds
2020-04-30T04:51:40.723+0700: 19792.630: Total time for which application threads were stopped: 0.0000736 seconds, Stopping threads took: 0.0000079 seconds
2020-04-30T04:51:40.723+0700: 19792.630: Total time for which application threads were stopped: 0.0000543 seconds, Stopping threads took: 0.0000066 seconds
2020-04-30T04:51:40.723+0700: 19792.630: Total time for which application threads were stopped: 0.0000398 seconds, Stopping threads took: 0.0000035 seconds
2020-04-30T04:51:52.391+0700: 19804.298: Total time for which application threads were stopped: 0.0001197 seconds, Stopping threads took: 0.0000167 seconds
2020-04-30T04:51:52.391+0700: 19804.298: Total time for which application threads were stopped: 0.0001027 seconds, Stopping threads took: 0.0000267 seconds
2020-04-30T04:51:52.399+0700: 19804.306: Total time for which application threads were stopped: 0.0001221 seconds, Stopping threads took: 0.0000302 seconds
2020-04-30T04:51:52.399+0700: 19804.306: Total time for which application threads were stopped: 0.0001241 seconds, Stopping threads took: 0.0000454 seconds
2020-04-30T04:51:52.400+0700: 19804.306: Total time for which application threads were stopped: 0.0001275 seconds, Stopping threads took: 0.0000080 seconds
2020-04-30T04:51:53.406+0700: 19805.313: Total time for which application threads were stopped: 0.0001368 seconds, Stopping threads took: 0.0000261 seconds
2020-04-30T04:51:54.354+0700: 19806.261: Total time for which application threads were stopped: 0.0001161 seconds, Stopping threads took: 0.0000164 seconds
2020-04-30T04:51:54.354+0700: 19806.261: Total time for which application threads were stopped: 0.0000959 seconds, Stopping threads took: 0.0000249 seconds
2020-04-30T04:51:54.354+0700: 19806.261: Total time for which application threads were stopped: 0.0000599 seconds, Stopping threads took: 0.0000066 seconds
2020-04-30T04:52:02.525+0700: 19814.431: Total time for which application threads were stopped: 0.0001613 seconds, Stopping threads took: 0.0000222 seconds
2020-04-30T04:52:02.525+0700: 19814.431: Total time for which application threads were stopped: 0.0000636 seconds, Stopping threads took: 0.0000069 seconds
2020-04-30T04:52:02.525+0700: 19814.431: Total time for which application threads were stopped: 0.0001142 seconds, Stopping threads took: 0.0000233 seconds
2020-04-30T04:52:02.525+0700: 19814.432: Total time for which application threads were stopped: 0.0000576 seconds, Stopping threads took: 0.0000081 seconds
2020-04-30T04:52:08.543+0700: 19820.449: Total time for which application threads were stopped: 0.0001164 seconds, Stopping threads took: 0.0000352 seconds
2020-04-30T04:52:08.553+0700: 19820.459: Total time for which application threads were stopped: 0.0001426 seconds, Stopping threads took: 0.0000305 seconds
2020-04-30T04:52:11.531+0700: 19823.437: Total time for which application threads were stopped: 0.0001568 seconds, Stopping threads took: 0.0000197 seconds
2020-04-30T04:52:11.531+0700: 19823.437: Total time for which application threads were stopped: 0.0000861 seconds, Stopping threads took: 0.0000082 seconds
2020-04-30T04:52:11.531+0700: 19823.438: Total time for which application threads were stopped: 0.0000611 seconds, Stopping threads took: 0.0000079 seconds
2020-04-30T04:52:11.531+0700: 19823.438: Total time for which application threads were stopped: 0.0000448 seconds, Stopping threads took: 0.0000040 seconds
2020-04-30T04:52:24.700+0700: 19836.606: Total time for which application threads were stopped: 0.0001212 seconds, Stopping threads took: 0.0000306 seconds
2020-04-30T04:52:24.700+0700: 19836.606: Total time for which application threads were stopped: 0.0000888 seconds, Stopping threads took: 0.0000063 seconds
2020-04-30T04:52:24.705+0700: 19836.611: Total time for which application threads were stopped: 0.0000885 seconds, Stopping threads took: 0.0000135 seconds
2020-04-30T04:52:28.541+0700: 19840.447: Total time for which application threads were stopped: 0.0001562 seconds, Stopping threads took: 0.0000199 seconds
2020-04-30T04:52:28.541+0700: 19840.447: Total time for which application threads were stopped: 0.0000817 seconds, Stopping threads took: 0.0000085 seconds
2020-04-30T04:52:28.542+0700: 19840.447: Total time for which application threads were stopped: 0.0000703 seconds, Stopping threads took: 0.0000091 seconds
2020-04-30T04:52:28.542+0700: 19840.447: Total time for which application threads were stopped: 0.0000466 seconds, Stopping threads took: 0.0000043 seconds
2020-04-30T04:52:41.214+0700: 19853.119: Total time for which application threads were stopped: 0.0002137 seconds, Stopping threads took: 0.0000180 seconds
2020-04-30T04:52:42.531+0700: 19854.436: Total time for which application threads were stopped: 0.0001494 seconds, Stopping threads took: 0.0000202 seconds
2020-04-30T04:52:42.531+0700: 19854.437: Total time for which application threads were stopped: 0.0000983 seconds, Stopping threads took: 0.0000138 seconds
2020-04-30T04:52:42.531+0700: 19854.437: Total time for which application threads were stopped: 0.0000717 seconds, Stopping threads took: 0.0000091 seconds
2020-04-30T04:52:42.531+0700: 19854.437: Total time for which application threads were stopped: 0.0000465 seconds, Stopping threads took: 0.0000042 seconds
2020-04-30T04:52:56.693+0700: 19868.598: Total time for which application threads were stopped: 0.0001483 seconds, Stopping threads took: 0.0000180 seconds
2020-04-30T04:52:56.693+0700: 19868.598: Total time for which application threads were stopped: 0.0000887 seconds, Stopping threads took: 0.0000065 seconds
2020-04-30T04:53:00.411+0700: 19872.316: Total time for which application threads were stopped: 0.0001528 seconds, Stopping threads took: 0.0000213 seconds
2020-04-30T04:53:00.411+0700: 19872.316: Total time for which application threads were stopped: 0.0000829 seconds, Stopping threads took: 0.0000086 seconds
2020-04-30T04:53:00.411+0700: 19872.316: Total time for which application threads were stopped: 0.0000718 seconds, Stopping threads took: 0.0000087 seconds
2020-04-30T04:53:00.411+0700: 19872.316: Total time for which application threads were stopped: 0.0000484 seconds, Stopping threads took: 0.0000044 seconds
2020-04-30T04:53:13.024+0700: 19884.929: Total time for which application threads were stopped: 0.0001073 seconds, Stopping threads took: 0.0000178 seconds
2020-04-30T04:53:13.024+0700: 19884.929: Total time for which application threads were stopped: 0.0000497 seconds, Stopping threads took: 0.0000074 seconds
2020-04-30T04:53:14.029+0700: 19885.934: Total time for which application threads were stopped: 0.0001267 seconds, Stopping threads took: 0.0000346 seconds
2020-04-30T04:53:15.149+0700: 19887.054: Total time for which application threads were stopped: 0.0001575 seconds, Stopping threads took: 0.0000203 seconds
2020-04-30T04:53:15.149+0700: 19887.054: Total time for which application threads were stopped: 0.0000823 seconds, Stopping threads took: 0.0000089 seconds
2020-04-30T04:53:15.149+0700: 19887.054: Total time for which application threads were stopped: 0.0000600 seconds, Stopping threads took: 0.0000078 seconds
2020-04-30T04:53:15.149+0700: 19887.054: Total time for which application threads were stopped: 0.0000455 seconds, Stopping threads took: 0.0000041 seconds
2020-04-30T04:53:32.495+0700: 19904.399: Total time for which application threads were stopped: 0.0001599 seconds, Stopping threads took: 0.0000206 seconds
2020-04-30T04:53:32.495+0700: 19904.400: Total time for which application threads were stopped: 0.0000767 seconds, Stopping threads took: 0.0000087 seconds
2020-04-30T04:53:32.495+0700: 19904.400: Total time for which application threads were stopped: 0.0000567 seconds, Stopping threads took: 0.0000069 seconds
2020-04-30T04:53:32.495+0700: 19904.400: Total time for which application threads were stopped: 0.0000418 seconds, Stopping threads took: 0.0000038 seconds
2020-04-30T04:53:44.614+0700: 19916.518: Total time for which application threads were stopped: 0.0001068 seconds, Stopping threads took: 0.0000182 seconds
2020-04-30T04:53:44.614+0700: 19916.518: Total time for which application threads were stopped: 0.0000489 seconds, Stopping threads took: 0.0000064 seconds
{Heap before GC invocations=46 (full 0):
 garbage-first heap   total 524288K, used 377175K [0x00000007a0000000, 0x00000007a0101000, 0x00000007c0000000)
  region size 1024K, 307 young (314368K), 4 survivors (4096K)
 Metaspace       used 54010K, capacity 56278K, committed 56392K, reserved 1099776K
  class space    used 6218K, capacity 6670K, committed 6732K, reserved 1048576K
2020-04-30T04:53:44.614+0700: 19916.519: [GC pause (G1 Evacuation Pause) (young)
Desired survivor size 20447232 bytes, new threshold 15 (max 15)
- age   1:    2061768 bytes,    2061768 total
- age   2:      43832 bytes,    2105600 total
- age   3:     226920 bytes,    2332520 total
- age   4:     445320 bytes,    2777840 total
- age   5:       3880 bytes,    2781720 total
- age   6:       2208 bytes,    2783928 total
- age   7:       3808 bytes,    2787736 total
- age   8:       3640 bytes,    2791376 total
- age   9:        744 bytes,    2792120 total
- age  10:        776 bytes,    2792896 total
- age  11:       4096 bytes,    2796992 total
- age  12:        472 bytes,    2797464 total
- age  13:       8072 bytes,    2805536 total
- age  14:       5768 bytes,    2811304 total
- age  15:      39696 bytes,    2851000 total
, 0.0023630 secs]
   [Parallel Time: 1.2 ms, GC Workers: 8]
      [GC Worker Start (ms): Min: 19916518.7, Avg: 19916518.7, Max: 19916518.7, Diff: 0.0]
      [Ext Root Scanning (ms): Min: 0.2, Avg: 0.4, Max: 1.0, Diff: 0.8, Sum: 2.9]
      [Update RS (ms): Min: 0.0, Avg: 0.1, Max: 0.2, Diff: 0.2, Sum: 1.0]
         [Processed Buffers: Min: 0, Avg: 3.1, Max: 7, Diff: 7, Sum: 25]
      [Scan RS (ms): Min: 0.0, Avg: 0.0, Max: 0.0, Diff: 0.0, Sum: 0.2]
      [Code Root Scanning (ms): Min: 0.0, Avg: 0.0, Max: 0.1, Diff: 0.1, Sum: 0.2]
      [Object Copy (ms): Min: 0.2, Avg: 0.6, Max: 0.7, Diff: 0.5, Sum: 4.8]
      [Termination (ms): Min: 0.0, Avg: 0.0, Max: 0.0, Diff: 0.0, Sum: 0.0]
         [Termination Attempts: Min: 1, Avg: 1.1, Max: 2, Diff: 1, Sum: 9]
      [GC Worker Other (ms): Min: 0.0, Avg: 0.0, Max: 0.0, Diff: 0.0, Sum: 0.2]
      [GC Worker Total (ms): Min: 1.1, Avg: 1.2, Max: 1.2, Diff: 0.1, Sum: 9.3]
      [GC Worker End (ms): Min: 19916519.9, Avg: 19916519.9, Max: 19916519.9, Diff: 0.0]
   [Code Root Fixup: 0.0 ms]
   [Code Root Purge: 0.0 ms]
   [Clear CT: 0.1 ms]
   [Other: 1.0 ms]
      [Choose CSet: 0.0 ms]
      [Ref Proc: 0.8 ms]
      [Ref Enq: 0.1 ms]
      [Redirty Cards: 0.1 ms]
      [Humongous Register: 0.0 ms]
      [Humongous Reclaim: 0.0 ms]
      [Free CSet: 0.1 ms]
   [Eden: 303.0M(303.0M)->0.0B(301.0M) Survivors: 4096.0K->6144.0K Heap: 368.3M(512.0M)->67.1M(512.0M)]
Heap after GC invocations=47 (full 0):
 garbage-first heap   total 524288K, used 68735K [0x00000007a0000000, 0x00000007a0101000, 0x00000007c0000000)
  region size 1024K, 6 young (6144K), 6 survivors (6144K)
 Metaspace       used 54010K, capacity 56278K, committed 56392K, reserved 1099776K
  class space    used 6218K, capacity 6670K, committed 6732K, reserved 1048576K
}
 [Times: user=0.02 sys=0.00, real=0.00 secs] 
2020-04-30T04:53:44.617+0700: 19916.521: Total time for which application threads were stopped: 0.0025435 seconds, Stopping threads took: 0.0000062 seconds
2020-04-30T04:53:49.607+0700: 19921.512: Total time for which application threads were stopped: 0.0001605 seconds, Stopping threads took: 0.0000218 seconds
2020-04-30T04:53:49.608+0700: 19921.512: Total time for which application threads were stopped: 0.0000817 seconds, Stopping threads took: 0.0000082 seconds
2020-04-30T04:53:49.608+0700: 19921.512: Total time for which application threads were stopped: 0.0000686 seconds, Stopping threads took: 0.0000093 seconds
2020-04-30T04:53:49.608+0700: 19921.512: Total time for which application threads were stopped: 0.0000462 seconds, Stopping threads took: 0.0000042 seconds
2020-04-30T04:54:03.194+0700: 19935.098: Total time for which application threads were stopped: 0.0001061 seconds, Stopping threads took: 0.0000180 seconds
2020-04-30T04:54:03.194+0700: 19935.098: Total time for which application threads were stopped: 0.0000501 seconds, Stopping threads took: 0.0000068 seconds
2020-04-30T04:54:07.902+0700: 19939.806: Total time for which application threads were stopped: 0.0001792 seconds, Stopping threads took: 0.0000213 seconds
2020-04-30T04:54:07.902+0700: 19939.806: Total time for which application threads were stopped: 0.0000626 seconds, Stopping threads took: 0.0000069 seconds
2020-04-30T04:54:07.902+0700: 19939.806: Total time for which application threads were stopped: 0.0002037 seconds, Stopping threads took: 0.0000092 seconds
2020-04-30T04:54:07.902+0700: 19939.806: Total time for which application threads were stopped: 0.0001289 seconds, Stopping threads took: 0.0000044 seconds
2020-04-30T04:54:09.049+0700: 19940.952: Total time for which application threads were stopped: 0.0001362 seconds, Stopping threads took: 0.0000200 seconds
2020-04-30T04:54:09.049+0700: 19940.952: Total time for which application threads were stopped: 0.0000584 seconds, Stopping threads took: 0.0000049 seconds
2020-04-30T04:54:19.101+0700: 19951.004: Total time for which application threads were stopped: 0.0001179 seconds, Stopping threads took: 0.0000247 seconds
2020-04-30T04:54:19.101+0700: 19951.005: Total time for which application threads were stopped: 0.0001635 seconds, Stopping threads took: 0.0000074 seconds
2020-04-30T04:54:19.102+0700: 19951.005: Total time for which application threads were stopped: 0.0000859 seconds, Stopping threads took: 0.0000298 seconds
2020-04-30T04:54:21.510+0700: 19953.413: Total time for which application threads were stopped: 0.0001537 seconds, Stopping threads took: 0.0000235 seconds
2020-04-30T04:54:21.510+0700: 19953.413: Total time for which application threads were stopped: 0.0000807 seconds, Stopping threads took: 0.0000091 seconds
2020-04-30T04:54:21.510+0700: 19953.414: Total time for which application threads were stopped: 0.0000590 seconds, Stopping threads took: 0.0000072 seconds
2020-04-30T04:54:21.510+0700: 19953.414: Total time for which application threads were stopped: 0.0000466 seconds, Stopping threads took: 0.0000043 seconds
2020-04-30T04:54:35.166+0700: 19967.069: Total time for which application threads were stopped: 0.0001005 seconds, Stopping threads took: 0.0000193 seconds
2020-04-30T04:54:35.166+0700: 19967.069: Total time for which application threads were stopped: 0.0000500 seconds, Stopping threads took: 0.0000068 seconds
2020-04-30T04:54:35.166+0700: 19967.069: Total time for which application threads were stopped: 0.0000382 seconds, Stopping threads took: 0.0000056 seconds
2020-04-30T04:54:35.169+0700: 19967.072: Total time for which application threads were stopped: 0.0000740 seconds, Stopping threads took: 0.0000135 seconds
2020-04-30T04:54:35.172+0700: 19967.075: Total time for which application threads were stopped: 0.0001586 seconds, Stopping threads took: 0.0000291 seconds
2020-04-30T04:54:39.619+0700: 19971.523: Total time for which application threads were stopped: 0.0001723 seconds, Stopping threads took: 0.0000219 seconds
2020-04-30T04:54:39.620+0700: 19971.523: Total time for which application threads were stopped: 0.0001308 seconds, Stopping threads took: 0.0000098 seconds
2020-04-30T04:54:39.620+0700: 19971.523: Total time for which application threads were stopped: 0.0000745 seconds, Stopping threads took: 0.0000090 seconds
2020-04-30T04:54:39.620+0700: 19971.523: Total time for which application threads were stopped: 0.0000542 seconds, Stopping threads took: 0.0000049 seconds
2020-04-30T04:54:51.508+0700: 19983.411: Total time for which application threads were stopped: 0.0001562 seconds, Stopping threads took: 0.0000344 seconds
2020-04-30T04:54:51.508+0700: 19983.411: Total time for which application threads were stopped: 0.0001001 seconds, Stopping threads took: 0.0000258 seconds
2020-04-30T04:54:53.888+0700: 19985.791: Total time for which application threads were stopped: 0.0001510 seconds, Stopping threads took: 0.0000211 seconds
2020-04-30T04:54:53.888+0700: 19985.791: Total time for which application threads were stopped: 0.0000799 seconds, Stopping threads took: 0.0000094 seconds
2020-04-30T04:54:53.888+0700: 19985.791: Total time for which application threads were stopped: 0.0000580 seconds, Stopping threads took: 0.0000070 seconds
2020-04-30T04:54:53.888+0700: 19985.791: Total time for which application threads were stopped: 0.0000450 seconds, Stopping threads took: 0.0000042 seconds
2020-04-30T04:55:10.730+0700: 20002.632: Total time for which application threads were stopped: 0.0001509 seconds, Stopping threads took: 0.0000212 seconds
2020-04-30T04:55:10.730+0700: 20002.632: Total time for which application threads were stopped: 0.0000810 seconds, Stopping threads took: 0.0000086 seconds
2020-04-30T04:55:10.730+0700: 20002.632: Total time for which application threads were stopped: 0.0000693 seconds, Stopping threads took: 0.0000094 seconds
2020-04-30T04:55:10.730+0700: 20002.633: Total time for which application threads were stopped: 0.0000473 seconds, Stopping threads took: 0.0000042 seconds
2020-04-30T04:55:27.189+0700: 20019.091: Total time for which application threads were stopped: 0.0001690 seconds, Stopping threads took: 0.0000229 seconds
2020-04-30T04:55:27.189+0700: 20019.092: Total time for which application threads were stopped: 0.0000888 seconds, Stopping threads took: 0.0000096 seconds
2020-04-30T04:55:27.190+0700: 20019.092: Total time for which application threads were stopped: 0.0000880 seconds, Stopping threads took: 0.0000093 seconds
2020-04-30T04:55:27.190+0700: 20019.092: Total time for which application threads were stopped: 0.0000620 seconds, Stopping threads took: 0.0000066 seconds
2020-04-30T04:55:39.707+0700: 20031.609: Total time for which application threads were stopped: 0.0000991 seconds, Stopping threads took: 0.0000181 seconds
2020-04-30T04:55:44.205+0700: 20036.106: Total time for which application threads were stopped: 0.0001510 seconds, Stopping threads took: 0.0000202 seconds
2020-04-30T04:55:44.205+0700: 20036.106: Total time for which application threads were stopped: 0.0000801 seconds, Stopping threads took: 0.0000071 seconds
2020-04-30T04:55:44.205+0700: 20036.107: Total time for which application threads were stopped: 0.0000553 seconds, Stopping threads took: 0.0000064 seconds
2020-04-30T04:55:44.205+0700: 20036.107: Total time for which application threads were stopped: 0.0000408 seconds, Stopping threads took: 0.0000038 seconds
2020-04-30T04:55:56.380+0700: 20048.281: Total time for which application threads were stopped: 0.0001608 seconds, Stopping threads took: 0.0000542 seconds
2020-04-30T04:55:56.380+0700: 20048.281: Total time for which application threads were stopped: 0.0001034 seconds, Stopping threads took: 0.0000257 seconds
2020-04-30T04:55:56.387+0700: 20048.289: Total time for which application threads were stopped: 0.0000939 seconds, Stopping threads took: 0.0000298 seconds
2020-04-30T04:56:01.655+0700: 20053.557: Total time for which application threads were stopped: 0.0001631 seconds, Stopping threads took: 0.0000214 seconds
2020-04-30T04:56:01.656+0700: 20053.557: Total time for which application threads were stopped: 0.0000649 seconds, Stopping threads took: 0.0000076 seconds
2020-04-30T04:56:01.656+0700: 20053.557: Total time for which application threads were stopped: 0.0000667 seconds, Stopping threads took: 0.0000086 seconds
2020-04-30T04:56:01.656+0700: 20053.557: Total time for which application threads were stopped: 0.0000474 seconds, Stopping threads took: 0.0000041 seconds
2020-04-30T04:56:13.511+0700: 20065.412: Total time for which application threads were stopped: 0.0001294 seconds, Stopping threads took: 0.0000325 seconds
2020-04-30T04:56:26.481+0700: 20078.382: Total time for which application threads were stopped: 0.0001840 seconds, Stopping threads took: 0.0000210 seconds
2020-04-30T04:56:26.481+0700: 20078.382: Total time for which application threads were stopped: 0.0000656 seconds, Stopping threads took: 0.0000074 seconds
2020-04-30T04:56:26.481+0700: 20078.382: Total time for which application threads were stopped: 0.0000766 seconds, Stopping threads took: 0.0000106 seconds
2020-04-30T04:56:26.481+0700: 20078.382: Total time for which application threads were stopped: 0.0000497 seconds, Stopping threads took: 0.0000045 seconds
2020-04-30T04:56:32.045+0700: 20083.946: Total time for which application threads were stopped: 0.0001521 seconds, Stopping threads took: 0.0000341 seconds
2020-04-30T04:56:43.328+0700: 20095.228: Total time for which application threads were stopped: 0.0003082 seconds, Stopping threads took: 0.0000215 seconds
2020-04-30T04:56:43.328+0700: 20095.228: Total time for which application threads were stopped: 0.0000768 seconds, Stopping threads took: 0.0000089 seconds
2020-04-30T04:56:43.328+0700: 20095.228: Total time for which application threads were stopped: 0.0000707 seconds, Stopping threads took: 0.0000096 seconds
2020-04-30T04:56:43.328+0700: 20095.229: Total time for which application threads were stopped: 0.0000510 seconds, Stopping threads took: 0.0000045 seconds
2020-04-30T04:56:46.614+0700: 20098.515: Total time for which application threads were stopped: 0.0001701 seconds, Stopping threads took: 0.0000220 seconds
2020-04-30T04:56:56.597+0700: 20108.497: Total time for which application threads were stopped: 0.0001631 seconds, Stopping threads took: 0.0000508 seconds
2020-04-30T04:56:56.597+0700: 20108.497: Total time for which application threads were stopped: 0.0000970 seconds, Stopping threads took: 0.0000043 seconds
2020-04-30T04:56:56.606+0700: 20108.506: Total time for which application threads were stopped: 0.0001235 seconds, Stopping threads took: 0.0000304 seconds
2020-04-30T04:56:56.606+0700: 20108.507: Total time for which application threads were stopped: 0.0001314 seconds, Stopping threads took: 0.0000483 seconds
2020-04-30T04:56:56.607+0700: 20108.507: Total time for which application threads were stopped: 0.0000941 seconds, Stopping threads took: 0.0000464 seconds
2020-04-30T04:56:57.612+0700: 20109.512: Total time for which application threads were stopped: 0.0001032 seconds, Stopping threads took: 0.0000187 seconds
2020-04-30T04:57:05.125+0700: 20117.025: Total time for which application threads were stopped: 0.0001473 seconds, Stopping threads took: 0.0000200 seconds
2020-04-30T04:57:05.125+0700: 20117.025: Total time for which application threads were stopped: 0.0002122 seconds, Stopping threads took: 0.0000083 seconds
2020-04-30T04:57:05.125+0700: 20117.025: Total time for which application threads were stopped: 0.0000671 seconds, Stopping threads took: 0.0000087 seconds
2020-04-30T04:57:05.125+0700: 20117.025: Total time for which application threads were stopped: 0.0000458 seconds, Stopping threads took: 0.0000041 seconds
2020-04-30T04:57:08.501+0700: 20120.401: Total time for which application threads were stopped: 0.0001466 seconds, Stopping threads took: 0.0000210 seconds
2020-04-30T04:57:17.081+0700: 20128.981: Total time for which application threads were stopped: 0.0001092 seconds, Stopping threads took: 0.0000176 seconds
2020-04-30T04:57:17.081+0700: 20128.981: Total time for which application threads were stopped: 0.0000506 seconds, Stopping threads took: 0.0000069 seconds
2020-04-30T04:57:17.083+0700: 20128.983: Total time for which application threads were stopped: 0.0000720 seconds, Stopping threads took: 0.0000125 seconds
2020-04-30T04:57:17.083+0700: 20128.983: Total time for which application threads were stopped: 0.0000480 seconds, Stopping threads took: 0.0000063 seconds
2020-04-30T04:57:17.083+0700: 20128.983: Total time for which application threads were stopped: 0.0000391 seconds, Stopping threads took: 0.0000058 seconds
2020-04-30T04:57:17.086+0700: 20128.986: Total time for which application threads were stopped: 0.0000748 seconds, Stopping threads took: 0.0000131 seconds
2020-04-30T04:57:17.101+0700: 20129.000: Total time for which application threads were stopped: 0.0000883 seconds, Stopping threads took: 0.0000152 seconds
2020-04-30T04:57:21.919+0700: 20133.819: Total time for which application threads were stopped: 0.0001758 seconds, Stopping threads took: 0.0000359 seconds
2020-04-30T04:57:21.919+0700: 20133.819: Total time for which application threads were stopped: 0.0001138 seconds, Stopping threads took: 0.0000284 seconds
2020-04-30T04:57:21.919+0700: 20133.819: Total time for which application threads were stopped: 0.0000854 seconds, Stopping threads took: 0.0000117 seconds
2020-04-30T04:57:21.920+0700: 20133.819: Total time for which application threads were stopped: 0.0000877 seconds, Stopping threads took: 0.0000101 seconds
2020-04-30T04:57:23.930+0700: 20135.830: Total time for which application threads were stopped: 0.0000980 seconds, Stopping threads took: 0.0000202 seconds
2020-04-30T04:57:33.777+0700: 20145.677: Total time for which application threads were stopped: 0.0001986 seconds, Stopping threads took: 0.0000604 seconds
2020-04-30T04:57:33.778+0700: 20145.677: Total time for which application threads were stopped: 0.0000589 seconds, Stopping threads took: 0.0000082 seconds
2020-04-30T04:57:33.784+0700: 20145.684: Total time for which application threads were stopped: 0.0001286 seconds, Stopping threads took: 0.0000291 seconds
2020-04-30T04:57:38.030+0700: 20149.929: Total time for which application threads were stopped: 0.0001495 seconds, Stopping threads took: 0.0000214 seconds
2020-04-30T04:57:38.030+0700: 20149.930: Total time for which application threads were stopped: 0.0000798 seconds, Stopping threads took: 0.0000086 seconds
2020-04-30T04:57:38.030+0700: 20149.930: Total time for which application threads were stopped: 0.0000579 seconds, Stopping threads took: 0.0000072 seconds
2020-04-30T04:57:38.030+0700: 20149.930: Total time for which application threads were stopped: 0.0000448 seconds, Stopping threads took: 0.0000041 seconds
2020-04-30T04:57:51.052+0700: 20162.951: Total time for which application threads were stopped: 0.0001542 seconds, Stopping threads took: 0.0000532 seconds
2020-04-30T04:57:51.052+0700: 20162.952: Total time for which application threads were stopped: 0.0001013 seconds, Stopping threads took: 0.0000223 seconds
2020-04-30T04:57:51.059+0700: 20162.958: Total time for which application threads were stopped: 0.0000931 seconds, Stopping threads took: 0.0000291 seconds
2020-04-30T04:57:55.083+0700: 20166.982: Total time for which application threads were stopped: 0.0000982 seconds, Stopping threads took: 0.0000199 seconds
2020-04-30T04:58:01.586+0700: 20173.485: Total time for which application threads were stopped: 0.0001582 seconds, Stopping threads took: 0.0000212 seconds
2020-04-30T04:58:01.586+0700: 20173.485: Total time for which application threads were stopped: 0.0000936 seconds, Stopping threads took: 0.0000231 seconds
2020-04-30T04:58:01.586+0700: 20173.485: Total time for which application threads were stopped: 0.0000645 seconds, Stopping threads took: 0.0000093 seconds
2020-04-30T04:58:01.586+0700: 20173.485: Total time for which application threads were stopped: 0.0000452 seconds, Stopping threads took: 0.0000040 seconds
2020-04-30T04:58:08.972+0700: 20180.871: Total time for which application threads were stopped: 0.0001096 seconds, Stopping threads took: 0.0000320 seconds
2020-04-30T04:58:21.833+0700: 20193.731: Total time for which application threads were stopped: 0.0001823 seconds, Stopping threads took: 0.0000202 seconds
2020-04-30T04:58:21.833+0700: 20193.731: Total time for which application threads were stopped: 0.0000917 seconds, Stopping threads took: 0.0000113 seconds
2020-04-30T04:58:21.833+0700: 20193.731: Total time for which application threads were stopped: 0.0000745 seconds, Stopping threads took: 0.0000118 seconds
2020-04-30T04:58:21.833+0700: 20193.732: Total time for which application threads were stopped: 0.0000462 seconds, Stopping threads took: 0.0000042 seconds
2020-04-30T04:58:27.854+0700: 20199.752: Total time for which application threads were stopped: 0.0001255 seconds, Stopping threads took: 0.0000280 seconds
2020-04-30T04:58:34.336+0700: 20206.235: Total time for which application threads were stopped: 0.0003805 seconds, Stopping threads took: 0.0000293 seconds
2020-04-30T04:58:34.337+0700: 20206.235: Total time for which application threads were stopped: 0.0002355 seconds, Stopping threads took: 0.0000102 seconds
2020-04-30T04:58:34.347+0700: 20206.246: Total time for which application threads were stopped: 0.0000887 seconds, Stopping threads took: 0.0000140 seconds
2020-04-30T04:58:37.257+0700: 20209.156: Total time for which application threads were stopped: 0.0001513 seconds, Stopping threads took: 0.0000203 seconds
2020-04-30T04:58:37.257+0700: 20209.156: Total time for which application threads were stopped: 0.0000802 seconds, Stopping threads took: 0.0000084 seconds
2020-04-30T04:58:37.258+0700: 20209.156: Total time for which application threads were stopped: 0.0000580 seconds, Stopping threads took: 0.0000068 seconds
2020-04-30T04:58:37.258+0700: 20209.156: Total time for which application threads were stopped: 0.0000454 seconds, Stopping threads took: 0.0000041 seconds
2020-04-30T04:58:49.393+0700: 20221.291: Total time for which application threads were stopped: 0.0001316 seconds, Stopping threads took: 0.0000323 seconds
2020-04-30T04:58:52.413+0700: 20224.311: Total time for which application threads were stopped: 0.0001554 seconds, Stopping threads took: 0.0000399 seconds
2020-04-30T04:58:55.405+0700: 20227.302: Total time for which application threads were stopped: 0.0001546 seconds, Stopping threads took: 0.0000225 seconds
2020-04-30T04:58:55.405+0700: 20227.303: Total time for which application threads were stopped: 0.0000672 seconds, Stopping threads took: 0.0000078 seconds
2020-04-30T04:58:55.405+0700: 20227.303: Total time for which application threads were stopped: 0.0000632 seconds, Stopping threads took: 0.0000076 seconds
2020-04-30T04:58:55.405+0700: 20227.303: Total time for which application threads were stopped: 0.0000504 seconds, Stopping threads took: 0.0000049 seconds
2020-04-30T04:59:07.407+0700: 20239.305: Total time for which application threads were stopped: 0.0001619 seconds, Stopping threads took: 0.0000539 seconds
2020-04-30T04:59:07.408+0700: 20239.305: Total time for which application threads were stopped: 0.0001023 seconds, Stopping threads took: 0.0000253 seconds
2020-04-30T04:59:07.415+0700: 20239.313: Total time for which application threads were stopped: 0.0001128 seconds, Stopping threads took: 0.0000478 seconds
2020-04-30T04:59:14.599+0700: 20246.497: Total time for which application threads were stopped: 0.0001676 seconds, Stopping threads took: 0.0000236 seconds
2020-04-30T04:59:14.599+0700: 20246.497: Total time for which application threads were stopped: 0.0000720 seconds, Stopping threads took: 0.0000081 seconds
2020-04-30T04:59:14.600+0700: 20246.497: Total time for which application threads were stopped: 0.0000669 seconds, Stopping threads took: 0.0000076 seconds
2020-04-30T04:59:14.600+0700: 20246.497: Total time for which application threads were stopped: 0.0000536 seconds, Stopping threads took: 0.0000048 seconds
2020-04-30T04:59:24.212+0700: 20256.110: Total time for which application threads were stopped: 0.0001518 seconds, Stopping threads took: 0.0000330 seconds
2020-04-30T04:59:28.014+0700: 20259.912: Total time for which application threads were stopped: 0.0001616 seconds, Stopping threads took: 0.0000216 seconds
2020-04-30T04:59:28.015+0700: 20259.912: Total time for which application threads were stopped: 0.0000981 seconds, Stopping threads took: 0.0000113 seconds
2020-04-30T04:59:28.015+0700: 20259.912: Total time for which application threads were stopped: 0.0000671 seconds, Stopping threads took: 0.0000080 seconds
2020-04-30T04:59:28.015+0700: 20259.912: Total time for which application threads were stopped: 0.0000537 seconds, Stopping threads took: 0.0000052 seconds
2020-04-30T04:59:39.359+0700: 20271.256: Total time for which application threads were stopped: 0.0001111 seconds, Stopping threads took: 0.0000224 seconds
2020-04-30T04:59:39.359+0700: 20271.256: Total time for which application threads were stopped: 0.0000499 seconds, Stopping threads took: 0.0000065 seconds
2020-04-30T04:59:39.366+0700: 20271.263: Total time for which application threads were stopped: 0.0001506 seconds, Stopping threads took: 0.0000421 seconds
2020-04-30T04:59:39.366+0700: 20271.263: Total time for which application threads were stopped: 0.0001493 seconds, Stopping threads took: 0.0000388 seconds
2020-04-30T04:59:39.367+0700: 20271.264: Total time for which application threads were stopped: 0.0001173 seconds, Stopping threads took: 0.0000445 seconds
2020-04-30T04:59:39.367+0700: 20271.264: Total time for which application threads were stopped: 0.0001008 seconds, Stopping threads took: 0.0000342 seconds
2020-04-30T04:59:40.372+0700: 20272.268: Total time for which application threads were stopped: 0.0000982 seconds, Stopping threads took: 0.0000203 seconds
2020-04-30T04:59:44.262+0700: 20276.159: Total time for which application threads were stopped: 0.0001661 seconds, Stopping threads took: 0.0000208 seconds
2020-04-30T04:59:44.263+0700: 20276.159: Total time for which application threads were stopped: 0.0000803 seconds, Stopping threads took: 0.0000083 seconds
2020-04-30T04:59:44.263+0700: 20276.160: Total time for which application threads were stopped: 0.0000585 seconds, Stopping threads took: 0.0000075 seconds
2020-04-30T04:59:44.263+0700: 20276.160: Total time for which application threads were stopped: 0.0000444 seconds, Stopping threads took: 0.0000041 seconds
2020-04-30T04:59:54.456+0700: 20286.352: Total time for which application threads were stopped: 0.0001186 seconds, Stopping threads took: 0.0000197 seconds
2020-04-30T04:59:54.456+0700: 20286.353: Total time for which application threads were stopped: 0.0000843 seconds, Stopping threads took: 0.0000097 seconds
2020-04-30T04:59:54.456+0700: 20286.353: Total time for which application threads were stopped: 0.0000847 seconds, Stopping threads took: 0.0000236 seconds
2020-04-30T04:59:56.695+0700: 20288.592: Total time for which application threads were stopped: 0.0002926 seconds, Stopping threads took: 0.0000333 seconds
2020-04-30T04:59:56.703+0700: 20288.599: Total time for which application threads were stopped: 0.0000776 seconds, Stopping threads took: 0.0000138 seconds
2020-04-30T04:59:56.713+0700: 20288.610: Total time for which application threads were stopped: 0.0000889 seconds, Stopping threads took: 0.0000153 seconds
2020-04-30T05:00:00.771+0700: 20292.667: Total time for which application threads were stopped: 0.0001504 seconds, Stopping threads took: 0.0000197 seconds
2020-04-30T05:00:00.771+0700: 20292.667: Total time for which application threads were stopped: 0.0000718 seconds, Stopping threads took: 0.0000076 seconds
2020-04-30T05:00:00.771+0700: 20292.667: Total time for which application threads were stopped: 0.0000528 seconds, Stopping threads took: 0.0000068 seconds
2020-04-30T05:00:00.771+0700: 20292.667: Total time for which application threads were stopped: 0.0000396 seconds, Stopping threads took: 0.0000036 seconds
2020-04-30T05:00:05.800+0700: 20297.697: Total time for which application threads were stopped: 0.0001292 seconds, Stopping threads took: 0.0000384 seconds
2020-04-30T05:00:13.857+0700: 20305.753: Total time for which application threads were stopped: 0.0001299 seconds, Stopping threads took: 0.0000486 seconds
2020-04-30T05:00:16.888+0700: 20308.784: Total time for which application threads were stopped: 0.0001351 seconds, Stopping threads took: 0.0000183 seconds
2020-04-30T05:00:16.888+0700: 20308.785: Total time for which application threads were stopped: 0.0000670 seconds, Stopping threads took: 0.0000066 seconds
2020-04-30T05:00:16.888+0700: 20308.785: Total time for which application threads were stopped: 0.0000507 seconds, Stopping threads took: 0.0000057 seconds
2020-04-30T05:00:16.889+0700: 20308.785: Total time for which application threads were stopped: 0.0000382 seconds, Stopping threads took: 0.0000034 seconds
2020-04-30T05:00:26.951+0700: 20318.847: Total time for which application threads were stopped: 0.0001114 seconds, Stopping threads took: 0.0000357 seconds
2020-04-30T05:00:30.202+0700: 20322.098: Total time for which application threads were stopped: 0.0001076 seconds, Stopping threads took: 0.0000179 seconds
2020-04-30T05:00:30.202+0700: 20322.098: Total time for which application threads were stopped: 0.0000491 seconds, Stopping threads took: 0.0000062 seconds
2020-04-30T05:00:30.207+0700: 20322.103: Total time for which application threads were stopped: 0.0000796 seconds, Stopping threads took: 0.0000132 seconds
2020-04-30T05:00:37.905+0700: 20329.800: Total time for which application threads were stopped: 0.0001493 seconds, Stopping threads took: 0.0000204 seconds
2020-04-30T05:00:37.905+0700: 20329.801: Total time for which application threads were stopped: 0.0000784 seconds, Stopping threads took: 0.0000089 seconds
2020-04-30T05:00:37.905+0700: 20329.801: Total time for which application threads were stopped: 0.0000576 seconds, Stopping threads took: 0.0000067 seconds
2020-04-30T05:00:37.905+0700: 20329.801: Total time for which application threads were stopped: 0.0000597 seconds, Stopping threads took: 0.0000069 seconds
2020-04-30T05:00:51.081+0700: 20342.976: Total time for which application threads were stopped: 0.0001504 seconds, Stopping threads took: 0.0000349 seconds
2020-04-30T05:00:51.081+0700: 20342.977: Total time for which application threads were stopped: 0.0000974 seconds, Stopping threads took: 0.0000254 seconds
2020-04-30T05:00:51.088+0700: 20342.983: Total time for which application threads were stopped: 0.0000936 seconds, Stopping threads took: 0.0000289 seconds
2020-04-30T05:00:54.159+0700: 20346.054: Total time for which application threads were stopped: 0.0001597 seconds, Stopping threads took: 0.0000221 seconds
2020-04-30T05:00:54.159+0700: 20346.054: Total time for which application threads were stopped: 0.0000810 seconds, Stopping threads took: 0.0000092 seconds
2020-04-30T05:00:54.159+0700: 20346.054: Total time for which application threads were stopped: 0.0000572 seconds, Stopping threads took: 0.0000069 seconds
2020-04-30T05:00:54.159+0700: 20346.054: Total time for which application threads were stopped: 0.0000605 seconds, Stopping threads took: 0.0000068 seconds
2020-04-30T05:01:06.696+0700: 20358.592: Total time for which application threads were stopped: 0.0001146 seconds, Stopping threads took: 0.0000190 seconds
2020-04-30T05:01:09.271+0700: 20361.166: Total time for which application threads were stopped: 0.0001573 seconds, Stopping threads took: 0.0000199 seconds
2020-04-30T05:01:09.271+0700: 20361.166: Total time for which application threads were stopped: 0.0000793 seconds, Stopping threads took: 0.0000083 seconds
2020-04-30T05:01:09.271+0700: 20361.166: Total time for which application threads were stopped: 0.0000712 seconds, Stopping threads took: 0.0000069 seconds
2020-04-30T05:01:09.271+0700: 20361.166: Total time for which application threads were stopped: 0.0000400 seconds, Stopping threads took: 0.0000036 seconds
2020-04-30T05:01:21.760+0700: 20373.655: Total time for which application threads were stopped: 0.0002028 seconds, Stopping threads took: 0.0000497 seconds
2020-04-30T05:01:28.743+0700: 20380.637: Total time for which application threads were stopped: 0.0001514 seconds, Stopping threads took: 0.0000285 seconds
2020-04-30T05:01:28.743+0700: 20380.638: Total time for which application threads were stopped: 0.0000952 seconds, Stopping threads took: 0.0000109 seconds
2020-04-30T05:01:28.743+0700: 20380.638: Total time for which application threads were stopped: 0.0000683 seconds, Stopping threads took: 0.0000168 seconds
2020-04-30T05:01:28.743+0700: 20380.638: Total time for which application threads were stopped: 0.0000743 seconds, Stopping threads took: 0.0000302 seconds
2020-04-30T05:01:33.781+0700: 20385.676: Total time for which application threads were stopped: 0.0001518 seconds, Stopping threads took: 0.0000391 seconds
2020-04-30T05:01:37.343+0700: 20389.238: Total time for which application threads were stopped: 0.0001440 seconds, Stopping threads took: 0.0000377 seconds
2020-04-30T05:01:37.344+0700: 20389.238: Total time for which application threads were stopped: 0.0000981 seconds, Stopping threads took: 0.0000063 seconds
2020-04-30T05:01:42.331+0700: 20394.226: Total time for which application threads were stopped: 0.0001771 seconds, Stopping threads took: 0.0000243 seconds
2020-04-30T05:01:42.331+0700: 20394.226: Total time for which application threads were stopped: 0.0000848 seconds, Stopping threads took: 0.0000101 seconds
2020-04-30T05:01:42.331+0700: 20394.226: Total time for which application threads were stopped: 0.0000673 seconds, Stopping threads took: 0.0000082 seconds
2020-04-30T05:01:42.332+0700: 20394.226: Total time for which application threads were stopped: 0.0000529 seconds, Stopping threads took: 0.0000048 seconds
2020-04-30T05:01:54.153+0700: 20406.048: Total time for which application threads were stopped: 0.0001092 seconds, Stopping threads took: 0.0000172 seconds
2020-04-30T05:01:54.154+0700: 20406.048: Total time for which application threads were stopped: 0.0000547 seconds, Stopping threads took: 0.0000078 seconds
2020-04-30T05:01:55.159+0700: 20407.053: Total time for which application threads were stopped: 0.0000970 seconds, Stopping threads took: 0.0000193 seconds
2020-04-30T05:01:56.904+0700: 20408.798: Total time for which application threads were stopped: 0.0001472 seconds, Stopping threads took: 0.0000195 seconds
2020-04-30T05:01:56.904+0700: 20408.798: Total time for which application threads were stopped: 0.0000736 seconds, Stopping threads took: 0.0000079 seconds
2020-04-30T05:01:56.904+0700: 20408.798: Total time for which application threads were stopped: 0.0000592 seconds, Stopping threads took: 0.0000066 seconds
2020-04-30T05:01:56.904+0700: 20408.798: Total time for which application threads were stopped: 0.0000448 seconds, Stopping threads took: 0.0000041 seconds
2020-04-30T05:02:10.918+0700: 20422.811: Total time for which application threads were stopped: 0.0002019 seconds, Stopping threads took: 0.0000324 seconds
2020-04-30T05:02:10.918+0700: 20422.812: Total time for which application threads were stopped: 0.0001660 seconds, Stopping threads took: 0.0000572 seconds
{Heap before GC invocations=47 (full 0):
 garbage-first heap   total 524288K, used 376959K [0x00000007a0000000, 0x00000007a0101000, 0x00000007c0000000)
  region size 1024K, 307 young (314368K), 6 survivors (6144K)
 Metaspace       used 54013K, capacity 56278K, committed 56392K, reserved 1099776K
  class space    used 6219K, capacity 6670K, committed 6732K, reserved 1048576K
2020-04-30T05:02:10.942+0700: 20422.836: [GC pause (G1 Evacuation Pause) (young)
Desired survivor size 20447232 bytes, new threshold 15 (max 15)
- age   1:    2805160 bytes,    2805160 total
- age   2:     236352 bytes,    3041512 total
- age   3:      42656 bytes,    3084168 total
- age   4:     177024 bytes,    3261192 total
- age   5:      18152 bytes,    3279344 total
- age   6:       3880 bytes,    3283224 total
- age   7:       2208 bytes,    3285432 total
- age   8:       3808 bytes,    3289240 total
- age   9:       3504 bytes,    3292744 total
- age  10:        744 bytes,    3293488 total
- age  11:        776 bytes,    3294264 total
- age  12:       3648 bytes,    3297912 total
- age  13:        472 bytes,    3298384 total
- age  14:       8072 bytes,    3306456 total
- age  15:       5240 bytes,    3311696 total
, 0.0038111 secs]
   [Parallel Time: 2.1 ms, GC Workers: 8]
      [GC Worker Start (ms): Min: 20422835.7, Avg: 20422835.8, Max: 20422835.8, Diff: 0.1]
      [Ext Root Scanning (ms): Min: 0.3, Avg: 0.6, Max: 1.9, Diff: 1.6, Sum: 4.7]
      [Update RS (ms): Min: 0.0, Avg: 0.1, Max: 0.2, Diff: 0.2, Sum: 1.0]
         [Processed Buffers: Min: 0, Avg: 3.1, Max: 7, Diff: 7, Sum: 25]
      [Scan RS (ms): Min: 0.0, Avg: 0.0, Max: 0.0, Diff: 0.0, Sum: 0.2]
      [Code Root Scanning (ms): Min: 0.0, Avg: 0.0, Max: 0.0, Diff: 0.0, Sum: 0.1]
      [Object Copy (ms): Min: 0.0, Avg: 0.7, Max: 0.9, Diff: 0.9, Sum: 5.6]
      [Termination (ms): Min: 0.0, Avg: 0.5, Max: 0.6, Diff: 0.6, Sum: 3.8]
         [Termination Attempts: Min: 1, Avg: 1.4, Max: 3, Diff: 2, Sum: 11]
      [GC Worker Other (ms): Min: 0.0, Avg: 0.0, Max: 0.0, Diff: 0.0, Sum: 0.1]
      [GC Worker Total (ms): Min: 1.9, Avg: 1.9, Max: 2.0, Diff: 0.1, Sum: 15.6]
      [GC Worker End (ms): Min: 20422837.7, Avg: 20422837.8, Max: 20422837.8, Diff: 0.1]
   [Code Root Fixup: 0.0 ms]
   [Code Root Purge: 0.0 ms]
   [Clear CT: 0.1 ms]
   [Other: 1.6 ms]
      [Choose CSet: 0.0 ms]
      [Ref Proc: 1.2 ms]
      [Ref Enq: 0.1 ms]
      [Redirty Cards: 0.1 ms]
      [Humongous Register: 0.0 ms]
      [Humongous Reclaim: 0.0 ms]
      [Free CSet: 0.1 ms]
   [Eden: 301.0M(301.0M)->0.0B(298.0M) Survivors: 6144.0K->9216.0K Heap: 368.1M(512.0M)->70.2M(512.0M)]
Heap after GC invocations=48 (full 0):
 garbage-first heap   total 524288K, used 71915K [0x00000007a0000000, 0x00000007a0101000, 0x00000007c0000000)
  region size 1024K, 9 young (9216K), 9 survivors (9216K)
 Metaspace       used 54013K, capacity 56278K, committed 56392K, reserved 1099776K
  class space    used 6219K, capacity 6670K, committed 6732K, reserved 1048576K
}
 [Times: user=0.02 sys=0.00, real=0.00 secs] 
2020-04-30T05:02:10.946+0700: 20422.840: Total time for which application threads were stopped: 0.0040105 seconds, Stopping threads took: 0.0000144 seconds
2020-04-30T05:02:10.946+0700: 20422.840: Total time for which application threads were stopped: 0.0001838 seconds, Stopping threads took: 0.0000334 seconds
2020-04-30T05:02:11.955+0700: 20423.849: Total time for which application threads were stopped: 0.0001684 seconds, Stopping threads took: 0.0000575 seconds
2020-04-30T05:02:14.018+0700: 20425.911: Total time for which application threads were stopped: 0.0001458 seconds, Stopping threads took: 0.0000193 seconds
2020-04-30T05:02:14.018+0700: 20425.912: Total time for which application threads were stopped: 0.0000775 seconds, Stopping threads took: 0.0000081 seconds
2020-04-30T05:02:14.018+0700: 20425.912: Total time for which application threads were stopped: 0.0000580 seconds, Stopping threads took: 0.0000071 seconds
2020-04-30T05:02:14.018+0700: 20425.912: Total time for which application threads were stopped: 0.0000445 seconds, Stopping threads took: 0.0000044 seconds
2020-04-30T05:02:27.437+0700: 20439.330: Total time for which application threads were stopped: 0.0001553 seconds, Stopping threads took: 0.0000337 seconds
2020-04-30T05:02:27.437+0700: 20439.331: Total time for which application threads were stopped: 0.0000955 seconds, Stopping threads took: 0.0000247 seconds
2020-04-30T05:02:27.439+0700: 20439.332: Total time for which application threads were stopped: 0.0000987 seconds, Stopping threads took: 0.0000287 seconds
2020-04-30T05:02:27.439+0700: 20439.332: Total time for which application threads were stopped: 0.0001902 seconds, Stopping threads took: 0.0000246 seconds
2020-04-30T05:02:31.229+0700: 20443.122: Total time for which application threads were stopped: 0.0001518 seconds, Stopping threads took: 0.0000200 seconds
2020-04-30T05:02:31.229+0700: 20443.122: Total time for which application threads were stopped: 0.0000764 seconds, Stopping threads took: 0.0000080 seconds
2020-04-30T05:02:31.229+0700: 20443.123: Total time for which application threads were stopped: 0.0001890 seconds, Stopping threads took: 0.0000069 seconds
2020-04-30T05:02:31.229+0700: 20443.123: Total time for which application threads were stopped: 0.0001433 seconds, Stopping threads took: 0.0000045 seconds
2020-04-30T05:02:35.939+0700: 20447.833: Total time for which application threads were stopped: 0.0001303 seconds, Stopping threads took: 0.0000201 seconds
2020-04-30T05:02:35.939+0700: 20447.833: Total time for which application threads were stopped: 0.0000714 seconds, Stopping threads took: 0.0000095 seconds
2020-04-30T05:02:54.819+0700: 20466.712: Total time for which application threads were stopped: 0.0003072 seconds, Stopping threads took: 0.0000209 seconds
2020-04-30T05:02:54.819+0700: 20466.712: Total time for which application threads were stopped: 0.0000627 seconds, Stopping threads took: 0.0000068 seconds
2020-04-30T05:02:54.819+0700: 20466.712: Total time for which application threads were stopped: 0.0000650 seconds, Stopping threads took: 0.0000088 seconds
2020-04-30T05:02:54.819+0700: 20466.712: Total time for which application threads were stopped: 0.0000461 seconds, Stopping threads took: 0.0000042 seconds
2020-04-30T05:02:57.509+0700: 20469.402: Total time for which application threads were stopped: 0.0001384 seconds, Stopping threads took: 0.0000198 seconds
2020-04-30T05:03:07.756+0700: 20479.649: Total time for which application threads were stopped: 0.0001531 seconds, Stopping threads took: 0.0000208 seconds
2020-04-30T05:03:07.756+0700: 20479.649: Total time for which application threads were stopped: 0.0002257 seconds, Stopping threads took: 0.0000080 seconds
2020-04-30T05:03:07.756+0700: 20479.649: Total time for which application threads were stopped: 0.0000631 seconds, Stopping threads took: 0.0000076 seconds
2020-04-30T05:03:07.756+0700: 20479.649: Total time for which application threads were stopped: 0.0000481 seconds, Stopping threads took: 0.0000043 seconds
2020-04-30T05:03:09.134+0700: 20481.026: Total time for which application threads were stopped: 0.0001837 seconds, Stopping threads took: 0.0000205 seconds
2020-04-30T05:03:32.310+0700: 20504.202: Total time for which application threads were stopped: 0.0001434 seconds, Stopping threads took: 0.0000181 seconds
2020-04-30T05:03:32.310+0700: 20504.203: Total time for which application threads were stopped: 0.0000761 seconds, Stopping threads took: 0.0000080 seconds
2020-04-30T05:03:32.311+0700: 20504.203: Total time for which application threads were stopped: 0.0000663 seconds, Stopping threads took: 0.0000090 seconds
2020-04-30T05:03:32.311+0700: 20504.203: Total time for which application threads were stopped: 0.0000452 seconds, Stopping threads took: 0.0000040 seconds
2020-04-30T05:03:44.024+0700: 20515.916: Total time for which application threads were stopped: 0.0001593 seconds, Stopping threads took: 0.0000318 seconds
2020-04-30T05:03:44.025+0700: 20515.916: Total time for which application threads were stopped: 0.0001023 seconds, Stopping threads took: 0.0000064 seconds
2020-04-30T05:03:45.030+0700: 20516.922: Total time for which application threads were stopped: 0.0001328 seconds, Stopping threads took: 0.0000340 seconds
2020-04-30T05:03:46.602+0700: 20518.494: Total time for which application threads were stopped: 0.0001510 seconds, Stopping threads took: 0.0000204 seconds
2020-04-30T05:03:46.602+0700: 20518.494: Total time for which application threads were stopped: 0.0000798 seconds, Stopping threads took: 0.0000088 seconds
2020-04-30T05:03:46.602+0700: 20518.494: Total time for which application threads were stopped: 0.0000686 seconds, Stopping threads took: 0.0000097 seconds
2020-04-30T05:03:46.602+0700: 20518.494: Total time for which application threads were stopped: 0.0000462 seconds, Stopping threads took: 0.0000041 seconds
2020-04-30T05:04:04.228+0700: 20536.120: Total time for which application threads were stopped: 0.0001720 seconds, Stopping threads took: 0.0000231 seconds
2020-04-30T05:04:04.228+0700: 20536.120: Total time for which application threads were stopped: 0.0000740 seconds, Stopping threads took: 0.0000083 seconds
2020-04-30T05:04:04.228+0700: 20536.120: Total time for which application threads were stopped: 0.0000684 seconds, Stopping threads took: 0.0000076 seconds
2020-04-30T05:04:04.229+0700: 20536.120: Total time for which application threads were stopped: 0.0000536 seconds, Stopping threads took: 0.0000048 seconds
2020-04-30T05:04:11.267+0700: 20543.159: Total time for which application threads were stopped: 0.0001408 seconds, Stopping threads took: 0.0000555 seconds
2020-04-30T05:04:21.446+0700: 20553.337: Total time for which application threads were stopped: 0.0001513 seconds, Stopping threads took: 0.0000187 seconds
2020-04-30T05:04:21.446+0700: 20553.338: Total time for which application threads were stopped: 0.0000842 seconds, Stopping threads took: 0.0000106 seconds
2020-04-30T05:04:21.447+0700: 20553.338: Total time for which application threads were stopped: 0.0000871 seconds, Stopping threads took: 0.0000252 seconds
2020-04-30T05:04:21.447+0700: 20553.338: Total time for which application threads were stopped: 0.0000679 seconds, Stopping threads took: 0.0000080 seconds
2020-04-30T05:04:24.468+0700: 20556.359: Total time for which application threads were stopped: 0.0001120 seconds, Stopping threads took: 0.0000355 seconds
2020-04-30T05:04:34.364+0700: 20566.255: Total time for which application threads were stopped: 0.0001104 seconds, Stopping threads took: 0.0000318 seconds
2020-04-30T05:04:40.861+0700: 20572.752: Total time for which application threads were stopped: 0.0001559 seconds, Stopping threads took: 0.0000214 seconds
2020-04-30T05:04:40.861+0700: 20572.752: Total time for which application threads were stopped: 0.0000608 seconds, Stopping threads took: 0.0000069 seconds
2020-04-30T05:04:40.861+0700: 20572.752: Total time for which application threads were stopped: 0.0000667 seconds, Stopping threads took: 0.0000103 seconds
2020-04-30T05:04:40.861+0700: 20572.752: Total time for which application threads were stopped: 0.0000465 seconds, Stopping threads took: 0.0000042 seconds
2020-04-30T05:04:50.688+0700: 20582.578: Total time for which application threads were stopped: 0.0001408 seconds, Stopping threads took: 0.0000162 seconds
2020-04-30T05:04:50.688+0700: 20582.578: Total time for which application threads were stopped: 0.0000738 seconds, Stopping threads took: 0.0000090 seconds
2020-04-30T05:04:50.688+0700: 20582.579: Total time for which application threads were stopped: 0.0001042 seconds, Stopping threads took: 0.0000285 seconds
2020-04-30T05:04:50.689+0700: 20582.579: Total time for which application threads were stopped: 0.0002015 seconds, Stopping threads took: 0.0000268 seconds
2020-04-30T05:04:50.689+0700: 20582.580: Total time for which application threads were stopped: 0.0000803 seconds, Stopping threads took: 0.0000085 seconds
2020-04-30T05:04:51.698+0700: 20583.589: Total time for which application threads were stopped: 0.0001529 seconds, Stopping threads took: 0.0000551 seconds
2020-04-30T05:04:54.518+0700: 20586.409: Total time for which application threads were stopped: 0.0002370 seconds, Stopping threads took: 0.0000528 seconds
2020-04-30T05:04:54.519+0700: 20586.409: Total time for which application threads were stopped: 0.0001168 seconds, Stopping threads took: 0.0000255 seconds
2020-04-30T05:04:54.519+0700: 20586.409: Total time for which application threads were stopped: 0.0001362 seconds, Stopping threads took: 0.0000242 seconds
2020-04-30T05:04:54.519+0700: 20586.409: Total time for which application threads were stopped: 0.0000425 seconds, Stopping threads took: 0.0000070 seconds
2020-04-30T05:04:54.519+0700: 20586.409: Total time for which application threads were stopped: 0.0000525 seconds, Stopping threads took: 0.0000051 seconds
2020-04-30T05:04:54.519+0700: 20586.410: Total time for which application threads were stopped: 0.0000892 seconds, Stopping threads took: 0.0000236 seconds
2020-04-30T05:04:54.519+0700: 20586.410: Total time for which application threads were stopped: 0.0000551 seconds, Stopping threads took: 0.0000237 seconds
2020-04-30T05:04:54.519+0700: 20586.410: Total time for which application threads were stopped: 0.0000580 seconds, Stopping threads took: 0.0000068 seconds
2020-04-30T05:04:54.519+0700: 20586.410: Total time for which application threads were stopped: 0.0000745 seconds, Stopping threads took: 0.0000224 seconds
2020-04-30T05:04:54.519+0700: 20586.410: Total time for which application threads were stopped: 0.0000718 seconds, Stopping threads took: 0.0000244 seconds
2020-04-30T05:04:54.520+0700: 20586.410: Total time for which application threads were stopped: 0.0000366 seconds, Stopping threads took: 0.0000052 seconds
2020-04-30T05:04:54.520+0700: 20586.410: Total time for which application threads were stopped: 0.0000362 seconds, Stopping threads took: 0.0000050 seconds
2020-04-30T05:04:54.520+0700: 20586.410: Total time for which application threads were stopped: 0.0000633 seconds, Stopping threads took: 0.0000188 seconds
2020-04-30T05:04:54.520+0700: 20586.410: Total time for which application threads were stopped: 0.0000397 seconds, Stopping threads took: 0.0000061 seconds
2020-04-30T05:04:54.520+0700: 20586.410: Total time for which application threads were stopped: 0.0000368 seconds, Stopping threads took: 0.0000053 seconds
2020-04-30T05:04:58.665+0700: 20590.556: Total time for which application threads were stopped: 0.0001420 seconds, Stopping threads took: 0.0000198 seconds
2020-04-30T05:04:58.665+0700: 20590.556: Total time for which application threads were stopped: 0.0000730 seconds, Stopping threads took: 0.0000084 seconds
2020-04-30T05:04:58.666+0700: 20590.556: Total time for which application threads were stopped: 0.0000650 seconds, Stopping threads took: 0.0000099 seconds
2020-04-30T05:04:58.666+0700: 20590.556: Total time for which application threads were stopped: 0.0000432 seconds, Stopping threads took: 0.0000040 seconds
2020-04-30T05:05:08.097+0700: 20599.987: Total time for which application threads were stopped: 0.0001599 seconds, Stopping threads took: 0.0000337 seconds
2020-04-30T05:05:08.097+0700: 20599.987: Total time for which application threads were stopped: 0.0000988 seconds, Stopping threads took: 0.0000250 seconds
2020-04-30T05:05:08.098+0700: 20599.989: Total time for which application threads were stopped: 0.0000892 seconds, Stopping threads took: 0.0000283 seconds
2020-04-30T05:05:08.102+0700: 20599.992: Total time for which application threads were stopped: 0.0001028 seconds, Stopping threads took: 0.0000304 seconds
2020-04-30T05:05:08.103+0700: 20599.993: Total time for which application threads were stopped: 0.0001172 seconds, Stopping threads took: 0.0000284 seconds
2020-04-30T05:05:08.104+0700: 20599.994: Total time for which application threads were stopped: 0.0001156 seconds, Stopping threads took: 0.0000117 seconds
2020-04-30T05:05:08.106+0700: 20599.996: Total time for which application threads were stopped: 0.0000968 seconds, Stopping threads took: 0.0000173 seconds
2020-04-30T05:05:08.109+0700: 20599.999: Total time for which application threads were stopped: 0.0000750 seconds, Stopping threads took: 0.0000128 seconds
2020-04-30T05:05:08.119+0700: 20600.009: Total time for which application threads were stopped: 0.0000824 seconds, Stopping threads took: 0.0000140 seconds
2020-04-30T05:05:10.748+0700: 20602.638: Total time for which application threads were stopped: 0.0001492 seconds, Stopping threads took: 0.0000210 seconds
2020-04-30T05:05:10.748+0700: 20602.639: Total time for which application threads were stopped: 0.0000794 seconds, Stopping threads took: 0.0000079 seconds
2020-04-30T05:05:10.749+0700: 20602.639: Total time for which application threads were stopped: 0.0000577 seconds, Stopping threads took: 0.0000071 seconds
2020-04-30T05:05:10.749+0700: 20602.639: Total time for which application threads were stopped: 0.0000445 seconds, Stopping threads took: 0.0000040 seconds
2020-04-30T05:05:16.783+0700: 20608.673: Total time for which application threads were stopped: 0.0002058 seconds, Stopping threads took: 0.0000608 seconds
2020-04-30T05:05:19.797+0700: 20611.687: Total time for which application threads were stopped: 0.0001634 seconds, Stopping threads took: 0.0000633 seconds
2020-04-30T05:05:24.263+0700: 20616.152: Total time for which application threads were stopped: 0.0002047 seconds, Stopping threads took: 0.0000184 seconds
2020-04-30T05:05:24.263+0700: 20616.153: Total time for which application threads were stopped: 0.0000713 seconds, Stopping threads took: 0.0000122 seconds
2020-04-30T05:05:26.989+0700: 20618.879: Total time for which application threads were stopped: 0.0001581 seconds, Stopping threads took: 0.0000224 seconds
2020-04-30T05:05:26.990+0700: 20618.879: Total time for which application threads were stopped: 0.0000862 seconds, Stopping threads took: 0.0000104 seconds
2020-04-30T05:05:26.990+0700: 20618.879: Total time for which application threads were stopped: 0.0000677 seconds, Stopping threads took: 0.0000083 seconds
2020-04-30T05:05:26.990+0700: 20618.879: Total time for which application threads were stopped: 0.0000519 seconds, Stopping threads took: 0.0000048 seconds
2020-04-30T05:05:40.982+0700: 20632.871: Total time for which application threads were stopped: 0.0001262 seconds, Stopping threads took: 0.0000184 seconds
2020-04-30T05:05:40.982+0700: 20632.872: Total time for which application threads were stopped: 0.0000965 seconds, Stopping threads took: 0.0000055 seconds
2020-04-30T05:05:40.989+0700: 20632.878: Total time for which application threads were stopped: 0.0001734 seconds, Stopping threads took: 0.0000544 seconds
2020-04-30T05:05:47.669+0700: 20639.558: Total time for which application threads were stopped: 0.0001673 seconds, Stopping threads took: 0.0000228 seconds
2020-04-30T05:05:47.669+0700: 20639.558: Total time for which application threads were stopped: 0.0000702 seconds, Stopping threads took: 0.0000078 seconds
2020-04-30T05:05:47.669+0700: 20639.558: Total time for which application threads were stopped: 0.0000653 seconds, Stopping threads took: 0.0000077 seconds
2020-04-30T05:05:47.669+0700: 20639.558: Total time for which application threads were stopped: 0.0000907 seconds, Stopping threads took: 0.0000046 seconds
2020-04-30T05:05:58.190+0700: 20650.079: Total time for which application threads were stopped: 0.0001119 seconds, Stopping threads took: 0.0000325 seconds
2020-04-30T05:06:02.564+0700: 20654.453: Total time for which application threads were stopped: 0.0001568 seconds, Stopping threads took: 0.0000237 seconds
2020-04-30T05:06:02.564+0700: 20654.453: Total time for which application threads were stopped: 0.0000826 seconds, Stopping threads took: 0.0000081 seconds
2020-04-30T05:06:02.564+0700: 20654.453: Total time for which application threads were stopped: 0.0000675 seconds, Stopping threads took: 0.0000097 seconds
2020-04-30T05:06:02.564+0700: 20654.453: Total time for which application threads were stopped: 0.0000461 seconds, Stopping threads took: 0.0000043 seconds
2020-04-30T05:06:13.694+0700: 20665.583: Total time for which application threads were stopped: 0.0001324 seconds, Stopping threads took: 0.0000329 seconds
2020-04-30T05:06:17.868+0700: 20669.755: Total time for which application threads were stopped: 0.0001503 seconds, Stopping threads took: 0.0000204 seconds
2020-04-30T05:06:17.868+0700: 20669.756: Total time for which application threads were stopped: 0.0000783 seconds, Stopping threads took: 0.0000086 seconds
2020-04-30T05:06:17.868+0700: 20669.756: Total time for which application threads were stopped: 0.0000601 seconds, Stopping threads took: 0.0000075 seconds
2020-04-30T05:06:17.868+0700: 20669.756: Total time for which application threads were stopped: 0.0000450 seconds, Stopping threads took: 0.0000042 seconds
2020-04-30T05:06:31.840+0700: 20683.722: Total time for which application threads were stopped: 0.0001534 seconds, Stopping threads took: 0.0000327 seconds
2020-04-30T05:06:31.841+0700: 20683.722: Total time for which application threads were stopped: 0.0000963 seconds, Stopping threads took: 0.0000061 seconds
2020-04-30T05:06:31.849+0700: 20683.730: Total time for which application threads were stopped: 0.0000933 seconds, Stopping threads took: 0.0000291 seconds
2020-04-30T05:06:35.392+0700: 20687.273: Total time for which application threads were stopped: 0.0001474 seconds, Stopping threads took: 0.0000199 seconds
2020-04-30T05:06:35.392+0700: 20687.273: Total time for which application threads were stopped: 0.0000749 seconds, Stopping threads took: 0.0000092 seconds
2020-04-30T05:06:35.392+0700: 20687.273: Total time for which application threads were stopped: 0.0000563 seconds, Stopping threads took: 0.0000069 seconds
2020-04-30T05:06:35.393+0700: 20687.273: Total time for which application threads were stopped: 0.0000443 seconds, Stopping threads took: 0.0000040 seconds
2020-04-30T05:06:49.110+0700: 20700.988: Total time for which application threads were stopped: 0.0001438 seconds, Stopping threads took: 0.0000502 seconds
2020-04-30T05:06:50.902+0700: 20702.780: Total time for which application threads were stopped: 0.0001482 seconds, Stopping threads took: 0.0000202 seconds
2020-04-30T05:06:50.902+0700: 20702.780: Total time for which application threads were stopped: 0.0000782 seconds, Stopping threads took: 0.0000083 seconds
2020-04-30T05:06:50.902+0700: 20702.780: Total time for which application threads were stopped: 0.0000661 seconds, Stopping threads took: 0.0000086 seconds
2020-04-30T05:06:50.902+0700: 20702.780: Total time for which application threads were stopped: 0.0000515 seconds, Stopping threads took: 0.0000042 seconds
2020-04-30T05:07:04.525+0700: 20716.402: Total time for which application threads were stopped: 0.0001112 seconds, Stopping threads took: 0.0000157 seconds
2020-04-30T05:07:08.859+0700: 20720.736: Total time for which application threads were stopped: 0.0001452 seconds, Stopping threads took: 0.0000199 seconds
2020-04-30T05:07:08.860+0700: 20720.736: Total time for which application threads were stopped: 0.0000777 seconds, Stopping threads took: 0.0000081 seconds
2020-04-30T05:07:08.860+0700: 20720.736: Total time for which application threads were stopped: 0.0000685 seconds, Stopping threads took: 0.0000090 seconds
2020-04-30T05:07:08.860+0700: 20720.736: Total time for which application threads were stopped: 0.0000496 seconds, Stopping threads took: 0.0000047 seconds
2020-04-30T05:07:21.775+0700: 20733.651: Total time for which application threads were stopped: 0.0002193 seconds, Stopping threads took: 0.0000166 seconds
2020-04-30T05:07:21.775+0700: 20733.651: Total time for which application threads were stopped: 0.0001665 seconds, Stopping threads took: 0.0000269 seconds
2020-04-30T05:07:21.783+0700: 20733.659: Total time for which application threads were stopped: 0.0001798 seconds, Stopping threads took: 0.0000302 seconds
2020-04-30T05:07:21.783+0700: 20733.659: Total time for which application threads were stopped: 0.0001515 seconds, Stopping threads took: 0.0000482 seconds
2020-04-30T05:07:21.784+0700: 20733.660: Total time for which application threads were stopped: 0.0000793 seconds, Stopping threads took: 0.0000153 seconds
2020-04-30T05:07:22.792+0700: 20734.668: Total time for which application threads were stopped: 0.0001348 seconds, Stopping threads took: 0.0000392 seconds
2020-04-30T05:07:26.684+0700: 20738.560: Total time for which application threads were stopped: 0.0001628 seconds, Stopping threads took: 0.0000458 seconds
2020-04-30T05:07:26.684+0700: 20738.560: Total time for which application threads were stopped: 0.0001056 seconds, Stopping threads took: 0.0000274 seconds
2020-04-30T05:07:26.684+0700: 20738.560: Total time for which application threads were stopped: 0.0000618 seconds, Stopping threads took: 0.0000076 seconds
2020-04-30T05:07:26.684+0700: 20738.560: Total time for which application threads were stopped: 0.0000628 seconds, Stopping threads took: 0.0000090 seconds
2020-04-30T05:07:27.689+0700: 20739.565: Total time for which application threads were stopped: 0.0001193 seconds, Stopping threads took: 0.0000274 seconds
2020-04-30T05:07:38.189+0700: 20750.064: Total time for which application threads were stopped: 0.0001251 seconds, Stopping threads took: 0.0000335 seconds
2020-04-30T05:07:38.189+0700: 20750.064: Total time for which application threads were stopped: 0.0000631 seconds, Stopping threads took: 0.0000059 seconds
2020-04-30T05:07:38.189+0700: 20750.065: Total time for which application threads were stopped: 0.0000738 seconds, Stopping threads took: 0.0000052 seconds
2020-04-30T05:07:38.189+0700: 20750.065: Total time for which application threads were stopped: 0.0000714 seconds, Stopping threads took: 0.0000233 seconds
2020-04-30T05:07:38.189+0700: 20750.065: Total time for which application threads were stopped: 0.0001694 seconds, Stopping threads took: 0.0000054 seconds
2020-04-30T05:07:38.193+0700: 20750.069: Total time for which application threads were stopped: 0.0000984 seconds, Stopping threads took: 0.0000302 seconds
2020-04-30T05:07:38.212+0700: 20750.088: Total time for which application threads were stopped: 0.0001475 seconds, Stopping threads took: 0.0000178 seconds
2020-04-30T05:07:43.626+0700: 20755.502: Total time for which application threads were stopped: 0.0001552 seconds, Stopping threads took: 0.0000208 seconds
2020-04-30T05:07:43.626+0700: 20755.502: Total time for which application threads were stopped: 0.0000832 seconds, Stopping threads took: 0.0000114 seconds
2020-04-30T05:07:43.626+0700: 20755.502: Total time for which application threads were stopped: 0.0000675 seconds, Stopping threads took: 0.0000088 seconds
2020-04-30T05:07:43.627+0700: 20755.502: Total time for which application threads were stopped: 0.0000594 seconds, Stopping threads took: 0.0000070 seconds
2020-04-30T05:07:56.364+0700: 20768.239: Total time for which application threads were stopped: 0.0001146 seconds, Stopping threads took: 0.0000336 seconds
2020-04-30T05:08:08.702+0700: 20780.577: Total time for which application threads were stopped: 0.0001530 seconds, Stopping threads took: 0.0000198 seconds
2020-04-30T05:08:08.703+0700: 20780.578: Total time for which application threads were stopped: 0.0000780 seconds, Stopping threads took: 0.0000082 seconds
2020-04-30T05:08:08.703+0700: 20780.578: Total time for which application threads were stopped: 0.0000680 seconds, Stopping threads took: 0.0000091 seconds
2020-04-30T05:08:08.703+0700: 20780.578: Total time for which application threads were stopped: 0.0000459 seconds, Stopping threads took: 0.0000044 seconds
2020-04-30T05:08:21.784+0700: 20793.659: Total time for which application threads were stopped: 0.0001118 seconds, Stopping threads took: 0.0000199 seconds
2020-04-30T05:08:21.784+0700: 20793.659: Total time for which application threads were stopped: 0.0000521 seconds, Stopping threads took: 0.0000066 seconds
2020-04-30T05:08:21.790+0700: 20793.664: Total time for which application threads were stopped: 0.0000789 seconds, Stopping threads took: 0.0000131 seconds
2020-04-30T05:08:25.736+0700: 20797.611: Total time for which application threads were stopped: 0.0001566 seconds, Stopping threads took: 0.0000209 seconds
2020-04-30T05:08:25.736+0700: 20797.611: Total time for which application threads were stopped: 0.0000809 seconds, Stopping threads took: 0.0000084 seconds
2020-04-30T05:08:25.736+0700: 20797.611: Total time for which application threads were stopped: 0.0000569 seconds, Stopping threads took: 0.0000072 seconds
2020-04-30T05:08:25.736+0700: 20797.611: Total time for which application threads were stopped: 0.0000532 seconds, Stopping threads took: 0.0000061 seconds
2020-04-30T05:08:38.780+0700: 20810.654: Total time for which application threads were stopped: 0.0001286 seconds, Stopping threads took: 0.0000507 seconds
2020-04-30T05:08:41.191+0700: 20813.065: Total time for which application threads were stopped: 0.0001520 seconds, Stopping threads took: 0.0000198 seconds
2020-04-30T05:08:41.191+0700: 20813.066: Total time for which application threads were stopped: 0.0000809 seconds, Stopping threads took: 0.0000077 seconds
2020-04-30T05:08:41.191+0700: 20813.066: Total time for which application threads were stopped: 0.0000692 seconds, Stopping threads took: 0.0000097 seconds
2020-04-30T05:08:41.191+0700: 20813.066: Total time for which application threads were stopped: 0.0000469 seconds, Stopping threads took: 0.0000041 seconds
2020-04-30T05:08:54.574+0700: 20826.448: Total time for which application threads were stopped: 0.0001064 seconds, Stopping threads took: 0.0000177 seconds
2020-04-30T05:08:54.574+0700: 20826.448: Total time for which application threads were stopped: 0.0000468 seconds, Stopping threads took: 0.0000062 seconds
2020-04-30T05:08:54.580+0700: 20826.454: Total time for which application threads were stopped: 0.0000946 seconds, Stopping threads took: 0.0000295 seconds
2020-04-30T05:08:57.346+0700: 20829.220: Total time for which application threads were stopped: 0.0003071 seconds, Stopping threads took: 0.0000196 seconds
2020-04-30T05:08:57.347+0700: 20829.221: Total time for which application threads were stopped: 0.0000752 seconds, Stopping threads took: 0.0000093 seconds
2020-04-30T05:08:57.347+0700: 20829.221: Total time for which application threads were stopped: 0.0000667 seconds, Stopping threads took: 0.0000089 seconds
2020-04-30T05:08:57.347+0700: 20829.221: Total time for which application threads were stopped: 0.0000461 seconds, Stopping threads took: 0.0000043 seconds
2020-04-30T05:09:01.730+0700: 20833.604: Total time for which application threads were stopped: 0.0001508 seconds, Stopping threads took: 0.0000222 seconds
2020-04-30T05:09:10.065+0700: 20841.938: Total time for which application threads were stopped: 0.0001133 seconds, Stopping threads took: 0.0000317 seconds
2020-04-30T05:09:14.443+0700: 20846.317: Total time for which application threads were stopped: 0.0001607 seconds, Stopping threads took: 0.0000221 seconds
2020-04-30T05:09:14.443+0700: 20846.317: Total time for which application threads were stopped: 0.0002315 seconds, Stopping threads took: 0.0000089 seconds
2020-04-30T05:09:14.444+0700: 20846.317: Total time for which application threads were stopped: 0.0000633 seconds, Stopping threads took: 0.0000071 seconds
2020-04-30T05:09:14.444+0700: 20846.317: Total time for which application threads were stopped: 0.0000481 seconds, Stopping threads took: 0.0000050 seconds
2020-04-30T05:09:16.737+0700: 20848.610: Total time for which application threads were stopped: 0.0001364 seconds, Stopping threads took: 0.0000191 seconds
2020-04-30T05:09:27.048+0700: 20858.921: Total time for which application threads were stopped: 0.0000975 seconds, Stopping threads took: 0.0000168 seconds
2020-04-30T05:09:29.613+0700: 20861.486: Total time for which application threads were stopped: 0.0001398 seconds, Stopping threads took: 0.0000191 seconds
2020-04-30T05:09:29.613+0700: 20861.487: Total time for which application threads were stopped: 0.0000784 seconds, Stopping threads took: 0.0000096 seconds
2020-04-30T05:09:29.613+0700: 20861.487: Total time for which application threads were stopped: 0.0000658 seconds, Stopping threads took: 0.0000088 seconds
2020-04-30T05:09:29.613+0700: 20861.487: Total time for which application threads were stopped: 0.0000542 seconds, Stopping threads took: 0.0000064 seconds
2020-04-30T05:09:42.341+0700: 20874.214: Total time for which application threads were stopped: 0.0001461 seconds, Stopping threads took: 0.0000329 seconds
2020-04-30T05:09:47.543+0700: 20879.416: Total time for which application threads were stopped: 0.0001614 seconds, Stopping threads took: 0.0000225 seconds
2020-04-30T05:09:47.543+0700: 20879.416: Total time for which application threads were stopped: 0.0000825 seconds, Stopping threads took: 0.0000092 seconds
2020-04-30T05:09:47.543+0700: 20879.416: Total time for which application threads were stopped: 0.0000658 seconds, Stopping threads took: 0.0000086 seconds
2020-04-30T05:09:47.544+0700: 20879.416: Total time for which application threads were stopped: 0.0000461 seconds, Stopping threads took: 0.0000041 seconds
2020-04-30T05:09:51.564+0700: 20883.437: Total time for which application threads were stopped: 0.0002076 seconds, Stopping threads took: 0.0000608 seconds
2020-04-30T05:09:52.574+0700: 20884.447: Total time for which application threads were stopped: 0.0000980 seconds, Stopping threads took: 0.0000187 seconds
2020-04-30T05:10:00.029+0700: 20891.902: Total time for which application threads were stopped: 0.0001092 seconds, Stopping threads took: 0.0000194 seconds
2020-04-30T05:10:00.029+0700: 20891.902: Total time for which application threads were stopped: 0.0000501 seconds, Stopping threads took: 0.0000064 seconds
2020-04-30T05:10:00.036+0700: 20891.909: Total time for which application threads were stopped: 0.0001057 seconds, Stopping threads took: 0.0000159 seconds
2020-04-30T05:10:00.036+0700: 20891.909: Total time for which application threads were stopped: 0.0001247 seconds, Stopping threads took: 0.0000092 seconds
2020-04-30T05:10:00.037+0700: 20891.910: Total time for which application threads were stopped: 0.0001026 seconds, Stopping threads took: 0.0000310 seconds
2020-04-30T05:10:00.037+0700: 20891.910: Total time for which application threads were stopped: 0.0000611 seconds, Stopping threads took: 0.0000072 seconds
2020-04-30T05:10:00.038+0700: 20891.910: Total time for which application threads were stopped: 0.0001792 seconds, Stopping threads took: 0.0000169 seconds
2020-04-30T05:10:00.038+0700: 20891.910: Total time for which application threads were stopped: 0.0000512 seconds, Stopping threads took: 0.0000066 seconds
2020-04-30T05:10:00.063+0700: 20891.936: Total time for which application threads were stopped: 0.0000941 seconds, Stopping threads took: 0.0000150 seconds
2020-04-30T05:10:00.064+0700: 20891.936: Total time for which application threads were stopped: 0.0000896 seconds, Stopping threads took: 0.0000262 seconds
{Heap before GC invocations=48 (full 0):
 garbage-first heap   total 524288K, used 377067K [0x00000007a0000000, 0x00000007a0101000, 0x00000007c0000000)
  region size 1024K, 307 young (314368K), 9 survivors (9216K)
 Metaspace       used 54014K, capacity 56278K, committed 56392K, reserved 1099776K
  class space    used 6219K, capacity 6670K, committed 6732K, reserved 1048576K
2020-04-30T05:10:00.082+0700: 20891.955: [GC pause (G1 Evacuation Pause) (young)
Desired survivor size 20447232 bytes, new threshold 15 (max 15)
- age   1:    3846976 bytes,    3846976 total
- age   2:     863872 bytes,    4710848 total
- age   3:     206608 bytes,    4917456 total
- age   4:      42656 bytes,    4960112 total
- age   5:     132144 bytes,    5092256 total
- age   6:      18072 bytes,    5110328 total
- age   7:       3880 bytes,    5114208 total
- age   8:       2208 bytes,    5116416 total
- age   9:       3808 bytes,    5120224 total
- age  10:       3504 bytes,    5123728 total
- age  11:        744 bytes,    5124472 total
- age  12:        776 bytes,    5125248 total
- age  13:       3424 bytes,    5128672 total
- age  14:        336 bytes,    5129008 total
- age  15:       8072 bytes,    5137080 total
, 0.0029723 secs]
   [Parallel Time: 1.4 ms, GC Workers: 8]
      [GC Worker Start (ms): Min: 20891954.9, Avg: 20891954.9, Max: 20891954.9, Diff: 0.0]
      [Ext Root Scanning (ms): Min: 0.2, Avg: 0.4, Max: 1.0, Diff: 0.8, Sum: 2.9]
      [Update RS (ms): Min: 0.0, Avg: 0.1, Max: 0.2, Diff: 0.2, Sum: 1.0]
         [Processed Buffers: Min: 0, Avg: 3.2, Max: 8, Diff: 8, Sum: 26]
      [Scan RS (ms): Min: 0.0, Avg: 0.0, Max: 0.0, Diff: 0.0, Sum: 0.2]
      [Code Root Scanning (ms): Min: 0.0, Avg: 0.0, Max: 0.1, Diff: 0.1, Sum: 0.2]
      [Object Copy (ms): Min: 0.3, Avg: 0.8, Max: 0.9, Diff: 0.5, Sum: 6.1]
      [Termination (ms): Min: 0.0, Avg: 0.0, Max: 0.0, Diff: 0.0, Sum: 0.0]
         [Termination Attempts: Min: 1, Avg: 1.1, Max: 2, Diff: 1, Sum: 9]
      [GC Worker Other (ms): Min: 0.0, Avg: 0.0, Max: 0.0, Diff: 0.0, Sum: 0.2]
      [GC Worker Total (ms): Min: 1.3, Avg: 1.3, Max: 1.4, Diff: 0.1, Sum: 10.6]
      [GC Worker End (ms): Min: 20891956.2, Avg: 20891956.2, Max: 20891956.3, Diff: 0.0]
   [Code Root Fixup: 0.0 ms]
   [Code Root Purge: 0.0 ms]
   [Clear CT: 0.0 ms]
   [Other: 1.5 ms]
      [Choose CSet: 0.0 ms]
      [Ref Proc: 1.2 ms]
      [Ref Enq: 0.1 ms]
      [Redirty Cards: 0.1 ms]
      [Humongous Register: 0.0 ms]
      [Humongous Reclaim: 0.0 ms]
      [Free CSet: 0.1 ms]
   [Eden: 298.0M(298.0M)->0.0B(298.0M) Survivors: 9216.0K->9216.0K Heap: 368.2M(512.0M)->70.1M(512.0M)]
Heap after GC invocations=49 (full 0):
 garbage-first heap   total 524288K, used 71750K [0x00000007a0000000, 0x00000007a0101000, 0x00000007c0000000)
  region size 1024K, 9 young (9216K), 9 survivors (9216K)
 Metaspace       used 54014K, capacity 56278K, committed 56392K, reserved 1099776K
  class space    used 6219K, capacity 6670K, committed 6732K, reserved 1048576K
}
 [Times: user=0.01 sys=0.01, real=0.00 secs] 
2020-04-30T05:10:00.085+0700: 20891.958: Total time for which application threads were stopped: 0.0032456 seconds, Stopping threads took: 0.0000176 seconds
2020-04-30T05:10:00.131+0700: 20892.003: Total time for which application threads were stopped: 0.0001039 seconds, Stopping threads took: 0.0000314 seconds
2020-04-30T05:10:00.133+0700: 20892.006: Total time for which application threads were stopped: 0.0000772 seconds, Stopping threads took: 0.0000128 seconds
2020-04-30T05:10:06.168+0700: 20898.040: Total time for which application threads were stopped: 0.0001057 seconds, Stopping threads took: 0.0000285 seconds
2020-04-30T05:10:06.926+0700: 20898.798: Total time for which application threads were stopped: 0.0001446 seconds, Stopping threads took: 0.0000201 seconds
2020-04-30T05:10:06.926+0700: 20898.799: Total time for which application threads were stopped: 0.0000788 seconds, Stopping threads took: 0.0000085 seconds
2020-04-30T05:10:06.926+0700: 20898.799: Total time for which application threads were stopped: 0.0000682 seconds, Stopping threads took: 0.0000088 seconds
2020-04-30T05:10:06.926+0700: 20898.799: Total time for which application threads were stopped: 0.0000453 seconds, Stopping threads took: 0.0000042 seconds
2020-04-30T05:10:20.257+0700: 20912.130: Total time for which application threads were stopped: 0.0001835 seconds, Stopping threads took: 0.0000337 seconds
2020-04-30T05:10:20.257+0700: 20912.130: Total time for which application threads were stopped: 0.0000578 seconds, Stopping threads took: 0.0000096 seconds
2020-04-30T05:10:20.258+0700: 20912.130: Total time for which application threads were stopped: 0.0000785 seconds, Stopping threads took: 0.0000249 seconds
2020-04-30T05:10:20.258+0700: 20912.130: Total time for which application threads were stopped: 0.0000505 seconds, Stopping threads took: 0.0000209 seconds
2020-04-30T05:10:20.258+0700: 20912.130: Total time for which application threads were stopped: 0.0000364 seconds, Stopping threads took: 0.0000054 seconds
2020-04-30T05:10:20.258+0700: 20912.130: Total time for which application threads were stopped: 0.0000366 seconds, Stopping threads took: 0.0000051 seconds
2020-04-30T05:10:20.258+0700: 20912.130: Total time for which application threads were stopped: 0.0000365 seconds, Stopping threads took: 0.0000053 seconds
2020-04-30T05:10:20.258+0700: 20912.130: Total time for which application threads were stopped: 0.0000352 seconds, Stopping threads took: 0.0000051 seconds
2020-04-30T05:10:20.258+0700: 20912.130: Total time for which application threads were stopped: 0.0000369 seconds, Stopping threads took: 0.0000050 seconds
2020-04-30T05:10:20.258+0700: 20912.130: Total time for which application threads were stopped: 0.0000353 seconds, Stopping threads took: 0.0000050 seconds
2020-04-30T05:10:20.258+0700: 20912.130: Total time for which application threads were stopped: 0.0000350 seconds, Stopping threads took: 0.0000052 seconds
2020-04-30T05:10:20.258+0700: 20912.130: Total time for which application threads were stopped: 0.0000354 seconds, Stopping threads took: 0.0000053 seconds
2020-04-30T05:10:20.258+0700: 20912.130: Total time for which application threads were stopped: 0.0000346 seconds, Stopping threads took: 0.0000051 seconds
2020-04-30T05:10:20.258+0700: 20912.130: Total time for which application threads were stopped: 0.0000371 seconds, Stopping threads took: 0.0000051 seconds
2020-04-30T05:10:20.258+0700: 20912.131: Total time for which application threads were stopped: 0.0001469 seconds, Stopping threads took: 0.0000051 seconds
2020-04-30T05:10:20.262+0700: 20912.135: Total time for which application threads were stopped: 0.0001297 seconds, Stopping threads took: 0.0000294 seconds
2020-04-30T05:10:20.270+0700: 20912.142: Total time for which application threads were stopped: 0.0001632 seconds, Stopping threads took: 0.0000290 seconds
2020-04-30T05:10:23.387+0700: 20915.260: Total time for which application threads were stopped: 0.0001562 seconds, Stopping threads took: 0.0000206 seconds
2020-04-30T05:10:23.387+0700: 20915.260: Total time for which application threads were stopped: 0.0001119 seconds, Stopping threads took: 0.0000083 seconds
2020-04-30T05:10:23.388+0700: 20915.260: Total time for which application threads were stopped: 0.0000675 seconds, Stopping threads took: 0.0000090 seconds
2020-04-30T05:10:23.388+0700: 20915.260: Total time for which application threads were stopped: 0.0000470 seconds, Stopping threads took: 0.0000043 seconds
2020-04-30T05:10:36.151+0700: 20928.023: Total time for which application threads were stopped: 0.0001576 seconds, Stopping threads took: 0.0000323 seconds
2020-04-30T05:10:36.151+0700: 20928.023: Total time for which application threads were stopped: 0.0000844 seconds, Stopping threads took: 0.0000244 seconds
2020-04-30T05:10:43.613+0700: 20935.485: Total time for which application threads were stopped: 0.0001426 seconds, Stopping threads took: 0.0000200 seconds
2020-04-30T05:10:43.613+0700: 20935.485: Total time for which application threads were stopped: 0.0000931 seconds, Stopping threads took: 0.0000119 seconds
2020-04-30T05:10:43.614+0700: 20935.485: Total time for which application threads were stopped: 0.0000705 seconds, Stopping threads took: 0.0000112 seconds
2020-04-30T05:10:43.614+0700: 20935.486: Total time for which application threads were stopped: 0.0000620 seconds, Stopping threads took: 0.0000096 seconds
2020-04-30T05:10:53.670+0700: 20945.542: Total time for which application threads were stopped: 0.0001114 seconds, Stopping threads took: 0.0000355 seconds
2020-04-30T05:10:56.926+0700: 20948.798: Total time for which application threads were stopped: 0.0001114 seconds, Stopping threads took: 0.0000171 seconds
2020-04-30T05:10:56.926+0700: 20948.798: Total time for which application threads were stopped: 0.0000517 seconds, Stopping threads took: 0.0000066 seconds
2020-04-30T05:10:56.931+0700: 20948.802: Total time for which application threads were stopped: 0.0001775 seconds, Stopping threads took: 0.0000145 seconds
2020-04-30T05:11:01.577+0700: 20953.448: Total time for which application threads were stopped: 0.0001451 seconds, Stopping threads took: 0.0000200 seconds
2020-04-30T05:11:01.577+0700: 20953.448: Total time for which application threads were stopped: 0.0000769 seconds, Stopping threads took: 0.0000091 seconds
2020-04-30T05:11:01.577+0700: 20953.448: Total time for which application threads were stopped: 0.0000554 seconds, Stopping threads took: 0.0000070 seconds
2020-04-30T05:11:01.577+0700: 20953.448: Total time for which application threads were stopped: 0.0000599 seconds, Stopping threads took: 0.0000073 seconds
2020-04-30T05:11:28.056+0700: 20979.927: Total time for which application threads were stopped: 0.0001536 seconds, Stopping threads took: 0.0000209 seconds
2020-04-30T05:11:28.056+0700: 20979.927: Total time for which application threads were stopped: 0.0000803 seconds, Stopping threads took: 0.0000085 seconds
2020-04-30T05:11:28.056+0700: 20979.927: Total time for which application threads were stopped: 0.0000660 seconds, Stopping threads took: 0.0000087 seconds
2020-04-30T05:11:28.056+0700: 20979.927: Total time for which application threads were stopped: 0.0000466 seconds, Stopping threads took: 0.0000043 seconds
2020-04-30T05:11:41.803+0700: 20993.673: Total time for which application threads were stopped: 0.0001453 seconds, Stopping threads took: 0.0000517 seconds
2020-04-30T05:11:41.803+0700: 20993.674: Total time for which application threads were stopped: 0.0000963 seconds, Stopping threads took: 0.0000039 seconds
2020-04-30T05:11:56.194+0700: 21008.064: Total time for which application threads were stopped: 0.0001484 seconds, Stopping threads took: 0.0000294 seconds
2020-04-30T05:11:56.194+0700: 21008.064: Total time for which application threads were stopped: 0.0000922 seconds, Stopping threads took: 0.0000238 seconds
2020-04-30T05:11:56.194+0700: 21008.064: Total time for which application threads were stopped: 0.0000842 seconds, Stopping threads took: 0.0000237 seconds
2020-04-30T05:11:56.194+0700: 21008.064: Total time for which application threads were stopped: 0.0000748 seconds, Stopping threads took: 0.0000207 seconds
2020-04-30T05:12:08.486+0700: 21020.356: Total time for which application threads were stopped: 0.0001719 seconds, Stopping threads took: 0.0000296 seconds
2020-04-30T05:12:08.486+0700: 21020.356: Total time for which application threads were stopped: 0.0000800 seconds, Stopping threads took: 0.0000079 seconds
2020-04-30T05:12:08.486+0700: 21020.356: Total time for which application threads were stopped: 0.0001862 seconds, Stopping threads took: 0.0000137 seconds
2020-04-30T05:12:08.486+0700: 21020.356: Total time for which application threads were stopped: 0.0001656 seconds, Stopping threads took: 0.0000127 seconds
2020-04-30T05:12:09.885+0700: 21021.755: Total time for which application threads were stopped: 0.0001339 seconds, Stopping threads took: 0.0000190 seconds
2020-04-30T05:12:09.885+0700: 21021.755: Total time for which application threads were stopped: 0.0000584 seconds, Stopping threads took: 0.0000047 seconds
2020-04-30T05:12:22.203+0700: 21034.073: Total time for which application threads were stopped: 0.0001075 seconds, Stopping threads took: 0.0000178 seconds
2020-04-30T05:12:22.203+0700: 21034.073: Total time for which application threads were stopped: 0.0000500 seconds, Stopping threads took: 0.0000061 seconds
2020-04-30T05:12:26.926+0700: 21038.796: Total time for which application threads were stopped: 0.0001566 seconds, Stopping threads took: 0.0000220 seconds
2020-04-30T05:12:26.927+0700: 21038.796: Total time for which application threads were stopped: 0.0000830 seconds, Stopping threads took: 0.0000086 seconds
2020-04-30T05:12:26.927+0700: 21038.796: Total time for which application threads were stopped: 0.0000692 seconds, Stopping threads took: 0.0000098 seconds
2020-04-30T05:12:26.927+0700: 21038.796: Total time for which application threads were stopped: 0.0000514 seconds, Stopping threads took: 0.0000048 seconds
2020-04-30T05:12:46.820+0700: 21058.689: Total time for which application threads were stopped: 0.0001654 seconds, Stopping threads took: 0.0000216 seconds
2020-04-30T05:12:46.820+0700: 21058.689: Total time for which application threads were stopped: 0.0000719 seconds, Stopping threads took: 0.0000082 seconds
2020-04-30T05:12:46.820+0700: 21058.689: Total time for which application threads were stopped: 0.0000755 seconds, Stopping threads took: 0.0000104 seconds
2020-04-30T05:12:46.820+0700: 21058.689: Total time for which application threads were stopped: 0.0000460 seconds, Stopping threads took: 0.0000043 seconds
2020-04-30T05:12:58.439+0700: 21070.308: Total time for which application threads were stopped: 0.0001735 seconds, Stopping threads took: 0.0000552 seconds
2020-04-30T05:12:58.439+0700: 21070.308: Total time for which application threads were stopped: 0.0001003 seconds, Stopping threads took: 0.0000250 seconds
2020-04-30T05:12:58.447+0700: 21070.316: Total time for which application threads were stopped: 0.0001784 seconds, Stopping threads took: 0.0000490 seconds
2020-04-30T05:12:58.448+0700: 21070.317: Total time for which application threads were stopped: 0.0001394 seconds, Stopping threads took: 0.0000376 seconds
2020-04-30T05:12:58.542+0700: 21070.411: Total time for which application threads were stopped: 0.0001382 seconds, Stopping threads took: 0.0000516 seconds
2020-04-30T05:12:59.546+0700: 21071.415: Total time for which application threads were stopped: 0.0000946 seconds, Stopping threads took: 0.0000177 seconds
2020-04-30T05:13:07.656+0700: 21079.525: Total time for which application threads were stopped: 0.0001650 seconds, Stopping threads took: 0.0000231 seconds
2020-04-30T05:13:07.656+0700: 21079.525: Total time for which application threads were stopped: 0.0000698 seconds, Stopping threads took: 0.0000079 seconds
2020-04-30T05:13:07.656+0700: 21079.525: Total time for which application threads were stopped: 0.0000652 seconds, Stopping threads took: 0.0000076 seconds
2020-04-30T05:13:07.656+0700: 21079.525: Total time for which application threads were stopped: 0.0000514 seconds, Stopping threads took: 0.0000046 seconds
2020-04-30T05:13:19.094+0700: 21090.962: Total time for which application threads were stopped: 0.0001388 seconds, Stopping threads took: 0.0000178 seconds
2020-04-30T05:13:19.094+0700: 21090.963: Total time for which application threads were stopped: 0.0001006 seconds, Stopping threads took: 0.0000085 seconds
2020-04-30T05:13:19.096+0700: 21090.965: Total time for which application threads were stopped: 0.0000730 seconds, Stopping threads took: 0.0000142 seconds
2020-04-30T05:13:19.096+0700: 21090.965: Total time for which application threads were stopped: 0.0000895 seconds, Stopping threads took: 0.0000329 seconds
2020-04-30T05:13:19.096+0700: 21090.965: Total time for which application threads were stopped: 0.0000847 seconds, Stopping threads took: 0.0000056 seconds
2020-04-30T05:13:19.096+0700: 21090.965: Total time for which application threads were stopped: 0.0001016 seconds, Stopping threads took: 0.0000068 seconds
2020-04-30T05:13:19.096+0700: 21090.965: Total time for which application threads were stopped: 0.0000580 seconds, Stopping threads took: 0.0000230 seconds
2020-04-30T05:13:19.097+0700: 21090.965: Total time for which application threads were stopped: 0.0000795 seconds, Stopping threads took: 0.0000052 seconds
2020-04-30T05:13:19.097+0700: 21090.965: Total time for which application threads were stopped: 0.0000991 seconds, Stopping threads took: 0.0000193 seconds
2020-04-30T05:13:19.097+0700: 21090.965: Total time for which application threads were stopped: 0.0000390 seconds, Stopping threads took: 0.0000059 seconds
2020-04-30T05:13:19.097+0700: 21090.966: Total time for which application threads were stopped: 0.0000560 seconds, Stopping threads took: 0.0000200 seconds
2020-04-30T05:13:19.097+0700: 21090.966: Total time for which application threads were stopped: 0.0000466 seconds, Stopping threads took: 0.0000129 seconds
2020-04-30T05:13:19.097+0700: 21090.966: Total time for which application threads were stopped: 0.0000456 seconds, Stopping threads took: 0.0000131 seconds
2020-04-30T05:13:19.097+0700: 21090.966: Total time for which application threads were stopped: 0.0000460 seconds, Stopping threads took: 0.0000137 seconds
2020-04-30T05:13:19.097+0700: 21090.966: Total time for which application threads were stopped: 0.0000548 seconds, Stopping threads took: 0.0000152 seconds
2020-04-30T05:13:19.097+0700: 21090.966: Total time for which application threads were stopped: 0.0000542 seconds, Stopping threads took: 0.0000161 seconds
2020-04-30T05:13:19.097+0700: 21090.966: Total time for which application threads were stopped: 0.0000565 seconds, Stopping threads took: 0.0000159 seconds
2020-04-30T05:13:19.099+0700: 21090.967: Total time for which application threads were stopped: 0.0000865 seconds, Stopping threads took: 0.0000280 seconds
2020-04-30T05:13:19.103+0700: 21090.971: Total time for which application threads were stopped: 0.0000883 seconds, Stopping threads took: 0.0000147 seconds
2020-04-30T05:13:19.104+0700: 21090.973: Total time for which application threads were stopped: 0.0000763 seconds, Stopping threads took: 0.0000144 seconds
2020-04-30T05:13:26.526+0700: 21098.394: Total time for which application threads were stopped: 0.0001496 seconds, Stopping threads took: 0.0000210 seconds
2020-04-30T05:13:26.526+0700: 21098.394: Total time for which application threads were stopped: 0.0000812 seconds, Stopping threads took: 0.0000086 seconds
2020-04-30T05:13:26.526+0700: 21098.394: Total time for which application threads were stopped: 0.0000720 seconds, Stopping threads took: 0.0000096 seconds
2020-04-30T05:13:26.526+0700: 21098.395: Total time for which application threads were stopped: 0.0000473 seconds, Stopping threads took: 0.0000043 seconds
2020-04-30T05:13:38.773+0700: 21110.641: Total time for which application threads were stopped: 0.0001109 seconds, Stopping threads took: 0.0000211 seconds
2020-04-30T05:13:38.773+0700: 21110.641: Total time for which application threads were stopped: 0.0000494 seconds, Stopping threads took: 0.0000065 seconds
2020-04-30T05:13:38.778+0700: 21110.646: Total time for which application threads were stopped: 0.0000948 seconds, Stopping threads took: 0.0000129 seconds
2020-04-30T05:13:41.556+0700: 21113.424: Total time for which application threads were stopped: 0.0001459 seconds, Stopping threads took: 0.0000196 seconds
2020-04-30T05:13:41.556+0700: 21113.424: Total time for which application threads were stopped: 0.0000774 seconds, Stopping threads took: 0.0000077 seconds
2020-04-30T05:13:41.556+0700: 21113.424: Total time for which application threads were stopped: 0.0000562 seconds, Stopping threads took: 0.0000076 seconds
2020-04-30T05:13:41.556+0700: 21113.424: Total time for which application threads were stopped: 0.0000408 seconds, Stopping threads took: 0.0000037 seconds
2020-04-30T05:13:54.048+0700: 21125.916: Total time for which application threads were stopped: 0.0001120 seconds, Stopping threads took: 0.0000332 seconds
2020-04-30T05:14:09.380+0700: 21141.248: Total time for which application threads were stopped: 0.0001684 seconds, Stopping threads took: 0.0000202 seconds
2020-04-30T05:14:09.381+0700: 21141.248: Total time for which application threads were stopped: 0.0000644 seconds, Stopping threads took: 0.0000077 seconds
2020-04-30T05:14:09.381+0700: 21141.248: Total time for which application threads were stopped: 0.0000665 seconds, Stopping threads took: 0.0000086 seconds
2020-04-30T05:14:09.381+0700: 21141.248: Total time for which application threads were stopped: 0.0000933 seconds, Stopping threads took: 0.0000042 seconds
2020-04-30T05:14:15.839+0700: 21147.707: Total time for which application threads were stopped: 0.0001162 seconds, Stopping threads took: 0.0000161 seconds
2020-04-30T05:14:15.840+0700: 21147.707: Total time for which application threads were stopped: 0.0000923 seconds, Stopping threads took: 0.0000040 seconds
2020-04-30T05:14:15.847+0700: 21147.715: Total time for which application threads were stopped: 0.0000969 seconds, Stopping threads took: 0.0000292 seconds
2020-04-30T05:14:19.245+0700: 21151.113: Total time for which application threads were stopped: 0.0001507 seconds, Stopping threads took: 0.0000210 seconds
2020-04-30T05:14:19.246+0700: 21151.113: Total time for which application threads were stopped: 0.0000790 seconds, Stopping threads took: 0.0000085 seconds
2020-04-30T05:14:19.246+0700: 21151.113: Total time for which application threads were stopped: 0.0000599 seconds, Stopping threads took: 0.0000077 seconds
2020-04-30T05:14:19.246+0700: 21151.113: Total time for which application threads were stopped: 0.0000459 seconds, Stopping threads took: 0.0000042 seconds
2020-04-30T05:14:33.052+0700: 21164.919: Total time for which application threads were stopped: 0.0000953 seconds, Stopping threads took: 0.0000166 seconds
2020-04-30T05:14:34.822+0700: 21166.689: Total time for which application threads were stopped: 0.0001527 seconds, Stopping threads took: 0.0000213 seconds
2020-04-30T05:14:34.822+0700: 21166.689: Total time for which application threads were stopped: 0.0000829 seconds, Stopping threads took: 0.0000088 seconds
2020-04-30T05:14:34.822+0700: 21166.689: Total time for which application threads were stopped: 0.0000679 seconds, Stopping threads took: 0.0000094 seconds
2020-04-30T05:14:34.822+0700: 21166.689: Total time for which application threads were stopped: 0.0000456 seconds, Stopping threads took: 0.0000043 seconds
2020-04-30T05:14:48.322+0700: 21180.188: Total time for which application threads were stopped: 0.0001188 seconds, Stopping threads took: 0.0000332 seconds
2020-04-30T05:14:55.363+0700: 21187.230: Total time for which application threads were stopped: 0.0001849 seconds, Stopping threads took: 0.0000578 seconds
2020-04-30T05:15:00.129+0700: 21191.996: Total time for which application threads were stopped: 0.0001662 seconds, Stopping threads took: 0.0000223 seconds
2020-04-30T05:15:00.130+0700: 21191.996: Total time for which application threads were stopped: 0.0000689 seconds, Stopping threads took: 0.0000077 seconds
2020-04-30T05:15:00.130+0700: 21191.996: Total time for which application threads were stopped: 0.0000645 seconds, Stopping threads took: 0.0000077 seconds
2020-04-30T05:15:00.130+0700: 21191.996: Total time for which application threads were stopped: 0.0000865 seconds, Stopping threads took: 0.0000084 seconds
2020-04-30T05:15:11.588+0700: 21203.454: Total time for which application threads were stopped: 0.0001567 seconds, Stopping threads took: 0.0000543 seconds
2020-04-30T05:15:11.588+0700: 21203.454: Total time for which application threads were stopped: 0.0000837 seconds, Stopping threads took: 0.0000221 seconds
2020-04-30T05:15:11.595+0700: 21203.461: Total time for which application threads were stopped: 0.0001304 seconds, Stopping threads took: 0.0000280 seconds
2020-04-30T05:15:16.460+0700: 21208.326: Total time for which application threads were stopped: 0.0001537 seconds, Stopping threads took: 0.0000207 seconds
2020-04-30T05:15:16.460+0700: 21208.326: Total time for which application threads were stopped: 0.0000777 seconds, Stopping threads took: 0.0000079 seconds
2020-04-30T05:15:16.460+0700: 21208.326: Total time for which application threads were stopped: 0.0000612 seconds, Stopping threads took: 0.0000069 seconds
2020-04-30T05:15:16.460+0700: 21208.327: Total time for which application threads were stopped: 0.0000439 seconds, Stopping threads took: 0.0000041 seconds
2020-04-30T05:15:29.382+0700: 21221.248: Total time for which application threads were stopped: 0.0001127 seconds, Stopping threads took: 0.0000195 seconds
2020-04-30T05:15:36.933+0700: 21228.799: Total time for which application threads were stopped: 0.0003049 seconds, Stopping threads took: 0.0000225 seconds
2020-04-30T05:15:36.933+0700: 21228.799: Total time for which application threads were stopped: 0.0000615 seconds, Stopping threads took: 0.0000069 seconds
2020-04-30T05:15:36.933+0700: 21228.799: Total time for which application threads were stopped: 0.0000561 seconds, Stopping threads took: 0.0000066 seconds
2020-04-30T05:15:36.933+0700: 21228.799: Total time for which application threads were stopped: 0.0000449 seconds, Stopping threads took: 0.0000041 seconds
2020-04-30T05:15:45.506+0700: 21237.371: Total time for which application threads were stopped: 0.0001785 seconds, Stopping threads took: 0.0000216 seconds
2020-04-30T05:15:46.942+0700: 21238.807: Total time for which application threads were stopped: 0.0001671 seconds, Stopping threads took: 0.0000413 seconds
2020-04-30T05:15:46.942+0700: 21238.807: Total time for which application threads were stopped: 0.0001351 seconds, Stopping threads took: 0.0000343 seconds
2020-04-30T05:15:46.943+0700: 21238.808: Total time for which application threads were stopped: 0.0001184 seconds, Stopping threads took: 0.0000506 seconds
2020-04-30T05:15:46.943+0700: 21238.809: Total time for which application threads were stopped: 0.0000739 seconds, Stopping threads took: 0.0000167 seconds
2020-04-30T05:15:47.945+0700: 21239.811: Total time for which application threads were stopped: 0.0001389 seconds, Stopping threads took: 0.0000182 seconds
2020-04-30T05:15:54.689+0700: 21246.555: Total time for which application threads were stopped: 0.0001223 seconds, Stopping threads took: 0.0000195 seconds
2020-04-30T05:15:54.690+0700: 21246.555: Total time for which application threads were stopped: 0.0001358 seconds, Stopping threads took: 0.0000230 seconds
2020-04-30T05:15:54.690+0700: 21246.555: Total time for which application threads were stopped: 0.0000508 seconds, Stopping threads took: 0.0000085 seconds
2020-04-30T05:15:54.690+0700: 21246.555: Total time for which application threads were stopped: 0.0002232 seconds, Stopping threads took: 0.0000054 seconds
2020-04-30T05:15:55.429+0700: 21247.295: Total time for which application threads were stopped: 0.0001543 seconds, Stopping threads took: 0.0000213 seconds
2020-04-30T05:15:55.429+0700: 21247.295: Total time for which application threads were stopped: 0.0002003 seconds, Stopping threads took: 0.0000070 seconds
2020-04-30T05:15:55.430+0700: 21247.295: Total time for which application threads were stopped: 0.0000581 seconds, Stopping threads took: 0.0000066 seconds
2020-04-30T05:15:55.430+0700: 21247.295: Total time for which application threads were stopped: 0.0000476 seconds, Stopping threads took: 0.0000044 seconds
2020-04-30T05:15:56.356+0700: 21248.221: Total time for which application threads were stopped: 0.0001433 seconds, Stopping threads took: 0.0000209 seconds
2020-04-30T05:16:04.151+0700: 21256.016: Total time for which application threads were stopped: 0.0000988 seconds, Stopping threads took: 0.0000192 seconds
2020-04-30T05:16:04.151+0700: 21256.016: Total time for which application threads were stopped: 0.0000551 seconds, Stopping threads took: 0.0000063 seconds
2020-04-30T05:16:04.151+0700: 21256.016: Total time for which application threads were stopped: 0.0000422 seconds, Stopping threads took: 0.0000057 seconds
2020-04-30T05:16:04.151+0700: 21256.016: Total time for which application threads were stopped: 0.0000388 seconds, Stopping threads took: 0.0000049 seconds
2020-04-30T05:16:04.151+0700: 21256.016: Total time for which application threads were stopped: 0.0000386 seconds, Stopping threads took: 0.0000051 seconds
2020-04-30T05:16:04.151+0700: 21256.016: Total time for which application threads were stopped: 0.0000390 seconds, Stopping threads took: 0.0000052 seconds
2020-04-30T05:16:04.151+0700: 21256.016: Total time for which application threads were stopped: 0.0000406 seconds, Stopping threads took: 0.0000057 seconds
2020-04-30T05:16:04.151+0700: 21256.016: Total time for which application threads were stopped: 0.0000372 seconds, Stopping threads took: 0.0000051 seconds
2020-04-30T05:16:04.151+0700: 21256.016: Total time for which application threads were stopped: 0.0000412 seconds, Stopping threads took: 0.0000053 seconds
2020-04-30T05:16:04.151+0700: 21256.017: Total time for which application threads were stopped: 0.0000384 seconds, Stopping threads took: 0.0000051 seconds
2020-04-30T05:16:04.151+0700: 21256.017: Total time for which application threads were stopped: 0.0000411 seconds, Stopping threads took: 0.0000051 seconds
2020-04-30T05:16:04.151+0700: 21256.017: Total time for which application threads were stopped: 0.0000391 seconds, Stopping threads took: 0.0000051 seconds
2020-04-30T05:16:04.153+0700: 21256.018: Total time for which application threads were stopped: 0.0000579 seconds, Stopping threads took: 0.0000093 seconds
2020-04-30T05:16:04.156+0700: 21256.022: Total time for which application threads were stopped: 0.0000860 seconds, Stopping threads took: 0.0000284 seconds
2020-04-30T05:16:04.158+0700: 21256.023: Total time for which application threads were stopped: 0.0000696 seconds, Stopping threads took: 0.0000098 seconds
2020-04-30T05:16:04.161+0700: 21256.026: Total time for which application threads were stopped: 0.0000709 seconds, Stopping threads took: 0.0000124 seconds
2020-04-30T05:16:04.175+0700: 21256.040: Total time for which application threads were stopped: 0.0000944 seconds, Stopping threads took: 0.0000152 seconds
2020-04-30T05:16:09.572+0700: 21261.438: Total time for which application threads were stopped: 0.0001454 seconds, Stopping threads took: 0.0000200 seconds
2020-04-30T05:16:09.573+0700: 21261.438: Total time for which application threads were stopped: 0.0000686 seconds, Stopping threads took: 0.0000078 seconds
2020-04-30T05:16:09.573+0700: 21261.438: Total time for which application threads were stopped: 0.0000583 seconds, Stopping threads took: 0.0000080 seconds
2020-04-30T05:16:09.573+0700: 21261.438: Total time for which application threads were stopped: 0.0000535 seconds, Stopping threads took: 0.0000063 seconds
2020-04-30T05:16:21.695+0700: 21273.560: Total time for which application threads were stopped: 0.0001278 seconds, Stopping threads took: 0.0000174 seconds
2020-04-30T05:16:21.695+0700: 21273.560: Total time for which application threads were stopped: 0.0001007 seconds, Stopping threads took: 0.0000243 seconds
2020-04-30T05:16:21.701+0700: 21273.566: Total time for which application threads were stopped: 0.0001112 seconds, Stopping threads took: 0.0000289 seconds
2020-04-30T05:16:27.120+0700: 21278.984: Total time for which application threads were stopped: 0.0001640 seconds, Stopping threads took: 0.0000207 seconds
2020-04-30T05:16:27.120+0700: 21278.985: Total time for which application threads were stopped: 0.0000716 seconds, Stopping threads took: 0.0000077 seconds
2020-04-30T05:16:27.120+0700: 21278.985: Total time for which application threads were stopped: 0.0000552 seconds, Stopping threads took: 0.0000068 seconds
2020-04-30T05:16:27.120+0700: 21278.985: Total time for which application threads were stopped: 0.0000413 seconds, Stopping threads took: 0.0000037 seconds
2020-04-30T05:16:39.614+0700: 21291.479: Total time for which application threads were stopped: 0.0001105 seconds, Stopping threads took: 0.0000327 seconds
2020-04-30T05:16:47.036+0700: 21298.900: Total time for which application threads were stopped: 0.0001465 seconds, Stopping threads took: 0.0000192 seconds
2020-04-30T05:16:47.036+0700: 21298.900: Total time for which application threads were stopped: 0.0001062 seconds, Stopping threads took: 0.0000131 seconds
2020-04-30T05:16:47.036+0700: 21298.901: Total time for which application threads were stopped: 0.0001767 seconds, Stopping threads took: 0.0000070 seconds
2020-04-30T05:16:47.036+0700: 21298.901: Total time for which application threads were stopped: 0.0001333 seconds, Stopping threads took: 0.0000042 seconds
2020-04-30T05:16:48.485+0700: 21300.349: Total time for which application threads were stopped: 0.0001367 seconds, Stopping threads took: 0.0000204 seconds
2020-04-30T05:16:48.485+0700: 21300.349: Total time for which application threads were stopped: 0.0000581 seconds, Stopping threads took: 0.0000047 seconds
2020-04-30T05:16:58.070+0700: 21309.934: Total time for which application threads were stopped: 0.0002309 seconds, Stopping threads took: 0.0000370 seconds
2020-04-30T05:16:58.071+0700: 21309.935: Total time for which application threads were stopped: 0.0000866 seconds, Stopping threads took: 0.0000296 seconds
2020-04-30T05:16:59.949+0700: 21311.813: Total time for which application threads were stopped: 0.0001539 seconds, Stopping threads took: 0.0000200 seconds
2020-04-30T05:16:59.949+0700: 21311.813: Total time for which application threads were stopped: 0.0000793 seconds, Stopping threads took: 0.0000083 seconds
2020-04-30T05:16:59.949+0700: 21311.813: Total time for which application threads were stopped: 0.0000595 seconds, Stopping threads took: 0.0000078 seconds
2020-04-30T05:16:59.949+0700: 21311.814: Total time for which application threads were stopped: 0.0000456 seconds, Stopping threads took: 0.0000043 seconds
2020-04-30T05:17:02.131+0700: 21313.995: Total time for which application threads were stopped: 0.0001253 seconds, Stopping threads took: 0.0000193 seconds
2020-04-30T05:17:02.136+0700: 21314.000: Total time for which application threads were stopped: 0.0001365 seconds, Stopping threads took: 0.0000378 seconds
2020-04-30T05:17:06.919+0700: 21318.783: Total time for which application threads were stopped: 0.0001489 seconds, Stopping threads took: 0.0000212 seconds
2020-04-30T05:17:06.919+0700: 21318.783: Total time for which application threads were stopped: 0.0000791 seconds, Stopping threads took: 0.0000083 seconds
2020-04-30T05:17:06.919+0700: 21318.783: Total time for which application threads were stopped: 0.0000575 seconds, Stopping threads took: 0.0000065 seconds
2020-04-30T05:17:06.919+0700: 21318.783: Total time for which application threads were stopped: 0.0000686 seconds, Stopping threads took: 0.0000041 seconds
2020-04-30T05:17:20.044+0700: 21331.908: Total time for which application threads were stopped: 0.0001495 seconds, Stopping threads took: 0.0000530 seconds
2020-04-30T05:17:20.049+0700: 21331.913: Total time for which application threads were stopped: 0.0001069 seconds, Stopping threads took: 0.0000282 seconds
2020-04-30T05:17:21.916+0700: 21333.779: Total time for which application threads were stopped: 0.0001418 seconds, Stopping threads took: 0.0000194 seconds
2020-04-30T05:17:21.916+0700: 21333.779: Total time for which application threads were stopped: 0.0001067 seconds, Stopping threads took: 0.0000087 seconds
2020-04-30T05:17:21.916+0700: 21333.779: Total time for which application threads were stopped: 0.0000669 seconds, Stopping threads took: 0.0000088 seconds
2020-04-30T05:17:21.916+0700: 21333.779: Total time for which application threads were stopped: 0.0000454 seconds, Stopping threads took: 0.0000042 seconds
2020-04-30T05:17:35.519+0700: 21347.382: Total time for which application threads were stopped: 0.0001341 seconds, Stopping threads took: 0.0000182 seconds
2020-04-30T05:17:37.207+0700: 21349.070: Total time for which application threads were stopped: 0.0001434 seconds, Stopping threads took: 0.0000208 seconds
2020-04-30T05:17:37.207+0700: 21349.070: Total time for which application threads were stopped: 0.0000787 seconds, Stopping threads took: 0.0000089 seconds
2020-04-30T05:17:37.207+0700: 21349.070: Total time for which application threads were stopped: 0.0000671 seconds, Stopping threads took: 0.0000092 seconds
2020-04-30T05:17:37.207+0700: 21349.070: Total time for which application threads were stopped: 0.0000469 seconds, Stopping threads took: 0.0000043 seconds
2020-04-30T05:17:51.065+0700: 21362.928: Total time for which application threads were stopped: 0.0001022 seconds, Stopping threads took: 0.0000183 seconds
2020-04-30T05:17:58.390+0700: 21370.253: Total time for which application threads were stopped: 0.0001549 seconds, Stopping threads took: 0.0000205 seconds
2020-04-30T05:17:58.390+0700: 21370.253: Total time for which application threads were stopped: 0.0000788 seconds, Stopping threads took: 0.0000084 seconds
2020-04-30T05:17:58.390+0700: 21370.253: Total time for which application threads were stopped: 0.0000677 seconds, Stopping threads took: 0.0000101 seconds
2020-04-30T05:17:58.390+0700: 21370.253: Total time for which application threads were stopped: 0.0000468 seconds, Stopping threads took: 0.0000043 seconds
2020-04-30T05:18:11.739+0700: 21383.601: Total time for which application threads were stopped: 0.0001836 seconds, Stopping threads took: 0.0000169 seconds
2020-04-30T05:18:11.739+0700: 21383.602: Total time for which application threads were stopped: 0.0000509 seconds, Stopping threads took: 0.0000061 seconds
2020-04-30T05:18:11.746+0700: 21383.609: Total time for which application threads were stopped: 0.0000963 seconds, Stopping threads took: 0.0000229 seconds
2020-04-30T05:18:11.746+0700: 21383.609: Total time for which application threads were stopped: 0.0001980 seconds, Stopping threads took: 0.0000937 seconds
2020-04-30T05:18:11.747+0700: 21383.610: Total time for which application threads were stopped: 0.0001021 seconds, Stopping threads took: 0.0000288 seconds
2020-04-30T05:18:11.748+0700: 21383.610: Total time for which application threads were stopped: 0.0001202 seconds, Stopping threads took: 0.0000202 seconds
{Heap before GC invocations=49 (full 0):
 garbage-first heap   total 524288K, used 376902K [0x00000007a0000000, 0x00000007a0101000, 0x00000007c0000000)
  region size 1024K, 307 young (314368K), 9 survivors (9216K)
 Metaspace       used 54020K, capacity 56278K, committed 56392K, reserved 1099776K
  class space    used 6219K, capacity 6670K, committed 6732K, reserved 1048576K
2020-04-30T05:18:11.797+0700: 21383.659: [GC pause (G1 Evacuation Pause) (young)
Desired survivor size 20447232 bytes, new threshold 15 (max 15)
- age   1:    4817048 bytes,    4817048 total
- age   2:      84248 bytes,    4901296 total
- age   3:     863680 bytes,    5764976 total
- age   4:     174904 bytes,    5939880 total
- age   5:      42656 bytes,    5982536 total
- age   6:      86528 bytes,    6069064 total
- age   7:      18072 bytes,    6087136 total
- age   8:       3880 bytes,    6091016 total
- age   9:       2208 bytes,    6093224 total
- age  10:       3616 bytes,    6096840 total
- age  11:       3504 bytes,    6100344 total
- age  12:        744 bytes,    6101088 total
- age  13:        776 bytes,    6101864 total
- age  14:       3424 bytes,    6105288 total
- age  15:        336 bytes,    6105624 total
, 0.0040214 secs]
   [Parallel Time: 1.4 ms, GC Workers: 8]
      [GC Worker Start (ms): Min: 21383659.5, Avg: 21383659.5, Max: 21383659.6, Diff: 0.1]
      [Ext Root Scanning (ms): Min: 0.2, Avg: 0.4, Max: 1.0, Diff: 0.8, Sum: 2.9]
      [Update RS (ms): Min: 0.0, Avg: 0.1, Max: 0.2, Diff: 0.2, Sum: 1.0]
         [Processed Buffers: Min: 0, Avg: 3.5, Max: 9, Diff: 9, Sum: 28]
      [Scan RS (ms): Min: 0.0, Avg: 0.0, Max: 0.0, Diff: 0.0, Sum: 0.2]
      [Code Root Scanning (ms): Min: 0.0, Avg: 0.0, Max: 0.1, Diff: 0.1, Sum: 0.1]
      [Object Copy (ms): Min: 0.3, Avg: 0.7, Max: 0.8, Diff: 0.5, Sum: 5.7]
      [Termination (ms): Min: 0.0, Avg: 0.0, Max: 0.0, Diff: 0.0, Sum: 0.0]
         [Termination Attempts: Min: 1, Avg: 1.0, Max: 1, Diff: 0, Sum: 8]
      [GC Worker Other (ms): Min: 0.0, Avg: 0.0, Max: 0.0, Diff: 0.0, Sum: 0.2]
      [GC Worker Total (ms): Min: 1.2, Avg: 1.3, Max: 1.3, Diff: 0.1, Sum: 10.3]
      [GC Worker End (ms): Min: 21383660.8, Avg: 21383660.8, Max: 21383660.8, Diff: 0.0]
   [Code Root Fixup: 0.0 ms]
   [Code Root Purge: 0.0 ms]
   [Clear CT: 0.1 ms]
   [Other: 2.4 ms]
      [Choose CSet: 0.0 ms]
      [Ref Proc: 2.1 ms]
      [Ref Enq: 0.1 ms]
      [Redirty Cards: 0.1 ms]
      [Humongous Register: 0.0 ms]
      [Humongous Reclaim: 0.0 ms]
      [Free CSet: 0.1 ms]
   [Eden: 298.0M(298.0M)->0.0B(298.0M) Survivors: 9216.0K->9216.0K Heap: 368.1M(512.0M)->70.1M(512.0M)]
Heap after GC invocations=50 (full 0):
 garbage-first heap   total 524288K, used 71758K [0x00000007a0000000, 0x00000007a0101000, 0x00000007c0000000)
  region size 1024K, 9 young (9216K), 9 survivors (9216K)
 Metaspace       used 54020K, capacity 56278K, committed 56392K, reserved 1099776K
  class space    used 6219K, capacity 6670K, committed 6732K, reserved 1048576K
}
 [Times: user=0.02 sys=0.01, real=0.01 secs] 
2020-04-30T05:18:11.801+0700: 21383.664: Total time for which application threads were stopped: 0.0042659 seconds, Stopping threads took: 0.0000157 seconds
2020-04-30T05:18:12.808+0700: 21384.670: Total time for which application threads were stopped: 0.0001234 seconds, Stopping threads took: 0.0000360 seconds
2020-04-30T05:18:14.579+0700: 21386.442: Total time for which application threads were stopped: 0.0001442 seconds, Stopping threads took: 0.0000200 seconds
2020-04-30T05:18:14.579+0700: 21386.442: Total time for which application threads were stopped: 0.0000765 seconds, Stopping threads took: 0.0000085 seconds
2020-04-30T05:18:14.579+0700: 21386.442: Total time for which application threads were stopped: 0.0000573 seconds, Stopping threads took: 0.0000073 seconds
2020-04-30T05:18:14.579+0700: 21386.442: Total time for which application threads were stopped: 0.0000433 seconds, Stopping threads took: 0.0000041 seconds
2020-04-30T05:18:27.494+0700: 21399.357: Total time for which application threads were stopped: 0.0001002 seconds, Stopping threads took: 0.0000181 seconds
2020-04-30T05:18:27.495+0700: 21399.357: Total time for which application threads were stopped: 0.0000450 seconds, Stopping threads took: 0.0000063 seconds
2020-04-30T05:18:27.495+0700: 21399.357: Total time for which application threads were stopped: 0.0000378 seconds, Stopping threads took: 0.0000054 seconds
2020-04-30T05:18:27.495+0700: 21399.357: Total time for which application threads were stopped: 0.0000358 seconds, Stopping threads took: 0.0000054 seconds
2020-04-30T05:18:27.495+0700: 21399.357: Total time for which application threads were stopped: 0.0000358 seconds, Stopping threads took: 0.0000051 seconds
2020-04-30T05:18:27.495+0700: 21399.357: Total time for which application threads were stopped: 0.0000350 seconds, Stopping threads took: 0.0000052 seconds
2020-04-30T05:18:27.495+0700: 21399.357: Total time for which application threads were stopped: 0.0000388 seconds, Stopping threads took: 0.0000049 seconds
2020-04-30T05:18:27.495+0700: 21399.357: Total time for which application threads were stopped: 0.0000353 seconds, Stopping threads took: 0.0000050 seconds
2020-04-30T05:18:27.495+0700: 21399.357: Total time for which application threads were stopped: 0.0000356 seconds, Stopping threads took: 0.0000050 seconds
2020-04-30T05:18:27.495+0700: 21399.357: Total time for which application threads were stopped: 0.0000351 seconds, Stopping threads took: 0.0000049 seconds
2020-04-30T05:18:27.495+0700: 21399.357: Total time for which application threads were stopped: 0.0000370 seconds, Stopping threads took: 0.0000050 seconds
2020-04-30T05:18:27.495+0700: 21399.357: Total time for which application threads were stopped: 0.0000347 seconds, Stopping threads took: 0.0000050 seconds
2020-04-30T05:18:27.495+0700: 21399.358: Total time for which application threads were stopped: 0.0000340 seconds, Stopping threads took: 0.0000049 seconds
2020-04-30T05:18:27.495+0700: 21399.358: Total time for which application threads were stopped: 0.0000374 seconds, Stopping threads took: 0.0000049 seconds
2020-04-30T05:18:27.495+0700: 21399.358: Total time for which application threads were stopped: 0.0000348 seconds, Stopping threads took: 0.0000049 seconds
2020-04-30T05:18:27.501+0700: 21399.364: Total time for which application threads were stopped: 0.0002207 seconds, Stopping threads took: 0.0000160 seconds
2020-04-30T05:18:27.502+0700: 21399.365: Total time for which application threads were stopped: 0.0000580 seconds, Stopping threads took: 0.0000096 seconds
2020-04-30T05:18:27.505+0700: 21399.367: Total time for which application threads were stopped: 0.0000701 seconds, Stopping threads took: 0.0000128 seconds
2020-04-30T05:18:27.509+0700: 21399.371: Total time for which application threads were stopped: 0.0001319 seconds, Stopping threads took: 0.0000306 seconds
2020-04-30T05:18:29.321+0700: 21401.184: Total time for which application threads were stopped: 0.0001557 seconds, Stopping threads took: 0.0000213 seconds
2020-04-30T05:18:29.322+0700: 21401.184: Total time for which application threads were stopped: 0.0001107 seconds, Stopping threads took: 0.0000083 seconds
2020-04-30T05:18:29.322+0700: 21401.184: Total time for which application threads were stopped: 0.0000678 seconds, Stopping threads took: 0.0000093 seconds
2020-04-30T05:18:29.322+0700: 21401.184: Total time for which application threads were stopped: 0.0000456 seconds, Stopping threads took: 0.0000041 seconds
2020-04-30T05:18:42.792+0700: 21414.654: Total time for which application threads were stopped: 0.0001099 seconds, Stopping threads took: 0.0000314 seconds
2020-04-30T05:18:46.044+0700: 21417.906: Total time for which application threads were stopped: 0.0001610 seconds, Stopping threads took: 0.0000211 seconds
2020-04-30T05:18:46.044+0700: 21417.906: Total time for which application threads were stopped: 0.0000754 seconds, Stopping threads took: 0.0000086 seconds
2020-04-30T05:18:46.044+0700: 21417.906: Total time for which application threads were stopped: 0.0000668 seconds, Stopping threads took: 0.0000090 seconds
2020-04-30T05:18:46.045+0700: 21417.906: Total time for which application threads were stopped: 0.0000459 seconds, Stopping threads took: 0.0000043 seconds
2020-04-30T05:18:59.568+0700: 21431.430: Total time for which application threads were stopped: 0.0001574 seconds, Stopping threads took: 0.0000516 seconds
2020-04-30T05:18:59.568+0700: 21431.430: Total time for which application threads were stopped: 0.0000475 seconds, Stopping threads took: 0.0000066 seconds
2020-04-30T05:18:59.574+0700: 21431.436: Total time for which application threads were stopped: 0.0001870 seconds, Stopping threads took: 0.0000295 seconds
2020-04-30T05:19:03.173+0700: 21435.035: Total time for which application threads were stopped: 0.0001495 seconds, Stopping threads took: 0.0000197 seconds
2020-04-30T05:19:03.174+0700: 21435.035: Total time for which application threads were stopped: 0.0000684 seconds, Stopping threads took: 0.0000071 seconds
2020-04-30T05:19:03.174+0700: 21435.035: Total time for which application threads were stopped: 0.0000476 seconds, Stopping threads took: 0.0000055 seconds
2020-04-30T05:19:03.174+0700: 21435.035: Total time for which application threads were stopped: 0.0000375 seconds, Stopping threads took: 0.0000035 seconds
2020-04-30T05:19:15.253+0700: 21447.114: Total time for which application threads were stopped: 0.0001669 seconds, Stopping threads took: 0.0000556 seconds
2020-04-30T05:19:20.476+0700: 21452.337: Total time for which application threads were stopped: 0.0001467 seconds, Stopping threads took: 0.0000206 seconds
2020-04-30T05:19:20.476+0700: 21452.337: Total time for which application threads were stopped: 0.0000769 seconds, Stopping threads took: 0.0000087 seconds
2020-04-30T05:19:20.476+0700: 21452.338: Total time for which application threads were stopped: 0.0000652 seconds, Stopping threads took: 0.0000090 seconds
2020-04-30T05:19:20.476+0700: 21452.338: Total time for which application threads were stopped: 0.0000460 seconds, Stopping threads took: 0.0000042 seconds
2020-04-30T05:19:39.594+0700: 21471.454: Total time for which application threads were stopped: 0.0001517 seconds, Stopping threads took: 0.0000230 seconds
2020-04-30T05:19:39.594+0700: 21471.455: Total time for which application threads were stopped: 0.0000570 seconds, Stopping threads took: 0.0000067 seconds
2020-04-30T05:19:39.594+0700: 21471.455: Total time for which application threads were stopped: 0.0000541 seconds, Stopping threads took: 0.0000071 seconds
2020-04-30T05:19:39.594+0700: 21471.455: Total time for which application threads were stopped: 0.0000421 seconds, Stopping threads took: 0.0000040 seconds
2020-04-30T05:19:48.887+0700: 21480.748: Total time for which application threads were stopped: 0.0001083 seconds, Stopping threads took: 0.0000176 seconds
2020-04-30T05:19:48.887+0700: 21480.748: Total time for which application threads were stopped: 0.0000479 seconds, Stopping threads took: 0.0000067 seconds
2020-04-30T05:19:52.114+0700: 21483.974: Total time for which application threads were stopped: 0.0001555 seconds, Stopping threads took: 0.0000211 seconds
2020-04-30T05:19:52.114+0700: 21483.975: Total time for which application threads were stopped: 0.0000837 seconds, Stopping threads took: 0.0000095 seconds
2020-04-30T05:19:52.114+0700: 21483.975: Total time for which application threads were stopped: 0.0000715 seconds, Stopping threads took: 0.0000115 seconds
2020-04-30T05:19:52.114+0700: 21483.975: Total time for which application threads were stopped: 0.0000526 seconds, Stopping threads took: 0.0000065 seconds
2020-04-30T05:20:12.679+0700: 21504.539: Total time for which application threads were stopped: 0.0001681 seconds, Stopping threads took: 0.0000233 seconds
2020-04-30T05:20:12.679+0700: 21504.539: Total time for which application threads were stopped: 0.0000711 seconds, Stopping threads took: 0.0000080 seconds
2020-04-30T05:20:12.679+0700: 21504.539: Total time for which application threads were stopped: 0.0001284 seconds, Stopping threads took: 0.0000083 seconds
2020-04-30T05:20:12.679+0700: 21504.539: Total time for which application threads were stopped: 0.0000743 seconds, Stopping threads took: 0.0000102 seconds
2020-04-30T05:20:23.043+0700: 21514.903: Total time for which application threads were stopped: 0.0001541 seconds, Stopping threads took: 0.0000327 seconds
2020-04-30T05:20:23.043+0700: 21514.903: Total time for which application threads were stopped: 0.0000996 seconds, Stopping threads took: 0.0000256 seconds
2020-04-30T05:20:34.281+0700: 21526.140: Total time for which application threads were stopped: 0.0001703 seconds, Stopping threads took: 0.0000240 seconds
2020-04-30T05:20:34.281+0700: 21526.140: Total time for which application threads were stopped: 0.0000708 seconds, Stopping threads took: 0.0000079 seconds
2020-04-30T05:20:34.281+0700: 21526.140: Total time for which application threads were stopped: 0.0000644 seconds, Stopping threads took: 0.0000074 seconds
2020-04-30T05:20:34.281+0700: 21526.140: Total time for which application threads were stopped: 0.0000512 seconds, Stopping threads took: 0.0000049 seconds
2020-04-30T05:20:39.254+0700: 21531.113: Total time for which application threads were stopped: 0.0001388 seconds, Stopping threads took: 0.0000336 seconds
2020-04-30T05:20:39.254+0700: 21531.114: Total time for which application threads were stopped: 0.0001279 seconds, Stopping threads took: 0.0000454 seconds
2020-04-30T05:20:40.262+0700: 21532.121: Total time for which application threads were stopped: 0.0002565 seconds, Stopping threads took: 0.0000467 seconds
2020-04-30T05:20:43.941+0700: 21535.801: Total time for which application threads were stopped: 0.0001415 seconds, Stopping threads took: 0.0000201 seconds
2020-04-30T05:20:43.941+0700: 21535.801: Total time for which application threads were stopped: 0.0000727 seconds, Stopping threads took: 0.0000081 seconds
2020-04-30T05:20:43.942+0700: 21535.801: Total time for which application threads were stopped: 0.0000566 seconds, Stopping threads took: 0.0000071 seconds
2020-04-30T05:20:43.942+0700: 21535.801: Total time for which application threads were stopped: 0.0000419 seconds, Stopping threads took: 0.0000040 seconds
2020-04-30T05:20:54.767+0700: 21546.626: Total time for which application threads were stopped: 0.0001104 seconds, Stopping threads took: 0.0000194 seconds
2020-04-30T05:20:54.767+0700: 21546.626: Total time for which application threads were stopped: 0.0000569 seconds, Stopping threads took: 0.0000080 seconds
2020-04-30T05:20:54.767+0700: 21546.626: Total time for which application threads were stopped: 0.0000436 seconds, Stopping threads took: 0.0000062 seconds
2020-04-30T05:20:54.767+0700: 21546.626: Total time for which application threads were stopped: 0.0000438 seconds, Stopping threads took: 0.0000065 seconds
2020-04-30T05:20:54.767+0700: 21546.626: Total time for which application threads were stopped: 0.0001801 seconds, Stopping threads took: 0.0000080 seconds
2020-04-30T05:20:56.095+0700: 21547.954: Total time for which application threads were stopped: 0.0001186 seconds, Stopping threads took: 0.0000214 seconds
2020-04-30T05:20:56.095+0700: 21547.954: Total time for which application threads were stopped: 0.0000816 seconds, Stopping threads took: 0.0000102 seconds
2020-04-30T05:20:56.095+0700: 21547.954: Total time for which application threads were stopped: 0.0000603 seconds, Stopping threads took: 0.0000083 seconds
2020-04-30T05:20:56.095+0700: 21547.954: Total time for which application threads were stopped: 0.0000548 seconds, Stopping threads took: 0.0000073 seconds
2020-04-30T05:20:56.095+0700: 21547.954: Total time for which application threads were stopped: 0.0000546 seconds, Stopping threads took: 0.0000072 seconds
2020-04-30T05:20:56.095+0700: 21547.955: Total time for which application threads were stopped: 0.0000542 seconds, Stopping threads took: 0.0000074 seconds
2020-04-30T05:20:56.095+0700: 21547.955: Total time for which application threads were stopped: 0.0000566 seconds, Stopping threads took: 0.0000078 seconds
2020-04-30T05:20:56.096+0700: 21547.955: Total time for which application threads were stopped: 0.0000538 seconds, Stopping threads took: 0.0000074 seconds
2020-04-30T05:20:56.096+0700: 21547.955: Total time for which application threads were stopped: 0.0000690 seconds, Stopping threads took: 0.0000102 seconds
2020-04-30T05:20:56.096+0700: 21547.955: Total time for which application threads were stopped: 0.0000623 seconds, Stopping threads took: 0.0000085 seconds
2020-04-30T05:20:56.096+0700: 21547.955: Total time for which application threads were stopped: 0.0000571 seconds, Stopping threads took: 0.0000078 seconds
2020-04-30T05:20:56.098+0700: 21547.957: Total time for which application threads were stopped: 0.0000714 seconds, Stopping threads took: 0.0000112 seconds
2020-04-30T05:20:56.102+0700: 21547.962: Total time for which application threads were stopped: 0.0001027 seconds, Stopping threads took: 0.0000108 seconds
2020-04-30T05:20:56.103+0700: 21547.962: Total time for which application threads were stopped: 0.0000646 seconds, Stopping threads took: 0.0000102 seconds
2020-04-30T05:20:56.104+0700: 21547.963: Total time for which application threads were stopped: 0.0000583 seconds, Stopping threads took: 0.0000076 seconds
2020-04-30T05:20:58.278+0700: 21550.137: Total time for which application threads were stopped: 0.0001530 seconds, Stopping threads took: 0.0000196 seconds
2020-04-30T05:20:58.278+0700: 21550.137: Total time for which application threads were stopped: 0.0000884 seconds, Stopping threads took: 0.0000102 seconds
2020-04-30T05:20:58.278+0700: 21550.137: Total time for which application threads were stopped: 0.0000604 seconds, Stopping threads took: 0.0000075 seconds
2020-04-30T05:20:58.278+0700: 21550.137: Total time for which application threads were stopped: 0.0000444 seconds, Stopping threads took: 0.0000041 seconds
2020-04-30T05:21:15.785+0700: 21567.644: Total time for which application threads were stopped: 0.0002943 seconds, Stopping threads took: 0.0000218 seconds
2020-04-30T05:21:15.785+0700: 21567.644: Total time for which application threads were stopped: 0.0000737 seconds, Stopping threads took: 0.0000089 seconds
2020-04-30T05:21:15.785+0700: 21567.644: Total time for which application threads were stopped: 0.0000565 seconds, Stopping threads took: 0.0000069 seconds
2020-04-30T05:21:15.785+0700: 21567.644: Total time for which application threads were stopped: 0.0000469 seconds, Stopping threads took: 0.0000045 seconds
2020-04-30T05:21:16.883+0700: 21568.742: Total time for which application threads were stopped: 0.0001542 seconds, Stopping threads took: 0.0000206 seconds
2020-04-30T05:21:32.524+0700: 21584.382: Total time for which application threads were stopped: 0.0001459 seconds, Stopping threads took: 0.0000207 seconds
2020-04-30T05:21:32.524+0700: 21584.382: Total time for which application threads were stopped: 0.0002110 seconds, Stopping threads took: 0.0000082 seconds
2020-04-30T05:21:32.524+0700: 21584.383: Total time for which application threads were stopped: 0.0001664 seconds, Stopping threads took: 0.0000088 seconds
2020-04-30T05:21:32.524+0700: 21584.383: Total time for which application threads were stopped: 0.0001561 seconds, Stopping threads took: 0.0000046 seconds
2020-04-30T05:21:33.989+0700: 21585.848: Total time for which application threads were stopped: 0.0001519 seconds, Stopping threads took: 0.0000219 seconds
2020-04-30T05:21:33.989+0700: 21585.848: Total time for which application threads were stopped: 0.0000722 seconds, Stopping threads took: 0.0000082 seconds
2020-04-30T05:21:33.990+0700: 21585.848: Total time for which application threads were stopped: 0.0000449 seconds, Stopping threads took: 0.0000044 seconds
2020-04-30T05:21:49.760+0700: 21601.618: Total time for which application threads were stopped: 0.0001685 seconds, Stopping threads took: 0.0000227 seconds
2020-04-30T05:21:49.760+0700: 21601.618: Total time for which application threads were stopped: 0.0000699 seconds, Stopping threads took: 0.0000078 seconds
2020-04-30T05:21:49.760+0700: 21601.618: Total time for which application threads were stopped: 0.0000649 seconds, Stopping threads took: 0.0000079 seconds
2020-04-30T05:21:49.760+0700: 21601.618: Total time for which application threads were stopped: 0.0000514 seconds, Stopping threads took: 0.0000047 seconds
2020-04-30T05:22:01.646+0700: 21613.504: Total time for which application threads were stopped: 0.0001121 seconds, Stopping threads took: 0.0000330 seconds
2020-04-30T05:22:07.487+0700: 21619.345: Total time for which application threads were stopped: 0.0001485 seconds, Stopping threads took: 0.0000209 seconds
2020-04-30T05:22:07.487+0700: 21619.345: Total time for which application threads were stopped: 0.0000751 seconds, Stopping threads took: 0.0000077 seconds
2020-04-30T05:22:07.487+0700: 21619.345: Total time for which application threads were stopped: 0.0000763 seconds, Stopping threads took: 0.0000101 seconds
2020-04-30T05:22:07.487+0700: 21619.345: Total time for which application threads were stopped: 0.0000597 seconds, Stopping threads took: 0.0000071 seconds
2020-04-30T05:22:20.788+0700: 21632.645: Total time for which application threads were stopped: 0.0002009 seconds, Stopping threads took: 0.0000170 seconds
2020-04-30T05:22:20.789+0700: 21632.646: Total time for which application threads were stopped: 0.0000674 seconds, Stopping threads took: 0.0000094 seconds
2020-04-30T05:22:27.260+0700: 21639.117: Total time for which application threads were stopped: 0.0001473 seconds, Stopping threads took: 0.0000208 seconds
2020-04-30T05:22:27.260+0700: 21639.118: Total time for which application threads were stopped: 0.0000792 seconds, Stopping threads took: 0.0000087 seconds
2020-04-30T05:22:27.260+0700: 21639.118: Total time for which application threads were stopped: 0.0000597 seconds, Stopping threads took: 0.0000078 seconds
2020-04-30T05:22:27.260+0700: 21639.118: Total time for which application threads were stopped: 0.0000453 seconds, Stopping threads took: 0.0000042 seconds
2020-04-30T05:22:40.891+0700: 21652.748: Total time for which application threads were stopped: 0.0002049 seconds, Stopping threads took: 0.0000557 seconds
2020-04-30T05:22:40.891+0700: 21652.748: Total time for which application threads were stopped: 0.0000973 seconds, Stopping threads took: 0.0000248 seconds
2020-04-30T05:22:40.899+0700: 21652.756: Total time for which application threads were stopped: 0.0000912 seconds, Stopping threads took: 0.0000281 seconds
2020-04-30T05:22:44.309+0700: 21656.166: Total time for which application threads were stopped: 0.0001456 seconds, Stopping threads took: 0.0000204 seconds
2020-04-30T05:22:44.309+0700: 21656.166: Total time for which application threads were stopped: 0.0000787 seconds, Stopping threads took: 0.0000099 seconds
2020-04-30T05:22:44.309+0700: 21656.166: Total time for which application threads were stopped: 0.0000674 seconds, Stopping threads took: 0.0000094 seconds
2020-04-30T05:22:44.309+0700: 21656.166: Total time for which application threads were stopped: 0.0000465 seconds, Stopping threads took: 0.0000041 seconds
2020-04-30T05:22:56.991+0700: 21668.848: Total time for which application threads were stopped: 0.0001843 seconds, Stopping threads took: 0.0000340 seconds
2020-04-30T05:23:00.758+0700: 21672.614: Total time for which application threads were stopped: 0.0001865 seconds, Stopping threads took: 0.0000378 seconds
2020-04-30T05:23:00.758+0700: 21672.615: Total time for which application threads were stopped: 0.0001802 seconds, Stopping threads took: 0.0000405 seconds
2020-04-30T05:23:00.758+0700: 21672.615: Total time for which application threads were stopped: 0.0001197 seconds, Stopping threads took: 0.0000310 seconds
2020-04-30T05:23:00.758+0700: 21672.615: Total time for which application threads were stopped: 0.0001111 seconds, Stopping threads took: 0.0000295 seconds
2020-04-30T05:23:13.208+0700: 21685.065: Total time for which application threads were stopped: 0.0001146 seconds, Stopping threads took: 0.0000257 seconds
2020-04-30T05:23:13.208+0700: 21685.065: Total time for which application threads were stopped: 0.0000898 seconds, Stopping threads took: 0.0000211 seconds
2020-04-30T05:23:13.209+0700: 21685.066: Total time for which application threads were stopped: 0.0000983 seconds, Stopping threads took: 0.0000328 seconds
2020-04-30T05:23:13.210+0700: 21685.066: Total time for which application threads were stopped: 0.0001436 seconds, Stopping threads took: 0.0000768 seconds
2020-04-30T05:23:18.891+0700: 21690.747: Total time for which application threads were stopped: 0.0001369 seconds, Stopping threads took: 0.0000194 seconds
2020-04-30T05:23:18.891+0700: 21690.747: Total time for which application threads were stopped: 0.0000685 seconds, Stopping threads took: 0.0000077 seconds
2020-04-30T05:23:18.891+0700: 21690.747: Total time for which application threads were stopped: 0.0000572 seconds, Stopping threads took: 0.0000076 seconds
2020-04-30T05:23:18.891+0700: 21690.747: Total time for which application threads were stopped: 0.0000398 seconds, Stopping threads took: 0.0000037 seconds
2020-04-30T05:23:31.461+0700: 21703.317: Total time for which application threads were stopped: 0.0001019 seconds, Stopping threads took: 0.0000186 seconds
2020-04-30T05:23:31.461+0700: 21703.317: Total time for which application threads were stopped: 0.0000919 seconds, Stopping threads took: 0.0000329 seconds
2020-04-30T05:23:31.461+0700: 21703.317: Total time for which application threads were stopped: 0.0000373 seconds, Stopping threads took: 0.0000054 seconds
2020-04-30T05:23:31.461+0700: 21703.317: Total time for which application threads were stopped: 0.0000770 seconds, Stopping threads took: 0.0000048 seconds
2020-04-30T05:23:31.461+0700: 21703.317: Total time for which application threads were stopped: 0.0000779 seconds, Stopping threads took: 0.0000049 seconds
2020-04-30T05:23:31.462+0700: 21703.318: Total time for which application threads were stopped: 0.0000775 seconds, Stopping threads took: 0.0000051 seconds
2020-04-30T05:23:31.462+0700: 21703.318: Total time for which application threads were stopped: 0.0000368 seconds, Stopping threads took: 0.0000055 seconds
2020-04-30T05:23:31.462+0700: 21703.318: Total time for which application threads were stopped: 0.0000411 seconds, Stopping threads took: 0.0000063 seconds
2020-04-30T05:23:31.462+0700: 21703.318: Total time for which application threads were stopped: 0.0000799 seconds, Stopping threads took: 0.0000056 seconds
2020-04-30T05:23:31.462+0700: 21703.318: Total time for which application threads were stopped: 0.0000773 seconds, Stopping threads took: 0.0000050 seconds
2020-04-30T05:23:31.462+0700: 21703.318: Total time for which application threads were stopped: 0.0000784 seconds, Stopping threads took: 0.0000048 seconds
2020-04-30T05:23:31.462+0700: 21703.318: Total time for which application threads were stopped: 0.0000774 seconds, Stopping threads took: 0.0000050 seconds
2020-04-30T05:23:31.462+0700: 21703.318: Total time for which application threads were stopped: 0.0000759 seconds, Stopping threads took: 0.0000049 seconds
2020-04-30T05:23:31.462+0700: 21703.318: Total time for which application threads were stopped: 0.0000745 seconds, Stopping threads took: 0.0000271 seconds
2020-04-30T05:23:31.462+0700: 21703.318: Total time for which application threads were stopped: 0.0000781 seconds, Stopping threads took: 0.0000314 seconds
2020-04-30T05:23:31.464+0700: 21703.320: Total time for which application threads were stopped: 0.0000541 seconds, Stopping threads took: 0.0000087 seconds
2020-04-30T05:23:31.464+0700: 21703.320: Total time for which application threads were stopped: 0.0000621 seconds, Stopping threads took: 0.0000077 seconds
2020-04-30T05:23:31.468+0700: 21703.324: Total time for which application threads were stopped: 0.0000644 seconds, Stopping threads took: 0.0000100 seconds
2020-04-30T05:23:31.471+0700: 21703.327: Total time for which application threads were stopped: 0.0000645 seconds, Stopping threads took: 0.0000104 seconds
2020-04-30T05:23:31.474+0700: 21703.330: Total time for which application threads were stopped: 0.0000953 seconds, Stopping threads took: 0.0000179 seconds
2020-04-30T05:23:31.488+0700: 21703.344: Total time for which application threads were stopped: 0.0000929 seconds, Stopping threads took: 0.0000149 seconds
2020-04-30T05:23:35.146+0700: 21707.002: Total time for which application threads were stopped: 0.0001667 seconds, Stopping threads took: 0.0000222 seconds
2020-04-30T05:23:35.146+0700: 21707.002: Total time for which application threads were stopped: 0.0000926 seconds, Stopping threads took: 0.0000097 seconds
2020-04-30T05:23:35.146+0700: 21707.002: Total time for which application threads were stopped: 0.0000668 seconds, Stopping threads took: 0.0000078 seconds
2020-04-30T05:23:35.146+0700: 21707.002: Total time for which application threads were stopped: 0.0000522 seconds, Stopping threads took: 0.0000048 seconds
2020-04-30T05:23:46.842+0700: 21718.697: Total time for which application threads were stopped: 0.0001483 seconds, Stopping threads took: 0.0000331 seconds
2020-04-30T05:23:49.181+0700: 21721.037: Total time for which application threads were stopped: 0.0001433 seconds, Stopping threads took: 0.0000192 seconds
2020-04-30T05:23:49.181+0700: 21721.037: Total time for which application threads were stopped: 0.0000767 seconds, Stopping threads took: 0.0000076 seconds
2020-04-30T05:23:49.181+0700: 21721.037: Total time for which application threads were stopped: 0.0000929 seconds, Stopping threads took: 0.0000109 seconds
2020-04-30T05:23:49.182+0700: 21721.037: Total time for which application threads were stopped: 0.0000559 seconds, Stopping threads took: 0.0000049 seconds
2020-04-30T05:24:02.653+0700: 21734.508: Total time for which application threads were stopped: 0.0001564 seconds, Stopping threads took: 0.0000315 seconds
2020-04-30T05:24:02.653+0700: 21734.508: Total time for which application threads were stopped: 0.0001200 seconds, Stopping threads took: 0.0000249 seconds
2020-04-30T05:24:02.660+0700: 21734.515: Total time for which application threads were stopped: 0.0000919 seconds, Stopping threads took: 0.0000289 seconds
2020-04-30T05:24:05.840+0700: 21737.696: Total time for which application threads were stopped: 0.0001559 seconds, Stopping threads took: 0.0000201 seconds
2020-04-30T05:24:05.841+0700: 21737.696: Total time for which application threads were stopped: 0.0000808 seconds, Stopping threads took: 0.0000088 seconds
2020-04-30T05:24:05.841+0700: 21737.696: Total time for which application threads were stopped: 0.0000670 seconds, Stopping threads took: 0.0000091 seconds
2020-04-30T05:24:05.841+0700: 21737.696: Total time for which application threads were stopped: 0.0000460 seconds, Stopping threads took: 0.0000042 seconds
2020-04-30T05:24:18.773+0700: 21750.628: Total time for which application threads were stopped: 0.0001134 seconds, Stopping threads took: 0.0000196 seconds
2020-04-30T05:24:24.275+0700: 21756.130: Total time for which application threads were stopped: 0.0001634 seconds, Stopping threads took: 0.0000211 seconds
2020-04-30T05:24:24.275+0700: 21756.130: Total time for which application threads were stopped: 0.0000899 seconds, Stopping threads took: 0.0000098 seconds
2020-04-30T05:24:24.275+0700: 21756.130: Total time for which application threads were stopped: 0.0000712 seconds, Stopping threads took: 0.0000091 seconds
2020-04-30T05:24:24.275+0700: 21756.130: Total time for which application threads were stopped: 0.0000519 seconds, Stopping threads took: 0.0000046 seconds
2020-04-30T05:24:35.670+0700: 21767.525: Total time for which application threads were stopped: 0.0001527 seconds, Stopping threads took: 0.0000178 seconds
2020-04-30T05:24:35.670+0700: 21767.525: Total time for which application threads were stopped: 0.0000519 seconds, Stopping threads took: 0.0000065 seconds
2020-04-30T05:24:35.677+0700: 21767.531: Total time for which application threads were stopped: 0.0001544 seconds, Stopping threads took: 0.0000304 seconds
2020-04-30T05:24:37.342+0700: 21769.197: Total time for which application threads were stopped: 0.0001465 seconds, Stopping threads took: 0.0000205 seconds
2020-04-30T05:24:37.343+0700: 21769.197: Total time for which application threads were stopped: 0.0000783 seconds, Stopping threads took: 0.0000080 seconds
2020-04-30T05:24:37.343+0700: 21769.197: Total time for which application threads were stopped: 0.0000574 seconds, Stopping threads took: 0.0000072 seconds
2020-04-30T05:24:37.343+0700: 21769.197: Total time for which application threads were stopped: 0.0000445 seconds, Stopping threads took: 0.0000044 seconds
2020-04-30T05:24:51.255+0700: 21783.109: Total time for which application threads were stopped: 0.0001368 seconds, Stopping threads took: 0.0000326 seconds
2020-04-30T05:25:04.081+0700: 21795.935: Total time for which application threads were stopped: 0.0001527 seconds, Stopping threads took: 0.0000204 seconds
2020-04-30T05:25:04.081+0700: 21795.935: Total time for which application threads were stopped: 0.0000832 seconds, Stopping threads took: 0.0000084 seconds
2020-04-30T05:25:04.081+0700: 21795.935: Total time for which application threads were stopped: 0.0000694 seconds, Stopping threads took: 0.0000093 seconds
2020-04-30T05:25:04.081+0700: 21795.935: Total time for which application threads were stopped: 0.0000465 seconds, Stopping threads took: 0.0000044 seconds
2020-04-30T05:25:17.064+0700: 21808.918: Total time for which application threads were stopped: 0.0001192 seconds, Stopping threads took: 0.0000201 seconds
2020-04-30T05:25:17.064+0700: 21808.918: Total time for which application threads were stopped: 0.0000526 seconds, Stopping threads took: 0.0000051 seconds
2020-04-30T05:25:17.073+0700: 21808.927: Total time for which application threads were stopped: 0.0000820 seconds, Stopping threads took: 0.0000136 seconds
2020-04-30T05:25:22.893+0700: 21814.746: Total time for which application threads were stopped: 0.0001427 seconds, Stopping threads took: 0.0000192 seconds
2020-04-30T05:25:22.893+0700: 21814.747: Total time for which application threads were stopped: 0.0000768 seconds, Stopping threads took: 0.0000085 seconds
2020-04-30T05:25:22.893+0700: 21814.747: Total time for which application threads were stopped: 0.0000677 seconds, Stopping threads took: 0.0000091 seconds
2020-04-30T05:25:22.893+0700: 21814.747: Total time for which application threads were stopped: 0.0000465 seconds, Stopping threads took: 0.0000043 seconds
2020-04-30T05:25:32.171+0700: 21824.024: Total time for which application threads were stopped: 0.0000974 seconds, Stopping threads took: 0.0000162 seconds
2020-04-30T05:25:39.781+0700: 21831.634: Total time for which application threads were stopped: 0.0001489 seconds, Stopping threads took: 0.0000203 seconds
2020-04-30T05:25:39.781+0700: 21831.634: Total time for which application threads were stopped: 0.0000797 seconds, Stopping threads took: 0.0000081 seconds
2020-04-30T05:25:39.781+0700: 21831.634: Total time for which application threads were stopped: 0.0000804 seconds, Stopping threads took: 0.0000119 seconds
2020-04-30T05:25:39.781+0700: 21831.634: Total time for which application threads were stopped: 0.0000523 seconds, Stopping threads took: 0.0000056 seconds
2020-04-30T05:25:50.459+0700: 21842.312: Total time for which application threads were stopped: 0.0001336 seconds, Stopping threads took: 0.0000167 seconds
2020-04-30T05:25:50.459+0700: 21842.312: Total time for which application threads were stopped: 0.0000917 seconds, Stopping threads took: 0.0000246 seconds
{Heap before GC invocations=50 (full 0):
 garbage-first heap   total 524288K, used 376910K [0x00000007a0000000, 0x00000007a0101000, 0x00000007c0000000)
  region size 1024K, 307 young (314368K), 9 survivors (9216K)
 Metaspace       used 54037K, capacity 56278K, committed 56392K, reserved 1099776K
  class space    used 6220K, capacity 6670K, committed 6732K, reserved 1048576K
2020-04-30T05:25:50.464+0700: 21842.318: [GC pause (G1 Evacuation Pause) (young)
Desired survivor size 20447232 bytes, new threshold 15 (max 15)
- age   1:    5607048 bytes,    5607048 total
- age   2:      85896 bytes,    5692944 total
- age   3:      83384 bytes,    5776328 total
- age   4:      87728 bytes,    5864056 total
- age   5:     150112 bytes,    6014168 total
- age   6:      42656 bytes,    6056824 total
- age   7:      51008 bytes,    6107832 total
- age   8:      18040 bytes,    6125872 total
- age   9:       3880 bytes,    6129752 total
- age  10:       2072 bytes,    6131824 total
- age  11:       3536 bytes,    6135360 total
- age  12:       3504 bytes,    6138864 total
- age  13:        744 bytes,    6139608 total
- age  14:        776 bytes,    6140384 total
- age  15:       3384 bytes,    6143768 total
, 0.0051794 secs]
   [Parallel Time: 2.3 ms, GC Workers: 8]
      [GC Worker Start (ms): Min: 21842317.6, Avg: 21842317.7, Max: 21842317.7, Diff: 0.1]
      [Ext Root Scanning (ms): Min: 0.2, Avg: 0.6, Max: 2.2, Diff: 1.9, Sum: 4.9]
      [Update RS (ms): Min: 0.0, Avg: 0.1, Max: 0.2, Diff: 0.2, Sum: 1.1]
         [Processed Buffers: Min: 0, Avg: 3.1, Max: 6, Diff: 6, Sum: 25]
      [Scan RS (ms): Min: 0.0, Avg: 0.0, Max: 0.0, Diff: 0.0, Sum: 0.2]
      [Code Root Scanning (ms): Min: 0.0, Avg: 0.0, Max: 0.0, Diff: 0.0, Sum: 0.1]
      [Object Copy (ms): Min: 0.0, Avg: 0.9, Max: 1.1, Diff: 1.1, Sum: 7.4]
      [Termination (ms): Min: 0.0, Avg: 0.5, Max: 0.6, Diff: 0.6, Sum: 3.8]
         [Termination Attempts: Min: 1, Avg: 1.1, Max: 2, Diff: 1, Sum: 9]
      [GC Worker Other (ms): Min: 0.0, Avg: 0.0, Max: 0.0, Diff: 0.0, Sum: 0.1]
      [GC Worker Total (ms): Min: 2.2, Avg: 2.2, Max: 2.3, Diff: 0.1, Sum: 17.7]
      [GC Worker End (ms): Min: 21842319.9, Avg: 21842319.9, Max: 21842319.9, Diff: 0.0]
   [Code Root Fixup: 0.0 ms]
   [Code Root Purge: 0.0 ms]
   [Clear CT: 0.2 ms]
   [Other: 2.7 ms]
      [Choose CSet: 0.0 ms]
      [Ref Proc: 2.3 ms]
      [Ref Enq: 0.1 ms]
      [Redirty Cards: 0.1 ms]
      [Humongous Register: 0.0 ms]
      [Humongous Reclaim: 0.0 ms]
      [Free CSet: 0.1 ms]
   [Eden: 298.0M(298.0M)->0.0B(298.0M) Survivors: 9216.0K->9216.0K Heap: 368.1M(512.0M)->70.6M(512.0M)]
Heap after GC invocations=51 (full 0):
 garbage-first heap   total 524288K, used 72284K [0x00000007a0000000, 0x00000007a0101000, 0x00000007c0000000)
  region size 1024K, 9 young (9216K), 9 survivors (9216K)
 Metaspace       used 54037K, capacity 56278K, committed 56392K, reserved 1099776K
  class space    used 6220K, capacity 6670K, committed 6732K, reserved 1048576K
}
 [Times: user=0.02 sys=0.00, real=0.01 secs] 
2020-04-30T05:25:50.470+0700: 21842.323: Total time for which application threads were stopped: 0.0053902 seconds, Stopping threads took: 0.0000308 seconds
2020-04-30T05:25:50.470+0700: 21842.323: Total time for which application threads were stopped: 0.0001983 seconds, Stopping threads took: 0.0000296 seconds
2020-04-30T05:25:50.472+0700: 21842.326: Total time for which application threads were stopped: 0.0000836 seconds, Stopping threads took: 0.0000109 seconds
2020-04-30T05:25:50.473+0700: 21842.326: Total time for which application threads were stopped: 0.0000933 seconds, Stopping threads took: 0.0000302 seconds
2020-04-30T05:25:50.473+0700: 21842.326: Total time for which application threads were stopped: 0.0000603 seconds, Stopping threads took: 0.0000071 seconds
2020-04-30T05:25:51.480+0700: 21843.333: Total time for which application threads were stopped: 0.0001134 seconds, Stopping threads took: 0.0000175 seconds
2020-04-30T05:25:54.638+0700: 21846.491: Total time for which application threads were stopped: 0.0001470 seconds, Stopping threads took: 0.0000203 seconds
2020-04-30T05:25:54.638+0700: 21846.491: Total time for which application threads were stopped: 0.0000808 seconds, Stopping threads took: 0.0000086 seconds
2020-04-30T05:25:54.638+0700: 21846.491: Total time for which application threads were stopped: 0.0000589 seconds, Stopping threads took: 0.0000072 seconds
2020-04-30T05:25:54.638+0700: 21846.491: Total time for which application threads were stopped: 0.0000447 seconds, Stopping threads took: 0.0000043 seconds
2020-04-30T05:25:54.839+0700: 21846.692: Total time for which application threads were stopped: 0.0001068 seconds, Stopping threads took: 0.0000327 seconds
2020-04-30T05:25:54.839+0700: 21846.692: Total time for which application threads were stopped: 0.0000755 seconds, Stopping threads took: 0.0000097 seconds
2020-04-30T05:25:54.839+0700: 21846.692: Total time for which application threads were stopped: 0.0000537 seconds, Stopping threads took: 0.0000052 seconds
2020-04-30T05:25:54.839+0700: 21846.692: Total time for which application threads were stopped: 0.0000602 seconds, Stopping threads took: 0.0000231 seconds
2020-04-30T05:25:54.839+0700: 21846.692: Total time for which application threads were stopped: 0.0001790 seconds, Stopping threads took: 0.0000053 seconds
2020-04-30T05:26:07.316+0700: 21859.169: Total time for which application threads were stopped: 0.0001182 seconds, Stopping threads took: 0.0000342 seconds
2020-04-30T05:26:07.316+0700: 21859.169: Total time for which application threads were stopped: 0.0001091 seconds, Stopping threads took: 0.0000226 seconds
2020-04-30T05:26:07.317+0700: 21859.169: Total time for which application threads were stopped: 0.0000755 seconds, Stopping threads took: 0.0000058 seconds
2020-04-30T05:26:07.317+0700: 21859.170: Total time for which application threads were stopped: 0.0000888 seconds, Stopping threads took: 0.0000048 seconds
2020-04-30T05:26:07.317+0700: 21859.170: Total time for which application threads were stopped: 0.0000888 seconds, Stopping threads took: 0.0000049 seconds
2020-04-30T05:26:07.317+0700: 21859.170: Total time for which application threads were stopped: 0.0000880 seconds, Stopping threads took: 0.0000049 seconds
2020-04-30T05:26:07.317+0700: 21859.170: Total time for which application threads were stopped: 0.0000532 seconds, Stopping threads took: 0.0000191 seconds
2020-04-30T05:26:07.317+0700: 21859.170: Total time for which application threads were stopped: 0.0000803 seconds, Stopping threads took: 0.0000264 seconds
2020-04-30T05:26:07.317+0700: 21859.170: Total time for which application threads were stopped: 0.0000745 seconds, Stopping threads took: 0.0000242 seconds
2020-04-30T05:26:07.318+0700: 21859.170: Total time for which application threads were stopped: 0.0000546 seconds, Stopping threads took: 0.0000082 seconds
2020-04-30T05:26:07.318+0700: 21859.170: Total time for which application threads were stopped: 0.0000598 seconds, Stopping threads took: 0.0000062 seconds
2020-04-30T05:26:07.320+0700: 21859.173: Total time for which application threads were stopped: 0.0001366 seconds, Stopping threads took: 0.0000292 seconds
2020-04-30T05:26:07.321+0700: 21859.174: Total time for which application threads were stopped: 0.0000988 seconds, Stopping threads took: 0.0000278 seconds
2020-04-30T05:26:07.326+0700: 21859.179: Total time for which application threads were stopped: 0.0001094 seconds, Stopping threads took: 0.0000286 seconds
2020-04-30T05:26:07.345+0700: 21859.198: Total time for which application threads were stopped: 0.0000869 seconds, Stopping threads took: 0.0000142 seconds
2020-04-30T05:26:10.013+0700: 21861.866: Total time for which application threads were stopped: 0.0001654 seconds, Stopping threads took: 0.0000210 seconds
2020-04-30T05:26:10.014+0700: 21861.866: Total time for which application threads were stopped: 0.0000758 seconds, Stopping threads took: 0.0000083 seconds
2020-04-30T05:26:10.014+0700: 21861.867: Total time for which application threads were stopped: 0.0002067 seconds, Stopping threads took: 0.0000112 seconds
2020-04-30T05:26:10.014+0700: 21861.867: Total time for which application threads were stopped: 0.0001410 seconds, Stopping threads took: 0.0000060 seconds
2020-04-30T05:26:15.716+0700: 21867.568: Total time for which application threads were stopped: 0.0001366 seconds, Stopping threads took: 0.0000214 seconds
2020-04-30T05:26:15.716+0700: 21867.568: Total time for which application threads were stopped: 0.0000454 seconds, Stopping threads took: 0.0000041 seconds
2020-04-30T05:26:22.473+0700: 21874.325: Total time for which application threads were stopped: 0.0001334 seconds, Stopping threads took: 0.0000503 seconds
2020-04-30T05:26:25.496+0700: 21877.349: Total time for which application threads were stopped: 0.0001461 seconds, Stopping threads took: 0.0000210 seconds
2020-04-30T05:26:25.496+0700: 21877.349: Total time for which application threads were stopped: 0.0000793 seconds, Stopping threads took: 0.0000083 seconds
2020-04-30T05:26:25.497+0700: 21877.349: Total time for which application threads were stopped: 0.0000571 seconds, Stopping threads took: 0.0000070 seconds
2020-04-30T05:26:25.497+0700: 21877.349: Total time for which application threads were stopped: 0.0000440 seconds, Stopping threads took: 0.0000040 seconds
2020-04-30T05:26:38.630+0700: 21890.482: Total time for which application threads were stopped: 0.0001152 seconds, Stopping threads took: 0.0000260 seconds
2020-04-30T05:26:38.630+0700: 21890.482: Total time for which application threads were stopped: 0.0000516 seconds, Stopping threads took: 0.0000070 seconds
2020-04-30T05:26:38.636+0700: 21890.488: Total time for which application threads were stopped: 0.0000787 seconds, Stopping threads took: 0.0000137 seconds
2020-04-30T05:26:43.560+0700: 21895.413: Total time for which application threads were stopped: 0.0001575 seconds, Stopping threads took: 0.0000209 seconds
2020-04-30T05:26:43.561+0700: 21895.413: Total time for which application threads were stopped: 0.0000806 seconds, Stopping threads took: 0.0000088 seconds
2020-04-30T05:26:43.561+0700: 21895.413: Total time for which application threads were stopped: 0.0000597 seconds, Stopping threads took: 0.0000077 seconds
2020-04-30T05:26:43.561+0700: 21895.413: Total time for which application threads were stopped: 0.0000454 seconds, Stopping threads took: 0.0000041 seconds
2020-04-30T05:26:56.380+0700: 21908.231: Total time for which application threads were stopped: 0.0001717 seconds, Stopping threads took: 0.0000545 seconds
2020-04-30T05:26:56.380+0700: 21908.231: Total time for which application threads were stopped: 0.0000967 seconds, Stopping threads took: 0.0000256 seconds
2020-04-30T05:26:56.387+0700: 21908.239: Total time for which application threads were stopped: 0.0000943 seconds, Stopping threads took: 0.0000296 seconds
2020-04-30T05:27:09.544+0700: 21921.395: Total time for which application threads were stopped: 0.0001544 seconds, Stopping threads took: 0.0000211 seconds
2020-04-30T05:27:09.544+0700: 21921.396: Total time for which application threads were stopped: 0.0000599 seconds, Stopping threads took: 0.0000067 seconds
2020-04-30T05:27:09.545+0700: 21921.397: Total time for which application threads were stopped: 0.0001120 seconds, Stopping threads took: 0.0000163 seconds
2020-04-30T05:27:09.546+0700: 21921.397: Total time for which application threads were stopped: 0.0000615 seconds, Stopping threads took: 0.0000052 seconds
2020-04-30T05:27:19.682+0700: 21931.534: Total time for which application threads were stopped: 0.0001263 seconds, Stopping threads took: 0.0000354 seconds
2020-04-30T05:27:19.682+0700: 21931.534: Total time for which application threads were stopped: 0.0000572 seconds, Stopping threads took: 0.0000094 seconds
2020-04-30T05:27:19.689+0700: 21931.541: Total time for which application threads were stopped: 0.0000797 seconds, Stopping threads took: 0.0000137 seconds
2020-04-30T05:27:31.109+0700: 21942.960: Total time for which application threads were stopped: 0.0002974 seconds, Stopping threads took: 0.0000202 seconds
2020-04-30T05:27:31.109+0700: 21942.960: Total time for which application threads were stopped: 0.0000669 seconds, Stopping threads took: 0.0000075 seconds
2020-04-30T05:27:31.109+0700: 21942.960: Total time for which application threads were stopped: 0.0000551 seconds, Stopping threads took: 0.0000066 seconds
2020-04-30T05:27:31.109+0700: 21942.960: Total time for which application threads were stopped: 0.0000417 seconds, Stopping threads took: 0.0000038 seconds
2020-04-30T05:27:35.107+0700: 21946.958: Total time for which application threads were stopped: 0.0001056 seconds, Stopping threads took: 0.0000162 seconds
2020-04-30T05:27:35.107+0700: 21946.958: Total time for which application threads were stopped: 0.0000597 seconds, Stopping threads took: 0.0000088 seconds
2020-04-30T05:27:35.108+0700: 21946.959: Total time for which application threads were stopped: 0.0000765 seconds, Stopping threads took: 0.0000133 seconds
2020-04-30T05:27:35.114+0700: 21946.965: Total time for which application threads were stopped: 0.0002338 seconds, Stopping threads took: 0.0000389 seconds
2020-04-30T05:27:44.567+0700: 21956.417: Total time for which application threads were stopped: 0.0001428 seconds, Stopping threads took: 0.0000197 seconds
2020-04-30T05:27:44.567+0700: 21956.418: Total time for which application threads were stopped: 0.0002137 seconds, Stopping threads took: 0.0000083 seconds
2020-04-30T05:27:44.567+0700: 21956.418: Total time for which application threads were stopped: 0.0000704 seconds, Stopping threads took: 0.0000088 seconds
2020-04-30T05:27:44.567+0700: 21956.418: Total time for which application threads were stopped: 0.0000459 seconds, Stopping threads took: 0.0000043 seconds
2020-04-30T05:27:47.470+0700: 21959.321: Total time for which application threads were stopped: 0.0001514 seconds, Stopping threads took: 0.0000209 seconds
2020-04-30T05:27:56.936+0700: 21968.786: Total time for which application threads were stopped: 0.0001078 seconds, Stopping threads took: 0.0000185 seconds
2020-04-30T05:27:56.936+0700: 21968.787: Total time for which application threads were stopped: 0.0000501 seconds, Stopping threads took: 0.0000070 seconds
2020-04-30T05:27:56.943+0700: 21968.793: Total time for which application threads were stopped: 0.0002113 seconds, Stopping threads took: 0.0000138 seconds
2020-04-30T05:27:59.885+0700: 21971.735: Total time for which application threads were stopped: 0.0001618 seconds, Stopping threads took: 0.0000200 seconds
2020-04-30T05:27:59.885+0700: 21971.735: Total time for which application threads were stopped: 0.0000721 seconds, Stopping threads took: 0.0000078 seconds
2020-04-30T05:27:59.885+0700: 21971.735: Total time for which application threads were stopped: 0.0000520 seconds, Stopping threads took: 0.0000063 seconds
2020-04-30T05:27:59.885+0700: 21971.735: Total time for which application threads were stopped: 0.0000404 seconds, Stopping threads took: 0.0000039 seconds
2020-04-30T05:28:12.497+0700: 21984.348: Total time for which application threads were stopped: 0.0001066 seconds, Stopping threads took: 0.0000175 seconds
2020-04-30T05:28:12.497+0700: 21984.348: Total time for which application threads were stopped: 0.0000515 seconds, Stopping threads took: 0.0000071 seconds
2020-04-30T05:28:18.124+0700: 21989.974: Total time for which application threads were stopped: 0.0001539 seconds, Stopping threads took: 0.0000206 seconds
2020-04-30T05:28:18.124+0700: 21989.974: Total time for which application threads were stopped: 0.0000894 seconds, Stopping threads took: 0.0000102 seconds
2020-04-30T05:28:18.124+0700: 21989.974: Total time for which application threads were stopped: 0.0000669 seconds, Stopping threads took: 0.0000081 seconds
2020-04-30T05:28:18.124+0700: 21989.974: Total time for which application threads were stopped: 0.0000524 seconds, Stopping threads took: 0.0000048 seconds
2020-04-30T05:28:29.618+0700: 22001.468: Total time for which application threads were stopped: 0.0001969 seconds, Stopping threads took: 0.0000911 seconds
2020-04-30T05:28:29.619+0700: 22001.469: Total time for which application threads were stopped: 0.0000823 seconds, Stopping threads took: 0.0000179 seconds
2020-04-30T05:28:29.619+0700: 22001.469: Total time for which application threads were stopped: 0.0000916 seconds, Stopping threads took: 0.0000288 seconds
2020-04-30T05:28:30.625+0700: 22002.475: Total time for which application threads were stopped: 0.0000965 seconds, Stopping threads took: 0.0000194 seconds
2020-04-30T05:28:40.464+0700: 22012.313: Total time for which application threads were stopped: 0.0001613 seconds, Stopping threads took: 0.0000209 seconds
2020-04-30T05:28:40.464+0700: 22012.314: Total time for which application threads were stopped: 0.0000766 seconds, Stopping threads took: 0.0000080 seconds
2020-04-30T05:28:40.464+0700: 22012.314: Total time for which application threads were stopped: 0.0000634 seconds, Stopping threads took: 0.0000083 seconds
2020-04-30T05:28:40.464+0700: 22012.314: Total time for which application threads were stopped: 0.0000439 seconds, Stopping threads took: 0.0000040 seconds
2020-04-30T05:28:46.379+0700: 22018.228: Total time for which application threads were stopped: 0.0001526 seconds, Stopping threads took: 0.0000320 seconds
2020-04-30T05:28:46.379+0700: 22018.229: Total time for which application threads were stopped: 0.0000977 seconds, Stopping threads took: 0.0000250 seconds
2020-04-30T05:28:46.381+0700: 22018.230: Total time for which application threads were stopped: 0.0000678 seconds, Stopping threads took: 0.0000104 seconds
2020-04-30T05:28:46.381+0700: 22018.230: Total time for which application threads were stopped: 0.0000972 seconds, Stopping threads took: 0.0000216 seconds
2020-04-30T05:28:46.381+0700: 22018.231: Total time for which application threads were stopped: 0.0000719 seconds, Stopping threads took: 0.0000048 seconds
2020-04-30T05:28:46.381+0700: 22018.231: Total time for which application threads were stopped: 0.0000834 seconds, Stopping threads took: 0.0000047 seconds
2020-04-30T05:28:46.381+0700: 22018.231: Total time for which application threads were stopped: 0.0000818 seconds, Stopping threads took: 0.0000050 seconds
2020-04-30T05:28:46.381+0700: 22018.231: Total time for which application threads were stopped: 0.0000814 seconds, Stopping threads took: 0.0000049 seconds
2020-04-30T05:28:46.381+0700: 22018.231: Total time for which application threads were stopped: 0.0000579 seconds, Stopping threads took: 0.0000227 seconds
2020-04-30T05:28:46.382+0700: 22018.231: Total time for which application threads were stopped: 0.0000706 seconds, Stopping threads took: 0.0000051 seconds
2020-04-30T05:28:46.382+0700: 22018.231: Total time for which application threads were stopped: 0.0000500 seconds, Stopping threads took: 0.0000083 seconds
2020-04-30T05:28:46.382+0700: 22018.231: Total time for which application threads were stopped: 0.0000703 seconds, Stopping threads took: 0.0000049 seconds
2020-04-30T05:28:46.382+0700: 22018.231: Total time for which application threads were stopped: 0.0000862 seconds, Stopping threads took: 0.0000052 seconds
2020-04-30T05:28:46.382+0700: 22018.232: Total time for which application threads were stopped: 0.0001077 seconds, Stopping threads took: 0.0000051 seconds
2020-04-30T05:28:46.382+0700: 22018.232: Total time for which application threads were stopped: 0.0000640 seconds, Stopping threads took: 0.0000088 seconds
2020-04-30T05:28:46.382+0700: 22018.232: Total time for which application threads were stopped: 0.0000730 seconds, Stopping threads took: 0.0000051 seconds
2020-04-30T05:28:46.382+0700: 22018.232: Total time for which application threads were stopped: 0.0000671 seconds, Stopping threads took: 0.0000050 seconds
2020-04-30T05:28:46.391+0700: 22018.240: Total time for which application threads were stopped: 0.0000860 seconds, Stopping threads took: 0.0000146 seconds
2020-04-30T05:28:46.391+0700: 22018.240: Total time for which application threads were stopped: 0.0000546 seconds, Stopping threads took: 0.0000081 seconds
2020-04-30T05:28:46.391+0700: 22018.241: Total time for which application threads were stopped: 0.0000666 seconds, Stopping threads took: 0.0000107 seconds
2020-04-30T05:28:46.396+0700: 22018.246: Total time for which application threads were stopped: 0.0000924 seconds, Stopping threads took: 0.0000287 seconds
2020-04-30T05:28:53.014+0700: 22024.863: Total time for which application threads were stopped: 0.0001645 seconds, Stopping threads took: 0.0000218 seconds
2020-04-30T05:28:53.014+0700: 22024.863: Total time for which application threads were stopped: 0.0000704 seconds, Stopping threads took: 0.0000081 seconds
2020-04-30T05:28:53.014+0700: 22024.863: Total time for which application threads were stopped: 0.0000662 seconds, Stopping threads took: 0.0000077 seconds
2020-04-30T05:28:53.014+0700: 22024.864: Total time for which application threads were stopped: 0.0000523 seconds, Stopping threads took: 0.0000046 seconds
2020-04-30T05:29:04.676+0700: 22036.525: Total time for which application threads were stopped: 0.0002713 seconds, Stopping threads took: 0.0000502 seconds
2020-04-30T05:29:04.676+0700: 22036.526: Total time for which application threads were stopped: 0.0000906 seconds, Stopping threads took: 0.0000082 seconds
2020-04-30T05:29:08.901+0700: 22040.750: Total time for which application threads were stopped: 0.0001507 seconds, Stopping threads took: 0.0000204 seconds
2020-04-30T05:29:08.901+0700: 22040.750: Total time for which application threads were stopped: 0.0000595 seconds, Stopping threads took: 0.0000067 seconds
2020-04-30T05:29:08.901+0700: 22040.750: Total time for which application threads were stopped: 0.0000815 seconds, Stopping threads took: 0.0000092 seconds
2020-04-30T05:29:08.901+0700: 22040.750: Total time for which application threads were stopped: 0.0000481 seconds, Stopping threads took: 0.0000045 seconds
2020-04-30T05:29:24.601+0700: 22056.450: Total time for which application threads were stopped: 0.0001399 seconds, Stopping threads took: 0.0000193 seconds
2020-04-30T05:29:24.601+0700: 22056.450: Total time for which application threads were stopped: 0.0000762 seconds, Stopping threads took: 0.0000084 seconds
2020-04-30T05:29:24.602+0700: 22056.450: Total time for which application threads were stopped: 0.0000625 seconds, Stopping threads took: 0.0000086 seconds
2020-04-30T05:29:24.602+0700: 22056.450: Total time for which application threads were stopped: 0.0000434 seconds, Stopping threads took: 0.0000040 seconds
2020-04-30T05:29:36.619+0700: 22068.468: Total time for which application threads were stopped: 0.0001612 seconds, Stopping threads took: 0.0000372 seconds
2020-04-30T05:29:36.619+0700: 22068.468: Total time for which application threads were stopped: 0.0001029 seconds, Stopping threads took: 0.0000251 seconds
2020-04-30T05:29:40.221+0700: 22072.069: Total time for which application threads were stopped: 0.0003674 seconds, Stopping threads took: 0.0000570 seconds
2020-04-30T05:29:40.221+0700: 22072.069: Total time for which application threads were stopped: 0.0001022 seconds, Stopping threads took: 0.0000260 seconds
2020-04-30T05:29:40.221+0700: 22072.069: Total time for which application threads were stopped: 0.0001520 seconds, Stopping threads took: 0.0000056 seconds
2020-04-30T05:29:40.221+0700: 22072.070: Total time for which application threads were stopped: 0.0001525 seconds, Stopping threads took: 0.0000231 seconds
2020-04-30T05:29:43.525+0700: 22075.374: Total time for which application threads were stopped: 0.0001379 seconds, Stopping threads took: 0.0000209 seconds
2020-04-30T05:29:43.525+0700: 22075.374: Total time for which application threads were stopped: 0.0000513 seconds, Stopping threads took: 0.0000042 seconds
2020-04-30T05:29:58.747+0700: 22090.595: Total time for which application threads were stopped: 0.0001437 seconds, Stopping threads took: 0.0000192 seconds
2020-04-30T05:29:58.747+0700: 22090.595: Total time for which application threads were stopped: 0.0000691 seconds, Stopping threads took: 0.0000072 seconds
2020-04-30T05:29:58.747+0700: 22090.595: Total time for which application threads were stopped: 0.0000509 seconds, Stopping threads took: 0.0000058 seconds
2020-04-30T05:29:58.747+0700: 22090.595: Total time for which application threads were stopped: 0.0000384 seconds, Stopping threads took: 0.0000039 seconds
2020-04-30T05:30:11.471+0700: 22103.319: Total time for which application threads were stopped: 0.0001546 seconds, Stopping threads took: 0.0000325 seconds
2020-04-30T05:30:11.471+0700: 22103.319: Total time for which application threads were stopped: 0.0000500 seconds, Stopping threads took: 0.0000066 seconds
2020-04-30T05:30:16.373+0700: 22108.221: Total time for which application threads were stopped: 0.0001539 seconds, Stopping threads took: 0.0000217 seconds
2020-04-30T05:30:16.373+0700: 22108.221: Total time for which application threads were stopped: 0.0000782 seconds, Stopping threads took: 0.0000083 seconds
2020-04-30T05:30:16.374+0700: 22108.221: Total time for which application threads were stopped: 0.0000659 seconds, Stopping threads took: 0.0000086 seconds
2020-04-30T05:30:16.374+0700: 22108.221: Total time for which application threads were stopped: 0.0000457 seconds, Stopping threads took: 0.0000041 seconds
2020-04-30T05:30:33.826+0700: 22125.673: Total time for which application threads were stopped: 0.0001680 seconds, Stopping threads took: 0.0000242 seconds
2020-04-30T05:30:33.826+0700: 22125.673: Total time for which application threads were stopped: 0.0000712 seconds, Stopping threads took: 0.0000082 seconds
2020-04-30T05:30:33.826+0700: 22125.674: Total time for which application threads were stopped: 0.0000666 seconds, Stopping threads took: 0.0000078 seconds
2020-04-30T05:30:33.826+0700: 22125.674: Total time for which application threads were stopped: 0.0000520 seconds, Stopping threads took: 0.0000048 seconds
2020-04-30T05:30:45.507+0700: 22137.355: Total time for which application threads were stopped: 0.0001118 seconds, Stopping threads took: 0.0000314 seconds
2020-04-30T05:30:48.854+0700: 22140.701: Total time for which application threads were stopped: 0.0001473 seconds, Stopping threads took: 0.0000211 seconds
2020-04-30T05:30:48.854+0700: 22140.701: Total time for which application threads were stopped: 0.0000786 seconds, Stopping threads took: 0.0000088 seconds
2020-04-30T05:30:48.854+0700: 22140.701: Total time for which application threads were stopped: 0.0000672 seconds, Stopping threads took: 0.0000088 seconds
2020-04-30T05:30:48.854+0700: 22140.701: Total time for which application threads were stopped: 0.0000456 seconds, Stopping threads took: 0.0000043 seconds
2020-04-30T05:31:01.430+0700: 22153.277: Total time for which application threads were stopped: 0.0001270 seconds, Stopping threads took: 0.0000322 seconds
2020-04-30T05:31:01.430+0700: 22153.277: Total time for which application threads were stopped: 0.0000918 seconds, Stopping threads took: 0.0000273 seconds
2020-04-30T05:31:01.431+0700: 22153.277: Total time for which application threads were stopped: 0.0000740 seconds, Stopping threads took: 0.0000251 seconds
2020-04-30T05:31:07.148+0700: 22158.995: Total time for which application threads were stopped: 0.0001689 seconds, Stopping threads took: 0.0000246 seconds
2020-04-30T05:31:07.148+0700: 22158.995: Total time for which application threads were stopped: 0.0000737 seconds, Stopping threads took: 0.0000087 seconds
2020-04-30T05:31:07.148+0700: 22158.995: Total time for which application threads were stopped: 0.0000667 seconds, Stopping threads took: 0.0000080 seconds
2020-04-30T05:31:07.148+0700: 22158.995: Total time for which application threads were stopped: 0.0000522 seconds, Stopping threads took: 0.0000047 seconds
2020-04-30T05:31:18.572+0700: 22170.418: Total time for which application threads were stopped: 0.0001658 seconds, Stopping threads took: 0.0000335 seconds
2020-04-30T05:31:18.572+0700: 22170.418: Total time for which application threads were stopped: 0.0001182 seconds, Stopping threads took: 0.0000246 seconds
2020-04-30T05:31:18.573+0700: 22170.420: Total time for which application threads were stopped: 0.0001030 seconds, Stopping threads took: 0.0000302 seconds
2020-04-30T05:31:18.573+0700: 22170.420: Total time for which application threads were stopped: 0.0000618 seconds, Stopping threads took: 0.0000060 seconds
2020-04-30T05:31:18.574+0700: 22170.420: Total time for which application threads were stopped: 0.0000724 seconds, Stopping threads took: 0.0000055 seconds
2020-04-30T05:31:18.574+0700: 22170.420: Total time for which application threads were stopped: 0.0000835 seconds, Stopping threads took: 0.0000050 seconds
2020-04-30T05:31:18.574+0700: 22170.420: Total time for which application threads were stopped: 0.0000842 seconds, Stopping threads took: 0.0000050 seconds
2020-04-30T05:31:18.574+0700: 22170.421: Total time for which application threads were stopped: 0.0002118 seconds, Stopping threads took: 0.0000189 seconds
2020-04-30T05:31:18.577+0700: 22170.423: Total time for which application threads were stopped: 0.0000864 seconds, Stopping threads took: 0.0000139 seconds
2020-04-30T05:31:18.583+0700: 22170.429: Total time for which application threads were stopped: 0.0001315 seconds, Stopping threads took: 0.0000323 seconds
2020-04-30T05:31:18.602+0700: 22170.448: Total time for which application threads were stopped: 0.0001039 seconds, Stopping threads took: 0.0000306 seconds
2020-04-30T05:31:24.268+0700: 22176.115: Total time for which application threads were stopped: 0.0001539 seconds, Stopping threads took: 0.0000205 seconds
2020-04-30T05:31:24.269+0700: 22176.115: Total time for which application threads were stopped: 0.0000822 seconds, Stopping threads took: 0.0000096 seconds
2020-04-30T05:31:24.269+0700: 22176.115: Total time for which application threads were stopped: 0.0000671 seconds, Stopping threads took: 0.0000096 seconds
2020-04-30T05:31:24.269+0700: 22176.115: Total time for which application threads were stopped: 0.0000458 seconds, Stopping threads took: 0.0000042 seconds
2020-04-30T05:31:35.710+0700: 22187.556: Total time for which application threads were stopped: 0.0001124 seconds, Stopping threads took: 0.0000334 seconds
2020-04-30T05:31:38.450+0700: 22190.296: Total time for which application threads were stopped: 0.0001531 seconds, Stopping threads took: 0.0000205 seconds
2020-04-30T05:31:38.450+0700: 22190.296: Total time for which application threads were stopped: 0.0000798 seconds, Stopping threads took: 0.0000084 seconds
2020-04-30T05:31:38.450+0700: 22190.296: Total time for which application threads were stopped: 0.0000573 seconds, Stopping threads took: 0.0000066 seconds
2020-04-30T05:31:38.450+0700: 22190.296: Total time for which application threads were stopped: 0.0000434 seconds, Stopping threads took: 0.0000039 seconds
2020-04-30T05:31:51.827+0700: 22203.673: Total time for which application threads were stopped: 0.0001207 seconds, Stopping threads took: 0.0000210 seconds
2020-04-30T05:31:51.827+0700: 22203.673: Total time for which application threads were stopped: 0.0000719 seconds, Stopping threads took: 0.0000112 seconds
2020-04-30T05:31:51.834+0700: 22203.680: Total time for which application threads were stopped: 0.0000881 seconds, Stopping threads took: 0.0000142 seconds
2020-04-30T05:31:58.125+0700: 22209.971: Total time for which application threads were stopped: 0.0001573 seconds, Stopping threads took: 0.0000212 seconds
2020-04-30T05:31:58.125+0700: 22209.971: Total time for which application threads were stopped: 0.0000591 seconds, Stopping threads took: 0.0000067 seconds
2020-04-30T05:31:58.125+0700: 22209.971: Total time for which application threads were stopped: 0.0000646 seconds, Stopping threads took: 0.0000088 seconds
2020-04-30T05:31:58.125+0700: 22209.971: Total time for which application threads were stopped: 0.0000464 seconds, Stopping threads took: 0.0000043 seconds
2020-04-30T05:32:08.003+0700: 22219.848: Total time for which application threads were stopped: 0.0001082 seconds, Stopping threads took: 0.0000171 seconds
2020-04-30T05:32:08.003+0700: 22219.848: Total time for which application threads were stopped: 0.0000508 seconds, Stopping threads took: 0.0000067 seconds
2020-04-30T05:32:08.009+0700: 22219.854: Total time for which application threads were stopped: 0.0000930 seconds, Stopping threads took: 0.0000287 seconds
2020-04-30T05:32:11.391+0700: 22223.236: Total time for which application threads were stopped: 0.0001450 seconds, Stopping threads took: 0.0000208 seconds
2020-04-30T05:32:11.391+0700: 22223.236: Total time for which application threads were stopped: 0.0000757 seconds, Stopping threads took: 0.0000084 seconds
2020-04-30T05:32:11.391+0700: 22223.236: Total time for which application threads were stopped: 0.0000555 seconds, Stopping threads took: 0.0000068 seconds
2020-04-30T05:32:11.391+0700: 22223.236: Total time for which application threads were stopped: 0.0000431 seconds, Stopping threads took: 0.0000040 seconds
2020-04-30T05:32:24.771+0700: 22236.616: Total time for which application threads were stopped: 0.0000983 seconds, Stopping threads took: 0.0000175 seconds
2020-04-30T05:32:31.917+0700: 22243.762: Total time for which application threads were stopped: 0.0001527 seconds, Stopping threads took: 0.0000225 seconds
2020-04-30T05:32:31.918+0700: 22243.762: Total time for which application threads were stopped: 0.0000604 seconds, Stopping threads took: 0.0000069 seconds
2020-04-30T05:32:31.918+0700: 22243.763: Total time for which application threads were stopped: 0.0000646 seconds, Stopping threads took: 0.0000083 seconds
2020-04-30T05:32:31.918+0700: 22243.763: Total time for which application threads were stopped: 0.0000455 seconds, Stopping threads took: 0.0000043 seconds
{Heap before GC invocations=51 (full 0):
 garbage-first heap   total 524288K, used 377436K [0x00000007a0000000, 0x00000007a0101000, 0x00000007c0000000)
  region size 1024K, 307 young (314368K), 9 survivors (9216K)
 Metaspace       used 54118K, capacity 56406K, committed 56648K, reserved 1099776K
  class space    used 6221K, capacity 6670K, committed 6732K, reserved 1048576K
2020-04-30T05:32:40.459+0700: 22252.303: [GC pause (G1 Evacuation Pause) (young)
Desired survivor size 20447232 bytes, new threshold 15 (max 15)
- age   1:    3962944 bytes,    3962944 total
- age   2:    2476688 bytes,    6439632 total
- age   3:      54456 bytes,    6494088 total
- age   4:      54368 bytes,    6548456 total
- age   5:      54936 bytes,    6603392 total
- age   6:     101136 bytes,    6704528 total
- age   7:      11200 bytes,    6715728 total
- age   8:      15064 bytes,    6730792 total
- age   9:      18040 bytes,    6748832 total
- age  10:       3880 bytes,    6752712 total
- age  11:       2072 bytes,    6754784 total
- age  12:       3376 bytes,    6758160 total
- age  13:       3360 bytes,    6761520 total
- age  14:        744 bytes,    6762264 total
- age  15:        776 bytes,    6763040 total
, 0.0049548 secs]
   [Parallel Time: 1.8 ms, GC Workers: 8]
      [GC Worker Start (ms): Min: 22252303.5, Avg: 22252303.5, Max: 22252303.6, Diff: 0.1]
      [Ext Root Scanning (ms): Min: 0.1, Avg: 0.4, Max: 1.0, Diff: 0.9, Sum: 3.0]
      [Update RS (ms): Min: 0.0, Avg: 0.1, Max: 0.2, Diff: 0.2, Sum: 1.0]
         [Processed Buffers: Min: 0, Avg: 3.1, Max: 12, Diff: 12, Sum: 25]
      [Scan RS (ms): Min: 0.0, Avg: 0.0, Max: 0.0, Diff: 0.0, Sum: 0.2]
      [Code Root Scanning (ms): Min: 0.0, Avg: 0.0, Max: 0.1, Diff: 0.1, Sum: 0.1]
      [Object Copy (ms): Min: 0.6, Avg: 1.1, Max: 1.4, Diff: 0.8, Sum: 8.4]
      [Termination (ms): Min: 0.0, Avg: 0.0, Max: 0.0, Diff: 0.0, Sum: 0.0]
         [Termination Attempts: Min: 1, Avg: 1.0, Max: 1, Diff: 0, Sum: 8]
      [GC Worker Other (ms): Min: 0.0, Avg: 0.1, Max: 0.1, Diff: 0.1, Sum: 0.4]
      [GC Worker Total (ms): Min: 1.6, Avg: 1.6, Max: 1.7, Diff: 0.1, Sum: 13.1]
      [GC Worker End (ms): Min: 22252305.1, Avg: 22252305.2, Max: 22252305.2, Diff: 0.1]
   [Code Root Fixup: 0.0 ms]
   [Code Root Purge: 0.0 ms]
   [Clear CT: 0.2 ms]
   [Other: 3.0 ms]
      [Choose CSet: 0.0 ms]
      [Ref Proc: 2.5 ms]
      [Ref Enq: 0.2 ms]
      [Redirty Cards: 0.1 ms]
      [Humongous Register: 0.0 ms]
      [Humongous Reclaim: 0.0 ms]
      [Free CSet: 0.1 ms]
   [Eden: 298.0M(298.0M)->0.0B(297.0M) Survivors: 9216.0K->10.0M Heap: 368.6M(512.0M)->71.6M(512.0M)]
Heap after GC invocations=52 (full 0):
 garbage-first heap   total 524288K, used 73314K [0x00000007a0000000, 0x00000007a0101000, 0x00000007c0000000)
  region size 1024K, 10 young (10240K), 10 survivors (10240K)
 Metaspace       used 54118K, capacity 56406K, committed 56648K, reserved 1099776K
  class space    used 6221K, capacity 6670K, committed 6732K, reserved 1048576K
}
 [Times: user=0.02 sys=0.01, real=0.01 secs] 
2020-04-30T05:32:40.464+0700: 22252.308: Total time for which application threads were stopped: 0.0052153 seconds, Stopping threads took: 0.0000326 seconds
2020-04-30T05:32:40.465+0700: 22252.309: Total time for which application threads were stopped: 0.0000890 seconds, Stopping threads took: 0.0000267 seconds
2020-04-30T05:32:43.401+0700: 22255.246: Total time for which application threads were stopped: 0.0001575 seconds, Stopping threads took: 0.0000211 seconds
2020-04-30T05:32:43.401+0700: 22255.246: Total time for which application threads were stopped: 0.0000756 seconds, Stopping threads took: 0.0000081 seconds
2020-04-30T05:32:43.401+0700: 22255.246: Total time for which application threads were stopped: 0.0000821 seconds, Stopping threads took: 0.0000064 seconds
2020-04-30T05:32:43.401+0700: 22255.246: Total time for which application threads were stopped: 0.0000481 seconds, Stopping threads took: 0.0000051 seconds
2020-04-30T05:32:56.852+0700: 22268.696: Total time for which application threads were stopped: 0.0001133 seconds, Stopping threads took: 0.0000319 seconds
2020-04-30T05:32:59.317+0700: 22271.161: Total time for which application threads were stopped: 0.0001532 seconds, Stopping threads took: 0.0000206 seconds
2020-04-30T05:32:59.317+0700: 22271.161: Total time for which application threads were stopped: 0.0000755 seconds, Stopping threads took: 0.0000077 seconds
2020-04-30T05:32:59.317+0700: 22271.162: Total time for which application threads were stopped: 0.0000677 seconds, Stopping threads took: 0.0000085 seconds
2020-04-30T05:32:59.317+0700: 22271.162: Total time for which application threads were stopped: 0.0000467 seconds, Stopping threads took: 0.0000044 seconds
2020-04-30T05:33:12.646+0700: 22284.490: Total time for which application threads were stopped: 0.0002968 seconds, Stopping threads took: 0.0000181 seconds
2020-04-30T05:33:12.647+0700: 22284.491: Total time for which application threads were stopped: 0.0001613 seconds, Stopping threads took: 0.0000121 seconds
2020-04-30T05:33:19.250+0700: 22291.093: Total time for which application threads were stopped: 0.0002929 seconds, Stopping threads took: 0.0000219 seconds
2020-04-30T05:33:19.250+0700: 22291.094: Total time for which application threads were stopped: 0.0000730 seconds, Stopping threads took: 0.0000086 seconds
2020-04-30T05:33:19.250+0700: 22291.094: Total time for which application threads were stopped: 0.0000669 seconds, Stopping threads took: 0.0000092 seconds
2020-04-30T05:33:19.250+0700: 22291.094: Total time for which application threads were stopped: 0.0000457 seconds, Stopping threads took: 0.0000042 seconds
2020-04-30T05:33:32.331+0700: 22304.174: Total time for which application threads were stopped: 0.0001285 seconds, Stopping threads took: 0.0000345 seconds
2020-04-30T05:33:32.336+0700: 22304.180: Total time for which application threads were stopped: 0.0001417 seconds, Stopping threads took: 0.0000289 seconds
2020-04-30T05:33:32.337+0700: 22304.180: Total time for which application threads were stopped: 0.0001706 seconds, Stopping threads took: 0.0000333 seconds
2020-04-30T05:33:32.338+0700: 22304.181: Total time for which application threads were stopped: 0.0001707 seconds, Stopping threads took: 0.0000776 seconds
2020-04-30T05:33:32.338+0700: 22304.181: Total time for which application threads were stopped: 0.0000891 seconds, Stopping threads took: 0.0000176 seconds
2020-04-30T05:33:32.338+0700: 22304.182: Total time for which application threads were stopped: 0.0000991 seconds, Stopping threads took: 0.0000146 seconds
2020-04-30T05:33:32.384+0700: 22304.228: Total time for which application threads were stopped: 0.0000809 seconds, Stopping threads took: 0.0000142 seconds
2020-04-30T05:33:32.507+0700: 22304.350: Total time for which application threads were stopped: 0.0001061 seconds, Stopping threads took: 0.0000327 seconds
2020-04-30T05:33:32.509+0700: 22304.353: Total time for which application threads were stopped: 0.0000939 seconds, Stopping threads took: 0.0000282 seconds
2020-04-30T05:33:54.958+0700: 22326.801: Total time for which application threads were stopped: 0.0001428 seconds, Stopping threads took: 0.0000336 seconds
2020-04-30T05:33:54.958+0700: 22326.802: Total time for which application threads were stopped: 0.0001558 seconds, Stopping threads took: 0.0000353 seconds
2020-04-30T05:33:54.959+0700: 22326.802: Total time for which application threads were stopped: 0.0000693 seconds, Stopping threads took: 0.0000055 seconds
2020-04-30T05:33:54.959+0700: 22326.802: Total time for which application threads were stopped: 0.0001048 seconds, Stopping threads took: 0.0000234 seconds
2020-04-30T05:33:54.959+0700: 22326.802: Total time for which application threads were stopped: 0.0001050 seconds, Stopping threads took: 0.0000239 seconds
2020-04-30T05:33:54.959+0700: 22326.802: Total time for which application threads were stopped: 0.0001041 seconds, Stopping threads took: 0.0000234 seconds
2020-04-30T05:33:54.959+0700: 22326.802: Total time for which application threads were stopped: 0.0001042 seconds, Stopping threads took: 0.0000234 seconds
2020-04-30T05:33:54.959+0700: 22326.802: Total time for which application threads were stopped: 0.0001039 seconds, Stopping threads took: 0.0000235 seconds
2020-04-30T05:33:54.959+0700: 22326.802: Total time for which application threads were stopped: 0.0001049 seconds, Stopping threads took: 0.0000237 seconds
2020-04-30T05:33:54.959+0700: 22326.803: Total time for which application threads were stopped: 0.0001050 seconds, Stopping threads took: 0.0000237 seconds
2020-04-30T05:33:54.959+0700: 22326.803: Total time for which application threads were stopped: 0.0001040 seconds, Stopping threads took: 0.0000234 seconds
2020-04-30T05:33:54.960+0700: 22326.803: Total time for which application threads were stopped: 0.0000720 seconds, Stopping threads took: 0.0000234 seconds
2020-04-30T05:33:54.960+0700: 22326.803: Total time for which application threads were stopped: 0.0000400 seconds, Stopping threads took: 0.0000053 seconds
2020-04-30T05:33:54.960+0700: 22326.803: Total time for which application threads were stopped: 0.0000938 seconds, Stopping threads took: 0.0000223 seconds
2020-04-30T05:33:54.960+0700: 22326.803: Total time for which application threads were stopped: 0.0001650 seconds, Stopping threads took: 0.0000087 seconds
2020-04-30T05:34:21.296+0700: 22353.139: Total time for which application threads were stopped: 0.0001542 seconds, Stopping threads took: 0.0000212 seconds
2020-04-30T05:34:21.297+0700: 22353.139: Total time for which application threads were stopped: 0.0002084 seconds, Stopping threads took: 0.0000071 seconds
2020-04-30T05:34:21.297+0700: 22353.140: Total time for which application threads were stopped: 0.0000799 seconds, Stopping threads took: 0.0000106 seconds
2020-04-30T05:34:21.297+0700: 22353.140: Total time for which application threads were stopped: 0.0000522 seconds, Stopping threads took: 0.0000061 seconds
2020-04-30T05:34:23.752+0700: 22355.594: Total time for which application threads were stopped: 0.0001590 seconds, Stopping threads took: 0.0000335 seconds
2020-04-30T05:34:23.752+0700: 22355.594: Total time for which application threads were stopped: 0.0001004 seconds, Stopping threads took: 0.0000249 seconds
2020-04-30T05:34:23.754+0700: 22355.597: Total time for which application threads were stopped: 0.0001983 seconds, Stopping threads took: 0.0000532 seconds
2020-04-30T05:34:23.754+0700: 22355.597: Total time for which application threads were stopped: 0.0000889 seconds, Stopping threads took: 0.0000143 seconds
2020-04-30T05:34:23.756+0700: 22355.599: Total time for which application threads were stopped: 0.0001425 seconds, Stopping threads took: 0.0000288 seconds
2020-04-30T05:34:23.757+0700: 22355.600: Total time for which application threads were stopped: 0.0001286 seconds, Stopping threads took: 0.0000263 seconds
2020-04-30T05:34:23.768+0700: 22355.611: Total time for which application threads were stopped: 0.0000910 seconds, Stopping threads took: 0.0000294 seconds
2020-04-30T05:34:23.780+0700: 22355.623: Total time for which application threads were stopped: 0.0001044 seconds, Stopping threads took: 0.0000174 seconds
2020-04-30T05:34:23.780+0700: 22355.623: Total time for which application threads were stopped: 0.0000920 seconds, Stopping threads took: 0.0000133 seconds
2020-04-30T05:34:24.785+0700: 22356.628: Total time for which application threads were stopped: 0.0001135 seconds, Stopping threads took: 0.0000353 seconds
2020-04-30T05:34:31.571+0700: 22363.413: Total time for which application threads were stopped: 0.0001543 seconds, Stopping threads took: 0.0000224 seconds
2020-04-30T05:34:31.571+0700: 22363.413: Total time for which application threads were stopped: 0.0000609 seconds, Stopping threads took: 0.0000065 seconds
2020-04-30T05:34:31.571+0700: 22363.413: Total time for which application threads were stopped: 0.0000569 seconds, Stopping threads took: 0.0000066 seconds
2020-04-30T05:34:31.571+0700: 22363.414: Total time for which application threads were stopped: 0.0000438 seconds, Stopping threads took: 0.0000039 seconds
2020-04-30T05:34:43.357+0700: 22375.199: Total time for which application threads were stopped: 0.0002056 seconds, Stopping threads took: 0.0000505 seconds
2020-04-30T05:34:50.875+0700: 22382.717: Total time for which application threads were stopped: 0.0001584 seconds, Stopping threads took: 0.0000221 seconds
2020-04-30T05:34:50.875+0700: 22382.717: Total time for which application threads were stopped: 0.0000814 seconds, Stopping threads took: 0.0000083 seconds
2020-04-30T05:34:50.875+0700: 22382.717: Total time for which application threads were stopped: 0.0002047 seconds, Stopping threads took: 0.0000094 seconds
2020-04-30T05:34:50.875+0700: 22382.717: Total time for which application threads were stopped: 0.0001468 seconds, Stopping threads took: 0.0000047 seconds
2020-04-30T05:34:52.307+0700: 22384.149: Total time for which application threads were stopped: 0.0001355 seconds, Stopping threads took: 0.0000204 seconds
2020-04-30T05:34:52.307+0700: 22384.149: Total time for which application threads were stopped: 0.0000549 seconds, Stopping threads took: 0.0000046 seconds
2020-04-30T05:35:04.356+0700: 22396.198: Total time for which application threads were stopped: 0.0001756 seconds, Stopping threads took: 0.0000352 seconds
2020-04-30T05:35:04.356+0700: 22396.198: Total time for which application threads were stopped: 0.0000653 seconds, Stopping threads took: 0.0000065 seconds
2020-04-30T05:35:04.362+0700: 22396.204: Total time for which application threads were stopped: 0.0001795 seconds, Stopping threads took: 0.0000293 seconds
2020-04-30T05:35:09.773+0700: 22401.615: Total time for which application threads were stopped: 0.0001519 seconds, Stopping threads took: 0.0000205 seconds
2020-04-30T05:35:09.773+0700: 22401.615: Total time for which application threads were stopped: 0.0000784 seconds, Stopping threads took: 0.0000082 seconds
2020-04-30T05:35:09.773+0700: 22401.615: Total time for which application threads were stopped: 0.0000680 seconds, Stopping threads took: 0.0000092 seconds
2020-04-30T05:35:09.773+0700: 22401.615: Total time for which application threads were stopped: 0.0000463 seconds, Stopping threads took: 0.0000042 seconds
2020-04-30T05:35:23.078+0700: 22414.919: Total time for which application threads were stopped: 0.0001507 seconds, Stopping threads took: 0.0000164 seconds
2020-04-30T05:35:26.113+0700: 22417.954: Total time for which application threads were stopped: 0.0001435 seconds, Stopping threads took: 0.0000196 seconds
2020-04-30T05:35:26.113+0700: 22417.954: Total time for which application threads were stopped: 0.0000771 seconds, Stopping threads took: 0.0000080 seconds
2020-04-30T05:35:26.113+0700: 22417.954: Total time for which application threads were stopped: 0.0000679 seconds, Stopping threads took: 0.0000087 seconds
2020-04-30T05:35:26.113+0700: 22417.954: Total time for which application threads were stopped: 0.0000454 seconds, Stopping threads took: 0.0000044 seconds
2020-04-30T05:35:40.063+0700: 22431.904: Total time for which application threads were stopped: 0.0001138 seconds, Stopping threads took: 0.0000329 seconds
2020-04-30T05:35:41.441+0700: 22433.282: Total time for which application threads were stopped: 0.0001476 seconds, Stopping threads took: 0.0000204 seconds
2020-04-30T05:35:41.441+0700: 22433.282: Total time for which application threads were stopped: 0.0000796 seconds, Stopping threads took: 0.0000079 seconds
2020-04-30T05:35:41.441+0700: 22433.282: Total time for which application threads were stopped: 0.0000589 seconds, Stopping threads took: 0.0000070 seconds
2020-04-30T05:35:41.441+0700: 22433.282: Total time for which application threads were stopped: 0.0000468 seconds, Stopping threads took: 0.0000045 seconds
2020-04-30T05:35:55.434+0700: 22447.275: Total time for which application threads were stopped: 0.0001248 seconds, Stopping threads took: 0.0000206 seconds
2020-04-30T05:35:57.361+0700: 22449.202: Total time for which application threads were stopped: 0.0001540 seconds, Stopping threads took: 0.0000213 seconds
2020-04-30T05:35:57.361+0700: 22449.202: Total time for which application threads were stopped: 0.0000778 seconds, Stopping threads took: 0.0000086 seconds
2020-04-30T05:35:57.361+0700: 22449.202: Total time for which application threads were stopped: 0.0000685 seconds, Stopping threads took: 0.0000093 seconds
2020-04-30T05:35:57.361+0700: 22449.202: Total time for which application threads were stopped: 0.0000469 seconds, Stopping threads took: 0.0000044 seconds
2020-04-30T05:36:10.489+0700: 22462.330: Total time for which application threads were stopped: 0.0001838 seconds, Stopping threads took: 0.0000335 seconds
2020-04-30T05:36:12.631+0700: 22464.471: Total time for which application threads were stopped: 0.0001441 seconds, Stopping threads took: 0.0000205 seconds
2020-04-30T05:36:12.631+0700: 22464.471: Total time for which application threads were stopped: 0.0000775 seconds, Stopping threads took: 0.0000088 seconds
2020-04-30T05:36:12.631+0700: 22464.471: Total time for which application threads were stopped: 0.0000568 seconds, Stopping threads took: 0.0000072 seconds
2020-04-30T05:36:12.631+0700: 22464.472: Total time for which application threads were stopped: 0.0000595 seconds, Stopping threads took: 0.0000069 seconds
2020-04-30T05:36:26.068+0700: 22477.908: Total time for which application threads were stopped: 0.0001088 seconds, Stopping threads took: 0.0000319 seconds
2020-04-30T05:36:33.011+0700: 22484.851: Total time for which application threads were stopped: 0.0001515 seconds, Stopping threads took: 0.0000204 seconds
2020-04-30T05:36:33.011+0700: 22484.851: Total time for which application threads were stopped: 0.0000811 seconds, Stopping threads took: 0.0000084 seconds
2020-04-30T05:36:33.011+0700: 22484.851: Total time for which application threads were stopped: 0.0000690 seconds, Stopping threads took: 0.0000097 seconds
2020-04-30T05:36:33.012+0700: 22484.852: Total time for which application threads were stopped: 0.0000454 seconds, Stopping threads took: 0.0000041 seconds
2020-04-30T05:36:45.269+0700: 22497.109: Total time for which application threads were stopped: 0.0001288 seconds, Stopping threads took: 0.0000291 seconds
2020-04-30T05:36:45.270+0700: 22497.110: Total time for which application threads were stopped: 0.0001369 seconds, Stopping threads took: 0.0000259 seconds
2020-04-30T05:36:45.271+0700: 22497.111: Total time for which application threads were stopped: 0.0001417 seconds, Stopping threads took: 0.0000407 seconds
2020-04-30T05:36:45.272+0700: 22497.111: Total time for which application threads were stopped: 0.0000977 seconds, Stopping threads took: 0.0000284 seconds
2020-04-30T05:36:45.273+0700: 22497.112: Total time for which application threads were stopped: 0.0000984 seconds, Stopping threads took: 0.0000337 seconds
2020-04-30T05:36:45.273+0700: 22497.113: Total time for which application threads were stopped: 0.0002158 seconds, Stopping threads took: 0.0000304 seconds
2020-04-30T05:36:45.457+0700: 22497.296: Total time for which application threads were stopped: 0.0000969 seconds, Stopping threads took: 0.0000176 seconds
2020-04-30T05:36:48.191+0700: 22500.031: Total time for which application threads were stopped: 0.0001448 seconds, Stopping threads took: 0.0000197 seconds
2020-04-30T05:36:48.191+0700: 22500.031: Total time for which application threads were stopped: 0.0000753 seconds, Stopping threads took: 0.0000092 seconds
2020-04-30T05:36:50.669+0700: 22502.508: Total time for which application threads were stopped: 0.0001587 seconds, Stopping threads took: 0.0000203 seconds
2020-04-30T05:36:54.997+0700: 22506.837: Total time for which application threads were stopped: 0.0001263 seconds, Stopping threads took: 0.0000327 seconds
2020-04-30T05:36:54.997+0700: 22506.837: Total time for which application threads were stopped: 0.0000767 seconds, Stopping threads took: 0.0000251 seconds
2020-04-30T05:36:54.997+0700: 22506.837: Total time for which application threads were stopped: 0.0000776 seconds, Stopping threads took: 0.0000250 seconds
2020-04-30T05:36:54.997+0700: 22506.837: Total time for which application threads were stopped: 0.0000554 seconds, Stopping threads took: 0.0000055 seconds
2020-04-30T05:36:54.997+0700: 22506.837: Total time for which application threads were stopped: 0.0000638 seconds, Stopping threads took: 0.0000239 seconds
2020-04-30T05:36:54.998+0700: 22506.837: Total time for which application threads were stopped: 0.0000906 seconds, Stopping threads took: 0.0000217 seconds
2020-04-30T05:36:54.998+0700: 22506.837: Total time for which application threads were stopped: 0.0000533 seconds, Stopping threads took: 0.0000051 seconds
2020-04-30T05:36:54.998+0700: 22506.837: Total time for which application threads were stopped: 0.0000629 seconds, Stopping threads took: 0.0000235 seconds
2020-04-30T05:36:54.998+0700: 22506.837: Total time for which application threads were stopped: 0.0000913 seconds, Stopping threads took: 0.0000214 seconds
2020-04-30T05:36:54.998+0700: 22506.838: Total time for which application threads were stopped: 0.0000624 seconds, Stopping threads took: 0.0000235 seconds
2020-04-30T05:36:54.998+0700: 22506.838: Total time for which application threads were stopped: 0.0000562 seconds, Stopping threads took: 0.0000055 seconds
2020-04-30T05:36:54.998+0700: 22506.838: Total time for which application threads were stopped: 0.0000591 seconds, Stopping threads took: 0.0000235 seconds
2020-04-30T05:36:54.998+0700: 22506.838: Total time for which application threads were stopped: 0.0000532 seconds, Stopping threads took: 0.0000055 seconds
2020-04-30T05:36:54.998+0700: 22506.838: Total time for which application threads were stopped: 0.0000591 seconds, Stopping threads took: 0.0000234 seconds
2020-04-30T05:36:54.999+0700: 22506.838: Total time for which application threads were stopped: 0.0000527 seconds, Stopping threads took: 0.0000057 seconds
2020-04-30T05:36:54.999+0700: 22506.838: Total time for which application threads were stopped: 0.0000597 seconds, Stopping threads took: 0.0000236 seconds
2020-04-30T05:36:54.999+0700: 22506.838: Total time for which application threads were stopped: 0.0000871 seconds, Stopping threads took: 0.0000213 seconds
2020-04-30T05:36:54.999+0700: 22506.838: Total time for which application threads were stopped: 0.0000588 seconds, Stopping threads took: 0.0000235 seconds
2020-04-30T05:36:54.999+0700: 22506.839: Total time for which application threads were stopped: 0.0001544 seconds, Stopping threads took: 0.0000055 seconds
2020-04-30T05:37:00.274+0700: 22512.114: Total time for which application threads were stopped: 0.0001106 seconds, Stopping threads took: 0.0000337 seconds
2020-04-30T05:37:00.275+0700: 22512.114: Total time for which application threads were stopped: 0.0000665 seconds, Stopping threads took: 0.0000089 seconds
2020-04-30T05:37:00.275+0700: 22512.114: Total time for which application threads were stopped: 0.0000854 seconds, Stopping threads took: 0.0000063 seconds
2020-04-30T05:37:00.275+0700: 22512.114: Total time for which application threads were stopped: 0.0000915 seconds, Stopping threads took: 0.0000218 seconds
2020-04-30T05:37:00.275+0700: 22512.114: Total time for which application threads were stopped: 0.0000385 seconds, Stopping threads took: 0.0000050 seconds
2020-04-30T05:37:00.275+0700: 22512.114: Total time for which application threads were stopped: 0.0000570 seconds, Stopping threads took: 0.0000053 seconds
2020-04-30T05:37:00.275+0700: 22512.115: Total time for which application threads were stopped: 0.0000412 seconds, Stopping threads took: 0.0000049 seconds
2020-04-30T05:37:00.275+0700: 22512.115: Total time for which application threads were stopped: 0.0000529 seconds, Stopping threads took: 0.0000194 seconds
2020-04-30T05:37:00.276+0700: 22512.116: Total time for which application threads were stopped: 0.0000557 seconds, Stopping threads took: 0.0000084 seconds
2020-04-30T05:37:00.277+0700: 22512.117: Total time for which application threads were stopped: 0.0000444 seconds, Stopping threads took: 0.0000061 seconds
2020-04-30T05:37:00.286+0700: 22512.125: Total time for which application threads were stopped: 0.0001176 seconds, Stopping threads took: 0.0000174 seconds
2020-04-30T05:37:00.286+0700: 22512.126: Total time for which application threads were stopped: 0.0000617 seconds, Stopping threads took: 0.0000076 seconds
2020-04-30T05:37:00.289+0700: 22512.128: Total time for which application threads were stopped: 0.0000778 seconds, Stopping threads took: 0.0000260 seconds
2020-04-30T05:37:52.532+0700: 22564.367: Total time for which application threads were stopped: 0.0001560 seconds, Stopping threads took: 0.0000202 seconds
2020-04-30T05:37:52.532+0700: 22564.367: Total time for which application threads were stopped: 0.0000771 seconds, Stopping threads took: 0.0000093 seconds
2020-04-30T05:37:52.532+0700: 22564.367: Total time for which application threads were stopped: 0.0000682 seconds, Stopping threads took: 0.0000091 seconds
2020-04-30T05:37:52.532+0700: 22564.367: Total time for which application threads were stopped: 0.0000479 seconds, Stopping threads took: 0.0000044 seconds
2020-04-30T05:38:05.646+0700: 22577.476: Total time for which application threads were stopped: 0.0001477 seconds, Stopping threads took: 0.0000206 seconds
2020-04-30T05:38:05.647+0700: 22577.476: Total time for which application threads were stopped: 0.0000777 seconds, Stopping threads took: 0.0000090 seconds
2020-04-30T05:38:05.647+0700: 22577.477: Total time for which application threads were stopped: 0.0000573 seconds, Stopping threads took: 0.0000068 seconds
2020-04-30T05:38:05.647+0700: 22577.477: Total time for which application threads were stopped: 0.0000439 seconds, Stopping threads took: 0.0000043 seconds
2020-04-30T05:38:19.719+0700: 22591.546: Total time for which application threads were stopped: 0.0000987 seconds, Stopping threads took: 0.0000189 seconds
2020-04-30T05:38:29.097+0700: 22600.923: Total time for which application threads were stopped: 0.0001583 seconds, Stopping threads took: 0.0000213 seconds
2020-04-30T05:38:29.097+0700: 22600.924: Total time for which application threads were stopped: 0.0000622 seconds, Stopping threads took: 0.0000075 seconds
2020-04-30T05:38:29.097+0700: 22600.924: Total time for which application threads were stopped: 0.0000768 seconds, Stopping threads took: 0.0000145 seconds
2020-04-30T05:38:29.097+0700: 22600.924: Total time for which application threads were stopped: 0.0000524 seconds, Stopping threads took: 0.0000066 seconds
2020-04-30T05:38:41.087+0700: 22612.913: Total time for which application threads were stopped: 0.0001639 seconds, Stopping threads took: 0.0000539 seconds
2020-04-30T05:38:41.087+0700: 22612.913: Total time for which application threads were stopped: 0.0000631 seconds, Stopping threads took: 0.0000058 seconds
2020-04-30T05:38:42.521+0700: 22614.347: Total time for which application threads were stopped: 0.0001555 seconds, Stopping threads took: 0.0000203 seconds
2020-04-30T05:38:42.522+0700: 22614.347: Total time for which application threads were stopped: 0.0000778 seconds, Stopping threads took: 0.0000089 seconds
2020-04-30T05:38:42.522+0700: 22614.347: Total time for which application threads were stopped: 0.0000692 seconds, Stopping threads took: 0.0000094 seconds
2020-04-30T05:38:42.523+0700: 22614.348: Total time for which application threads were stopped: 0.0000554 seconds, Stopping threads took: 0.0000056 seconds
2020-04-30T05:39:17.539+0700: 22649.363: Total time for which application threads were stopped: 0.0001449 seconds, Stopping threads took: 0.0000199 seconds
2020-04-30T05:39:17.539+0700: 22649.363: Total time for which application threads were stopped: 0.0000784 seconds, Stopping threads took: 0.0000089 seconds
2020-04-30T05:39:17.539+0700: 22649.363: Total time for which application threads were stopped: 0.0000684 seconds, Stopping threads took: 0.0000098 seconds
2020-04-30T05:39:17.539+0700: 22649.363: Total time for which application threads were stopped: 0.0000463 seconds, Stopping threads took: 0.0000043 seconds
2020-04-30T05:39:31.009+0700: 22662.834: Total time for which application threads were stopped: 0.0001556 seconds, Stopping threads took: 0.0000345 seconds
2020-04-30T05:39:31.010+0700: 22662.834: Total time for which application threads were stopped: 0.0000994 seconds, Stopping threads took: 0.0000252 seconds
2020-04-30T05:39:44.247+0700: 22676.071: Total time for which application threads were stopped: 0.0001578 seconds, Stopping threads took: 0.0000225 seconds
2020-04-30T05:39:44.247+0700: 22676.071: Total time for which application threads were stopped: 0.0000595 seconds, Stopping threads took: 0.0000070 seconds
2020-04-30T05:39:44.247+0700: 22676.071: Total time for which application threads were stopped: 0.0000633 seconds, Stopping threads took: 0.0000084 seconds
2020-04-30T05:39:44.247+0700: 22676.071: Total time for which application threads were stopped: 0.0000449 seconds, Stopping threads took: 0.0000042 seconds
2020-04-30T05:39:53.794+0700: 22685.618: Total time for which application threads were stopped: 0.0001061 seconds, Stopping threads took: 0.0000189 seconds
2020-04-30T05:39:53.794+0700: 22685.618: Total time for which application threads were stopped: 0.0000931 seconds, Stopping threads took: 0.0000197 seconds
2020-04-30T05:39:59.969+0700: 22691.793: Total time for which application threads were stopped: 0.0002049 seconds, Stopping threads took: 0.0000393 seconds
2020-04-30T05:39:59.969+0700: 22691.793: Total time for which application threads were stopped: 0.0001173 seconds, Stopping threads took: 0.0000266 seconds
2020-04-30T05:39:59.970+0700: 22691.793: Total time for which application threads were stopped: 0.0000989 seconds, Stopping threads took: 0.0000250 seconds
2020-04-30T05:39:59.970+0700: 22691.793: Total time for which application threads were stopped: 0.0000873 seconds, Stopping threads took: 0.0000250 seconds
2020-04-30T05:40:11.964+0700: 22703.787: Total time for which application threads were stopped: 0.0001255 seconds, Stopping threads took: 0.0000190 seconds
2020-04-30T05:40:11.964+0700: 22703.787: Total time for which application threads were stopped: 0.0000979 seconds, Stopping threads took: 0.0000247 seconds
2020-04-30T05:40:11.971+0700: 22703.794: Total time for which application threads were stopped: 0.0001616 seconds, Stopping threads took: 0.0000570 seconds
2020-04-30T05:40:11.971+0700: 22703.794: Total time for which application threads were stopped: 0.0002460 seconds, Stopping threads took: 0.0000556 seconds
2020-04-30T05:40:11.972+0700: 22703.795: Total time for which application threads were stopped: 0.0001616 seconds, Stopping threads took: 0.0000447 seconds
2020-04-30T05:40:18.241+0700: 22710.064: Total time for which application threads were stopped: 0.0001755 seconds, Stopping threads took: 0.0000210 seconds
2020-04-30T05:40:18.241+0700: 22710.064: Total time for which application threads were stopped: 0.0000755 seconds, Stopping threads took: 0.0000082 seconds
2020-04-30T05:40:18.241+0700: 22710.064: Total time for which application threads were stopped: 0.0000580 seconds, Stopping threads took: 0.0000063 seconds
2020-04-30T05:40:18.241+0700: 22710.064: Total time for which application threads were stopped: 0.0000760 seconds, Stopping threads took: 0.0000071 seconds
2020-04-30T05:40:31.087+0700: 22722.910: Total time for which application threads were stopped: 0.0001578 seconds, Stopping threads took: 0.0000378 seconds
2020-04-30T05:40:31.087+0700: 22722.910: Total time for which application threads were stopped: 0.0000959 seconds, Stopping threads took: 0.0000243 seconds
2020-04-30T05:40:31.089+0700: 22722.912: Total time for which application threads were stopped: 0.0001009 seconds, Stopping threads took: 0.0000303 seconds
2020-04-30T05:40:31.089+0700: 22722.912: Total time for which application threads were stopped: 0.0000601 seconds, Stopping threads took: 0.0000059 seconds
2020-04-30T05:40:31.089+0700: 22722.912: Total time for which application threads were stopped: 0.0000726 seconds, Stopping threads took: 0.0000058 seconds
2020-04-30T05:40:31.089+0700: 22722.912: Total time for which application threads were stopped: 0.0000853 seconds, Stopping threads took: 0.0000052 seconds
2020-04-30T05:40:31.089+0700: 22722.912: Total time for which application threads were stopped: 0.0000872 seconds, Stopping threads took: 0.0000051 seconds
2020-04-30T05:40:31.090+0700: 22722.912: Total time for which application threads were stopped: 0.0000837 seconds, Stopping threads took: 0.0000052 seconds
2020-04-30T05:40:31.090+0700: 22722.912: Total time for which application threads were stopped: 0.0000511 seconds, Stopping threads took: 0.0000054 seconds
2020-04-30T05:40:31.090+0700: 22722.913: Total time for which application threads were stopped: 0.0000776 seconds, Stopping threads took: 0.0000256 seconds
2020-04-30T05:40:31.090+0700: 22722.913: Total time for which application threads were stopped: 0.0000524 seconds, Stopping threads took: 0.0000052 seconds
2020-04-30T05:40:31.090+0700: 22722.913: Total time for which application threads were stopped: 0.0000860 seconds, Stopping threads took: 0.0000047 seconds
2020-04-30T05:40:31.090+0700: 22722.913: Total time for which application threads were stopped: 0.0000661 seconds, Stopping threads took: 0.0000090 seconds
2020-04-30T05:40:31.090+0700: 22722.913: Total time for which application threads were stopped: 0.0000696 seconds, Stopping threads took: 0.0000049 seconds
2020-04-30T05:40:31.090+0700: 22722.913: Total time for which application threads were stopped: 0.0000852 seconds, Stopping threads took: 0.0000049 seconds
2020-04-30T05:40:31.090+0700: 22722.913: Total time for which application threads were stopped: 0.0000714 seconds, Stopping threads took: 0.0000052 seconds
2020-04-30T05:40:31.091+0700: 22722.913: Total time for which application threads were stopped: 0.0000675 seconds, Stopping threads took: 0.0000057 seconds
2020-04-30T05:40:31.093+0700: 22722.916: Total time for which application threads were stopped: 0.0000606 seconds, Stopping threads took: 0.0000103 seconds
2020-04-30T05:40:31.094+0700: 22722.917: Total time for which application threads were stopped: 0.0001308 seconds, Stopping threads took: 0.0000266 seconds
2020-04-30T05:40:31.103+0700: 22722.926: Total time for which application threads were stopped: 0.0000934 seconds, Stopping threads took: 0.0000301 seconds
2020-04-30T05:40:34.734+0700: 22726.557: Total time for which application threads were stopped: 0.0003012 seconds, Stopping threads took: 0.0000197 seconds
2020-04-30T05:40:34.735+0700: 22726.557: Total time for which application threads were stopped: 0.0000970 seconds, Stopping threads took: 0.0000233 seconds
2020-04-30T05:40:34.735+0700: 22726.558: Total time for which application threads were stopped: 0.0001798 seconds, Stopping threads took: 0.0000107 seconds
2020-04-30T05:40:34.735+0700: 22726.558: Total time for which application threads were stopped: 0.0001326 seconds, Stopping threads took: 0.0000047 seconds
2020-04-30T05:40:37.348+0700: 22729.170: Total time for which application threads were stopped: 0.0001407 seconds, Stopping threads took: 0.0000188 seconds
2020-04-30T05:40:37.348+0700: 22729.170: Total time for which application threads were stopped: 0.0000711 seconds, Stopping threads took: 0.0000075 seconds
2020-04-30T05:40:37.348+0700: 22729.170: Total time for which application threads were stopped: 0.0000801 seconds, Stopping threads took: 0.0000043 seconds
{Heap before GC invocations=52 (full 0):
 garbage-first heap   total 524288K, used 377442K [0x00000007a0000000, 0x00000007a0101000, 0x00000007c0000000)
  region size 1024K, 307 young (314368K), 10 survivors (10240K)
 Metaspace       used 54119K, capacity 56406K, committed 56648K, reserved 1099776K
  class space    used 6221K, capacity 6670K, committed 6732K, reserved 1048576K
2020-04-30T05:40:47.654+0700: 22739.476: [GC pause (G1 Evacuation Pause) (young)
Desired survivor size 20447232 bytes, new threshold 15 (max 15)
- age   1:    4248656 bytes,    4248656 total
- age   2:     204720 bytes,    4453376 total
- age   3:    2463640 bytes,    6917016 total
- age   4:      38080 bytes,    6955096 total
- age   5:      38888 bytes,    6993984 total
- age   6:      37912 bytes,    7031896 total
- age   7:      70600 bytes,    7102496 total
- age   8:       1208 bytes,    7103704 total
- age   9:      14640 bytes,    7118344 total
- age  10:      18040 bytes,    7136384 total
- age  11:       3880 bytes,    7140264 total
- age  12:       2072 bytes,    7142336 total
- age  13:       3376 bytes,    7145712 total
- age  14:       3360 bytes,    7149072 total
- age  15:        744 bytes,    7149816 total
, 0.0026912 secs]
   [Parallel Time: 1.6 ms, GC Workers: 8]
      [GC Worker Start (ms): Min: 22739476.3, Avg: 22739476.3, Max: 22739476.4, Diff: 0.0]
      [Ext Root Scanning (ms): Min: 0.2, Avg: 0.4, Max: 1.2, Diff: 1.0, Sum: 3.1]
      [Update RS (ms): Min: 0.0, Avg: 0.1, Max: 0.2, Diff: 0.2, Sum: 1.0]
         [Processed Buffers: Min: 0, Avg: 3.2, Max: 9, Diff: 9, Sum: 26]
      [Scan RS (ms): Min: 0.0, Avg: 0.0, Max: 0.0, Diff: 0.0, Sum: 0.2]
      [Code Root Scanning (ms): Min: 0.0, Avg: 0.0, Max: 0.1, Diff: 0.1, Sum: 0.1]
      [Object Copy (ms): Min: 0.2, Avg: 0.9, Max: 1.0, Diff: 0.8, Sum: 7.2]
      [Termination (ms): Min: 0.0, Avg: 0.0, Max: 0.0, Diff: 0.0, Sum: 0.0]
         [Termination Attempts: Min: 1, Avg: 1.0, Max: 1, Diff: 0, Sum: 8]
      [GC Worker Other (ms): Min: 0.0, Avg: 0.0, Max: 0.1, Diff: 0.0, Sum: 0.2]
      [GC Worker Total (ms): Min: 1.5, Avg: 1.5, Max: 1.5, Diff: 0.1, Sum: 11.9]
      [GC Worker End (ms): Min: 22739477.8, Avg: 22739477.8, Max: 22739477.8, Diff: 0.0]
   [Code Root Fixup: 0.0 ms]
   [Code Root Purge: 0.0 ms]
   [Clear CT: 0.1 ms]
   [Other: 1.0 ms]
      [Choose CSet: 0.0 ms]
      [Ref Proc: 0.8 ms]
      [Ref Enq: 0.1 ms]
      [Redirty Cards: 0.1 ms]
      [Humongous Register: 0.0 ms]
      [Humongous Reclaim: 0.0 ms]
      [Free CSet: 0.1 ms]
   [Eden: 297.0M(297.0M)->0.0B(297.0M) Survivors: 10.0M->10.0M Heap: 368.6M(512.0M)->71.6M(512.0M)]
Heap after GC invocations=53 (full 0):
 garbage-first heap   total 524288K, used 73327K [0x00000007a0000000, 0x00000007a0101000, 0x00000007c0000000)
  region size 1024K, 10 young (10240K), 10 survivors (10240K)
 Metaspace       used 54119K, capacity 56406K, committed 56648K, reserved 1099776K
  class space    used 6221K, capacity 6670K, committed 6732K, reserved 1048576K
}
 [Times: user=0.01 sys=0.00, real=0.00 secs] 
2020-04-30T05:40:47.657+0700: 22739.479: Total time for which application threads were stopped: 0.0029066 seconds, Stopping threads took: 0.0000188 seconds
2020-04-30T05:40:51.880+0700: 22743.702: Total time for which application threads were stopped: 0.0001561 seconds, Stopping threads took: 0.0000228 seconds
2020-04-30T05:40:51.880+0700: 22743.702: Total time for which application threads were stopped: 0.0000921 seconds, Stopping threads took: 0.0000096 seconds
2020-04-30T05:40:51.880+0700: 22743.703: Total time for which application threads were stopped: 0.0000681 seconds, Stopping threads took: 0.0000087 seconds
2020-04-30T05:40:51.880+0700: 22743.703: Total time for which application threads were stopped: 0.0000525 seconds, Stopping threads took: 0.0000050 seconds
2020-04-30T05:41:10.020+0700: 22761.842: Total time for which application threads were stopped: 0.0001535 seconds, Stopping threads took: 0.0000205 seconds
2020-04-30T05:41:10.021+0700: 22761.843: Total time for which application threads were stopped: 0.0000775 seconds, Stopping threads took: 0.0000081 seconds
2020-04-30T05:41:10.021+0700: 22761.843: Total time for which application threads were stopped: 0.0000684 seconds, Stopping threads took: 0.0000093 seconds
2020-04-30T05:41:10.021+0700: 22761.843: Total time for which application threads were stopped: 0.0000459 seconds, Stopping threads took: 0.0000041 seconds
2020-04-30T05:41:23.547+0700: 22775.369: Total time for which application threads were stopped: 0.0001152 seconds, Stopping threads took: 0.0000315 seconds
2020-04-30T05:41:28.275+0700: 22780.096: Total time for which application threads were stopped: 0.0001592 seconds, Stopping threads took: 0.0000217 seconds
2020-04-30T05:41:28.275+0700: 22780.097: Total time for which application threads were stopped: 0.0002308 seconds, Stopping threads took: 0.0000086 seconds
2020-04-30T05:41:28.275+0700: 22780.097: Total time for which application threads were stopped: 0.0000694 seconds, Stopping threads took: 0.0000091 seconds
2020-04-30T05:41:28.275+0700: 22780.097: Total time for which application threads were stopped: 0.0000469 seconds, Stopping threads took: 0.0000046 seconds
2020-04-30T05:41:39.286+0700: 22791.108: Total time for which application threads were stopped: 0.0001443 seconds, Stopping threads took: 0.0000203 seconds
2020-04-30T05:41:40.399+0700: 22792.220: Total time for which application threads were stopped: 0.0001564 seconds, Stopping threads took: 0.0000171 seconds
2020-04-30T05:41:41.409+0700: 22793.230: Total time for which application threads were stopped: 0.0001082 seconds, Stopping threads took: 0.0000207 seconds
2020-04-30T05:41:45.727+0700: 22797.548: Total time for which application threads were stopped: 0.0001365 seconds, Stopping threads took: 0.0000188 seconds
2020-04-30T05:41:45.727+0700: 22797.548: Total time for which application threads were stopped: 0.0000692 seconds, Stopping threads took: 0.0000069 seconds
2020-04-30T05:41:45.727+0700: 22797.548: Total time for which application threads were stopped: 0.0000521 seconds, Stopping threads took: 0.0000068 seconds
2020-04-30T05:41:45.727+0700: 22797.548: Total time for which application threads were stopped: 0.0000392 seconds, Stopping threads took: 0.0000035 seconds
2020-04-30T05:41:58.380+0700: 22810.201: Total time for which application threads were stopped: 0.0001058 seconds, Stopping threads took: 0.0000161 seconds
2020-04-30T05:41:58.380+0700: 22810.201: Total time for which application threads were stopped: 0.0000497 seconds, Stopping threads took: 0.0000070 seconds
2020-04-30T05:41:58.387+0700: 22810.208: Total time for which application threads were stopped: 0.0001491 seconds, Stopping threads took: 0.0000294 seconds
2020-04-30T05:42:01.016+0700: 22812.837: Total time for which application threads were stopped: 0.0001417 seconds, Stopping threads took: 0.0000200 seconds
2020-04-30T05:42:01.017+0700: 22812.838: Total time for which application threads were stopped: 0.0000881 seconds, Stopping threads took: 0.0000111 seconds
2020-04-30T05:42:01.017+0700: 22812.838: Total time for which application threads were stopped: 0.0000962 seconds, Stopping threads took: 0.0000076 seconds
2020-04-30T05:42:01.017+0700: 22812.838: Total time for which application threads were stopped: 0.0000480 seconds, Stopping threads took: 0.0000047 seconds
2020-04-30T05:42:14.005+0700: 22825.825: Total time for which application threads were stopped: 0.0001296 seconds, Stopping threads took: 0.0000321 seconds
2020-04-30T05:42:19.030+0700: 22830.851: Total time for which application threads were stopped: 0.0001405 seconds, Stopping threads took: 0.0000209 seconds
2020-04-30T05:42:19.030+0700: 22830.851: Total time for which application threads were stopped: 0.0000569 seconds, Stopping threads took: 0.0000068 seconds
2020-04-30T05:42:19.031+0700: 22830.851: Total time for which application threads were stopped: 0.0000608 seconds, Stopping threads took: 0.0000088 seconds
2020-04-30T05:42:19.031+0700: 22830.851: Total time for which application threads were stopped: 0.0000434 seconds, Stopping threads took: 0.0000042 seconds
2020-04-30T05:42:30.685+0700: 22842.505: Total time for which application threads were stopped: 0.0000996 seconds, Stopping threads took: 0.0000166 seconds
2020-04-30T05:42:33.719+0700: 22845.539: Total time for which application threads were stopped: 0.0001672 seconds, Stopping threads took: 0.0000219 seconds
2020-04-30T05:42:33.719+0700: 22845.539: Total time for which application threads were stopped: 0.0000906 seconds, Stopping threads took: 0.0000104 seconds
2020-04-30T05:42:33.719+0700: 22845.539: Total time for which application threads were stopped: 0.0000682 seconds, Stopping threads took: 0.0000089 seconds
2020-04-30T05:42:33.719+0700: 22845.539: Total time for which application threads were stopped: 0.0000725 seconds, Stopping threads took: 0.0000082 seconds
2020-04-30T05:42:46.106+0700: 22857.926: Total time for which application threads were stopped: 0.0001400 seconds, Stopping threads took: 0.0000338 seconds
2020-04-30T05:42:46.107+0700: 22857.927: Total time for which application threads were stopped: 0.0001607 seconds, Stopping threads took: 0.0000443 seconds
2020-04-30T05:42:46.107+0700: 22857.927: Total time for which application threads were stopped: 0.0001105 seconds, Stopping threads took: 0.0000074 seconds
2020-04-30T05:42:47.108+0700: 22858.928: Total time for which application threads were stopped: 0.0001110 seconds, Stopping threads took: 0.0000310 seconds
2020-04-30T05:42:51.195+0700: 22863.015: Total time for which application threads were stopped: 0.0001574 seconds, Stopping threads took: 0.0000244 seconds
2020-04-30T05:42:51.195+0700: 22863.015: Total time for which application threads were stopped: 0.0000585 seconds, Stopping threads took: 0.0000067 seconds
2020-04-30T05:42:51.195+0700: 22863.015: Total time for which application threads were stopped: 0.0000657 seconds, Stopping threads took: 0.0000090 seconds
2020-04-30T05:42:51.195+0700: 22863.015: Total time for which application threads were stopped: 0.0000458 seconds, Stopping threads took: 0.0000043 seconds
2020-04-30T05:42:55.088+0700: 22866.908: Total time for which application threads were stopped: 0.0001404 seconds, Stopping threads took: 0.0000581 seconds
2020-04-30T05:42:55.088+0700: 22866.908: Total time for which application threads were stopped: 0.0001278 seconds, Stopping threads took: 0.0000330 seconds
2020-04-30T05:42:55.088+0700: 22866.908: Total time for which application threads were stopped: 0.0000766 seconds, Stopping threads took: 0.0000049 seconds
2020-04-30T05:42:55.088+0700: 22866.908: Total time for which application threads were stopped: 0.0000711 seconds, Stopping threads took: 0.0000047 seconds
2020-04-30T05:42:55.089+0700: 22866.908: Total time for which application threads were stopped: 0.0001476 seconds, Stopping threads took: 0.0000061 seconds
2020-04-30T05:43:01.199+0700: 22873.018: Total time for which application threads were stopped: 0.0001008 seconds, Stopping threads took: 0.0000172 seconds
2020-04-30T05:43:01.200+0700: 22873.019: Total time for which application threads were stopped: 0.0000766 seconds, Stopping threads took: 0.0000133 seconds
2020-04-30T05:43:01.200+0700: 22873.020: Total time for which application threads were stopped: 0.0000636 seconds, Stopping threads took: 0.0000078 seconds
2020-04-30T05:43:01.200+0700: 22873.020: Total time for which application threads were stopped: 0.0000460 seconds, Stopping threads took: 0.0000056 seconds
2020-04-30T05:43:01.200+0700: 22873.020: Total time for which application threads were stopped: 0.0000393 seconds, Stopping threads took: 0.0000051 seconds
2020-04-30T05:43:01.200+0700: 22873.020: Total time for which application threads were stopped: 0.0000380 seconds, Stopping threads took: 0.0000049 seconds
2020-04-30T05:43:01.200+0700: 22873.020: Total time for which application threads were stopped: 0.0000377 seconds, Stopping threads took: 0.0000049 seconds
2020-04-30T05:43:01.200+0700: 22873.020: Total time for which application threads were stopped: 0.0000395 seconds, Stopping threads took: 0.0000050 seconds
2020-04-30T05:43:01.200+0700: 22873.020: Total time for which application threads were stopped: 0.0000387 seconds, Stopping threads took: 0.0000053 seconds
2020-04-30T05:43:01.200+0700: 22873.020: Total time for which application threads were stopped: 0.0000397 seconds, Stopping threads took: 0.0000051 seconds
2020-04-30T05:43:01.201+0700: 22873.020: Total time for which application threads were stopped: 0.0000401 seconds, Stopping threads took: 0.0000052 seconds
2020-04-30T05:43:01.201+0700: 22873.020: Total time for which application threads were stopped: 0.0000384 seconds, Stopping threads took: 0.0000052 seconds
2020-04-30T05:43:01.201+0700: 22873.021: Total time for which application threads were stopped: 0.0001428 seconds, Stopping threads took: 0.0000052 seconds
2020-04-30T05:43:01.204+0700: 22873.023: Total time for which application threads were stopped: 0.0000600 seconds, Stopping threads took: 0.0000092 seconds
2020-04-30T05:43:01.228+0700: 22873.047: Total time for which application threads were stopped: 0.0000988 seconds, Stopping threads took: 0.0000152 seconds
2020-04-30T05:43:03.627+0700: 22875.446: Total time for which application threads were stopped: 0.0001504 seconds, Stopping threads took: 0.0000208 seconds
2020-04-30T05:43:03.627+0700: 22875.447: Total time for which application threads were stopped: 0.0000877 seconds, Stopping threads took: 0.0000100 seconds
2020-04-30T05:43:03.627+0700: 22875.447: Total time for which application threads were stopped: 0.0000726 seconds, Stopping threads took: 0.0000104 seconds
2020-04-30T05:43:03.627+0700: 22875.447: Total time for which application threads were stopped: 0.0000633 seconds, Stopping threads took: 0.0000094 seconds
2020-04-30T05:43:16.426+0700: 22888.245: Total time for which application threads were stopped: 0.0001212 seconds, Stopping threads took: 0.0000333 seconds
2020-04-30T05:43:29.048+0700: 22900.867: Total time for which application threads were stopped: 0.0001551 seconds, Stopping threads took: 0.0000228 seconds
2020-04-30T05:43:29.048+0700: 22900.867: Total time for which application threads were stopped: 0.0000900 seconds, Stopping threads took: 0.0000101 seconds
2020-04-30T05:43:29.048+0700: 22900.867: Total time for which application threads were stopped: 0.0000679 seconds, Stopping threads took: 0.0000081 seconds
2020-04-30T05:43:29.048+0700: 22900.867: Total time for which application threads were stopped: 0.0001034 seconds, Stopping threads took: 0.0000049 seconds
2020-04-30T05:43:37.050+0700: 22908.869: Total time for which application threads were stopped: 0.0001110 seconds, Stopping threads took: 0.0000315 seconds
2020-04-30T05:43:43.122+0700: 22914.940: Total time for which application threads were stopped: 0.0001547 seconds, Stopping threads took: 0.0000205 seconds
2020-04-30T05:43:43.122+0700: 22914.941: Total time for which application threads were stopped: 0.0000784 seconds, Stopping threads took: 0.0000084 seconds
2020-04-30T05:43:43.122+0700: 22914.941: Total time for which application threads were stopped: 0.0000685 seconds, Stopping threads took: 0.0000105 seconds
2020-04-30T05:43:43.122+0700: 22914.941: Total time for which application threads were stopped: 0.0000474 seconds, Stopping threads took: 0.0000047 seconds
2020-04-30T05:43:55.374+0700: 22927.192: Total time for which application threads were stopped: 0.0001110 seconds, Stopping threads took: 0.0000332 seconds
2020-04-30T05:44:03.057+0700: 22934.875: Total time for which application threads were stopped: 0.0001563 seconds, Stopping threads took: 0.0000223 seconds
2020-04-30T05:44:03.057+0700: 22934.876: Total time for which application threads were stopped: 0.0000608 seconds, Stopping threads took: 0.0000070 seconds
2020-04-30T05:44:03.057+0700: 22934.876: Total time for which application threads were stopped: 0.0000667 seconds, Stopping threads took: 0.0000091 seconds
2020-04-30T05:44:03.057+0700: 22934.876: Total time for which application threads were stopped: 0.0000478 seconds, Stopping threads took: 0.0000044 seconds
2020-04-30T05:44:10.505+0700: 22942.323: Total time for which application threads were stopped: 0.0001120 seconds, Stopping threads took: 0.0000328 seconds
2020-04-30T05:44:16.546+0700: 22948.365: Total time for which application threads were stopped: 0.0001615 seconds, Stopping threads took: 0.0000230 seconds
2020-04-30T05:44:16.547+0700: 22948.365: Total time for which application threads were stopped: 0.0000629 seconds, Stopping threads took: 0.0000071 seconds
2020-04-30T05:44:16.547+0700: 22948.365: Total time for which application threads were stopped: 0.0000695 seconds, Stopping threads took: 0.0000097 seconds
2020-04-30T05:44:16.547+0700: 22948.365: Total time for which application threads were stopped: 0.0000491 seconds, Stopping threads took: 0.0000045 seconds
2020-04-30T05:44:27.652+0700: 22959.470: Total time for which application threads were stopped: 0.0000988 seconds, Stopping threads took: 0.0000162 seconds
2020-04-30T05:44:39.639+0700: 22971.456: Total time for which application threads were stopped: 0.0001451 seconds, Stopping threads took: 0.0000213 seconds
2020-04-30T05:44:39.639+0700: 22971.457: Total time for which application threads were stopped: 0.0000533 seconds, Stopping threads took: 0.0000058 seconds
2020-04-30T05:44:39.639+0700: 22971.457: Total time for which application threads were stopped: 0.0000483 seconds, Stopping threads took: 0.0000055 seconds
2020-04-30T05:44:39.639+0700: 22971.457: Total time for which application threads were stopped: 0.0000377 seconds, Stopping threads took: 0.0000035 seconds
2020-04-30T05:44:45.081+0700: 22976.899: Total time for which application threads were stopped: 0.0001141 seconds, Stopping threads took: 0.0000334 seconds
2020-04-30T05:44:48.031+0700: 22979.848: Total time for which application threads were stopped: 0.0001496 seconds, Stopping threads took: 0.0000197 seconds
2020-04-30T05:44:48.031+0700: 22979.848: Total time for which application threads were stopped: 0.0000742 seconds, Stopping threads took: 0.0000078 seconds
2020-04-30T05:44:48.031+0700: 22979.848: Total time for which application threads were stopped: 0.0000584 seconds, Stopping threads took: 0.0000067 seconds
2020-04-30T05:44:48.031+0700: 22979.849: Total time for which application threads were stopped: 0.0000443 seconds, Stopping threads took: 0.0000040 seconds
2020-04-30T05:45:01.920+0700: 22993.737: Total time for which application threads were stopped: 0.0000963 seconds, Stopping threads took: 0.0000164 seconds
2020-04-30T05:45:02.523+0700: 22994.340: Total time for which application threads were stopped: 0.0001495 seconds, Stopping threads took: 0.0000204 seconds
2020-04-30T05:45:02.523+0700: 22994.340: Total time for which application threads were stopped: 0.0001101 seconds, Stopping threads took: 0.0000128 seconds
2020-04-30T05:45:02.531+0700: 22994.348: Total time for which application threads were stopped: 0.0001444 seconds, Stopping threads took: 0.0000334 seconds
2020-04-30T05:45:02.531+0700: 22994.348: Total time for which application threads were stopped: 0.0001105 seconds, Stopping threads took: 0.0000254 seconds
2020-04-30T05:45:02.532+0700: 22994.349: Total time for which application threads were stopped: 0.0001038 seconds, Stopping threads took: 0.0000206 seconds
2020-04-30T05:45:02.532+0700: 22994.349: Total time for which application threads were stopped: 0.0000789 seconds, Stopping threads took: 0.0000201 seconds
2020-04-30T05:45:02.532+0700: 22994.349: Total time for which application threads were stopped: 0.0001141 seconds, Stopping threads took: 0.0000334 seconds
2020-04-30T05:45:02.532+0700: 22994.349: Total time for which application threads were stopped: 0.0000839 seconds, Stopping threads took: 0.0000282 seconds
2020-04-30T05:45:02.533+0700: 22994.350: Total time for which application threads were stopped: 0.0000961 seconds, Stopping threads took: 0.0000283 seconds
2020-04-30T05:45:02.533+0700: 22994.350: Total time for which application threads were stopped: 0.0000970 seconds, Stopping threads took: 0.0000322 seconds
2020-04-30T05:45:02.534+0700: 22994.351: Total time for which application threads were stopped: 0.0000894 seconds, Stopping threads took: 0.0000397 seconds
2020-04-30T05:45:02.534+0700: 22994.351: Total time for which application threads were stopped: 0.0000920 seconds, Stopping threads took: 0.0000318 seconds
2020-04-30T05:45:02.534+0700: 22994.351: Total time for which application threads were stopped: 0.0000679 seconds, Stopping threads took: 0.0000207 seconds
2020-04-30T05:45:02.534+0700: 22994.351: Total time for which application threads were stopped: 0.0000777 seconds, Stopping threads took: 0.0000252 seconds
2020-04-30T05:45:03.538+0700: 22995.355: Total time for which application threads were stopped: 0.0001904 seconds, Stopping threads took: 0.0000402 seconds
2020-04-30T05:45:12.575+0700: 23004.392: Total time for which application threads were stopped: 0.0001569 seconds, Stopping threads took: 0.0000228 seconds
2020-04-30T05:45:12.575+0700: 23004.392: Total time for which application threads were stopped: 0.0000597 seconds, Stopping threads took: 0.0000071 seconds
2020-04-30T05:45:12.575+0700: 23004.392: Total time for which application threads were stopped: 0.0000649 seconds, Stopping threads took: 0.0000094 seconds
2020-04-30T05:45:12.575+0700: 23004.392: Total time for which application threads were stopped: 0.0000457 seconds, Stopping threads took: 0.0000043 seconds
2020-04-30T05:45:21.297+0700: 23013.114: Total time for which application threads were stopped: 0.0002158 seconds, Stopping threads took: 0.0000331 seconds
2020-04-30T05:45:21.297+0700: 23013.114: Total time for which application threads were stopped: 0.0000644 seconds, Stopping threads took: 0.0000070 seconds
2020-04-30T05:45:21.297+0700: 23013.114: Total time for which application threads were stopped: 0.0000716 seconds, Stopping threads took: 0.0000053 seconds
2020-04-30T05:45:21.297+0700: 23013.114: Total time for which application threads were stopped: 0.0000852 seconds, Stopping threads took: 0.0000048 seconds
2020-04-30T05:45:21.297+0700: 23013.114: Total time for which application threads were stopped: 0.0000871 seconds, Stopping threads took: 0.0000050 seconds
2020-04-30T05:45:21.297+0700: 23013.114: Total time for which application threads were stopped: 0.0001141 seconds, Stopping threads took: 0.0000238 seconds
2020-04-30T05:45:21.298+0700: 23013.114: Total time for which application threads were stopped: 0.0000552 seconds, Stopping threads took: 0.0000056 seconds
2020-04-30T05:45:21.298+0700: 23013.114: Total time for which application threads were stopped: 0.0000564 seconds, Stopping threads took: 0.0000232 seconds
2020-04-30T05:45:21.298+0700: 23013.115: Total time for which application threads were stopped: 0.0000870 seconds, Stopping threads took: 0.0000212 seconds
2020-04-30T05:45:21.298+0700: 23013.115: Total time for which application threads were stopped: 0.0000666 seconds, Stopping threads took: 0.0000087 seconds
2020-04-30T05:45:21.298+0700: 23013.115: Total time for which application threads were stopped: 0.0000696 seconds, Stopping threads took: 0.0000047 seconds
2020-04-30T05:45:21.298+0700: 23013.115: Total time for which application threads were stopped: 0.0000473 seconds, Stopping threads took: 0.0000083 seconds
2020-04-30T05:45:21.298+0700: 23013.115: Total time for which application threads were stopped: 0.0000851 seconds, Stopping threads took: 0.0000210 seconds
2020-04-30T05:45:21.299+0700: 23013.115: Total time for which application threads were stopped: 0.0000711 seconds, Stopping threads took: 0.0000050 seconds
2020-04-30T05:45:21.299+0700: 23013.115: Total time for which application threads were stopped: 0.0000537 seconds, Stopping threads took: 0.0000049 seconds
2020-04-30T05:45:21.301+0700: 23013.117: Total time for which application threads were stopped: 0.0001668 seconds, Stopping threads took: 0.0000850 seconds
2020-04-30T05:45:21.302+0700: 23013.119: Total time for which application threads were stopped: 0.0000715 seconds, Stopping threads took: 0.0000134 seconds
2020-04-30T05:45:21.313+0700: 23013.130: Total time for which application threads were stopped: 0.0001378 seconds, Stopping threads took: 0.0000293 seconds
2020-04-30T05:45:25.202+0700: 23017.019: Total time for which application threads were stopped: 0.0001446 seconds, Stopping threads took: 0.0000213 seconds
2020-04-30T05:45:25.203+0700: 23017.019: Total time for which application threads were stopped: 0.0000781 seconds, Stopping threads took: 0.0000080 seconds
2020-04-30T05:45:25.203+0700: 23017.019: Total time for which application threads were stopped: 0.0000564 seconds, Stopping threads took: 0.0000070 seconds
2020-04-30T05:45:25.203+0700: 23017.019: Total time for which application threads were stopped: 0.0000433 seconds, Stopping threads took: 0.0000039 seconds
2020-04-30T05:45:36.672+0700: 23028.489: Total time for which application threads were stopped: 0.0000995 seconds, Stopping threads took: 0.0000173 seconds
2020-04-30T05:45:44.354+0700: 23036.170: Total time for which application threads were stopped: 0.0001529 seconds, Stopping threads took: 0.0000226 seconds
2020-04-30T05:45:44.354+0700: 23036.171: Total time for which application threads were stopped: 0.0000596 seconds, Stopping threads took: 0.0000067 seconds
2020-04-30T05:45:44.354+0700: 23036.171: Total time for which application threads were stopped: 0.0000648 seconds, Stopping threads took: 0.0000087 seconds
2020-04-30T05:45:44.355+0700: 23036.171: Total time for which application threads were stopped: 0.0000457 seconds, Stopping threads took: 0.0000042 seconds
2020-04-30T05:45:54.122+0700: 23045.938: Total time for which application threads were stopped: 0.0001101 seconds, Stopping threads took: 0.0000324 seconds
2020-04-30T05:45:56.141+0700: 23047.957: Total time for which application threads were stopped: 0.0001832 seconds, Stopping threads took: 0.0000580 seconds
2020-04-30T05:46:04.373+0700: 23056.189: Total time for which application threads were stopped: 0.0001436 seconds, Stopping threads took: 0.0000206 seconds
2020-04-30T05:46:04.373+0700: 23056.189: Total time for which application threads were stopped: 0.0000753 seconds, Stopping threads took: 0.0000081 seconds
2020-04-30T05:46:04.373+0700: 23056.189: Total time for which application threads were stopped: 0.0001921 seconds, Stopping threads took: 0.0000084 seconds
2020-04-30T05:46:04.374+0700: 23056.189: Total time for which application threads were stopped: 0.0001346 seconds, Stopping threads took: 0.0000046 seconds
2020-04-30T05:46:05.452+0700: 23057.267: Total time for which application threads were stopped: 0.0001304 seconds, Stopping threads took: 0.0000212 seconds
2020-04-30T05:46:05.452+0700: 23057.267: Total time for which application threads were stopped: 0.0000566 seconds, Stopping threads took: 0.0000048 seconds
2020-04-30T05:46:10.232+0700: 23062.048: Total time for which application threads were stopped: 0.0001073 seconds, Stopping threads took: 0.0000298 seconds
2020-04-30T05:46:14.028+0700: 23065.844: Total time for which application threads were stopped: 0.0003095 seconds, Stopping threads took: 0.0000215 seconds
2020-04-30T05:46:14.028+0700: 23065.844: Total time for which application threads were stopped: 0.0000728 seconds, Stopping threads took: 0.0000085 seconds
2020-04-30T05:46:14.028+0700: 23065.844: Total time for which application threads were stopped: 0.0000595 seconds, Stopping threads took: 0.0000072 seconds
2020-04-30T05:46:14.029+0700: 23065.844: Total time for which application threads were stopped: 0.0000450 seconds, Stopping threads took: 0.0000042 seconds
2020-04-30T05:46:15.819+0700: 23067.635: Total time for which application threads were stopped: 0.0001484 seconds, Stopping threads took: 0.0000207 seconds
2020-04-30T05:46:27.688+0700: 23079.503: Total time for which application threads were stopped: 0.0002238 seconds, Stopping threads took: 0.0000170 seconds
2020-04-30T05:46:33.495+0700: 23085.310: Total time for which application threads were stopped: 0.0001444 seconds, Stopping threads took: 0.0000196 seconds
2020-04-30T05:46:33.495+0700: 23085.310: Total time for which application threads were stopped: 0.0000764 seconds, Stopping threads took: 0.0000084 seconds
2020-04-30T05:46:33.495+0700: 23085.310: Total time for which application threads were stopped: 0.0000593 seconds, Stopping threads took: 0.0000077 seconds
2020-04-30T05:46:33.495+0700: 23085.310: Total time for which application threads were stopped: 0.0000596 seconds, Stopping threads took: 0.0000070 seconds
2020-04-30T05:46:34.497+0700: 23086.312: Total time for which application threads were stopped: 0.0001705 seconds, Stopping threads took: 0.0000592 seconds
2020-04-30T05:46:47.301+0700: 23099.115: Total time for which application threads were stopped: 0.0001922 seconds, Stopping threads took: 0.0000291 seconds
2020-04-30T05:46:47.301+0700: 23099.116: Total time for which application threads were stopped: 0.0001052 seconds, Stopping threads took: 0.0000144 seconds
2020-04-30T05:46:48.983+0700: 23100.798: Total time for which application threads were stopped: 0.0001509 seconds, Stopping threads took: 0.0000192 seconds
2020-04-30T05:46:48.983+0700: 23100.798: Total time for which application threads were stopped: 0.0000777 seconds, Stopping threads took: 0.0000079 seconds
2020-04-30T05:46:48.984+0700: 23100.798: Total time for which application threads were stopped: 0.0000578 seconds, Stopping threads took: 0.0000068 seconds
2020-04-30T05:46:48.984+0700: 23100.798: Total time for which application threads were stopped: 0.0000436 seconds, Stopping threads took: 0.0000041 seconds
2020-04-30T05:46:56.035+0700: 23107.849: Total time for which application threads were stopped: 0.0001212 seconds, Stopping threads took: 0.0000231 seconds
2020-04-30T05:47:15.314+0700: 23127.129: Total time for which application threads were stopped: 0.0001526 seconds, Stopping threads took: 0.0000211 seconds
2020-04-30T05:47:15.315+0700: 23127.129: Total time for which application threads were stopped: 0.0002132 seconds, Stopping threads took: 0.0000071 seconds
2020-04-30T05:47:15.315+0700: 23127.129: Total time for which application threads were stopped: 0.0000593 seconds, Stopping threads took: 0.0000065 seconds
2020-04-30T05:47:15.315+0700: 23127.129: Total time for which application threads were stopped: 0.0000447 seconds, Stopping threads took: 0.0000042 seconds
2020-04-30T05:47:17.071+0700: 23128.885: Total time for which application threads were stopped: 0.0001438 seconds, Stopping threads took: 0.0000215 seconds
2020-04-30T05:47:21.707+0700: 23133.522: Total time for which application threads were stopped: 0.0001591 seconds, Stopping threads took: 0.0000250 seconds
2020-04-30T05:47:21.708+0700: 23133.522: Total time for which application threads were stopped: 0.0000822 seconds, Stopping threads took: 0.0000085 seconds
2020-04-30T05:47:21.708+0700: 23133.522: Total time for which application threads were stopped: 0.0000599 seconds, Stopping threads took: 0.0000073 seconds
2020-04-30T05:47:21.708+0700: 23133.522: Total time for which application threads were stopped: 0.0000453 seconds, Stopping threads took: 0.0000040 seconds
2020-04-30T05:47:34.976+0700: 23146.790: Total time for which application threads were stopped: 0.0001201 seconds, Stopping threads took: 0.0000171 seconds
2020-04-30T05:47:34.976+0700: 23146.790: Total time for which application threads were stopped: 0.0001040 seconds, Stopping threads took: 0.0000261 seconds
2020-04-30T05:47:34.984+0700: 23146.798: Total time for which application threads were stopped: 0.0001023 seconds, Stopping threads took: 0.0000291 seconds
2020-04-30T05:47:34.984+0700: 23146.798: Total time for which application threads were stopped: 0.0001121 seconds, Stopping threads took: 0.0000070 seconds
2020-04-30T05:47:34.985+0700: 23146.799: Total time for which application threads were stopped: 0.0001492 seconds, Stopping threads took: 0.0000676 seconds
{Heap before GC invocations=53 (full 0):
 garbage-first heap   total 524288K, used 377455K [0x00000007a0000000, 0x00000007a0101000, 0x00000007c0000000)
  region size 1024K, 307 young (314368K), 10 survivors (10240K)
 Metaspace       used 54127K, capacity 56406K, committed 56648K, reserved 1099776K
  class space    used 6221K, capacity 6670K, committed 6732K, reserved 1048576K
2020-04-30T05:47:35.101+0700: 23146.915: [GC pause (G1 Evacuation Pause) (young)
Desired survivor size 20447232 bytes, new threshold 15 (max 15)
- age   1:    4475872 bytes,    4475872 total
- age   2:     126592 bytes,    4602464 total
- age   3:     182288 bytes,    4784752 total
- age   4:    2463608 bytes,    7248360 total
- age   5:      38080 bytes,    7286440 total
- age   6:      38888 bytes,    7325328 total
- age   7:      35136 bytes,    7360464 total
- age   8:      52296 bytes,    7412760 total
- age   9:       1208 bytes,    7413968 total
- age  10:      14560 bytes,    7428528 total
- age  11:      18040 bytes,    7446568 total
- age  12:       3856 bytes,    7450424 total
- age  13:       2072 bytes,    7452496 total
- age  14:       3376 bytes,    7455872 total
- age  15:       3360 bytes,    7459232 total
, 0.0055805 secs]
   [Parallel Time: 3.0 ms, GC Workers: 8]
      [GC Worker Start (ms): Min: 23146915.1, Avg: 23146915.2, Max: 23146915.2, Diff: 0.1]
      [Ext Root Scanning (ms): Min: 0.1, Avg: 0.4, Max: 1.1, Diff: 1.0, Sum: 3.0]
      [Update RS (ms): Min: 0.0, Avg: 0.1, Max: 0.2, Diff: 0.2, Sum: 1.0]
         [Processed Buffers: Min: 0, Avg: 3.2, Max: 9, Diff: 9, Sum: 26]
      [Scan RS (ms): Min: 0.0, Avg: 0.2, Max: 1.5, Diff: 1.5, Sum: 1.6]
      [Code Root Scanning (ms): Min: 0.0, Avg: 0.0, Max: 0.0, Diff: 0.0, Sum: 0.1]
      [Object Copy (ms): Min: 0.3, Avg: 1.6, Max: 2.2, Diff: 1.9, Sum: 12.8]
      [Termination (ms): Min: 0.0, Avg: 0.4, Max: 0.5, Diff: 0.5, Sum: 3.6]
         [Termination Attempts: Min: 1, Avg: 1.0, Max: 1, Diff: 0, Sum: 8]
      [GC Worker Other (ms): Min: 0.0, Avg: 0.0, Max: 0.0, Diff: 0.0, Sum: 0.1]
      [GC Worker Total (ms): Min: 2.7, Avg: 2.8, Max: 2.8, Diff: 0.1, Sum: 22.2]
      [GC Worker End (ms): Min: 23146917.9, Avg: 23146918.0, Max: 23146918.1, Diff: 0.1]
   [Code Root Fixup: 0.0 ms]
   [Code Root Purge: 0.0 ms]
   [Clear CT: 0.1 ms]
   [Other: 2.5 ms]
      [Choose CSet: 0.0 ms]
      [Ref Proc: 2.1 ms]
      [Ref Enq: 0.1 ms]
      [Redirty Cards: 0.1 ms]
      [Humongous Register: 0.0 ms]
      [Humongous Reclaim: 0.0 ms]
      [Free CSet: 0.1 ms]
   [Eden: 297.0M(297.0M)->0.0B(291.0M) Survivors: 10.0M->16.0M Heap: 368.6M(512.0M)->77.6M(512.0M)]
Heap after GC invocations=54 (full 0):
 garbage-first heap   total 524288K, used 79479K [0x00000007a0000000, 0x00000007a0101000, 0x00000007c0000000)
  region size 1024K, 16 young (16384K), 16 survivors (16384K)
 Metaspace       used 54127K, capacity 56406K, committed 56648K, reserved 1099776K
  class space    used 6221K, capacity 6670K, committed 6732K, reserved 1048576K
}
 [Times: user=0.02 sys=0.00, real=0.00 secs] 
2020-04-30T05:47:35.107+0700: 23146.921: Total time for which application threads were stopped: 0.0058216 seconds, Stopping threads took: 0.0000517 seconds
2020-04-30T05:47:35.107+0700: 23146.921: Total time for which application threads were stopped: 0.0001977 seconds, Stopping threads took: 0.0000388 seconds
2020-04-30T05:47:40.257+0700: 23152.071: Total time for which application threads were stopped: 0.0001570 seconds, Stopping threads took: 0.0000221 seconds
2020-04-30T05:47:40.257+0700: 23152.071: Total time for which application threads were stopped: 0.0000838 seconds, Stopping threads took: 0.0000095 seconds
2020-04-30T05:47:40.257+0700: 23152.071: Total time for which application threads were stopped: 0.0000598 seconds, Stopping threads took: 0.0000075 seconds
2020-04-30T05:47:40.258+0700: 23152.071: Total time for which application threads were stopped: 0.0000457 seconds, Stopping threads took: 0.0000042 seconds
2020-04-30T05:47:52.512+0700: 23164.325: Total time for which application threads were stopped: 0.0001496 seconds, Stopping threads took: 0.0000527 seconds
2020-04-30T05:47:52.512+0700: 23164.325: Total time for which application threads were stopped: 0.0000675 seconds, Stopping threads took: 0.0000063 seconds
2020-04-30T05:47:52.512+0700: 23164.325: Total time for which application threads were stopped: 0.0000392 seconds, Stopping threads took: 0.0000060 seconds
2020-04-30T05:47:52.512+0700: 23164.325: Total time for which application threads were stopped: 0.0000349 seconds, Stopping threads took: 0.0000049 seconds
2020-04-30T05:47:52.512+0700: 23164.326: Total time for which application threads were stopped: 0.0000518 seconds, Stopping threads took: 0.0000050 seconds
2020-04-30T05:47:52.512+0700: 23164.326: Total time for which application threads were stopped: 0.0002010 seconds, Stopping threads took: 0.0000049 seconds
2020-04-30T05:47:52.513+0700: 23164.327: Total time for which application threads were stopped: 0.0000986 seconds, Stopping threads took: 0.0000230 seconds
2020-04-30T05:47:52.520+0700: 23164.333: Total time for which application threads were stopped: 0.0001300 seconds, Stopping threads took: 0.0000142 seconds
2020-04-30T05:47:52.527+0700: 23164.341: Total time for which application threads were stopped: 0.0001102 seconds, Stopping threads took: 0.0000288 seconds
2020-04-30T05:47:55.230+0700: 23167.043: Total time for which application threads were stopped: 0.0001414 seconds, Stopping threads took: 0.0000195 seconds
2020-04-30T05:47:55.230+0700: 23167.044: Total time for which application threads were stopped: 0.0000755 seconds, Stopping threads took: 0.0000080 seconds
2020-04-30T05:47:55.230+0700: 23167.044: Total time for which application threads were stopped: 0.0000576 seconds, Stopping threads took: 0.0000069 seconds
2020-04-30T05:47:55.230+0700: 23167.044: Total time for which application threads were stopped: 0.0000438 seconds, Stopping threads took: 0.0000041 seconds
2020-04-30T05:48:08.243+0700: 23180.056: Total time for which application threads were stopped: 0.0001973 seconds, Stopping threads took: 0.0000362 seconds
2020-04-30T05:48:08.243+0700: 23180.056: Total time for which application threads were stopped: 0.0001477 seconds, Stopping threads took: 0.0000317 seconds
2020-04-30T05:48:11.961+0700: 23183.774: Total time for which application threads were stopped: 0.0001564 seconds, Stopping threads took: 0.0000245 seconds
2020-04-30T05:48:11.961+0700: 23183.774: Total time for which application threads were stopped: 0.0000702 seconds, Stopping threads took: 0.0000081 seconds
2020-04-30T05:48:11.961+0700: 23183.774: Total time for which application threads were stopped: 0.0000647 seconds, Stopping threads took: 0.0000080 seconds
2020-04-30T05:48:11.961+0700: 23183.774: Total time for which application threads were stopped: 0.0000517 seconds, Stopping threads took: 0.0000047 seconds
2020-04-30T05:48:30.235+0700: 23202.047: Total time for which application threads were stopped: 0.0001411 seconds, Stopping threads took: 0.0000195 seconds
2020-04-30T05:48:30.235+0700: 23202.047: Total time for which application threads were stopped: 0.0001075 seconds, Stopping threads took: 0.0000086 seconds
2020-04-30T05:48:30.235+0700: 23202.048: Total time for which application threads were stopped: 0.0000572 seconds, Stopping threads took: 0.0000066 seconds
2020-04-30T05:48:30.235+0700: 23202.048: Total time for which application threads were stopped: 0.0000430 seconds, Stopping threads took: 0.0000039 seconds
2020-04-30T05:48:42.260+0700: 23214.073: Total time for which application threads were stopped: 0.0001288 seconds, Stopping threads took: 0.0000343 seconds
2020-04-30T05:48:42.260+0700: 23214.073: Total time for which application threads were stopped: 0.0000530 seconds, Stopping threads took: 0.0000069 seconds
2020-04-30T05:48:50.351+0700: 23222.163: Total time for which application threads were stopped: 0.0001521 seconds, Stopping threads took: 0.0000211 seconds
2020-04-30T05:48:50.351+0700: 23222.163: Total time for which application threads were stopped: 0.0000597 seconds, Stopping threads took: 0.0000072 seconds
2020-04-30T05:48:50.351+0700: 23222.164: Total time for which application threads were stopped: 0.0000671 seconds, Stopping threads took: 0.0000105 seconds
2020-04-30T05:48:50.351+0700: 23222.164: Total time for which application threads were stopped: 0.0000454 seconds, Stopping threads took: 0.0000042 seconds
2020-04-30T05:49:05.270+0700: 23237.082: Total time for which application threads were stopped: 0.0001485 seconds, Stopping threads took: 0.0000197 seconds
2020-04-30T05:49:05.270+0700: 23237.082: Total time for which application threads were stopped: 0.0000904 seconds, Stopping threads took: 0.0000106 seconds
2020-04-30T05:49:05.270+0700: 23237.082: Total time for which application threads were stopped: 0.0000533 seconds, Stopping threads took: 0.0000060 seconds
2020-04-30T05:49:05.270+0700: 23237.082: Total time for which application threads were stopped: 0.0000406 seconds, Stopping threads took: 0.0000037 seconds
2020-04-30T05:49:15.936+0700: 23247.748: Total time for which application threads were stopped: 0.0001286 seconds, Stopping threads took: 0.0000161 seconds
2020-04-30T05:49:15.936+0700: 23247.748: Total time for which application threads were stopped: 0.0000974 seconds, Stopping threads took: 0.0000059 seconds
2020-04-30T05:49:19.461+0700: 23251.273: Total time for which application threads were stopped: 0.0001429 seconds, Stopping threads took: 0.0000201 seconds
2020-04-30T05:49:19.461+0700: 23251.273: Total time for which application threads were stopped: 0.0000787 seconds, Stopping threads took: 0.0000088 seconds
2020-04-30T05:49:19.461+0700: 23251.273: Total time for which application threads were stopped: 0.0000581 seconds, Stopping threads took: 0.0000071 seconds
2020-04-30T05:49:19.461+0700: 23251.273: Total time for which application threads were stopped: 0.0000439 seconds, Stopping threads took: 0.0000041 seconds
2020-04-30T05:49:32.877+0700: 23264.688: Total time for which application threads were stopped: 0.0000993 seconds, Stopping threads took: 0.0000174 seconds
2020-04-30T05:49:35.763+0700: 23267.575: Total time for which application threads were stopped: 0.0001470 seconds, Stopping threads took: 0.0000192 seconds
2020-04-30T05:49:35.764+0700: 23267.575: Total time for which application threads were stopped: 0.0000789 seconds, Stopping threads took: 0.0000084 seconds
2020-04-30T05:49:35.764+0700: 23267.575: Total time for which application threads were stopped: 0.0000578 seconds, Stopping threads took: 0.0000068 seconds
2020-04-30T05:49:35.764+0700: 23267.575: Total time for which application threads were stopped: 0.0000590 seconds, Stopping threads took: 0.0000069 seconds
2020-04-30T05:49:49.429+0700: 23281.240: Total time for which application threads were stopped: 0.0001342 seconds, Stopping threads took: 0.0000317 seconds
2020-04-30T05:49:50.788+0700: 23282.599: Total time for which application threads were stopped: 0.0001504 seconds, Stopping threads took: 0.0000208 seconds
2020-04-30T05:49:50.788+0700: 23282.599: Total time for which application threads were stopped: 0.0000796 seconds, Stopping threads took: 0.0000091 seconds
2020-04-30T05:49:50.788+0700: 23282.599: Total time for which application threads were stopped: 0.0000619 seconds, Stopping threads took: 0.0000082 seconds
2020-04-30T05:49:50.788+0700: 23282.599: Total time for which application threads were stopped: 0.0000651 seconds, Stopping threads took: 0.0000075 seconds
2020-04-30T05:50:04.563+0700: 23296.374: Total time for which application threads were stopped: 0.0001218 seconds, Stopping threads took: 0.0000165 seconds
2020-04-30T05:50:04.563+0700: 23296.374: Total time for which application threads were stopped: 0.0001450 seconds, Stopping threads took: 0.0000628 seconds
2020-04-30T05:50:04.563+0700: 23296.374: Total time for which application threads were stopped: 0.0000835 seconds, Stopping threads took: 0.0000357 seconds
2020-04-30T05:50:04.564+0700: 23296.374: Total time for which application threads were stopped: 0.0001394 seconds, Stopping threads took: 0.0000507 seconds
2020-04-30T05:50:04.564+0700: 23296.375: Total time for which application threads were stopped: 0.0000588 seconds, Stopping threads took: 0.0000079 seconds
2020-04-30T05:50:04.626+0700: 23296.437: Total time for which application threads were stopped: 0.0001576 seconds, Stopping threads took: 0.0000308 seconds
2020-04-30T05:50:04.795+0700: 23296.606: Total time for which application threads were stopped: 0.0000990 seconds, Stopping threads took: 0.0000169 seconds
2020-04-30T05:50:04.798+0700: 23296.609: Total time for which application threads were stopped: 0.0000707 seconds, Stopping threads took: 0.0000119 seconds
2020-04-30T05:50:05.805+0700: 23297.615: Total time for which application threads were stopped: 0.0000994 seconds, Stopping threads took: 0.0000199 seconds
2020-04-30T05:50:05.985+0700: 23297.796: Total time for which application threads were stopped: 0.0001337 seconds, Stopping threads took: 0.0000182 seconds
2020-04-30T05:50:05.985+0700: 23297.796: Total time for which application threads were stopped: 0.0000903 seconds, Stopping threads took: 0.0000082 seconds
2020-04-30T05:50:05.986+0700: 23297.796: Total time for which application threads were stopped: 0.0000579 seconds, Stopping threads took: 0.0000073 seconds
2020-04-30T05:50:05.986+0700: 23297.796: Total time for which application threads were stopped: 0.0000444 seconds, Stopping threads took: 0.0000042 seconds
2020-04-30T05:50:20.021+0700: 23311.831: Total time for which application threads were stopped: 0.0001171 seconds, Stopping threads took: 0.0000336 seconds
2020-04-30T05:50:20.021+0700: 23311.831: Total time for which application threads were stopped: 0.0001007 seconds, Stopping threads took: 0.0000226 seconds
2020-04-30T05:50:20.021+0700: 23311.831: Total time for which application threads were stopped: 0.0000705 seconds, Stopping threads took: 0.0000052 seconds
2020-04-30T05:50:20.021+0700: 23311.831: Total time for which application threads were stopped: 0.0000715 seconds, Stopping threads took: 0.0000069 seconds
2020-04-30T05:50:20.021+0700: 23311.831: Total time for which application threads were stopped: 0.0000518 seconds, Stopping threads took: 0.0000052 seconds
2020-04-30T05:50:20.021+0700: 23311.832: Total time for which application threads were stopped: 0.0000836 seconds, Stopping threads took: 0.0000052 seconds
2020-04-30T05:50:20.021+0700: 23311.832: Total time for which application threads were stopped: 0.0000703 seconds, Stopping threads took: 0.0000050 seconds
2020-04-30T05:50:20.022+0700: 23311.832: Total time for which application threads were stopped: 0.0000716 seconds, Stopping threads took: 0.0000207 seconds
2020-04-30T05:50:20.022+0700: 23311.832: Total time for which application threads were stopped: 0.0000523 seconds, Stopping threads took: 0.0000193 seconds
2020-04-30T05:50:20.022+0700: 23311.832: Total time for which application threads were stopped: 0.0000715 seconds, Stopping threads took: 0.0000048 seconds
2020-04-30T05:50:20.022+0700: 23311.832: Total time for which application threads were stopped: 0.0000859 seconds, Stopping threads took: 0.0000050 seconds
2020-04-30T05:50:20.022+0700: 23311.832: Total time for which application threads were stopped: 0.0000876 seconds, Stopping threads took: 0.0000053 seconds
2020-04-30T05:50:20.022+0700: 23311.832: Total time for which application threads were stopped: 0.0000847 seconds, Stopping threads took: 0.0000050 seconds
2020-04-30T05:50:20.022+0700: 23311.833: Total time for which application threads were stopped: 0.0000551 seconds, Stopping threads took: 0.0000049 seconds
2020-04-30T05:50:20.022+0700: 23311.833: Total time for which application threads were stopped: 0.0000698 seconds, Stopping threads took: 0.0000240 seconds
2020-04-30T05:50:20.024+0700: 23311.835: Total time for which application threads were stopped: 0.0000964 seconds, Stopping threads took: 0.0000256 seconds
2020-04-30T05:50:20.026+0700: 23311.836: Total time for which application threads were stopped: 0.0002334 seconds, Stopping threads took: 0.0000109 seconds
2020-04-30T05:50:20.027+0700: 23311.838: Total time for which application threads were stopped: 0.0000583 seconds, Stopping threads took: 0.0000098 seconds
2020-04-30T05:50:20.048+0700: 23311.859: Total time for which application threads were stopped: 0.0000936 seconds, Stopping threads took: 0.0000149 seconds
2020-04-30T05:50:29.930+0700: 23321.740: Total time for which application threads were stopped: 0.0001512 seconds, Stopping threads took: 0.0000216 seconds
2020-04-30T05:50:29.930+0700: 23321.741: Total time for which application threads were stopped: 0.0000579 seconds, Stopping threads took: 0.0000067 seconds
2020-04-30T05:50:29.931+0700: 23321.741: Total time for which application threads were stopped: 0.0001842 seconds, Stopping threads took: 0.0000065 seconds
2020-04-30T05:50:29.931+0700: 23321.741: Total time for which application threads were stopped: 0.0001215 seconds, Stopping threads took: 0.0000040 seconds
2020-04-30T05:50:32.183+0700: 23323.993: Total time for which application threads were stopped: 0.0001351 seconds, Stopping threads took: 0.0000194 seconds
2020-04-30T05:50:32.183+0700: 23323.993: Total time for which application threads were stopped: 0.0000595 seconds, Stopping threads took: 0.0000048 seconds
2020-04-30T05:50:39.932+0700: 23331.742: Total time for which application threads were stopped: 0.0002106 seconds, Stopping threads took: 0.0000328 seconds
2020-04-30T05:50:39.933+0700: 23331.743: Total time for which application threads were stopped: 0.0000940 seconds, Stopping threads took: 0.0000269 seconds
2020-04-30T05:50:52.580+0700: 23344.390: Total time for which application threads were stopped: 0.0001524 seconds, Stopping threads took: 0.0000211 seconds
2020-04-30T05:50:52.580+0700: 23344.390: Total time for which application threads were stopped: 0.0000583 seconds, Stopping threads took: 0.0000066 seconds
2020-04-30T05:50:52.580+0700: 23344.390: Total time for which application threads were stopped: 0.0000559 seconds, Stopping threads took: 0.0000066 seconds
2020-04-30T05:50:52.580+0700: 23344.390: Total time for which application threads were stopped: 0.0000435 seconds, Stopping threads took: 0.0000041 seconds
2020-04-30T05:50:57.357+0700: 23349.167: Total time for which application threads were stopped: 0.0001140 seconds, Stopping threads took: 0.0000332 seconds
2020-04-30T05:51:05.535+0700: 23357.345: Total time for which application threads were stopped: 0.0001528 seconds, Stopping threads took: 0.0000347 seconds
2020-04-30T05:51:05.535+0700: 23357.345: Total time for which application threads were stopped: 0.0000970 seconds, Stopping threads took: 0.0000066 seconds
2020-04-30T05:51:05.536+0700: 23357.345: Total time for which application threads were stopped: 0.0000798 seconds, Stopping threads took: 0.0000054 seconds
2020-04-30T05:51:05.536+0700: 23357.345: Total time for which application threads were stopped: 0.0001025 seconds, Stopping threads took: 0.0000031 seconds
2020-04-30T05:51:16.819+0700: 23368.628: Total time for which application threads were stopped: 0.0001136 seconds, Stopping threads took: 0.0000340 seconds
2020-04-30T05:51:18.915+0700: 23370.724: Total time for which application threads were stopped: 0.0001800 seconds, Stopping threads took: 0.0000205 seconds
2020-04-30T05:51:18.915+0700: 23370.724: Total time for which application threads were stopped: 0.0001089 seconds, Stopping threads took: 0.0000229 seconds
2020-04-30T05:51:18.915+0700: 23370.725: Total time for which application threads were stopped: 0.0000666 seconds, Stopping threads took: 0.0000098 seconds
2020-04-30T05:51:18.916+0700: 23370.725: Total time for which application threads were stopped: 0.0000452 seconds, Stopping threads took: 0.0000043 seconds
2020-04-30T05:51:31.929+0700: 23383.738: Total time for which application threads were stopped: 0.0001106 seconds, Stopping threads took: 0.0000326 seconds
2020-04-30T05:51:42.702+0700: 23394.511: Total time for which application threads were stopped: 0.0001517 seconds, Stopping threads took: 0.0000203 seconds
2020-04-30T05:51:42.702+0700: 23394.511: Total time for which application threads were stopped: 0.0000761 seconds, Stopping threads took: 0.0000085 seconds
2020-04-30T05:51:42.703+0700: 23394.511: Total time for which application threads were stopped: 0.0000575 seconds, Stopping threads took: 0.0000073 seconds
2020-04-30T05:51:42.703+0700: 23394.511: Total time for which application threads were stopped: 0.0000438 seconds, Stopping threads took: 0.0000040 seconds
2020-04-30T05:51:55.763+0700: 23407.572: Total time for which application threads were stopped: 0.0001576 seconds, Stopping threads took: 0.0000326 seconds
2020-04-30T05:51:55.764+0700: 23407.572: Total time for which application threads were stopped: 0.0000978 seconds, Stopping threads took: 0.0000257 seconds
2020-04-30T05:51:55.771+0700: 23407.579: Total time for which application threads were stopped: 0.0000960 seconds, Stopping threads took: 0.0000120 seconds
2020-04-30T05:52:00.026+0700: 23411.835: Total time for which application threads were stopped: 0.0001372 seconds, Stopping threads took: 0.0000194 seconds
2020-04-30T05:52:00.026+0700: 23411.835: Total time for which application threads were stopped: 0.0000775 seconds, Stopping threads took: 0.0000088 seconds
2020-04-30T05:52:00.027+0700: 23411.835: Total time for which application threads were stopped: 0.0000535 seconds, Stopping threads took: 0.0000065 seconds
2020-04-30T05:52:00.027+0700: 23411.835: Total time for which application threads were stopped: 0.0000414 seconds, Stopping threads took: 0.0000039 seconds
2020-04-30T05:52:13.947+0700: 23425.755: Total time for which application threads were stopped: 0.0001135 seconds, Stopping threads took: 0.0000326 seconds
2020-04-30T05:52:21.471+0700: 23433.279: Total time for which application threads were stopped: 0.0003109 seconds, Stopping threads took: 0.0000203 seconds
2020-04-30T05:52:21.471+0700: 23433.279: Total time for which application threads were stopped: 0.0000749 seconds, Stopping threads took: 0.0000090 seconds
2020-04-30T05:52:21.471+0700: 23433.279: Total time for which application threads were stopped: 0.0000573 seconds, Stopping threads took: 0.0000071 seconds
2020-04-30T05:52:21.471+0700: 23433.279: Total time for which application threads were stopped: 0.0000447 seconds, Stopping threads took: 0.0000043 seconds
2020-04-30T05:52:28.013+0700: 23439.820: Total time for which application threads were stopped: 0.0001524 seconds, Stopping threads took: 0.0000211 seconds
2020-04-30T05:52:34.029+0700: 23445.836: Total time for which application threads were stopped: 0.0001391 seconds, Stopping threads took: 0.0000172 seconds
2020-04-30T05:52:37.689+0700: 23449.497: Total time for which application threads were stopped: 0.0001603 seconds, Stopping threads took: 0.0000239 seconds
2020-04-30T05:52:37.690+0700: 23449.497: Total time for which application threads were stopped: 0.0000665 seconds, Stopping threads took: 0.0000082 seconds
2020-04-30T05:52:37.690+0700: 23449.497: Total time for which application threads were stopped: 0.0000618 seconds, Stopping threads took: 0.0000076 seconds
2020-04-30T05:52:37.690+0700: 23449.497: Total time for which application threads were stopped: 0.0000494 seconds, Stopping threads took: 0.0000049 seconds
2020-04-30T05:52:49.145+0700: 23460.952: Total time for which application threads were stopped: 0.0001749 seconds, Stopping threads took: 0.0000538 seconds
2020-04-30T05:52:49.145+0700: 23460.952: Total time for which application threads were stopped: 0.0001123 seconds, Stopping threads took: 0.0000275 seconds
2020-04-30T05:52:49.152+0700: 23460.959: Total time for which application threads were stopped: 0.0001922 seconds, Stopping threads took: 0.0000682 seconds
2020-04-30T05:52:49.152+0700: 23460.959: Total time for which application threads were stopped: 0.0000901 seconds, Stopping threads took: 0.0000085 seconds
2020-04-30T05:52:49.153+0700: 23460.960: Total time for which application threads were stopped: 0.0001055 seconds, Stopping threads took: 0.0000292 seconds
2020-04-30T05:52:49.153+0700: 23460.961: Total time for which application threads were stopped: 0.0000950 seconds, Stopping threads took: 0.0000184 seconds
2020-04-30T05:52:50.163+0700: 23461.971: Total time for which application threads were stopped: 0.0001400 seconds, Stopping threads took: 0.0000215 seconds
2020-04-30T05:52:52.039+0700: 23463.846: Total time for which application threads were stopped: 0.0001398 seconds, Stopping threads took: 0.0000177 seconds
2020-04-30T05:52:52.039+0700: 23463.846: Total time for which application threads were stopped: 0.0000889 seconds, Stopping threads took: 0.0000122 seconds
2020-04-30T05:52:52.039+0700: 23463.846: Total time for which application threads were stopped: 0.0000878 seconds, Stopping threads took: 0.0000238 seconds
2020-04-30T05:52:52.039+0700: 23463.847: Total time for which application threads were stopped: 0.0000708 seconds, Stopping threads took: 0.0000092 seconds
2020-04-30T05:53:04.775+0700: 23476.582: Total time for which application threads were stopped: 0.0001298 seconds, Stopping threads took: 0.0000345 seconds
2020-04-30T05:53:04.780+0700: 23476.587: Total time for which application threads were stopped: 0.0000871 seconds, Stopping threads took: 0.0000281 seconds
2020-04-30T05:53:04.792+0700: 23476.599: Total time for which application threads were stopped: 0.0000869 seconds, Stopping threads took: 0.0000142 seconds
2020-04-30T05:53:06.061+0700: 23477.868: Total time for which application threads were stopped: 0.0001401 seconds, Stopping threads took: 0.0000197 seconds
2020-04-30T05:53:06.061+0700: 23477.868: Total time for which application threads were stopped: 0.0000762 seconds, Stopping threads took: 0.0000082 seconds
2020-04-30T05:53:06.061+0700: 23477.868: Total time for which application threads were stopped: 0.0000566 seconds, Stopping threads took: 0.0000068 seconds
2020-04-30T05:53:06.061+0700: 23477.868: Total time for which application threads were stopped: 0.0000438 seconds, Stopping threads took: 0.0000039 seconds
2020-04-30T05:53:20.246+0700: 23492.052: Total time for which application threads were stopped: 0.0000985 seconds, Stopping threads took: 0.0000160 seconds
2020-04-30T05:53:26.405+0700: 23498.211: Total time for which application threads were stopped: 0.0001656 seconds, Stopping threads took: 0.0000228 seconds
2020-04-30T05:53:26.405+0700: 23498.211: Total time for which application threads were stopped: 0.0002290 seconds, Stopping threads took: 0.0000085 seconds
2020-04-30T05:53:26.405+0700: 23498.211: Total time for which application threads were stopped: 0.0000681 seconds, Stopping threads took: 0.0000076 seconds
2020-04-30T05:53:26.405+0700: 23498.212: Total time for which application threads were stopped: 0.0000524 seconds, Stopping threads took: 0.0000048 seconds
2020-04-30T05:53:33.202+0700: 23505.008: Total time for which application threads were stopped: 0.0001587 seconds, Stopping threads took: 0.0000215 seconds
2020-04-30T05:53:36.362+0700: 23508.168: Total time for which application threads were stopped: 0.0001148 seconds, Stopping threads took: 0.0000194 seconds
2020-04-30T05:53:36.362+0700: 23508.168: Total time for which application threads were stopped: 0.0000556 seconds, Stopping threads took: 0.0000075 seconds
2020-04-30T05:53:36.368+0700: 23508.174: Total time for which application threads were stopped: 0.0000884 seconds, Stopping threads took: 0.0000142 seconds
2020-04-30T05:53:46.875+0700: 23518.681: Total time for which application threads were stopped: 0.0001508 seconds, Stopping threads took: 0.0000233 seconds
2020-04-30T05:53:46.875+0700: 23518.681: Total time for which application threads were stopped: 0.0000578 seconds, Stopping threads took: 0.0000068 seconds
2020-04-30T05:53:46.875+0700: 23518.681: Total time for which application threads were stopped: 0.0000537 seconds, Stopping threads took: 0.0000064 seconds
2020-04-30T05:53:46.875+0700: 23518.681: Total time for which application threads were stopped: 0.0000584 seconds, Stopping threads took: 0.0000072 seconds
2020-04-30T05:53:55.156+0700: 23526.962: Total time for which application threads were stopped: 0.0001081 seconds, Stopping threads took: 0.0000173 seconds
2020-04-30T05:53:55.156+0700: 23526.962: Total time for which application threads were stopped: 0.0000525 seconds, Stopping threads took: 0.0000065 seconds
2020-04-30T05:53:55.162+0700: 23526.968: Total time for which application threads were stopped: 0.0001750 seconds, Stopping threads took: 0.0000131 seconds
2020-04-30T05:54:02.148+0700: 23533.954: Total time for which application threads were stopped: 0.0001690 seconds, Stopping threads took: 0.0000208 seconds
2020-04-30T05:54:02.148+0700: 23533.954: Total time for which application threads were stopped: 0.0000703 seconds, Stopping threads took: 0.0000078 seconds
2020-04-30T05:54:02.148+0700: 23533.954: Total time for which application threads were stopped: 0.0000500 seconds, Stopping threads took: 0.0000059 seconds
2020-04-30T05:54:02.148+0700: 23533.954: Total time for which application threads were stopped: 0.0000397 seconds, Stopping threads took: 0.0000037 seconds
2020-04-30T05:54:11.289+0700: 23543.094: Total time for which application threads were stopped: 0.0001366 seconds, Stopping threads took: 0.0000179 seconds
2020-04-30T05:54:27.277+0700: 23559.082: Total time for which application threads were stopped: 0.0001457 seconds, Stopping threads took: 0.0000211 seconds
2020-04-30T05:54:27.277+0700: 23559.083: Total time for which application threads were stopped: 0.0000671 seconds, Stopping threads took: 0.0000074 seconds
2020-04-30T05:54:27.278+0700: 23559.083: Total time for which application threads were stopped: 0.0000686 seconds, Stopping threads took: 0.0000088 seconds
2020-04-30T05:54:27.278+0700: 23559.083: Total time for which application threads were stopped: 0.0000472 seconds, Stopping threads took: 0.0000043 seconds
2020-04-30T05:54:29.926+0700: 23561.731: Total time for which application threads were stopped: 0.0001591 seconds, Stopping threads took: 0.0000541 seconds
2020-04-30T05:54:29.926+0700: 23561.731: Total time for which application threads were stopped: 0.0001005 seconds, Stopping threads took: 0.0000249 seconds
2020-04-30T05:54:29.934+0700: 23561.739: Total time for which application threads were stopped: 0.0000802 seconds, Stopping threads took: 0.0000123 seconds
2020-04-30T05:54:36.734+0700: 23568.538: Total time for which application threads were stopped: 0.0001638 seconds, Stopping threads took: 0.0000231 seconds
2020-04-30T05:54:36.734+0700: 23568.539: Total time for which application threads were stopped: 0.0000702 seconds, Stopping threads took: 0.0000082 seconds
2020-04-30T05:54:36.734+0700: 23568.539: Total time for which application threads were stopped: 0.0000641 seconds, Stopping threads took: 0.0000075 seconds
2020-04-30T05:54:36.734+0700: 23568.539: Total time for which application threads were stopped: 0.0000526 seconds, Stopping threads took: 0.0000047 seconds
{Heap before GC invocations=54 (full 0):
 garbage-first heap   total 524288K, used 377463K [0x00000007a0000000, 0x00000007a0101000, 0x00000007c0000000)
  region size 1024K, 307 young (314368K), 16 survivors (16384K)
 Metaspace       used 54132K, capacity 56406K, committed 56648K, reserved 1099776K
  class space    used 6221K, capacity 6670K, committed 6732K, reserved 1048576K
2020-04-30T05:54:47.012+0700: 23578.817: [GC pause (G1 Evacuation Pause) (young)
Desired survivor size 20447232 bytes, new threshold 15 (max 15)
- age   1:   13048744 bytes,   13048744 total
- age   2:      34352 bytes,   13083096 total
- age   3:      93728 bytes,   13176824 total
- age   4:     130272 bytes,   13307096 total
- age   5:       4824 bytes,   13311920 total
- age   6:       6984 bytes,   13318904 total
- age   7:       8984 bytes,   13327888 total
- age   8:       4944 bytes,   13332832 total
- age   9:      51688 bytes,   13384520 total
- age  10:       1208 bytes,   13385728 total
- age  11:      14560 bytes,   13400288 total
- age  12:      16984 bytes,   13417272 total
- age  13:       3856 bytes,   13421128 total
- age  14:       2072 bytes,   13423200 total
- age  15:       3376 bytes,   13426576 total
, 0.0050646 secs]
   [Parallel Time: 2.5 ms, GC Workers: 8]
      [GC Worker Start (ms): Min: 23578817.0, Avg: 23578817.3, Max: 23578819.3, Diff: 2.3]
      [Ext Root Scanning (ms): Min: 0.0, Avg: 0.5, Max: 1.7, Diff: 1.7, Sum: 4.4]
      [Update RS (ms): Min: 0.0, Avg: 0.1, Max: 0.2, Diff: 0.2, Sum: 1.0]
         [Processed Buffers: Min: 0, Avg: 3.0, Max: 8, Diff: 8, Sum: 24]
      [Scan RS (ms): Min: 0.0, Avg: 0.0, Max: 0.0, Diff: 0.0, Sum: 0.2]
      [Code Root Scanning (ms): Min: 0.0, Avg: 0.0, Max: 0.0, Diff: 0.0, Sum: 0.1]
      [Object Copy (ms): Min: 0.0, Avg: 0.8, Max: 1.2, Diff: 1.2, Sum: 6.8]
      [Termination (ms): Min: 0.0, Avg: 0.5, Max: 0.6, Diff: 0.6, Sum: 3.8]
         [Termination Attempts: Min: 1, Avg: 1.5, Max: 2, Diff: 1, Sum: 12]
      [GC Worker Other (ms): Min: 0.0, Avg: 0.0, Max: 0.0, Diff: 0.0, Sum: 0.1]
      [GC Worker Total (ms): Min: 0.0, Avg: 2.0, Max: 2.4, Diff: 2.3, Sum: 16.4]
      [GC Worker End (ms): Min: 23578819.3, Avg: 23578819.3, Max: 23578819.3, Diff: 0.0]
   [Code Root Fixup: 0.0 ms]
   [Code Root Purge: 0.0 ms]
   [Clear CT: 0.1 ms]
   [Other: 2.5 ms]
      [Choose CSet: 0.0 ms]
      [Ref Proc: 2.0 ms]
      [Ref Enq: 0.1 ms]
      [Redirty Cards: 0.1 ms]
      [Humongous Register: 0.0 ms]
      [Humongous Reclaim: 0.0 ms]
      [Free CSet: 0.1 ms]
   [Eden: 291.0M(291.0M)->0.0B(299.0M) Survivors: 16.0M->8192.0K Heap: 368.6M(512.0M)->69.6M(512.0M)]
Heap after GC invocations=55 (full 0):
 garbage-first heap   total 524288K, used 71300K [0x00000007a0000000, 0x00000007a0101000, 0x00000007c0000000)
  region size 1024K, 8 young (8192K), 8 survivors (8192K)
 Metaspace       used 54132K, capacity 56406K, committed 56648K, reserved 1099776K
  class space    used 6221K, capacity 6670K, committed 6732K, reserved 1048576K
}
 [Times: user=0.02 sys=0.00, real=0.00 secs] 
2020-04-30T05:54:47.017+0700: 23578.822: Total time for which application threads were stopped: 0.0053146 seconds, Stopping threads took: 0.0000328 seconds
2020-04-30T05:54:47.018+0700: 23578.823: Total time for which application threads were stopped: 0.0000790 seconds, Stopping threads took: 0.0000128 seconds
2020-04-30T05:54:50.130+0700: 23581.935: Total time for which application threads were stopped: 0.0001525 seconds, Stopping threads took: 0.0000197 seconds
2020-04-30T05:54:50.130+0700: 23581.935: Total time for which application threads were stopped: 0.0000791 seconds, Stopping threads took: 0.0000085 seconds
2020-04-30T05:54:50.130+0700: 23581.935: Total time for which application threads were stopped: 0.0000568 seconds, Stopping threads took: 0.0000073 seconds
2020-04-30T05:54:50.130+0700: 23581.935: Total time for which application threads were stopped: 0.0000431 seconds, Stopping threads took: 0.0000041 seconds
2020-04-30T05:55:03.514+0700: 23595.319: Total time for which application threads were stopped: 0.0002632 seconds, Stopping threads took: 0.0000163 seconds
2020-04-30T05:55:05.752+0700: 23597.557: Total time for which application threads were stopped: 0.0001423 seconds, Stopping threads took: 0.0000200 seconds
2020-04-30T05:55:05.753+0700: 23597.557: Total time for which application threads were stopped: 0.0000736 seconds, Stopping threads took: 0.0000078 seconds
2020-04-30T05:55:05.753+0700: 23597.557: Total time for which application threads were stopped: 0.0001732 seconds, Stopping threads took: 0.0000069 seconds
2020-04-30T05:55:05.753+0700: 23597.557: Total time for which application threads were stopped: 0.0001315 seconds, Stopping threads took: 0.0000044 seconds
2020-04-30T05:55:07.265+0700: 23599.070: Total time for which application threads were stopped: 0.0001378 seconds, Stopping threads took: 0.0000204 seconds
2020-04-30T05:55:07.265+0700: 23599.070: Total time for which application threads were stopped: 0.0000608 seconds, Stopping threads took: 0.0000057 seconds
2020-04-30T05:55:19.675+0700: 23611.479: Total time for which application threads were stopped: 0.0001183 seconds, Stopping threads took: 0.0000332 seconds
2020-04-30T05:55:19.675+0700: 23611.479: Total time for which application threads were stopped: 0.0001066 seconds, Stopping threads took: 0.0000439 seconds
2020-04-30T05:55:20.684+0700: 23612.487: Total time for which application threads were stopped: 0.0001379 seconds, Stopping threads took: 0.0000191 seconds
2020-04-30T05:55:22.279+0700: 23614.083: Total time for which application threads were stopped: 0.0001417 seconds, Stopping threads took: 0.0000192 seconds
2020-04-30T05:55:22.279+0700: 23614.083: Total time for which application threads were stopped: 0.0000750 seconds, Stopping threads took: 0.0000084 seconds
2020-04-30T05:55:22.279+0700: 23614.083: Total time for which application threads were stopped: 0.0000558 seconds, Stopping threads took: 0.0000069 seconds
2020-04-30T05:55:22.279+0700: 23614.083: Total time for which application threads were stopped: 0.0000429 seconds, Stopping threads took: 0.0000041 seconds
2020-04-30T05:55:36.308+0700: 23628.111: Total time for which application threads were stopped: 0.0000997 seconds, Stopping threads took: 0.0000183 seconds
2020-04-30T05:55:39.001+0700: 23630.805: Total time for which application threads were stopped: 0.0001482 seconds, Stopping threads took: 0.0000196 seconds
2020-04-30T05:55:39.001+0700: 23630.805: Total time for which application threads were stopped: 0.0000774 seconds, Stopping threads took: 0.0000086 seconds
2020-04-30T05:55:39.002+0700: 23630.805: Total time for which application threads were stopped: 0.0000583 seconds, Stopping threads took: 0.0000068 seconds
2020-04-30T05:55:39.002+0700: 23630.805: Total time for which application threads were stopped: 0.0000585 seconds, Stopping threads took: 0.0000069 seconds
2020-04-30T05:55:51.912+0700: 23643.715: Total time for which application threads were stopped: 0.0001067 seconds, Stopping threads took: 0.0000182 seconds
2020-04-30T05:55:51.912+0700: 23643.715: Total time for which application threads were stopped: 0.0000830 seconds, Stopping threads took: 0.0000204 seconds
2020-04-30T05:55:59.249+0700: 23651.052: Total time for which application threads were stopped: 0.0001523 seconds, Stopping threads took: 0.0000219 seconds
2020-04-30T05:55:59.249+0700: 23651.053: Total time for which application threads were stopped: 0.0000590 seconds, Stopping threads took: 0.0000066 seconds
2020-04-30T05:55:59.249+0700: 23651.053: Total time for which application threads were stopped: 0.0000541 seconds, Stopping threads took: 0.0000063 seconds
2020-04-30T05:55:59.249+0700: 23651.053: Total time for which application threads were stopped: 0.0000427 seconds, Stopping threads took: 0.0000040 seconds
2020-04-30T05:56:07.259+0700: 23659.062: Total time for which application threads were stopped: 0.0002333 seconds, Stopping threads took: 0.0000519 seconds
2020-04-30T05:56:18.655+0700: 23670.458: Total time for which application threads were stopped: 0.0001617 seconds, Stopping threads took: 0.0000224 seconds
2020-04-30T05:56:18.655+0700: 23670.458: Total time for which application threads were stopped: 0.0000698 seconds, Stopping threads took: 0.0000083 seconds
2020-04-30T05:56:18.655+0700: 23670.458: Total time for which application threads were stopped: 0.0000648 seconds, Stopping threads took: 0.0000080 seconds
2020-04-30T05:56:18.655+0700: 23670.458: Total time for which application threads were stopped: 0.0000509 seconds, Stopping threads took: 0.0000048 seconds
2020-04-30T05:56:29.565+0700: 23681.367: Total time for which application threads were stopped: 0.0001565 seconds, Stopping threads took: 0.0000528 seconds
2020-04-30T05:56:29.565+0700: 23681.368: Total time for which application threads were stopped: 0.0000971 seconds, Stopping threads took: 0.0000250 seconds
2020-04-30T05:56:44.803+0700: 23696.605: Total time for which application threads were stopped: 0.0001480 seconds, Stopping threads took: 0.0000214 seconds
2020-04-30T05:56:44.803+0700: 23696.605: Total time for which application threads were stopped: 0.0000586 seconds, Stopping threads took: 0.0000070 seconds
2020-04-30T05:56:44.803+0700: 23696.605: Total time for which application threads were stopped: 0.0000548 seconds, Stopping threads took: 0.0000066 seconds
2020-04-30T05:56:44.803+0700: 23696.605: Total time for which application threads were stopped: 0.0000432 seconds, Stopping threads took: 0.0000043 seconds
2020-04-30T05:56:53.747+0700: 23705.549: Total time for which application threads were stopped: 0.0001057 seconds, Stopping threads took: 0.0000191 seconds
2020-04-30T05:56:53.747+0700: 23705.549: Total time for which application threads were stopped: 0.0000474 seconds, Stopping threads took: 0.0000060 seconds
2020-04-30T05:56:57.953+0700: 23709.755: Total time for which application threads were stopped: 0.0001636 seconds, Stopping threads took: 0.0000232 seconds
2020-04-30T05:56:57.954+0700: 23709.756: Total time for which application threads were stopped: 0.0000703 seconds, Stopping threads took: 0.0000083 seconds
2020-04-30T05:56:57.954+0700: 23709.756: Total time for which application threads were stopped: 0.0000652 seconds, Stopping threads took: 0.0000078 seconds
2020-04-30T05:56:57.954+0700: 23709.756: Total time for which application threads were stopped: 0.0000515 seconds, Stopping threads took: 0.0000048 seconds
2020-04-30T05:57:12.465+0700: 23724.266: Total time for which application threads were stopped: 0.0001448 seconds, Stopping threads took: 0.0000209 seconds
2020-04-30T05:57:12.465+0700: 23724.266: Total time for which application threads were stopped: 0.0000757 seconds, Stopping threads took: 0.0000086 seconds
2020-04-30T05:57:12.465+0700: 23724.267: Total time for which application threads were stopped: 0.0000551 seconds, Stopping threads took: 0.0000064 seconds
2020-04-30T05:57:12.465+0700: 23724.267: Total time for which application threads were stopped: 0.0000425 seconds, Stopping threads took: 0.0000040 seconds
2020-04-30T05:57:31.439+0700: 23743.240: Total time for which application threads were stopped: 0.0001514 seconds, Stopping threads took: 0.0000220 seconds
2020-04-30T05:57:31.439+0700: 23743.240: Total time for which application threads were stopped: 0.0000601 seconds, Stopping threads took: 0.0000070 seconds
2020-04-30T05:57:31.439+0700: 23743.240: Total time for which application threads were stopped: 0.0000544 seconds, Stopping threads took: 0.0000063 seconds
2020-04-30T05:57:31.439+0700: 23743.240: Total time for which application threads were stopped: 0.0000432 seconds, Stopping threads took: 0.0000040 seconds
2020-04-30T05:57:50.541+0700: 23762.342: Total time for which application threads were stopped: 0.0001531 seconds, Stopping threads took: 0.0000221 seconds
2020-04-30T05:57:50.541+0700: 23762.342: Total time for which application threads were stopped: 0.0000606 seconds, Stopping threads took: 0.0000073 seconds
2020-04-30T05:57:50.541+0700: 23762.342: Total time for which application threads were stopped: 0.0000566 seconds, Stopping threads took: 0.0000064 seconds
2020-04-30T05:57:50.541+0700: 23762.342: Total time for which application threads were stopped: 0.0000449 seconds, Stopping threads took: 0.0000040 seconds
2020-04-30T05:58:01.558+0700: 23773.359: Total time for which application threads were stopped: 0.0001495 seconds, Stopping threads took: 0.0000539 seconds
2020-04-30T05:58:01.559+0700: 23773.359: Total time for which application threads were stopped: 0.0000900 seconds, Stopping threads took: 0.0000039 seconds
2020-04-30T05:58:01.567+0700: 23773.367: Total time for which application threads were stopped: 0.0001575 seconds, Stopping threads took: 0.0000204 seconds
2020-04-30T05:58:01.567+0700: 23773.368: Total time for which application threads were stopped: 0.0001801 seconds, Stopping threads took: 0.0000886 seconds
2020-04-30T05:58:01.568+0700: 23773.369: Total time for which application threads were stopped: 0.0003042 seconds, Stopping threads took: 0.0000707 seconds
2020-04-30T05:58:07.702+0700: 23779.502: Total time for which application threads were stopped: 0.0001512 seconds, Stopping threads took: 0.0000214 seconds
2020-04-30T05:58:07.702+0700: 23779.502: Total time for which application threads were stopped: 0.0000780 seconds, Stopping threads took: 0.0000087 seconds
2020-04-30T05:58:07.702+0700: 23779.502: Total time for which application threads were stopped: 0.0000576 seconds, Stopping threads took: 0.0000068 seconds
2020-04-30T05:58:07.702+0700: 23779.502: Total time for which application threads were stopped: 0.0000436 seconds, Stopping threads took: 0.0000040 seconds
2020-04-30T05:58:17.899+0700: 23789.699: Total time for which application threads were stopped: 0.0001123 seconds, Stopping threads took: 0.0000352 seconds
2020-04-30T05:58:17.905+0700: 23789.705: Total time for which application threads were stopped: 0.0002289 seconds, Stopping threads took: 0.0000121 seconds
2020-04-30T05:58:17.918+0700: 23789.718: Total time for which application threads were stopped: 0.0001017 seconds, Stopping threads took: 0.0000304 seconds
2020-04-30T05:58:22.496+0700: 23794.296: Total time for which application threads were stopped: 0.0003107 seconds, Stopping threads took: 0.0000232 seconds
2020-04-30T05:58:22.496+0700: 23794.296: Total time for which application threads were stopped: 0.0000638 seconds, Stopping threads took: 0.0000085 seconds
2020-04-30T05:58:22.496+0700: 23794.296: Total time for which application threads were stopped: 0.0000667 seconds, Stopping threads took: 0.0000096 seconds
2020-04-30T05:58:22.496+0700: 23794.296: Total time for which application threads were stopped: 0.0000536 seconds, Stopping threads took: 0.0000106 seconds
2020-04-30T05:58:25.112+0700: 23796.912: Total time for which application threads were stopped: 0.0001457 seconds, Stopping threads took: 0.0000198 seconds
2020-04-30T05:58:34.466+0700: 23806.266: Total time for which application threads were stopped: 0.0001593 seconds, Stopping threads took: 0.0000326 seconds
2020-04-30T05:58:34.466+0700: 23806.266: Total time for which application threads were stopped: 0.0000996 seconds, Stopping threads took: 0.0000252 seconds
2020-04-30T05:58:34.473+0700: 23806.273: Total time for which application threads were stopped: 0.0000916 seconds, Stopping threads took: 0.0000257 seconds
2020-04-30T05:58:41.495+0700: 23813.295: Total time for which application threads were stopped: 0.0001489 seconds, Stopping threads took: 0.0000213 seconds
2020-04-30T05:58:41.495+0700: 23813.295: Total time for which application threads were stopped: 0.0000765 seconds, Stopping threads took: 0.0000091 seconds
2020-04-30T05:58:41.495+0700: 23813.295: Total time for which application threads were stopped: 0.0000527 seconds, Stopping threads took: 0.0000068 seconds
2020-04-30T05:58:41.495+0700: 23813.295: Total time for which application threads were stopped: 0.0000401 seconds, Stopping threads took: 0.0000036 seconds
2020-04-30T05:58:54.059+0700: 23825.858: Total time for which application threads were stopped: 0.0001193 seconds, Stopping threads took: 0.0000333 seconds
2020-04-30T05:58:54.059+0700: 23825.859: Total time for which application threads were stopped: 0.0000580 seconds, Stopping threads took: 0.0000090 seconds
2020-04-30T05:58:54.065+0700: 23825.864: Total time for which application threads were stopped: 0.0000787 seconds, Stopping threads took: 0.0000139 seconds
2020-04-30T05:58:58.360+0700: 23830.160: Total time for which application threads were stopped: 0.0001554 seconds, Stopping threads took: 0.0000210 seconds
2020-04-30T05:58:58.360+0700: 23830.160: Total time for which application threads were stopped: 0.0000629 seconds, Stopping threads took: 0.0000081 seconds
2020-04-30T05:58:58.361+0700: 23830.160: Total time for which application threads were stopped: 0.0000548 seconds, Stopping threads took: 0.0000065 seconds
2020-04-30T05:58:58.361+0700: 23830.160: Total time for which application threads were stopped: 0.0000435 seconds, Stopping threads took: 0.0000039 seconds
2020-04-30T05:59:09.878+0700: 23841.677: Total time for which application threads were stopped: 0.0001306 seconds, Stopping threads took: 0.0000513 seconds
2020-04-30T05:59:14.257+0700: 23846.056: Total time for which application threads were stopped: 0.0001469 seconds, Stopping threads took: 0.0000210 seconds
2020-04-30T05:59:14.257+0700: 23846.056: Total time for which application threads were stopped: 0.0000736 seconds, Stopping threads took: 0.0000081 seconds
2020-04-30T05:59:14.257+0700: 23846.056: Total time for which application threads were stopped: 0.0000564 seconds, Stopping threads took: 0.0000070 seconds
2020-04-30T05:59:14.257+0700: 23846.056: Total time for which application threads were stopped: 0.0000436 seconds, Stopping threads took: 0.0000040 seconds
2020-04-30T05:59:27.219+0700: 23859.017: Total time for which application threads were stopped: 0.0002347 seconds, Stopping threads took: 0.0000187 seconds
2020-04-30T05:59:27.219+0700: 23859.018: Total time for which application threads were stopped: 0.0001917 seconds, Stopping threads took: 0.0000246 seconds
2020-04-30T05:59:27.226+0700: 23859.024: Total time for which application threads were stopped: 0.0000918 seconds, Stopping threads took: 0.0000285 seconds
2020-04-30T05:59:30.959+0700: 23862.758: Total time for which application threads were stopped: 0.0001421 seconds, Stopping threads took: 0.0000210 seconds
2020-04-30T05:59:30.959+0700: 23862.758: Total time for which application threads were stopped: 0.0002157 seconds, Stopping threads took: 0.0000091 seconds
2020-04-30T05:59:30.960+0700: 23862.758: Total time for which application threads were stopped: 0.0000590 seconds, Stopping threads took: 0.0000071 seconds
2020-04-30T05:59:30.960+0700: 23862.758: Total time for which application threads were stopped: 0.0000440 seconds, Stopping threads took: 0.0000043 seconds
2020-04-30T05:59:34.451+0700: 23866.249: Total time for which application threads were stopped: 0.0001482 seconds, Stopping threads took: 0.0000218 seconds
2020-04-30T05:59:44.690+0700: 23876.488: Total time for which application threads were stopped: 0.0001105 seconds, Stopping threads took: 0.0000318 seconds
2020-04-30T05:59:50.157+0700: 23881.956: Total time for which application threads were stopped: 0.0001763 seconds, Stopping threads took: 0.0000222 seconds
2020-04-30T05:59:50.158+0700: 23881.956: Total time for which application threads were stopped: 0.0000820 seconds, Stopping threads took: 0.0000092 seconds
2020-04-30T05:59:50.158+0700: 23881.956: Total time for which application threads were stopped: 0.0000677 seconds, Stopping threads took: 0.0000100 seconds
2020-04-30T05:59:50.158+0700: 23881.956: Total time for which application threads were stopped: 0.0000458 seconds, Stopping threads took: 0.0000042 seconds
2020-04-30T06:00:00.892+0700: 23892.690: Total time for which application threads were stopped: 0.0001961 seconds, Stopping threads took: 0.0000631 seconds
2020-04-30T06:00:02.251+0700: 23894.049: Total time for which application threads were stopped: 0.0001555 seconds, Stopping threads took: 0.0000344 seconds
2020-04-30T06:00:02.251+0700: 23894.049: Total time for which application threads were stopped: 0.0000971 seconds, Stopping threads took: 0.0000135 seconds
2020-04-30T06:00:02.251+0700: 23894.049: Total time for which application threads were stopped: 0.0000879 seconds, Stopping threads took: 0.0000277 seconds
2020-04-30T06:00:02.251+0700: 23894.049: Total time for which application threads were stopped: 0.0000822 seconds, Stopping threads took: 0.0000173 seconds
2020-04-30T06:00:05.271+0700: 23897.069: Total time for which application threads were stopped: 0.0001484 seconds, Stopping threads took: 0.0000215 seconds
2020-04-30T06:00:15.919+0700: 23907.717: Total time for which application threads were stopped: 0.0001129 seconds, Stopping threads took: 0.0000341 seconds
2020-04-30T06:00:20.023+0700: 23911.821: Total time for which application threads were stopped: 0.0001638 seconds, Stopping threads took: 0.0000228 seconds
2020-04-30T06:00:20.023+0700: 23911.821: Total time for which application threads were stopped: 0.0000916 seconds, Stopping threads took: 0.0000097 seconds
2020-04-30T06:00:20.024+0700: 23911.821: Total time for which application threads were stopped: 0.0000782 seconds, Stopping threads took: 0.0000112 seconds
2020-04-30T06:00:20.024+0700: 23911.821: Total time for which application threads were stopped: 0.0000540 seconds, Stopping threads took: 0.0000051 seconds
2020-04-30T06:00:31.775+0700: 23923.573: Total time for which application threads were stopped: 0.0001779 seconds, Stopping threads took: 0.0000321 seconds
2020-04-30T06:00:31.776+0700: 23923.573: Total time for which application threads were stopped: 0.0002155 seconds, Stopping threads took: 0.0000741 seconds
2020-04-30T06:00:31.776+0700: 23923.574: Total time for which application threads were stopped: 0.0001671 seconds, Stopping threads took: 0.0000680 seconds
2020-04-30T06:00:35.796+0700: 23927.593: Total time for which application threads were stopped: 0.0001538 seconds, Stopping threads took: 0.0000208 seconds
2020-04-30T06:00:35.796+0700: 23927.593: Total time for which application threads were stopped: 0.0000772 seconds, Stopping threads took: 0.0000086 seconds
2020-04-30T06:00:35.796+0700: 23927.593: Total time for which application threads were stopped: 0.0000567 seconds, Stopping threads took: 0.0000067 seconds
2020-04-30T06:00:35.796+0700: 23927.593: Total time for which application threads were stopped: 0.0000441 seconds, Stopping threads took: 0.0000041 seconds
2020-04-30T06:00:49.127+0700: 23940.924: Total time for which application threads were stopped: 0.0000977 seconds, Stopping threads took: 0.0000183 seconds
2020-04-30T06:00:49.146+0700: 23940.943: Total time for which application threads were stopped: 0.0001149 seconds, Stopping threads took: 0.0000180 seconds
2020-04-30T06:00:53.458+0700: 23945.255: Total time for which application threads were stopped: 0.0001456 seconds, Stopping threads took: 0.0000208 seconds
2020-04-30T06:00:53.458+0700: 23945.255: Total time for which application threads were stopped: 0.0000786 seconds, Stopping threads took: 0.0000085 seconds
2020-04-30T06:00:53.458+0700: 23945.255: Total time for which application threads were stopped: 0.0000679 seconds, Stopping threads took: 0.0000093 seconds
2020-04-30T06:00:53.458+0700: 23945.255: Total time for which application threads were stopped: 0.0000502 seconds, Stopping threads took: 0.0000048 seconds
2020-04-30T06:01:06.393+0700: 23958.189: Total time for which application threads were stopped: 0.0001293 seconds, Stopping threads took: 0.0000174 seconds
2020-04-30T06:01:06.393+0700: 23958.189: Total time for which application threads were stopped: 0.0001009 seconds, Stopping threads took: 0.0000061 seconds
2020-04-30T06:01:06.399+0700: 23958.196: Total time for which application threads were stopped: 0.0000931 seconds, Stopping threads took: 0.0000282 seconds
2020-04-30T06:01:07.906+0700: 23959.702: Total time for which application threads were stopped: 0.0001472 seconds, Stopping threads took: 0.0000210 seconds
2020-04-30T06:01:07.906+0700: 23959.702: Total time for which application threads were stopped: 0.0000793 seconds, Stopping threads took: 0.0000089 seconds
2020-04-30T06:01:07.906+0700: 23959.703: Total time for which application threads were stopped: 0.0000595 seconds, Stopping threads took: 0.0000076 seconds
2020-04-30T06:01:07.906+0700: 23959.703: Total time for which application threads were stopped: 0.0000458 seconds, Stopping threads took: 0.0000043 seconds
{Heap before GC invocations=55 (full 0):
 garbage-first heap   total 524288K, used 377476K [0x00000007a0000000, 0x00000007a0101000, 0x00000007c0000000)
  region size 1024K, 307 young (314368K), 8 survivors (8192K)
 Metaspace       used 54134K, capacity 56406K, committed 56648K, reserved 1099776K
  class space    used 6222K, capacity 6670K, committed 6732K, reserved 1048576K
2020-04-30T06:01:22.131+0700: 23973.927: [GC pause (G1 Evacuation Pause) (young)
Desired survivor size 20447232 bytes, new threshold 15 (max 15)
- age   1:    1149048 bytes,    1149048 total
- age   2:    4299912 bytes,    5448960 total
- age   3:      33576 bytes,    5482536 total
- age   4:      81256 bytes,    5563792 total
- age   5:     104456 bytes,    5668248 total
- age   6:       4664 bytes,    5672912 total
- age   7:       6984 bytes,    5679896 total
- age   8:       8984 bytes,    5688880 total
- age   9:       4944 bytes,    5693824 total
- age  10:      51688 bytes,    5745512 total
- age  11:       1208 bytes,    5746720 total
- age  12:      14560 bytes,    5761280 total
- age  13:      16984 bytes,    5778264 total
- age  14:       3856 bytes,    5782120 total
- age  15:       2072 bytes,    5784192 total
, 0.0049660 secs]
   [Parallel Time: 2.3 ms, GC Workers: 8]
      [GC Worker Start (ms): Min: 23973927.2, Avg: 23973927.2, Max: 23973927.3, Diff: 0.1]
      [Ext Root Scanning (ms): Min: 0.2, Avg: 0.6, Max: 2.0, Diff: 1.8, Sum: 4.7]
      [Update RS (ms): Min: 0.0, Avg: 0.1, Max: 0.2, Diff: 0.2, Sum: 1.0]
         [Processed Buffers: Min: 0, Avg: 3.0, Max: 7, Diff: 7, Sum: 24]
      [Scan RS (ms): Min: 0.0, Avg: 0.0, Max: 0.0, Diff: 0.0, Sum: 0.2]
      [Code Root Scanning (ms): Min: 0.0, Avg: 0.0, Max: 0.0, Diff: 0.0, Sum: 0.1]
      [Object Copy (ms): Min: 0.0, Avg: 0.8, Max: 1.0, Diff: 0.9, Sum: 6.1]
      [Termination (ms): Min: 0.0, Avg: 0.6, Max: 0.7, Diff: 0.7, Sum: 4.7]
         [Termination Attempts: Min: 1, Avg: 1.5, Max: 3, Diff: 2, Sum: 12]
      [GC Worker Other (ms): Min: 0.0, Avg: 0.0, Max: 0.0, Diff: 0.0, Sum: 0.1]
      [GC Worker Total (ms): Min: 2.1, Avg: 2.1, Max: 2.2, Diff: 0.1, Sum: 16.8]
      [GC Worker End (ms): Min: 23973929.3, Avg: 23973929.4, Max: 23973929.4, Diff: 0.1]
   [Code Root Fixup: 0.0 ms]
   [Code Root Purge: 0.0 ms]
   [Clear CT: 0.1 ms]
   [Other: 2.5 ms]
      [Choose CSet: 0.0 ms]
      [Ref Proc: 2.0 ms]
      [Ref Enq: 0.1 ms]
      [Redirty Cards: 0.2 ms]
      [Humongous Register: 0.0 ms]
      [Humongous Reclaim: 0.0 ms]
      [Free CSet: 0.1 ms]
   [Eden: 299.0M(299.0M)->0.0B(297.0M) Survivors: 8192.0K->10.0M Heap: 368.6M(512.0M)->71.1M(512.0M)]
Heap after GC invocations=56 (full 0):
 garbage-first heap   total 524288K, used 72840K [0x00000007a0000000, 0x00000007a0101000, 0x00000007c0000000)
  region size 1024K, 10 young (10240K), 10 survivors (10240K)
 Metaspace       used 54134K, capacity 56406K, committed 56648K, reserved 1099776K
  class space    used 6222K, capacity 6670K, committed 6732K, reserved 1048576K
}
 [Times: user=0.02 sys=0.00, real=0.00 secs] 
2020-04-30T06:01:22.136+0700: 23973.932: Total time for which application threads were stopped: 0.0051897 seconds, Stopping threads took: 0.0000325 seconds
2020-04-30T06:01:22.142+0700: 23973.939: Total time for which application threads were stopped: 0.0000969 seconds, Stopping threads took: 0.0000289 seconds
2020-04-30T06:01:27.534+0700: 23979.330: Total time for which application threads were stopped: 0.0001592 seconds, Stopping threads took: 0.0000277 seconds
2020-04-30T06:01:27.534+0700: 23979.330: Total time for which application threads were stopped: 0.0000797 seconds, Stopping threads took: 0.0000092 seconds
2020-04-30T06:01:27.534+0700: 23979.330: Total time for which application threads were stopped: 0.0000570 seconds, Stopping threads took: 0.0000068 seconds
2020-04-30T06:01:27.534+0700: 23979.330: Total time for which application threads were stopped: 0.0000437 seconds, Stopping threads took: 0.0000040 seconds
2020-04-30T06:01:41.452+0700: 23993.248: Total time for which application threads were stopped: 0.0001069 seconds, Stopping threads took: 0.0000186 seconds
2020-04-30T06:01:41.452+0700: 23993.248: Total time for which application threads were stopped: 0.0000527 seconds, Stopping threads took: 0.0000059 seconds
2020-04-30T06:01:41.457+0700: 23993.253: Total time for which application threads were stopped: 0.0002643 seconds, Stopping threads took: 0.0000302 seconds
2020-04-30T06:01:41.458+0700: 23993.254: Total time for which application threads were stopped: 0.0001125 seconds, Stopping threads took: 0.0000088 seconds
2020-04-30T06:01:44.724+0700: 23996.520: Total time for which application threads were stopped: 0.0001452 seconds, Stopping threads took: 0.0000201 seconds
2020-04-30T06:01:44.724+0700: 23996.520: Total time for which application threads were stopped: 0.0000769 seconds, Stopping threads took: 0.0000082 seconds
2020-04-30T06:01:44.725+0700: 23996.520: Total time for which application threads were stopped: 0.0000544 seconds, Stopping threads took: 0.0000066 seconds
2020-04-30T06:01:44.725+0700: 23996.520: Total time for which application threads were stopped: 0.0000436 seconds, Stopping threads took: 0.0000041 seconds
2020-04-30T06:01:58.435+0700: 24010.231: Total time for which application threads were stopped: 0.0001087 seconds, Stopping threads took: 0.0000198 seconds
2020-04-30T06:01:58.436+0700: 24010.231: Total time for which application threads were stopped: 0.0000496 seconds, Stopping threads took: 0.0000066 seconds
2020-04-30T06:01:58.442+0700: 24010.237: Total time for which application threads were stopped: 0.0000947 seconds, Stopping threads took: 0.0000299 seconds
2020-04-30T06:02:01.553+0700: 24013.348: Total time for which application threads were stopped: 0.0001430 seconds, Stopping threads took: 0.0000200 seconds
2020-04-30T06:02:01.553+0700: 24013.349: Total time for which application threads were stopped: 0.0000798 seconds, Stopping threads took: 0.0000091 seconds
2020-04-30T06:02:01.553+0700: 24013.349: Total time for which application threads were stopped: 0.0000554 seconds, Stopping threads took: 0.0000067 seconds
2020-04-30T06:02:01.553+0700: 24013.349: Total time for which application threads were stopped: 0.0000442 seconds, Stopping threads took: 0.0000040 seconds
2020-04-30T06:02:14.193+0700: 24025.988: Total time for which application threads were stopped: 0.0001165 seconds, Stopping threads took: 0.0000339 seconds
2020-04-30T06:02:18.465+0700: 24030.260: Total time for which application threads were stopped: 0.0001519 seconds, Stopping threads took: 0.0000315 seconds
2020-04-30T06:02:18.465+0700: 24030.260: Total time for which application threads were stopped: 0.0000904 seconds, Stopping threads took: 0.0000112 seconds
2020-04-30T06:02:18.465+0700: 24030.260: Total time for which application threads were stopped: 0.0000956 seconds, Stopping threads took: 0.0000421 seconds
2020-04-30T06:02:18.465+0700: 24030.260: Total time for which application threads were stopped: 0.0000768 seconds, Stopping threads took: 0.0000211 seconds
2020-04-30T06:02:32.077+0700: 24043.872: Total time for which application threads were stopped: 0.0001349 seconds, Stopping threads took: 0.0000171 seconds
2020-04-30T06:02:32.078+0700: 24043.872: Total time for which application threads were stopped: 0.0001187 seconds, Stopping threads took: 0.0000250 seconds
2020-04-30T06:02:32.085+0700: 24043.880: Total time for which application threads were stopped: 0.0000804 seconds, Stopping threads took: 0.0000139 seconds
2020-04-30T06:02:35.457+0700: 24047.252: Total time for which application threads were stopped: 0.0001538 seconds, Stopping threads took: 0.0000217 seconds
2020-04-30T06:02:35.457+0700: 24047.252: Total time for which application threads were stopped: 0.0000796 seconds, Stopping threads took: 0.0000081 seconds
2020-04-30T06:02:35.457+0700: 24047.252: Total time for which application threads were stopped: 0.0000574 seconds, Stopping threads took: 0.0000076 seconds
2020-04-30T06:02:35.457+0700: 24047.252: Total time for which application threads were stopped: 0.0000429 seconds, Stopping threads took: 0.0000039 seconds
2020-04-30T06:02:48.681+0700: 24060.475: Total time for which application threads were stopped: 0.0001104 seconds, Stopping threads took: 0.0000191 seconds
2020-04-30T06:02:51.899+0700: 24063.693: Total time for which application threads were stopped: 0.0001422 seconds, Stopping threads took: 0.0000198 seconds
2020-04-30T06:02:51.899+0700: 24063.693: Total time for which application threads were stopped: 0.0000784 seconds, Stopping threads took: 0.0000087 seconds
2020-04-30T06:02:51.899+0700: 24063.693: Total time for which application threads were stopped: 0.0000545 seconds, Stopping threads took: 0.0000063 seconds
2020-04-30T06:02:51.899+0700: 24063.693: Total time for which application threads were stopped: 0.0000437 seconds, Stopping threads took: 0.0000040 seconds
2020-04-30T06:02:55.918+0700: 24067.712: Total time for which application threads were stopped: 0.0001184 seconds, Stopping threads took: 0.0000356 seconds
2020-04-30T06:03:04.961+0700: 24076.755: Total time for which application threads were stopped: 0.0002066 seconds, Stopping threads took: 0.0000625 seconds
2020-04-30T06:03:04.961+0700: 24076.755: Total time for which application threads were stopped: 0.0000739 seconds, Stopping threads took: 0.0000084 seconds
2020-04-30T06:03:04.962+0700: 24076.756: Total time for which application threads were stopped: 0.0000734 seconds, Stopping threads took: 0.0000078 seconds
2020-04-30T06:03:04.962+0700: 24076.756: Total time for which application threads were stopped: 0.0000684 seconds, Stopping threads took: 0.0000089 seconds
2020-04-30T06:03:05.972+0700: 24077.766: Total time for which application threads were stopped: 0.0001413 seconds, Stopping threads took: 0.0000470 seconds
2020-04-30T06:03:08.862+0700: 24080.656: Total time for which application threads were stopped: 0.0001658 seconds, Stopping threads took: 0.0000222 seconds
2020-04-30T06:03:08.862+0700: 24080.656: Total time for which application threads were stopped: 0.0000762 seconds, Stopping threads took: 0.0000086 seconds
2020-04-30T06:03:08.862+0700: 24080.656: Total time for which application threads were stopped: 0.0000785 seconds, Stopping threads took: 0.0000096 seconds
2020-04-30T06:03:08.862+0700: 24080.656: Total time for which application threads were stopped: 0.0000556 seconds, Stopping threads took: 0.0000053 seconds
2020-04-30T06:03:10.877+0700: 24082.671: Total time for which application threads were stopped: 0.0001893 seconds, Stopping threads took: 0.0000862 seconds
2020-04-30T06:03:20.716+0700: 24092.510: Total time for which application threads were stopped: 0.0001519 seconds, Stopping threads took: 0.0000315 seconds
2020-04-30T06:03:20.716+0700: 24092.510: Total time for which application threads were stopped: 0.0000980 seconds, Stopping threads took: 0.0000056 seconds
2020-04-30T06:03:20.718+0700: 24092.511: Total time for which application threads were stopped: 0.0000972 seconds, Stopping threads took: 0.0000291 seconds
2020-04-30T06:03:20.723+0700: 24092.517: Total time for which application threads were stopped: 0.0001050 seconds, Stopping threads took: 0.0000306 seconds
2020-04-30T06:03:20.735+0700: 24092.529: Total time for which application threads were stopped: 0.0001733 seconds, Stopping threads took: 0.0000318 seconds
2020-04-30T06:03:34.128+0700: 24105.922: Total time for which application threads were stopped: 0.0001436 seconds, Stopping threads took: 0.0000199 seconds
2020-04-30T06:03:34.128+0700: 24105.922: Total time for which application threads were stopped: 0.0000777 seconds, Stopping threads took: 0.0000084 seconds
2020-04-30T06:03:34.129+0700: 24105.922: Total time for which application threads were stopped: 0.0000568 seconds, Stopping threads took: 0.0000070 seconds
2020-04-30T06:03:34.129+0700: 24105.922: Total time for which application threads were stopped: 0.0000593 seconds, Stopping threads took: 0.0000069 seconds
2020-04-30T06:03:47.677+0700: 24119.471: Total time for which application threads were stopped: 0.0001104 seconds, Stopping threads took: 0.0000194 seconds
2020-04-30T06:03:47.677+0700: 24119.471: Total time for which application threads were stopped: 0.0000495 seconds, Stopping threads took: 0.0000067 seconds
2020-04-30T06:03:47.683+0700: 24119.476: Total time for which application threads were stopped: 0.0003517 seconds, Stopping threads took: 0.0000135 seconds
2020-04-30T06:03:50.242+0700: 24122.035: Total time for which application threads were stopped: 0.0001446 seconds, Stopping threads took: 0.0000203 seconds
2020-04-30T06:03:50.242+0700: 24122.035: Total time for which application threads were stopped: 0.0000745 seconds, Stopping threads took: 0.0000084 seconds
2020-04-30T06:03:50.242+0700: 24122.035: Total time for which application threads were stopped: 0.0001778 seconds, Stopping threads took: 0.0000073 seconds
2020-04-30T06:03:50.242+0700: 24122.035: Total time for which application threads were stopped: 0.0001341 seconds, Stopping threads took: 0.0000048 seconds
2020-04-30T06:03:59.764+0700: 24131.557: Total time for which application threads were stopped: 0.0001372 seconds, Stopping threads took: 0.0000206 seconds
2020-04-30T06:03:59.764+0700: 24131.557: Total time for which application threads were stopped: 0.0000456 seconds, Stopping threads took: 0.0000042 seconds
2020-04-30T06:04:10.447+0700: 24142.240: Total time for which application threads were stopped: 0.0001437 seconds, Stopping threads took: 0.0000207 seconds
2020-04-30T06:04:10.448+0700: 24142.240: Total time for which application threads were stopped: 0.0000735 seconds, Stopping threads took: 0.0000084 seconds
2020-04-30T06:04:10.448+0700: 24142.240: Total time for which application threads were stopped: 0.0000561 seconds, Stopping threads took: 0.0000068 seconds
2020-04-30T06:04:10.448+0700: 24142.240: Total time for which application threads were stopped: 0.0000437 seconds, Stopping threads took: 0.0000040 seconds
2020-04-30T06:04:23.939+0700: 24155.731: Total time for which application threads were stopped: 0.0001732 seconds, Stopping threads took: 0.0000551 seconds
2020-04-30T06:04:23.939+0700: 24155.731: Total time for which application threads were stopped: 0.0000982 seconds, Stopping threads took: 0.0000250 seconds
2020-04-30T06:04:40.717+0700: 24172.509: Total time for which application threads were stopped: 0.0003233 seconds, Stopping threads took: 0.0000204 seconds
2020-04-30T06:04:40.717+0700: 24172.509: Total time for which application threads were stopped: 0.0000815 seconds, Stopping threads took: 0.0000082 seconds
2020-04-30T06:04:40.717+0700: 24172.509: Total time for which application threads were stopped: 0.0000643 seconds, Stopping threads took: 0.0000082 seconds
2020-04-30T06:04:40.717+0700: 24172.509: Total time for which application threads were stopped: 0.0000441 seconds, Stopping threads took: 0.0000041 seconds
2020-04-30T06:04:41.900+0700: 24173.692: Total time for which application threads were stopped: 0.0001516 seconds, Stopping threads took: 0.0000207 seconds
2020-04-30T06:04:45.672+0700: 24177.464: Total time for which application threads were stopped: 0.0001293 seconds, Stopping threads took: 0.0000359 seconds
2020-04-30T06:04:45.672+0700: 24177.464: Total time for which application threads were stopped: 0.0001025 seconds, Stopping threads took: 0.0000078 seconds
2020-04-30T06:04:55.714+0700: 24187.506: Total time for which application threads were stopped: 0.0000984 seconds, Stopping threads took: 0.0000190 seconds
2020-04-30T06:04:57.023+0700: 24188.815: Total time for which application threads were stopped: 0.0001469 seconds, Stopping threads took: 0.0000200 seconds
2020-04-30T06:04:57.023+0700: 24188.815: Total time for which application threads were stopped: 0.0000789 seconds, Stopping threads took: 0.0000088 seconds
2020-04-30T06:04:57.023+0700: 24188.815: Total time for which application threads were stopped: 0.0000572 seconds, Stopping threads took: 0.0000077 seconds
2020-04-30T06:04:57.023+0700: 24188.815: Total time for which application threads were stopped: 0.0000439 seconds, Stopping threads took: 0.0000042 seconds
2020-04-30T06:05:06.233+0700: 24198.024: Total time for which application threads were stopped: 0.0001572 seconds, Stopping threads took: 0.0000539 seconds
2020-04-30T06:05:06.233+0700: 24198.024: Total time for which application threads were stopped: 0.0000980 seconds, Stopping threads took: 0.0000253 seconds
2020-04-30T06:05:16.016+0700: 24207.808: Total time for which application threads were stopped: 0.0001629 seconds, Stopping threads took: 0.0000242 seconds
2020-04-30T06:05:16.016+0700: 24207.808: Total time for which application threads were stopped: 0.0000705 seconds, Stopping threads took: 0.0000077 seconds
2020-04-30T06:05:16.017+0700: 24207.808: Total time for which application threads were stopped: 0.0000652 seconds, Stopping threads took: 0.0000078 seconds
2020-04-30T06:05:16.017+0700: 24207.808: Total time for which application threads were stopped: 0.0000515 seconds, Stopping threads took: 0.0000048 seconds
2020-04-30T06:05:30.648+0700: 24222.439: Total time for which application threads were stopped: 0.0001481 seconds, Stopping threads took: 0.0000202 seconds
2020-04-30T06:05:30.649+0700: 24222.440: Total time for which application threads were stopped: 0.0000757 seconds, Stopping threads took: 0.0000086 seconds
2020-04-30T06:05:30.649+0700: 24222.440: Total time for which application threads were stopped: 0.0000569 seconds, Stopping threads took: 0.0000075 seconds
2020-04-30T06:05:30.649+0700: 24222.440: Total time for which application threads were stopped: 0.0000447 seconds, Stopping threads took: 0.0000041 seconds
2020-04-30T06:05:43.507+0700: 24235.298: Total time for which application threads were stopped: 0.0001489 seconds, Stopping threads took: 0.0000314 seconds
2020-04-30T06:05:43.507+0700: 24235.298: Total time for which application threads were stopped: 0.0000704 seconds, Stopping threads took: 0.0000083 seconds
2020-04-30T06:05:57.159+0700: 24248.949: Total time for which application threads were stopped: 0.0001507 seconds, Stopping threads took: 0.0000199 seconds
2020-04-30T06:05:57.159+0700: 24248.950: Total time for which application threads were stopped: 0.0002352 seconds, Stopping threads took: 0.0000087 seconds
2020-04-30T06:05:57.159+0700: 24248.950: Total time for which application threads were stopped: 0.0000588 seconds, Stopping threads took: 0.0000078 seconds
2020-04-30T06:05:57.159+0700: 24248.950: Total time for which application threads were stopped: 0.0000432 seconds, Stopping threads took: 0.0000044 seconds
2020-04-30T06:05:58.630+0700: 24250.421: Total time for which application threads were stopped: 0.0001364 seconds, Stopping threads took: 0.0000192 seconds
2020-04-30T06:06:09.844+0700: 24261.634: Total time for which application threads were stopped: 0.0001654 seconds, Stopping threads took: 0.0000541 seconds
2020-04-30T06:06:09.844+0700: 24261.634: Total time for which application threads were stopped: 0.0000665 seconds, Stopping threads took: 0.0000060 seconds
2020-04-30T06:06:09.852+0700: 24261.643: Total time for which application threads were stopped: 0.0001035 seconds, Stopping threads took: 0.0000134 seconds
2020-04-30T06:06:09.852+0700: 24261.643: Total time for which application threads were stopped: 0.0001341 seconds, Stopping threads took: 0.0000289 seconds
2020-04-30T06:06:20.834+0700: 24272.624: Total time for which application threads were stopped: 0.0001536 seconds, Stopping threads took: 0.0000209 seconds
2020-04-30T06:06:20.834+0700: 24272.624: Total time for which application threads were stopped: 0.0000611 seconds, Stopping threads took: 0.0000072 seconds
2020-04-30T06:06:20.835+0700: 24272.625: Total time for which application threads were stopped: 0.0000564 seconds, Stopping threads took: 0.0000064 seconds
2020-04-30T06:06:20.835+0700: 24272.625: Total time for which application threads were stopped: 0.0000446 seconds, Stopping threads took: 0.0000041 seconds
2020-04-30T06:06:28.088+0700: 24279.878: Total time for which application threads were stopped: 0.0001143 seconds, Stopping threads took: 0.0000336 seconds
2020-04-30T06:06:32.246+0700: 24284.036: Total time for which application threads were stopped: 0.0001644 seconds, Stopping threads took: 0.0000228 seconds
2020-04-30T06:06:32.246+0700: 24284.036: Total time for which application threads were stopped: 0.0000820 seconds, Stopping threads took: 0.0000105 seconds
2020-04-30T06:06:32.246+0700: 24284.036: Total time for which application threads were stopped: 0.0000661 seconds, Stopping threads took: 0.0000080 seconds
2020-04-30T06:06:32.246+0700: 24284.036: Total time for which application threads were stopped: 0.0000520 seconds, Stopping threads took: 0.0000047 seconds
2020-04-30T06:06:47.683+0700: 24299.473: Total time for which application threads were stopped: 0.0001932 seconds, Stopping threads took: 0.0000629 seconds
2020-04-30T06:06:47.683+0700: 24299.473: Total time for which application threads were stopped: 0.0000838 seconds, Stopping threads took: 0.0000107 seconds
2020-04-30T06:06:47.684+0700: 24299.473: Total time for which application threads were stopped: 0.0000842 seconds, Stopping threads took: 0.0000247 seconds
2020-04-30T06:06:47.684+0700: 24299.473: Total time for which application threads were stopped: 0.0000994 seconds, Stopping threads took: 0.0000197 seconds
2020-04-30T06:07:00.859+0700: 24312.648: Total time for which application threads were stopped: 0.0001717 seconds, Stopping threads took: 0.0000542 seconds
2020-04-30T06:07:00.859+0700: 24312.648: Total time for which application threads were stopped: 0.0000963 seconds, Stopping threads took: 0.0000271 seconds
2020-04-30T06:07:01.869+0700: 24313.658: Total time for which application threads were stopped: 0.0001134 seconds, Stopping threads took: 0.0000355 seconds
2020-04-30T06:07:06.372+0700: 24318.161: Total time for which application threads were stopped: 0.0001582 seconds, Stopping threads took: 0.0000193 seconds
2020-04-30T06:07:06.372+0700: 24318.161: Total time for which application threads were stopped: 0.0000977 seconds, Stopping threads took: 0.0000292 seconds
2020-04-30T06:07:06.372+0700: 24318.161: Total time for which application threads were stopped: 0.0000831 seconds, Stopping threads took: 0.0000244 seconds
2020-04-30T06:07:06.372+0700: 24318.161: Total time for which application threads were stopped: 0.0000683 seconds, Stopping threads took: 0.0000088 seconds
2020-04-30T06:07:17.402+0700: 24329.191: Total time for which application threads were stopped: 0.0001441 seconds, Stopping threads took: 0.0000331 seconds
2020-04-30T06:07:22.404+0700: 24334.193: Total time for which application threads were stopped: 0.0001557 seconds, Stopping threads took: 0.0000218 seconds
2020-04-30T06:07:22.404+0700: 24334.193: Total time for which application threads were stopped: 0.0000715 seconds, Stopping threads took: 0.0000086 seconds
2020-04-30T06:07:22.404+0700: 24334.193: Total time for which application threads were stopped: 0.0000652 seconds, Stopping threads took: 0.0000080 seconds
2020-04-30T06:07:22.404+0700: 24334.193: Total time for which application threads were stopped: 0.0000521 seconds, Stopping threads took: 0.0000048 seconds
2020-04-30T06:07:34.090+0700: 24345.879: Total time for which application threads were stopped: 0.0001210 seconds, Stopping threads took: 0.0000173 seconds
2020-04-30T06:07:34.090+0700: 24345.879: Total time for which application threads were stopped: 0.0000983 seconds, Stopping threads took: 0.0000247 seconds
2020-04-30T06:07:34.096+0700: 24345.885: Total time for which application threads were stopped: 0.0001971 seconds, Stopping threads took: 0.0000306 seconds
2020-04-30T06:07:34.097+0700: 24345.886: Total time for which application threads were stopped: 0.0001054 seconds, Stopping threads took: 0.0000298 seconds
2020-04-30T06:07:41.559+0700: 24353.348: Total time for which application threads were stopped: 0.0001423 seconds, Stopping threads took: 0.0000197 seconds
2020-04-30T06:07:41.559+0700: 24353.348: Total time for which application threads were stopped: 0.0000793 seconds, Stopping threads took: 0.0000089 seconds
2020-04-30T06:07:41.560+0700: 24353.348: Total time for which application threads were stopped: 0.0000572 seconds, Stopping threads took: 0.0000073 seconds
2020-04-30T06:07:41.560+0700: 24353.348: Total time for which application threads were stopped: 0.0000443 seconds, Stopping threads took: 0.0000041 seconds
2020-04-30T06:07:50.316+0700: 24362.104: Total time for which application threads were stopped: 0.0001041 seconds, Stopping threads took: 0.0000169 seconds
2020-04-30T06:07:53.119+0700: 24364.907: Total time for which application threads were stopped: 0.0001542 seconds, Stopping threads took: 0.0000210 seconds
2020-04-30T06:07:53.119+0700: 24364.907: Total time for which application threads were stopped: 0.0000792 seconds, Stopping threads took: 0.0000075 seconds
2020-04-30T06:07:53.119+0700: 24364.907: Total time for which application threads were stopped: 0.0000578 seconds, Stopping threads took: 0.0000072 seconds
2020-04-30T06:07:53.119+0700: 24364.907: Total time for which application threads were stopped: 0.0000448 seconds, Stopping threads took: 0.0000041 seconds
2020-04-30T06:08:05.749+0700: 24377.536: Total time for which application threads were stopped: 0.0002078 seconds, Stopping threads took: 0.0000169 seconds
2020-04-30T06:08:05.749+0700: 24377.537: Total time for which application threads were stopped: 0.0001210 seconds, Stopping threads took: 0.0000075 seconds
2020-04-30T06:08:05.756+0700: 24377.544: Total time for which application threads were stopped: 0.0001299 seconds, Stopping threads took: 0.0000293 seconds
2020-04-30T06:08:08.661+0700: 24380.449: Total time for which application threads were stopped: 0.0001486 seconds, Stopping threads took: 0.0000194 seconds
2020-04-30T06:08:08.661+0700: 24380.449: Total time for which application threads were stopped: 0.0000768 seconds, Stopping threads took: 0.0000078 seconds
2020-04-30T06:08:08.661+0700: 24380.449: Total time for which application threads were stopped: 0.0000564 seconds, Stopping threads took: 0.0000071 seconds
2020-04-30T06:08:08.661+0700: 24380.449: Total time for which application threads were stopped: 0.0000431 seconds, Stopping threads took: 0.0000042 seconds
2020-04-30T06:08:22.355+0700: 24394.142: Total time for which application threads were stopped: 0.0001361 seconds, Stopping threads took: 0.0000331 seconds
2020-04-30T06:08:25.609+0700: 24397.396: Total time for which application threads were stopped: 0.0001384 seconds, Stopping threads took: 0.0000198 seconds
2020-04-30T06:08:25.609+0700: 24397.396: Total time for which application threads were stopped: 0.0000722 seconds, Stopping threads took: 0.0000077 seconds
2020-04-30T06:08:25.609+0700: 24397.396: Total time for which application threads were stopped: 0.0000536 seconds, Stopping threads took: 0.0000066 seconds
2020-04-30T06:08:25.609+0700: 24397.396: Total time for which application threads were stopped: 0.0000412 seconds, Stopping threads took: 0.0000039 seconds
2020-04-30T06:08:37.828+0700: 24409.615: Total time for which application threads were stopped: 0.0001129 seconds, Stopping threads took: 0.0000179 seconds
2020-04-30T06:08:37.828+0700: 24409.615: Total time for which application threads were stopped: 0.0000515 seconds, Stopping threads took: 0.0000064 seconds
2020-04-30T06:08:37.839+0700: 24409.626: Total time for which application threads were stopped: 0.0001455 seconds, Stopping threads took: 0.0000584 seconds
2020-04-30T06:08:37.839+0700: 24409.626: Total time for which application threads were stopped: 0.0001128 seconds, Stopping threads took: 0.0000361 seconds
2020-04-30T06:08:37.840+0700: 24409.627: Total time for which application threads were stopped: 0.0002088 seconds, Stopping threads took: 0.0000688 seconds
2020-04-30T06:08:37.840+0700: 24409.628: Total time for which application threads were stopped: 0.0001051 seconds, Stopping threads took: 0.0000290 seconds
{Heap before GC invocations=56 (full 0):
 garbage-first heap   total 524288K, used 376968K [0x00000007a0000000, 0x00000007a0101000, 0x00000007c0000000)
  region size 1024K, 307 young (314368K), 10 survivors (10240K)
 Metaspace       used 54134K, capacity 56406K, committed 56648K, reserved 1099776K
  class space    used 6222K, capacity 6670K, committed 6732K, reserved 1048576K
2020-04-30T06:08:38.036+0700: 24409.823: [GC pause (G1 Evacuation Pause) (young)
Desired survivor size 20447232 bytes, new threshold 15 (max 15)
- age   1:    1127240 bytes,    1127240 total
- age   2:      68304 bytes,    1195544 total
- age   3:    4271648 bytes,    5467192 total
- age   4:      32960 bytes,    5500152 total
- age   5:      67792 bytes,    5567944 total
- age   6:      77568 bytes,    5645512 total
- age   7:       4664 bytes,    5650176 total
- age   8:       6984 bytes,    5657160 total
- age   9:       8984 bytes,    5666144 total
- age  10:       4944 bytes,    5671088 total
- age  11:      51688 bytes,    5722776 total
- age  12:       1208 bytes,    5723984 total
- age  13:      14560 bytes,    5738544 total
- age  14:      16984 bytes,    5755528 total
- age  15:       3856 bytes,    5759384 total
, 0.0069218 secs]
   [Parallel Time: 2.5 ms, GC Workers: 8]
      [GC Worker Start (ms): Min: 24409822.9, Avg: 24409822.9, Max: 24409823.0, Diff: 0.1]
      [Ext Root Scanning (ms): Min: 0.1, Avg: 0.4, Max: 1.0, Diff: 0.9, Sum: 3.0]
      [Update RS (ms): Min: 0.0, Avg: 0.1, Max: 0.2, Diff: 0.2, Sum: 1.0]
         [Processed Buffers: Min: 0, Avg: 3.1, Max: 10, Diff: 10, Sum: 25]
      [Scan RS (ms): Min: 0.0, Avg: 0.0, Max: 0.0, Diff: 0.0, Sum: 0.2]
      [Code Root Scanning (ms): Min: 0.0, Avg: 0.0, Max: 0.0, Diff: 0.0, Sum: 0.1]
      [Object Copy (ms): Min: 0.8, Avg: 1.3, Max: 2.2, Diff: 1.4, Sum: 10.4]
      [Termination (ms): Min: 0.0, Avg: 0.5, Max: 0.6, Diff: 0.6, Sum: 3.9]
         [Termination Attempts: Min: 1, Avg: 1.0, Max: 1, Diff: 0, Sum: 8]
      [GC Worker Other (ms): Min: 0.0, Avg: 0.0, Max: 0.0, Diff: 0.0, Sum: 0.1]
      [GC Worker Total (ms): Min: 2.3, Avg: 2.4, Max: 2.4, Diff: 0.1, Sum: 18.8]
      [GC Worker End (ms): Min: 24409825.3, Avg: 24409825.3, Max: 24409825.3, Diff: 0.1]
   [Code Root Fixup: 0.0 ms]
   [Code Root Purge: 0.0 ms]
   [Clear CT: 0.2 ms]
   [Other: 4.3 ms]
      [Choose CSet: 0.0 ms]
      [Ref Proc: 3.7 ms]
      [Ref Enq: 0.1 ms]
      [Redirty Cards: 0.2 ms]
      [Humongous Register: 0.0 ms]
      [Humongous Reclaim: 0.0 ms]
      [Free CSet: 0.1 ms]
   [Eden: 297.0M(297.0M)->0.0B(298.0M) Survivors: 10.0M->9216.0K Heap: 368.1M(512.0M)->70.1M(512.0M)]
Heap after GC invocations=57 (full 0):
 garbage-first heap   total 524288K, used 71797K [0x00000007a0000000, 0x00000007a0101000, 0x00000007c0000000)
  region size 1024K, 9 young (9216K), 9 survivors (9216K)
 Metaspace       used 54134K, capacity 56406K, committed 56648K, reserved 1099776K
  class space    used 6222K, capacity 6670K, committed 6732K, reserved 1048576K
}
 [Times: user=0.03 sys=0.00, real=0.01 secs] 
2020-04-30T06:08:38.043+0700: 24409.830: Total time for which application threads were stopped: 0.0071344 seconds, Stopping threads took: 0.0000183 seconds
2020-04-30T06:08:41.319+0700: 24413.106: Total time for which application threads were stopped: 0.0001438 seconds, Stopping threads took: 0.0000207 seconds
2020-04-30T06:08:41.319+0700: 24413.106: Total time for which application threads were stopped: 0.0000794 seconds, Stopping threads took: 0.0000090 seconds
2020-04-30T06:08:41.319+0700: 24413.106: Total time for which application threads were stopped: 0.0000555 seconds, Stopping threads took: 0.0000064 seconds
2020-04-30T06:08:41.319+0700: 24413.106: Total time for which application threads were stopped: 0.0000437 seconds, Stopping threads took: 0.0000040 seconds
2020-04-30T06:08:54.559+0700: 24426.341: Total time for which application threads were stopped: 0.0001101 seconds, Stopping threads took: 0.0000333 seconds
2020-04-30T06:08:54.565+0700: 24426.346: Total time for which application threads were stopped: 0.0000881 seconds, Stopping threads took: 0.0000283 seconds
2020-04-30T06:08:54.576+0700: 24426.357: Total time for which application threads were stopped: 0.0000883 seconds, Stopping threads took: 0.0000140 seconds
2020-04-30T06:08:57.908+0700: 24429.689: Total time for which application threads were stopped: 0.0001462 seconds, Stopping threads took: 0.0000213 seconds
2020-04-30T06:08:57.908+0700: 24429.689: Total time for which application threads were stopped: 0.0000760 seconds, Stopping threads took: 0.0000080 seconds
2020-04-30T06:08:57.909+0700: 24429.689: Total time for which application threads were stopped: 0.0000592 seconds, Stopping threads took: 0.0000067 seconds
2020-04-30T06:08:57.909+0700: 24429.689: Total time for which application threads were stopped: 0.0000445 seconds, Stopping threads took: 0.0000039 seconds
2020-04-30T06:09:11.245+0700: 24443.023: Total time for which application threads were stopped: 0.0000974 seconds, Stopping threads took: 0.0000172 seconds
2020-04-30T06:09:15.682+0700: 24447.460: Total time for which application threads were stopped: 0.0001606 seconds, Stopping threads took: 0.0000202 seconds
2020-04-30T06:09:15.682+0700: 24447.460: Total time for which application threads were stopped: 0.0000760 seconds, Stopping threads took: 0.0000084 seconds
2020-04-30T06:09:15.682+0700: 24447.460: Total time for which application threads were stopped: 0.0000545 seconds, Stopping threads took: 0.0000062 seconds
2020-04-30T06:09:15.682+0700: 24447.460: Total time for which application threads were stopped: 0.0000417 seconds, Stopping threads took: 0.0000038 seconds
2020-04-30T06:09:28.338+0700: 24460.114: Total time for which application threads were stopped: 0.0001205 seconds, Stopping threads took: 0.0000335 seconds
2020-04-30T06:09:28.338+0700: 24460.115: Total time for which application threads were stopped: 0.0000571 seconds, Stopping threads took: 0.0000088 seconds
2020-04-30T06:09:28.344+0700: 24460.120: Total time for which application threads were stopped: 0.0000980 seconds, Stopping threads took: 0.0000128 seconds
2020-04-30T06:09:33.942+0700: 24465.719: Total time for which application threads were stopped: 0.0001500 seconds, Stopping threads took: 0.0000197 seconds
2020-04-30T06:09:33.942+0700: 24465.719: Total time for which application threads were stopped: 0.0000750 seconds, Stopping threads took: 0.0000082 seconds
2020-04-30T06:09:33.942+0700: 24465.719: Total time for which application threads were stopped: 0.0000573 seconds, Stopping threads took: 0.0000069 seconds
2020-04-30T06:09:33.943+0700: 24465.719: Total time for which application threads were stopped: 0.0000439 seconds, Stopping threads took: 0.0000042 seconds
2020-04-30T06:09:46.871+0700: 24478.646: Total time for which application threads were stopped: 0.0000999 seconds, Stopping threads took: 0.0000172 seconds
2020-04-30T06:09:51.179+0700: 24482.955: Total time for which application threads were stopped: 0.0001515 seconds, Stopping threads took: 0.0000194 seconds
2020-04-30T06:09:51.179+0700: 24482.955: Total time for which application threads were stopped: 0.0014355 seconds, Stopping threads took: 0.0000089 seconds
2020-04-30T06:09:51.181+0700: 24482.956: Total time for which application threads were stopped: 0.0001139 seconds, Stopping threads took: 0.0000166 seconds
2020-04-30T06:09:51.181+0700: 24482.956: Total time for which application threads were stopped: 0.0000586 seconds, Stopping threads took: 0.0000049 seconds
2020-04-30T06:10:03.893+0700: 24495.669: Total time for which application threads were stopped: 0.0001629 seconds, Stopping threads took: 0.0000533 seconds
2020-04-30T06:10:03.893+0700: 24495.669: Total time for which application threads were stopped: 0.0000979 seconds, Stopping threads took: 0.0000247 seconds
2020-04-30T06:10:03.900+0700: 24495.676: Total time for which application threads were stopped: 0.0001117 seconds, Stopping threads took: 0.0000320 seconds
2020-04-30T06:10:09.977+0700: 24501.752: Total time for which application threads were stopped: 0.0001478 seconds, Stopping threads took: 0.0000213 seconds
2020-04-30T06:10:09.977+0700: 24501.752: Total time for which application threads were stopped: 0.0000583 seconds, Stopping threads took: 0.0000064 seconds
2020-04-30T06:10:09.977+0700: 24501.753: Total time for which application threads were stopped: 0.0000553 seconds, Stopping threads took: 0.0000066 seconds
2020-04-30T06:10:09.977+0700: 24501.753: Total time for which application threads were stopped: 0.0000432 seconds, Stopping threads took: 0.0000040 seconds
2020-04-30T06:10:20.013+0700: 24511.788: Total time for which application threads were stopped: 0.0002395 seconds, Stopping threads took: 0.0000322 seconds
2020-04-30T06:10:23.775+0700: 24515.550: Total time for which application threads were stopped: 0.0001420 seconds, Stopping threads took: 0.0000185 seconds
2020-04-30T06:10:23.775+0700: 24515.550: Total time for which application threads were stopped: 0.0000723 seconds, Stopping threads took: 0.0000078 seconds
2020-04-30T06:10:23.775+0700: 24515.550: Total time for which application threads were stopped: 0.0000521 seconds, Stopping threads took: 0.0000067 seconds
2020-04-30T06:10:23.775+0700: 24515.550: Total time for which application threads were stopped: 0.0000402 seconds, Stopping threads took: 0.0000037 seconds
2020-04-30T06:10:36.247+0700: 24528.022: Total time for which application threads were stopped: 0.0001373 seconds, Stopping threads took: 0.0000497 seconds
2020-04-30T06:10:38.033+0700: 24529.808: Total time for which application threads were stopped: 0.0003022 seconds, Stopping threads took: 0.0000206 seconds
2020-04-30T06:10:38.033+0700: 24529.808: Total time for which application threads were stopped: 0.0000737 seconds, Stopping threads took: 0.0000092 seconds
2020-04-30T06:10:38.033+0700: 24529.808: Total time for which application threads were stopped: 0.0000560 seconds, Stopping threads took: 0.0000065 seconds
2020-04-30T06:10:38.033+0700: 24529.808: Total time for which application threads were stopped: 0.0000437 seconds, Stopping threads took: 0.0000040 seconds
2020-04-30T06:10:38.905+0700: 24530.679: Total time for which application threads were stopped: 0.0001436 seconds, Stopping threads took: 0.0000207 seconds
2020-04-30T06:10:51.384+0700: 24543.159: Total time for which application threads were stopped: 0.0001536 seconds, Stopping threads took: 0.0000336 seconds
2020-04-30T06:11:02.474+0700: 24554.248: Total time for which application threads were stopped: 0.0001435 seconds, Stopping threads took: 0.0000216 seconds
2020-04-30T06:11:02.474+0700: 24554.248: Total time for which application threads were stopped: 0.0000748 seconds, Stopping threads took: 0.0000084 seconds
2020-04-30T06:11:02.474+0700: 24554.248: Total time for which application threads were stopped: 0.0000520 seconds, Stopping threads took: 0.0000062 seconds
2020-04-30T06:11:02.474+0700: 24554.248: Total time for which application threads were stopped: 0.0000424 seconds, Stopping threads took: 0.0000039 seconds
2020-04-30T06:11:14.886+0700: 24566.660: Total time for which application threads were stopped: 0.0001394 seconds, Stopping threads took: 0.0000359 seconds
2020-04-30T06:11:14.886+0700: 24566.660: Total time for which application threads were stopped: 0.0001059 seconds, Stopping threads took: 0.0000257 seconds
2020-04-30T06:11:14.894+0700: 24566.668: Total time for which application threads were stopped: 0.0000898 seconds, Stopping threads took: 0.0000134 seconds
2020-04-30T06:11:14.894+0700: 24566.668: Total time for which application threads were stopped: 0.0000920 seconds, Stopping threads took: 0.0000289 seconds
2020-04-30T06:11:14.895+0700: 24566.669: Total time for which application threads were stopped: 0.0000590 seconds, Stopping threads took: 0.0000070 seconds
2020-04-30T06:11:19.582+0700: 24571.355: Total time for which application threads were stopped: 0.0001559 seconds, Stopping threads took: 0.0000226 seconds
2020-04-30T06:11:19.582+0700: 24571.356: Total time for which application threads were stopped: 0.0000785 seconds, Stopping threads took: 0.0000095 seconds
2020-04-30T06:11:19.582+0700: 24571.356: Total time for which application threads were stopped: 0.0000589 seconds, Stopping threads took: 0.0000076 seconds
2020-04-30T06:11:19.582+0700: 24571.356: Total time for which application threads were stopped: 0.0000456 seconds, Stopping threads took: 0.0000040 seconds
2020-04-30T06:11:20.914+0700: 24572.688: Total time for which application threads were stopped: 0.0001148 seconds, Stopping threads took: 0.0000180 seconds
2020-04-30T06:11:20.919+0700: 24572.693: Total time for which application threads were stopped: 0.0000908 seconds, Stopping threads took: 0.0000130 seconds
2020-04-30T06:11:20.919+0700: 24572.693: Total time for which application threads were stopped: 0.0000643 seconds, Stopping threads took: 0.0000072 seconds
2020-04-30T06:11:20.919+0700: 24572.693: Total time for which application threads were stopped: 0.0000478 seconds, Stopping threads took: 0.0000059 seconds
2020-04-30T06:11:20.919+0700: 24572.693: Total time for which application threads were stopped: 0.0000466 seconds, Stopping threads took: 0.0000056 seconds
2020-04-30T06:11:20.920+0700: 24572.693: Total time for which application threads were stopped: 0.0000459 seconds, Stopping threads took: 0.0000056 seconds
2020-04-30T06:11:20.920+0700: 24572.693: Total time for which application threads were stopped: 0.0000539 seconds, Stopping threads took: 0.0000076 seconds
2020-04-30T06:11:20.920+0700: 24572.693: Total time for which application threads were stopped: 0.0000513 seconds, Stopping threads took: 0.0000059 seconds
2020-04-30T06:11:20.920+0700: 24572.694: Total time for which application threads were stopped: 0.0000470 seconds, Stopping threads took: 0.0000058 seconds
2020-04-30T06:11:20.920+0700: 24572.694: Total time for which application threads were stopped: 0.0000458 seconds, Stopping threads took: 0.0000059 seconds
2020-04-30T06:11:20.920+0700: 24572.694: Total time for which application threads were stopped: 0.0000455 seconds, Stopping threads took: 0.0000059 seconds
2020-04-30T06:11:20.932+0700: 24572.706: Total time for which application threads were stopped: 0.0000918 seconds, Stopping threads took: 0.0000232 seconds
2020-04-30T06:11:25.271+0700: 24577.045: Total time for which application threads were stopped: 0.0001492 seconds, Stopping threads took: 0.0000199 seconds
2020-04-30T06:11:25.272+0700: 24577.045: Total time for which application threads were stopped: 0.0000746 seconds, Stopping threads took: 0.0000082 seconds
2020-04-30T06:11:25.272+0700: 24577.045: Total time for which application threads were stopped: 0.0000563 seconds, Stopping threads took: 0.0000065 seconds
2020-04-30T06:11:25.272+0700: 24577.045: Total time for which application threads were stopped: 0.0000437 seconds, Stopping threads took: 0.0000041 seconds
2020-04-30T06:11:38.828+0700: 24590.601: Total time for which application threads were stopped: 0.0001479 seconds, Stopping threads took: 0.0000192 seconds
2020-04-30T06:11:38.833+0700: 24590.606: Total time for which application threads were stopped: 0.0001093 seconds, Stopping threads took: 0.0000287 seconds
2020-04-30T06:11:43.605+0700: 24595.378: Total time for which application threads were stopped: 0.0001641 seconds, Stopping threads took: 0.0000235 seconds
2020-04-30T06:11:43.606+0700: 24595.379: Total time for which application threads were stopped: 0.0002341 seconds, Stopping threads took: 0.0000080 seconds
2020-04-30T06:11:43.606+0700: 24595.379: Total time for which application threads were stopped: 0.0000679 seconds, Stopping threads took: 0.0000076 seconds
2020-04-30T06:11:43.606+0700: 24595.379: Total time for which application threads were stopped: 0.0000532 seconds, Stopping threads took: 0.0000051 seconds
2020-04-30T06:11:44.477+0700: 24596.250: Total time for which application threads were stopped: 0.0001426 seconds, Stopping threads took: 0.0000221 seconds
2020-04-30T06:11:55.052+0700: 24606.825: Total time for which application threads were stopped: 0.0001529 seconds, Stopping threads took: 0.0000457 seconds
2020-04-30T06:11:55.053+0700: 24606.825: Total time for which application threads were stopped: 0.0000913 seconds, Stopping threads took: 0.0000059 seconds
2020-04-30T06:11:55.059+0700: 24606.832: Total time for which application threads were stopped: 0.0001144 seconds, Stopping threads took: 0.0000291 seconds
2020-04-30T06:11:57.761+0700: 24609.534: Total time for which application threads were stopped: 0.0001499 seconds, Stopping threads took: 0.0000210 seconds
2020-04-30T06:11:57.761+0700: 24609.534: Total time for which application threads were stopped: 0.0000740 seconds, Stopping threads took: 0.0000079 seconds
2020-04-30T06:11:57.762+0700: 24609.534: Total time for which application threads were stopped: 0.0000682 seconds, Stopping threads took: 0.0000092 seconds
2020-04-30T06:11:57.762+0700: 24609.535: Total time for which application threads were stopped: 0.0000463 seconds, Stopping threads took: 0.0000043 seconds
2020-04-30T06:12:11.318+0700: 24623.090: Total time for which application threads were stopped: 0.0000985 seconds, Stopping threads took: 0.0000176 seconds
2020-04-30T06:12:22.084+0700: 24633.856: Total time for which application threads were stopped: 0.0001751 seconds, Stopping threads took: 0.0000202 seconds
2020-04-30T06:12:22.084+0700: 24633.856: Total time for which application threads were stopped: 0.0000793 seconds, Stopping threads took: 0.0000084 seconds
2020-04-30T06:12:22.084+0700: 24633.856: Total time for which application threads were stopped: 0.0000576 seconds, Stopping threads took: 0.0000077 seconds
2020-04-30T06:12:22.084+0700: 24633.857: Total time for which application threads were stopped: 0.0000441 seconds, Stopping threads took: 0.0000040 seconds
2020-04-30T06:12:27.315+0700: 24639.088: Total time for which application threads were stopped: 0.0001986 seconds, Stopping threads took: 0.0000186 seconds
2020-04-30T06:12:29.518+0700: 24641.290: Total time for which application threads were stopped: 0.0001386 seconds, Stopping threads took: 0.0000187 seconds
2020-04-30T06:12:29.518+0700: 24641.290: Total time for which application threads were stopped: 0.0000726 seconds, Stopping threads took: 0.0000081 seconds
2020-04-30T06:12:29.518+0700: 24641.290: Total time for which application threads were stopped: 0.0001759 seconds, Stopping threads took: 0.0000065 seconds
2020-04-30T06:12:29.518+0700: 24641.290: Total time for which application threads were stopped: 0.0001344 seconds, Stopping threads took: 0.0000044 seconds
2020-04-30T06:12:31.787+0700: 24643.559: Total time for which application threads were stopped: 0.0001268 seconds, Stopping threads took: 0.0000215 seconds
2020-04-30T06:12:31.787+0700: 24643.559: Total time for which application threads were stopped: 0.0000565 seconds, Stopping threads took: 0.0000045 seconds
2020-04-30T06:12:43.294+0700: 24655.066: Total time for which application threads were stopped: 0.0002118 seconds, Stopping threads took: 0.0000341 seconds
2020-04-30T06:12:45.127+0700: 24656.899: Total time for which application threads were stopped: 0.0001404 seconds, Stopping threads took: 0.0000205 seconds
2020-04-30T06:12:45.127+0700: 24656.899: Total time for which application threads were stopped: 0.0001083 seconds, Stopping threads took: 0.0000079 seconds
2020-04-30T06:12:45.127+0700: 24656.899: Total time for which application threads were stopped: 0.0000580 seconds, Stopping threads took: 0.0000071 seconds
2020-04-30T06:12:45.127+0700: 24656.899: Total time for which application threads were stopped: 0.0000435 seconds, Stopping threads took: 0.0000040 seconds
2020-04-30T06:13:01.028+0700: 24672.800: Total time for which application threads were stopped: 0.0001317 seconds, Stopping threads took: 0.0000185 seconds
2020-04-30T06:13:01.029+0700: 24672.800: Total time for which application threads were stopped: 0.0000727 seconds, Stopping threads took: 0.0000077 seconds
2020-04-30T06:13:01.029+0700: 24672.800: Total time for which application threads were stopped: 0.0000524 seconds, Stopping threads took: 0.0000065 seconds
2020-04-30T06:13:01.029+0700: 24672.800: Total time for which application threads were stopped: 0.0000628 seconds, Stopping threads took: 0.0000040 seconds
2020-04-30T06:13:16.561+0700: 24688.332: Total time for which application threads were stopped: 0.0001512 seconds, Stopping threads took: 0.0000202 seconds
2020-04-30T06:13:16.561+0700: 24688.332: Total time for which application threads were stopped: 0.0000806 seconds, Stopping threads took: 0.0000084 seconds
2020-04-30T06:13:16.561+0700: 24688.332: Total time for which application threads were stopped: 0.0000572 seconds, Stopping threads took: 0.0000064 seconds
2020-04-30T06:13:16.561+0700: 24688.332: Total time for which application threads were stopped: 0.0000433 seconds, Stopping threads took: 0.0000040 seconds
2020-04-30T06:13:30.035+0700: 24701.806: Total time for which application threads were stopped: 0.0001560 seconds, Stopping threads took: 0.0000320 seconds
2020-04-30T06:13:30.036+0700: 24701.807: Total time for which application threads were stopped: 0.0001151 seconds, Stopping threads took: 0.0000296 seconds
2020-04-30T06:13:37.687+0700: 24709.458: Total time for which application threads were stopped: 0.0001619 seconds, Stopping threads took: 0.0000250 seconds
2020-04-30T06:13:37.687+0700: 24709.458: Total time for which application threads were stopped: 0.0000801 seconds, Stopping threads took: 0.0000087 seconds
2020-04-30T06:13:37.687+0700: 24709.458: Total time for which application threads were stopped: 0.0000567 seconds, Stopping threads took: 0.0000072 seconds
2020-04-30T06:13:37.687+0700: 24709.458: Total time for which application threads were stopped: 0.0000439 seconds, Stopping threads took: 0.0000043 seconds
2020-04-30T06:13:48.815+0700: 24720.586: Total time for which application threads were stopped: 0.0000991 seconds, Stopping threads took: 0.0000189 seconds
2020-04-30T06:13:55.156+0700: 24726.926: Total time for which application threads were stopped: 0.0001537 seconds, Stopping threads took: 0.0000217 seconds
2020-04-30T06:13:55.156+0700: 24726.927: Total time for which application threads were stopped: 0.0000612 seconds, Stopping threads took: 0.0000068 seconds
2020-04-30T06:13:55.156+0700: 24726.927: Total time for which application threads were stopped: 0.0000563 seconds, Stopping threads took: 0.0000066 seconds
2020-04-30T06:13:55.156+0700: 24726.927: Total time for which application threads were stopped: 0.0000448 seconds, Stopping threads took: 0.0000042 seconds
2020-04-30T06:14:06.120+0700: 24737.891: Total time for which application threads were stopped: 0.0001456 seconds, Stopping threads took: 0.0000207 seconds
2020-04-30T06:14:06.121+0700: 24737.891: Total time for which application threads were stopped: 0.0000763 seconds, Stopping threads took: 0.0000085 seconds
2020-04-30T06:14:06.121+0700: 24737.891: Total time for which application threads were stopped: 0.0000578 seconds, Stopping threads took: 0.0000071 seconds
2020-04-30T06:14:06.121+0700: 24737.891: Total time for which application threads were stopped: 0.0000435 seconds, Stopping threads took: 0.0000041 seconds
2020-04-30T06:14:25.631+0700: 24757.400: Total time for which application threads were stopped: 0.0001418 seconds, Stopping threads took: 0.0000208 seconds
2020-04-30T06:14:25.631+0700: 24757.401: Total time for which application threads were stopped: 0.0000835 seconds, Stopping threads took: 0.0000097 seconds
2020-04-30T06:14:25.631+0700: 24757.401: Total time for which application threads were stopped: 0.0000551 seconds, Stopping threads took: 0.0000071 seconds
2020-04-30T06:14:25.631+0700: 24757.401: Total time for which application threads were stopped: 0.0000410 seconds, Stopping threads took: 0.0000039 seconds
2020-04-30T06:14:37.762+0700: 24769.532: Total time for which application threads were stopped: 0.0001082 seconds, Stopping threads took: 0.0000187 seconds
2020-04-30T06:14:37.762+0700: 24769.532: Total time for which application threads were stopped: 0.0000511 seconds, Stopping threads took: 0.0000068 seconds
2020-04-30T06:14:43.854+0700: 24775.623: Total time for which application threads were stopped: 0.0001509 seconds, Stopping threads took: 0.0000203 seconds
2020-04-30T06:14:43.854+0700: 24775.623: Total time for which application threads were stopped: 0.0000795 seconds, Stopping threads took: 0.0000090 seconds
2020-04-30T06:14:43.854+0700: 24775.623: Total time for which application threads were stopped: 0.0000594 seconds, Stopping threads took: 0.0000068 seconds
2020-04-30T06:14:43.854+0700: 24775.623: Total time for which application threads were stopped: 0.0000459 seconds, Stopping threads took: 0.0000043 seconds
2020-04-30T06:14:57.759+0700: 24789.528: Total time for which application threads were stopped: 0.0001179 seconds, Stopping threads took: 0.0000213 seconds
2020-04-30T06:14:57.759+0700: 24789.528: Total time for which application threads were stopped: 0.0000517 seconds, Stopping threads took: 0.0000068 seconds
2020-04-30T06:15:00.547+0700: 24792.316: Total time for which application threads were stopped: 0.0001448 seconds, Stopping threads took: 0.0000215 seconds
2020-04-30T06:15:00.547+0700: 24792.316: Total time for which application threads were stopped: 0.0000793 seconds, Stopping threads took: 0.0000084 seconds
2020-04-30T06:15:00.547+0700: 24792.316: Total time for which application threads were stopped: 0.0000573 seconds, Stopping threads took: 0.0000075 seconds
2020-04-30T06:15:00.547+0700: 24792.316: Total time for which application threads were stopped: 0.0000439 seconds, Stopping threads took: 0.0000043 seconds
{Heap before GC invocations=57 (full 0):
 garbage-first heap   total 524288K, used 376949K [0x00000007a0000000, 0x00000007a0101000, 0x00000007c0000000)
  region size 1024K, 307 young (314368K), 9 survivors (9216K)
 Metaspace       used 54134K, capacity 56406K, committed 56648K, reserved 1099776K
  class space    used 6222K, capacity 6670K, committed 6732K, reserved 1048576K
2020-04-30T06:15:13.295+0700: 24805.064: [GC pause (G1 Evacuation Pause) (young)
Desired survivor size 20447232 bytes, new threshold 15 (max 15)
- age   1:    1908840 bytes,    1908840 total
- age   2:      69624 bytes,    1978464 total
- age   3:      66920 bytes,    2045384 total
- age   4:    4249048 bytes,    6294432 total
- age   5:      32960 bytes,    6327392 total
- age   6:      55784 bytes,    6383176 total
- age   7:      54336 bytes,    6437512 total
- age   8:       4664 bytes,    6442176 total
- age   9:       6984 bytes,    6449160 total
- age  10:       8984 bytes,    6458144 total
- age  11:       4944 bytes,    6463088 total
- age  12:      51496 bytes,    6514584 total
- age  13:       1208 bytes,    6515792 total
- age  14:      14560 bytes,    6530352 total
- age  15:      16984 bytes,    6547336 total
, 0.0048512 secs]
   [Parallel Time: 2.2 ms, GC Workers: 8]
      [GC Worker Start (ms): Min: 24805064.1, Avg: 24805064.1, Max: 24805064.2, Diff: 0.1]
      [Ext Root Scanning (ms): Min: 0.1, Avg: 0.4, Max: 1.0, Diff: 0.8, Sum: 2.9]
      [Update RS (ms): Min: 0.0, Avg: 0.5, Max: 0.9, Diff: 0.9, Sum: 4.0]
         [Processed Buffers: Min: 0, Avg: 3.0, Max: 7, Diff: 7, Sum: 24]
      [Scan RS (ms): Min: 0.0, Avg: 0.0, Max: 0.1, Diff: 0.1, Sum: 0.2]
      [Code Root Scanning (ms): Min: 0.0, Avg: 0.0, Max: 0.0, Diff: 0.0, Sum: 0.1]
      [Object Copy (ms): Min: 0.3, Avg: 0.7, Max: 2.0, Diff: 1.7, Sum: 5.9]
      [Termination (ms): Min: 0.0, Avg: 0.5, Max: 0.6, Diff: 0.6, Sum: 3.8]
         [Termination Attempts: Min: 1, Avg: 2.1, Max: 4, Diff: 3, Sum: 17]
      [GC Worker Other (ms): Min: 0.0, Avg: 0.0, Max: 0.0, Diff: 0.0, Sum: 0.1]
      [GC Worker Total (ms): Min: 2.1, Avg: 2.1, Max: 2.2, Diff: 0.1, Sum: 16.9]
      [GC Worker End (ms): Min: 24805066.2, Avg: 24805066.2, Max: 24805066.3, Diff: 0.0]
   [Code Root Fixup: 0.0 ms]
   [Code Root Purge: 0.0 ms]
   [Clear CT: 0.1 ms]
   [Other: 2.5 ms]
      [Choose CSet: 0.0 ms]
      [Ref Proc: 2.2 ms]
      [Ref Enq: 0.1 ms]
      [Redirty Cards: 0.0 ms]
      [Humongous Register: 0.0 ms]
      [Humongous Reclaim: 0.0 ms]
      [Free CSet: 0.1 ms]
   [Eden: 298.0M(298.0M)->0.0B(301.0M) Survivors: 9216.0K->6144.0K Heap: 368.1M(512.0M)->67.2M(512.0M)]
Heap after GC invocations=58 (full 0):
 garbage-first heap   total 524288K, used 68789K [0x00000007a0000000, 0x00000007a0101000, 0x00000007c0000000)
  region size 1024K, 6 young (6144K), 6 survivors (6144K)
 Metaspace       used 54134K, capacity 56406K, committed 56648K, reserved 1099776K
  class space    used 6222K, capacity 6670K, committed 6732K, reserved 1048576K
}
 [Times: user=0.02 sys=0.01, real=0.01 secs] 
2020-04-30T06:15:13.300+0700: 24805.069: Total time for which application threads were stopped: 0.0051011 seconds, Stopping threads took: 0.0000360 seconds
2020-04-30T06:15:13.300+0700: 24805.069: Total time for which application threads were stopped: 0.0001947 seconds, Stopping threads took: 0.0000288 seconds
2020-04-30T06:15:27.337+0700: 24819.105: Total time for which application threads were stopped: 0.0001501 seconds, Stopping threads took: 0.0000223 seconds
2020-04-30T06:15:27.337+0700: 24819.105: Total time for which application threads were stopped: 0.0000841 seconds, Stopping threads took: 0.0000188 seconds
2020-04-30T06:15:27.337+0700: 24819.106: Total time for which application threads were stopped: 0.0000641 seconds, Stopping threads took: 0.0000089 seconds
2020-04-30T06:15:27.337+0700: 24819.106: Total time for which application threads were stopped: 0.0000447 seconds, Stopping threads took: 0.0000041 seconds
2020-04-30T06:15:28.978+0700: 24820.746: Total time for which application threads were stopped: 0.0001024 seconds, Stopping threads took: 0.0000166 seconds
2020-04-30T06:15:31.936+0700: 24823.704: Total time for which application threads were stopped: 0.0001385 seconds, Stopping threads took: 0.0000180 seconds
2020-04-30T06:15:31.936+0700: 24823.704: Total time for which application threads were stopped: 0.0000690 seconds, Stopping threads took: 0.0000077 seconds
2020-04-30T06:15:31.936+0700: 24823.704: Total time for which application threads were stopped: 0.0000496 seconds, Stopping threads took: 0.0000061 seconds
2020-04-30T06:15:31.936+0700: 24823.704: Total time for which application threads were stopped: 0.0000375 seconds, Stopping threads took: 0.0000035 seconds
2020-04-30T06:15:44.675+0700: 24836.443: Total time for which application threads were stopped: 0.0001288 seconds, Stopping threads took: 0.0000512 seconds
2020-04-30T06:15:56.637+0700: 24848.404: Total time for which application threads were stopped: 0.0001506 seconds, Stopping threads took: 0.0000199 seconds
2020-04-30T06:15:56.637+0700: 24848.405: Total time for which application threads were stopped: 0.0000589 seconds, Stopping threads took: 0.0000066 seconds
2020-04-30T06:15:56.637+0700: 24848.405: Total time for which application threads were stopped: 0.0000533 seconds, Stopping threads took: 0.0000064 seconds
2020-04-30T06:15:56.637+0700: 24848.405: Total time for which application threads were stopped: 0.0000426 seconds, Stopping threads took: 0.0000040 seconds
2020-04-30T06:16:03.139+0700: 24854.906: Total time for which application threads were stopped: 0.0002533 seconds, Stopping threads took: 0.0000545 seconds
2020-04-30T06:16:03.139+0700: 24854.906: Total time for which application threads were stopped: 0.0000867 seconds, Stopping threads took: 0.0000091 seconds
2020-04-30T06:16:03.140+0700: 24854.907: Total time for which application threads were stopped: 0.0001341 seconds, Stopping threads took: 0.0000341 seconds
2020-04-30T06:16:03.140+0700: 24854.908: Total time for which application threads were stopped: 0.0000868 seconds, Stopping threads took: 0.0000105 seconds
2020-04-30T06:16:13.487+0700: 24865.255: Total time for which application threads were stopped: 0.0001527 seconds, Stopping threads took: 0.0000229 seconds
2020-04-30T06:16:13.487+0700: 24865.255: Total time for which application threads were stopped: 0.0000593 seconds, Stopping threads took: 0.0000064 seconds
2020-04-30T06:16:13.487+0700: 24865.255: Total time for which application threads were stopped: 0.0000543 seconds, Stopping threads took: 0.0000063 seconds
2020-04-30T06:16:13.487+0700: 24865.255: Total time for which application threads were stopped: 0.0000431 seconds, Stopping threads took: 0.0000040 seconds
2020-04-30T06:16:19.036+0700: 24870.804: Total time for which application threads were stopped: 0.0000995 seconds, Stopping threads took: 0.0000188 seconds
2020-04-30T06:16:19.041+0700: 24870.809: Total time for which application threads were stopped: 0.0001087 seconds, Stopping threads took: 0.0000295 seconds
2020-04-30T06:16:19.053+0700: 24870.820: Total time for which application threads were stopped: 0.0001048 seconds, Stopping threads took: 0.0000137 seconds
2020-04-30T06:16:21.696+0700: 24873.463: Total time for which application threads were stopped: 0.0002874 seconds, Stopping threads took: 0.0000206 seconds
2020-04-30T06:16:21.696+0700: 24873.464: Total time for which application threads were stopped: 0.0000724 seconds, Stopping threads took: 0.0000090 seconds
2020-04-30T06:16:21.696+0700: 24873.464: Total time for which application threads were stopped: 0.0000552 seconds, Stopping threads took: 0.0000070 seconds
2020-04-30T06:16:21.696+0700: 24873.464: Total time for which application threads were stopped: 0.0000438 seconds, Stopping threads took: 0.0000044 seconds
2020-04-30T06:16:26.979+0700: 24878.746: Total time for which application threads were stopped: 0.0001549 seconds, Stopping threads took: 0.0000288 seconds
2020-04-30T06:16:34.834+0700: 24886.601: Total time for which application threads were stopped: 0.0001462 seconds, Stopping threads took: 0.0000521 seconds
2020-04-30T06:16:46.321+0700: 24898.087: Total time for which application threads were stopped: 0.0001506 seconds, Stopping threads took: 0.0000214 seconds
2020-04-30T06:16:46.321+0700: 24898.088: Total time for which application threads were stopped: 0.0000784 seconds, Stopping threads took: 0.0000082 seconds
2020-04-30T06:16:46.321+0700: 24898.088: Total time for which application threads were stopped: 0.0000565 seconds, Stopping threads took: 0.0000066 seconds
2020-04-30T06:16:46.321+0700: 24898.088: Total time for which application threads were stopped: 0.0000441 seconds, Stopping threads took: 0.0000041 seconds
2020-04-30T06:16:59.498+0700: 24911.265: Total time for which application threads were stopped: 0.0001084 seconds, Stopping threads took: 0.0000192 seconds
2020-04-30T06:16:59.498+0700: 24911.265: Total time for which application threads were stopped: 0.0000510 seconds, Stopping threads took: 0.0000070 seconds
2020-04-30T06:16:59.504+0700: 24911.270: Total time for which application threads were stopped: 0.0000814 seconds, Stopping threads took: 0.0000139 seconds
2020-04-30T06:17:11.757+0700: 24923.523: Total time for which application threads were stopped: 0.0001536 seconds, Stopping threads took: 0.0000209 seconds
2020-04-30T06:17:11.757+0700: 24923.523: Total time for which application threads were stopped: 0.0000786 seconds, Stopping threads took: 0.0000081 seconds
2020-04-30T06:17:11.757+0700: 24923.523: Total time for which application threads were stopped: 0.0000574 seconds, Stopping threads took: 0.0000069 seconds
2020-04-30T06:17:11.757+0700: 24923.523: Total time for which application threads were stopped: 0.0000450 seconds, Stopping threads took: 0.0000041 seconds
2020-04-30T06:17:24.320+0700: 24936.086: Total time for which application threads were stopped: 0.0001077 seconds, Stopping threads took: 0.0000195 seconds
2020-04-30T06:17:24.320+0700: 24936.086: Total time for which application threads were stopped: 0.0000486 seconds, Stopping threads took: 0.0000065 seconds
2020-04-30T06:17:24.327+0700: 24936.093: Total time for which application threads were stopped: 0.0000959 seconds, Stopping threads took: 0.0000296 seconds
2020-04-30T06:17:33.988+0700: 24945.754: Total time for which application threads were stopped: 0.0001517 seconds, Stopping threads took: 0.0000207 seconds
2020-04-30T06:17:33.988+0700: 24945.754: Total time for which application threads were stopped: 0.0000609 seconds, Stopping threads took: 0.0000071 seconds
2020-04-30T06:17:33.988+0700: 24945.754: Total time for which application threads were stopped: 0.0001840 seconds, Stopping threads took: 0.0000064 seconds
2020-04-30T06:17:33.988+0700: 24945.754: Total time for which application threads were stopped: 0.0001204 seconds, Stopping threads took: 0.0000043 seconds
2020-04-30T06:17:37.625+0700: 24949.390: Total time for which application threads were stopped: 0.0001357 seconds, Stopping threads took: 0.0000202 seconds
2020-04-30T06:17:37.625+0700: 24949.391: Total time for which application threads were stopped: 0.0000572 seconds, Stopping threads took: 0.0000052 seconds
2020-04-30T06:17:43.342+0700: 24955.108: Total time for which application threads were stopped: 0.0000970 seconds, Stopping threads took: 0.0000169 seconds
2020-04-30T06:17:45.109+0700: 24956.874: Total time for which application threads were stopped: 0.0001461 seconds, Stopping threads took: 0.0000193 seconds
2020-04-30T06:17:45.109+0700: 24956.875: Total time for which application threads were stopped: 0.0002187 seconds, Stopping threads took: 0.0000107 seconds
2020-04-30T06:17:45.109+0700: 24956.875: Total time for which application threads were stopped: 0.0000682 seconds, Stopping threads took: 0.0000086 seconds
2020-04-30T06:17:45.109+0700: 24956.875: Total time for which application threads were stopped: 0.0000451 seconds, Stopping threads took: 0.0000042 seconds
2020-04-30T06:17:49.645+0700: 24961.410: Total time for which application threads were stopped: 0.0001528 seconds, Stopping threads took: 0.0000208 seconds
2020-04-30T06:17:59.149+0700: 24970.915: Total time for which application threads were stopped: 0.0001082 seconds, Stopping threads took: 0.0000205 seconds
2020-04-30T06:17:59.149+0700: 24970.915: Total time for which application threads were stopped: 0.0000477 seconds, Stopping threads took: 0.0000060 seconds
2020-04-30T06:17:59.156+0700: 24970.921: Total time for which application threads were stopped: 0.0000947 seconds, Stopping threads took: 0.0000298 seconds
2020-04-30T06:18:06.544+0700: 24978.310: Total time for which application threads were stopped: 0.0001537 seconds, Stopping threads took: 0.0000233 seconds
2020-04-30T06:18:06.545+0700: 24978.310: Total time for which application threads were stopped: 0.0000599 seconds, Stopping threads took: 0.0000068 seconds
2020-04-30T06:18:06.545+0700: 24978.310: Total time for which application threads were stopped: 0.0000539 seconds, Stopping threads took: 0.0000062 seconds
2020-04-30T06:18:06.545+0700: 24978.310: Total time for which application threads were stopped: 0.0000427 seconds, Stopping threads took: 0.0000040 seconds
2020-04-30T06:18:17.518+0700: 24989.283: Total time for which application threads were stopped: 0.0002006 seconds, Stopping threads took: 0.0000177 seconds
2020-04-30T06:18:17.519+0700: 24989.284: Total time for which application threads were stopped: 0.0001027 seconds, Stopping threads took: 0.0000279 seconds
2020-04-30T06:18:21.173+0700: 24992.938: Total time for which application threads were stopped: 0.0001430 seconds, Stopping threads took: 0.0000205 seconds
2020-04-30T06:18:21.174+0700: 24992.938: Total time for which application threads were stopped: 0.0000757 seconds, Stopping threads took: 0.0000088 seconds
2020-04-30T06:18:21.174+0700: 24992.938: Total time for which application threads were stopped: 0.0000681 seconds, Stopping threads took: 0.0000100 seconds
2020-04-30T06:18:21.174+0700: 24992.939: Total time for which application threads were stopped: 0.0000481 seconds, Stopping threads took: 0.0000043 seconds
2020-04-30T06:18:33.952+0700: 25005.716: Total time for which application threads were stopped: 0.0001164 seconds, Stopping threads took: 0.0000330 seconds
2020-04-30T06:18:41.091+0700: 25012.856: Total time for which application threads were stopped: 0.0001530 seconds, Stopping threads took: 0.0000218 seconds
2020-04-30T06:18:41.091+0700: 25012.856: Total time for which application threads were stopped: 0.0000599 seconds, Stopping threads took: 0.0000071 seconds
2020-04-30T06:18:41.091+0700: 25012.856: Total time for which application threads were stopped: 0.0000651 seconds, Stopping threads took: 0.0000089 seconds
2020-04-30T06:18:41.092+0700: 25012.856: Total time for which application threads were stopped: 0.0000461 seconds, Stopping threads took: 0.0000042 seconds
2020-04-30T06:18:51.608+0700: 25023.372: Total time for which application threads were stopped: 0.0001079 seconds, Stopping threads took: 0.0000185 seconds
2020-04-30T06:18:51.608+0700: 25023.372: Total time for which application threads were stopped: 0.0000484 seconds, Stopping threads took: 0.0000062 seconds
2020-04-30T06:18:51.615+0700: 25023.379: Total time for which application threads were stopped: 0.0001099 seconds, Stopping threads took: 0.0000132 seconds
2020-04-30T06:18:51.615+0700: 25023.379: Total time for which application threads were stopped: 0.0001028 seconds, Stopping threads took: 0.0000304 seconds
2020-04-30T06:18:51.616+0700: 25023.380: Total time for which application threads were stopped: 0.0000746 seconds, Stopping threads took: 0.0000097 seconds
2020-04-30T06:18:56.028+0700: 25027.792: Total time for which application threads were stopped: 0.0001673 seconds, Stopping threads took: 0.0000476 seconds
2020-04-30T06:18:56.028+0700: 25027.792: Total time for which application threads were stopped: 0.0001240 seconds, Stopping threads took: 0.0000445 seconds
2020-04-30T06:18:56.028+0700: 25027.792: Total time for which application threads were stopped: 0.0000594 seconds, Stopping threads took: 0.0000072 seconds
2020-04-30T06:18:56.028+0700: 25027.792: Total time for which application threads were stopped: 0.0000520 seconds, Stopping threads took: 0.0000063 seconds
2020-04-30T06:19:07.134+0700: 25038.898: Total time for which application threads were stopped: 0.0001583 seconds, Stopping threads took: 0.0000538 seconds
2020-04-30T06:19:07.134+0700: 25038.898: Total time for which application threads were stopped: 0.0000565 seconds, Stopping threads took: 0.0000086 seconds
2020-04-30T06:19:07.136+0700: 25038.899: Total time for which application threads were stopped: 0.0000717 seconds, Stopping threads took: 0.0000140 seconds
2020-04-30T06:19:07.152+0700: 25038.916: Total time for which application threads were stopped: 0.0000839 seconds, Stopping threads took: 0.0000150 seconds
2020-04-30T06:19:11.367+0700: 25043.131: Total time for which application threads were stopped: 0.0001442 seconds, Stopping threads took: 0.0000202 seconds
2020-04-30T06:19:11.367+0700: 25043.131: Total time for which application threads were stopped: 0.0000749 seconds, Stopping threads took: 0.0000081 seconds
2020-04-30T06:19:11.367+0700: 25043.131: Total time for which application threads were stopped: 0.0000558 seconds, Stopping threads took: 0.0000070 seconds
2020-04-30T06:19:11.368+0700: 25043.131: Total time for which application threads were stopped: 0.0000438 seconds, Stopping threads took: 0.0000041 seconds
2020-04-30T06:19:24.393+0700: 25056.157: Total time for which application threads were stopped: 0.0002021 seconds, Stopping threads took: 0.0000323 seconds
2020-04-30T06:19:28.773+0700: 25060.537: Total time for which application threads were stopped: 0.0001678 seconds, Stopping threads took: 0.0000204 seconds
2020-04-30T06:19:28.773+0700: 25060.537: Total time for which application threads were stopped: 0.0000748 seconds, Stopping threads took: 0.0000082 seconds
2020-04-30T06:19:28.773+0700: 25060.537: Total time for which application threads were stopped: 0.0000547 seconds, Stopping threads took: 0.0000062 seconds
2020-04-30T06:19:28.773+0700: 25060.537: Total time for which application threads were stopped: 0.0000424 seconds, Stopping threads took: 0.0000039 seconds
2020-04-30T06:19:41.009+0700: 25072.772: Total time for which application threads were stopped: 0.0001234 seconds, Stopping threads took: 0.0000317 seconds
2020-04-30T06:19:51.923+0700: 25083.686: Total time for which application threads were stopped: 0.0001402 seconds, Stopping threads took: 0.0000206 seconds
2020-04-30T06:19:51.923+0700: 25083.686: Total time for which application threads were stopped: 0.0000769 seconds, Stopping threads took: 0.0000083 seconds
2020-04-30T06:19:51.923+0700: 25083.686: Total time for which application threads were stopped: 0.0000674 seconds, Stopping threads took: 0.0000204 seconds
2020-04-30T06:19:51.923+0700: 25083.686: Total time for which application threads were stopped: 0.0000729 seconds, Stopping threads took: 0.0000040 seconds
2020-04-30T06:19:59.556+0700: 25091.319: Total time for which application threads were stopped: 0.0001429 seconds, Stopping threads took: 0.0000183 seconds
2020-04-30T06:19:59.556+0700: 25091.319: Total time for which application threads were stopped: 0.0001086 seconds, Stopping threads took: 0.0000062 seconds
2020-04-30T06:19:59.562+0700: 25091.325: Total time for which application threads were stopped: 0.0000971 seconds, Stopping threads took: 0.0000295 seconds
2020-04-30T06:20:09.292+0700: 25101.054: Total time for which application threads were stopped: 0.0001436 seconds, Stopping threads took: 0.0000218 seconds
2020-04-30T06:20:09.292+0700: 25101.055: Total time for which application threads were stopped: 0.0000614 seconds, Stopping threads took: 0.0000068 seconds
2020-04-30T06:20:09.292+0700: 25101.055: Total time for which application threads were stopped: 0.0000544 seconds, Stopping threads took: 0.0000065 seconds
2020-04-30T06:20:09.292+0700: 25101.055: Total time for which application threads were stopped: 0.0000501 seconds, Stopping threads took: 0.0000061 seconds
2020-04-30T06:20:19.235+0700: 25110.998: Total time for which application threads were stopped: 0.0001067 seconds, Stopping threads took: 0.0000197 seconds
2020-04-30T06:20:19.235+0700: 25110.998: Total time for which application threads were stopped: 0.0000479 seconds, Stopping threads took: 0.0000067 seconds
2020-04-30T06:20:19.242+0700: 25111.004: Total time for which application threads were stopped: 0.0001111 seconds, Stopping threads took: 0.0000483 seconds
2020-04-30T06:20:28.623+0700: 25120.385: Total time for which application threads were stopped: 0.0001350 seconds, Stopping threads took: 0.0000189 seconds
2020-04-30T06:20:28.623+0700: 25120.385: Total time for which application threads were stopped: 0.0000658 seconds, Stopping threads took: 0.0000070 seconds
2020-04-30T06:20:28.623+0700: 25120.385: Total time for which application threads were stopped: 0.0000493 seconds, Stopping threads took: 0.0000060 seconds
2020-04-30T06:20:28.623+0700: 25120.385: Total time for which application threads were stopped: 0.0000374 seconds, Stopping threads took: 0.0000035 seconds
2020-04-30T06:20:41.858+0700: 25133.620: Total time for which application threads were stopped: 0.0001135 seconds, Stopping threads took: 0.0000338 seconds
2020-04-30T06:20:47.110+0700: 25138.871: Total time for which application threads were stopped: 0.0001502 seconds, Stopping threads took: 0.0000225 seconds
2020-04-30T06:20:47.110+0700: 25138.872: Total time for which application threads were stopped: 0.0000813 seconds, Stopping threads took: 0.0000090 seconds
2020-04-30T06:20:47.110+0700: 25138.872: Total time for which application threads were stopped: 0.0000570 seconds, Stopping threads took: 0.0000067 seconds
2020-04-30T06:20:47.110+0700: 25138.872: Total time for which application threads were stopped: 0.0000456 seconds, Stopping threads took: 0.0000042 seconds
2020-04-30T06:20:57.418+0700: 25149.180: Total time for which application threads were stopped: 0.0001050 seconds, Stopping threads took: 0.0000165 seconds
2020-04-30T06:21:02.784+0700: 25154.545: Total time for which application threads were stopped: 0.0001506 seconds, Stopping threads took: 0.0000202 seconds
2020-04-30T06:21:02.784+0700: 25154.545: Total time for which application threads were stopped: 0.0000750 seconds, Stopping threads took: 0.0000082 seconds
2020-04-30T06:21:02.784+0700: 25154.545: Total time for which application threads were stopped: 0.0000570 seconds, Stopping threads took: 0.0000067 seconds
2020-04-30T06:21:02.784+0700: 25154.545: Total time for which application threads were stopped: 0.0000434 seconds, Stopping threads took: 0.0000041 seconds
2020-04-30T06:21:16.083+0700: 25167.844: Total time for which application threads were stopped: 0.0002127 seconds, Stopping threads took: 0.0000335 seconds
2020-04-30T06:21:20.694+0700: 25172.455: Total time for which application threads were stopped: 0.0001499 seconds, Stopping threads took: 0.0000204 seconds
2020-04-30T06:21:20.694+0700: 25172.455: Total time for which application threads were stopped: 0.0000762 seconds, Stopping threads took: 0.0000081 seconds
2020-04-30T06:21:20.694+0700: 25172.455: Total time for which application threads were stopped: 0.0000586 seconds, Stopping threads took: 0.0000081 seconds
2020-04-30T06:21:20.695+0700: 25172.456: Total time for which application threads were stopped: 0.0001105 seconds, Stopping threads took: 0.0000154 seconds
2020-04-30T06:21:34.419+0700: 25186.179: Total time for which application threads were stopped: 0.0002124 seconds, Stopping threads took: 0.0000552 seconds
2020-04-30T06:21:34.419+0700: 25186.180: Total time for which application threads were stopped: 0.0001269 seconds, Stopping threads took: 0.0000562 seconds
2020-04-30T06:21:34.420+0700: 25186.181: Total time for which application threads were stopped: 0.0001457 seconds, Stopping threads took: 0.0000370 seconds
{Heap before GC invocations=58 (full 0):
 garbage-first heap   total 524288K, used 377013K [0x00000007a0000000, 0x00000007a0101000, 0x00000007c0000000)
  region size 1024K, 307 young (314368K), 6 survivors (6144K)
 Metaspace       used 54135K, capacity 56406K, committed 56648K, reserved 1099776K
  class space    used 6223K, capacity 6670K, committed 6732K, reserved 1048576K
2020-04-30T06:21:34.674+0700: 25186.434: [GC pause (G1 Evacuation Pause) (young)
Desired survivor size 20447232 bytes, new threshold 15 (max 15)
- age   1:    1542232 bytes,    1542232 total
- age   2:      60192 bytes,    1602424 total
- age   3:      67752 bytes,    1670176 total
- age   4:      66712 bytes,    1736888 total
- age   5:     128552 bytes,    1865440 total
- age   6:      32888 bytes,    1898328 total
- age   7:      42256 bytes,    1940584 total
- age   8:      27800 bytes,    1968384 total
- age   9:       4360 bytes,    1972744 total
- age  10:       6984 bytes,    1979728 total
- age  11:       8984 bytes,    1988712 total
- age  12:       4160 bytes,    1992872 total
- age  13:      51496 bytes,    2044368 total
- age  14:       1208 bytes,    2045576 total
- age  15:      14560 bytes,    2060136 total
, 0.0047436 secs]
   [Parallel Time: 2.0 ms, GC Workers: 8]
      [GC Worker Start (ms): Min: 25186434.5, Avg: 25186434.5, Max: 25186434.6, Diff: 0.1]
      [Ext Root Scanning (ms): Min: 0.2, Avg: 0.6, Max: 1.7, Diff: 1.5, Sum: 4.5]
      [Update RS (ms): Min: 0.0, Avg: 0.1, Max: 0.2, Diff: 0.2, Sum: 1.0]
         [Processed Buffers: Min: 0, Avg: 3.0, Max: 6, Diff: 6, Sum: 24]
      [Scan RS (ms): Min: 0.0, Avg: 0.0, Max: 0.0, Diff: 0.0, Sum: 0.2]
      [Code Root Scanning (ms): Min: 0.0, Avg: 0.0, Max: 0.0, Diff: 0.0, Sum: 0.1]
      [Object Copy (ms): Min: 0.0, Avg: 0.6, Max: 0.8, Diff: 0.7, Sum: 4.6]
      [Termination (ms): Min: 0.0, Avg: 0.5, Max: 0.5, Diff: 0.5, Sum: 3.8]
         [Termination Attempts: Min: 1, Avg: 1.0, Max: 1, Diff: 0, Sum: 8]
      [GC Worker Other (ms): Min: 0.0, Avg: 0.0, Max: 0.0, Diff: 0.0, Sum: 0.1]
      [GC Worker Total (ms): Min: 1.8, Avg: 1.8, Max: 1.8, Diff: 0.1, Sum: 14.4]
      [GC Worker End (ms): Min: 25186436.3, Avg: 25186436.3, Max: 25186436.3, Diff: 0.0]
   [Code Root Fixup: 0.0 ms]
   [Code Root Purge: 0.0 ms]
   [Clear CT: 0.1 ms]
   [Other: 2.6 ms]
      [Choose CSet: 0.0 ms]
      [Ref Proc: 2.2 ms]
      [Ref Enq: 0.1 ms]
      [Redirty Cards: 0.1 ms]
      [Humongous Register: 0.0 ms]
      [Humongous Reclaim: 0.0 ms]
      [Free CSet: 0.1 ms]
   [Eden: 301.0M(301.0M)->0.0B(303.0M) Survivors: 6144.0K->4096.0K Heap: 368.2M(512.0M)->65.4M(512.0M)]
Heap after GC invocations=59 (full 0):
 garbage-first heap   total 524288K, used 66969K [0x00000007a0000000, 0x00000007a0101000, 0x00000007c0000000)
  region size 1024K, 4 young (4096K), 4 survivors (4096K)
 Metaspace       used 54135K, capacity 56406K, committed 56648K, reserved 1099776K
  class space    used 6223K, capacity 6670K, committed 6732K, reserved 1048576K
}
 [Times: user=0.01 sys=0.01, real=0.00 secs] 
2020-04-30T06:21:34.679+0700: 25186.439: Total time for which application threads were stopped: 0.0049673 seconds, Stopping threads took: 0.0000313 seconds
2020-04-30T06:21:38.522+0700: 25190.282: Total time for which application threads were stopped: 0.0001579 seconds, Stopping threads took: 0.0000229 seconds
2020-04-30T06:21:38.522+0700: 25190.282: Total time for which application threads were stopped: 0.0000625 seconds, Stopping threads took: 0.0000078 seconds
2020-04-30T06:21:38.522+0700: 25190.282: Total time for which application threads were stopped: 0.0000563 seconds, Stopping threads took: 0.0000067 seconds
2020-04-30T06:21:38.522+0700: 25190.283: Total time for which application threads were stopped: 0.0000438 seconds, Stopping threads took: 0.0000040 seconds
2020-04-30T06:21:50.456+0700: 25202.217: Total time for which application threads were stopped: 0.0001467 seconds, Stopping threads took: 0.0000196 seconds
2020-04-30T06:21:50.456+0700: 25202.217: Total time for which application threads were stopped: 0.0000523 seconds, Stopping threads took: 0.0000065 seconds
2020-04-30T06:21:50.458+0700: 25202.219: Total time for which application threads were stopped: 0.0000792 seconds, Stopping threads took: 0.0000150 seconds
2020-04-30T06:21:50.463+0700: 25202.224: Total time for which application threads were stopped: 0.0000756 seconds, Stopping threads took: 0.0000141 seconds
2020-04-30T06:21:55.438+0700: 25207.198: Total time for which application threads were stopped: 0.0001710 seconds, Stopping threads took: 0.0000201 seconds
2020-04-30T06:21:55.438+0700: 25207.198: Total time for which application threads were stopped: 0.0000745 seconds, Stopping threads took: 0.0000090 seconds
2020-04-30T06:21:55.438+0700: 25207.199: Total time for which application threads were stopped: 0.0001852 seconds, Stopping threads took: 0.0000090 seconds
2020-04-30T06:21:55.439+0700: 25207.199: Total time for which application threads were stopped: 0.0001324 seconds, Stopping threads took: 0.0000044 seconds
2020-04-30T06:21:56.638+0700: 25208.398: Total time for which application threads were stopped: 0.0001351 seconds, Stopping threads took: 0.0000201 seconds
2020-04-30T06:21:56.638+0700: 25208.398: Total time for which application threads were stopped: 0.0000583 seconds, Stopping threads took: 0.0000050 seconds
2020-04-30T06:22:12.855+0700: 25224.615: Total time for which application threads were stopped: 0.0001427 seconds, Stopping threads took: 0.0000204 seconds
2020-04-30T06:22:12.856+0700: 25224.615: Total time for which application threads were stopped: 0.0000754 seconds, Stopping threads took: 0.0000078 seconds
2020-04-30T06:22:12.856+0700: 25224.616: Total time for which application threads were stopped: 0.0000557 seconds, Stopping threads took: 0.0000065 seconds
2020-04-30T06:22:12.856+0700: 25224.616: Total time for which application threads were stopped: 0.0000439 seconds, Stopping threads took: 0.0000040 seconds
2020-04-30T06:22:26.788+0700: 25238.548: Total time for which application threads were stopped: 0.0001089 seconds, Stopping threads took: 0.0000202 seconds
2020-04-30T06:22:26.788+0700: 25238.548: Total time for which application threads were stopped: 0.0000488 seconds, Stopping threads took: 0.0000069 seconds
2020-04-30T06:22:34.381+0700: 25246.140: Total time for which application threads were stopped: 0.0001512 seconds, Stopping threads took: 0.0000214 seconds
2020-04-30T06:22:34.381+0700: 25246.140: Total time for which application threads were stopped: 0.0000606 seconds, Stopping threads took: 0.0000069 seconds
2020-04-30T06:22:34.381+0700: 25246.140: Total time for which application threads were stopped: 0.0000559 seconds, Stopping threads took: 0.0000066 seconds
2020-04-30T06:22:34.381+0700: 25246.141: Total time for which application threads were stopped: 0.0000443 seconds, Stopping threads took: 0.0000040 seconds
2020-04-30T06:22:44.639+0700: 25256.398: Total time for which application threads were stopped: 0.0001559 seconds, Stopping threads took: 0.0000521 seconds
2020-04-30T06:22:44.639+0700: 25256.398: Total time for which application threads were stopped: 0.0000886 seconds, Stopping threads took: 0.0000239 seconds
2020-04-30T06:22:54.884+0700: 25266.643: Total time for which application threads were stopped: 0.0003009 seconds, Stopping threads took: 0.0000212 seconds
2020-04-30T06:22:54.884+0700: 25266.643: Total time for which application threads were stopped: 0.0000711 seconds, Stopping threads took: 0.0000094 seconds
2020-04-30T06:22:54.884+0700: 25266.643: Total time for which application threads were stopped: 0.0000568 seconds, Stopping threads took: 0.0000068 seconds
2020-04-30T06:22:54.884+0700: 25266.643: Total time for which application threads were stopped: 0.0000451 seconds, Stopping threads took: 0.0000042 seconds
2020-04-30T06:23:05.590+0700: 25277.349: Total time for which application threads were stopped: 0.0001057 seconds, Stopping threads took: 0.0000178 seconds
2020-04-30T06:23:11.682+0700: 25283.440: Total time for which application threads were stopped: 0.0001655 seconds, Stopping threads took: 0.0000232 seconds
2020-04-30T06:23:11.682+0700: 25283.441: Total time for which application threads were stopped: 0.0000726 seconds, Stopping threads took: 0.0000084 seconds
2020-04-30T06:23:11.682+0700: 25283.441: Total time for which application threads were stopped: 0.0000662 seconds, Stopping threads took: 0.0000077 seconds
2020-04-30T06:23:11.682+0700: 25283.441: Total time for which application threads were stopped: 0.0000523 seconds, Stopping threads took: 0.0000049 seconds
2020-04-30T06:23:23.627+0700: 25295.386: Total time for which application threads were stopped: 0.0001281 seconds, Stopping threads took: 0.0000339 seconds
2020-04-30T06:23:23.627+0700: 25295.386: Total time for which application threads were stopped: 0.0000591 seconds, Stopping threads took: 0.0000046 seconds
2020-04-30T06:23:30.260+0700: 25302.018: Total time for which application threads were stopped: 0.0001506 seconds, Stopping threads took: 0.0000197 seconds
2020-04-30T06:23:30.260+0700: 25302.018: Total time for which application threads were stopped: 0.0000776 seconds, Stopping threads took: 0.0000085 seconds
2020-04-30T06:23:30.260+0700: 25302.018: Total time for which application threads were stopped: 0.0000580 seconds, Stopping threads took: 0.0000068 seconds
2020-04-30T06:23:30.260+0700: 25302.018: Total time for which application threads were stopped: 0.0000433 seconds, Stopping threads took: 0.0000040 seconds
2020-04-30T06:23:43.861+0700: 25315.619: Total time for which application threads were stopped: 0.0001164 seconds, Stopping threads took: 0.0000178 seconds
2020-04-30T06:23:43.862+0700: 25315.619: Total time for which application threads were stopped: 0.0000506 seconds, Stopping threads took: 0.0000070 seconds
2020-04-30T06:23:48.202+0700: 25319.960: Total time for which application threads were stopped: 0.0001625 seconds, Stopping threads took: 0.0000230 seconds
2020-04-30T06:23:48.202+0700: 25319.960: Total time for which application threads were stopped: 0.0000700 seconds, Stopping threads took: 0.0000077 seconds
2020-04-30T06:23:48.202+0700: 25319.960: Total time for which application threads were stopped: 0.0000657 seconds, Stopping threads took: 0.0000080 seconds
2020-04-30T06:23:48.202+0700: 25319.960: Total time for which application threads were stopped: 0.0000515 seconds, Stopping threads took: 0.0000047 seconds
2020-04-30T06:24:00.025+0700: 25331.782: Total time for which application threads were stopped: 0.0002503 seconds, Stopping threads took: 0.0000176 seconds
2020-04-30T06:24:09.814+0700: 25341.572: Total time for which application threads were stopped: 0.0001499 seconds, Stopping threads took: 0.0000209 seconds
2020-04-30T06:24:09.814+0700: 25341.572: Total time for which application threads were stopped: 0.0002063 seconds, Stopping threads took: 0.0000068 seconds
2020-04-30T06:24:09.814+0700: 25341.572: Total time for which application threads were stopped: 0.0000568 seconds, Stopping threads took: 0.0000064 seconds
2020-04-30T06:24:09.815+0700: 25341.572: Total time for which application threads were stopped: 0.0000433 seconds, Stopping threads took: 0.0000040 seconds
2020-04-30T06:24:16.907+0700: 25348.664: Total time for which application threads were stopped: 0.0001468 seconds, Stopping threads took: 0.0000194 seconds
2020-04-30T06:24:21.362+0700: 25353.119: Total time for which application threads were stopped: 0.0001590 seconds, Stopping threads took: 0.0000328 seconds
2020-04-30T06:24:21.362+0700: 25353.119: Total time for which application threads were stopped: 0.0000914 seconds, Stopping threads took: 0.0000245 seconds
2020-04-30T06:24:21.371+0700: 25353.128: Total time for which application threads were stopped: 0.0001650 seconds, Stopping threads took: 0.0000533 seconds
2020-04-30T06:24:21.371+0700: 25353.128: Total time for which application threads were stopped: 0.0001299 seconds, Stopping threads took: 0.0000490 seconds
2020-04-30T06:24:22.375+0700: 25354.132: Total time for which application threads were stopped: 0.0000970 seconds, Stopping threads took: 0.0000192 seconds
2020-04-30T06:24:29.643+0700: 25361.400: Total time for which application threads were stopped: 0.0001647 seconds, Stopping threads took: 0.0000232 seconds
2020-04-30T06:24:29.643+0700: 25361.400: Total time for which application threads were stopped: 0.0000696 seconds, Stopping threads took: 0.0000077 seconds
2020-04-30T06:24:29.643+0700: 25361.400: Total time for which application threads were stopped: 0.0000642 seconds, Stopping threads took: 0.0000077 seconds
2020-04-30T06:24:29.644+0700: 25361.400: Total time for which application threads were stopped: 0.0000518 seconds, Stopping threads took: 0.0000047 seconds
2020-04-30T06:24:39.263+0700: 25371.019: Total time for which application threads were stopped: 0.0000993 seconds, Stopping threads took: 0.0000189 seconds
2020-04-30T06:24:39.279+0700: 25371.036: Total time for which application threads were stopped: 0.0000986 seconds, Stopping threads took: 0.0000295 seconds
2020-04-30T06:24:42.292+0700: 25374.049: Total time for which application threads were stopped: 0.0001124 seconds, Stopping threads took: 0.0000351 seconds
2020-04-30T06:24:45.351+0700: 25377.108: Total time for which application threads were stopped: 0.0001449 seconds, Stopping threads took: 0.0000224 seconds
2020-04-30T06:24:45.351+0700: 25377.108: Total time for which application threads were stopped: 0.0000573 seconds, Stopping threads took: 0.0000071 seconds
2020-04-30T06:24:45.351+0700: 25377.108: Total time for which application threads were stopped: 0.0000544 seconds, Stopping threads took: 0.0000066 seconds
2020-04-30T06:24:45.352+0700: 25377.108: Total time for which application threads were stopped: 0.0000432 seconds, Stopping threads took: 0.0000040 seconds
2020-04-30T06:24:56.714+0700: 25388.471: Total time for which application threads were stopped: 0.0001815 seconds, Stopping threads took: 0.0000314 seconds
2020-04-30T06:24:59.828+0700: 25391.584: Total time for which application threads were stopped: 0.0001402 seconds, Stopping threads took: 0.0000194 seconds
2020-04-30T06:24:59.828+0700: 25391.585: Total time for which application threads were stopped: 0.0000739 seconds, Stopping threads took: 0.0000079 seconds
2020-04-30T06:24:59.828+0700: 25391.585: Total time for which application threads were stopped: 0.0000568 seconds, Stopping threads took: 0.0000071 seconds
2020-04-30T06:24:59.828+0700: 25391.585: Total time for which application threads were stopped: 0.0000443 seconds, Stopping threads took: 0.0000041 seconds
2020-04-30T06:25:12.610+0700: 25404.366: Total time for which application threads were stopped: 0.0001132 seconds, Stopping threads took: 0.0000319 seconds
2020-04-30T06:25:16.343+0700: 25408.099: Total time for which application threads were stopped: 0.0001402 seconds, Stopping threads took: 0.0000182 seconds
2020-04-30T06:25:16.343+0700: 25408.099: Total time for which application threads were stopped: 0.0000747 seconds, Stopping threads took: 0.0000090 seconds
2020-04-30T06:25:16.343+0700: 25408.099: Total time for which application threads were stopped: 0.0000658 seconds, Stopping threads took: 0.0000088 seconds
2020-04-30T06:25:16.343+0700: 25408.099: Total time for which application threads were stopped: 0.0000487 seconds, Stopping threads took: 0.0000047 seconds
2020-04-30T06:25:29.500+0700: 25421.256: Total time for which application threads were stopped: 0.0001326 seconds, Stopping threads took: 0.0000324 seconds
2020-04-30T06:25:32.819+0700: 25424.575: Total time for which application threads were stopped: 0.0001571 seconds, Stopping threads took: 0.0000230 seconds
2020-04-30T06:25:32.819+0700: 25424.575: Total time for which application threads were stopped: 0.0000696 seconds, Stopping threads took: 0.0000082 seconds
2020-04-30T06:25:32.819+0700: 25424.575: Total time for which application threads were stopped: 0.0000644 seconds, Stopping threads took: 0.0000077 seconds
2020-04-30T06:25:32.819+0700: 25424.575: Total time for which application threads were stopped: 0.0000527 seconds, Stopping threads took: 0.0000051 seconds
2020-04-30T06:25:44.586+0700: 25436.341: Total time for which application threads were stopped: 0.0001551 seconds, Stopping threads took: 0.0000328 seconds
2020-04-30T06:25:44.586+0700: 25436.341: Total time for which application threads were stopped: 0.0000987 seconds, Stopping threads took: 0.0000252 seconds
2020-04-30T06:25:44.593+0700: 25436.348: Total time for which application threads were stopped: 0.0001110 seconds, Stopping threads took: 0.0000311 seconds
2020-04-30T06:25:48.154+0700: 25439.909: Total time for which application threads were stopped: 0.0001463 seconds, Stopping threads took: 0.0000209 seconds
2020-04-30T06:25:48.154+0700: 25439.909: Total time for which application threads were stopped: 0.0000758 seconds, Stopping threads took: 0.0000086 seconds
2020-04-30T06:25:48.154+0700: 25439.909: Total time for which application threads were stopped: 0.0000696 seconds, Stopping threads took: 0.0000094 seconds
2020-04-30T06:25:48.154+0700: 25439.909: Total time for which application threads were stopped: 0.0000467 seconds, Stopping threads took: 0.0000044 seconds
2020-04-30T06:26:01.280+0700: 25453.035: Total time for which application threads were stopped: 0.0001092 seconds, Stopping threads took: 0.0000318 seconds
2020-04-30T06:26:03.346+0700: 25455.101: Total time for which application threads were stopped: 0.0001466 seconds, Stopping threads took: 0.0000199 seconds
2020-04-30T06:26:03.346+0700: 25455.101: Total time for which application threads were stopped: 0.0000753 seconds, Stopping threads took: 0.0000075 seconds
2020-04-30T06:26:03.346+0700: 25455.101: Total time for which application threads were stopped: 0.0000576 seconds, Stopping threads took: 0.0000063 seconds
2020-04-30T06:26:03.346+0700: 25455.101: Total time for which application threads were stopped: 0.0000433 seconds, Stopping threads took: 0.0000040 seconds
2020-04-30T06:26:16.484+0700: 25468.239: Total time for which application threads were stopped: 0.0001111 seconds, Stopping threads took: 0.0000331 seconds
2020-04-30T06:26:22.004+0700: 25473.758: Total time for which application threads were stopped: 0.0001498 seconds, Stopping threads took: 0.0000200 seconds
2020-04-30T06:26:22.004+0700: 25473.758: Total time for which application threads were stopped: 0.0000780 seconds, Stopping threads took: 0.0000087 seconds
2020-04-30T06:26:22.004+0700: 25473.759: Total time for which application threads were stopped: 0.0001878 seconds, Stopping threads took: 0.0000069 seconds
2020-04-30T06:26:22.004+0700: 25473.759: Total time for which application threads were stopped: 0.0001393 seconds, Stopping threads took: 0.0000046 seconds
2020-04-30T06:26:31.702+0700: 25483.456: Total time for which application threads were stopped: 0.0001514 seconds, Stopping threads took: 0.0000168 seconds
2020-04-30T06:26:31.702+0700: 25483.457: Total time for which application threads were stopped: 0.0000556 seconds, Stopping threads took: 0.0000039 seconds
2020-04-30T06:26:31.702+0700: 25483.457: Total time for which application threads were stopped: 0.0000803 seconds, Stopping threads took: 0.0000256 seconds
2020-04-30T06:26:34.540+0700: 25486.294: Total time for which application threads were stopped: 0.0001851 seconds, Stopping threads took: 0.0000211 seconds
2020-04-30T06:26:34.540+0700: 25486.295: Total time for which application threads were stopped: 0.0000878 seconds, Stopping threads took: 0.0000088 seconds
2020-04-30T06:26:34.540+0700: 25486.295: Total time for which application threads were stopped: 0.0000594 seconds, Stopping threads took: 0.0000070 seconds
2020-04-30T06:26:34.540+0700: 25486.295: Total time for which application threads were stopped: 0.0000443 seconds, Stopping threads took: 0.0000042 seconds
2020-04-30T06:26:48.179+0700: 25499.933: Total time for which application threads were stopped: 0.0001053 seconds, Stopping threads took: 0.0000165 seconds
2020-04-30T06:26:48.179+0700: 25499.933: Total time for which application threads were stopped: 0.0000487 seconds, Stopping threads took: 0.0000068 seconds
2020-04-30T06:26:48.186+0700: 25499.940: Total time for which application threads were stopped: 0.0001007 seconds, Stopping threads took: 0.0000241 seconds
2020-04-30T06:26:48.186+0700: 25499.941: Total time for which application threads were stopped: 0.0000661 seconds, Stopping threads took: 0.0000066 seconds
2020-04-30T06:26:48.187+0700: 25499.941: Total time for which application threads were stopped: 0.0001134 seconds, Stopping threads took: 0.0000339 seconds
2020-04-30T06:26:48.188+0700: 25499.942: Total time for which application threads were stopped: 0.0000731 seconds, Stopping threads took: 0.0000094 seconds
2020-04-30T06:26:59.325+0700: 25511.079: Total time for which application threads were stopped: 0.0001483 seconds, Stopping threads took: 0.0000223 seconds
2020-04-30T06:26:59.325+0700: 25511.079: Total time for which application threads were stopped: 0.0000739 seconds, Stopping threads took: 0.0000079 seconds
2020-04-30T06:26:59.325+0700: 25511.079: Total time for which application threads were stopped: 0.0000523 seconds, Stopping threads took: 0.0000064 seconds
2020-04-30T06:26:59.325+0700: 25511.079: Total time for which application threads were stopped: 0.0000393 seconds, Stopping threads took: 0.0000038 seconds
2020-04-30T06:27:11.554+0700: 25523.308: Total time for which application threads were stopped: 0.0001599 seconds, Stopping threads took: 0.0000348 seconds
2020-04-30T06:27:11.554+0700: 25523.308: Total time for which application threads were stopped: 0.0001012 seconds, Stopping threads took: 0.0000252 seconds
2020-04-30T06:27:11.556+0700: 25523.309: Total time for which application threads were stopped: 0.0000866 seconds, Stopping threads took: 0.0000290 seconds
2020-04-30T06:27:11.561+0700: 25523.315: Total time for which application threads were stopped: 0.0000872 seconds, Stopping threads took: 0.0000279 seconds
2020-04-30T06:27:11.573+0700: 25523.326: Total time for which application threads were stopped: 0.0001035 seconds, Stopping threads took: 0.0000301 seconds
2020-04-30T06:27:14.038+0700: 25525.792: Total time for which application threads were stopped: 0.0001443 seconds, Stopping threads took: 0.0000210 seconds
2020-04-30T06:27:14.038+0700: 25525.792: Total time for which application threads were stopped: 0.0000785 seconds, Stopping threads took: 0.0000082 seconds
2020-04-30T06:27:14.039+0700: 25525.792: Total time for which application threads were stopped: 0.0000556 seconds, Stopping threads took: 0.0000063 seconds
2020-04-30T06:27:14.039+0700: 25525.792: Total time for which application threads were stopped: 0.0000432 seconds, Stopping threads took: 0.0000043 seconds
2020-04-30T06:27:27.833+0700: 25539.586: Total time for which application threads were stopped: 0.0002031 seconds, Stopping threads took: 0.0000321 seconds
2020-04-30T06:27:32.266+0700: 25544.019: Total time for which application threads were stopped: 0.0001438 seconds, Stopping threads took: 0.0000205 seconds
2020-04-30T06:27:32.266+0700: 25544.019: Total time for which application threads were stopped: 0.0000743 seconds, Stopping threads took: 0.0000090 seconds
2020-04-30T06:27:32.266+0700: 25544.019: Total time for which application threads were stopped: 0.0000690 seconds, Stopping threads took: 0.0000089 seconds
2020-04-30T06:27:32.266+0700: 25544.020: Total time for which application threads were stopped: 0.0000506 seconds, Stopping threads took: 0.0000048 seconds
2020-04-30T06:27:45.981+0700: 25557.734: Total time for which application threads were stopped: 0.0001612 seconds, Stopping threads took: 0.0000322 seconds
2020-04-30T06:27:45.981+0700: 25557.734: Total time for which application threads were stopped: 0.0000993 seconds, Stopping threads took: 0.0000060 seconds
2020-04-30T06:27:45.987+0700: 25557.740: Total time for which application threads were stopped: 0.0000956 seconds, Stopping threads took: 0.0000291 seconds
2020-04-30T06:27:50.555+0700: 25562.308: Total time for which application threads were stopped: 0.0001525 seconds, Stopping threads took: 0.0000215 seconds
2020-04-30T06:27:50.555+0700: 25562.308: Total time for which application threads were stopped: 0.0000804 seconds, Stopping threads took: 0.0000073 seconds
2020-04-30T06:27:50.555+0700: 25562.308: Total time for which application threads were stopped: 0.0000562 seconds, Stopping threads took: 0.0000072 seconds
2020-04-30T06:27:50.555+0700: 25562.308: Total time for which application threads were stopped: 0.0000440 seconds, Stopping threads took: 0.0000040 seconds
2020-04-30T06:28:04.696+0700: 25576.448: Total time for which application threads were stopped: 0.0001291 seconds, Stopping threads took: 0.0000355 seconds
2020-04-30T06:28:10.684+0700: 25582.436: Total time for which application threads were stopped: 0.0001462 seconds, Stopping threads took: 0.0000206 seconds
2020-04-30T06:28:10.684+0700: 25582.436: Total time for which application threads were stopped: 0.0000750 seconds, Stopping threads took: 0.0000083 seconds
2020-04-30T06:28:10.684+0700: 25582.436: Total time for which application threads were stopped: 0.0000547 seconds, Stopping threads took: 0.0000066 seconds
2020-04-30T06:28:10.684+0700: 25582.436: Total time for which application threads were stopped: 0.0000684 seconds, Stopping threads took: 0.0000088 seconds
2020-04-30T06:28:24.367+0700: 25596.119: Total time for which application threads were stopped: 0.0001133 seconds, Stopping threads took: 0.0000328 seconds
2020-04-30T06:28:28.753+0700: 25600.505: Total time for which application threads were stopped: 0.0001412 seconds, Stopping threads took: 0.0000185 seconds
2020-04-30T06:28:28.753+0700: 25600.505: Total time for which application threads were stopped: 0.0000739 seconds, Stopping threads took: 0.0000077 seconds
2020-04-30T06:28:28.753+0700: 25600.505: Total time for which application threads were stopped: 0.0000592 seconds, Stopping threads took: 0.0000072 seconds
2020-04-30T06:28:28.753+0700: 25600.505: Total time for which application threads were stopped: 0.0000376 seconds, Stopping threads took: 0.0000035 seconds
2020-04-30T06:28:39.991+0700: 25611.742: Total time for which application threads were stopped: 0.0001089 seconds, Stopping threads took: 0.0000318 seconds
2020-04-30T06:28:41.406+0700: 25613.158: Total time for which application threads were stopped: 0.0001506 seconds, Stopping threads took: 0.0000201 seconds
2020-04-30T06:28:41.407+0700: 25613.158: Total time for which application threads were stopped: 0.0000774 seconds, Stopping threads took: 0.0000089 seconds
2020-04-30T06:28:41.407+0700: 25613.158: Total time for which application threads were stopped: 0.0000564 seconds, Stopping threads took: 0.0000071 seconds
2020-04-30T06:28:41.407+0700: 25613.158: Total time for which application threads were stopped: 0.0000597 seconds, Stopping threads took: 0.0000069 seconds
2020-04-30T06:28:55.107+0700: 25626.858: Total time for which application threads were stopped: 0.0001496 seconds, Stopping threads took: 0.0000331 seconds
2020-04-30T06:28:57.009+0700: 25628.760: Total time for which application threads were stopped: 0.0003064 seconds, Stopping threads took: 0.0000200 seconds
2020-04-30T06:28:57.009+0700: 25628.760: Total time for which application threads were stopped: 0.0000715 seconds, Stopping threads took: 0.0000087 seconds
2020-04-30T06:28:57.009+0700: 25628.760: Total time for which application threads were stopped: 0.0000576 seconds, Stopping threads took: 0.0000068 seconds
2020-04-30T06:28:57.009+0700: 25628.760: Total time for which application threads were stopped: 0.0000434 seconds, Stopping threads took: 0.0000041 seconds
2020-04-30T06:28:59.841+0700: 25631.592: Total time for which application threads were stopped: 0.0001541 seconds, Stopping threads took: 0.0000195 seconds
2020-04-30T06:29:10.954+0700: 25642.705: Total time for which application threads were stopped: 0.0001086 seconds, Stopping threads took: 0.0000321 seconds
2020-04-30T06:29:29.194+0700: 25660.945: Total time for which application threads were stopped: 0.0001300 seconds, Stopping threads took: 0.0000191 seconds
2020-04-30T06:29:29.194+0700: 25660.945: Total time for which application threads were stopped: 0.0000699 seconds, Stopping threads took: 0.0000080 seconds
2020-04-30T06:29:29.194+0700: 25660.945: Total time for which application threads were stopped: 0.0000505 seconds, Stopping threads took: 0.0000064 seconds
2020-04-30T06:29:29.194+0700: 25660.945: Total time for which application threads were stopped: 0.0000387 seconds, Stopping threads took: 0.0000038 seconds
2020-04-30T06:29:29.241+0700: 25660.992: Total time for which application threads were stopped: 0.0001433 seconds, Stopping threads took: 0.0000321 seconds
2020-04-30T06:29:29.241+0700: 25660.992: Total time for which application threads were stopped: 0.0001188 seconds, Stopping threads took: 0.0000250 seconds
{Heap before GC invocations=59 (full 0):
 garbage-first heap   total 524288K, used 377241K [0x00000007a0000000, 0x00000007a0101000, 0x00000007c0000000)
  region size 1024K, 307 young (314368K), 4 survivors (4096K)
 Metaspace       used 54135K, capacity 56406K, committed 56648K, reserved 1099776K
  class space    used 6223K, capacity 6670K, committed 6732K, reserved 1048576K
2020-04-30T06:29:29.242+0700: 25660.993: [GC pause (G1 Evacuation Pause) (young)
Desired survivor size 20447232 bytes, new threshold 15 (max 15)
- age   1:    1847872 bytes,    1847872 total
- age   2:     185408 bytes,    2033280 total
- age   3:      59392 bytes,    2092672 total
- age   4:      67720 bytes,    2160392 total
- age   5:      66712 bytes,    2227104 total
- age   6:     111456 bytes,    2338560 total
- age   7:      32888 bytes,    2371448 total
- age   8:      33320 bytes,    2404768 total
- age   9:       9352 bytes,    2414120 total
- age  10:       4360 bytes,    2418480 total
- age  11:       6984 bytes,    2425464 total
- age  12:       8984 bytes,    2434448 total
- age  13:       4160 bytes,    2438608 total
- age  14:      51496 bytes,    2490104 total
- age  15:       1208 bytes,    2491312 total
, 0.0043437 secs]
   [Parallel Time: 1.9 ms, GC Workers: 8]
      [GC Worker Start (ms): Min: 25660992.7, Avg: 25660992.8, Max: 25660992.8, Diff: 0.1]
      [Ext Root Scanning (ms): Min: 0.2, Avg: 0.4, Max: 1.0, Diff: 0.8, Sum: 3.2]
      [Update RS (ms): Min: 0.0, Avg: 0.3, Max: 1.4, Diff: 1.4, Sum: 2.4]
         [Processed Buffers: Min: 0, Avg: 3.0, Max: 8, Diff: 8, Sum: 24]
      [Scan RS (ms): Min: 0.0, Avg: 0.0, Max: 0.0, Diff: 0.0, Sum: 0.2]
      [Code Root Scanning (ms): Min: 0.0, Avg: 0.0, Max: 0.0, Diff: 0.0, Sum: 0.1]
      [Object Copy (ms): Min: 0.0, Avg: 0.5, Max: 0.7, Diff: 0.6, Sum: 4.0]
      [Termination (ms): Min: 0.0, Avg: 0.5, Max: 0.6, Diff: 0.6, Sum: 3.8]
         [Termination Attempts: Min: 1, Avg: 3.0, Max: 7, Diff: 6, Sum: 24]
      [GC Worker Other (ms): Min: 0.0, Avg: 0.0, Max: 0.0, Diff: 0.0, Sum: 0.1]
      [GC Worker Total (ms): Min: 1.7, Avg: 1.7, Max: 1.8, Diff: 0.1, Sum: 13.7]
      [GC Worker End (ms): Min: 25660994.5, Avg: 25660994.5, Max: 25660994.5, Diff: 0.0]
   [Code Root Fixup: 0.0 ms]
   [Code Root Purge: 0.0 ms]
   [Clear CT: 0.1 ms]
   [Other: 2.3 ms]
      [Choose CSet: 0.0 ms]
      [Ref Proc: 2.0 ms]
      [Ref Enq: 0.1 ms]
      [Redirty Cards: 0.1 ms]
      [Humongous Register: 0.0 ms]
      [Humongous Reclaim: 0.0 ms]
      [Free CSet: 0.1 ms]
   [Eden: 303.0M(303.0M)->0.0B(304.0M) Survivors: 4096.0K->3072.0K Heap: 368.4M(512.0M)->64.6M(512.0M)]
Heap after GC invocations=60 (full 0):
 garbage-first heap   total 524288K, used 66105K [0x00000007a0000000, 0x00000007a0101000, 0x00000007c0000000)
  region size 1024K, 3 young (3072K), 3 survivors (3072K)
 Metaspace       used 54135K, capacity 56406K, committed 56648K, reserved 1099776K
  class space    used 6223K, capacity 6670K, committed 6732K, reserved 1048576K
}
 [Times: user=0.01 sys=0.00, real=0.00 secs] 
2020-04-30T06:29:29.246+0700: 25660.997: Total time for which application threads were stopped: 0.0045485 seconds, Stopping threads took: 0.0000059 seconds
2020-04-30T06:29:29.253+0700: 25661.003: Total time for which application threads were stopped: 0.0001510 seconds, Stopping threads took: 0.0000392 seconds
2020-04-30T06:29:29.253+0700: 25661.004: Total time for which application threads were stopped: 0.0001908 seconds, Stopping threads took: 0.0000088 seconds
2020-04-30T06:29:29.254+0700: 25661.005: Total time for which application threads were stopped: 0.0001019 seconds, Stopping threads took: 0.0000427 seconds
2020-04-30T06:29:29.254+0700: 25661.005: Total time for which application threads were stopped: 0.0000767 seconds, Stopping threads took: 0.0000074 seconds
2020-04-30T06:29:40.744+0700: 25672.494: Total time for which application threads were stopped: 0.0001403 seconds, Stopping threads took: 0.0000187 seconds
2020-04-30T06:29:40.744+0700: 25672.494: Total time for which application threads were stopped: 0.0000671 seconds, Stopping threads took: 0.0000078 seconds
2020-04-30T06:29:40.744+0700: 25672.494: Total time for which application threads were stopped: 0.0000484 seconds, Stopping threads took: 0.0000055 seconds
2020-04-30T06:29:40.744+0700: 25672.494: Total time for which application threads were stopped: 0.0000370 seconds, Stopping threads took: 0.0000033 seconds
2020-04-30T06:29:47.971+0700: 25679.721: Total time for which application threads were stopped: 0.0001012 seconds, Stopping threads took: 0.0000175 seconds
2020-04-30T06:29:47.977+0700: 25679.727: Total time for which application threads were stopped: 0.0000889 seconds, Stopping threads took: 0.0000132 seconds
2020-04-30T06:29:47.991+0700: 25679.741: Total time for which application threads were stopped: 0.0001023 seconds, Stopping threads took: 0.0000144 seconds
2020-04-30T06:29:50.878+0700: 25682.628: Total time for which application threads were stopped: 0.0001363 seconds, Stopping threads took: 0.0000189 seconds
2020-04-30T06:29:50.878+0700: 25682.628: Total time for which application threads were stopped: 0.0000762 seconds, Stopping threads took: 0.0000086 seconds
2020-04-30T06:29:50.878+0700: 25682.628: Total time for which application threads were stopped: 0.0000563 seconds, Stopping threads took: 0.0000071 seconds
2020-04-30T06:29:50.878+0700: 25682.628: Total time for which application threads were stopped: 0.0000433 seconds, Stopping threads took: 0.0000040 seconds
2020-04-30T06:30:04.320+0700: 25696.070: Total time for which application threads were stopped: 0.0001638 seconds, Stopping threads took: 0.0000534 seconds
2020-04-30T06:30:04.320+0700: 25696.070: Total time for which application threads were stopped: 0.0001015 seconds, Stopping threads took: 0.0000245 seconds
2020-04-30T06:30:04.326+0700: 25696.076: Total time for which application threads were stopped: 0.0002838 seconds, Stopping threads took: 0.0000284 seconds
2020-04-30T06:30:17.257+0700: 25709.007: Total time for which application threads were stopped: 0.0001482 seconds, Stopping threads took: 0.0000211 seconds
2020-04-30T06:30:17.257+0700: 25709.007: Total time for which application threads were stopped: 0.0002158 seconds, Stopping threads took: 0.0000081 seconds
2020-04-30T06:30:17.257+0700: 25709.007: Total time for which application threads were stopped: 0.0000572 seconds, Stopping threads took: 0.0000067 seconds
2020-04-30T06:30:17.257+0700: 25709.007: Total time for which application threads were stopped: 0.0000428 seconds, Stopping threads took: 0.0000038 seconds
2020-04-30T06:30:20.912+0700: 25712.662: Total time for which application threads were stopped: 0.0001402 seconds, Stopping threads took: 0.0000215 seconds
2020-04-30T06:30:28.182+0700: 25719.931: Total time for which application threads were stopped: 0.0001139 seconds, Stopping threads took: 0.0000182 seconds
2020-04-30T06:30:28.182+0700: 25719.931: Total time for which application threads were stopped: 0.0000527 seconds, Stopping threads took: 0.0000071 seconds
2020-04-30T06:30:34.894+0700: 25726.643: Total time for which application threads were stopped: 0.0001936 seconds, Stopping threads took: 0.0000221 seconds
2020-04-30T06:30:34.894+0700: 25726.643: Total time for which application threads were stopped: 0.0000737 seconds, Stopping threads took: 0.0000086 seconds
2020-04-30T06:30:34.894+0700: 25726.643: Total time for which application threads were stopped: 0.0000652 seconds, Stopping threads took: 0.0000079 seconds
2020-04-30T06:30:34.894+0700: 25726.643: Total time for which application threads were stopped: 0.0000515 seconds, Stopping threads took: 0.0000048 seconds
2020-04-30T06:30:52.550+0700: 25744.299: Total time for which application threads were stopped: 0.0001414 seconds, Stopping threads took: 0.0000210 seconds
2020-04-30T06:30:52.550+0700: 25744.299: Total time for which application threads were stopped: 0.0000593 seconds, Stopping threads took: 0.0000073 seconds
2020-04-30T06:30:52.551+0700: 25744.299: Total time for which application threads were stopped: 0.0001767 seconds, Stopping threads took: 0.0000064 seconds
2020-04-30T06:30:52.551+0700: 25744.300: Total time for which application threads were stopped: 0.0001212 seconds, Stopping threads took: 0.0000042 seconds
2020-04-30T06:31:01.539+0700: 25753.288: Total time for which application threads were stopped: 0.0001082 seconds, Stopping threads took: 0.0000315 seconds
2020-04-30T06:31:01.539+0700: 25753.288: Total time for which application threads were stopped: 0.0000914 seconds, Stopping threads took: 0.0000039 seconds
2020-04-30T06:31:15.095+0700: 25766.843: Total time for which application threads were stopped: 0.0001540 seconds, Stopping threads took: 0.0000210 seconds
2020-04-30T06:31:15.095+0700: 25766.843: Total time for which application threads were stopped: 0.0000891 seconds, Stopping threads took: 0.0000103 seconds
2020-04-30T06:31:15.095+0700: 25766.843: Total time for which application threads were stopped: 0.0000642 seconds, Stopping threads took: 0.0000079 seconds
2020-04-30T06:31:15.095+0700: 25766.843: Total time for which application threads were stopped: 0.0000519 seconds, Stopping threads took: 0.0000049 seconds
2020-04-30T06:31:22.138+0700: 25773.887: Total time for which application threads were stopped: 0.0001663 seconds, Stopping threads took: 0.0000212 seconds
2020-04-30T06:31:26.750+0700: 25778.498: Total time for which application threads were stopped: 0.0001582 seconds, Stopping threads took: 0.0000544 seconds
2020-04-30T06:31:26.750+0700: 25778.498: Total time for which application threads were stopped: 0.0000655 seconds, Stopping threads took: 0.0000063 seconds
2020-04-30T06:31:27.753+0700: 25779.501: Total time for which application threads were stopped: 0.0001675 seconds, Stopping threads took: 0.0000542 seconds
2020-04-30T06:31:43.772+0700: 25795.520: Total time for which application threads were stopped: 0.0001492 seconds, Stopping threads took: 0.0000208 seconds
2020-04-30T06:31:43.772+0700: 25795.520: Total time for which application threads were stopped: 0.0000772 seconds, Stopping threads took: 0.0000093 seconds
2020-04-30T06:31:43.772+0700: 25795.520: Total time for which application threads were stopped: 0.0000563 seconds, Stopping threads took: 0.0000072 seconds
